[cache] TSP/train: 10000 instances, 45.0 MiB on cuda:0
[cache] CVRP/train: 10000 instances, 83.3 MiB on cuda:0
[cache] ATSP/train: 10000 instances, 384.5 MiB on cuda:0
[cache] OVRP/train: 10000 instances, 33.9 MiB on cuda:0
[cache] VRPB/train: 10000 instances, 33.9 MiB on cuda:0
[cache] VRPL/train: 10000 instances, 33.9 MiB on cuda:0
[cache] VRPTW/train: 10000 instances, 33.9 MiB on cuda:0
[cache] OVRPTW/train: 10000 instances, 33.9 MiB on cuda:0
[cache] OVRPB/train: 10000 instances, 33.9 MiB on cuda:0
[cache] OVRPL/train: 10000 instances, 33.9 MiB on cuda:0
[cache] VRPBL/train: 10000 instances, 33.9 MiB on cuda:0
[cache] VRPBTW/train: 10000 instances, 33.9 MiB on cuda:0
[cache] VRPLTW/train: 10000 instances, 33.9 MiB on cuda:0
[cache] OVRPBL/train: 10000 instances, 33.9 MiB on cuda:0
[cache] OVRPBTW/train: 10000 instances, 33.9 MiB on cuda:0
[cache] OVRPLTW/train: 10000 instances, 33.9 MiB on cuda:0
[cache] VRPBLTW/train: 10000 instances, 33.9 MiB on cuda:0
[cache] OVRPBLTW/train: 10000 instances, 33.9 MiB on cuda:0
[cache] TSP/val: 1000 instances, 4.5 MiB on cuda:0
[cache] CVRP/val: 1000 instances, 8.3 MiB on cuda:0
[cache] ATSP/val: 1000 instances, 38.4 MiB on cuda:0
[cache] OVRP/val: 1000 instances, 3.4 MiB on cuda:0
[cache] VRPB/val: 1000 instances, 3.4 MiB on cuda:0
[cache] VRPL/val: 1000 instances, 3.4 MiB on cuda:0
[cache] VRPTW/val: 1000 instances, 3.4 MiB on cuda:0
[cache] OVRPTW/val: 1000 instances, 3.4 MiB on cuda:0
[cache] OVRPB/val: 1000 instances, 3.4 MiB on cuda:0
[cache] OVRPL/val: 1000 instances, 3.4 MiB on cuda:0
[cache] VRPBL/val: 1000 instances, 3.4 MiB on cuda:0
[cache] VRPBTW/val: 1000 instances, 3.4 MiB on cuda:0
[cache] VRPLTW/val: 1000 instances, 3.4 MiB on cuda:0
[cache] OVRPBL/val: 1000 instances, 3.4 MiB on cuda:0
[cache] OVRPBTW/val: 1000 instances, 3.4 MiB on cuda:0
[cache] OVRPLTW/val: 1000 instances, 3.4 MiB on cuda:0
[cache] VRPBLTW/val: 1000 instances, 3.4 MiB on cuda:0
[cache] OVRPBLTW/val: 1000 instances, 3.4 MiB on cuda:0
wandb: Tracking run with wandb version 0.19.11
wandb: W&B syncing is set to `offline` in this directory. Run `wandb online` or set WANDB_MODE=online to enable cloud syncing.
[best] update=0 vs_sbs=-1.066516% top1=0.48828
[eval initial] macro_top1=0.4883 top2=0.8224 top3=0.9278 vs_sbs=-1.067% vbs_closed=+31.73%
       TSP: top1=0.374 mean_cost=7.9170 (sbs=7.9578) vs_sbs=-0.51%
      CVRP: top1=0.483 mean_cost=18.2024 (sbs=18.2943) vs_sbs=-0.50%
      ATSP: top1=0.785 mean_cost=1.6348 (sbs=1.6735) vs_sbs=-2.31%
      OVRP: top1=0.364 mean_cost=7.4532 (sbs=7.4617) vs_sbs=-0.11%
      VRPB: top1=0.551 mean_cost=9.3356 (sbs=9.3403) vs_sbs=-0.05%
      VRPL: top1=0.318 mean_cost=12.4019 (sbs=12.4072) vs_sbs=-0.04%
     VRPTW: top1=0.462 mean_cost=17.8896 (sbs=18.6571) vs_sbs=-4.11%
    OVRPTW: top1=0.521 mean_cost=10.0390 (sbs=10.0484) vs_sbs=-0.09%
     OVRPB: top1=0.577 mean_cost=6.3184 (sbs=6.3220) vs_sbs=-0.06%
     OVRPL: top1=0.406 mean_cost=7.4302 (sbs=7.4376) vs_sbs=-0.10%
     VRPBL: top1=0.542 mean_cost=9.3556 (sbs=9.3593) vs_sbs=-0.04%
    VRPBTW: top1=0.430 mean_cost=19.0374 (sbs=19.6697) vs_sbs=-3.21%
    VRPLTW: top1=0.456 mean_cost=17.6222 (sbs=18.5091) vs_sbs=-4.79%
    OVRPBL: top1=0.584 mean_cost=6.3026 (sbs=6.3103) vs_sbs=-0.12%
   OVRPBTW: top1=0.497 mean_cost=10.4972 (sbs=10.5068) vs_sbs=-0.09%
   OVRPLTW: top1=0.509 mean_cost=10.1231 (sbs=10.1272) vs_sbs=-0.04%
   VRPBLTW: top1=0.422 mean_cost=18.9521 (sbs=19.5198) vs_sbs=-2.91%
  OVRPBLTW: top1=0.508 mean_cost=10.5316 (sbs=10.5412) vs_sbs=-0.09%
[train epoch 1] update=180/14220 loss=0.57546 KL=0.00824 base_lr=2.53e-06 samples/s=1805
[train epoch 1] update=360/14220 loss=0.57451 KL=0.00835 base_lr=5.06e-06 samples/s=1795
[train epoch 1] update=540/14220 loss=0.57395 KL=0.00839 base_lr=7.59e-06 samples/s=1793
[train epoch 1] update=720/14220 loss=0.57383 KL=0.00840 base_lr=1e-05 samples/s=1817
[train epoch 1] update=900/14220 loss=0.57346 KL=0.00843 base_lr=1e-05 samples/s=1816
[train epoch 1] update=1080/14220 loss=0.57365 KL=0.00844 base_lr=9.98e-06 samples/s=1833
[train epoch 1] update=1260/14220 loss=0.57424 KL=0.00845 base_lr=9.96e-06 samples/s=1847
[train epoch 1] update=1422/14220 loss=0.57416 KL=0.00847 base_lr=9.94e-06 samples/s=1841
[eval epoch 1] macro_top1=0.4848 top2=0.8219 top3=0.9259 vs_sbs=-1.046% vbs_closed=+30.74%
       TSP: top1=0.370 mean_cost=7.9167 (sbs=7.9578) vs_sbs=-0.52%
      CVRP: top1=0.478 mean_cost=18.2064 (sbs=18.2943) vs_sbs=-0.48%
      ATSP: top1=0.779 mean_cost=1.6348 (sbs=1.6735) vs_sbs=-2.31%
      OVRP: top1=0.361 mean_cost=7.4542 (sbs=7.4617) vs_sbs=-0.10%
      VRPB: top1=0.549 mean_cost=9.3347 (sbs=9.3403) vs_sbs=-0.06%
      VRPL: top1=0.324 mean_cost=12.4018 (sbs=12.4072) vs_sbs=-0.04%
     VRPTW: top1=0.462 mean_cost=17.8955 (sbs=18.6571) vs_sbs=-4.08%
    OVRPTW: top1=0.515 mean_cost=10.0404 (sbs=10.0484) vs_sbs=-0.08%
     OVRPB: top1=0.579 mean_cost=6.3173 (sbs=6.3220) vs_sbs=-0.07%
     OVRPL: top1=0.405 mean_cost=7.4314 (sbs=7.4376) vs_sbs=-0.08%
     VRPBL: top1=0.529 mean_cost=9.3573 (sbs=9.3593) vs_sbs=-0.02%
    VRPBTW: top1=0.417 mean_cost=19.0519 (sbs=19.6697) vs_sbs=-3.14%
    VRPLTW: top1=0.451 mean_cost=17.6397 (sbs=18.5091) vs_sbs=-4.70%
    OVRPBL: top1=0.567 mean_cost=6.3056 (sbs=6.3103) vs_sbs=-0.07%
   OVRPBTW: top1=0.494 mean_cost=10.4993 (sbs=10.5068) vs_sbs=-0.07%
   OVRPLTW: top1=0.518 mean_cost=10.1240 (sbs=10.1272) vs_sbs=-0.03%
   VRPBLTW: top1=0.423 mean_cost=18.9600 (sbs=19.5198) vs_sbs=-2.87%
  OVRPBLTW: top1=0.506 mean_cost=10.5310 (sbs=10.5412) vs_sbs=-0.10%
[train epoch 2] update=1602/14220 loss=0.57626 KL=0.00867 base_lr=9.9e-06 samples/s=1952
[train epoch 2] update=1782/14220 loss=0.57601 KL=0.00859 base_lr=9.86e-06 samples/s=1889
[train epoch 2] update=1962/14220 loss=0.57601 KL=0.00862 base_lr=9.81e-06 samples/s=1896
[train epoch 2] update=2142/14220 loss=0.57589 KL=0.00861 base_lr=9.75e-06 samples/s=1902
[train epoch 2] update=2322/14220 loss=0.57561 KL=0.00862 base_lr=9.69e-06 samples/s=1915
[train epoch 2] update=2502/14220 loss=0.57590 KL=0.00857 base_lr=9.62e-06 samples/s=1919
[train epoch 2] update=2682/14220 loss=0.57585 KL=0.00856 base_lr=9.54e-06 samples/s=1917
[train epoch 2] update=2844/14220 loss=0.57552 KL=0.00856 base_lr=9.46e-06 samples/s=1901
[eval epoch 2] macro_top1=0.4869 top2=0.8225 top3=0.9281 vs_sbs=-1.058% vbs_closed=+31.11%
       TSP: top1=0.377 mean_cost=7.9159 (sbs=7.9578) vs_sbs=-0.53%
      CVRP: top1=0.479 mean_cost=18.2056 (sbs=18.2943) vs_sbs=-0.49%
      ATSP: top1=0.778 mean_cost=1.6353 (sbs=1.6735) vs_sbs=-2.28%
      OVRP: top1=0.347 mean_cost=7.4546 (sbs=7.4617) vs_sbs=-0.09%
      VRPB: top1=0.552 mean_cost=9.3359 (sbs=9.3403) vs_sbs=-0.05%
      VRPL: top1=0.319 mean_cost=12.4005 (sbs=12.4072) vs_sbs=-0.05%
     VRPTW: top1=0.464 mean_cost=17.8908 (sbs=18.6571) vs_sbs=-4.11%
    OVRPTW: top1=0.516 mean_cost=10.0415 (sbs=10.0484) vs_sbs=-0.07%
     OVRPB: top1=0.578 mean_cost=6.3174 (sbs=6.3220) vs_sbs=-0.07%
     OVRPL: top1=0.418 mean_cost=7.4302 (sbs=7.4376) vs_sbs=-0.10%
     VRPBL: top1=0.537 mean_cost=9.3579 (sbs=9.3593) vs_sbs=-0.01%
    VRPBTW: top1=0.436 mean_cost=19.0351 (sbs=19.6697) vs_sbs=-3.23%
    VRPLTW: top1=0.453 mean_cost=17.6270 (sbs=18.5091) vs_sbs=-4.77%
    OVRPBL: top1=0.581 mean_cost=6.3039 (sbs=6.3103) vs_sbs=-0.10%
   OVRPBTW: top1=0.489 mean_cost=10.5003 (sbs=10.5068) vs_sbs=-0.06%
   OVRPLTW: top1=0.515 mean_cost=10.1234 (sbs=10.1272) vs_sbs=-0.04%
   VRPBLTW: top1=0.418 mean_cost=18.9540 (sbs=19.5198) vs_sbs=-2.90%
  OVRPBLTW: top1=0.507 mean_cost=10.5307 (sbs=10.5412) vs_sbs=-0.10%
[train epoch 3] update=3024/14220 loss=0.57708 KL=0.00850 base_lr=9.36e-06 samples/s=1917
[train epoch 3] update=3204/14220 loss=0.57636 KL=0.00845 base_lr=9.26e-06 samples/s=1928
[train epoch 3] update=3384/14220 loss=0.57609 KL=0.00861 base_lr=9.16e-06 samples/s=1889
[train epoch 3] update=3564/14220 loss=0.57679 KL=0.00857 base_lr=9.05e-06 samples/s=1865
[AMP retry] same batch; lower scale=65536.0
[train epoch 3] update=3744/14220 loss=0.57619 KL=0.00852 base_lr=8.93e-06 samples/s=1875
[train epoch 3] update=3924/14220 loss=0.57596 KL=0.00850 base_lr=8.8e-06 samples/s=1885
[train epoch 3] update=4104/14220 loss=0.57624 KL=0.00850 base_lr=8.67e-06 samples/s=1891
[AMP retry] same batch; lower scale=32768.0
[train epoch 3] update=4266/14220 loss=0.57614 KL=0.00850 base_lr=8.55e-06 samples/s=1879
[eval epoch 3] macro_top1=0.4889 top2=0.8224 top3=0.9272 vs_sbs=-1.063% vbs_closed=+31.78%
       TSP: top1=0.373 mean_cost=7.9171 (sbs=7.9578) vs_sbs=-0.51%
      CVRP: top1=0.482 mean_cost=18.2026 (sbs=18.2943) vs_sbs=-0.50%
      ATSP: top1=0.791 mean_cost=1.6346 (sbs=1.6735) vs_sbs=-2.33%
      OVRP: top1=0.378 mean_cost=7.4518 (sbs=7.4617) vs_sbs=-0.13%
      VRPB: top1=0.555 mean_cost=9.3351 (sbs=9.3403) vs_sbs=-0.06%
      VRPL: top1=0.325 mean_cost=12.4003 (sbs=12.4072) vs_sbs=-0.06%
     VRPTW: top1=0.461 mean_cost=17.8948 (sbs=18.6571) vs_sbs=-4.09%
    OVRPTW: top1=0.516 mean_cost=10.0404 (sbs=10.0484) vs_sbs=-0.08%
     OVRPB: top1=0.578 mean_cost=6.3182 (sbs=6.3220) vs_sbs=-0.06%
     OVRPL: top1=0.410 mean_cost=7.4302 (sbs=7.4376) vs_sbs=-0.10%
     VRPBL: top1=0.538 mean_cost=9.3574 (sbs=9.3593) vs_sbs=-0.02%
    VRPBTW: top1=0.427 mean_cost=19.0359 (sbs=19.6697) vs_sbs=-3.22%
    VRPLTW: top1=0.455 mean_cost=17.6262 (sbs=18.5091) vs_sbs=-4.77%
    OVRPBL: top1=0.584 mean_cost=6.3029 (sbs=6.3103) vs_sbs=-0.12%
   OVRPBTW: top1=0.491 mean_cost=10.4966 (sbs=10.5068) vs_sbs=-0.10%
   OVRPLTW: top1=0.516 mean_cost=10.1226 (sbs=10.1272) vs_sbs=-0.05%
   VRPBLTW: top1=0.419 mean_cost=18.9576 (sbs=19.5198) vs_sbs=-2.88%
  OVRPBLTW: top1=0.501 mean_cost=10.5324 (sbs=10.5412) vs_sbs=-0.08%
[train epoch 4] update=4446/14220 loss=0.57736 KL=0.00824 base_lr=8.41e-06 samples/s=1946
[train epoch 4] update=4626/14220 loss=0.57677 KL=0.00826 base_lr=8.26e-06 samples/s=1948
[train epoch 4] update=4806/14220 loss=0.57672 KL=0.00826 base_lr=8.11e-06 samples/s=1945
[train epoch 4] update=4986/14220 loss=0.57727 KL=0.00827 base_lr=7.95e-06 samples/s=1947
[train epoch 4] update=5166/14220 loss=0.57685 KL=0.00828 base_lr=7.79e-06 samples/s=1949
[train epoch 4] update=5346/14220 loss=0.57721 KL=0.00828 base_lr=7.63e-06 samples/s=1944
[train epoch 4] update=5526/14220 loss=0.57615 KL=0.00829 base_lr=7.46e-06 samples/s=1937
[train epoch 4] update=5688/14220 loss=0.57612 KL=0.00829 base_lr=7.31e-06 samples/s=1919
[eval epoch 4] macro_top1=0.4881 top2=0.8228 top3=0.9271 vs_sbs=-1.058% vbs_closed=+31.07%
       TSP: top1=0.378 mean_cost=7.9157 (sbs=7.9578) vs_sbs=-0.53%
      CVRP: top1=0.476 mean_cost=18.2056 (sbs=18.2943) vs_sbs=-0.49%
      ATSP: top1=0.788 mean_cost=1.6347 (sbs=1.6735) vs_sbs=-2.32%
      OVRP: top1=0.366 mean_cost=7.4529 (sbs=7.4617) vs_sbs=-0.12%
      VRPB: top1=0.556 mean_cost=9.3341 (sbs=9.3403) vs_sbs=-0.07%
      VRPL: top1=0.322 mean_cost=12.4018 (sbs=12.4072) vs_sbs=-0.04%
     VRPTW: top1=0.469 mean_cost=17.8967 (sbs=18.6571) vs_sbs=-4.08%
    OVRPTW: top1=0.512 mean_cost=10.0435 (sbs=10.0484) vs_sbs=-0.05%
     OVRPB: top1=0.576 mean_cost=6.3184 (sbs=6.3220) vs_sbs=-0.06%
     OVRPL: top1=0.407 mean_cost=7.4302 (sbs=7.4376) vs_sbs=-0.10%
     VRPBL: top1=0.524 mean_cost=9.3583 (sbs=9.3593) vs_sbs=-0.01%
    VRPBTW: top1=0.425 mean_cost=19.0372 (sbs=19.6697) vs_sbs=-3.22%
    VRPLTW: top1=0.463 mean_cost=17.6181 (sbs=18.5091) vs_sbs=-4.81%
    OVRPBL: top1=0.574 mean_cost=6.3049 (sbs=6.3103) vs_sbs=-0.09%
   OVRPBTW: top1=0.509 mean_cost=10.4963 (sbs=10.5068) vs_sbs=-0.10%
   OVRPLTW: top1=0.507 mean_cost=10.1245 (sbs=10.1272) vs_sbs=-0.03%
   VRPBLTW: top1=0.423 mean_cost=18.9585 (sbs=19.5198) vs_sbs=-2.88%
  OVRPBLTW: top1=0.510 mean_cost=10.5324 (sbs=10.5412) vs_sbs=-0.08%
[train epoch 5] update=5868/14220 loss=0.57238 KL=0.00817 base_lr=7.13e-06 samples/s=1850
[train epoch 5] update=6048/14220 loss=0.57394 KL=0.00827 base_lr=6.96e-06 samples/s=1863
[train epoch 5] update=6228/14220 loss=0.57495 KL=0.00826 base_lr=6.78e-06 samples/s=1846
[train epoch 5] update=6408/14220 loss=0.57591 KL=0.00829 base_lr=6.6e-06 samples/s=1887
[train epoch 5] update=6588/14220 loss=0.57589 KL=0.00833 base_lr=6.41e-06 samples/s=1908
[train epoch 5] update=6768/14220 loss=0.57588 KL=0.00836 base_lr=6.23e-06 samples/s=1894
[train epoch 5] update=6948/14220 loss=0.57574 KL=0.00834 base_lr=6.04e-06 samples/s=1880
[train epoch 5] update=7110/14220 loss=0.57563 KL=0.00833 base_lr=5.87e-06 samples/s=1849
[eval epoch 5] macro_top1=0.4871 top2=0.8238 top3=0.9268 vs_sbs=-1.062% vbs_closed=+31.26%
       TSP: top1=0.375 mean_cost=7.9173 (sbs=7.9578) vs_sbs=-0.51%
      CVRP: top1=0.484 mean_cost=18.2011 (sbs=18.2943) vs_sbs=-0.51%
      ATSP: top1=0.784 mean_cost=1.6349 (sbs=1.6735) vs_sbs=-2.31%
      OVRP: top1=0.364 mean_cost=7.4537 (sbs=7.4617) vs_sbs=-0.11%
      VRPB: top1=0.547 mean_cost=9.3363 (sbs=9.3403) vs_sbs=-0.04%
      VRPL: top1=0.326 mean_cost=12.4002 (sbs=12.4072) vs_sbs=-0.06%
     VRPTW: top1=0.468 mean_cost=17.8909 (sbs=18.6571) vs_sbs=-4.11%
    OVRPTW: top1=0.518 mean_cost=10.0381 (sbs=10.0484) vs_sbs=-0.10%
     OVRPB: top1=0.568 mean_cost=6.3199 (sbs=6.3220) vs_sbs=-0.03%
     OVRPL: top1=0.404 mean_cost=7.4313 (sbs=7.4376) vs_sbs=-0.08%
     VRPBL: top1=0.542 mean_cost=9.3566 (sbs=9.3593) vs_sbs=-0.03%
    VRPBTW: top1=0.441 mean_cost=19.0295 (sbs=19.6697) vs_sbs=-3.26%
    VRPLTW: top1=0.458 mean_cost=17.6262 (sbs=18.5091) vs_sbs=-4.77%
    OVRPBL: top1=0.586 mean_cost=6.3024 (sbs=6.3103) vs_sbs=-0.12%
   OVRPBTW: top1=0.488 mean_cost=10.4973 (sbs=10.5068) vs_sbs=-0.09%
   OVRPLTW: top1=0.498 mean_cost=10.1269 (sbs=10.1272) vs_sbs=-0.00%
   VRPBLTW: top1=0.418 mean_cost=18.9517 (sbs=19.5198) vs_sbs=-2.91%
  OVRPBLTW: top1=0.499 mean_cost=10.5331 (sbs=10.5412) vs_sbs=-0.08%
[train epoch 6] update=7290/14220 loss=0.57121 KL=0.00845 base_lr=5.68e-06 samples/s=1796
[train epoch 6] update=7470/14220 loss=0.57515 KL=0.00843 base_lr=5.5e-06 samples/s=1793
[train epoch 6] update=7650/14220 loss=0.57523 KL=0.00833 base_lr=5.31e-06 samples/s=1830
[train epoch 6] update=7830/14220 loss=0.57504 KL=0.00832 base_lr=5.12e-06 samples/s=1857
[train epoch 6] update=8010/14220 loss=0.57457 KL=0.00837 base_lr=4.93e-06 samples/s=1852
[train epoch 6] update=8190/14220 loss=0.57435 KL=0.00837 base_lr=4.75e-06 samples/s=1848
[train epoch 6] update=8370/14220 loss=0.57486 KL=0.00838 base_lr=4.56e-06 samples/s=1843
[train epoch 6] update=8532/14220 loss=0.57515 KL=0.00836 base_lr=4.4e-06 samples/s=1817
[eval epoch 6] macro_top1=0.4884 top2=0.8221 top3=0.9268 vs_sbs=-1.064% vbs_closed=+31.50%
       TSP: top1=0.378 mean_cost=7.9156 (sbs=7.9578) vs_sbs=-0.53%
      CVRP: top1=0.480 mean_cost=18.2035 (sbs=18.2943) vs_sbs=-0.50%
      ATSP: top1=0.784 mean_cost=1.6346 (sbs=1.6735) vs_sbs=-2.33%
      OVRP: top1=0.362 mean_cost=7.4528 (sbs=7.4617) vs_sbs=-0.12%
      VRPB: top1=0.550 mean_cost=9.3357 (sbs=9.3403) vs_sbs=-0.05%
      VRPL: top1=0.330 mean_cost=12.4019 (sbs=12.4072) vs_sbs=-0.04%
     VRPTW: top1=0.463 mean_cost=17.8867 (sbs=18.6571) vs_sbs=-4.13%
    OVRPTW: top1=0.517 mean_cost=10.0401 (sbs=10.0484) vs_sbs=-0.08%
     OVRPB: top1=0.579 mean_cost=6.3182 (sbs=6.3220) vs_sbs=-0.06%
     OVRPL: top1=0.405 mean_cost=7.4315 (sbs=7.4376) vs_sbs=-0.08%
     VRPBL: top1=0.532 mean_cost=9.3583 (sbs=9.3593) vs_sbs=-0.01%
    VRPBTW: top1=0.431 mean_cost=19.0386 (sbs=19.6697) vs_sbs=-3.21%
    VRPLTW: top1=0.457 mean_cost=17.6269 (sbs=18.5091) vs_sbs=-4.77%
    OVRPBL: top1=0.585 mean_cost=6.3021 (sbs=6.3103) vs_sbs=-0.13%
   OVRPBTW: top1=0.497 mean_cost=10.4980 (sbs=10.5068) vs_sbs=-0.08%
   OVRPLTW: top1=0.519 mean_cost=10.1222 (sbs=10.1272) vs_sbs=-0.05%
   VRPBLTW: top1=0.419 mean_cost=18.9563 (sbs=19.5198) vs_sbs=-2.89%
  OVRPBLTW: top1=0.504 mean_cost=10.5315 (sbs=10.5412) vs_sbs=-0.09%
[train epoch 7] update=8712/14220 loss=0.57492 KL=0.00828 base_lr=4.21e-06 samples/s=1808
[train epoch 7] update=8892/14220 loss=0.57372 KL=0.00836 base_lr=4.03e-06 samples/s=1807
[train epoch 7] update=9072/14220 loss=0.57424 KL=0.00843 base_lr=3.86e-06 samples/s=1800
[train epoch 7] update=9252/14220 loss=0.57394 KL=0.00845 base_lr=3.68e-06 samples/s=1791
[train epoch 7] update=9432/14220 loss=0.57422 KL=0.00847 base_lr=3.51e-06 samples/s=1796
[train epoch 7] update=9612/14220 loss=0.57447 KL=0.00845 base_lr=3.35e-06 samples/s=1799
[train epoch 7] update=9792/14220 loss=0.57478 KL=0.00842 base_lr=3.18e-06 samples/s=1808
[AMP retry] same batch; lower scale=65536.0
[train epoch 7] update=9954/14220 loss=0.57481 KL=0.00841 base_lr=3.04e-06 samples/s=1818
[eval epoch 7] macro_top1=0.4867 top2=0.8233 top3=0.9284 vs_sbs=-1.061% vbs_closed=+31.39%
       TSP: top1=0.374 mean_cost=7.9173 (sbs=7.9578) vs_sbs=-0.51%
      CVRP: top1=0.476 mean_cost=18.2040 (sbs=18.2943) vs_sbs=-0.49%
      ATSP: top1=0.785 mean_cost=1.6348 (sbs=1.6735) vs_sbs=-2.31%
      OVRP: top1=0.368 mean_cost=7.4523 (sbs=7.4617) vs_sbs=-0.13%
      VRPB: top1=0.555 mean_cost=9.3348 (sbs=9.3403) vs_sbs=-0.06%
      VRPL: top1=0.330 mean_cost=12.4014 (sbs=12.4072) vs_sbs=-0.05%
     VRPTW: top1=0.460 mean_cost=17.8961 (sbs=18.6571) vs_sbs=-4.08%
    OVRPTW: top1=0.520 mean_cost=10.0386 (sbs=10.0484) vs_sbs=-0.10%
     OVRPB: top1=0.573 mean_cost=6.3190 (sbs=6.3220) vs_sbs=-0.05%
     OVRPL: top1=0.395 mean_cost=7.4315 (sbs=7.4376) vs_sbs=-0.08%
     VRPBL: top1=0.540 mean_cost=9.3563 (sbs=9.3593) vs_sbs=-0.03%
    VRPBTW: top1=0.437 mean_cost=19.0334 (sbs=19.6697) vs_sbs=-3.24%
    VRPLTW: top1=0.451 mean_cost=17.6244 (sbs=18.5091) vs_sbs=-4.78%
    OVRPBL: top1=0.588 mean_cost=6.3014 (sbs=6.3103) vs_sbs=-0.14%
   OVRPBTW: top1=0.493 mean_cost=10.4987 (sbs=10.5068) vs_sbs=-0.08%
   OVRPLTW: top1=0.502 mean_cost=10.1269 (sbs=10.1272) vs_sbs=-0.00%
   VRPBLTW: top1=0.416 mean_cost=18.9552 (sbs=19.5198) vs_sbs=-2.89%
  OVRPBLTW: top1=0.497 mean_cost=10.5319 (sbs=10.5412) vs_sbs=-0.09%
[train epoch 8] update=10134/14220 loss=0.57616 KL=0.00834 base_lr=2.88e-06 samples/s=2055
[train epoch 8] update=10314/14220 loss=0.57592 KL=0.00837 base_lr=2.73e-06 samples/s=2053
[train epoch 8] update=10494/14220 loss=0.57499 KL=0.00841 base_lr=2.59e-06 samples/s=2054
[train epoch 8] update=10674/14220 loss=0.57472 KL=0.00841 base_lr=2.45e-06 samples/s=2055
[train epoch 8] update=10854/14220 loss=0.57443 KL=0.00842 base_lr=2.31e-06 samples/s=2054
[train epoch 8] update=11034/14220 loss=0.57421 KL=0.00846 base_lr=2.18e-06 samples/s=2053
[train epoch 8] update=11214/14220 loss=0.57473 KL=0.00844 base_lr=2.06e-06 samples/s=2053
[train epoch 8] update=11376/14220 loss=0.57442 KL=0.00844 base_lr=1.95e-06 samples/s=2034
[eval epoch 8] macro_top1=0.4886 top2=0.8230 top3=0.9281 vs_sbs=-1.066% vbs_closed=+31.79%
       TSP: top1=0.374 mean_cost=7.9167 (sbs=7.9578) vs_sbs=-0.52%
      CVRP: top1=0.480 mean_cost=18.2002 (sbs=18.2943) vs_sbs=-0.51%
      ATSP: top1=0.787 mean_cost=1.6347 (sbs=1.6735) vs_sbs=-2.32%
      OVRP: top1=0.365 mean_cost=7.4531 (sbs=7.4617) vs_sbs=-0.11%
      VRPB: top1=0.554 mean_cost=9.3354 (sbs=9.3403) vs_sbs=-0.05%
      VRPL: top1=0.320 mean_cost=12.4011 (sbs=12.4072) vs_sbs=-0.05%
     VRPTW: top1=0.468 mean_cost=17.8831 (sbs=18.6571) vs_sbs=-4.15%
    OVRPTW: top1=0.519 mean_cost=10.0402 (sbs=10.0484) vs_sbs=-0.08%
     OVRPB: top1=0.578 mean_cost=6.3181 (sbs=6.3220) vs_sbs=-0.06%
     OVRPL: top1=0.407 mean_cost=7.4308 (sbs=7.4376) vs_sbs=-0.09%
     VRPBL: top1=0.538 mean_cost=9.3566 (sbs=9.3593) vs_sbs=-0.03%
    VRPBTW: top1=0.431 mean_cost=19.0363 (sbs=19.6697) vs_sbs=-3.22%
    VRPLTW: top1=0.450 mean_cost=17.6294 (sbs=18.5091) vs_sbs=-4.75%
    OVRPBL: top1=0.589 mean_cost=6.3018 (sbs=6.3103) vs_sbs=-0.13%
   OVRPBTW: top1=0.496 mean_cost=10.4992 (sbs=10.5068) vs_sbs=-0.07%
   OVRPLTW: top1=0.516 mean_cost=10.1220 (sbs=10.1272) vs_sbs=-0.05%
   VRPBLTW: top1=0.416 mean_cost=18.9588 (sbs=19.5198) vs_sbs=-2.87%
  OVRPBLTW: top1=0.506 mean_cost=10.5308 (sbs=10.5412) vs_sbs=-0.10%
[train epoch 9] update=11556/14220 loss=0.57559 KL=0.00850 base_lr=1.84e-06 samples/s=2011
[train epoch 9] update=11736/14220 loss=0.57458 KL=0.00853 base_lr=1.73e-06 samples/s=1931
[train epoch 9] update=11916/14220 loss=0.57499 KL=0.00850 base_lr=1.63e-06 samples/s=1879
[train epoch 9] update=12096/14220 loss=0.57467 KL=0.00850 base_lr=1.54e-06 samples/s=1910
[train epoch 9] update=12276/14220 loss=0.57415 KL=0.00854 base_lr=1.45e-06 samples/s=1932
[train epoch 9] update=12456/14220 loss=0.57394 KL=0.00855 base_lr=1.37e-06 samples/s=1950
[train epoch 9] update=12636/14220 loss=0.57417 KL=0.00856 base_lr=1.3e-06 samples/s=1962
[AMP retry] same batch; lower scale=65536.0
[train epoch 9] update=12798/14220 loss=0.57414 KL=0.00852 base_lr=1.24e-06 samples/s=1956
[eval epoch 9] macro_top1=0.4887 top2=0.8228 top3=0.9277 vs_sbs=-1.066% vbs_closed=+31.61%
       TSP: top1=0.376 mean_cost=7.9159 (sbs=7.9578) vs_sbs=-0.53%
      CVRP: top1=0.478 mean_cost=18.2028 (sbs=18.2943) vs_sbs=-0.50%
      ATSP: top1=0.787 mean_cost=1.6346 (sbs=1.6735) vs_sbs=-2.32%
      OVRP: top1=0.369 mean_cost=7.4528 (sbs=7.4617) vs_sbs=-0.12%
      VRPB: top1=0.554 mean_cost=9.3356 (sbs=9.3403) vs_sbs=-0.05%
      VRPL: top1=0.325 mean_cost=12.4013 (sbs=12.4072) vs_sbs=-0.05%
     VRPTW: top1=0.469 mean_cost=17.8897 (sbs=18.6571) vs_sbs=-4.11%
    OVRPTW: top1=0.517 mean_cost=10.0405 (sbs=10.0484) vs_sbs=-0.08%
     OVRPB: top1=0.573 mean_cost=6.3189 (sbs=6.3220) vs_sbs=-0.05%
     OVRPL: top1=0.413 mean_cost=7.4299 (sbs=7.4376) vs_sbs=-0.10%
     VRPBL: top1=0.533 mean_cost=9.3579 (sbs=9.3593) vs_sbs=-0.02%
    VRPBTW: top1=0.427 mean_cost=19.0377 (sbs=19.6697) vs_sbs=-3.21%
    VRPLTW: top1=0.460 mean_cost=17.6161 (sbs=18.5091) vs_sbs=-4.83%
    OVRPBL: top1=0.583 mean_cost=6.3025 (sbs=6.3103) vs_sbs=-0.12%
   OVRPBTW: top1=0.495 mean_cost=10.4976 (sbs=10.5068) vs_sbs=-0.09%
   OVRPLTW: top1=0.510 mean_cost=10.1230 (sbs=10.1272) vs_sbs=-0.04%
   VRPBLTW: top1=0.417 mean_cost=18.9570 (sbs=19.5198) vs_sbs=-2.88%
  OVRPBLTW: top1=0.510 mean_cost=10.5321 (sbs=10.5412) vs_sbs=-0.09%
[train epoch 10] update=12978/14220 loss=0.57318 KL=0.00854 base_lr=1.19e-06 samples/s=2051
[train epoch 10] update=13158/14220 loss=0.57426 KL=0.00858 base_lr=1.14e-06 samples/s=2049
[train epoch 10] update=13338/14220 loss=0.57392 KL=0.00857 base_lr=1.09e-06 samples/s=2048
[train epoch 10] update=13518/14220 loss=0.57435 KL=0.00855 base_lr=1.06e-06 samples/s=2048
[train epoch 10] update=13698/14220 loss=0.57413 KL=0.00854 base_lr=1.03e-06 samples/s=2049
[train epoch 10] update=13878/14220 loss=0.57424 KL=0.00855 base_lr=1.01e-06 samples/s=2046
[train epoch 10] update=14058/14220 loss=0.57394 KL=0.00854 base_lr=1e-06 samples/s=2048
[train epoch 10] update=14220/14220 loss=0.57415 KL=0.00853 base_lr=1e-06 samples/s=2032
[eval epoch 10] macro_top1=0.4878 top2=0.8228 top3=0.9284 vs_sbs=-1.062% vbs_closed=+31.34%
       TSP: top1=0.373 mean_cost=7.9169 (sbs=7.9578) vs_sbs=-0.51%
      CVRP: top1=0.473 mean_cost=18.2040 (sbs=18.2943) vs_sbs=-0.49%
      ATSP: top1=0.786 mean_cost=1.6348 (sbs=1.6735) vs_sbs=-2.32%
      OVRP: top1=0.367 mean_cost=7.4528 (sbs=7.4617) vs_sbs=-0.12%
      VRPB: top1=0.553 mean_cost=9.3360 (sbs=9.3403) vs_sbs=-0.05%
      VRPL: top1=0.321 mean_cost=12.4019 (sbs=12.4072) vs_sbs=-0.04%
     VRPTW: top1=0.462 mean_cost=17.8954 (sbs=18.6571) vs_sbs=-4.08%
    OVRPTW: top1=0.516 mean_cost=10.0403 (sbs=10.0484) vs_sbs=-0.08%
     OVRPB: top1=0.572 mean_cost=6.3191 (sbs=6.3220) vs_sbs=-0.05%
     OVRPL: top1=0.410 mean_cost=7.4306 (sbs=7.4376) vs_sbs=-0.09%
     VRPBL: top1=0.534 mean_cost=9.3576 (sbs=9.3593) vs_sbs=-0.02%
    VRPBTW: top1=0.437 mean_cost=19.0312 (sbs=19.6697) vs_sbs=-3.25%
    VRPLTW: top1=0.457 mean_cost=17.6213 (sbs=18.5091) vs_sbs=-4.80%
    OVRPBL: top1=0.584 mean_cost=6.3025 (sbs=6.3103) vs_sbs=-0.12%
   OVRPBTW: top1=0.496 mean_cost=10.4987 (sbs=10.5068) vs_sbs=-0.08%
   OVRPLTW: top1=0.512 mean_cost=10.1231 (sbs=10.1272) vs_sbs=-0.04%
   VRPBLTW: top1=0.420 mean_cost=18.9561 (sbs=19.5198) vs_sbs=-2.89%
  OVRPBLTW: top1=0.508 mean_cost=10.5305 (sbs=10.5412) vs_sbs=-0.10%
wandb:                                                                                
wandb: 
wandb: Run history:
wandb:                           epoch ▁▂▂▃▄▅▅▆▇▇█
wandb:         optimization/adapter_lr ██▇▆▅▄▃▂▁▁
wandb:          optimization/all_pairs ▇█▇▅▄▃▂▂▁▁
wandb:        optimization/amp_skipped ▁▁▅▅▅▅▆▆██
wandb:            optimization/base_lr ██▇▆▅▄▃▂▁▁
wandb:                 optimization/ce ▇█▇▆▅▄▃▂▁▁
wandb:                optimization/cmp ▇█▇▆▄▃▃▂▁▁
wandb: optimization/consistency_weight ▁▅████████
wandb:                 optimization/kl ▆█▆▁▂▃▄▅▇▇
wandb:               optimization/loss ▁▆██▆▅▃▂▁▁
wandb:              optimization/pred3 ▇█▆▇▄▂▄▂▂▁
wandb:               optimization/risk ▆█▇█▆▄▅▂▂▁
wandb:            optimization/samples ▁▁▁▁▁▁▁▁▁▁
wandb:            optimization/seconds ▇▅▆▄▇██▁▃▁
wandb:              optimization/true3 ▇█▇▆▅▃▃▂▁▁
wandb:              successful_updates ▁▂▂▃▄▅▅▆▇▇█
wandb:   train/macro_actual_regret_pct ▅█▁
wandb:                  train/macro_ce ▅█▁
wandb:           train/macro_mean_cost ▅█▁
wandb:                train/macro_top1 ▁▂█
wandb:      train/macro_top1_tie_aware ▁▂█
wandb:                train/macro_top2 ▅▁█
wandb:                train/macro_top3 ▃▁█
wandb:  train/macro_vbs_gap_closed_pct ▃▁█
wandb:       train/macro_vs_oracle_pct ▅█▁
wandb:          train/macro_vs_sbs_pct ▅█▁
wandb:     val/macro_actual_regret_pct ▁█▄▃▃▃▂▃▂▁▃
wandb:                    val/macro_ce ▃▆▇▅▁█▁▂▂▃▂
wandb:             val/macro_mean_cost ▁█▃▃▃▁▂▃▂▁▂
wandb:                  val/macro_top1 ▇▁▅█▇▅▇▄▇█▆
wandb:        val/macro_top1_tie_aware ▇▁▅█▇▅▇▄▇█▆
wandb:                  val/macro_top2 ▃▁▃▃▅█▂▆▅▅▄
wandb:                  val/macro_top3 ▆▁▇▄▄▃▃█▇▆█
wandb:    val/macro_vbs_gap_closed_pct █▁▃█▃▄▆▅█▇▅
wandb:         val/macro_vs_oracle_pct ▁█▄▂▄▃▂▃▁▁▂
wandb:            val/macro_vs_sbs_pct ▁█▄▂▄▃▂▃▁▁▂
wandb: 
wandb: Run summary:
wandb:                           epoch 10
wandb:         optimization/adapter_lr 1e-05
wandb:          optimization/all_pairs 0.31288
wandb:        optimization/amp_skipped 4
wandb:            optimization/base_lr 0.0
wandb:                 optimization/ce 1.06715
wandb:                optimization/cmp 0.48372
wandb: optimization/consistency_weight 0.35
wandb:                 optimization/kl 0.00853
wandb:               optimization/loss 0.57415
wandb:              optimization/pred3 0.52923
wandb:               optimization/risk 1.41825
wandb:            optimization/samples 180000
wandb:            optimization/seconds 88.58337
wandb:              optimization/true3 0.54625
wandb:              successful_updates 14220
wandb:   train/macro_actual_regret_pct 0.9018
wandb:                  train/macro_ce 1.06293
wandb:           train/macro_mean_cost 11.17091
wandb:                train/macro_top1 0.4974
wandb:      train/macro_top1_tie_aware 0.49831
wandb:                train/macro_top2 0.82667
wandb:                train/macro_top3 0.93252
wandb:  train/macro_vbs_gap_closed_pct 32.99774
wandb:       train/macro_vs_oracle_pct 0.87206
wandb:          train/macro_vs_sbs_pct -1.1165
wandb:     val/macro_actual_regret_pct 0.93388
wandb:                    val/macro_ce 1.08885
wandb:             val/macro_mean_cost 11.16959
wandb:                  val/macro_top1 0.48783
wandb:        val/macro_top1_tie_aware 0.48867
wandb:                  val/macro_top2 0.82278
wandb:                  val/macro_top3 0.92844
wandb:    val/macro_vbs_gap_closed_pct 31.3438
wandb:         val/macro_vs_oracle_pct 0.90095
wandb:            val/macro_vs_sbs_pct -1.06249
wandb: 
wandb: You can sync this run to the cloud by running:
wandb: wandb sync code/V4/runs/R44_conditional_node_adapter/C1_seed2/wandb/offline-run-20261008_010931-xqgj4dwr
wandb: Find logs at: code/V4/runs/R44_conditional_node_adapter/C1_seed2/wandb/offline-run-20261008_010931-xqgj4dwr/logs
[complete] C1_seed2, best_update=0, successful=14220
