test_behavior_and_static_blocks_receive_gradients (code.V4.test_r51.R51Tests) ... ok
test_behavior_required_only_by_b (code.V4.test_r51.R51Tests) ... ok
test_common_parameters_identical (code.V4.test_r51.R51Tests) ... ok
test_fp64_labels_and_saved_prediction_metrics (code.V4.test_r51.R51Tests) ... ok
test_full_feature_definition (code.V4.test_r51.R51Tests) ... ok
test_input_scale_uses_only_input_distances (code.V4.test_r51.R51Tests) ... ok
test_no_costs_or_winner_in_probe_or_readout (code.V4.test_r51.R51Tests) ... ok
test_open_route_excludes_return_to_depot (code.V4.test_r51.R51Tests) ... ok
test_padding_and_customer_order (code.V4.test_r51.R51Tests) ... ok
test_pomo_statistics_have_no_best_start_filter (code.V4.test_r51.R51Tests) ... ok
test_probability_entropy_and_margin (code.V4.test_r51.R51Tests) ... ok
test_static_is_exact_r50_readout (code.V4.test_r51.R51Tests) ... ok

----------------------------------------------------------------------
Ran 12 tests in 0.460s

OK
[R51 probe cache] train 197/10000 size=50
[R51 probe cache] train 394/10000 size=51
[R51 probe cache] train 591/10000 size=52
[R51 probe cache] train 788/10000 size=53
[R51 probe cache] train 984/10000 size=54
[R51 probe cache] train 1180/10000 size=55
[R51 probe cache] train 1376/10000 size=56
[R51 probe cache] train 1572/10000 size=57
[R51 probe cache] train 1768/10000 size=58
[R51 probe cache] train 1964/10000 size=59
[R51 probe cache] train 2160/10000 size=60
[R51 probe cache] train 2356/10000 size=61
[R51 probe cache] train 2552/10000 size=62
[R51 probe cache] train 2748/10000 size=63
[R51 probe cache] train 2944/10000 size=64
[R51 probe cache] train 3140/10000 size=65
[R51 probe cache] train 3336/10000 size=66
[R51 probe cache] train 3532/10000 size=67
[R51 probe cache] train 3728/10000 size=68
[R51 probe cache] train 3924/10000 size=69
[R51 probe cache] train 4120/10000 size=70
[R51 probe cache] train 4316/10000 size=71
[R51 probe cache] train 4512/10000 size=72
[R51 probe cache] train 4708/10000 size=73
[R51 probe cache] train 4904/10000 size=74
[R51 probe cache] train 5100/10000 size=75
[R51 probe cache] train 5296/10000 size=76
[R51 probe cache] train 5492/10000 size=77
[R51 probe cache] train 5688/10000 size=78
[R51 probe cache] train 5884/10000 size=79
[R51 probe cache] train 6080/10000 size=80
[R51 probe cache] train 6276/10000 size=81
[R51 probe cache] train 6472/10000 size=82
[R51 probe cache] train 6668/10000 size=83
[R51 probe cache] train 6864/10000 size=84
[R51 probe cache] train 7060/10000 size=85
[R51 probe cache] train 7256/10000 size=86
[R51 probe cache] train 7452/10000 size=87
[R51 probe cache] train 7648/10000 size=88
[R51 probe cache] train 7844/10000 size=89
[R51 probe cache] train 8040/10000 size=90
[R51 probe cache] train 8236/10000 size=91
[R51 probe cache] train 8432/10000 size=92
[R51 probe cache] train 8628/10000 size=93
[R51 probe cache] train 8824/10000 size=94
[R51 probe cache] train 9020/10000 size=95
[R51 probe cache] train 9216/10000 size=96
[R51 probe cache] train 9412/10000 size=97
[R51 probe cache] train 9608/10000 size=98
[R51 probe cache] train 9804/10000 size=99
[R51 probe cache] train 10000/10000 size=100
[R51 probe cache] val 20/1000 size=50
[R51 probe cache] val 40/1000 size=51
[R51 probe cache] val 60/1000 size=52
[R51 probe cache] val 80/1000 size=53
[R51 probe cache] val 100/1000 size=54
[R51 probe cache] val 120/1000 size=55
[R51 probe cache] val 140/1000 size=56
[R51 probe cache] val 160/1000 size=57
[R51 probe cache] val 180/1000 size=58
[R51 probe cache] val 200/1000 size=59
[R51 probe cache] val 220/1000 size=60
[R51 probe cache] val 240/1000 size=61
[R51 probe cache] val 260/1000 size=62
[R51 probe cache] val 280/1000 size=63
[R51 probe cache] val 300/1000 size=64
[R51 probe cache] val 320/1000 size=65
[R51 probe cache] val 340/1000 size=66
[R51 probe cache] val 360/1000 size=67
[R51 probe cache] val 380/1000 size=68
[R51 probe cache] val 400/1000 size=69
[R51 probe cache] val 420/1000 size=70
[R51 probe cache] val 440/1000 size=71
[R51 probe cache] val 460/1000 size=72
[R51 probe cache] val 480/1000 size=73
[R51 probe cache] val 500/1000 size=74
[R51 probe cache] val 520/1000 size=75
[R51 probe cache] val 540/1000 size=76
[R51 probe cache] val 560/1000 size=77
[R51 probe cache] val 580/1000 size=78
[R51 probe cache] val 600/1000 size=79
[R51 probe cache] val 620/1000 size=80
[R51 probe cache] val 639/1000 size=81
[R51 probe cache] val 658/1000 size=82
[R51 probe cache] val 677/1000 size=83
[R51 probe cache] val 696/1000 size=84
[R51 probe cache] val 715/1000 size=85
[R51 probe cache] val 734/1000 size=86
[R51 probe cache] val 753/1000 size=87
[R51 probe cache] val 772/1000 size=88
[R51 probe cache] val 791/1000 size=89
[R51 probe cache] val 810/1000 size=90
[R51 probe cache] val 829/1000 size=91
[R51 probe cache] val 848/1000 size=92
[R51 probe cache] val 867/1000 size=93
[R51 probe cache] val 886/1000 size=94
[R51 probe cache] val 905/1000 size=95
[R51 probe cache] val 924/1000 size=96
[R51 probe cache] val 943/1000 size=97
[R51 probe cache] val 962/1000 size=98
[R51 probe cache] val 981/1000 size=99
[R51 probe cache] val 1000/1000 size=100
[R51] Cached static and ten-action behavior evidence; continuation witness passed
wandb: Tracking run with wandb version 0.19.11
wandb: W&B syncing is set to `offline` in this directory. Run `wandb online` or set WANDB_MODE=online to enable cloud syncing.
[R51 A_static_seed2] u=0 train:acc=0.5021 CE=0.69318 regret=0.9812%; development:acc=0.4745 CE=0.69353 regret=1.0006%; internal:acc=0.4880 CE=0.69338 regret=1.0480%; original_val:acc=0.4920 CE=0.69326 regret=1.0058% dev_best=True
[R51 A_static_seed2] u=200 train:acc=0.5841 CE=0.66033 regret=0.6640%; development:acc=0.5636 CE=0.66590 regret=0.7010%; internal:acc=0.5140 CE=0.67248 regret=0.8314%; original_val:acc=0.5690 CE=0.66843 regret=0.7093% dev_best=True
[R51 A_static_seed2] u=400 train:acc=0.5992 CE=0.64610 regret=0.6422%; development:acc=0.5455 CE=0.67040 regret=0.7674%; internal:acc=0.5280 CE=0.68217 regret=0.7932%; original_val:acc=0.5830 CE=0.67402 regret=0.6897% dev_best=False
[R51 A_static_seed2] u=600 train:acc=0.6436 CE=0.62499 regret=0.5849%; development:acc=0.5526 CE=0.67112 regret=0.7623%; internal:acc=0.5420 CE=0.67983 regret=0.7765%; original_val:acc=0.5690 CE=0.68403 regret=0.7298% dev_best=False
[R51 A_static_seed2] u=800 train:acc=0.7105 CE=0.56640 regret=0.4745%; development:acc=0.5325 CE=0.72005 regret=0.7951%; internal:acc=0.5440 CE=0.72770 regret=0.8059%; original_val:acc=0.5490 CE=0.72259 regret=0.7608% dev_best=False
[R51 A_static_seed2] u=1000 train:acc=0.7260 CE=0.52261 regret=0.4442%; development:acc=0.5285 CE=0.77017 regret=0.7908%; internal:acc=0.5470 CE=0.77051 regret=0.7562%; original_val:acc=0.5390 CE=0.77884 regret=0.7756% dev_best=False
[R51 A_static_seed2] u=1200 train:acc=0.7754 CE=0.44833 regret=0.3802%; development:acc=0.5195 CE=0.96335 regret=0.8339%; internal:acc=0.5430 CE=0.96114 regret=0.7260%; original_val:acc=0.5190 CE=0.95166 regret=0.8276% dev_best=False
[R51 A_static_seed2] u=1400 train:acc=0.8932 CE=0.26593 regret=0.1648%; development:acc=0.5576 CE=1.13137 regret=0.7563%; internal:acc=0.5260 CE=1.21780 regret=0.7922%; original_val:acc=0.5430 CE=1.14052 regret=0.7689% dev_best=False
[R51 A_static_seed2] u=1600 train:acc=0.9289 CE=0.19517 regret=0.1187%; development:acc=0.5355 CE=1.30860 regret=0.7754%; internal:acc=0.5270 CE=1.36907 regret=0.7971%; original_val:acc=0.5560 CE=1.24766 regret=0.7618% dev_best=False
[R51 A_static_seed2] u=1800 train:acc=0.9529 CE=0.13963 regret=0.0720%; development:acc=0.5355 CE=1.46554 regret=0.7946%; internal:acc=0.5170 CE=1.53449 regret=0.8311%; original_val:acc=0.5450 CE=1.41763 regret=0.7620% dev_best=False
[R51 A_static_seed2] u=2000 train:acc=0.9419 CE=0.14521 regret=0.0896%; development:acc=0.5305 CE=1.69358 regret=0.8129%; internal:acc=0.5260 CE=1.74232 regret=0.8292%; original_val:acc=0.5460 CE=1.61660 regret=0.7668% dev_best=False
[R51 A_static_seed2] u=2200 train:acc=0.9734 CE=0.08417 regret=0.0405%; development:acc=0.5235 CE=1.81749 regret=0.8432%; internal:acc=0.5180 CE=1.83107 regret=0.8173%; original_val:acc=0.5460 CE=1.70465 regret=0.7828% dev_best=False
[R51 A_static_seed2] u=2400 train:acc=0.9842 CE=0.05853 regret=0.0252%; development:acc=0.5405 CE=1.99538 regret=0.7871%; internal:acc=0.5340 CE=2.05603 regret=0.8221%; original_val:acc=0.5510 CE=1.83888 regret=0.7743% dev_best=False
[R51 A_static_seed2] u=2600 train:acc=0.9906 CE=0.04313 regret=0.0135%; development:acc=0.5285 CE=2.02563 regret=0.7902%; internal:acc=0.5230 CE=2.07183 regret=0.7930%; original_val:acc=0.5460 CE=1.87629 regret=0.7551% dev_best=False
[R51 A_static_seed2] u=2800 train:acc=0.9956 CE=0.03380 regret=0.0065%; development:acc=0.5275 CE=2.03763 regret=0.8282%; internal:acc=0.5380 CE=2.01716 regret=0.7521%; original_val:acc=0.5540 CE=1.93317 regret=0.7525% dev_best=False
[R51 A_static_seed2] u=3000 train:acc=0.9925 CE=0.03029 regret=0.0122%; development:acc=0.5215 CE=2.28999 regret=0.8157%; internal:acc=0.5240 CE=2.29698 regret=0.7852%; original_val:acc=0.5400 CE=2.11431 regret=0.8106% dev_best=False
[R51 A_static_seed2] u=3200 train:acc=0.9916 CE=0.03284 regret=0.0151%; development:acc=0.5235 CE=2.20272 regret=0.8253%; internal:acc=0.5380 CE=2.11383 regret=0.7666%; original_val:acc=0.5420 CE=2.01402 regret=0.7767% dev_best=False
[R51 A_static_seed2] u=3400 train:acc=0.9954 CE=0.02394 regret=0.0081%; development:acc=0.5125 CE=2.25906 regret=0.8225%; internal:acc=0.5150 CE=2.26295 regret=0.8068%; original_val:acc=0.5430 CE=2.12226 regret=0.7892% dev_best=False
[R51 A_static_seed2] u=3600 train:acc=0.9972 CE=0.01405 regret=0.0038%; development:acc=0.5295 CE=2.57286 regret=0.8048%; internal:acc=0.5190 CE=2.43732 regret=0.7845%; original_val:acc=0.5450 CE=2.41565 regret=0.7844% dev_best=False
[R51 A_static_seed2] u=3800 train:acc=0.9978 CE=0.01694 regret=0.0038%; development:acc=0.5115 CE=2.41945 regret=0.8584%; internal:acc=0.5270 CE=2.36092 regret=0.8154%; original_val:acc=0.5460 CE=2.19196 regret=0.7828% dev_best=False
[R51 A_static_seed2] u=4000 train:acc=0.9956 CE=0.01634 regret=0.0048%; development:acc=0.5145 CE=2.56361 regret=0.8294%; internal:acc=0.5270 CE=2.48724 regret=0.7719%; original_val:acc=0.5500 CE=2.36007 regret=0.7808% dev_best=False
wandb:                                                                                
wandb: 
wandb: Run history:
wandb:         development/accuracy ▁█▇▇▆▅▅█▆▆▅▅▆▅▅▅▅▄▅▄▄
wandb:               development/ce ▁▁▁▁▁▁▂▃▃▄▅▅▆▆▆▇▇▇█▇█
wandb:        development/mean_cost █▁▃▂▃▃▄▂▃▃▄▄▃▃▄▄▄▄▃▄▄
wandb:  development/pair_regret_pct █▁▃▂▃▃▄▂▃▃▄▄▃▃▄▄▄▄▃▅▄
wandb:                    grad_norm ▁▁▁▂▃▄▅▇▇███▇██▇█▇█▇
wandb:            internal/accuracy ▁▄▆▇███▆▆▄▆▅▆▅▇▅▇▄▅▆▆
wandb:                  internal/ce ▁▁▁▁▁▁▂▃▄▄▅▅▆▆▆▇▇▇███
wandb:           internal/mean_cost █▃▃▂▃▂▁▃▃▃▄▃▃▃▂▂▂▃▃▃▂
wandb:     internal/pair_regret_pct █▃▂▂▃▂▁▂▃▃▃▃▃▂▂▂▂▃▂▃▂
wandb:                           lr ▁▁▁▁▁▁▁▁▁▁▁▁▁▁▁▁▁▁▁▁▁
wandb:              optimization_ce ███▇▇▆▅▄▃▃▂▂▂▂▁▁▁▁▁▁
wandb:        original_val/accuracy ▁▇█▇▅▅▃▅▆▅▅▅▆▅▆▅▅▅▅▅▅
wandb:              original_val/ce ▁▁▁▁▁▁▂▃▃▄▅▅▆▆▆▇▆▇█▇█
wandb:       original_val/mean_cost █▂▁▂▃▃▄▃▂▂▃▃▃▂▂▃▃▃▃▃▃
wandb: original_val/pair_regret_pct █▁▁▂▃▃▄▃▃▃▃▃▃▂▂▄▃▃▃▃▃
wandb:               train/accuracy ▁▂▂▃▄▄▅▇▇▇▇██████████
wandb:                     train/ce ███▇▇▆▅▄▃▂▂▂▁▁▁▁▁▁▁▁▁
wandb:              train/mean_cost █▆▆▅▅▄▄▂▂▂▂▁▁▁▁▁▁▁▁▁▁
wandb:        train/pair_regret_pct █▆▆▅▄▄▄▂▂▁▂▁▁▁▁▁▁▁▁▁▁
wandb:                      updates ▁▁▂▂▂▃▃▃▄▄▅▅▅▆▆▆▇▇▇██
wandb: 
wandb: Run summary:
wandb:         development/accuracy 0.51451
wandb:               development/ce 2.56361
wandb:        development/mean_cost 10.07755
wandb:  development/pair_regret_pct 0.82942
wandb:                    grad_norm 2.47914
wandb:            internal/accuracy 0.527
wandb:                  internal/ce 2.48724
wandb:           internal/mean_cost 10.14088
wandb:     internal/pair_regret_pct 0.77192
wandb:                           lr 0.001
wandb:              optimization_ce 0.09117
wandb:        original_val/accuracy 0.55
wandb:              original_val/ce 2.36007
wandb:       original_val/mean_cost 10.04141
wandb: original_val/pair_regret_pct 0.7808
wandb:               train/accuracy 0.99562
wandb:                     train/ce 0.01634
wandb:              train/mean_cost 10.02041
wandb:        train/pair_regret_pct 0.00481
wandb:                      updates 4000
wandb: 
wandb: You can sync this run to the cloud by running:
wandb: wandb sync code/V4/runs/R51_solver_behavior_probe/A_static_seed2/wandb/offline-run-20261010_141937-o23vv3xy
wandb: Find logs at: code/V4/runs/R51_solver_behavior_probe/A_static_seed2/wandb/offline-run-20261010_141937-o23vv3xy/logs
wandb: Tracking run with wandb version 0.19.11
wandb: W&B syncing is set to `offline` in this directory. Run `wandb online` or set WANDB_MODE=online to enable cloud syncing.
[R51 B_behavior_seed2] u=0 train:acc=0.4963 CE=0.69357 regret=1.0328%; development:acc=0.4615 CE=0.69407 regret=1.0589%; internal:acc=0.4600 CE=0.69403 regret=1.1221%; original_val:acc=0.4930 CE=0.69375 regret=1.0596% dev_best=True
[R51 B_behavior_seed2] u=200 train:acc=0.5899 CE=0.65214 regret=0.6606%; development:acc=0.5495 CE=0.66377 regret=0.7735%; internal:acc=0.5580 CE=0.67039 regret=0.7373%; original_val:acc=0.5430 CE=0.66640 regret=0.7378% dev_best=True
[R51 B_behavior_seed2] u=400 train:acc=0.6381 CE=0.62417 regret=0.5865%; development:acc=0.5475 CE=0.66915 regret=0.7330%; internal:acc=0.5300 CE=0.67926 regret=0.7651%; original_val:acc=0.5460 CE=0.67576 regret=0.7413% dev_best=False
[R51 B_behavior_seed2] u=600 train:acc=0.6833 CE=0.58525 regret=0.5090%; development:acc=0.5325 CE=0.69348 regret=0.7986%; internal:acc=0.5450 CE=0.70120 regret=0.7855%; original_val:acc=0.5250 CE=0.70273 regret=0.7935% dev_best=False
[R51 B_behavior_seed2] u=800 train:acc=0.7488 CE=0.51807 regret=0.3863%; development:acc=0.5445 CE=0.71846 regret=0.7847%; internal:acc=0.5400 CE=0.73880 regret=0.7737%; original_val:acc=0.5230 CE=0.74715 regret=0.7952% dev_best=False
[R51 B_behavior_seed2] u=1000 train:acc=0.7965 CE=0.42690 regret=0.3269%; development:acc=0.5315 CE=0.85957 regret=0.7989%; internal:acc=0.5250 CE=0.89252 regret=0.7868%; original_val:acc=0.5350 CE=0.87805 regret=0.7986% dev_best=False
[R51 B_behavior_seed2] u=1200 train:acc=0.8558 CE=0.33065 regret=0.2288%; development:acc=0.5445 CE=1.05265 regret=0.7528%; internal:acc=0.5400 CE=1.06174 regret=0.7427%; original_val:acc=0.5060 CE=1.09780 regret=0.8293% dev_best=False
[R51 B_behavior_seed2] u=1400 train:acc=0.9244 CE=0.20280 regret=0.1185%; development:acc=0.5285 CE=1.26581 regret=0.7943%; internal:acc=0.5300 CE=1.31025 regret=0.7821%; original_val:acc=0.5080 CE=1.35407 regret=0.8437% dev_best=False
[R51 B_behavior_seed2] u=1600 train:acc=0.9565 CE=0.12333 regret=0.0626%; development:acc=0.5065 CE=1.59349 regret=0.8756%; internal:acc=0.5440 CE=1.57355 regret=0.7316%; original_val:acc=0.5250 CE=1.58749 regret=0.8034% dev_best=False
[R51 B_behavior_seed2] u=1800 train:acc=0.9771 CE=0.08225 regret=0.0347%; development:acc=0.5365 CE=1.67576 regret=0.8302%; internal:acc=0.5420 CE=1.64050 regret=0.7614%; original_val:acc=0.5030 CE=1.73736 regret=0.8613% dev_best=False
[R51 B_behavior_seed2] u=2000 train:acc=0.9834 CE=0.06036 regret=0.0226%; development:acc=0.5295 CE=1.92913 regret=0.8213%; internal:acc=0.5510 CE=1.99905 regret=0.7609%; original_val:acc=0.5060 CE=2.01546 regret=0.8643% dev_best=False
[R51 B_behavior_seed2] u=2200 train:acc=0.9918 CE=0.04374 regret=0.0122%; development:acc=0.5285 CE=1.88233 regret=0.8093%; internal:acc=0.5450 CE=1.93773 regret=0.7478%; original_val:acc=0.5300 CE=1.91344 regret=0.8097% dev_best=False
[R51 B_behavior_seed2] u=2400 train:acc=0.9722 CE=0.06979 regret=0.0439%; development:acc=0.5225 CE=2.19425 regret=0.8181%; internal:acc=0.5310 CE=2.29593 regret=0.7803%; original_val:acc=0.5330 CE=2.20679 regret=0.8257% dev_best=False
[R51 B_behavior_seed2] u=2600 train:acc=0.9922 CE=0.03080 regret=0.0122%; development:acc=0.5125 CE=2.20162 regret=0.8442%; internal:acc=0.5470 CE=2.15458 regret=0.7366%; original_val:acc=0.5270 CE=2.25142 regret=0.7829% dev_best=False
[R51 B_behavior_seed2] u=2800 train:acc=0.9935 CE=0.02891 regret=0.0097%; development:acc=0.5295 CE=2.32181 regret=0.8227%; internal:acc=0.5410 CE=2.26985 regret=0.7098%; original_val:acc=0.5250 CE=2.29317 regret=0.7638% dev_best=False
[R51 B_behavior_seed2] u=3000 train:acc=0.9972 CE=0.01708 regret=0.0026%; development:acc=0.5155 CE=2.29793 regret=0.8469%; internal:acc=0.5200 CE=2.32605 regret=0.7767%; original_val:acc=0.5170 CE=2.28261 regret=0.8261% dev_best=False
[R51 B_behavior_seed2] u=3200 train:acc=0.9975 CE=0.01401 regret=0.0039%; development:acc=0.5245 CE=2.42951 regret=0.8284%; internal:acc=0.5340 CE=2.45181 regret=0.7407%; original_val:acc=0.5150 CE=2.53336 regret=0.8059% dev_best=False
[R51 B_behavior_seed2] u=3400 train:acc=0.9980 CE=0.01124 regret=0.0034%; development:acc=0.5235 CE=2.50908 regret=0.8294%; internal:acc=0.5390 CE=2.60582 regret=0.7333%; original_val:acc=0.5220 CE=2.63470 regret=0.8374% dev_best=False
[R51 B_behavior_seed2] u=3600 train:acc=0.9979 CE=0.01051 regret=0.0034%; development:acc=0.5185 CE=2.61330 regret=0.8231%; internal:acc=0.5300 CE=2.59715 regret=0.7730%; original_val:acc=0.5350 CE=2.62573 regret=0.7946% dev_best=False
[R51 B_behavior_seed2] u=3800 train:acc=0.9971 CE=0.01348 regret=0.0059%; development:acc=0.5365 CE=2.45801 regret=0.7816%; internal:acc=0.5480 CE=2.46905 regret=0.6980%; original_val:acc=0.5230 CE=2.46503 regret=0.7843% dev_best=False
[R51 B_behavior_seed2] u=4000 train:acc=0.9979 CE=0.00984 regret=0.0023%; development:acc=0.5546 CE=2.62704 regret=0.7605%; internal:acc=0.5470 CE=2.72390 regret=0.7206%; original_val:acc=0.5090 CE=2.84172 regret=0.8580% dev_best=False
wandb:                                                                                
wandb: 
wandb: Run history:
wandb:         development/accuracy ▁█▇▆▇▆▇▆▄▇▆▆▆▅▆▅▆▆▅▇█
wandb:               development/ce ▁▁▁▁▁▂▂▃▄▅▆▅▆▆▇▇▇██▇█
wandb:        development/mean_cost █▂▁▂▂▃▁▂▅▃▃▃▃▄▃▄▃▃▃▂▁
wandb:  development/pair_regret_pct █▂▁▂▂▂▁▂▄▃▃▃▃▃▃▃▃▃▃▂▂
wandb:                    grad_norm ▁▁▂▂▃▅▆▇▇████▇█▇▇▇▇▆
wandb:            internal/accuracy ▁█▆▇▇▆▇▆▇▇▇▇▆▇▇▅▆▇▆▇▇
wandb:                  internal/ce ▁▁▁▁▁▂▂▃▄▄▆▅▇▆▆▇▇██▇█
wandb:           internal/mean_cost █▁▂▃▂▃▂▂▂▂▂▂▃▂▁▃▂▂▂▁▁
wandb:     internal/pair_regret_pct █▂▂▂▂▂▂▂▂▂▂▂▂▂▁▂▂▂▂▁▁
wandb:                           lr ▁▁▁▁▁▁▁▁▁▁▁▁▁▁▁▁▁▁▁▁▁
wandb:              optimization_ce ██▇▇▆▅▄▃▃▂▂▂▂▁▁▁▁▁▁▁
wandb:        original_val/accuracy ▁██▅▅▇▃▃▅▂▃▆▆▅▅▄▄▅▇▅▃
wandb:              original_val/ce ▁▁▁▁▁▂▂▃▄▄▅▅▆▆▆▆▇▇▇▇█
wandb:       original_val/mean_cost █▁▁▂▂▂▃▃▂▄▄▂▃▂▁▃▃▃▂▂▄
wandb: original_val/pair_regret_pct █▁▁▂▂▂▃▃▂▄▄▃▃▂▂▃▂▃▂▂▄
wandb:               train/accuracy ▁▂▃▄▅▅▆▇▇████████████
wandb:                     train/ce ██▇▇▆▅▄▃▂▂▂▁▂▁▁▁▁▁▁▁▁
wandb:              train/mean_cost █▆▅▅▄▃▃▂▁▁▁▁▁▁▁▁▁▁▁▁▁
wandb:        train/pair_regret_pct █▅▅▄▄▃▃▂▁▁▁▁▁▁▁▁▁▁▁▁▁
wandb:                      updates ▁▁▂▂▂▃▃▃▄▄▅▅▅▆▆▆▇▇▇██
wandb: 
wandb: Run summary:
wandb:         development/accuracy 0.55455
wandb:               development/ce 2.62704
wandb:        development/mean_cost 10.07096
wandb:  development/pair_regret_pct 0.76051
wandb:                    grad_norm 1.99373
wandb:            internal/accuracy 0.547
wandb:                  internal/ce 2.7239
wandb:           internal/mean_cost 10.13617
wandb:     internal/pair_regret_pct 0.72061
wandb:                           lr 0.001
wandb:              optimization_ce 0.06822
wandb:        original_val/accuracy 0.509
wandb:              original_val/ce 2.84172
wandb:       original_val/mean_cost 10.04984
wandb: original_val/pair_regret_pct 0.85801
wandb:               train/accuracy 0.99787
wandb:                     train/ce 0.00984
wandb:              train/mean_cost 10.02018
wandb:        train/pair_regret_pct 0.00228
wandb:                      updates 4000
wandb: 
wandb: You can sync this run to the cloud by running:
wandb: wandb sync code/V4/runs/R51_solver_behavior_probe/B_behavior_seed2/wandb/offline-run-20261010_141952-iolitm6g
wandb: Find logs at: code/V4/runs/R51_solver_behavior_probe/B_behavior_seed2/wandb/offline-run-20261010_141952-iolitm6g/logs
[R51 timing] completed native selected routes: instance 23
[R51 timing] completed native selected routes: instance 190
[R51 timing] completed native selected routes: instance 40
[R51 timing] completed native selected routes: instance 130
[R51 timing] completed native selected routes: instance 4923
[R51 timing] completed native selected routes: instance 5099
[R51 timing] completed native selected routes: instance 4955
[R51 timing] completed native selected routes: instance 4928
[R51 timing] completed native selected routes: instance 9977
[R51 timing] completed native selected routes: instance 9892
[R51 timing] completed native selected routes: instance 9922
[R51 timing] completed native selected routes: instance 9996
# R51: cost-limited native solver behavior probes

## Main result

Predeclared continuation screen passed: **False**; predictive screen: **False**. Binary prediction is MOEL vs MTL only, not seven-method-pool Top1.

| Model | Selected update | Train accuracy | Development CE | Internal accuracy / regret | Original validation accuracy / regret |
|---|---:|---:|---:|---:|---:|
| R50B_static_reference | 200 | 58.41% | 0.665895 | 51.40% / 0.831422% | 56.90% / 0.709315% |
| A_static_seed2 | 200 | 58.41% | 0.665895 | 51.40% / 0.831422% | 56.90% / 0.709315% |
| B_behavior_seed2 | 200 | 58.99% | 0.663766 | 55.80% / 0.737330% | 54.30% / 0.737799% |
- internal, B minus A: accuracy +4.40pp; regret -0.094092pp; relative regret reduction +11.32%.
- original_val, B minus A: accuracy -2.60pp; regret +0.028484pp; relative regret reduction -4.02%.

This fixed behavior/readout configuration does not meet the predictive screen on both held-out sets. It does not establish random labels, an accuracy ceiling, or that all trajectory representations are ineffective. No probe-length, seed, pooling or classifier search was added.

## Locked protocol

[R51 timing] completed native selected routes: instance 23
[R51 timing] completed native selected routes: instance 190
[R51 timing] completed native selected routes: instance 40
[R51 timing] completed native selected routes: instance 130
[R51 timing] completed native selected routes: instance 4923
[R51 timing] completed native selected routes: instance 5099
[R51 timing] completed native selected routes: instance 4955
[R51 timing] completed native selected routes: instance 4928
[R51 timing] completed native selected routes: instance 9977
[R51 timing] completed native selected routes: instance 9892
[R51 timing] completed native selected routes: instance 9922
[R51 timing] completed native selected routes: instance 9996
test_behavior_and_static_blocks_receive_gradients (code.V4.test_r51.R51Tests) ... ok
test_behavior_required_only_by_b (code.V4.test_r51.R51Tests) ... ok
test_common_parameters_identical (code.V4.test_r51.R51Tests) ... ok
test_fp64_labels_and_saved_prediction_metrics (code.V4.test_r51.R51Tests) ... ok
test_full_feature_definition (code.V4.test_r51.R51Tests) ... ok
test_input_scale_uses_only_input_distances (code.V4.test_r51.R51Tests) ... ok
test_no_costs_or_winner_in_probe_or_readout (code.V4.test_r51.R51Tests) ... ok
test_open_route_excludes_return_to_depot (code.V4.test_r51.R51Tests) ... ok
test_padding_and_customer_order (code.V4.test_r51.R51Tests) ... ok
test_pomo_statistics_have_no_best_start_filter (code.V4.test_r51.R51Tests) ... ok
test_probability_entropy_and_margin (code.V4.test_r51.R51Tests) ... ok
test_static_is_exact_r50_readout (code.V4.test_r51.R51Tests) ... ok

----------------------------------------------------------------------
Ran 12 tests in 0.102s

OK
# R51: cost-limited native solver behavior probes

## Main result

Predeclared continuation screen passed: **False**; predictive screen: **False**. Binary prediction is MOEL vs MTL only, not seven-method-pool Top1.

| Model | Selected update | Train accuracy | Development CE | Internal accuracy / regret | Original validation accuracy / regret |
|---|---:|---:|---:|---:|---:|
| R50B_static_reference | 200 | 58.41% | 0.665895 | 51.40% / 0.831422% | 56.90% / 0.709315% |
| A_static_seed2 | 200 | 58.41% | 0.665895 | 51.40% / 0.831422% | 56.90% / 0.709315% |
| B_behavior_seed2 | 200 | 58.99% | 0.663766 | 55.80% / 0.737330% | 54.30% / 0.737799% |
- internal, B minus A: accuracy +4.40pp; regret -0.094092pp; relative regret reduction +11.32%.
- original_val, B minus A: accuracy -2.60pp; regret +0.028484pp; relative regret reduction -4.02%.

This fixed behavior/readout configuration does not meet the predictive screen on both held-out sets. It does not establish random labels, an accuracy ceiling, or that all trajectory representations are ineffective. No probe-length, seed, pooling or classifier search was added.

## Locked protocol

# R51: cost-limited native solver behavior probes

## Main result

Predeclared continuation screen passed: **False**; predictive screen: **False**. Binary prediction is MOEL vs MTL only, not seven-method-pool Top1.

| Model | Selected update | Train accuracy | Development CE | Internal accuracy / regret | Original validation accuracy / regret |
|---|---:|---:|---:|---:|---:|
| R50B_static_reference | 200 | 58.41% | 0.665895 | 51.40% / 0.831422% | 56.90% / 0.709315% |
| A_static_seed2 | 200 | 58.41% | 0.665895 | 51.40% / 0.831422% | 56.90% / 0.709315% |
| B_behavior_seed2 | 200 | 58.99% | 0.663766 | 55.80% / 0.737330% | 54.30% / 0.737799% |
- internal, B minus A: accuracy +4.40pp; regret -0.094092pp; relative regret reduction +11.32%.
- original_val, B minus A: accuracy -2.60pp; regret +0.028484pp; relative regret reduction -4.02%.

This fixed behavior/readout configuration does not meet the predictive screen on both held-out sets. It does not establish random labels, an accuracy ceiling, or that all trajectory representations are ineffective. No probe-length, seed, pooling or classifier search was added.

## Locked protocol

