[cache] TSP/train: 10000 instances, 45.0 MiB on cuda:0
[cache] TSP/val: 1000 instances, 4.5 MiB on cuda:0
[geometry cache] train 16/10000
[geometry cache] train 1616/10000
[geometry cache] train 3216/10000
[geometry cache] train 4816/10000
[geometry cache] train 6416/10000
[geometry cache] train 8016/10000
[geometry cache] train 9616/10000
[geometry cache done] train seconds=11.7
[geometry cache] val 16/1000
[geometry cache done] val seconds=1.1
[R34 reference] val_top1=0.3630 val_regret=0.6118%
wandb: Tracking run with wandb version 0.19.11
wandb: W&B syncing is set to `offline` in this directory. Run `wandb online` or set WANDB_MODE=online to enable cloud syncing.
[start] redundant_seed2 updates=1000 batch=640 optimizer=fresh base_lr=2e-5 geometry_lr=2e-4 model_hash=ac5c8e24a15502a258ce0223d6f31bc435d3361b2bbba9739f28943ef056e434
[train updates 0000] top1=0.3934 ce=1.533871 mean_cost=8.008346 vs_sbs=-0.4963% regret=0.6373% gap>0.1_top1=0.4190 gap>0.5_top1=0.4773
[val updates 0000] top1=0.3630 ce=1.657517 mean_cost=7.917969 vs_sbs=-0.5006% regret=0.6118% gap>0.1_top1=0.3893 gap>0.5_top1=0.4360
[train updates 0050] loss=0.61064 grad=0.2741 skipped_total=0 lr_base=2e-05 elapsed=26.1s
[train updates 0050] top1=0.3946 ce=1.532924 mean_cost=8.009107 vs_sbs=-0.4868% regret=0.6502% gap>0.1_top1=0.4199 gap>0.5_top1=0.4754
[val updates 0050] top1=0.3660 ce=1.656213 mean_cost=7.918824 vs_sbs=-0.4898% regret=0.6249% gap>0.1_top1=0.3906 gap>0.5_top1=0.4360
[train updates 0100] loss=0.61064 grad=0.3047 skipped_total=0 lr_base=1.99e-05 elapsed=48.4s
[train updates 0100] top1=0.3956 ce=1.530251 mean_cost=8.008350 vs_sbs=-0.4962% regret=0.6399% gap>0.1_top1=0.4207 gap>0.5_top1=0.4776
[val updates 0100] top1=0.3640 ce=1.660706 mean_cost=7.918436 vs_sbs=-0.4947% regret=0.6217% gap>0.1_top1=0.3879 gap>0.5_top1=0.4325
[train updates 0150] loss=0.60966 grad=0.2907 skipped_total=0 lr_base=1.95e-05 elapsed=70.7s
[train updates 0150] top1=0.3952 ce=1.525909 mean_cost=8.008812 vs_sbs=-0.4905% regret=0.6457% gap>0.1_top1=0.4190 gap>0.5_top1=0.4776
[val updates 0150] top1=0.3620 ce=1.656485 mean_cost=7.919157 vs_sbs=-0.4856% regret=0.6323% gap>0.1_top1=0.3866 gap>0.5_top1=0.4325
[train updates 0200] loss=0.60758 grad=0.2930 skipped_total=0 lr_base=1.89e-05 elapsed=93.0s
[train updates 0200] top1=0.3978 ce=1.524409 mean_cost=8.008596 vs_sbs=-0.4932% regret=0.6430% gap>0.1_top1=0.4224 gap>0.5_top1=0.4813
[val updates 0200] top1=0.3640 ce=1.663087 mean_cost=7.918171 vs_sbs=-0.4980% regret=0.6196% gap>0.1_top1=0.3879 gap>0.5_top1=0.4360
[train updates 0250] loss=0.60653 grad=0.3253 skipped_total=0 lr_base=1.81e-05 elapsed=115.2s
[train updates 0250] top1=0.3966 ce=1.522909 mean_cost=8.007647 vs_sbs=-0.5049% regret=0.6286% gap>0.1_top1=0.4221 gap>0.5_top1=0.4807
[val updates 0250] top1=0.3640 ce=1.665561 mean_cost=7.917087 vs_sbs=-0.5116% regret=0.6026% gap>0.1_top1=0.3893 gap>0.5_top1=0.4394
[train updates 0300] loss=0.60651 grad=0.3051 skipped_total=0 lr_base=1.71e-05 elapsed=137.5s
[train updates 0300] top1=0.3992 ce=1.519082 mean_cost=8.008230 vs_sbs=-0.4977% regret=0.6385% gap>0.1_top1=0.4242 gap>0.5_top1=0.4835
[val updates 0300] top1=0.3640 ce=1.659122 mean_cost=7.918336 vs_sbs=-0.4959% regret=0.6211% gap>0.1_top1=0.3893 gap>0.5_top1=0.4394
[train updates 0350] loss=0.60535 grad=0.3084 skipped_total=0 lr_base=1.59e-05 elapsed=159.8s
[train updates 0350] top1=0.3987 ce=1.518055 mean_cost=8.009020 vs_sbs=-0.4879% regret=0.6522% gap>0.1_top1=0.4242 gap>0.5_top1=0.4810
[val updates 0350] top1=0.3700 ce=1.659172 mean_cost=7.918899 vs_sbs=-0.4889% regret=0.6276% gap>0.1_top1=0.3945 gap>0.5_top1=0.4394
[train updates 0400] loss=0.60168 grad=0.3178 skipped_total=0 lr_base=1.46e-05 elapsed=182.0s
[train updates 0400] top1=0.3999 ce=1.516302 mean_cost=8.008914 vs_sbs=-0.4892% regret=0.6473% gap>0.1_top1=0.4254 gap>0.5_top1=0.4838
[val updates 0400] top1=0.3680 ce=1.662807 mean_cost=7.918686 vs_sbs=-0.4916% regret=0.6242% gap>0.1_top1=0.3906 gap>0.5_top1=0.4360
[train updates 0450] loss=0.60365 grad=0.3450 skipped_total=0 lr_base=1.32e-05 elapsed=204.3s
[train updates 0450] top1=0.4014 ce=1.515676 mean_cost=8.007238 vs_sbs=-0.5100% regret=0.6233% gap>0.1_top1=0.4269 gap>0.5_top1=0.4866
[val updates 0450] top1=0.3670 ce=1.667996 mean_cost=7.917074 vs_sbs=-0.5118% regret=0.6035% gap>0.1_top1=0.3932 gap>0.5_top1=0.4429
[train updates 0500] loss=0.60281 grad=0.3342 skipped_total=0 lr_base=1.17e-05 elapsed=226.6s
[train updates 0500] top1=0.4022 ce=1.511582 mean_cost=8.008489 vs_sbs=-0.4945% regret=0.6402% gap>0.1_top1=0.4277 gap>0.5_top1=0.4838
[val updates 0500] top1=0.3640 ce=1.661353 mean_cost=7.919711 vs_sbs=-0.4787% regret=0.6360% gap>0.1_top1=0.3893 gap>0.5_top1=0.4256
[train updates 0550] loss=0.60147 grad=0.3354 skipped_total=0 lr_base=1.03e-05 elapsed=248.9s
[train updates 0550] top1=0.4022 ce=1.510859 mean_cost=8.008089 vs_sbs=-0.4994% regret=0.6351% gap>0.1_top1=0.4281 gap>0.5_top1=0.4860
[val updates 0550] top1=0.3640 ce=1.664083 mean_cost=7.918991 vs_sbs=-0.4877% regret=0.6269% gap>0.1_top1=0.3879 gap>0.5_top1=0.4256
[train updates 0600] loss=0.60040 grad=0.3457 skipped_total=0 lr_base=8.79e-06 elapsed=271.1s
[train updates 0600] top1=0.4025 ce=1.510111 mean_cost=8.007882 vs_sbs=-0.5020% regret=0.6327% gap>0.1_top1=0.4287 gap>0.5_top1=0.4882
[val updates 0600] top1=0.3590 ce=1.665435 mean_cost=7.919443 vs_sbs=-0.4820% regret=0.6319% gap>0.1_top1=0.3827 gap>0.5_top1=0.4118
[train updates 0650] loss=0.59918 grad=0.3372 skipped_total=0 lr_base=7.38e-06 elapsed=293.4s
[train updates 0650] top1=0.4033 ce=1.508465 mean_cost=8.007682 vs_sbs=-0.5045% regret=0.6295% gap>0.1_top1=0.4287 gap>0.5_top1=0.4885
[val updates 0650] top1=0.3600 ce=1.667601 mean_cost=7.919806 vs_sbs=-0.4775% regret=0.6372% gap>0.1_top1=0.3853 gap>0.5_top1=0.4187
[train updates 0700] loss=0.60021 grad=0.3457 skipped_total=0 lr_base=6.08e-06 elapsed=315.7s
[train updates 0700] top1=0.4024 ce=1.507892 mean_cost=8.007906 vs_sbs=-0.5017% regret=0.6325% gap>0.1_top1=0.4277 gap>0.5_top1=0.4879
[val updates 0700] top1=0.3610 ce=1.665389 mean_cost=7.919494 vs_sbs=-0.4814% regret=0.6324% gap>0.1_top1=0.3853 gap>0.5_top1=0.4152
[train updates 0750] loss=0.59918 grad=0.3365 skipped_total=0 lr_base=4.9e-06 elapsed=338.0s
[train updates 0750] top1=0.4019 ce=1.506918 mean_cost=8.008208 vs_sbs=-0.4980% regret=0.6383% gap>0.1_top1=0.4269 gap>0.5_top1=0.4869
[val updates 0750] top1=0.3590 ce=1.667990 mean_cost=7.920296 vs_sbs=-0.4713% regret=0.6431% gap>0.1_top1=0.3827 gap>0.5_top1=0.4118
[train updates 0800] loss=0.59809 grad=0.3265 skipped_total=0 lr_base=3.9e-06 elapsed=360.3s
[train updates 0800] top1=0.4041 ce=1.506221 mean_cost=8.007932 vs_sbs=-0.5014% regret=0.6336% gap>0.1_top1=0.4292 gap>0.5_top1=0.4885
[val updates 0800] top1=0.3570 ce=1.667677 mean_cost=7.920572 vs_sbs=-0.4679% regret=0.6436% gap>0.1_top1=0.3814 gap>0.5_top1=0.4152
[train updates 0850] loss=0.59916 grad=0.3364 skipped_total=0 lr_base=3.08e-06 elapsed=382.5s
[train updates 0850] top1=0.4034 ce=1.505977 mean_cost=8.008100 vs_sbs=-0.4993% regret=0.6359% gap>0.1_top1=0.4288 gap>0.5_top1=0.4885
[val updates 0850] top1=0.3560 ce=1.667418 mean_cost=7.920445 vs_sbs=-0.4694% regret=0.6437% gap>0.1_top1=0.3801 gap>0.5_top1=0.4152
[train updates 0900] loss=0.59779 grad=0.3372 skipped_total=0 lr_base=2.49e-06 elapsed=404.8s
[train updates 0900] top1=0.4041 ce=1.505607 mean_cost=8.007998 vs_sbs=-0.5006% regret=0.6339% gap>0.1_top1=0.4292 gap>0.5_top1=0.4891
[val updates 0900] top1=0.3590 ce=1.667585 mean_cost=7.920223 vs_sbs=-0.4722% regret=0.6395% gap>0.1_top1=0.3827 gap>0.5_top1=0.4152
[train updates 0950] loss=0.59893 grad=0.3390 skipped_total=0 lr_base=2.12e-06 elapsed=427.1s
[train updates 0950] top1=0.4032 ce=1.505133 mean_cost=8.008235 vs_sbs=-0.4976% regret=0.6374% gap>0.1_top1=0.4281 gap>0.5_top1=0.4866
[val updates 0950] top1=0.3580 ce=1.668117 mean_cost=7.920175 vs_sbs=-0.4728% regret=0.6396% gap>0.1_top1=0.3827 gap>0.5_top1=0.4187
[train updates 1000] loss=0.59721 grad=0.3427 skipped_total=0 lr_base=2e-06 elapsed=449.4s
[train updates 1000] top1=0.4032 ce=1.504905 mean_cost=8.008216 vs_sbs=-0.4979% regret=0.6373% gap>0.1_top1=0.4283 gap>0.5_top1=0.4869
[val updates 1000] top1=0.3570 ce=1.668141 mean_cost=7.920274 vs_sbs=-0.4716% regret=0.6402% gap>0.1_top1=0.3814 gap>0.5_top1=0.4152
wandb:                                                                                
wandb: 
wandb: Run history:
wandb:            train/actual_regret_pct ▄█▅▆▆▂▅█▇▁▅▄▃▂▃▅▃▄▄▄▄
wandb:                           train/ce ██▇▆▆▅▄▄▄▄▃▂▂▂▂▁▁▁▁▁▁
wandb: train/gap_gt_0_1_actual_regret_pct ▅█▅▇▆▂▄█▇▁▅▃▂▂▃▅▃▄▃▄▄
wandb:              train/gap_gt_0_1_top1 ▁▂▂▁▃▃▅▅▅▆▇▇██▇▆███▇▇
wandb: train/gap_gt_0_5_actual_regret_pct ▅█▅▆▅▂▃▇▆▁▄▂▂▁▃▃▂▃▂▃▄
wandb:              train/gap_gt_0_5_top1 ▂▁▂▂▄▄▅▄▅▇▅▆██▇▇███▇▇
wandb:                    train/mean_cost ▅█▅▇▆▃▅█▇▁▆▄▃▃▄▅▄▄▄▅▅
wandb:                         train/top1 ▁▂▂▂▄▃▅▄▅▆▇▇▇▇▇▇███▇▇
wandb:                   train/vs_sbs_pct ▅█▅▇▆▃▅█▇▁▆▄▃▃▄▅▄▄▄▅▅
wandb:              val/actual_regret_pct ▃▅▄▆▄▁▄▅▅▁▇▅▆▇▆███▇▇▇
wandb:                             val/ce ▂▁▄▁▅▆▃▃▅█▄▆▆█▆██████
wandb:   val/gap_gt_0_1_actual_regret_pct ▃▆▅▇▄▁▄▅▅▁▇▅▆▇▆█▇▇▇▇▇
wandb:                val/gap_gt_0_1_top1 ▅▆▅▄▅▅▅█▆▇▅▅▂▄▄▂▂▁▂▂▂
wandb:   val/gap_gt_0_5_actual_regret_pct ▁▄▂▄▃▁▃▅▃▁▆▄▇▇▇█▇▇▆▆▆
wandb:                val/gap_gt_0_5_top1 ▆▆▆▆▆▇▇▇▆█▄▄▁▃▂▁▂▂▂▃▂
wandb:                      val/mean_cost ▃▅▄▅▃▁▄▅▄▁▆▅▆▆▆▇██▇▇▇
wandb:                           val/top1 ▅▆▅▄▅▅▅█▇▇▅▅▂▃▃▂▁▁▂▂▁
wandb:                     val/vs_sbs_pct ▃▅▄▅▃▁▄▅▄▁▆▅▆▆▆▇██▇▇▇
wandb: 
wandb: Run summary:
wandb:                     final_val_top1 0.357
wandb:            train/actual_regret_pct 0.6373
wandb:                           train/ce 1.50491
wandb: train/gap_gt_0_1_actual_regret_pct 0.71617
wandb:              train/gap_gt_0_1_top1 0.42833
wandb: train/gap_gt_0_5_actual_regret_pct 0.88871
wandb:              train/gap_gt_0_5_top1 0.48694
wandb:                    train/mean_cost 8.00822
wandb:                         train/top1 0.4032
wandb:                   train/vs_sbs_pct -0.49787
wandb:                            updates 1000
wandb:              val/actual_regret_pct 0.64023
wandb:                             val/ce 1.66814
wandb:   val/gap_gt_0_1_actual_regret_pct 0.7411
wandb:                val/gap_gt_0_1_top1 0.38139
wandb:   val/gap_gt_0_5_actual_regret_pct 0.97105
wandb:                val/gap_gt_0_5_top1 0.41522
wandb:                      val/mean_cost 7.92027
wandb:                           val/top1 0.357
wandb:                     val/vs_sbs_pct -0.4716
wandb: 
wandb: You can sync this run to the cloud by running:
wandb: wandb sync code/V4/runs/R37_tsp_local_geometry/redundant_seed2/wandb/offline-run-20260930_140750-98x82xg1
wandb: Find logs at: code/V4/runs/R37_tsp_local_geometry/redundant_seed2/wandb/offline-run-20260930_140750-98x82xg1/logs
[done] redundant_seed2 updates=1000 val_top1=0.3570
wandb: Tracking run with wandb version 0.19.11
wandb: W&B syncing is set to `offline` in this directory. Run `wandb online` or set WANDB_MODE=online to enable cloud syncing.
[start] geometry_seed2 updates=1000 batch=640 optimizer=fresh base_lr=2e-5 geometry_lr=2e-4 model_hash=ac5c8e24a15502a258ce0223d6f31bc435d3361b2bbba9739f28943ef056e434
[train updates 0000] top1=0.3934 ce=1.533871 mean_cost=8.008346 vs_sbs=-0.4963% regret=0.6373% gap>0.1_top1=0.4190 gap>0.5_top1=0.4773
[val updates 0000] top1=0.3630 ce=1.657517 mean_cost=7.917969 vs_sbs=-0.5006% regret=0.6118% gap>0.1_top1=0.3893 gap>0.5_top1=0.4360
[train updates 0050] loss=0.61012 grad=0.2895 skipped_total=0 lr_base=2e-05 elapsed=23.1s
[train updates 0050] top1=0.3954 ce=1.530524 mean_cost=8.009014 vs_sbs=-0.4880% regret=0.6487% gap>0.1_top1=0.4206 gap>0.5_top1=0.4770
[val updates 0050] top1=0.3680 ce=1.655276 mean_cost=7.917646 vs_sbs=-0.5046% regret=0.6132% gap>0.1_top1=0.3945 gap>0.5_top1=0.4394
[train updates 0100] loss=0.60878 grad=0.3220 skipped_total=0 lr_base=1.99e-05 elapsed=45.4s
[train updates 0100] top1=0.3968 ce=1.524745 mean_cost=8.007928 vs_sbs=-0.5014% regret=0.6341% gap>0.1_top1=0.4228 gap>0.5_top1=0.4823
[val updates 0100] top1=0.3700 ce=1.659815 mean_cost=7.917079 vs_sbs=-0.5118% regret=0.6065% gap>0.1_top1=0.3919 gap>0.5_top1=0.4394
[train updates 0150] loss=0.60645 grad=0.3149 skipped_total=0 lr_base=1.95e-05 elapsed=67.7s
[train updates 0150] top1=0.3998 ce=1.518605 mean_cost=8.008271 vs_sbs=-0.4972% regret=0.6372% gap>0.1_top1=0.4252 gap>0.5_top1=0.4823
[val updates 0150] top1=0.3750 ce=1.652801 mean_cost=7.917690 vs_sbs=-0.5041% regret=0.6120% gap>0.1_top1=0.3971 gap>0.5_top1=0.4533
[train updates 0200] loss=0.60336 grad=0.3097 skipped_total=0 lr_base=1.89e-05 elapsed=90.0s
[train updates 0200] top1=0.3980 ce=1.515015 mean_cost=8.008157 vs_sbs=-0.4986% regret=0.6350% gap>0.1_top1=0.4236 gap>0.5_top1=0.4785
[val updates 0200] top1=0.3710 ce=1.661100 mean_cost=7.918091 vs_sbs=-0.4990% regret=0.6133% gap>0.1_top1=0.3958 gap>0.5_top1=0.4464
[train updates 0250] loss=0.60146 grad=0.3501 skipped_total=0 lr_base=1.81e-05 elapsed=112.3s
[train updates 0250] top1=0.3996 ce=1.512095 mean_cost=8.007247 vs_sbs=-0.5099% regret=0.6235% gap>0.1_top1=0.4252 gap>0.5_top1=0.4845
[val updates 0250] top1=0.3660 ce=1.659184 mean_cost=7.916561 vs_sbs=-0.5183% regret=0.5973% gap>0.1_top1=0.3893 gap>0.5_top1=0.4394
[train updates 0300] loss=0.60101 grad=0.3445 skipped_total=0 lr_base=1.71e-05 elapsed=134.5s
[train updates 0300] top1=0.4012 ce=1.506297 mean_cost=8.007599 vs_sbs=-0.5055% regret=0.6275% gap>0.1_top1=0.4264 gap>0.5_top1=0.4835
[val updates 0300] top1=0.3660 ce=1.656581 mean_cost=7.918186 vs_sbs=-0.4978% regret=0.6146% gap>0.1_top1=0.3866 gap>0.5_top1=0.4291
[train updates 0350] loss=0.59884 grad=0.3456 skipped_total=0 lr_base=1.59e-05 elapsed=156.8s
[train updates 0350] top1=0.4025 ce=1.503571 mean_cost=8.008369 vs_sbs=-0.4960% regret=0.6406% gap>0.1_top1=0.4277 gap>0.5_top1=0.4845
[val updates 0350] top1=0.3730 ce=1.654869 mean_cost=7.918869 vs_sbs=-0.4893% regret=0.6292% gap>0.1_top1=0.3919 gap>0.5_top1=0.4360
[train updates 0400] loss=0.59479 grad=0.3550 skipped_total=0 lr_base=1.46e-05 elapsed=179.1s
[train updates 0400] top1=0.4030 ce=1.501689 mean_cost=8.008005 vs_sbs=-0.5005% regret=0.6347% gap>0.1_top1=0.4282 gap>0.5_top1=0.4876
[val updates 0400] top1=0.3740 ce=1.662246 mean_cost=7.919636 vs_sbs=-0.4796% regret=0.6371% gap>0.1_top1=0.3919 gap>0.5_top1=0.4464
[train updates 0450] loss=0.59628 grad=0.3854 skipped_total=0 lr_base=1.32e-05 elapsed=201.4s
[train updates 0450] top1=0.4035 ce=1.498651 mean_cost=8.007601 vs_sbs=-0.5055% regret=0.6279% gap>0.1_top1=0.4290 gap>0.5_top1=0.4857
[val updates 0450] top1=0.3700 ce=1.666167 mean_cost=7.919314 vs_sbs=-0.4837% regret=0.6310% gap>0.1_top1=0.3919 gap>0.5_top1=0.4464
[train updates 0500] loss=0.59470 grad=0.3764 skipped_total=0 lr_base=1.17e-05 elapsed=223.7s
[train updates 0500] top1=0.4056 ce=1.492444 mean_cost=8.006680 vs_sbs=-0.5170% regret=0.6166% gap>0.1_top1=0.4316 gap>0.5_top1=0.4888
[val updates 0500] top1=0.3730 ce=1.658675 mean_cost=7.916702 vs_sbs=-0.5165% regret=0.5937% gap>0.1_top1=0.3932 gap>0.5_top1=0.4394
[train updates 0550] loss=0.59351 grad=0.4139 skipped_total=0 lr_base=1.03e-05 elapsed=245.9s
[train updates 0550] top1=0.4054 ce=1.491279 mean_cost=8.006950 vs_sbs=-0.5136% regret=0.6205% gap>0.1_top1=0.4309 gap>0.5_top1=0.4873
[val updates 0550] top1=0.3720 ce=1.661427 mean_cost=7.917462 vs_sbs=-0.5069% regret=0.6057% gap>0.1_top1=0.3932 gap>0.5_top1=0.4360
[train updates 0600] loss=0.59156 grad=0.3861 skipped_total=0 lr_base=8.79e-06 elapsed=268.2s
[train updates 0600] top1=0.4060 ce=1.489220 mean_cost=8.006644 vs_sbs=-0.5174% regret=0.6146% gap>0.1_top1=0.4319 gap>0.5_top1=0.4897
[val updates 0600] top1=0.3670 ce=1.663356 mean_cost=7.917705 vs_sbs=-0.5039% regret=0.6072% gap>0.1_top1=0.3866 gap>0.5_top1=0.4291
[train updates 0650] loss=0.58993 grad=0.3926 skipped_total=0 lr_base=7.38e-06 elapsed=290.5s
[train updates 0650] top1=0.4067 ce=1.487844 mean_cost=8.007037 vs_sbs=-0.5125% regret=0.6199% gap>0.1_top1=0.4323 gap>0.5_top1=0.4888
[val updates 0650] top1=0.3700 ce=1.664870 mean_cost=7.918501 vs_sbs=-0.4939% regret=0.6156% gap>0.1_top1=0.3879 gap>0.5_top1=0.4291
[train updates 0700] loss=0.59097 grad=0.3932 skipped_total=0 lr_base=6.08e-06 elapsed=312.8s
[train updates 0700] top1=0.4069 ce=1.486118 mean_cost=8.006944 vs_sbs=-0.5137% regret=0.6214% gap>0.1_top1=0.4321 gap>0.5_top1=0.4894
[val updates 0700] top1=0.3730 ce=1.663349 mean_cost=7.917797 vs_sbs=-0.5027% regret=0.6078% gap>0.1_top1=0.3906 gap>0.5_top1=0.4325
[train updates 0750] loss=0.58959 grad=0.3810 skipped_total=0 lr_base=4.9e-06 elapsed=335.1s
[train updates 0750] top1=0.4082 ce=1.484824 mean_cost=8.007101 vs_sbs=-0.5117% regret=0.6237% gap>0.1_top1=0.4329 gap>0.5_top1=0.4897
[val updates 0750] top1=0.3710 ce=1.667302 mean_cost=7.918067 vs_sbs=-0.4993% regret=0.6132% gap>0.1_top1=0.3879 gap>0.5_top1=0.4325
[train updates 0800] loss=0.58826 grad=0.3862 skipped_total=0 lr_base=3.9e-06 elapsed=357.3s
[train updates 0800] top1=0.4076 ce=1.484711 mean_cost=8.007309 vs_sbs=-0.5091% regret=0.6251% gap>0.1_top1=0.4330 gap>0.5_top1=0.4900
[val updates 0800] top1=0.3750 ce=1.667227 mean_cost=7.918040 vs_sbs=-0.4997% regret=0.6109% gap>0.1_top1=0.3932 gap>0.5_top1=0.4464
[train updates 0850] loss=0.58903 grad=0.3814 skipped_total=0 lr_base=3.08e-06 elapsed=379.6s
[train updates 0850] top1=0.4072 ce=1.482525 mean_cost=8.006974 vs_sbs=-0.5133% regret=0.6215% gap>0.1_top1=0.4318 gap>0.5_top1=0.4894
[val updates 0850] top1=0.3720 ce=1.665046 mean_cost=7.917480 vs_sbs=-0.5067% regret=0.6063% gap>0.1_top1=0.3879 gap>0.5_top1=0.4394
[train updates 0900] loss=0.58768 grad=0.4072 skipped_total=0 lr_base=2.49e-06 elapsed=401.9s
[train updates 0900] top1=0.4078 ce=1.482610 mean_cost=8.007224 vs_sbs=-0.5102% regret=0.6250% gap>0.1_top1=0.4322 gap>0.5_top1=0.4885
[val updates 0900] top1=0.3710 ce=1.667221 mean_cost=7.918516 vs_sbs=-0.4937% regret=0.6183% gap>0.1_top1=0.3893 gap>0.5_top1=0.4360
[train updates 0950] loss=0.58827 grad=0.3828 skipped_total=0 lr_base=2.12e-06 elapsed=424.2s
[train updates 0950] top1=0.4087 ce=1.481752 mean_cost=8.006900 vs_sbs=-0.5142% regret=0.6205% gap>0.1_top1=0.4336 gap>0.5_top1=0.4913
[val updates 0950] top1=0.3720 ce=1.667042 mean_cost=7.917586 vs_sbs=-0.5054% regret=0.6073% gap>0.1_top1=0.3893 gap>0.5_top1=0.4429
[train updates 1000] loss=0.58744 grad=0.4103 skipped_total=0 lr_base=2e-06 elapsed=446.5s
[train updates 1000] top1=0.4075 ce=1.481662 mean_cost=8.007098 vs_sbs=-0.5118% regret=0.6229% gap>0.1_top1=0.4326 gap>0.5_top1=0.4900
[val updates 1000] top1=0.3710 ce=1.667438 mean_cost=7.918401 vs_sbs=-0.4951% regret=0.6167% gap>0.1_top1=0.3879 gap>0.5_top1=0.4360
wandb:                                                                                
wandb: 
wandb: Run history:
wandb:            train/actual_regret_pct ▆█▅▆▅▃▄▆▅▄▁▂▁▂▂▃▃▂▃▂▃
wandb:                           train/ce ██▇▆▅▅▄▄▄▃▂▂▂▂▂▁▁▁▁▁▁
wandb: train/gap_gt_0_1_actual_regret_pct ▆█▅▆▆▃▄▇▅▄▁▂▁▂▂▃▃▂▃▂▃
wandb:              train/gap_gt_0_1_top1 ▁▂▃▄▃▄▅▅▅▆▇▇▇▇▇██▇▇██
wandb: train/gap_gt_0_5_actual_regret_pct ▅█▄▅▆▂▄▆▅▅▁▃▁▂▂▃▃▂▃▁▂
wandb:              train/gap_gt_0_5_top1 ▁▁▄▄▂▅▄▅▆▅▇▆▇▇▇▇▇▇▇█▇
wandb:                    train/mean_cost ▆█▅▆▅▃▄▆▅▄▁▂▁▂▂▂▃▂▃▂▂
wandb:                         train/top1 ▁▂▃▄▃▄▅▅▅▆▇▆▇▇▇█▇▇██▇
wandb:                   train/vs_sbs_pct ▆█▅▆▅▃▄▆▅▄▁▂▁▂▂▂▃▂▃▂▂
wandb:              val/actual_regret_pct ▄▄▃▄▄▂▄▇█▇▁▃▃▅▃▄▄▃▅▃▅
wandb:                             val/ce ▃▂▄▁▅▄▃▂▆▇▄▅▆▇▆██▇███
wandb:   val/gap_gt_0_1_actual_regret_pct ▆▆▄▅▄▂▆▇██▁▁▄▆▄▃▃▂▅▂▅
wandb:                val/gap_gt_0_1_top1 ▃▆▅█▇▃▁▅▅▅▅▅▁▂▄▂▅▂▃▃▂
wandb:   val/gap_gt_0_5_actual_regret_pct ▃▄▆▄▅▆▇▇██▁▁▄▅▃▃▂▂▄▂▃
wandb:                val/gap_gt_0_5_top1 ▃▄▄█▆▄▁▃▆▆▄▃▁▁▂▂▆▄▃▅▃
wandb:                      val/mean_cost ▄▃▂▄▄▁▅▆█▇▁▃▄▅▄▄▄▃▅▃▅
wandb:                           val/top1 ▁▄▅█▆▃▃▇▇▅▇▆▃▅▇▆█▆▆▆▆
wandb:                     val/vs_sbs_pct ▄▃▂▄▄▁▅▆█▇▁▃▄▅▄▄▄▃▅▃▅
wandb: 
wandb: Run summary:
wandb:                     final_val_top1 0.371
wandb:            train/actual_regret_pct 0.62294
wandb:                           train/ce 1.48166
wandb: train/gap_gt_0_1_actual_regret_pct 0.70265
wandb:              train/gap_gt_0_1_top1 0.43259
wandb: train/gap_gt_0_5_actual_regret_pct 0.86939
wandb:              train/gap_gt_0_5_top1 0.49005
wandb:                    train/mean_cost 8.0071
wandb:                         train/top1 0.4075
wandb:                   train/vs_sbs_pct -0.51176
wandb:                            updates 1000
wandb:              val/actual_regret_pct 0.61673
wandb:                             val/ce 1.66744
wandb:   val/gap_gt_0_1_actual_regret_pct 0.71243
wandb:                val/gap_gt_0_1_top1 0.38794
wandb:   val/gap_gt_0_5_actual_regret_pct 0.9087
wandb:                val/gap_gt_0_5_top1 0.43599
wandb:                      val/mean_cost 7.9184
wandb:                           val/top1 0.371
wandb:                     val/vs_sbs_pct -0.49513
wandb: 
wandb: You can sync this run to the cloud by running:
wandb: wandb sync code/V4/runs/R37_tsp_local_geometry/geometry_seed2/wandb/offline-run-20260930_141520-m8er5k5d
wandb: Find logs at: code/V4/runs/R37_tsp_local_geometry/geometry_seed2/wandb/offline-run-20260930_141520-m8er5k5d/logs
[done] geometry_seed2 updates=1000 val_top1=0.3710
wandb: Tracking run with wandb version 0.19.11
wandb: W&B syncing is set to `offline` in this directory. Run `wandb online` or set WANDB_MODE=online to enable cloud syncing.
[start] redundant_seed3 updates=1000 batch=640 optimizer=fresh base_lr=2e-5 geometry_lr=2e-4 model_hash=a514fd32be670c4c79f564887321f6ab3c8bfaaac37ba00460d30c6030af43d8
[train updates 0000] top1=0.3934 ce=1.533871 mean_cost=8.008346 vs_sbs=-0.4963% regret=0.6373% gap>0.1_top1=0.4190 gap>0.5_top1=0.4773
[val updates 0000] top1=0.3630 ce=1.657517 mean_cost=7.917969 vs_sbs=-0.5006% regret=0.6118% gap>0.1_top1=0.3893 gap>0.5_top1=0.4360
[train updates 0050] loss=0.61131 grad=0.2563 skipped_total=0 lr_base=2e-05 elapsed=22.7s
[train updates 0050] top1=0.3939 ce=1.532006 mean_cost=8.008016 vs_sbs=-0.5004% regret=0.6335% gap>0.1_top1=0.4193 gap>0.5_top1=0.4773
[val updates 0050] top1=0.3630 ce=1.655702 mean_cost=7.918348 vs_sbs=-0.4958% regret=0.6185% gap>0.1_top1=0.3866 gap>0.5_top1=0.4291
[train updates 0100] loss=0.60980 grad=0.3042 skipped_total=0 lr_base=1.99e-05 elapsed=45.1s
[train updates 0100] top1=0.3965 ce=1.529666 mean_cost=8.008565 vs_sbs=-0.4935% regret=0.6429% gap>0.1_top1=0.4208 gap>0.5_top1=0.4792
[val updates 0100] top1=0.3620 ce=1.661208 mean_cost=7.918389 vs_sbs=-0.4953% regret=0.6255% gap>0.1_top1=0.3866 gap>0.5_top1=0.4256
[train updates 0150] loss=0.60858 grad=0.3010 skipped_total=0 lr_base=1.95e-05 elapsed=67.4s
[train updates 0150] top1=0.3970 ce=1.527193 mean_cost=8.007689 vs_sbs=-0.5044% regret=0.6289% gap>0.1_top1=0.4224 gap>0.5_top1=0.4826
[val updates 0150] top1=0.3630 ce=1.662111 mean_cost=7.917358 vs_sbs=-0.5082% regret=0.6077% gap>0.1_top1=0.3853 gap>0.5_top1=0.4325
[train updates 0200] loss=0.60795 grad=0.2947 skipped_total=0 lr_base=1.89e-05 elapsed=89.7s
[train updates 0200] top1=0.3981 ce=1.523618 mean_cost=8.008510 vs_sbs=-0.4942% regret=0.6415% gap>0.1_top1=0.4226 gap>0.5_top1=0.4804
[val updates 0200] top1=0.3630 ce=1.654256 mean_cost=7.918282 vs_sbs=-0.4966% regret=0.6202% gap>0.1_top1=0.3879 gap>0.5_top1=0.4325
[train updates 0250] loss=0.60585 grad=0.3089 skipped_total=0 lr_base=1.81e-05 elapsed=112.0s
[train updates 0250] top1=0.3979 ce=1.522114 mean_cost=8.008567 vs_sbs=-0.4935% regret=0.6442% gap>0.1_top1=0.4228 gap>0.5_top1=0.4817
[val updates 0250] top1=0.3630 ce=1.660014 mean_cost=7.918991 vs_sbs=-0.4877% regret=0.6308% gap>0.1_top1=0.3840 gap>0.5_top1=0.4221
[train updates 0300] loss=0.60625 grad=0.3176 skipped_total=0 lr_base=1.71e-05 elapsed=134.3s
[train updates 0300] top1=0.3991 ce=1.518830 mean_cost=8.008613 vs_sbs=-0.4929% regret=0.6424% gap>0.1_top1=0.4245 gap>0.5_top1=0.4810
[val updates 0300] top1=0.3620 ce=1.658435 mean_cost=7.919685 vs_sbs=-0.4790% regret=0.6372% gap>0.1_top1=0.3853 gap>0.5_top1=0.4325
[train updates 0350] loss=0.60476 grad=0.3106 skipped_total=0 lr_base=1.59e-05 elapsed=156.8s
[train updates 0350] top1=0.3990 ce=1.518124 mean_cost=8.008500 vs_sbs=-0.4943% regret=0.6429% gap>0.1_top1=0.4243 gap>0.5_top1=0.4848
[val updates 0350] top1=0.3690 ce=1.666544 mean_cost=7.918884 vs_sbs=-0.4891% regret=0.6293% gap>0.1_top1=0.3906 gap>0.5_top1=0.4291
[train updates 0400] loss=0.60372 grad=0.3403 skipped_total=0 lr_base=1.46e-05 elapsed=179.1s
[train updates 0400] top1=0.4015 ce=1.515625 mean_cost=8.007852 vs_sbs=-0.5024% regret=0.6317% gap>0.1_top1=0.4260 gap>0.5_top1=0.4826
[val updates 0400] top1=0.3560 ce=1.666166 mean_cost=7.920972 vs_sbs=-0.4628% regret=0.6526% gap>0.1_top1=0.3788 gap>0.5_top1=0.4152
[train updates 0450] loss=0.60268 grad=0.3188 skipped_total=0 lr_base=1.32e-05 elapsed=201.5s
[train updates 0450] top1=0.4011 ce=1.513222 mean_cost=8.008430 vs_sbs=-0.4952% regret=0.6419% gap>0.1_top1=0.4259 gap>0.5_top1=0.4857
[val updates 0450] top1=0.3680 ce=1.662573 mean_cost=7.919379 vs_sbs=-0.4828% regret=0.6350% gap>0.1_top1=0.3893 gap>0.5_top1=0.4291
[train updates 0500] loss=0.60213 grad=0.3272 skipped_total=0 lr_base=1.17e-05 elapsed=223.8s
[train updates 0500] top1=0.4020 ce=1.511109 mean_cost=8.008107 vs_sbs=-0.4992% regret=0.6361% gap>0.1_top1=0.4270 gap>0.5_top1=0.4851
[val updates 0500] top1=0.3660 ce=1.663459 mean_cost=7.919701 vs_sbs=-0.4788% regret=0.6356% gap>0.1_top1=0.3906 gap>0.5_top1=0.4291
[train updates 0550] loss=0.60221 grad=0.3404 skipped_total=0 lr_base=1.03e-05 elapsed=246.1s
[train updates 0550] top1=0.4011 ce=1.510726 mean_cost=8.007984 vs_sbs=-0.5007% regret=0.6333% gap>0.1_top1=0.4261 gap>0.5_top1=0.4851
[val updates 0550] top1=0.3610 ce=1.662670 mean_cost=7.918953 vs_sbs=-0.4882% regret=0.6268% gap>0.1_top1=0.3879 gap>0.5_top1=0.4221
[train updates 0600] loss=0.59972 grad=0.3418 skipped_total=0 lr_base=8.79e-06 elapsed=268.4s
[train updates 0600] top1=0.4032 ce=1.509783 mean_cost=8.008134 vs_sbs=-0.4989% regret=0.6389% gap>0.1_top1=0.4287 gap>0.5_top1=0.4891
[val updates 0600] top1=0.3680 ce=1.667502 mean_cost=7.918805 vs_sbs=-0.4901% regret=0.6274% gap>0.1_top1=0.3879 gap>0.5_top1=0.4221
[train updates 0650] loss=0.59959 grad=0.3397 skipped_total=0 lr_base=7.38e-06 elapsed=290.7s
[train updates 0650] top1=0.4037 ce=1.508142 mean_cost=8.007948 vs_sbs=-0.5012% regret=0.6338% gap>0.1_top1=0.4286 gap>0.5_top1=0.4876
[val updates 0650] top1=0.3620 ce=1.666383 mean_cost=7.919772 vs_sbs=-0.4779% regret=0.6384% gap>0.1_top1=0.3853 gap>0.5_top1=0.4256
[train updates 0700] loss=0.60081 grad=0.3373 skipped_total=0 lr_base=6.08e-06 elapsed=313.0s
[train updates 0700] top1=0.4028 ce=1.507774 mean_cost=8.008362 vs_sbs=-0.4961% regret=0.6395% gap>0.1_top1=0.4276 gap>0.5_top1=0.4866
[val updates 0700] top1=0.3620 ce=1.669600 mean_cost=7.920060 vs_sbs=-0.4743% regret=0.6381% gap>0.1_top1=0.3853 gap>0.5_top1=0.4152
[train updates 0750] loss=0.59918 grad=0.3383 skipped_total=0 lr_base=4.9e-06 elapsed=335.3s
[train updates 0750] top1=0.4028 ce=1.506809 mean_cost=8.008327 vs_sbs=-0.4965% regret=0.6400% gap>0.1_top1=0.4273 gap>0.5_top1=0.4873
[val updates 0750] top1=0.3610 ce=1.667298 mean_cost=7.920246 vs_sbs=-0.4720% regret=0.6418% gap>0.1_top1=0.3827 gap>0.5_top1=0.4118
[train updates 0800] loss=0.59927 grad=0.3430 skipped_total=0 lr_base=3.9e-06 elapsed=357.6s
[train updates 0800] top1=0.4039 ce=1.506125 mean_cost=8.007987 vs_sbs=-0.5007% regret=0.6346% gap>0.1_top1=0.4288 gap>0.5_top1=0.4888
[val updates 0800] top1=0.3640 ce=1.668509 mean_cost=7.919533 vs_sbs=-0.4809% regret=0.6340% gap>0.1_top1=0.3866 gap>0.5_top1=0.4187
[train updates 0850] loss=0.59819 grad=0.3413 skipped_total=0 lr_base=3.08e-06 elapsed=379.9s
[train updates 0850] top1=0.4036 ce=1.505877 mean_cost=8.008158 vs_sbs=-0.4986% regret=0.6380% gap>0.1_top1=0.4288 gap>0.5_top1=0.4894
[val updates 0850] top1=0.3630 ce=1.669545 mean_cost=7.920032 vs_sbs=-0.4746% regret=0.6388% gap>0.1_top1=0.3853 gap>0.5_top1=0.4152
[train updates 0900] loss=0.59898 grad=0.3361 skipped_total=0 lr_base=2.49e-06 elapsed=402.2s
[train updates 0900] top1=0.4042 ce=1.505203 mean_cost=8.008055 vs_sbs=-0.4999% regret=0.6354% gap>0.1_top1=0.4291 gap>0.5_top1=0.4888
[val updates 0900] top1=0.3620 ce=1.668059 mean_cost=7.920361 vs_sbs=-0.4705% regret=0.6417% gap>0.1_top1=0.3866 gap>0.5_top1=0.4187
[train updates 0950] loss=0.59750 grad=0.3476 skipped_total=0 lr_base=2.12e-06 elapsed=424.4s
[train updates 0950] top1=0.4039 ce=1.505018 mean_cost=8.008222 vs_sbs=-0.4978% regret=0.6377% gap>0.1_top1=0.4288 gap>0.5_top1=0.4888
[val updates 0950] top1=0.3630 ce=1.668243 mean_cost=7.920408 vs_sbs=-0.4699% regret=0.6434% gap>0.1_top1=0.3853 gap>0.5_top1=0.4187
[train updates 1000] loss=0.59858 grad=0.3508 skipped_total=0 lr_base=2e-06 elapsed=446.7s
[train updates 1000] top1=0.4028 ce=1.504758 mean_cost=8.008370 vs_sbs=-0.4960% regret=0.6403% gap>0.1_top1=0.4278 gap>0.5_top1=0.4876
[val updates 1000] top1=0.3610 ce=1.667602 mean_cost=7.920361 vs_sbs=-0.4705% regret=0.6423% gap>0.1_top1=0.3840 gap>0.5_top1=0.4152
wandb:                                                                                
wandb: 
wandb: Run history:
wandb:            train/actual_regret_pct ▅▃▇▁▇█▇▇▂▇▄▃▆▃▆▆▄▅▄▅▆
wandb:                           train/ce ██▇▆▆▅▄▄▄▃▃▂▂▂▂▁▁▁▁▁▁
wandb: train/gap_gt_0_1_actual_regret_pct ▆▄█▁▆█▆▇▃▆▄▃▅▃▅▆▃▅▄▅▆
wandb:              train/gap_gt_0_1_top1 ▁▁▂▃▄▄▅▅▆▆▇▆██▇▇████▇
wandb: train/gap_gt_0_5_actual_regret_pct ▆▅▇▁▇▅█▅▃▃▃▃▂▂▃▃▂▂▂▂▃
wandb:              train/gap_gt_0_5_top1 ▁▁▂▄▃▄▃▅▄▆▅▅█▇▆▇████▇
wandb:                    train/mean_cost ▆▃█▁▇██▇▂▇▄▃▄▃▆▆▃▅▄▅▆
wandb:                         train/top1 ▁▁▃▃▄▄▅▅▆▆▇▆▇█▇▇████▇
wandb:                   train/vs_sbs_pct ▆▃█▁▇██▇▂▇▄▃▄▃▆▆▃▅▄▅▆
wandb:              val/actual_regret_pct ▂▃▄▁▃▅▆▄█▅▅▄▄▆▆▆▅▆▆▇▆
wandb:                             val/ce ▂▂▄▅▁▄▃▇▆▅▅▅▇▇█▇██▇▇▇
wandb:   val/gap_gt_0_1_actual_regret_pct ▂▃▄▁▃▅▆▅█▅▅▄▄▅▅▆▅▅▅▆▅
wandb:                val/gap_gt_0_1_top1 ▇▆▆▅▆▄▅█▁▇█▆▆▅▅▃▆▅▆▅▄
wandb:   val/gap_gt_0_5_actual_regret_pct ▁▂▅▃▃▆▅▅█▆▆▆▆▅▇█▇▇▇█▇
wandb:                val/gap_gt_0_5_top1 █▆▅▇▇▄▇▆▂▆▆▄▄▅▂▁▃▂▃▃▂
wandb:                      val/mean_cost ▂▃▃▁▃▄▆▄█▅▆▄▄▆▆▇▅▆▇▇▇
wandb:                           val/top1 ▅▅▄▅▅▅▄█▁▇▆▄▇▄▄▄▅▅▄▅▄
wandb:                     val/vs_sbs_pct ▂▃▃▁▃▄▆▄█▅▆▄▄▆▆▇▅▆▇▇▇
wandb: 
wandb: Run summary:
wandb:                     final_val_top1 0.361
wandb:            train/actual_regret_pct 0.64026
wandb:                           train/ce 1.50476
wandb: train/gap_gt_0_1_actual_regret_pct 0.71962
wandb:              train/gap_gt_0_1_top1 0.42782
wandb: train/gap_gt_0_5_actual_regret_pct 0.88197
wandb:              train/gap_gt_0_5_top1 0.48756
wandb:                    train/mean_cost 8.00837
wandb:                         train/top1 0.4028
wandb:                   train/vs_sbs_pct -0.49595
wandb:                            updates 1000
wandb:              val/actual_regret_pct 0.64226
wandb:                             val/ce 1.6676
wandb:   val/gap_gt_0_1_actual_regret_pct 0.74359
wandb:                val/gap_gt_0_1_top1 0.38401
wandb:   val/gap_gt_0_5_actual_regret_pct 0.98129
wandb:                val/gap_gt_0_5_top1 0.41522
wandb:                      val/mean_cost 7.92036
wandb:                           val/top1 0.361
wandb:                     val/vs_sbs_pct -0.4705
wandb: 
wandb: You can sync this run to the cloud by running:
wandb: wandb sync code/V4/runs/R37_tsp_local_geometry/redundant_seed3/wandb/offline-run-20260930_142251-2fu6bgon
wandb: Find logs at: code/V4/runs/R37_tsp_local_geometry/redundant_seed3/wandb/offline-run-20260930_142251-2fu6bgon/logs
[done] redundant_seed3 updates=1000 val_top1=0.3610
wandb: Tracking run with wandb version 0.19.11
wandb: W&B syncing is set to `offline` in this directory. Run `wandb online` or set WANDB_MODE=online to enable cloud syncing.
[start] geometry_seed3 updates=1000 batch=640 optimizer=fresh base_lr=2e-5 geometry_lr=2e-4 model_hash=a514fd32be670c4c79f564887321f6ab3c8bfaaac37ba00460d30c6030af43d8
[train updates 0000] top1=0.3934 ce=1.533871 mean_cost=8.008346 vs_sbs=-0.4963% regret=0.6373% gap>0.1_top1=0.4190 gap>0.5_top1=0.4773
[val updates 0000] top1=0.3630 ce=1.657517 mean_cost=7.917969 vs_sbs=-0.5006% regret=0.6118% gap>0.1_top1=0.3893 gap>0.5_top1=0.4360
[train updates 0050] loss=0.61071 grad=0.2690 skipped_total=0 lr_base=2e-05 elapsed=23.0s
[train updates 0050] top1=0.3940 ce=1.529301 mean_cost=8.007469 vs_sbs=-0.5072% regret=0.6262% gap>0.1_top1=0.4202 gap>0.5_top1=0.4795
[val updates 0050] top1=0.3650 ce=1.653454 mean_cost=7.918011 vs_sbs=-0.5000% regret=0.6171% gap>0.1_top1=0.3893 gap>0.5_top1=0.4291
[train updates 0100] loss=0.60791 grad=0.3213 skipped_total=0 lr_base=1.99e-05 elapsed=45.3s
[train updates 0100] top1=0.3960 ce=1.523836 mean_cost=8.008244 vs_sbs=-0.4975% regret=0.6372% gap>0.1_top1=0.4212 gap>0.5_top1=0.4789
[val updates 0100] top1=0.3700 ce=1.657629 mean_cost=7.917293 vs_sbs=-0.5091% regret=0.6080% gap>0.1_top1=0.3945 gap>0.5_top1=0.4429
[train updates 0150] loss=0.60519 grad=0.3240 skipped_total=0 lr_base=1.95e-05 elapsed=67.5s
[train updates 0150] top1=0.3988 ce=1.519155 mean_cost=8.006588 vs_sbs=-0.5181% regret=0.6139% gap>0.1_top1=0.4245 gap>0.5_top1=0.4838
[val updates 0150] top1=0.3680 ce=1.656533 mean_cost=7.917794 vs_sbs=-0.5028% regret=0.6117% gap>0.1_top1=0.3919 gap>0.5_top1=0.4325
[train updates 0200] loss=0.60382 grad=0.3169 skipped_total=0 lr_base=1.89e-05 elapsed=89.8s
[train updates 0200] top1=0.4003 ce=1.513553 mean_cost=8.007706 vs_sbs=-0.5042% regret=0.6291% gap>0.1_top1=0.4274 gap>0.5_top1=0.4841
[val updates 0200] top1=0.3720 ce=1.648867 mean_cost=7.917246 vs_sbs=-0.5096% regret=0.6038% gap>0.1_top1=0.3945 gap>0.5_top1=0.4464
[train updates 0250] loss=0.60098 grad=0.3340 skipped_total=0 lr_base=1.81e-05 elapsed=112.1s
[train updates 0250] top1=0.4009 ce=1.511339 mean_cost=8.007129 vs_sbs=-0.5114% regret=0.6241% gap>0.1_top1=0.4267 gap>0.5_top1=0.4857
[val updates 0250] top1=0.3720 ce=1.653608 mean_cost=7.918825 vs_sbs=-0.4898% regret=0.6274% gap>0.1_top1=0.3893 gap>0.5_top1=0.4394
[train updates 0300] loss=0.60074 grad=0.3442 skipped_total=0 lr_base=1.71e-05 elapsed=134.4s
[train updates 0300] top1=0.4022 ce=1.505991 mean_cost=8.007315 vs_sbs=-0.5091% regret=0.6237% gap>0.1_top1=0.4281 gap>0.5_top1=0.4841
[val updates 0300] top1=0.3690 ce=1.655059 mean_cost=7.918114 vs_sbs=-0.4987% regret=0.6132% gap>0.1_top1=0.3919 gap>0.5_top1=0.4394
[train updates 0350] loss=0.59828 grad=0.3433 skipped_total=0 lr_base=1.59e-05 elapsed=156.7s
[train updates 0350] top1=0.4038 ce=1.503547 mean_cost=8.007092 vs_sbs=-0.5118% regret=0.6218% gap>0.1_top1=0.4299 gap>0.5_top1=0.4882
[val updates 0350] top1=0.3720 ce=1.662917 mean_cost=7.918004 vs_sbs=-0.5001% regret=0.6184% gap>0.1_top1=0.3893 gap>0.5_top1=0.4291
[train updates 0400] loss=0.59721 grad=0.3747 skipped_total=0 lr_base=1.46e-05 elapsed=179.0s
[train updates 0400] top1=0.4026 ce=1.499992 mean_cost=8.007061 vs_sbs=-0.5122% regret=0.6200% gap>0.1_top1=0.4279 gap>0.5_top1=0.4848
[val updates 0400] top1=0.3740 ce=1.660726 mean_cost=7.918951 vs_sbs=-0.4882% regret=0.6255% gap>0.1_top1=0.3919 gap>0.5_top1=0.4394
[train updates 0450] loss=0.59514 grad=0.3480 skipped_total=0 lr_base=1.32e-05 elapsed=201.2s
[train updates 0450] top1=0.4051 ce=1.495010 mean_cost=8.006912 vs_sbs=-0.5141% regret=0.6195% gap>0.1_top1=0.4304 gap>0.5_top1=0.4882
[val updates 0450] top1=0.3700 ce=1.654271 mean_cost=7.917693 vs_sbs=-0.5040% regret=0.6086% gap>0.1_top1=0.3893 gap>0.5_top1=0.4325
[train updates 0500] loss=0.59378 grad=0.3588 skipped_total=0 lr_base=1.17e-05 elapsed=223.5s
[train updates 0500] top1=0.4039 ce=1.494101 mean_cost=8.007110 vs_sbs=-0.5116% regret=0.6210% gap>0.1_top1=0.4295 gap>0.5_top1=0.4863
[val updates 0500] top1=0.3720 ce=1.660975 mean_cost=7.917932 vs_sbs=-0.5010% regret=0.6100% gap>0.1_top1=0.3906 gap>0.5_top1=0.4429
[train updates 0550] loss=0.59408 grad=0.3765 skipped_total=0 lr_base=1.03e-05 elapsed=245.8s
[train updates 0550] top1=0.4057 ce=1.490976 mean_cost=8.006563 vs_sbs=-0.5184% regret=0.6144% gap>0.1_top1=0.4308 gap>0.5_top1=0.4879
[val updates 0550] top1=0.3740 ce=1.657915 mean_cost=7.917119 vs_sbs=-0.5112% regret=0.5981% gap>0.1_top1=0.3919 gap>0.5_top1=0.4464
[train updates 0600] loss=0.59091 grad=0.3809 skipped_total=0 lr_base=8.79e-06 elapsed=268.1s
[train updates 0600] top1=0.4068 ce=1.488760 mean_cost=8.006854 vs_sbs=-0.5148% regret=0.6196% gap>0.1_top1=0.4314 gap>0.5_top1=0.4885
[val updates 0600] top1=0.3750 ce=1.662324 mean_cost=7.916317 vs_sbs=-0.5213% regret=0.5915% gap>0.1_top1=0.3958 gap>0.5_top1=0.4498
[train updates 0650] loss=0.59061 grad=0.3897 skipped_total=0 lr_base=7.38e-06 elapsed=290.3s
[train updates 0650] top1=0.4071 ce=1.487118 mean_cost=8.007075 vs_sbs=-0.5120% regret=0.6215% gap>0.1_top1=0.4325 gap>0.5_top1=0.4894
[val updates 0650] top1=0.3730 ce=1.664565 mean_cost=7.917906 vs_sbs=-0.5014% regret=0.6085% gap>0.1_top1=0.3906 gap>0.5_top1=0.4394
[train updates 0700] loss=0.59113 grad=0.3830 skipped_total=0 lr_base=6.08e-06 elapsed=312.6s
[train updates 0700] top1=0.4072 ce=1.486306 mean_cost=8.006486 vs_sbs=-0.5194% regret=0.6131% gap>0.1_top1=0.4334 gap>0.5_top1=0.4894
[val updates 0700] top1=0.3750 ce=1.667767 mean_cost=7.917130 vs_sbs=-0.5111% regret=0.5996% gap>0.1_top1=0.3932 gap>0.5_top1=0.4394
[train updates 0750] loss=0.58967 grad=0.3921 skipped_total=0 lr_base=4.9e-06 elapsed=334.9s
[train updates 0750] top1=0.4071 ce=1.484447 mean_cost=8.007077 vs_sbs=-0.5120% regret=0.6227% gap>0.1_top1=0.4321 gap>0.5_top1=0.4900
[val updates 0750] top1=0.3750 ce=1.666228 mean_cost=7.917787 vs_sbs=-0.5029% regret=0.6076% gap>0.1_top1=0.3919 gap>0.5_top1=0.4360
[train updates 0800] loss=0.58938 grad=0.3892 skipped_total=0 lr_base=3.9e-06 elapsed=357.2s
[train updates 0800] top1=0.4086 ce=1.483136 mean_cost=8.006689 vs_sbs=-0.5168% regret=0.6164% gap>0.1_top1=0.4338 gap>0.5_top1=0.4919
[val updates 0800] top1=0.3720 ce=1.666007 mean_cost=7.918376 vs_sbs=-0.4954% regret=0.6146% gap>0.1_top1=0.3893 gap>0.5_top1=0.4394
[train updates 0850] loss=0.58806 grad=0.3764 skipped_total=0 lr_base=3.08e-06 elapsed=379.4s
[train updates 0850] top1=0.4082 ce=1.482860 mean_cost=8.006727 vs_sbs=-0.5164% regret=0.6180% gap>0.1_top1=0.4338 gap>0.5_top1=0.4919
[val updates 0850] top1=0.3710 ce=1.668458 mean_cost=7.918088 vs_sbs=-0.4991% regret=0.6114% gap>0.1_top1=0.3866 gap>0.5_top1=0.4291
[train updates 0900] loss=0.58889 grad=0.3855 skipped_total=0 lr_base=2.49e-06 elapsed=401.7s
[train updates 0900] top1=0.4089 ce=1.482061 mean_cost=8.006979 vs_sbs=-0.5132% regret=0.6193% gap>0.1_top1=0.4343 gap>0.5_top1=0.4932
[val updates 0900] top1=0.3760 ce=1.667014 mean_cost=7.918636 vs_sbs=-0.4922% regret=0.6178% gap>0.1_top1=0.3932 gap>0.5_top1=0.4360
[train updates 0950] loss=0.58703 grad=0.3990 skipped_total=0 lr_base=2.12e-06 elapsed=424.0s
[train updates 0950] top1=0.4093 ce=1.481699 mean_cost=8.007091 vs_sbs=-0.5118% regret=0.6215% gap>0.1_top1=0.4345 gap>0.5_top1=0.4935
[val updates 0950] top1=0.3730 ce=1.667607 mean_cost=7.917694 vs_sbs=-0.5040% regret=0.6060% gap>0.1_top1=0.3893 gap>0.5_top1=0.4360
[train updates 1000] loss=0.58875 grad=0.4067 skipped_total=0 lr_base=2e-06 elapsed=446.2s
[train updates 1000] top1=0.4087 ce=1.481664 mean_cost=8.007329 vs_sbs=-0.5089% regret=0.6249% gap>0.1_top1=0.4335 gap>0.5_top1=0.4907
[val updates 1000] top1=0.3780 ce=1.667439 mean_cost=7.918731 vs_sbs=-0.4910% regret=0.6222% gap>0.1_top1=0.3958 gap>0.5_top1=0.4464
wandb:                                                                                
wandb: 
wandb: Run history:
wandb:            train/actual_regret_pct █▅█▁▆▄▄▄▃▃▃▁▃▃▁▄▂▂▃▃▄
wandb:                           train/ce █▇▇▆▅▅▄▄▃▃▃▂▂▂▂▁▁▁▁▁▁
wandb: train/gap_gt_0_1_actual_regret_pct █▆█▂▆▄▅▃▃▃▄▁▃▃▁▄▂▂▃▃▄
wandb:              train/gap_gt_0_1_top1 ▁▂▂▃▅▄▅▆▅▆▆▆▇▇▇▇█████
wandb: train/gap_gt_0_5_actual_regret_pct █▆▇▂▆▃▆▄▄▄▅▂▄▃▁▂▂▁▁▂▄
wandb:              train/gap_gt_0_5_top1 ▁▂▂▄▄▅▄▆▄▆▅▆▆▆▆▇▇▇██▇
wandb:                    train/mean_cost █▅█▁▆▃▄▃▃▃▃▁▂▃▁▃▂▂▃▃▄
wandb:                         train/top1 ▁▁▂▃▄▄▅▆▅▆▆▆▇▇▇▇█████
wandb:                   train/vs_sbs_pct █▅█▁▆▃▄▃▃▃▃▁▂▃▁▃▂▂▃▃▄
wandb:              val/actual_regret_pct ▅▆▄▅▃█▅▆█▄▅▂▁▄▃▄▅▅▆▄▇
wandb:                             val/ce ▄▃▄▄▁▃▃▆▅▃▅▄▆▇█▇▇█▇██
wandb:   val/gap_gt_0_1_actual_regret_pct ▇█▅▆▅█▇▇▇▄▇▄▁▅▃▅▆▅▇▄▇
wandb:                val/gap_gt_0_1_top1 ▃▃▇▅▇▃▅▃▅▃▄▅█▄▆▅▃▁▆▃█
wandb:   val/gap_gt_0_5_actual_regret_pct ▄▆▆█▆█▆█▇▅▆▅▁▄▂▃▆▄▇▄▆
wandb:                val/gap_gt_0_5_top1 ▃▁▆▂▇▅▅▁▅▂▆▇█▅▅▃▅▁▃▃▇
wandb:                      val/mean_cost ▅▆▄▅▃█▆▅█▅▅▃▁▅▃▅▆▆▇▅▇
wandb:                           val/top1 ▁▂▄▃▅▅▄▅▆▄▅▆▇▆▇▇▅▅▇▆█
wandb:                     val/vs_sbs_pct ▅▆▄▅▃█▆▅█▅▅▃▁▅▃▅▆▆▇▅▇
wandb: 
wandb: Run summary:
wandb:                     final_val_top1 0.378
wandb:            train/actual_regret_pct 0.62494
wandb:                           train/ce 1.48166
wandb: train/gap_gt_0_1_actual_regret_pct 0.70131
wandb:              train/gap_gt_0_1_top1 0.4335
wandb: train/gap_gt_0_5_actual_regret_pct 0.86827
wandb:              train/gap_gt_0_5_top1 0.49067
wandb:                    train/mean_cost 8.00733
wandb:                         train/top1 0.4087
wandb:                   train/vs_sbs_pct -0.50889
wandb:                            updates 1000
wandb:              val/actual_regret_pct 0.62216
wandb:                             val/ce 1.66744
wandb:   val/gap_gt_0_1_actual_regret_pct 0.72032
wandb:                val/gap_gt_0_1_top1 0.39581
wandb:   val/gap_gt_0_5_actual_regret_pct 0.94331
wandb:                val/gap_gt_0_5_top1 0.44637
wandb:                      val/mean_cost 7.91873
wandb:                           val/top1 0.378
wandb:                     val/vs_sbs_pct -0.49099
wandb: 
wandb: You can sync this run to the cloud by running:
wandb: wandb sync code/V4/runs/R37_tsp_local_geometry/geometry_seed3/wandb/offline-run-20260930_143021-t8tuzoz3
wandb: Find logs at: code/V4/runs/R37_tsp_local_geometry/geometry_seed3/wandb/offline-run-20260930_143021-t8tuzoz3/logs
[done] geometry_seed3 updates=1000 val_top1=0.3780
wandb: Tracking run with wandb version 0.19.11
wandb: W&B syncing is set to `offline` in this directory. Run `wandb online` or set WANDB_MODE=online to enable cloud syncing.
[start] redundant_seed4 updates=1000 batch=640 optimizer=fresh base_lr=2e-5 geometry_lr=2e-4 model_hash=083171ddf1fcdc14bfee0f153bffb4e7e1001a550dd4136fce26ecc01d71bc03
[train updates 0000] top1=0.3934 ce=1.533871 mean_cost=8.008346 vs_sbs=-0.4963% regret=0.6373% gap>0.1_top1=0.4190 gap>0.5_top1=0.4773
[val updates 0000] top1=0.3630 ce=1.657517 mean_cost=7.917969 vs_sbs=-0.5006% regret=0.6118% gap>0.1_top1=0.3893 gap>0.5_top1=0.4360
[train updates 0050] loss=0.61024 grad=0.2825 skipped_total=0 lr_base=2e-05 elapsed=22.6s
[train updates 0050] top1=0.3946 ce=1.534114 mean_cost=8.009107 vs_sbs=-0.4868% regret=0.6526% gap>0.1_top1=0.4188 gap>0.5_top1=0.4779
[val updates 0050] top1=0.3620 ce=1.662048 mean_cost=7.919069 vs_sbs=-0.4867% regret=0.6319% gap>0.1_top1=0.3853 gap>0.5_top1=0.4291
[train updates 0100] loss=0.61078 grad=0.2864 skipped_total=0 lr_base=1.99e-05 elapsed=44.9s
[train updates 0100] top1=0.3957 ce=1.530645 mean_cost=8.009355 vs_sbs=-0.4837% regret=0.6550% gap>0.1_top1=0.4203 gap>0.5_top1=0.4789
[val updates 0100] top1=0.3640 ce=1.657771 mean_cost=7.919268 vs_sbs=-0.4842% regret=0.6337% gap>0.1_top1=0.3879 gap>0.5_top1=0.4394
[train updates 0150] loss=0.60810 grad=0.3097 skipped_total=0 lr_base=1.95e-05 elapsed=67.2s
[train updates 0150] top1=0.3957 ce=1.526327 mean_cost=8.008632 vs_sbs=-0.4927% regret=0.6432% gap>0.1_top1=0.4201 gap>0.5_top1=0.4782
[val updates 0150] top1=0.3660 ce=1.658880 mean_cost=7.917545 vs_sbs=-0.5059% regret=0.6078% gap>0.1_top1=0.3919 gap>0.5_top1=0.4429
[train updates 0200] loss=0.60803 grad=0.3111 skipped_total=0 lr_base=1.89e-05 elapsed=89.4s
[train updates 0200] top1=0.3975 ce=1.523322 mean_cost=8.007827 vs_sbs=-0.5027% regret=0.6323% gap>0.1_top1=0.4232 gap>0.5_top1=0.4835
[val updates 0200] top1=0.3620 ce=1.659231 mean_cost=7.918503 vs_sbs=-0.4939% regret=0.6234% gap>0.1_top1=0.3879 gap>0.5_top1=0.4325
[train updates 0250] loss=0.60444 grad=0.2916 skipped_total=0 lr_base=1.81e-05 elapsed=111.7s
[train updates 0250] top1=0.3978 ce=1.522659 mean_cost=8.008226 vs_sbs=-0.4977% regret=0.6379% gap>0.1_top1=0.4226 gap>0.5_top1=0.4820
[val updates 0250] top1=0.3630 ce=1.667339 mean_cost=7.917637 vs_sbs=-0.5047% regret=0.6114% gap>0.1_top1=0.3866 gap>0.5_top1=0.4291
[train updates 0300] loss=0.60673 grad=0.2961 skipped_total=0 lr_base=1.71e-05 elapsed=134.0s
[train updates 0300] top1=0.3986 ce=1.519368 mean_cost=8.008845 vs_sbs=-0.4901% regret=0.6468% gap>0.1_top1=0.4230 gap>0.5_top1=0.4810
[val updates 0300] top1=0.3630 ce=1.662390 mean_cost=7.919847 vs_sbs=-0.4770% regret=0.6397% gap>0.1_top1=0.3840 gap>0.5_top1=0.4221
[train updates 0350] loss=0.60357 grad=0.3164 skipped_total=0 lr_base=1.59e-05 elapsed=156.3s
[train updates 0350] top1=0.3991 ce=1.518096 mean_cost=8.008423 vs_sbs=-0.4953% regret=0.6422% gap>0.1_top1=0.4250 gap>0.5_top1=0.4851
[val updates 0350] top1=0.3670 ce=1.661275 mean_cost=7.918600 vs_sbs=-0.4926% regret=0.6260% gap>0.1_top1=0.3893 gap>0.5_top1=0.4291
[train updates 0400] loss=0.60313 grad=0.3307 skipped_total=0 lr_base=1.46e-05 elapsed=178.6s
[train updates 0400] top1=0.4010 ce=1.516513 mean_cost=8.007991 vs_sbs=-0.5007% regret=0.6354% gap>0.1_top1=0.4260 gap>0.5_top1=0.4857
[val updates 0400] top1=0.3640 ce=1.667981 mean_cost=7.918548 vs_sbs=-0.4933% regret=0.6236% gap>0.1_top1=0.3866 gap>0.5_top1=0.4291
[train updates 0450] loss=0.60320 grad=0.3422 skipped_total=0 lr_base=1.32e-05 elapsed=200.8s
[train updates 0450] top1=0.4008 ce=1.514203 mean_cost=8.008654 vs_sbs=-0.4924% regret=0.6456% gap>0.1_top1=0.4260 gap>0.5_top1=0.4838
[val updates 0450] top1=0.3620 ce=1.666011 mean_cost=7.919984 vs_sbs=-0.4752% regret=0.6414% gap>0.1_top1=0.3840 gap>0.5_top1=0.4221
[train updates 0500] loss=0.60161 grad=0.3342 skipped_total=0 lr_base=1.17e-05 elapsed=223.1s
[train updates 0500] top1=0.4017 ce=1.511584 mean_cost=8.008222 vs_sbs=-0.4978% regret=0.6369% gap>0.1_top1=0.4265 gap>0.5_top1=0.4838
[val updates 0500] top1=0.3630 ce=1.665913 mean_cost=7.919380 vs_sbs=-0.4828% regret=0.6307% gap>0.1_top1=0.3879 gap>0.5_top1=0.4221
[train updates 0550] loss=0.60197 grad=0.3318 skipped_total=0 lr_base=1.03e-05 elapsed=245.4s
[train updates 0550] top1=0.4021 ce=1.509959 mean_cost=8.007843 vs_sbs=-0.5025% regret=0.6315% gap>0.1_top1=0.4273 gap>0.5_top1=0.4854
[val updates 0550] top1=0.3620 ce=1.666282 mean_cost=7.919646 vs_sbs=-0.4795% regret=0.6346% gap>0.1_top1=0.3866 gap>0.5_top1=0.4221
[train updates 0600] loss=0.60080 grad=0.3281 skipped_total=0 lr_base=8.79e-06 elapsed=267.7s
[train updates 0600] top1=0.4038 ce=1.509112 mean_cost=8.007953 vs_sbs=-0.5011% regret=0.6351% gap>0.1_top1=0.4295 gap>0.5_top1=0.4888
[val updates 0600] top1=0.3650 ce=1.667086 mean_cost=7.919516 vs_sbs=-0.4811% regret=0.6344% gap>0.1_top1=0.3853 gap>0.5_top1=0.4152
[train updates 0650] loss=0.60042 grad=0.3543 skipped_total=0 lr_base=7.38e-06 elapsed=289.9s
[train updates 0650] top1=0.4036 ce=1.508370 mean_cost=8.008371 vs_sbs=-0.4959% regret=0.6417% gap>0.1_top1=0.4288 gap>0.5_top1=0.4873
[val updates 0650] top1=0.3640 ce=1.665863 mean_cost=7.920669 vs_sbs=-0.4666% regret=0.6476% gap>0.1_top1=0.3866 gap>0.5_top1=0.4187
[train updates 0700] loss=0.59967 grad=0.3321 skipped_total=0 lr_base=6.08e-06 elapsed=312.2s
[train updates 0700] top1=0.4033 ce=1.507083 mean_cost=8.007826 vs_sbs=-0.5027% regret=0.6324% gap>0.1_top1=0.4288 gap>0.5_top1=0.4882
[val updates 0700] top1=0.3610 ce=1.666284 mean_cost=7.920412 vs_sbs=-0.4699% regret=0.6429% gap>0.1_top1=0.3840 gap>0.5_top1=0.4152
[train updates 0750] loss=0.59955 grad=0.3306 skipped_total=0 lr_base=4.9e-06 elapsed=334.5s
[train updates 0750] top1=0.4035 ce=1.506545 mean_cost=8.007980 vs_sbs=-0.5008% regret=0.6351% gap>0.1_top1=0.4292 gap>0.5_top1=0.4894
[val updates 0750] top1=0.3620 ce=1.668318 mean_cost=7.919958 vs_sbs=-0.4756% regret=0.6372% gap>0.1_top1=0.3853 gap>0.5_top1=0.4152
[train updates 0800] loss=0.59963 grad=0.3403 skipped_total=0 lr_base=3.9e-06 elapsed=356.8s
[train updates 0800] top1=0.4031 ce=1.505983 mean_cost=8.008058 vs_sbs=-0.4998% regret=0.6364% gap>0.1_top1=0.4287 gap>0.5_top1=0.4891
[val updates 0800] top1=0.3600 ce=1.667854 mean_cost=7.920638 vs_sbs=-0.4670% regret=0.6459% gap>0.1_top1=0.3853 gap>0.5_top1=0.4152
[train updates 0850] loss=0.59869 grad=0.3428 skipped_total=0 lr_base=3.08e-06 elapsed=379.1s
[train updates 0850] top1=0.4040 ce=1.505573 mean_cost=8.007968 vs_sbs=-0.5009% regret=0.6355% gap>0.1_top1=0.4295 gap>0.5_top1=0.4894
[val updates 0850] top1=0.3590 ce=1.667696 mean_cost=7.920391 vs_sbs=-0.4701% regret=0.6425% gap>0.1_top1=0.3827 gap>0.5_top1=0.4152
[train updates 0900] loss=0.59839 grad=0.3399 skipped_total=0 lr_base=2.49e-06 elapsed=401.4s
[train updates 0900] top1=0.4036 ce=1.505422 mean_cost=8.008288 vs_sbs=-0.4970% regret=0.6397% gap>0.1_top1=0.4292 gap>0.5_top1=0.4869
[val updates 0900] top1=0.3600 ce=1.668865 mean_cost=7.920629 vs_sbs=-0.4671% regret=0.6460% gap>0.1_top1=0.3840 gap>0.5_top1=0.4152
[train updates 0950] loss=0.59902 grad=0.3507 skipped_total=0 lr_base=2.12e-06 elapsed=423.6s
[train updates 0950] top1=0.4038 ce=1.505059 mean_cost=8.008041 vs_sbs=-0.5000% regret=0.6349% gap>0.1_top1=0.4290 gap>0.5_top1=0.4866
[val updates 0950] top1=0.3580 ce=1.668764 mean_cost=7.920494 vs_sbs=-0.4688% regret=0.6432% gap>0.1_top1=0.3827 gap>0.5_top1=0.4152
[train updates 1000] loss=0.59786 grad=0.3473 skipped_total=0 lr_base=2e-06 elapsed=445.9s
[train updates 1000] top1=0.4038 ce=1.505016 mean_cost=8.008052 vs_sbs=-0.4999% regret=0.6360% gap>0.1_top1=0.4294 gap>0.5_top1=0.4879
[val updates 1000] top1=0.3590 ce=1.669993 mean_cost=7.920637 vs_sbs=-0.4670% regret=0.6448% gap>0.1_top1=0.3827 gap>0.5_top1=0.4152
wandb:                                                                                
wandb: 
wandb: Run history:
wandb:            train/actual_regret_pct ▃▇█▄▁▃▆▄▂▅▃▁▂▄▁▂▂▂▃▂▂
wandb:                           train/ce ██▇▆▅▅▄▄▄▃▃▂▂▂▁▁▁▁▁▁▁
wandb: train/gap_gt_0_1_actual_regret_pct ▃▇█▅▁▃▆▄▂▅▂▁▂▄▁▂▂▂▃▂▂
wandb:              train/gap_gt_0_1_top1 ▁▁▂▂▄▄▄▅▆▆▆▇████▇████
wandb: train/gap_gt_0_5_actual_regret_pct ▄▇█▅▂▄▅▄▂▄▄▂▂▂▂▁▁▁▃▂▂
wandb:              train/gap_gt_0_5_top1 ▁▁▂▂▅▄▃▅▆▅▅▆█▇▇███▇▆▇
wandb:                    train/mean_cost ▃▇█▅▁▃▆▄▂▅▃▁▂▃▁▂▂▂▃▂▂
wandb:                         train/top1 ▁▂▃▃▄▄▄▅▆▆▆▇████▇████
wandb:                   train/vs_sbs_pct ▃▇█▅▁▃▆▄▂▅▃▁▂▃▁▂▂▂▃▂▂
wandb:              val/actual_regret_pct ▂▅▆▁▄▂▇▄▄▇▅▆▆█▇▆█▇█▇█
wandb:                             val/ce ▁▄▁▂▂▇▄▃▇▆▆▆▆▆▆▇▇▇▇▇█
wandb:   val/gap_gt_0_1_actual_regret_pct ▂▆▆▁▄▂█▅▄▇▅▆▆▇▇▆▇▆▇▆▇
wandb:                val/gap_gt_0_1_top1 ▆▃▅█▅▄▂▆▄▂▅▄▃▄▂▃▃▁▂▁▁
wandb:   val/gap_gt_0_5_actual_regret_pct ▁▅▅▁▄▃█▅▃▆▆▇█▇█▇▇▇▇▇▇
wandb:                val/gap_gt_0_5_top1 ▆▄▇█▅▄▃▄▄▃▃▃▁▂▁▁▁▁▁▁▁
wandb:                      val/mean_cost ▂▄▅▁▃▁▆▃▃▆▅▆▅█▇▆█▇███
wandb:                           val/top1 ▅▄▆▇▄▅▅█▆▄▅▄▆▆▃▄▃▂▃▁▂
wandb:                     val/vs_sbs_pct ▂▄▅▁▃▁▆▃▃▆▅▆▅█▇▆█▇███
wandb: 
wandb: Run summary:
wandb:                     final_val_top1 0.359
wandb:            train/actual_regret_pct 0.63598
wandb:                           train/ce 1.50502
wandb: train/gap_gt_0_1_actual_regret_pct 0.71388
wandb:              train/gap_gt_0_1_top1 0.42936
wandb: train/gap_gt_0_5_actual_regret_pct 0.87982
wandb:              train/gap_gt_0_5_top1 0.48787
wandb:                    train/mean_cost 8.00805
wandb:                         train/top1 0.4038
wandb:                   train/vs_sbs_pct -0.49991
wandb:                            updates 1000
wandb:              val/actual_regret_pct 0.64476
wandb:                             val/ce 1.66999
wandb:   val/gap_gt_0_1_actual_regret_pct 0.74762
wandb:                val/gap_gt_0_1_top1 0.3827
wandb:   val/gap_gt_0_5_actual_regret_pct 0.98977
wandb:                val/gap_gt_0_5_top1 0.41522
wandb:                      val/mean_cost 7.92064
wandb:                           val/top1 0.359
wandb:                     val/vs_sbs_pct -0.46704
wandb: 
wandb: You can sync this run to the cloud by running:
wandb: wandb sync code/V4/runs/R37_tsp_local_geometry/redundant_seed4/wandb/offline-run-20260930_143751-sa037ss3
wandb: Find logs at: code/V4/runs/R37_tsp_local_geometry/redundant_seed4/wandb/offline-run-20260930_143751-sa037ss3/logs
[done] redundant_seed4 updates=1000 val_top1=0.3590
wandb: Tracking run with wandb version 0.19.11
wandb: W&B syncing is set to `offline` in this directory. Run `wandb online` or set WANDB_MODE=online to enable cloud syncing.
[start] geometry_seed4 updates=1000 batch=640 optimizer=fresh base_lr=2e-5 geometry_lr=2e-4 model_hash=083171ddf1fcdc14bfee0f153bffb4e7e1001a550dd4136fce26ecc01d71bc03
[train updates 0000] top1=0.3934 ce=1.533871 mean_cost=8.008346 vs_sbs=-0.4963% regret=0.6373% gap>0.1_top1=0.4190 gap>0.5_top1=0.4773
[val updates 0000] top1=0.3630 ce=1.657517 mean_cost=7.917969 vs_sbs=-0.5006% regret=0.6118% gap>0.1_top1=0.3893 gap>0.5_top1=0.4360
[train updates 0050] loss=0.60984 grad=0.3053 skipped_total=0 lr_base=2e-05 elapsed=23.3s
[train updates 0050] top1=0.3959 ce=1.531584 mean_cost=8.009248 vs_sbs=-0.4850% regret=0.6543% gap>0.1_top1=0.4207 gap>0.5_top1=0.4789
[val updates 0050] top1=0.3700 ce=1.658781 mean_cost=7.918401 vs_sbs=-0.4951% regret=0.6282% gap>0.1_top1=0.3958 gap>0.5_top1=0.4429
[train updates 0100] loss=0.60891 grad=0.3130 skipped_total=0 lr_base=1.99e-05 elapsed=45.5s
[train updates 0100] top1=0.3973 ce=1.525136 mean_cost=8.008735 vs_sbs=-0.4914% regret=0.6452% gap>0.1_top1=0.4232 gap>0.5_top1=0.4779
[val updates 0100] top1=0.3680 ce=1.654537 mean_cost=7.918379 vs_sbs=-0.4954% regret=0.6196% gap>0.1_top1=0.3906 gap>0.5_top1=0.4464
[train updates 0150] loss=0.60519 grad=0.3388 skipped_total=0 lr_base=1.95e-05 elapsed=67.8s
[train updates 0150] top1=0.3988 ce=1.519214 mean_cost=8.008234 vs_sbs=-0.4977% regret=0.6365% gap>0.1_top1=0.4245 gap>0.5_top1=0.4804
[val updates 0150] top1=0.3670 ce=1.655944 mean_cost=7.917823 vs_sbs=-0.5024% regret=0.6135% gap>0.1_top1=0.3919 gap>0.5_top1=0.4429
[train updates 0200] loss=0.60398 grad=0.3426 skipped_total=0 lr_base=1.89e-05 elapsed=90.1s
[train updates 0200] top1=0.3998 ce=1.513772 mean_cost=8.007516 vs_sbs=-0.5066% regret=0.6272% gap>0.1_top1=0.4256 gap>0.5_top1=0.4817
[val updates 0200] top1=0.3710 ce=1.656418 mean_cost=7.917873 vs_sbs=-0.5018% regret=0.6157% gap>0.1_top1=0.3893 gap>0.5_top1=0.4464
[train updates 0250] loss=0.59970 grad=0.3345 skipped_total=0 lr_base=1.81e-05 elapsed=112.4s
[train updates 0250] top1=0.4009 ce=1.511921 mean_cost=8.007573 vs_sbs=-0.5059% regret=0.6283% gap>0.1_top1=0.4265 gap>0.5_top1=0.4835
[val updates 0250] top1=0.3720 ce=1.667822 mean_cost=7.918868 vs_sbs=-0.4893% regret=0.6266% gap>0.1_top1=0.3932 gap>0.5_top1=0.4394
[train updates 0300] loss=0.60133 grad=0.3405 skipped_total=0 lr_base=1.71e-05 elapsed=134.6s
[train updates 0300] top1=0.4001 ce=1.507889 mean_cost=8.008294 vs_sbs=-0.4969% regret=0.6378% gap>0.1_top1=0.4254 gap>0.5_top1=0.4807
[val updates 0300] top1=0.3670 ce=1.660637 mean_cost=7.919570 vs_sbs=-0.4804% regret=0.6363% gap>0.1_top1=0.3866 gap>0.5_top1=0.4360
[train updates 0350] loss=0.59718 grad=0.3559 skipped_total=0 lr_base=1.59e-05 elapsed=156.9s
[train updates 0350] top1=0.4006 ce=1.505211 mean_cost=8.008253 vs_sbs=-0.4974% regret=0.6383% gap>0.1_top1=0.4260 gap>0.5_top1=0.4835
[val updates 0350] top1=0.3660 ce=1.658718 mean_cost=7.919139 vs_sbs=-0.4859% regret=0.6294% gap>0.1_top1=0.3853 gap>0.5_top1=0.4325
[train updates 0400] loss=0.59641 grad=0.3795 skipped_total=0 lr_base=1.46e-05 elapsed=179.2s
[train updates 0400] top1=0.4046 ce=1.500607 mean_cost=8.006628 vs_sbs=-0.5176% regret=0.6178% gap>0.1_top1=0.4299 gap>0.5_top1=0.4907
[val updates 0400] top1=0.3750 ce=1.661188 mean_cost=7.916472 vs_sbs=-0.5194% regret=0.5943% gap>0.1_top1=0.3919 gap>0.5_top1=0.4291
[train updates 0450] loss=0.59596 grad=0.3937 skipped_total=0 lr_base=1.32e-05 elapsed=201.5s
[train updates 0450] top1=0.4059 ce=1.497552 mean_cost=8.007127 vs_sbs=-0.5114% regret=0.6228% gap>0.1_top1=0.4312 gap>0.5_top1=0.4894
[val updates 0450] top1=0.3730 ce=1.663757 mean_cost=7.918778 vs_sbs=-0.4904% regret=0.6234% gap>0.1_top1=0.3919 gap>0.5_top1=0.4325
[train updates 0500] loss=0.59389 grad=0.4163 skipped_total=0 lr_base=1.17e-05 elapsed=223.8s
[train updates 0500] top1=0.4058 ce=1.493049 mean_cost=8.006391 vs_sbs=-0.5206% regret=0.6118% gap>0.1_top1=0.4318 gap>0.5_top1=0.4891
[val updates 0500] top1=0.3710 ce=1.663344 mean_cost=7.916314 vs_sbs=-0.5214% regret=0.5893% gap>0.1_top1=0.3932 gap>0.5_top1=0.4394
[train updates 0550] loss=0.59352 grad=0.3993 skipped_total=0 lr_base=1.03e-05 elapsed=246.0s
[train updates 0550] top1=0.4078 ce=1.490674 mean_cost=8.006323 vs_sbs=-0.5214% regret=0.6101% gap>0.1_top1=0.4331 gap>0.5_top1=0.4907
[val updates 0550] top1=0.3720 ce=1.663208 mean_cost=7.917844 vs_sbs=-0.5021% regret=0.6064% gap>0.1_top1=0.3932 gap>0.5_top1=0.4291
[train updates 0600] loss=0.59230 grad=0.4160 skipped_total=0 lr_base=8.79e-06 elapsed=268.3s
[train updates 0600] top1=0.4080 ce=1.489728 mean_cost=8.006748 vs_sbs=-0.5161% regret=0.6194% gap>0.1_top1=0.4336 gap>0.5_top1=0.4919
[val updates 0600] top1=0.3760 ce=1.664440 mean_cost=7.916334 vs_sbs=-0.5211% regret=0.5921% gap>0.1_top1=0.3945 gap>0.5_top1=0.4394
[train updates 0650] loss=0.59128 grad=0.4214 skipped_total=0 lr_base=7.38e-06 elapsed=290.6s
[train updates 0650] top1=0.4082 ce=1.487858 mean_cost=8.007033 vs_sbs=-0.5126% regret=0.6219% gap>0.1_top1=0.4334 gap>0.5_top1=0.4907
[val updates 0650] top1=0.3720 ce=1.666335 mean_cost=7.918794 vs_sbs=-0.4902% regret=0.6209% gap>0.1_top1=0.3919 gap>0.5_top1=0.4394
[train updates 0700] loss=0.59035 grad=0.4013 skipped_total=0 lr_base=6.08e-06 elapsed=312.9s
[train updates 0700] top1=0.4078 ce=1.485410 mean_cost=8.006636 vs_sbs=-0.5175% regret=0.6162% gap>0.1_top1=0.4317 gap>0.5_top1=0.4876
[val updates 0700] top1=0.3750 ce=1.662461 mean_cost=7.917056 vs_sbs=-0.5120% regret=0.5982% gap>0.1_top1=0.3932 gap>0.5_top1=0.4429
[train updates 0750] loss=0.59018 grad=0.3953 skipped_total=0 lr_base=4.9e-06 elapsed=335.1s
[train updates 0750] top1=0.4092 ce=1.485029 mean_cost=8.006944 vs_sbs=-0.5137% regret=0.6210% gap>0.1_top1=0.4335 gap>0.5_top1=0.4913
[val updates 0750] top1=0.3730 ce=1.667063 mean_cost=7.917264 vs_sbs=-0.5094% regret=0.6017% gap>0.1_top1=0.3932 gap>0.5_top1=0.4360
[train updates 0800] loss=0.59005 grad=0.4174 skipped_total=0 lr_base=3.9e-06 elapsed=357.4s
[train updates 0800] top1=0.4085 ce=1.483517 mean_cost=8.006782 vs_sbs=-0.5157% regret=0.6184% gap>0.1_top1=0.4329 gap>0.5_top1=0.4894
[val updates 0800] top1=0.3720 ce=1.665750 mean_cost=7.917526 vs_sbs=-0.5061% regret=0.6054% gap>0.1_top1=0.3919 gap>0.5_top1=0.4394
[train updates 0850] loss=0.58902 grad=0.4308 skipped_total=0 lr_base=3.08e-06 elapsed=379.7s
[train updates 0850] top1=0.4082 ce=1.482601 mean_cost=8.006904 vs_sbs=-0.5142% regret=0.6210% gap>0.1_top1=0.4326 gap>0.5_top1=0.4894
[val updates 0850] top1=0.3770 ce=1.665776 mean_cost=7.917760 vs_sbs=-0.5032% regret=0.6077% gap>0.1_top1=0.3958 gap>0.5_top1=0.4464
[train updates 0900] loss=0.58856 grad=0.4158 skipped_total=0 lr_base=2.49e-06 elapsed=402.0s
[train updates 0900] top1=0.4083 ce=1.482813 mean_cost=8.006972 vs_sbs=-0.5133% regret=0.6213% gap>0.1_top1=0.4319 gap>0.5_top1=0.4891
[val updates 0900] top1=0.3750 ce=1.667069 mean_cost=7.917908 vs_sbs=-0.5013% regret=0.6112% gap>0.1_top1=0.3945 gap>0.5_top1=0.4394
[train updates 0950] loss=0.58884 grad=0.4328 skipped_total=0 lr_base=2.12e-06 elapsed=424.3s
[train updates 0950] top1=0.4089 ce=1.482695 mean_cost=8.007198 vs_sbs=-0.5105% regret=0.6241% gap>0.1_top1=0.4330 gap>0.5_top1=0.4891
[val updates 0950] top1=0.3720 ce=1.669238 mean_cost=7.918182 vs_sbs=-0.4979% regret=0.6137% gap>0.1_top1=0.3919 gap>0.5_top1=0.4325
[train updates 1000] loss=0.58774 grad=0.4093 skipped_total=0 lr_base=2e-06 elapsed=446.5s
[train updates 1000] top1=0.4086 ce=1.482076 mean_cost=8.006864 vs_sbs=-0.5147% regret=0.6191% gap>0.1_top1=0.4321 gap>0.5_top1=0.4873
[val updates 1000] top1=0.3760 ce=1.669530 mean_cost=7.917948 vs_sbs=-0.5008% regret=0.6119% gap>0.1_top1=0.3958 gap>0.5_top1=0.4394
wandb:                                                                                
wandb: 
wandb: Run history:
wandb:            train/actual_regret_pct ▅█▇▅▄▄▅▅▂▃▁▁▂▃▂▃▂▃▃▃▂
wandb:                           train/ce ██▇▆▅▅▄▄▄▃▂▂▂▂▁▁▁▁▁▁▁
wandb: train/gap_gt_0_1_actual_regret_pct ▅█▆▅▄▄▆▆▂▃▁▁▂▃▂▃▂▃▃▃▂
wandb:              train/gap_gt_0_1_top1 ▁▂▃▄▄▅▄▄▆▇▇███▇███▇█▇
wandb: train/gap_gt_0_5_actual_regret_pct ▆█▇▆▆▅▇▆▁▄▂▁▁▂▁▂▁▂▁▃▁
wandb:              train/gap_gt_0_5_top1 ▁▂▁▂▃▄▃▄▇▇▇▇█▇▆█▇▇▇▇▆
wandb:                    train/mean_cost ▆█▇▆▄▄▆▆▂▃▁▁▂▃▂▂▂▂▃▃▂
wandb:                         train/top1 ▁▂▃▃▄▄▄▄▆▇▆▇▇█▇██████
wandb:                   train/vs_sbs_pct ▆█▇▆▄▄▆▆▂▃▁▁▂▃▂▂▂▂▃▃▂
wandb:              val/actual_regret_pct ▄▇▆▅▅▇█▇▂▆▁▄▁▆▂▃▃▄▄▅▄
wandb:                             val/ce ▂▃▁▂▂▇▄▃▄▅▅▅▆▇▅▇▆▆▇██
wandb:   val/gap_gt_0_1_actual_regret_pct ▆▇▇▆▅▆█▇▂▆▁▅▁▆▂▃▄▄▄▅▅
wandb:                val/gap_gt_0_1_top1 ▄█▅▅▄▆▂▁▅▅▆▆▇▅▆▆▅█▇▅█
wandb:   val/gap_gt_0_5_actual_regret_pct ▄▅▇▆▅▇█▇▄▇▁▅▁▅▁▂▃▂▃▄▄
wandb:                val/gap_gt_0_5_top1 ▄▇█▇█▅▄▂▁▂▅▁▅▅▇▄▅█▅▂▅
wandb:                      val/mean_cost ▅▅▅▄▄▆█▇▁▆▁▄▁▆▃▃▄▄▄▅▅
wandb:                           val/top1 ▁▅▃▃▅▆▃▂▇▆▅▆▇▆▇▆▆█▇▆▇
wandb:                     val/vs_sbs_pct ▅▅▅▄▄▆█▇▁▆▁▄▁▆▃▃▄▄▄▅▅
wandb: 
wandb: Run summary:
wandb:                     final_val_top1 0.376
wandb:            train/actual_regret_pct 0.61913
wandb:                           train/ce 1.48208
wandb: train/gap_gt_0_1_actual_regret_pct 0.69567
wandb:              train/gap_gt_0_1_top1 0.43208
wandb: train/gap_gt_0_5_actual_regret_pct 0.85617
wandb:              train/gap_gt_0_5_top1 0.48725
wandb:                    train/mean_cost 8.00686
wandb:                         train/top1 0.4086
wandb:                   train/vs_sbs_pct -0.51467
wandb:                            updates 1000
wandb:              val/actual_regret_pct 0.61185
wandb:                             val/ce 1.66953
wandb:   val/gap_gt_0_1_actual_regret_pct 0.70441
wandb:                val/gap_gt_0_1_top1 0.39581
wandb:   val/gap_gt_0_5_actual_regret_pct 0.90027
wandb:                val/gap_gt_0_5_top1 0.43945
wandb:                      val/mean_cost 7.91795
wandb:                           val/top1 0.376
wandb:                     val/vs_sbs_pct -0.50082
wandb: 
wandb: You can sync this run to the cloud by running:
wandb: wandb sync code/V4/runs/R37_tsp_local_geometry/geometry_seed4/wandb/offline-run-20260930_144521-90m9zws8
wandb: Find logs at: code/V4/runs/R37_tsp_local_geometry/geometry_seed4/wandb/offline-run-20260930_144521-90m9zws8/logs
[done] geometry_seed4 updates=1000 val_top1=0.3760
[R37 training complete] code/V4/runs/R37_tsp_local_geometry
R37 paired protocol/predictions verified; report and curves: code/V4/runs/R37_tsp_local_geometry
