[R47B] 2026-10-09T20:46:25+08:00 on gpu03; only GPU GPU-cb24f168-9f18-f0d5-6f4a-6d2406958f50; R47A disabled
----------------------------------------------------------------------
Ran 9 tests in 1.522s

OK
[cache] TSP/train: 10000 instances, 45.0 MiB on cuda:0
[cache] CVRP/train: 10000 instances, 83.3 MiB on cuda:0
[cache] ATSP/train: 10000 instances, 384.5 MiB on cuda:0
[cache] OVRP/train: 10000 instances, 33.9 MiB on cuda:0
[cache] VRPB/train: 10000 instances, 33.9 MiB on cuda:0
[cache] VRPL/train: 10000 instances, 33.9 MiB on cuda:0
[cache] VRPTW/train: 10000 instances, 33.9 MiB on cuda:0
[cache] OVRPTW/train: 10000 instances, 33.9 MiB on cuda:0
[cache] OVRPB/train: 10000 instances, 33.9 MiB on cuda:0
[cache] OVRPL/train: 10000 instances, 33.9 MiB on cuda:0
[cache] VRPBL/train: 10000 instances, 33.9 MiB on cuda:0
[cache] VRPBTW/train: 10000 instances, 33.9 MiB on cuda:0
[cache] VRPLTW/train: 10000 instances, 33.9 MiB on cuda:0
[cache] OVRPBL/train: 10000 instances, 33.9 MiB on cuda:0
[cache] OVRPBTW/train: 10000 instances, 33.9 MiB on cuda:0
[cache] OVRPLTW/train: 10000 instances, 33.9 MiB on cuda:0
[cache] VRPBLTW/train: 10000 instances, 33.9 MiB on cuda:0
[cache] OVRPBLTW/train: 10000 instances, 33.9 MiB on cuda:0
[cache] TSP/val: 1000 instances, 4.5 MiB on cuda:0
[cache] CVRP/val: 1000 instances, 8.3 MiB on cuda:0
[cache] ATSP/val: 1000 instances, 38.4 MiB on cuda:0
[cache] OVRP/val: 1000 instances, 3.4 MiB on cuda:0
[cache] VRPB/val: 1000 instances, 3.4 MiB on cuda:0
[cache] VRPL/val: 1000 instances, 3.4 MiB on cuda:0
[cache] VRPTW/val: 1000 instances, 3.4 MiB on cuda:0
[cache] OVRPTW/val: 1000 instances, 3.4 MiB on cuda:0
[cache] OVRPB/val: 1000 instances, 3.4 MiB on cuda:0
[cache] OVRPL/val: 1000 instances, 3.4 MiB on cuda:0
[cache] VRPBL/val: 1000 instances, 3.4 MiB on cuda:0
[cache] VRPBTW/val: 1000 instances, 3.4 MiB on cuda:0
[cache] VRPLTW/val: 1000 instances, 3.4 MiB on cuda:0
[cache] OVRPBL/val: 1000 instances, 3.4 MiB on cuda:0
[cache] OVRPBTW/val: 1000 instances, 3.4 MiB on cuda:0
[cache] OVRPLTW/val: 1000 instances, 3.4 MiB on cuda:0
[cache] VRPBLTW/val: 1000 instances, 3.4 MiB on cuda:0
[cache] OVRPBLTW/val: 1000 instances, 3.4 MiB on cuda:0
[preflight] {"problem": "TSP", "batch": 128, "max_nodes": 499, "seconds": 0.7019989266991615, "gradients": {"retrieval.key": 0.23648735880851746, "retrieval.value": 10.742743492126465, "retrieval.correction": 8.514751434326172, "instance_encoder": 42.00396728515625, "joint_layers": 96.91690826416016}, "self_matches": 0, "loss": 1.0221155881881714, "kl": 0.002693792339414358, "ce": 2.0735971927642822, "cmp": 0.6920542120933533, "risk": 2.6597437858581543, "true3": 0.6829898357391357, "pred3": 0.6943520903587341, "all_pairs": 0.7078852653503418, "grad_norm": 0.8668330311775208, "skipped": 0, "peak_memory_gib": 9.156649112701416}
[preflight] {"problem": "CVRP", "batch": 128, "max_nodes": 500, "seconds": 0.2908773813396692, "gradients": {"retrieval.key": 0.40737998485565186, "retrieval.value": 12.151897430419922, "retrieval.correction": 10.067620277404785, "instance_encoder": 41.226234436035156, "joint_layers": 110.60253143310547}, "self_matches": 0, "loss": 1.2755664587020874, "kl": 0.002616279758512974, "ce": 2.320007801055908, "cmp": 0.6990751624107361, "risk": 10.898591041564941, "true3": 0.6940613985061646, "pred3": 0.6951995491981506, "all_pairs": 0.7129783630371094, "grad_norm": 1.1378720998764038, "skipped": 0, "peak_memory_gib": 9.24999189376831}
[preflight] {"problem": "ATSP", "batch": 128, "max_nodes": 100, "seconds": 0.07517751026898623, "gradients": {"retrieval.key": 0.3720135986804962, "retrieval.value": 11.95048999786377, "retrieval.correction": 9.373316764831543, "instance_encoder": 47.594303131103516, "joint_layers": 109.48445892333984}, "self_matches": 0, "loss": 1.0185096263885498, "kl": 0.002597442362457514, "ce": 1.5897244215011597, "cmp": 0.6951282024383545, "risk": 10.895103454589844, "true3": 0.7077121138572693, "pred3": 0.6991910934448242, "all_pairs": 0.6658974289894104, "grad_norm": 2.280851364135742, "skipped": 0, "peak_memory_gib": 3.704787254333496}
[preflight] {"problem": "OVRPTW", "batch": 128, "max_nodes": 101, "seconds": 0.0934210792183876, "gradients": {"retrieval.key": 0.415382444858551, "retrieval.value": 11.779163360595703, "retrieval.correction": 9.841241836547852, "instance_encoder": 61.68168258666992, "joint_layers": 113.19756317138672}, "self_matches": 0, "loss": 1.3416662216186523, "kl": 0.0025771120563149452, "ce": 1.8839267492294312, "cmp": 0.683941125869751, "risk": 22.100528717041016, "true3": 0.6936377286911011, "pred3": 0.6730030179023743, "all_pairs": 0.6754859685897827, "grad_norm": 2.059185743331909, "skipped": 0, "peak_memory_gib": 3.7776737213134766}
wandb: Tracking run with wandb version 0.19.11
wandb: W&B syncing is set to `offline` in this directory. Run `wandb online` or set WANDB_MODE=online to enable cloud syncing.
[R47B initial val] macro_top1=0.0664 top2=0.3681 top3=0.4686 vs_sbs=+14.507% vbs_closed=-1487.86%
       TSP: top1=0.297 mean_cost=7.9953 (sbs=7.9578) vs_sbs=+0.47%
      CVRP: top1=0.018 mean_cost=19.6954 (sbs=18.2943) vs_sbs=+7.66%
      ATSP: top1=0.076 mean_cost=1.7221 (sbs=1.6735) vs_sbs=+2.91%
      OVRP: top1=0.005 mean_cost=9.0993 (sbs=7.4617) vs_sbs=+21.95%
      VRPB: top1=0.066 mean_cost=11.8032 (sbs=9.3403) vs_sbs=+26.37%
      VRPL: top1=0.022 mean_cost=14.3601 (sbs=12.4072) vs_sbs=+15.74%
     VRPTW: top1=0.071 mean_cost=20.5224 (sbs=18.6571) vs_sbs=+10.00%
    OVRPTW: top1=0.066 mean_cost=11.3809 (sbs=10.0484) vs_sbs=+13.26%
     OVRPB: top1=0.015 mean_cost=8.2158 (sbs=6.3220) vs_sbs=+29.96%
     OVRPL: top1=0.007 mean_cost=9.0451 (sbs=7.4376) vs_sbs=+21.61%
     VRPBL: top1=0.065 mean_cost=11.3213 (sbs=9.3593) vs_sbs=+20.96%
    VRPBTW: top1=0.077 mean_cost=21.6196 (sbs=19.6697) vs_sbs=+9.91%
    VRPLTW: top1=0.063 mean_cost=20.2740 (sbs=18.5091) vs_sbs=+9.54%
    OVRPBL: top1=0.019 mean_cost=7.8488 (sbs=6.3103) vs_sbs=+24.38%
   OVRPBTW: top1=0.086 mean_cost=11.8041 (sbs=10.5068) vs_sbs=+12.35%
   OVRPLTW: top1=0.072 mean_cost=11.3596 (sbs=10.1272) vs_sbs=+12.17%
   VRPBLTW: top1=0.092 mean_cost=21.4708 (sbs=19.5198) vs_sbs=+10.00%
  OVRPBLTW: top1=0.079 mean_cost=11.7955 (sbs=10.5412) vs_sbs=+11.90%
[epoch 1] update=180/1422 total=180 loss=1.16236 KL=0.00290 lr=4.2e-06 samples/s=1863
[epoch 1] update=360/1422 total=360 loss=1.11115 KL=0.00392 lr=8.4e-06 samples/s=1866
[epoch 1] update=540/1422 total=540 loss=1.05485 KL=0.00609 lr=1.3e-05 samples/s=1865
[epoch 1] update=720/1422 total=720 loss=1.01816 KL=0.00868 lr=1.7e-05 samples/s=1866
[epoch 1] update=900/1422 total=900 loss=0.99528 KL=0.01027 lr=2.1e-05 samples/s=1866
[epoch 1] update=1080/1422 total=1080 loss=0.97699 KL=0.01128 lr=2.5e-05 samples/s=1867
[epoch 1] update=1260/1422 total=1260 loss=0.95612 KL=0.01201 lr=3e-05 samples/s=1866
[epoch 1] update=1422/1422 total=1422 loss=0.93472 KL=0.01268 lr=3.3e-05 samples/s=1852
[R47B val epoch 1] macro_top1=0.4107 top2=0.7348 top3=0.8431 vs_sbs=+0.033% vbs_closed=-5.95%
       TSP: top1=0.297 mean_cost=7.9953 (sbs=7.9578) vs_sbs=+0.47%
      CVRP: top1=0.176 mean_cost=18.4615 (sbs=18.2943) vs_sbs=+0.91%
      ATSP: top1=0.712 mean_cost=1.6376 (sbs=1.6735) vs_sbs=-2.15%
      OVRP: top1=0.329 mean_cost=7.4663 (sbs=7.4617) vs_sbs=+0.06%
      VRPB: top1=0.520 mean_cost=9.3445 (sbs=9.3403) vs_sbs=+0.05%
      VRPL: top1=0.283 mean_cost=12.4072 (sbs=12.4072) vs_sbs=+0.00%
     VRPTW: top1=0.239 mean_cost=18.7775 (sbs=18.6571) vs_sbs=+0.65%
    OVRPTW: top1=0.502 mean_cost=10.0451 (sbs=10.0484) vs_sbs=-0.03%
     OVRPB: top1=0.524 mean_cost=6.3322 (sbs=6.3220) vs_sbs=+0.16%
     OVRPL: top1=0.333 mean_cost=7.4458 (sbs=7.4376) vs_sbs=+0.11%
     VRPBL: top1=0.531 mean_cost=9.3607 (sbs=9.3593) vs_sbs=+0.01%
    VRPBTW: top1=0.360 mean_cost=19.6772 (sbs=19.6697) vs_sbs=+0.04%
    VRPLTW: top1=0.258 mean_cost=18.5769 (sbs=18.5091) vs_sbs=+0.37%
    OVRPBL: top1=0.526 mean_cost=6.3092 (sbs=6.3103) vs_sbs=-0.02%
   OVRPBTW: top1=0.473 mean_cost=10.5041 (sbs=10.5068) vs_sbs=-0.03%
   OVRPLTW: top1=0.496 mean_cost=10.1270 (sbs=10.1272) vs_sbs=-0.00%
   VRPBLTW: top1=0.342 mean_cost=19.5226 (sbs=19.5198) vs_sbs=+0.01%
  OVRPBLTW: top1=0.491 mean_cost=10.5379 (sbs=10.5412) vs_sbs=-0.03%
[epoch 2] update=180/1422 total=1602 loss=0.70724 KL=0.02020 lr=3.8e-05 samples/s=1852
[epoch 2] update=360/1422 total=1782 loss=0.70215 KL=0.01963 lr=4.2e-05 samples/s=1854
[epoch 2] update=540/1422 total=1962 loss=0.69366 KL=0.01939 lr=4.6e-05 samples/s=1855
[epoch 2] update=720/1422 total=2142 loss=0.68942 KL=0.01881 lr=5e-05 samples/s=1854
[epoch 2] update=900/1422 total=2322 loss=0.68379 KL=0.01811 lr=5.4e-05 samples/s=1854
[epoch 2] update=1080/1422 total=2502 loss=0.68075 KL=0.01730 lr=5.9e-05 samples/s=1850
[epoch 2] update=1260/1422 total=2682 loss=0.67787 KL=0.01661 lr=6.3e-05 samples/s=1851
[epoch 2] update=1422/1422 total=2844 loss=0.67516 KL=0.01605 lr=6.7e-05 samples/s=1837
[R47B val epoch 2] macro_top1=0.4506 top2=0.7967 top3=0.9058 vs_sbs=-0.877% vbs_closed=+23.05%
       TSP: top1=0.365 mean_cost=7.9242 (sbs=7.9578) vs_sbs=-0.42%
      CVRP: top1=0.350 mean_cost=18.2507 (sbs=18.2943) vs_sbs=-0.24%
      ATSP: top1=0.709 mean_cost=1.6376 (sbs=1.6735) vs_sbs=-2.15%
      OVRP: top1=0.310 mean_cost=7.4609 (sbs=7.4617) vs_sbs=-0.01%
      VRPB: top1=0.535 mean_cost=9.3358 (sbs=9.3403) vs_sbs=-0.05%
      VRPL: top1=0.286 mean_cost=12.4058 (sbs=12.4072) vs_sbs=-0.01%
     VRPTW: top1=0.343 mean_cost=18.0083 (sbs=18.6571) vs_sbs=-3.48%
    OVRPTW: top1=0.496 mean_cost=10.0485 (sbs=10.0484) vs_sbs=+0.00%
     OVRPB: top1=0.549 mean_cost=6.3210 (sbs=6.3220) vs_sbs=-0.02%
     OVRPL: top1=0.339 mean_cost=7.4368 (sbs=7.4376) vs_sbs=-0.01%
     VRPBL: top1=0.540 mean_cost=9.3576 (sbs=9.3593) vs_sbs=-0.02%
    VRPBTW: top1=0.415 mean_cost=19.1623 (sbs=19.6697) vs_sbs=-2.58%
    VRPLTW: top1=0.409 mean_cost=17.7493 (sbs=18.5091) vs_sbs=-4.11%
    OVRPBL: top1=0.560 mean_cost=6.3080 (sbs=6.3103) vs_sbs=-0.04%
   OVRPBTW: top1=0.482 mean_cost=10.5017 (sbs=10.5068) vs_sbs=-0.05%
   OVRPLTW: top1=0.495 mean_cost=10.1302 (sbs=10.1272) vs_sbs=+0.03%
   VRPBLTW: top1=0.414 mean_cost=19.0159 (sbs=19.5198) vs_sbs=-2.58%
  OVRPBLTW: top1=0.514 mean_cost=10.5346 (sbs=10.5412) vs_sbs=-0.06%
[epoch 3] update=180/1422 total=3024 loss=0.65686 KL=0.01128 lr=7.1e-05 samples/s=1866
[epoch 3] update=360/1422 total=3204 loss=0.65408 KL=0.01114 lr=7.5e-05 samples/s=1864
[epoch 3] update=540/1422 total=3384 loss=0.65217 KL=0.01070 lr=7.9e-05 samples/s=1864
[epoch 3] update=720/1422 total=3564 loss=0.65065 KL=0.01027 lr=8.4e-05 samples/s=1866
[epoch 3] update=900/1422 total=3744 loss=0.64898 KL=0.00996 lr=8.8e-05 samples/s=1866
[epoch 3] update=1080/1422 total=3924 loss=0.64738 KL=0.00975 lr=9.2e-05 samples/s=1863
[epoch 3] update=1260/1422 total=4104 loss=0.64629 KL=0.00951 lr=9.6e-05 samples/s=1863
[AMP retry] same batch; lower scale=131072.0
[epoch 3] update=1422/1422 total=4266 loss=0.64534 KL=0.00933 lr=0.0001 samples/s=1847
[R47B val epoch 3] macro_top1=0.4555 top2=0.7997 top3=0.9108 vs_sbs=-0.926% vbs_closed=+24.06%
       TSP: top1=0.337 mean_cost=7.9403 (sbs=7.9578) vs_sbs=-0.22%
      CVRP: top1=0.408 mean_cost=18.2423 (sbs=18.2943) vs_sbs=-0.28%
      ATSP: top1=0.739 mean_cost=1.6365 (sbs=1.6735) vs_sbs=-2.21%
      OVRP: top1=0.333 mean_cost=7.4584 (sbs=7.4617) vs_sbs=-0.04%
      VRPB: top1=0.506 mean_cost=9.3400 (sbs=9.3403) vs_sbs=-0.00%
      VRPL: top1=0.292 mean_cost=12.4047 (sbs=12.4072) vs_sbs=-0.02%
     VRPTW: top1=0.375 mean_cost=17.9578 (sbs=18.6571) vs_sbs=-3.75%
    OVRPTW: top1=0.488 mean_cost=10.0461 (sbs=10.0484) vs_sbs=-0.02%
     OVRPB: top1=0.555 mean_cost=6.3196 (sbs=6.3220) vs_sbs=-0.04%
     OVRPL: top1=0.385 mean_cost=7.4330 (sbs=7.4376) vs_sbs=-0.06%
     VRPBL: top1=0.531 mean_cost=9.3585 (sbs=9.3593) vs_sbs=-0.01%
    VRPBTW: top1=0.427 mean_cost=19.1044 (sbs=19.6697) vs_sbs=-2.87%
    VRPLTW: top1=0.399 mean_cost=17.7148 (sbs=18.5091) vs_sbs=-4.29%
    OVRPBL: top1=0.560 mean_cost=6.3086 (sbs=6.3103) vs_sbs=-0.03%
   OVRPBTW: top1=0.464 mean_cost=10.5065 (sbs=10.5068) vs_sbs=-0.00%
   OVRPLTW: top1=0.498 mean_cost=10.1242 (sbs=10.1272) vs_sbs=-0.03%
   VRPBLTW: top1=0.415 mean_cost=18.9834 (sbs=19.5198) vs_sbs=-2.75%
  OVRPBLTW: top1=0.487 mean_cost=10.5366 (sbs=10.5412) vs_sbs=-0.04%
[epoch 4] update=180/1422 total=4446 loss=0.64395 KL=0.00807 lr=0.0001 samples/s=1851
[epoch 4] update=360/1422 total=4626 loss=0.64490 KL=0.00769 lr=0.0001 samples/s=1851
[epoch 4] update=540/1422 total=4806 loss=0.64078 KL=0.00758 lr=0.0001 samples/s=1852
[epoch 4] update=720/1422 total=4986 loss=0.63942 KL=0.00751 lr=0.0001 samples/s=1853
[epoch 4] update=900/1422 total=5166 loss=0.63794 KL=0.00739 lr=0.0001 samples/s=1853
[epoch 4] update=1080/1422 total=5346 loss=0.63657 KL=0.00734 lr=0.0001 samples/s=1854
[epoch 4] update=1260/1422 total=5526 loss=0.63507 KL=0.00728 lr=0.0001 samples/s=1853
[epoch 4] update=1422/1422 total=5688 loss=0.63391 KL=0.00726 lr=0.0001 samples/s=1839
[R47B val epoch 4] macro_top1=0.4542 top2=0.8039 top3=0.9140 vs_sbs=-0.886% vbs_closed=+21.02%
       TSP: top1=0.352 mean_cost=7.9286 (sbs=7.9578) vs_sbs=-0.37%
      CVRP: top1=0.402 mean_cost=18.2612 (sbs=18.2943) vs_sbs=-0.18%
      ATSP: top1=0.741 mean_cost=1.6368 (sbs=1.6735) vs_sbs=-2.20%
      OVRP: top1=0.333 mean_cost=7.4590 (sbs=7.4617) vs_sbs=-0.04%
      VRPB: top1=0.560 mean_cost=9.3307 (sbs=9.3403) vs_sbs=-0.10%
      VRPL: top1=0.290 mean_cost=12.4052 (sbs=12.4072) vs_sbs=-0.02%
     VRPTW: top1=0.390 mean_cost=17.9611 (sbs=18.6571) vs_sbs=-3.73%
    OVRPTW: top1=0.471 mean_cost=10.0599 (sbs=10.0484) vs_sbs=+0.11%
     OVRPB: top1=0.557 mean_cost=6.3245 (sbs=6.3220) vs_sbs=+0.04%
     OVRPL: top1=0.381 mean_cost=7.4334 (sbs=7.4376) vs_sbs=-0.06%
     VRPBL: top1=0.536 mean_cost=9.3569 (sbs=9.3593) vs_sbs=-0.02%
    VRPBTW: top1=0.375 mean_cost=19.1344 (sbs=19.6697) vs_sbs=-2.72%
    VRPLTW: top1=0.415 mean_cost=17.7044 (sbs=18.5091) vs_sbs=-4.35%
    OVRPBL: top1=0.513 mean_cost=6.3126 (sbs=6.3103) vs_sbs=+0.04%
   OVRPBTW: top1=0.475 mean_cost=10.5160 (sbs=10.5068) vs_sbs=+0.09%
   OVRPLTW: top1=0.466 mean_cost=10.1420 (sbs=10.1272) vs_sbs=+0.15%
   VRPBLTW: top1=0.435 mean_cost=19.0029 (sbs=19.5198) vs_sbs=-2.65%
  OVRPBLTW: top1=0.483 mean_cost=10.5460 (sbs=10.5412) vs_sbs=+0.05%
[epoch 5] update=180/1422 total=5868 loss=0.62304 KL=0.00677 lr=0.0001 samples/s=1763
[epoch 5] update=360/1422 total=6048 loss=0.62384 KL=0.00685 lr=0.0001 samples/s=1807
[epoch 5] update=540/1422 total=6228 loss=0.62390 KL=0.00678 lr=0.0001 samples/s=1825
[AMP retry] same batch; lower scale=131072.0
[epoch 5] update=720/1422 total=6408 loss=0.62558 KL=0.00670 lr=0.0001 samples/s=1828
[epoch 5] update=900/1422 total=6588 loss=0.62644 KL=0.00666 lr=0.0001 samples/s=1834
[epoch 5] update=1080/1422 total=6768 loss=0.62541 KL=0.00663 lr=0.0001 samples/s=1829
[epoch 5] update=1260/1422 total=6948 loss=0.62458 KL=0.00660 lr=0.0001 samples/s=1828
[epoch 5] update=1422/1422 total=7110 loss=0.62414 KL=0.00657 lr=0.0001 samples/s=1817
[R47B val epoch 5] macro_top1=0.4597 top2=0.8061 top3=0.9156 vs_sbs=-0.949% vbs_closed=+23.35%
       TSP: top1=0.352 mean_cost=7.9340 (sbs=7.9578) vs_sbs=-0.30%
      CVRP: top1=0.406 mean_cost=18.2561 (sbs=18.2943) vs_sbs=-0.21%
      ATSP: top1=0.771 mean_cost=1.6355 (sbs=1.6735) vs_sbs=-2.27%
      OVRP: top1=0.370 mean_cost=7.4569 (sbs=7.4617) vs_sbs=-0.06%
      VRPB: top1=0.510 mean_cost=9.3388 (sbs=9.3403) vs_sbs=-0.02%
      VRPL: top1=0.309 mean_cost=12.4057 (sbs=12.4072) vs_sbs=-0.01%
     VRPTW: top1=0.395 mean_cost=17.9405 (sbs=18.6571) vs_sbs=-3.84%
    OVRPTW: top1=0.478 mean_cost=10.0479 (sbs=10.0484) vs_sbs=-0.01%
     OVRPB: top1=0.552 mean_cost=6.3209 (sbs=6.3220) vs_sbs=-0.02%
     OVRPL: top1=0.341 mean_cost=7.4431 (sbs=7.4376) vs_sbs=+0.07%
     VRPBL: top1=0.533 mean_cost=9.3581 (sbs=9.3593) vs_sbs=-0.01%
    VRPBTW: top1=0.442 mean_cost=19.0652 (sbs=19.6697) vs_sbs=-3.07%
    VRPLTW: top1=0.422 mean_cost=17.6826 (sbs=18.5091) vs_sbs=-4.47%
    OVRPBL: top1=0.558 mean_cost=6.3091 (sbs=6.3103) vs_sbs=-0.02%
   OVRPBTW: top1=0.462 mean_cost=10.5058 (sbs=10.5068) vs_sbs=-0.01%
   OVRPLTW: top1=0.494 mean_cost=10.1272 (sbs=10.1272) vs_sbs=+0.00%
   VRPBLTW: top1=0.409 mean_cost=18.9659 (sbs=19.5198) vs_sbs=-2.84%
  OVRPBLTW: top1=0.471 mean_cost=10.5415 (sbs=10.5412) vs_sbs=+0.00%
[train_eval] {"macro_ce": 1.142035186290741, "macro_top1": 0.45778888888888886, "macro_top2": 0.8053611111111111, "macro_top3": 0.9164777777777778, "macro_top1_tie_aware": 0.4587611111111111, "macro_mean_cost": 11.192272773235233, "macro_vs_sbs_pct": -0.9664616308922765, "macro_vs_oracle_pct": 1.0266038964648418, "macro_actual_regret_pct": 1.060499536577517, "macro_vbs_gap_closed_pct": 22.816043685569646, "macro_true3_accuracy": 0.6924582808755966, "macro_reference_top2_accuracy": 0.5620729871772983}
[epoch 6] update=180/1422 total=7290 loss=0.62278 KL=0.00635 lr=0.0001 samples/s=1847
[epoch 6] update=360/1422 total=7470 loss=0.62411 KL=0.00617 lr=0.0001 samples/s=1842
[epoch 6] update=540/1422 total=7650 loss=0.62412 KL=0.00598 lr=0.0001 samples/s=1838
[epoch 6] update=720/1422 total=7830 loss=0.62302 KL=0.00601 lr=0.0001 samples/s=1836
[epoch 6] update=900/1422 total=8010 loss=0.62171 KL=0.00596 lr=0.0001 samples/s=1835
[AMP retry] same batch; lower scale=65536.0
[epoch 6] update=1080/1422 total=8190 loss=0.62140 KL=0.00594 lr=0.0001 samples/s=1835
[epoch 6] update=1260/1422 total=8370 loss=0.62139 KL=0.00591 lr=0.0001 samples/s=1834
[epoch 6] update=1422/1422 total=8532 loss=0.62110 KL=0.00590 lr=0.0001 samples/s=1820
[R47B val epoch 6] macro_top1=0.4721 top2=0.8077 top3=0.9167 vs_sbs=-0.989% vbs_closed=+27.61%
       TSP: top1=0.352 mean_cost=7.9293 (sbs=7.9578) vs_sbs=-0.36%
      CVRP: top1=0.455 mean_cost=18.2159 (sbs=18.2943) vs_sbs=-0.43%
      ATSP: top1=0.778 mean_cost=1.6352 (sbs=1.6735) vs_sbs=-2.29%
      OVRP: top1=0.371 mean_cost=7.4559 (sbs=7.4617) vs_sbs=-0.08%
      VRPB: top1=0.550 mean_cost=9.3336 (sbs=9.3403) vs_sbs=-0.07%
      VRPL: top1=0.320 mean_cost=12.4054 (sbs=12.4072) vs_sbs=-0.01%
     VRPTW: top1=0.387 mean_cost=17.9430 (sbs=18.6571) vs_sbs=-3.83%
    OVRPTW: top1=0.492 mean_cost=10.0435 (sbs=10.0484) vs_sbs=-0.05%
     OVRPB: top1=0.557 mean_cost=6.3206 (sbs=6.3220) vs_sbs=-0.02%
     OVRPL: top1=0.382 mean_cost=7.4359 (sbs=7.4376) vs_sbs=-0.02%
     VRPBL: top1=0.544 mean_cost=9.3551 (sbs=9.3593) vs_sbs=-0.04%
    VRPBTW: top1=0.424 mean_cost=19.0732 (sbs=19.6697) vs_sbs=-3.03%
    VRPLTW: top1=0.421 mean_cost=17.6858 (sbs=18.5091) vs_sbs=-4.45%
    OVRPBL: top1=0.530 mean_cost=6.3078 (sbs=6.3103) vs_sbs=-0.04%
   OVRPBTW: top1=0.511 mean_cost=10.4920 (sbs=10.5068) vs_sbs=-0.14%
   OVRPLTW: top1=0.496 mean_cost=10.1293 (sbs=10.1272) vs_sbs=+0.02%
   VRPBLTW: top1=0.432 mean_cost=18.9619 (sbs=19.5198) vs_sbs=-2.86%
  OVRPBLTW: top1=0.496 mean_cost=10.5311 (sbs=10.5412) vs_sbs=-0.10%
[epoch 7] update=180/1422 total=8712 loss=0.62082 KL=0.00578 lr=0.0001 samples/s=1838
[epoch 7] update=360/1422 total=8892 loss=0.61694 KL=0.00579 lr=0.0001 samples/s=1834
[epoch 7] update=540/1422 total=9072 loss=0.61703 KL=0.00572 lr=0.0001 samples/s=1834
[epoch 7] update=720/1422 total=9252 loss=0.61713 KL=0.00566 lr=0.0001 samples/s=1835
[epoch 7] update=900/1422 total=9432 loss=0.61645 KL=0.00569 lr=0.0001 samples/s=1836
[epoch 7] update=1080/1422 total=9612 loss=0.61632 KL=0.00565 lr=0.0001 samples/s=1838
[epoch 7] update=1260/1422 total=9792 loss=0.61601 KL=0.00564 lr=0.0001 samples/s=1838
[epoch 7] update=1422/1422 total=9954 loss=0.61604 KL=0.00562 lr=0.0001 samples/s=1825
[R47B val epoch 7] macro_top1=0.4644 top2=0.8084 top3=0.9204 vs_sbs=-0.971% vbs_closed=+24.75%
       TSP: top1=0.348 mean_cost=7.9382 (sbs=7.9578) vs_sbs=-0.25%
      CVRP: top1=0.437 mean_cost=18.2294 (sbs=18.2943) vs_sbs=-0.35%
      ATSP: top1=0.779 mean_cost=1.6351 (sbs=1.6735) vs_sbs=-2.30%
      OVRP: top1=0.379 mean_cost=7.4564 (sbs=7.4617) vs_sbs=-0.07%
      VRPB: top1=0.504 mean_cost=9.3401 (sbs=9.3403) vs_sbs=-0.00%
      VRPL: top1=0.312 mean_cost=12.4043 (sbs=12.4072) vs_sbs=-0.02%
     VRPTW: top1=0.397 mean_cost=17.9339 (sbs=18.6571) vs_sbs=-3.88%
    OVRPTW: top1=0.480 mean_cost=10.0467 (sbs=10.0484) vs_sbs=-0.02%
     OVRPB: top1=0.551 mean_cost=6.3205 (sbs=6.3220) vs_sbs=-0.02%
     OVRPL: top1=0.371 mean_cost=7.4373 (sbs=7.4376) vs_sbs=-0.00%
     VRPBL: top1=0.528 mean_cost=9.3592 (sbs=9.3593) vs_sbs=-0.00%
    VRPBTW: top1=0.444 mean_cost=19.0458 (sbs=19.6697) vs_sbs=-3.17%
    VRPLTW: top1=0.428 mean_cost=17.6752 (sbs=18.5091) vs_sbs=-4.51%
    OVRPBL: top1=0.554 mean_cost=6.3103 (sbs=6.3103) vs_sbs=+0.00%
   OVRPBTW: top1=0.462 mean_cost=10.5067 (sbs=10.5068) vs_sbs=-0.00%
   OVRPLTW: top1=0.494 mean_cost=10.1271 (sbs=10.1272) vs_sbs=-0.00%
   VRPBLTW: top1=0.420 mean_cost=18.9561 (sbs=19.5198) vs_sbs=-2.89%
  OVRPBLTW: top1=0.472 mean_cost=10.5408 (sbs=10.5412) vs_sbs=-0.00%
[epoch 8] update=180/1422 total=10134 loss=0.61884 KL=0.00566 lr=0.0001 samples/s=1835
[epoch 8] update=360/1422 total=10314 loss=0.61648 KL=0.00558 lr=0.0001 samples/s=1844
[epoch 8] update=540/1422 total=10494 loss=0.61336 KL=0.00556 lr=0.0001 samples/s=1845
[epoch 8] update=720/1422 total=10674 loss=0.61279 KL=0.00553 lr=0.0001 samples/s=1845
[epoch 8] update=900/1422 total=10854 loss=0.61281 KL=0.00547 lr=0.0001 samples/s=1842
[epoch 8] update=1080/1422 total=11034 loss=0.61193 KL=0.00550 lr=0.0001 samples/s=1841
[epoch 8] update=1260/1422 total=11214 loss=0.61246 KL=0.00545 lr=0.0001 samples/s=1840
[epoch 8] update=1422/1422 total=11376 loss=0.61177 KL=0.00543 lr=0.0001 samples/s=1828
[R47B val epoch 8] macro_top1=0.4772 top2=0.8138 top3=0.9211 vs_sbs=-1.006% vbs_closed=+28.22%
       TSP: top1=0.357 mean_cost=7.9277 (sbs=7.9578) vs_sbs=-0.38%
      CVRP: top1=0.477 mean_cost=18.2044 (sbs=18.2943) vs_sbs=-0.49%
      ATSP: top1=0.778 mean_cost=1.6355 (sbs=1.6735) vs_sbs=-2.27%
      OVRP: top1=0.362 mean_cost=7.4572 (sbs=7.4617) vs_sbs=-0.06%
      VRPB: top1=0.552 mean_cost=9.3338 (sbs=9.3403) vs_sbs=-0.07%
      VRPL: top1=0.326 mean_cost=12.4025 (sbs=12.4072) vs_sbs=-0.04%
     VRPTW: top1=0.419 mean_cost=17.9213 (sbs=18.6571) vs_sbs=-3.94%
    OVRPTW: top1=0.487 mean_cost=10.0473 (sbs=10.0484) vs_sbs=-0.01%
     OVRPB: top1=0.560 mean_cost=6.3204 (sbs=6.3220) vs_sbs=-0.03%
     OVRPL: top1=0.387 mean_cost=7.4342 (sbs=7.4376) vs_sbs=-0.04%
     VRPBL: top1=0.546 mean_cost=9.3535 (sbs=9.3593) vs_sbs=-0.06%
    VRPBTW: top1=0.436 mean_cost=19.0622 (sbs=19.6697) vs_sbs=-3.09%
    VRPLTW: top1=0.465 mean_cost=17.6575 (sbs=18.5091) vs_sbs=-4.60%
    OVRPBL: top1=0.529 mean_cost=6.3079 (sbs=6.3103) vs_sbs=-0.04%
   OVRPBTW: top1=0.497 mean_cost=10.4982 (sbs=10.5068) vs_sbs=-0.08%
   OVRPLTW: top1=0.496 mean_cost=10.1269 (sbs=10.1272) vs_sbs=-0.00%
   VRPBLTW: top1=0.423 mean_cost=18.9629 (sbs=19.5198) vs_sbs=-2.85%
  OVRPBLTW: top1=0.492 mean_cost=10.5353 (sbs=10.5412) vs_sbs=-0.06%
[epoch 9] update=180/1422 total=11556 loss=0.60922 KL=0.00547 lr=0.0001 samples/s=1860
[epoch 9] update=360/1422 total=11736 loss=0.60922 KL=0.00547 lr=0.0001 samples/s=1859
[epoch 9] update=540/1422 total=11916 loss=0.60890 KL=0.00546 lr=0.0001 samples/s=1851
[epoch 9] update=720/1422 total=12096 loss=0.60868 KL=0.00539 lr=0.0001 samples/s=1853
[AMP retry] same batch; lower scale=131072.0
[epoch 9] update=900/1422 total=12276 loss=0.60780 KL=0.00534 lr=0.0001 samples/s=1847
[epoch 9] update=1080/1422 total=12456 loss=0.60746 KL=0.00530 lr=0.0001 samples/s=1848
[epoch 9] update=1260/1422 total=12636 loss=0.60775 KL=0.00527 lr=0.0001 samples/s=1848
[epoch 9] update=1422/1422 total=12798 loss=0.60789 KL=0.00523 lr=0.0001 samples/s=1836
[R47B val epoch 9] macro_top1=0.4750 top2=0.8113 top3=0.9177 vs_sbs=-0.988% vbs_closed=+27.13%
       TSP: top1=0.357 mean_cost=7.9290 (sbs=7.9578) vs_sbs=-0.36%
      CVRP: top1=0.474 mean_cost=18.2060 (sbs=18.2943) vs_sbs=-0.48%
      ATSP: top1=0.787 mean_cost=1.6346 (sbs=1.6735) vs_sbs=-2.32%
      OVRP: top1=0.371 mean_cost=7.4555 (sbs=7.4617) vs_sbs=-0.08%
      VRPB: top1=0.555 mean_cost=9.3337 (sbs=9.3403) vs_sbs=-0.07%
      VRPL: top1=0.310 mean_cost=12.4064 (sbs=12.4072) vs_sbs=-0.01%
     VRPTW: top1=0.421 mean_cost=17.9247 (sbs=18.6571) vs_sbs=-3.93%
    OVRPTW: top1=0.493 mean_cost=10.0472 (sbs=10.0484) vs_sbs=-0.01%
     OVRPB: top1=0.554 mean_cost=6.3230 (sbs=6.3220) vs_sbs=+0.02%
     OVRPL: top1=0.390 mean_cost=7.4338 (sbs=7.4376) vs_sbs=-0.05%
     VRPBL: top1=0.537 mean_cost=9.3567 (sbs=9.3593) vs_sbs=-0.03%
    VRPBTW: top1=0.426 mean_cost=19.0690 (sbs=19.6697) vs_sbs=-3.05%
    VRPLTW: top1=0.426 mean_cost=17.6943 (sbs=18.5091) vs_sbs=-4.40%
    OVRPBL: top1=0.527 mean_cost=6.3083 (sbs=6.3103) vs_sbs=-0.03%
   OVRPBTW: top1=0.512 mean_cost=10.4980 (sbs=10.5068) vs_sbs=-0.08%
   OVRPLTW: top1=0.489 mean_cost=10.1298 (sbs=10.1272) vs_sbs=+0.03%
   VRPBLTW: top1=0.427 mean_cost=18.9632 (sbs=19.5198) vs_sbs=-2.85%
  OVRPBLTW: top1=0.494 mean_cost=10.5356 (sbs=10.5412) vs_sbs=-0.05%
[epoch 10] update=180/1422 total=12978 loss=0.60459 KL=0.00521 lr=0.0001 samples/s=1839
[epoch 10] update=360/1422 total=13158 loss=0.60567 KL=0.00521 lr=0.0001 samples/s=1846
[epoch 10] update=540/1422 total=13338 loss=0.60533 KL=0.00521 lr=0.0001 samples/s=1847
[epoch 10] update=720/1422 total=13518 loss=0.60566 KL=0.00516 lr=0.0001 samples/s=1846
[epoch 10] update=900/1422 total=13698 loss=0.60599 KL=0.00512 lr=0.0001 samples/s=1848
[epoch 10] update=1080/1422 total=13878 loss=0.60626 KL=0.00513 lr=0.0001 samples/s=1848
[epoch 10] update=1260/1422 total=14058 loss=0.60600 KL=0.00510 lr=0.0001 samples/s=1850
[epoch 10] update=1422/1422 total=14220 loss=0.60587 KL=0.00511 lr=0.0001 samples/s=1835
[R47B val epoch 10] macro_top1=0.4752 top2=0.8103 top3=0.9183 vs_sbs=-0.974% vbs_closed=+26.64%
       TSP: top1=0.351 mean_cost=7.9342 (sbs=7.9578) vs_sbs=-0.30%
      CVRP: top1=0.470 mean_cost=18.2189 (sbs=18.2943) vs_sbs=-0.41%
      ATSP: top1=0.770 mean_cost=1.6354 (sbs=1.6735) vs_sbs=-2.28%
      OVRP: top1=0.355 mean_cost=7.4560 (sbs=7.4617) vs_sbs=-0.08%
      VRPB: top1=0.546 mean_cost=9.3354 (sbs=9.3403) vs_sbs=-0.05%
      VRPL: top1=0.314 mean_cost=12.4049 (sbs=12.4072) vs_sbs=-0.02%
     VRPTW: top1=0.419 mean_cost=17.9292 (sbs=18.6571) vs_sbs=-3.90%
    OVRPTW: top1=0.508 mean_cost=10.0433 (sbs=10.0484) vs_sbs=-0.05%
     OVRPB: top1=0.576 mean_cost=6.3169 (sbs=6.3220) vs_sbs=-0.08%
     OVRPL: top1=0.398 mean_cost=7.4330 (sbs=7.4376) vs_sbs=-0.06%
     VRPBL: top1=0.551 mean_cost=9.3535 (sbs=9.3593) vs_sbs=-0.06%
    VRPBTW: top1=0.413 mean_cost=19.1020 (sbs=19.6697) vs_sbs=-2.89%
    VRPLTW: top1=0.438 mean_cost=17.6815 (sbs=18.5091) vs_sbs=-4.47%
    OVRPBL: top1=0.544 mean_cost=6.3085 (sbs=6.3103) vs_sbs=-0.03%
   OVRPBTW: top1=0.511 mean_cost=10.4980 (sbs=10.5068) vs_sbs=-0.08%
   OVRPLTW: top1=0.473 mean_cost=10.1360 (sbs=10.1272) vs_sbs=+0.09%
   VRPBLTW: top1=0.424 mean_cost=18.9669 (sbs=19.5198) vs_sbs=-2.83%
  OVRPBLTW: top1=0.493 mean_cost=10.5386 (sbs=10.5412) vs_sbs=-0.02%
[train_eval] {"macro_ce": 1.1225670211844974, "macro_top1": 0.4731888888888889, "macro_top2": 0.8082777777777778, "macro_top3": 0.9191944444444443, "macro_top1_tie_aware": 0.47407222222222223, "macro_mean_cost": 11.188519808731591, "macro_vs_sbs_pct": -1.0008863759564557, "macro_vs_oracle_pct": 0.9920064119232828, "macro_actual_regret_pct": 1.0267659074579574, "macro_vbs_gap_closed_pct": 27.134562256005047, "macro_true3_accuracy": 0.6988641815670605, "macro_reference_top2_accuracy": 0.57569779549765}
[epoch 11] update=180/1422 total=14400 loss=0.60504 KL=0.00522 lr=0.0001 samples/s=1860
[AMP retry] same batch; lower scale=131072.0
[epoch 11] update=360/1422 total=14580 loss=0.60496 KL=0.00514 lr=0.0001 samples/s=1853
[epoch 11] update=540/1422 total=14760 loss=0.60712 KL=0.00504 lr=0.0001 samples/s=1852
[epoch 11] update=720/1422 total=14940 loss=0.60593 KL=0.00506 lr=0.0001 samples/s=1849
[epoch 11] update=900/1422 total=15120 loss=0.60683 KL=0.00505 lr=0.0001 samples/s=1849
[epoch 11] update=1080/1422 total=15300 loss=0.60539 KL=0.00504 lr=0.0001 samples/s=1847
[epoch 11] update=1260/1422 total=15480 loss=0.60513 KL=0.00501 lr=0.0001 samples/s=1847
[epoch 11] update=1422/1422 total=15642 loss=0.60514 KL=0.00498 lr=0.0001 samples/s=1833
[R47B val epoch 11] macro_top1=0.4773 top2=0.8138 top3=0.9216 vs_sbs=-1.012% vbs_closed=+28.93%
       TSP: top1=0.363 mean_cost=7.9248 (sbs=7.9578) vs_sbs=-0.41%
      CVRP: top1=0.487 mean_cost=18.1998 (sbs=18.2943) vs_sbs=-0.52%
      ATSP: top1=0.784 mean_cost=1.6348 (sbs=1.6735) vs_sbs=-2.32%
      OVRP: top1=0.353 mean_cost=7.4568 (sbs=7.4617) vs_sbs=-0.07%
      VRPB: top1=0.553 mean_cost=9.3331 (sbs=9.3403) vs_sbs=-0.08%
      VRPL: top1=0.317 mean_cost=12.4027 (sbs=12.4072) vs_sbs=-0.04%
     VRPTW: top1=0.407 mean_cost=17.9252 (sbs=18.6571) vs_sbs=-3.92%
    OVRPTW: top1=0.497 mean_cost=10.0440 (sbs=10.0484) vs_sbs=-0.04%
     OVRPB: top1=0.570 mean_cost=6.3184 (sbs=6.3220) vs_sbs=-0.06%
     OVRPL: top1=0.385 mean_cost=7.4341 (sbs=7.4376) vs_sbs=-0.05%
     VRPBL: top1=0.539 mean_cost=9.3560 (sbs=9.3593) vs_sbs=-0.03%
    VRPBTW: top1=0.451 mean_cost=19.0687 (sbs=19.6697) vs_sbs=-3.06%
    VRPLTW: top1=0.426 mean_cost=17.6683 (sbs=18.5091) vs_sbs=-4.54%
    OVRPBL: top1=0.551 mean_cost=6.3087 (sbs=6.3103) vs_sbs=-0.02%
   OVRPBTW: top1=0.481 mean_cost=10.5003 (sbs=10.5068) vs_sbs=-0.06%
   OVRPLTW: top1=0.510 mean_cost=10.1259 (sbs=10.1272) vs_sbs=-0.01%
   VRPBLTW: top1=0.423 mean_cost=18.9534 (sbs=19.5198) vs_sbs=-2.90%
  OVRPBLTW: top1=0.495 mean_cost=10.5313 (sbs=10.5412) vs_sbs=-0.09%
[epoch 12] update=180/1422 total=15822 loss=0.59678 KL=0.00542 lr=0.0001 samples/s=1839
[epoch 12] update=360/1422 total=16002 loss=0.59752 KL=0.00534 lr=0.0001 samples/s=1839
[epoch 12] update=540/1422 total=16182 loss=0.59882 KL=0.00525 lr=0.0001 samples/s=1770
[epoch 12] update=720/1422 total=16362 loss=0.59902 KL=0.00523 lr=0.0001 samples/s=1737
[AMP retry] same batch; lower scale=65536.0
[epoch 12] update=900/1422 total=16542 loss=0.59960 KL=0.00520 lr=0.0001 samples/s=1711
[epoch 12] update=1080/1422 total=16722 loss=0.60030 KL=0.00515 lr=0.0001 samples/s=1701
[epoch 12] update=1260/1422 total=16902 loss=0.60122 KL=0.00507 lr=0.0001 samples/s=1692
[epoch 12] update=1422/1422 total=17064 loss=0.60108 KL=0.00507 lr=0.0001 samples/s=1684
[R47B val epoch 12] macro_top1=0.4796 top2=0.8141 top3=0.9203 vs_sbs=-1.017% vbs_closed=+29.49%
       TSP: top1=0.358 mean_cost=7.9275 (sbs=7.9578) vs_sbs=-0.38%
      CVRP: top1=0.486 mean_cost=18.2044 (sbs=18.2943) vs_sbs=-0.49%
      ATSP: top1=0.785 mean_cost=1.6347 (sbs=1.6735) vs_sbs=-2.32%
      OVRP: top1=0.371 mean_cost=7.4558 (sbs=7.4617) vs_sbs=-0.08%
      VRPB: top1=0.547 mean_cost=9.3343 (sbs=9.3403) vs_sbs=-0.06%
      VRPL: top1=0.314 mean_cost=12.4054 (sbs=12.4072) vs_sbs=-0.01%
     VRPTW: top1=0.392 mean_cost=17.9269 (sbs=18.6571) vs_sbs=-3.91%
    OVRPTW: top1=0.498 mean_cost=10.0424 (sbs=10.0484) vs_sbs=-0.06%
     OVRPB: top1=0.576 mean_cost=6.3172 (sbs=6.3220) vs_sbs=-0.08%
     OVRPL: top1=0.382 mean_cost=7.4338 (sbs=7.4376) vs_sbs=-0.05%
     VRPBL: top1=0.546 mean_cost=9.3526 (sbs=9.3593) vs_sbs=-0.07%
    VRPBTW: top1=0.460 mean_cost=19.0620 (sbs=19.6697) vs_sbs=-3.09%
    VRPLTW: top1=0.424 mean_cost=17.6744 (sbs=18.5091) vs_sbs=-4.51%
    OVRPBL: top1=0.577 mean_cost=6.3020 (sbs=6.3103) vs_sbs=-0.13%
   OVRPBTW: top1=0.481 mean_cost=10.5000 (sbs=10.5068) vs_sbs=-0.06%
   OVRPLTW: top1=0.518 mean_cost=10.1250 (sbs=10.1272) vs_sbs=-0.02%
   VRPBLTW: top1=0.417 mean_cost=18.9598 (sbs=19.5198) vs_sbs=-2.87%
  OVRPBLTW: top1=0.500 mean_cost=10.5314 (sbs=10.5412) vs_sbs=-0.09%
[epoch 13] update=180/1422 total=17244 loss=0.60090 KL=0.00523 lr=0.0001 samples/s=1837
[epoch 13] update=360/1422 total=17424 loss=0.60088 KL=0.00511 lr=0.0001 samples/s=1832
[epoch 13] update=540/1422 total=17604 loss=0.60026 KL=0.00506 lr=0.0001 samples/s=1831
[epoch 13] update=720/1422 total=17784 loss=0.60092 KL=0.00498 lr=0.0001 samples/s=1832
[epoch 13] update=900/1422 total=17964 loss=0.60103 KL=0.00497 lr=0.0001 samples/s=1829
[epoch 13] update=1080/1422 total=18144 loss=0.60026 KL=0.00493 lr=0.0001 samples/s=1828
[epoch 13] update=1260/1422 total=18324 loss=0.60003 KL=0.00491 lr=0.0001 samples/s=1828
[epoch 13] update=1422/1422 total=18486 loss=0.59975 KL=0.00491 lr=0.0001 samples/s=1815
[R47B val epoch 13] macro_top1=0.4844 top2=0.8132 top3=0.9219 vs_sbs=-1.027% vbs_closed=+29.75%
       TSP: top1=0.354 mean_cost=7.9265 (sbs=7.9578) vs_sbs=-0.39%
      CVRP: top1=0.492 mean_cost=18.2013 (sbs=18.2943) vs_sbs=-0.51%
      ATSP: top1=0.781 mean_cost=1.6349 (sbs=1.6735) vs_sbs=-2.31%
      OVRP: top1=0.361 mean_cost=7.4558 (sbs=7.4617) vs_sbs=-0.08%
      VRPB: top1=0.557 mean_cost=9.3327 (sbs=9.3403) vs_sbs=-0.08%
      VRPL: top1=0.327 mean_cost=12.4027 (sbs=12.4072) vs_sbs=-0.04%
     VRPTW: top1=0.420 mean_cost=17.9348 (sbs=18.6571) vs_sbs=-3.87%
    OVRPTW: top1=0.513 mean_cost=10.0410 (sbs=10.0484) vs_sbs=-0.07%
     OVRPB: top1=0.583 mean_cost=6.3159 (sbs=6.3220) vs_sbs=-0.10%
     OVRPL: top1=0.385 mean_cost=7.4332 (sbs=7.4376) vs_sbs=-0.06%
     VRPBL: top1=0.534 mean_cost=9.3571 (sbs=9.3593) vs_sbs=-0.02%
    VRPBTW: top1=0.446 mean_cost=19.0461 (sbs=19.6697) vs_sbs=-3.17%
    VRPLTW: top1=0.454 mean_cost=17.6498 (sbs=18.5091) vs_sbs=-4.64%
    OVRPBL: top1=0.563 mean_cost=6.3071 (sbs=6.3103) vs_sbs=-0.05%
   OVRPBTW: top1=0.527 mean_cost=10.4891 (sbs=10.5068) vs_sbs=-0.17%
   OVRPLTW: top1=0.508 mean_cost=10.1288 (sbs=10.1272) vs_sbs=+0.02%
   VRPBLTW: top1=0.417 mean_cost=18.9569 (sbs=19.5198) vs_sbs=-2.88%
  OVRPBLTW: top1=0.498 mean_cost=10.5347 (sbs=10.5412) vs_sbs=-0.06%
[epoch 14] update=180/1422 total=18666 loss=0.60022 KL=0.00495 lr=0.0001 samples/s=1819
[epoch 14] update=360/1422 total=18846 loss=0.59822 KL=0.00494 lr=0.0001 samples/s=1819
[epoch 14] update=540/1422 total=19026 loss=0.59969 KL=0.00490 lr=0.0001 samples/s=1823
[epoch 14] update=720/1422 total=19206 loss=0.59882 KL=0.00483 lr=0.0001 samples/s=1826
[epoch 14] update=900/1422 total=19386 loss=0.59840 KL=0.00482 lr=0.0001 samples/s=1825
[epoch 14] update=1080/1422 total=19566 loss=0.59851 KL=0.00480 lr=0.0001 samples/s=1826
[epoch 14] update=1260/1422 total=19746 loss=0.59801 KL=0.00483 lr=0.0001 samples/s=1827
[epoch 14] update=1422/1422 total=19908 loss=0.59830 KL=0.00480 lr=0.0001 samples/s=1812
[R47B val epoch 14] macro_top1=0.4741 top2=0.8078 top3=0.9179 vs_sbs=-0.980% vbs_closed=+25.75%
       TSP: top1=0.357 mean_cost=7.9292 (sbs=7.9578) vs_sbs=-0.36%
      CVRP: top1=0.481 mean_cost=18.2087 (sbs=18.2943) vs_sbs=-0.47%
      ATSP: top1=0.785 mean_cost=1.6349 (sbs=1.6735) vs_sbs=-2.31%
      OVRP: top1=0.359 mean_cost=7.4553 (sbs=7.4617) vs_sbs=-0.08%
      VRPB: top1=0.563 mean_cost=9.3333 (sbs=9.3403) vs_sbs=-0.08%
      VRPL: top1=0.268 mean_cost=12.4196 (sbs=12.4072) vs_sbs=+0.10%
     VRPTW: top1=0.432 mean_cost=17.9150 (sbs=18.6571) vs_sbs=-3.98%
    OVRPTW: top1=0.496 mean_cost=10.0434 (sbs=10.0484) vs_sbs=-0.05%
     OVRPB: top1=0.551 mean_cost=6.3238 (sbs=6.3220) vs_sbs=+0.03%
     OVRPL: top1=0.388 mean_cost=7.4347 (sbs=7.4376) vs_sbs=-0.04%
     VRPBL: top1=0.531 mean_cost=9.3610 (sbs=9.3593) vs_sbs=+0.02%
    VRPBTW: top1=0.421 mean_cost=19.0685 (sbs=19.6697) vs_sbs=-3.06%
    VRPLTW: top1=0.429 mean_cost=17.6828 (sbs=18.5091) vs_sbs=-4.46%
    OVRPBL: top1=0.532 mean_cost=6.3098 (sbs=6.3103) vs_sbs=-0.01%
   OVRPBTW: top1=0.522 mean_cost=10.4951 (sbs=10.5068) vs_sbs=-0.11%
   OVRPLTW: top1=0.498 mean_cost=10.1283 (sbs=10.1272) vs_sbs=+0.01%
   VRPBLTW: top1=0.422 mean_cost=18.9858 (sbs=19.5198) vs_sbs=-2.74%
  OVRPBLTW: top1=0.499 mean_cost=10.5345 (sbs=10.5412) vs_sbs=-0.06%
[epoch 15] update=180/1422 total=20088 loss=0.59557 KL=0.00491 lr=0.0001 samples/s=1838
[epoch 15] update=360/1422 total=20268 loss=0.59648 KL=0.00478 lr=0.0001 samples/s=1839
[AMP retry] same batch; lower scale=65536.0
[epoch 15] update=540/1422 total=20448 loss=0.59613 KL=0.00475 lr=0.0001 samples/s=1821
[epoch 15] update=720/1422 total=20628 loss=0.59606 KL=0.00476 lr=0.0001 samples/s=1822
[epoch 15] update=900/1422 total=20808 loss=0.59588 KL=0.00476 lr=0.0001 samples/s=1824
[epoch 15] update=1080/1422 total=20988 loss=0.59647 KL=0.00478 lr=0.0001 samples/s=1825
[epoch 15] update=1260/1422 total=21168 loss=0.59612 KL=0.00478 lr=0.0001 samples/s=1826
[epoch 15] update=1422/1422 total=21330 loss=0.59694 KL=0.00475 lr=0.0001 samples/s=1814
[R47B val epoch 15] macro_top1=0.4764 top2=0.8141 top3=0.9204 vs_sbs=-1.016% vbs_closed=+28.82%
       TSP: top1=0.357 mean_cost=7.9255 (sbs=7.9578) vs_sbs=-0.41%
      CVRP: top1=0.486 mean_cost=18.2031 (sbs=18.2943) vs_sbs=-0.50%
      ATSP: top1=0.772 mean_cost=1.6354 (sbs=1.6735) vs_sbs=-2.28%
      OVRP: top1=0.381 mean_cost=7.4544 (sbs=7.4617) vs_sbs=-0.10%
      VRPB: top1=0.547 mean_cost=9.3344 (sbs=9.3403) vs_sbs=-0.06%
      VRPL: top1=0.334 mean_cost=12.4020 (sbs=12.4072) vs_sbs=-0.04%
     VRPTW: top1=0.419 mean_cost=17.9036 (sbs=18.6571) vs_sbs=-4.04%
    OVRPTW: top1=0.500 mean_cost=10.0424 (sbs=10.0484) vs_sbs=-0.06%
     OVRPB: top1=0.574 mean_cost=6.3181 (sbs=6.3220) vs_sbs=-0.06%
     OVRPL: top1=0.372 mean_cost=7.4351 (sbs=7.4376) vs_sbs=-0.03%
     VRPBL: top1=0.542 mean_cost=9.3551 (sbs=9.3593) vs_sbs=-0.05%
    VRPBTW: top1=0.446 mean_cost=19.0624 (sbs=19.6697) vs_sbs=-3.09%
    VRPLTW: top1=0.435 mean_cost=17.6612 (sbs=18.5091) vs_sbs=-4.58%
    OVRPBL: top1=0.547 mean_cost=6.3067 (sbs=6.3103) vs_sbs=-0.06%
   OVRPBTW: top1=0.463 mean_cost=10.5054 (sbs=10.5068) vs_sbs=-0.01%
   OVRPLTW: top1=0.510 mean_cost=10.1258 (sbs=10.1272) vs_sbs=-0.01%
   VRPBLTW: top1=0.413 mean_cost=18.9573 (sbs=19.5198) vs_sbs=-2.88%
  OVRPBLTW: top1=0.478 mean_cost=10.5383 (sbs=10.5412) vs_sbs=-0.03%
[train_eval] {"macro_ce": 1.1075052850776248, "macro_top1": 0.4801222222222223, "macro_top2": 0.8139055555555554, "macro_top3": 0.9240166666666667, "macro_top1_tie_aware": 0.4809499999999999, "macro_mean_cost": 11.18132158388017, "macro_vs_sbs_pct": -1.0453285313954903, "macro_vs_oracle_pct": 0.9458126770269865, "macro_actual_regret_pct": 0.9750805664480738, "macro_vbs_gap_closed_pct": 29.084049105267088, "macro_true3_accuracy": 0.7014489687314831, "macro_reference_top2_accuracy": 0.5789258924291212}
[epoch 16] update=180/1422 total=21510 loss=0.59584 KL=0.00497 lr=0.0001 samples/s=1841
[epoch 16] update=360/1422 total=21690 loss=0.59590 KL=0.00487 lr=0.0001 samples/s=1850
[epoch 16] update=540/1422 total=21870 loss=0.59639 KL=0.00480 lr=0.0001 samples/s=1852
[epoch 16] update=720/1422 total=22050 loss=0.59650 KL=0.00476 lr=0.0001 samples/s=1850
[epoch 16] update=900/1422 total=22230 loss=0.59725 KL=0.00476 lr=0.0001 samples/s=1851
[epoch 16] update=1080/1422 total=22410 loss=0.59688 KL=0.00476 lr=0.0001 samples/s=1850
[epoch 16] update=1260/1422 total=22590 loss=0.59586 KL=0.00477 lr=0.0001 samples/s=1846
[epoch 16] update=1422/1422 total=22752 loss=0.59589 KL=0.00476 lr=0.0001 samples/s=1832
[R47B val epoch 16] macro_top1=0.4776 top2=0.8138 top3=0.9224 vs_sbs=-1.019% vbs_closed=+29.01%
       TSP: top1=0.341 mean_cost=7.9236 (sbs=7.9578) vs_sbs=-0.43%
      CVRP: top1=0.486 mean_cost=18.2033 (sbs=18.2943) vs_sbs=-0.50%
      ATSP: top1=0.784 mean_cost=1.6348 (sbs=1.6735) vs_sbs=-2.32%
      OVRP: top1=0.372 mean_cost=7.4566 (sbs=7.4617) vs_sbs=-0.07%
      VRPB: top1=0.556 mean_cost=9.3336 (sbs=9.3403) vs_sbs=-0.07%
      VRPL: top1=0.316 mean_cost=12.4052 (sbs=12.4072) vs_sbs=-0.02%
     VRPTW: top1=0.419 mean_cost=17.9134 (sbs=18.6571) vs_sbs=-3.99%
    OVRPTW: top1=0.504 mean_cost=10.0415 (sbs=10.0484) vs_sbs=-0.07%
     OVRPB: top1=0.575 mean_cost=6.3159 (sbs=6.3220) vs_sbs=-0.10%
     OVRPL: top1=0.366 mean_cost=7.4358 (sbs=7.4376) vs_sbs=-0.02%
     VRPBL: top1=0.538 mean_cost=9.3553 (sbs=9.3593) vs_sbs=-0.04%
    VRPBTW: top1=0.442 mean_cost=19.0640 (sbs=19.6697) vs_sbs=-3.08%
    VRPLTW: top1=0.439 mean_cost=17.6608 (sbs=18.5091) vs_sbs=-4.58%
    OVRPBL: top1=0.575 mean_cost=6.3036 (sbs=6.3103) vs_sbs=-0.11%
   OVRPBTW: top1=0.478 mean_cost=10.5029 (sbs=10.5068) vs_sbs=-0.04%
   OVRPLTW: top1=0.503 mean_cost=10.1280 (sbs=10.1272) vs_sbs=+0.01%
   VRPBLTW: top1=0.427 mean_cost=18.9565 (sbs=19.5198) vs_sbs=-2.89%
  OVRPBLTW: top1=0.475 mean_cost=10.5367 (sbs=10.5412) vs_sbs=-0.04%
[epoch 17] update=180/1422 total=22932 loss=0.58931 KL=0.00498 lr=5e-05 samples/s=1842
[epoch 17] update=360/1422 total=23112 loss=0.58800 KL=0.00505 lr=5e-05 samples/s=1840
[epoch 17] update=540/1422 total=23292 loss=0.58607 KL=0.00511 lr=5e-05 samples/s=1843
[epoch 17] update=720/1422 total=23472 loss=0.58590 KL=0.00514 lr=5e-05 samples/s=1843
[epoch 17] update=900/1422 total=23652 loss=0.58627 KL=0.00511 lr=5e-05 samples/s=1840
[epoch 17] update=1080/1422 total=23832 loss=0.58630 KL=0.00513 lr=5e-05 samples/s=1842
[epoch 17] update=1260/1422 total=24012 loss=0.58573 KL=0.00514 lr=5e-05 samples/s=1841
[epoch 17] update=1422/1422 total=24174 loss=0.58588 KL=0.00514 lr=5e-05 samples/s=1828
[R47B val epoch 17] macro_top1=0.4823 top2=0.8164 top3=0.9241 vs_sbs=-1.034% vbs_closed=+30.04%
       TSP: top1=0.372 mean_cost=7.9185 (sbs=7.9578) vs_sbs=-0.49%
      CVRP: top1=0.500 mean_cost=18.2010 (sbs=18.2943) vs_sbs=-0.51%
      ATSP: top1=0.782 mean_cost=1.6349 (sbs=1.6735) vs_sbs=-2.31%
      OVRP: top1=0.352 mean_cost=7.4574 (sbs=7.4617) vs_sbs=-0.06%
      VRPB: top1=0.565 mean_cost=9.3295 (sbs=9.3403) vs_sbs=-0.11%
      VRPL: top1=0.315 mean_cost=12.4029 (sbs=12.4072) vs_sbs=-0.03%
     VRPTW: top1=0.416 mean_cost=17.9098 (sbs=18.6571) vs_sbs=-4.01%
    OVRPTW: top1=0.497 mean_cost=10.0432 (sbs=10.0484) vs_sbs=-0.05%
     OVRPB: top1=0.569 mean_cost=6.3183 (sbs=6.3220) vs_sbs=-0.06%
     OVRPL: top1=0.393 mean_cost=7.4330 (sbs=7.4376) vs_sbs=-0.06%
     VRPBL: top1=0.539 mean_cost=9.3567 (sbs=9.3593) vs_sbs=-0.03%
    VRPBTW: top1=0.445 mean_cost=19.0596 (sbs=19.6697) vs_sbs=-3.10%
    VRPLTW: top1=0.450 mean_cost=17.6484 (sbs=18.5091) vs_sbs=-4.65%
    OVRPBL: top1=0.547 mean_cost=6.3068 (sbs=6.3103) vs_sbs=-0.06%
   OVRPBTW: top1=0.506 mean_cost=10.4976 (sbs=10.5068) vs_sbs=-0.09%
   OVRPLTW: top1=0.503 mean_cost=10.1280 (sbs=10.1272) vs_sbs=+0.01%
   VRPBLTW: top1=0.423 mean_cost=18.9539 (sbs=19.5198) vs_sbs=-2.90%
  OVRPBLTW: top1=0.507 mean_cost=10.5297 (sbs=10.5412) vs_sbs=-0.11%
[epoch 18] update=180/1422 total=24354 loss=0.58377 KL=0.00514 lr=5e-05 samples/s=1826
[epoch 18] update=360/1422 total=24534 loss=0.58420 KL=0.00514 lr=5e-05 samples/s=1771
[epoch 18] update=540/1422 total=24714 loss=0.58532 KL=0.00511 lr=5e-05 samples/s=1794
[epoch 18] update=720/1422 total=24894 loss=0.58509 KL=0.00516 lr=5e-05 samples/s=1804
[epoch 18] update=900/1422 total=25074 loss=0.58472 KL=0.00515 lr=5e-05 samples/s=1804
[epoch 18] update=1080/1422 total=25254 loss=0.58477 KL=0.00510 lr=5e-05 samples/s=1810
[epoch 18] update=1260/1422 total=25434 loss=0.58483 KL=0.00510 lr=5e-05 samples/s=1815
[AMP retry] same batch; lower scale=131072.0
[epoch 18] update=1422/1422 total=25596 loss=0.58488 KL=0.00510 lr=5e-05 samples/s=1798
[R47B val epoch 18] macro_top1=0.4831 top2=0.8180 top3=0.9239 vs_sbs=-1.025% vbs_closed=+29.71%
       TSP: top1=0.366 mean_cost=7.9188 (sbs=7.9578) vs_sbs=-0.49%
      CVRP: top1=0.499 mean_cost=18.2028 (sbs=18.2943) vs_sbs=-0.50%
      ATSP: top1=0.783 mean_cost=1.6353 (sbs=1.6735) vs_sbs=-2.29%
      OVRP: top1=0.362 mean_cost=7.4556 (sbs=7.4617) vs_sbs=-0.08%
      VRPB: top1=0.559 mean_cost=9.3322 (sbs=9.3403) vs_sbs=-0.09%
      VRPL: top1=0.317 mean_cost=12.4030 (sbs=12.4072) vs_sbs=-0.03%
     VRPTW: top1=0.444 mean_cost=17.9074 (sbs=18.6571) vs_sbs=-4.02%
    OVRPTW: top1=0.510 mean_cost=10.0391 (sbs=10.0484) vs_sbs=-0.09%
     OVRPB: top1=0.575 mean_cost=6.3185 (sbs=6.3220) vs_sbs=-0.05%
     OVRPL: top1=0.390 mean_cost=7.4330 (sbs=7.4376) vs_sbs=-0.06%
     VRPBL: top1=0.543 mean_cost=9.3552 (sbs=9.3593) vs_sbs=-0.04%
    VRPBTW: top1=0.418 mean_cost=19.0622 (sbs=19.6697) vs_sbs=-3.09%
    VRPLTW: top1=0.442 mean_cost=17.6567 (sbs=18.5091) vs_sbs=-4.61%
    OVRPBL: top1=0.558 mean_cost=6.3059 (sbs=6.3103) vs_sbs=-0.07%
   OVRPBTW: top1=0.514 mean_cost=10.4988 (sbs=10.5068) vs_sbs=-0.08%
   OVRPLTW: top1=0.497 mean_cost=10.1283 (sbs=10.1272) vs_sbs=+0.01%
   VRPBLTW: top1=0.433 mean_cost=18.9605 (sbs=19.5198) vs_sbs=-2.87%
  OVRPBLTW: top1=0.486 mean_cost=10.5398 (sbs=10.5412) vs_sbs=-0.01%
[epoch 19] update=180/1422 total=25776 loss=0.58177 KL=0.00516 lr=5e-05 samples/s=1847
[epoch 19] update=360/1422 total=25956 loss=0.58381 KL=0.00520 lr=5e-05 samples/s=1853
[epoch 19] update=540/1422 total=26136 loss=0.58405 KL=0.00520 lr=5e-05 samples/s=1853
[epoch 19] update=720/1422 total=26316 loss=0.58402 KL=0.00519 lr=5e-05 samples/s=1852
[epoch 19] update=900/1422 total=26496 loss=0.58427 KL=0.00519 lr=5e-05 samples/s=1851
[epoch 19] update=1080/1422 total=26676 loss=0.58423 KL=0.00521 lr=5e-05 samples/s=1852
[epoch 19] update=1260/1422 total=26856 loss=0.58394 KL=0.00517 lr=5e-05 samples/s=1852
[epoch 19] update=1422/1422 total=27018 loss=0.58373 KL=0.00519 lr=5e-05 samples/s=1835
[R47B val epoch 19] macro_top1=0.4844 top2=0.8184 top3=0.9238 vs_sbs=-1.038% vbs_closed=+30.42%
       TSP: top1=0.368 mean_cost=7.9182 (sbs=7.9578) vs_sbs=-0.50%
      CVRP: top1=0.500 mean_cost=18.2017 (sbs=18.2943) vs_sbs=-0.51%
      ATSP: top1=0.784 mean_cost=1.6351 (sbs=1.6735) vs_sbs=-2.29%
      OVRP: top1=0.374 mean_cost=7.4553 (sbs=7.4617) vs_sbs=-0.09%
      VRPB: top1=0.555 mean_cost=9.3303 (sbs=9.3403) vs_sbs=-0.11%
      VRPL: top1=0.316 mean_cost=12.4045 (sbs=12.4072) vs_sbs=-0.02%
     VRPTW: top1=0.431 mean_cost=17.9080 (sbs=18.6571) vs_sbs=-4.01%
    OVRPTW: top1=0.503 mean_cost=10.0387 (sbs=10.0484) vs_sbs=-0.10%
     OVRPB: top1=0.567 mean_cost=6.3199 (sbs=6.3220) vs_sbs=-0.03%
     OVRPL: top1=0.390 mean_cost=7.4328 (sbs=7.4376) vs_sbs=-0.06%
     VRPBL: top1=0.530 mean_cost=9.3582 (sbs=9.3593) vs_sbs=-0.01%
    VRPBTW: top1=0.446 mean_cost=19.0566 (sbs=19.6697) vs_sbs=-3.12%
    VRPLTW: top1=0.446 mean_cost=17.6564 (sbs=18.5091) vs_sbs=-4.61%
    OVRPBL: top1=0.573 mean_cost=6.3036 (sbs=6.3103) vs_sbs=-0.11%
   OVRPBTW: top1=0.508 mean_cost=10.4952 (sbs=10.5068) vs_sbs=-0.11%
   OVRPLTW: top1=0.513 mean_cost=10.1265 (sbs=10.1272) vs_sbs=-0.01%
   VRPBLTW: top1=0.426 mean_cost=18.9478 (sbs=19.5198) vs_sbs=-2.93%
  OVRPBLTW: top1=0.490 mean_cost=10.5330 (sbs=10.5412) vs_sbs=-0.08%
[epoch 20] update=180/1422 total=27198 loss=0.58233 KL=0.00512 lr=5e-05 samples/s=1842
[epoch 20] update=360/1422 total=27378 loss=0.58288 KL=0.00518 lr=5e-05 samples/s=1846
[epoch 20] update=540/1422 total=27558 loss=0.58400 KL=0.00510 lr=5e-05 samples/s=1846
[epoch 20] update=720/1422 total=27738 loss=0.58321 KL=0.00515 lr=5e-05 samples/s=1845
[epoch 20] update=900/1422 total=27918 loss=0.58296 KL=0.00516 lr=5e-05 samples/s=1843
[epoch 20] update=1080/1422 total=28098 loss=0.58350 KL=0.00514 lr=5e-05 samples/s=1843
[epoch 20] update=1260/1422 total=28278 loss=0.58367 KL=0.00514 lr=5e-05 samples/s=1844
[epoch 20] update=1422/1422 total=28440 loss=0.58320 KL=0.00517 lr=5e-05 samples/s=1830
[R47B val epoch 20] macro_top1=0.4837 top2=0.8157 top3=0.9256 vs_sbs=-1.028% vbs_closed=+29.63%
       TSP: top1=0.369 mean_cost=7.9196 (sbs=7.9578) vs_sbs=-0.48%
      CVRP: top1=0.495 mean_cost=18.2025 (sbs=18.2943) vs_sbs=-0.50%
      ATSP: top1=0.782 mean_cost=1.6353 (sbs=1.6735) vs_sbs=-2.29%
      OVRP: top1=0.340 mean_cost=7.4589 (sbs=7.4617) vs_sbs=-0.04%
      VRPB: top1=0.566 mean_cost=9.3287 (sbs=9.3403) vs_sbs=-0.12%
      VRPL: top1=0.312 mean_cost=12.4048 (sbs=12.4072) vs_sbs=-0.02%
     VRPTW: top1=0.444 mean_cost=17.9078 (sbs=18.6571) vs_sbs=-4.02%
    OVRPTW: top1=0.505 mean_cost=10.0410 (sbs=10.0484) vs_sbs=-0.07%
     OVRPB: top1=0.572 mean_cost=6.3181 (sbs=6.3220) vs_sbs=-0.06%
     OVRPL: top1=0.384 mean_cost=7.4333 (sbs=7.4376) vs_sbs=-0.06%
     VRPBL: top1=0.527 mean_cost=9.3579 (sbs=9.3593) vs_sbs=-0.01%
    VRPBTW: top1=0.433 mean_cost=19.0613 (sbs=19.6697) vs_sbs=-3.09%
    VRPLTW: top1=0.448 mean_cost=17.6488 (sbs=18.5091) vs_sbs=-4.65%
    OVRPBL: top1=0.574 mean_cost=6.3049 (sbs=6.3103) vs_sbs=-0.08%
   OVRPBTW: top1=0.523 mean_cost=10.4961 (sbs=10.5068) vs_sbs=-0.10%
   OVRPLTW: top1=0.497 mean_cost=10.1281 (sbs=10.1272) vs_sbs=+0.01%
   VRPBLTW: top1=0.438 mean_cost=18.9651 (sbs=19.5198) vs_sbs=-2.84%
  OVRPBLTW: top1=0.498 mean_cost=10.5341 (sbs=10.5412) vs_sbs=-0.07%
[train_eval] {"macro_ce": 1.084263539976544, "macro_top1": 0.4905777777777777, "macro_top2": 0.8203, "macro_top3": 0.9281611111111112, "macro_top1_tie_aware": 0.49139444444444447, "macro_mean_cost": 11.176515505413036, "macro_vs_sbs_pct": -1.0792436293266137, "macro_vs_oracle_pct": 0.9106807163816745, "macro_actual_regret_pct": 0.9405422291702646, "macro_vbs_gap_closed_pct": 31.020896883716652, "macro_true3_accuracy": 0.7060176088589903, "macro_reference_top2_accuracy": 0.58843507707862}
[epoch 21] update=180/1422 total=28620 loss=0.58266 KL=0.00525 lr=5e-05 samples/s=1824
[epoch 21] update=360/1422 total=28800 loss=0.58201 KL=0.00534 lr=5e-05 samples/s=1816
[epoch 21] update=540/1422 total=28980 loss=0.58275 KL=0.00530 lr=5e-05 samples/s=1822
[epoch 21] update=720/1422 total=29160 loss=0.58213 KL=0.00528 lr=5e-05 samples/s=1829
[epoch 21] update=900/1422 total=29340 loss=0.58141 KL=0.00530 lr=5e-05 samples/s=1833
[epoch 21] update=1080/1422 total=29520 loss=0.58111 KL=0.00531 lr=5e-05 samples/s=1836
[AMP retry] same batch; lower scale=262144.0
[epoch 21] update=1260/1422 total=29700 loss=0.58181 KL=0.00532 lr=5e-05 samples/s=1837
[epoch 21] update=1422/1422 total=29862 loss=0.58199 KL=0.00530 lr=5e-05 samples/s=1823
[R47B val epoch 21] macro_top1=0.4812 top2=0.8176 top3=0.9245 vs_sbs=-1.038% vbs_closed=+30.59%
       TSP: top1=0.379 mean_cost=7.9146 (sbs=7.9578) vs_sbs=-0.54%
      CVRP: top1=0.501 mean_cost=18.1931 (sbs=18.2943) vs_sbs=-0.55%
      ATSP: top1=0.783 mean_cost=1.6352 (sbs=1.6735) vs_sbs=-2.29%
      OVRP: top1=0.338 mean_cost=7.4581 (sbs=7.4617) vs_sbs=-0.05%
      VRPB: top1=0.562 mean_cost=9.3306 (sbs=9.3403) vs_sbs=-0.10%
      VRPL: top1=0.305 mean_cost=12.4046 (sbs=12.4072) vs_sbs=-0.02%
     VRPTW: top1=0.431 mean_cost=17.9022 (sbs=18.6571) vs_sbs=-4.05%
    OVRPTW: top1=0.515 mean_cost=10.0370 (sbs=10.0484) vs_sbs=-0.11%
     OVRPB: top1=0.570 mean_cost=6.3188 (sbs=6.3220) vs_sbs=-0.05%
     OVRPL: top1=0.380 mean_cost=7.4331 (sbs=7.4376) vs_sbs=-0.06%
     VRPBL: top1=0.531 mean_cost=9.3565 (sbs=9.3593) vs_sbs=-0.03%
    VRPBTW: top1=0.434 mean_cost=19.0558 (sbs=19.6697) vs_sbs=-3.12%
    VRPLTW: top1=0.439 mean_cost=17.6636 (sbs=18.5091) vs_sbs=-4.57%
    OVRPBL: top1=0.575 mean_cost=6.3036 (sbs=6.3103) vs_sbs=-0.11%
   OVRPBTW: top1=0.487 mean_cost=10.5021 (sbs=10.5068) vs_sbs=-0.04%
   OVRPLTW: top1=0.513 mean_cost=10.1253 (sbs=10.1272) vs_sbs=-0.02%
   VRPBLTW: top1=0.427 mean_cost=18.9549 (sbs=19.5198) vs_sbs=-2.89%
  OVRPBLTW: top1=0.492 mean_cost=10.5340 (sbs=10.5412) vs_sbs=-0.07%
[epoch 22] update=180/1422 total=30042 loss=0.58267 KL=0.00535 lr=5e-05 samples/s=1844
[AMP retry] same batch; lower scale=131072.0
[epoch 22] update=360/1422 total=30222 loss=0.58204 KL=0.00543 lr=5e-05 samples/s=1842
[epoch 22] update=540/1422 total=30402 loss=0.58158 KL=0.00539 lr=5e-05 samples/s=1843
[epoch 22] update=720/1422 total=30582 loss=0.58132 KL=0.00539 lr=5e-05 samples/s=1843
[epoch 22] update=900/1422 total=30762 loss=0.58102 KL=0.00539 lr=5e-05 samples/s=1841
[epoch 22] update=1080/1422 total=30942 loss=0.58093 KL=0.00541 lr=5e-05 samples/s=1841
[epoch 22] update=1260/1422 total=31122 loss=0.58079 KL=0.00544 lr=5e-05 samples/s=1838
[epoch 22] update=1422/1422 total=31284 loss=0.58109 KL=0.00543 lr=5e-05 samples/s=1821
[R47B val epoch 22] macro_top1=0.4855 top2=0.8184 top3=0.9239 vs_sbs=-1.041% vbs_closed=+30.67%
       TSP: top1=0.377 mean_cost=7.9158 (sbs=7.9578) vs_sbs=-0.53%
      CVRP: top1=0.499 mean_cost=18.2000 (sbs=18.2943) vs_sbs=-0.52%
      ATSP: top1=0.781 mean_cost=1.6348 (sbs=1.6735) vs_sbs=-2.31%
      OVRP: top1=0.387 mean_cost=7.4548 (sbs=7.4617) vs_sbs=-0.09%
      VRPB: top1=0.557 mean_cost=9.3300 (sbs=9.3403) vs_sbs=-0.11%
      VRPL: top1=0.321 mean_cost=12.4026 (sbs=12.4072) vs_sbs=-0.04%
     VRPTW: top1=0.444 mean_cost=17.9000 (sbs=18.6571) vs_sbs=-4.06%
    OVRPTW: top1=0.504 mean_cost=10.0406 (sbs=10.0484) vs_sbs=-0.08%
     OVRPB: top1=0.584 mean_cost=6.3152 (sbs=6.3220) vs_sbs=-0.11%
     OVRPL: top1=0.382 mean_cost=7.4335 (sbs=7.4376) vs_sbs=-0.05%
     VRPBL: top1=0.543 mean_cost=9.3554 (sbs=9.3593) vs_sbs=-0.04%
    VRPBTW: top1=0.429 mean_cost=19.0601 (sbs=19.6697) vs_sbs=-3.10%
    VRPLTW: top1=0.440 mean_cost=17.6437 (sbs=18.5091) vs_sbs=-4.68%
    OVRPBL: top1=0.576 mean_cost=6.3075 (sbs=6.3103) vs_sbs=-0.04%
   OVRPBTW: top1=0.513 mean_cost=10.4967 (sbs=10.5068) vs_sbs=-0.10%
   OVRPLTW: top1=0.488 mean_cost=10.1307 (sbs=10.1272) vs_sbs=+0.03%
   VRPBLTW: top1=0.411 mean_cost=18.9648 (sbs=19.5198) vs_sbs=-2.84%
  OVRPBLTW: top1=0.503 mean_cost=10.5328 (sbs=10.5412) vs_sbs=-0.08%
[epoch 23] update=180/1422 total=31464 loss=0.57820 KL=0.00540 lr=5e-05 samples/s=1839
[epoch 23] update=360/1422 total=31644 loss=0.57914 KL=0.00560 lr=5e-05 samples/s=1840
[epoch 23] update=540/1422 total=31824 loss=0.57967 KL=0.00559 lr=5e-05 samples/s=1839
[epoch 23] update=720/1422 total=32004 loss=0.58051 KL=0.00557 lr=5e-05 samples/s=1838
[epoch 23] update=900/1422 total=32184 loss=0.57999 KL=0.00559 lr=5e-05 samples/s=1838
[epoch 23] update=1080/1422 total=32364 loss=0.58048 KL=0.00556 lr=5e-05 samples/s=1839
[epoch 23] update=1260/1422 total=32544 loss=0.58107 KL=0.00554 lr=5e-05 samples/s=1840
[AMP retry] same batch; lower scale=131072.0
[epoch 23] update=1422/1422 total=32706 loss=0.58069 KL=0.00554 lr=5e-05 samples/s=1823
[R47B val epoch 23] macro_top1=0.4821 top2=0.8171 top3=0.9246 vs_sbs=-1.033% vbs_closed=+30.16%
       TSP: top1=0.378 mean_cost=7.9155 (sbs=7.9578) vs_sbs=-0.53%
      CVRP: top1=0.501 mean_cost=18.1977 (sbs=18.2943) vs_sbs=-0.53%
      ATSP: top1=0.790 mean_cost=1.6346 (sbs=1.6735) vs_sbs=-2.32%
      OVRP: top1=0.371 mean_cost=7.4561 (sbs=7.4617) vs_sbs=-0.07%
      VRPB: top1=0.561 mean_cost=9.3309 (sbs=9.3403) vs_sbs=-0.10%
      VRPL: top1=0.324 mean_cost=12.4039 (sbs=12.4072) vs_sbs=-0.03%
     VRPTW: top1=0.448 mean_cost=17.9024 (sbs=18.6571) vs_sbs=-4.05%
    OVRPTW: top1=0.493 mean_cost=10.0436 (sbs=10.0484) vs_sbs=-0.05%
     OVRPB: top1=0.567 mean_cost=6.3189 (sbs=6.3220) vs_sbs=-0.05%
     OVRPL: top1=0.387 mean_cost=7.4310 (sbs=7.4376) vs_sbs=-0.09%
     VRPBL: top1=0.534 mean_cost=9.3566 (sbs=9.3593) vs_sbs=-0.03%
    VRPBTW: top1=0.432 mean_cost=19.0564 (sbs=19.6697) vs_sbs=-3.12%
    VRPLTW: top1=0.426 mean_cost=17.6637 (sbs=18.5091) vs_sbs=-4.57%
    OVRPBL: top1=0.550 mean_cost=6.3066 (sbs=6.3103) vs_sbs=-0.06%
   OVRPBTW: top1=0.504 mean_cost=10.4984 (sbs=10.5068) vs_sbs=-0.08%
   OVRPLTW: top1=0.494 mean_cost=10.1285 (sbs=10.1272) vs_sbs=+0.01%
   VRPBLTW: top1=0.414 mean_cost=18.9599 (sbs=19.5198) vs_sbs=-2.87%
  OVRPBLTW: top1=0.503 mean_cost=10.5331 (sbs=10.5412) vs_sbs=-0.08%
[epoch 24] update=180/1422 total=32886 loss=0.58030 KL=0.00574 lr=5e-05 samples/s=1837
[epoch 24] update=360/1422 total=33066 loss=0.57911 KL=0.00575 lr=5e-05 samples/s=1833
[epoch 24] update=540/1422 total=33246 loss=0.57898 KL=0.00571 lr=5e-05 samples/s=1829
[epoch 24] update=720/1422 total=33426 loss=0.57951 KL=0.00563 lr=5e-05 samples/s=1825
[epoch 24] update=900/1422 total=33606 loss=0.57943 KL=0.00565 lr=5e-05 samples/s=1825
[epoch 24] update=1080/1422 total=33786 loss=0.57931 KL=0.00566 lr=5e-05 samples/s=1823
[epoch 24] update=1260/1422 total=33966 loss=0.57923 KL=0.00563 lr=5e-05 samples/s=1825
[epoch 24] update=1422/1422 total=34128 loss=0.57969 KL=0.00560 lr=5e-05 samples/s=1809
[R47B val epoch 24] macro_top1=0.4770 top2=0.8184 top3=0.9237 vs_sbs=-1.026% vbs_closed=+29.24%
       TSP: top1=0.367 mean_cost=7.9196 (sbs=7.9578) vs_sbs=-0.48%
      CVRP: top1=0.492 mean_cost=18.2001 (sbs=18.2943) vs_sbs=-0.52%
      ATSP: top1=0.782 mean_cost=1.6348 (sbs=1.6735) vs_sbs=-2.31%
      OVRP: top1=0.364 mean_cost=7.4567 (sbs=7.4617) vs_sbs=-0.07%
      VRPB: top1=0.549 mean_cost=9.3324 (sbs=9.3403) vs_sbs=-0.08%
      VRPL: top1=0.314 mean_cost=12.4032 (sbs=12.4072) vs_sbs=-0.03%
     VRPTW: top1=0.427 mean_cost=17.9050 (sbs=18.6571) vs_sbs=-4.03%
    OVRPTW: top1=0.484 mean_cost=10.0448 (sbs=10.0484) vs_sbs=-0.04%
     OVRPB: top1=0.576 mean_cost=6.3195 (sbs=6.3220) vs_sbs=-0.04%
     OVRPL: top1=0.376 mean_cost=7.4324 (sbs=7.4376) vs_sbs=-0.07%
     VRPBL: top1=0.528 mean_cost=9.3598 (sbs=9.3593) vs_sbs=+0.01%
    VRPBTW: top1=0.432 mean_cost=19.0520 (sbs=19.6697) vs_sbs=-3.14%
    VRPLTW: top1=0.433 mean_cost=17.6559 (sbs=18.5091) vs_sbs=-4.61%
    OVRPBL: top1=0.550 mean_cost=6.3078 (sbs=6.3103) vs_sbs=-0.04%
   OVRPBTW: top1=0.485 mean_cost=10.5012 (sbs=10.5068) vs_sbs=-0.05%
   OVRPLTW: top1=0.512 mean_cost=10.1263 (sbs=10.1272) vs_sbs=-0.01%
   VRPBLTW: top1=0.419 mean_cost=18.9608 (sbs=19.5198) vs_sbs=-2.86%
  OVRPBLTW: top1=0.496 mean_cost=10.5312 (sbs=10.5412) vs_sbs=-0.09%
[epoch 25] update=180/1422 total=34308 loss=0.57725 KL=0.00561 lr=5e-05 samples/s=1840
[epoch 25] update=360/1422 total=34488 loss=0.57897 KL=0.00566 lr=5e-05 samples/s=1835
[epoch 25] update=540/1422 total=34668 loss=0.57897 KL=0.00569 lr=5e-05 samples/s=1839
[epoch 25] update=720/1422 total=34848 loss=0.57866 KL=0.00575 lr=5e-05 samples/s=1841
[AMP retry] same batch; lower scale=131072.0
[epoch 25] update=900/1422 total=35028 loss=0.57886 KL=0.00575 lr=5e-05 samples/s=1843
[epoch 25] update=1080/1422 total=35208 loss=0.57897 KL=0.00573 lr=5e-05 samples/s=1848
[epoch 25] update=1260/1422 total=35388 loss=0.57873 KL=0.00577 lr=5e-05 samples/s=1851
[epoch 25] update=1422/1422 total=35550 loss=0.57885 KL=0.00577 lr=5e-05 samples/s=1833
[R47B val epoch 25] macro_top1=0.4836 top2=0.8192 top3=0.9257 vs_sbs=-1.042% vbs_closed=+30.57%
       TSP: top1=0.369 mean_cost=7.9175 (sbs=7.9578) vs_sbs=-0.51%
      CVRP: top1=0.491 mean_cost=18.1994 (sbs=18.2943) vs_sbs=-0.52%
      ATSP: top1=0.786 mean_cost=1.6351 (sbs=1.6735) vs_sbs=-2.30%
      OVRP: top1=0.364 mean_cost=7.4560 (sbs=7.4617) vs_sbs=-0.08%
      VRPB: top1=0.562 mean_cost=9.3299 (sbs=9.3403) vs_sbs=-0.11%
      VRPL: top1=0.326 mean_cost=12.4030 (sbs=12.4072) vs_sbs=-0.03%
     VRPTW: top1=0.418 mean_cost=17.9169 (sbs=18.6571) vs_sbs=-3.97%
    OVRPTW: top1=0.487 mean_cost=10.0447 (sbs=10.0484) vs_sbs=-0.04%
     OVRPB: top1=0.569 mean_cost=6.3184 (sbs=6.3220) vs_sbs=-0.06%
     OVRPL: top1=0.394 mean_cost=7.4322 (sbs=7.4376) vs_sbs=-0.07%
     VRPBL: top1=0.544 mean_cost=9.3552 (sbs=9.3593) vs_sbs=-0.04%
    VRPBTW: top1=0.442 mean_cost=19.0482 (sbs=19.6697) vs_sbs=-3.16%
    VRPLTW: top1=0.443 mean_cost=17.6427 (sbs=18.5091) vs_sbs=-4.68%
    OVRPBL: top1=0.574 mean_cost=6.3063 (sbs=6.3103) vs_sbs=-0.06%
   OVRPBTW: top1=0.484 mean_cost=10.5001 (sbs=10.5068) vs_sbs=-0.06%
   OVRPLTW: top1=0.519 mean_cost=10.1255 (sbs=10.1272) vs_sbs=-0.02%
   VRPBLTW: top1=0.424 mean_cost=18.9462 (sbs=19.5198) vs_sbs=-2.94%
  OVRPBLTW: top1=0.508 mean_cost=10.5285 (sbs=10.5412) vs_sbs=-0.12%
[train_eval] {"macro_ce": 1.0729380150636036, "macro_top1": 0.4949333333333334, "macro_top2": 0.8225777777777777, "macro_top3": 0.9299166666666667, "macro_top1_tie_aware": 0.4958277777777778, "macro_mean_cost": 11.173108358817164, "macro_vs_sbs_pct": -1.1001352295067521, "macro_vs_oracle_pct": 0.8889839236623995, "macro_actual_regret_pct": 0.9168125383132291, "macro_vbs_gap_closed_pct": 32.034664266934385, "macro_true3_accuracy": 0.7083189501693047, "macro_reference_top2_accuracy": 0.5931210231380049}
[epoch 26] update=180/1422 total=35730 loss=0.58275 KL=0.00592 lr=5e-05 samples/s=1803
[epoch 26] update=360/1422 total=35910 loss=0.57882 KL=0.00598 lr=5e-05 samples/s=1810
[epoch 26] update=540/1422 total=36090 loss=0.57926 KL=0.00596 lr=5e-05 samples/s=1812
[epoch 26] update=720/1422 total=36270 loss=0.57866 KL=0.00600 lr=5e-05 samples/s=1811
[epoch 26] update=900/1422 total=36450 loss=0.57879 KL=0.00597 lr=5e-05 samples/s=1809
[epoch 26] update=1080/1422 total=36630 loss=0.57855 KL=0.00594 lr=5e-05 samples/s=1817
[epoch 26] update=1260/1422 total=36810 loss=0.57882 KL=0.00593 lr=5e-05 samples/s=1825
[AMP retry] same batch; lower scale=131072.0
[epoch 26] update=1422/1422 total=36972 loss=0.57906 KL=0.00590 lr=5e-05 samples/s=1815
[R47B val epoch 26] macro_top1=0.4781 top2=0.8157 top3=0.9233 vs_sbs=-1.008% vbs_closed=+27.37%
       TSP: top1=0.375 mean_cost=7.9184 (sbs=7.9578) vs_sbs=-0.49%
      CVRP: top1=0.486 mean_cost=18.2019 (sbs=18.2943) vs_sbs=-0.51%
      ATSP: top1=0.787 mean_cost=1.6349 (sbs=1.6735) vs_sbs=-2.31%
      OVRP: top1=0.353 mean_cost=7.4585 (sbs=7.4617) vs_sbs=-0.04%
      VRPB: top1=0.550 mean_cost=9.3336 (sbs=9.3403) vs_sbs=-0.07%
      VRPL: top1=0.313 mean_cost=12.4076 (sbs=12.4072) vs_sbs=+0.00%
     VRPTW: top1=0.437 mean_cost=17.9204 (sbs=18.6571) vs_sbs=-3.95%
    OVRPTW: top1=0.500 mean_cost=10.0475 (sbs=10.0484) vs_sbs=-0.01%
     OVRPB: top1=0.561 mean_cost=6.3229 (sbs=6.3220) vs_sbs=+0.02%
     OVRPL: top1=0.381 mean_cost=7.4323 (sbs=7.4376) vs_sbs=-0.07%
     VRPBL: top1=0.511 mean_cost=9.3620 (sbs=9.3593) vs_sbs=+0.03%
    VRPBTW: top1=0.429 mean_cost=19.0656 (sbs=19.6697) vs_sbs=-3.07%
    VRPLTW: top1=0.459 mean_cost=17.6382 (sbs=18.5091) vs_sbs=-4.71%
    OVRPBL: top1=0.554 mean_cost=6.3068 (sbs=6.3103) vs_sbs=-0.05%
   OVRPBTW: top1=0.497 mean_cost=10.5032 (sbs=10.5068) vs_sbs=-0.03%
   OVRPLTW: top1=0.480 mean_cost=10.1299 (sbs=10.1272) vs_sbs=+0.03%
   VRPBLTW: top1=0.434 mean_cost=18.9587 (sbs=19.5198) vs_sbs=-2.87%
  OVRPBLTW: top1=0.498 mean_cost=10.5383 (sbs=10.5412) vs_sbs=-0.03%
[epoch 27] update=180/1422 total=37152 loss=0.57721 KL=0.00591 lr=5e-05 samples/s=1638
[epoch 27] update=360/1422 total=37332 loss=0.57821 KL=0.00607 lr=5e-05 samples/s=1731
[epoch 27] update=540/1422 total=37512 loss=0.57779 KL=0.00609 lr=5e-05 samples/s=1767
[epoch 27] update=720/1422 total=37692 loss=0.57805 KL=0.00602 lr=5e-05 samples/s=1787
[epoch 27] update=900/1422 total=37872 loss=0.57757 KL=0.00600 lr=5e-05 samples/s=1800
[epoch 27] update=1080/1422 total=38052 loss=0.57789 KL=0.00601 lr=5e-05 samples/s=1806
[epoch 27] update=1260/1422 total=38232 loss=0.57789 KL=0.00599 lr=5e-05 samples/s=1811
[epoch 27] update=1422/1422 total=38394 loss=0.57801 KL=0.00599 lr=5e-05 samples/s=1802
[R47B val epoch 27] macro_top1=0.4802 top2=0.8191 top3=0.9228 vs_sbs=-1.014% vbs_closed=+29.14%
       TSP: top1=0.363 mean_cost=7.9204 (sbs=7.9578) vs_sbs=-0.47%
      CVRP: top1=0.497 mean_cost=18.2002 (sbs=18.2943) vs_sbs=-0.51%
      ATSP: top1=0.782 mean_cost=1.6353 (sbs=1.6735) vs_sbs=-2.28%
      OVRP: top1=0.365 mean_cost=7.4550 (sbs=7.4617) vs_sbs=-0.09%
      VRPB: top1=0.558 mean_cost=9.3325 (sbs=9.3403) vs_sbs=-0.08%
      VRPL: top1=0.319 mean_cost=12.4015 (sbs=12.4072) vs_sbs=-0.05%
     VRPTW: top1=0.442 mean_cost=17.9135 (sbs=18.6571) vs_sbs=-3.99%
    OVRPTW: top1=0.496 mean_cost=10.0423 (sbs=10.0484) vs_sbs=-0.06%
     OVRPB: top1=0.562 mean_cost=6.3215 (sbs=6.3220) vs_sbs=-0.01%
     OVRPL: top1=0.412 mean_cost=7.4290 (sbs=7.4376) vs_sbs=-0.11%
     VRPBL: top1=0.522 mean_cost=9.3588 (sbs=9.3593) vs_sbs=-0.01%
    VRPBTW: top1=0.413 mean_cost=19.0764 (sbs=19.6697) vs_sbs=-3.02%
    VRPLTW: top1=0.443 mean_cost=17.6581 (sbs=18.5091) vs_sbs=-4.60%
    OVRPBL: top1=0.541 mean_cost=6.3088 (sbs=6.3103) vs_sbs=-0.02%
   OVRPBTW: top1=0.506 mean_cost=10.5002 (sbs=10.5068) vs_sbs=-0.06%
   OVRPLTW: top1=0.492 mean_cost=10.1292 (sbs=10.1272) vs_sbs=+0.02%
   VRPBLTW: top1=0.431 mean_cost=18.9609 (sbs=19.5198) vs_sbs=-2.86%
  OVRPBLTW: top1=0.499 mean_cost=10.5364 (sbs=10.5412) vs_sbs=-0.05%
[epoch 28] update=180/1422 total=38574 loss=0.57825 KL=0.00615 lr=5e-05 samples/s=1838
[epoch 28] update=360/1422 total=38754 loss=0.57771 KL=0.00617 lr=5e-05 samples/s=1848
[epoch 28] update=540/1422 total=38934 loss=0.57718 KL=0.00619 lr=5e-05 samples/s=1849
[epoch 28] update=720/1422 total=39114 loss=0.57770 KL=0.00613 lr=5e-05 samples/s=1851
[epoch 28] update=900/1422 total=39294 loss=0.57714 KL=0.00614 lr=5e-05 samples/s=1851
[AMP retry] same batch; lower scale=131072.0
[epoch 28] update=1080/1422 total=39474 loss=0.57741 KL=0.00618 lr=5e-05 samples/s=1852
[epoch 28] update=1260/1422 total=39654 loss=0.57730 KL=0.00614 lr=5e-05 samples/s=1853
[epoch 28] update=1422/1422 total=39816 loss=0.57730 KL=0.00614 lr=5e-05 samples/s=1838
[R47B val epoch 28] macro_top1=0.4784 top2=0.8166 top3=0.9223 vs_sbs=-1.023% vbs_closed=+29.43%
       TSP: top1=0.374 mean_cost=7.9144 (sbs=7.9578) vs_sbs=-0.54%
      CVRP: top1=0.489 mean_cost=18.1992 (sbs=18.2943) vs_sbs=-0.52%
      ATSP: top1=0.780 mean_cost=1.6353 (sbs=1.6735) vs_sbs=-2.28%
      OVRP: top1=0.354 mean_cost=7.4569 (sbs=7.4617) vs_sbs=-0.06%
      VRPB: top1=0.549 mean_cost=9.3332 (sbs=9.3403) vs_sbs=-0.08%
      VRPL: top1=0.313 mean_cost=12.4048 (sbs=12.4072) vs_sbs=-0.02%
     VRPTW: top1=0.413 mean_cost=17.9185 (sbs=18.6571) vs_sbs=-3.96%
    OVRPTW: top1=0.503 mean_cost=10.0403 (sbs=10.0484) vs_sbs=-0.08%
     OVRPB: top1=0.559 mean_cost=6.3205 (sbs=6.3220) vs_sbs=-0.02%
     OVRPL: top1=0.395 mean_cost=7.4317 (sbs=7.4376) vs_sbs=-0.08%
     VRPBL: top1=0.537 mean_cost=9.3555 (sbs=9.3593) vs_sbs=-0.04%
    VRPBTW: top1=0.443 mean_cost=19.0591 (sbs=19.6697) vs_sbs=-3.10%
    VRPLTW: top1=0.428 mean_cost=17.6551 (sbs=18.5091) vs_sbs=-4.61%
    OVRPBL: top1=0.561 mean_cost=6.3057 (sbs=6.3103) vs_sbs=-0.07%
   OVRPBTW: top1=0.494 mean_cost=10.5023 (sbs=10.5068) vs_sbs=-0.04%
   OVRPLTW: top1=0.503 mean_cost=10.1288 (sbs=10.1272) vs_sbs=+0.02%
   VRPBLTW: top1=0.421 mean_cost=18.9542 (sbs=19.5198) vs_sbs=-2.90%
  OVRPBLTW: top1=0.495 mean_cost=10.5392 (sbs=10.5412) vs_sbs=-0.02%
[epoch 29] update=180/1422 total=39996 loss=0.57430 KL=0.00653 lr=2.5e-05 samples/s=1858
[epoch 29] update=360/1422 total=40176 loss=0.57467 KL=0.00646 lr=2.5e-05 samples/s=1858
[epoch 29] update=540/1422 total=40356 loss=0.57289 KL=0.00641 lr=2.5e-05 samples/s=1853
[epoch 29] update=720/1422 total=40536 loss=0.57221 KL=0.00649 lr=2.5e-05 samples/s=1853
[epoch 29] update=900/1422 total=40716 loss=0.57210 KL=0.00653 lr=2.5e-05 samples/s=1852
[epoch 29] update=1080/1422 total=40896 loss=0.57208 KL=0.00653 lr=2.5e-05 samples/s=1851
[epoch 29] update=1260/1422 total=41076 loss=0.57229 KL=0.00652 lr=2.5e-05 samples/s=1852
[epoch 29] update=1422/1422 total=41238 loss=0.57249 KL=0.00652 lr=2.5e-05 samples/s=1838
[R47B val epoch 29] macro_top1=0.4830 top2=0.8173 top3=0.9229 vs_sbs=-1.031% vbs_closed=+29.59%
       TSP: top1=0.372 mean_cost=7.9204 (sbs=7.9578) vs_sbs=-0.47%
      CVRP: top1=0.488 mean_cost=18.2026 (sbs=18.2943) vs_sbs=-0.50%
      ATSP: top1=0.783 mean_cost=1.6351 (sbs=1.6735) vs_sbs=-2.30%
      OVRP: top1=0.379 mean_cost=7.4555 (sbs=7.4617) vs_sbs=-0.08%
      VRPB: top1=0.540 mean_cost=9.3343 (sbs=9.3403) vs_sbs=-0.06%
      VRPL: top1=0.311 mean_cost=12.4045 (sbs=12.4072) vs_sbs=-0.02%
     VRPTW: top1=0.443 mean_cost=17.9082 (sbs=18.6571) vs_sbs=-4.01%
    OVRPTW: top1=0.509 mean_cost=10.0397 (sbs=10.0484) vs_sbs=-0.09%
     OVRPB: top1=0.562 mean_cost=6.3205 (sbs=6.3220) vs_sbs=-0.02%
     OVRPL: top1=0.403 mean_cost=7.4301 (sbs=7.4376) vs_sbs=-0.10%
     VRPBL: top1=0.522 mean_cost=9.3615 (sbs=9.3593) vs_sbs=+0.02%
    VRPBTW: top1=0.438 mean_cost=19.0563 (sbs=19.6697) vs_sbs=-3.12%
    VRPLTW: top1=0.447 mean_cost=17.6465 (sbs=18.5091) vs_sbs=-4.66%
    OVRPBL: top1=0.575 mean_cost=6.3043 (sbs=6.3103) vs_sbs=-0.09%
   OVRPBTW: top1=0.501 mean_cost=10.4957 (sbs=10.5068) vs_sbs=-0.11%
   OVRPLTW: top1=0.503 mean_cost=10.1280 (sbs=10.1272) vs_sbs=+0.01%
   VRPBLTW: top1=0.414 mean_cost=18.9587 (sbs=19.5198) vs_sbs=-2.87%
  OVRPBLTW: top1=0.504 mean_cost=10.5337 (sbs=10.5412) vs_sbs=-0.07%
[epoch 30] update=180/1422 total=41418 loss=0.56740 KL=0.00685 lr=2.5e-05 samples/s=1867
[epoch 30] update=360/1422 total=41598 loss=0.56976 KL=0.00700 lr=2.5e-05 samples/s=1856
[epoch 30] update=540/1422 total=41778 loss=0.57142 KL=0.00695 lr=2.5e-05 samples/s=1856
[epoch 30] update=720/1422 total=41958 loss=0.57091 KL=0.00690 lr=2.5e-05 samples/s=1849
[epoch 30] update=900/1422 total=42138 loss=0.57121 KL=0.00686 lr=2.5e-05 samples/s=1854
[epoch 30] update=1080/1422 total=42318 loss=0.57124 KL=0.00685 lr=2.5e-05 samples/s=1854
[epoch 30] update=1260/1422 total=42498 loss=0.57126 KL=0.00684 lr=2.5e-05 samples/s=1852
[AMP retry] same batch; lower scale=131072.0
[epoch 30] update=1422/1422 total=42660 loss=0.57104 KL=0.00684 lr=2.5e-05 samples/s=1838
[R47B val epoch 30] macro_top1=0.4796 top2=0.8194 top3=0.9252 vs_sbs=-1.030% vbs_closed=+29.51%
       TSP: top1=0.373 mean_cost=7.9163 (sbs=7.9578) vs_sbs=-0.52%
      CVRP: top1=0.494 mean_cost=18.2013 (sbs=18.2943) vs_sbs=-0.51%
      ATSP: top1=0.782 mean_cost=1.6353 (sbs=1.6735) vs_sbs=-2.28%
      OVRP: top1=0.342 mean_cost=7.4574 (sbs=7.4617) vs_sbs=-0.06%
      VRPB: top1=0.545 mean_cost=9.3329 (sbs=9.3403) vs_sbs=-0.08%
      VRPL: top1=0.319 mean_cost=12.4032 (sbs=12.4072) vs_sbs=-0.03%
     VRPTW: top1=0.456 mean_cost=17.9008 (sbs=18.6571) vs_sbs=-4.05%
    OVRPTW: top1=0.489 mean_cost=10.0454 (sbs=10.0484) vs_sbs=-0.03%
     OVRPB: top1=0.572 mean_cost=6.3183 (sbs=6.3220) vs_sbs=-0.06%
     OVRPL: top1=0.392 mean_cost=7.4318 (sbs=7.4376) vs_sbs=-0.08%
     VRPBL: top1=0.523 mean_cost=9.3592 (sbs=9.3593) vs_sbs=-0.00%
    VRPBTW: top1=0.433 mean_cost=19.0673 (sbs=19.6697) vs_sbs=-3.06%
    VRPLTW: top1=0.429 mean_cost=17.6405 (sbs=18.5091) vs_sbs=-4.69%
    OVRPBL: top1=0.573 mean_cost=6.3051 (sbs=6.3103) vs_sbs=-0.08%
   OVRPBTW: top1=0.507 mean_cost=10.4956 (sbs=10.5068) vs_sbs=-0.11%
   OVRPLTW: top1=0.488 mean_cost=10.1289 (sbs=10.1272) vs_sbs=+0.02%
   VRPBLTW: top1=0.420 mean_cost=18.9595 (sbs=19.5198) vs_sbs=-2.87%
  OVRPBLTW: top1=0.496 mean_cost=10.5367 (sbs=10.5412) vs_sbs=-0.04%
[train_eval] {"macro_ce": 1.0560298363367717, "macro_top1": 0.5063833333333334, "macro_top2": 0.8271722222222222, "macro_top3": 0.9317555555555556, "macro_top1_tie_aware": 0.5072666666666668, "macro_mean_cost": 11.168903559446676, "macro_vs_sbs_pct": -1.1289945617246309, "macro_vs_oracle_pct": 0.8591850084861248, "macro_actual_regret_pct": 0.8853859828558602, "macro_vbs_gap_closed_pct": 33.83925188747178, "macro_true3_accuracy": 0.713045899427882, "macro_reference_top2_accuracy": 0.6034079639203674}
[epoch 31] update=180/1422 total=42840 loss=0.56866 KL=0.00693 lr=2.5e-05 samples/s=1850
[epoch 31] update=360/1422 total=43020 loss=0.56996 KL=0.00700 lr=2.5e-05 samples/s=1848
[epoch 31] update=540/1422 total=43200 loss=0.57088 KL=0.00704 lr=2.5e-05 samples/s=1852
[epoch 31] update=720/1422 total=43380 loss=0.57031 KL=0.00701 lr=2.5e-05 samples/s=1854
[epoch 31] update=900/1422 total=43560 loss=0.57067 KL=0.00698 lr=2.5e-05 samples/s=1852
[epoch 31] update=1080/1422 total=43740 loss=0.57082 KL=0.00698 lr=2.5e-05 samples/s=1851
[epoch 31] update=1260/1422 total=43920 loss=0.57072 KL=0.00700 lr=2.5e-05 samples/s=1852
[epoch 31] update=1422/1422 total=44082 loss=0.57068 KL=0.00699 lr=2.5e-05 samples/s=1838
[R47B val epoch 31] macro_top1=0.4873 top2=0.8210 top3=0.9261 vs_sbs=-1.045% vbs_closed=+31.20%
       TSP: top1=0.371 mean_cost=7.9152 (sbs=7.9578) vs_sbs=-0.53%
      CVRP: top1=0.489 mean_cost=18.2021 (sbs=18.2943) vs_sbs=-0.50%
      ATSP: top1=0.789 mean_cost=1.6348 (sbs=1.6735) vs_sbs=-2.31%
      OVRP: top1=0.370 mean_cost=7.4558 (sbs=7.4617) vs_sbs=-0.08%
      VRPB: top1=0.560 mean_cost=9.3284 (sbs=9.3403) vs_sbs=-0.13%
      VRPL: top1=0.325 mean_cost=12.4028 (sbs=12.4072) vs_sbs=-0.04%
     VRPTW: top1=0.468 mean_cost=17.8974 (sbs=18.6571) vs_sbs=-4.07%
    OVRPTW: top1=0.506 mean_cost=10.0404 (sbs=10.0484) vs_sbs=-0.08%
     OVRPB: top1=0.586 mean_cost=6.3155 (sbs=6.3220) vs_sbs=-0.10%
     OVRPL: top1=0.404 mean_cost=7.4293 (sbs=7.4376) vs_sbs=-0.11%
     VRPBL: top1=0.533 mean_cost=9.3567 (sbs=9.3593) vs_sbs=-0.03%
    VRPBTW: top1=0.428 mean_cost=19.0707 (sbs=19.6697) vs_sbs=-3.05%
    VRPLTW: top1=0.447 mean_cost=17.6369 (sbs=18.5091) vs_sbs=-4.71%
    OVRPBL: top1=0.580 mean_cost=6.3046 (sbs=6.3103) vs_sbs=-0.09%
   OVRPBTW: top1=0.515 mean_cost=10.4956 (sbs=10.5068) vs_sbs=-0.11%
   OVRPLTW: top1=0.484 mean_cost=10.1304 (sbs=10.1272) vs_sbs=+0.03%
   VRPBLTW: top1=0.424 mean_cost=18.9664 (sbs=19.5198) vs_sbs=-2.84%
  OVRPBLTW: top1=0.492 mean_cost=10.5338 (sbs=10.5412) vs_sbs=-0.07%
[epoch 32] update=180/1422 total=44262 loss=0.57128 KL=0.00723 lr=2.5e-05 samples/s=1848
[epoch 32] update=360/1422 total=44442 loss=0.57047 KL=0.00707 lr=2.5e-05 samples/s=1853
[epoch 32] update=540/1422 total=44622 loss=0.56945 KL=0.00714 lr=2.5e-05 samples/s=1853
[epoch 32] update=720/1422 total=44802 loss=0.56932 KL=0.00718 lr=2.5e-05 samples/s=1853
[AMP retry] same batch; lower scale=131072.0
[epoch 32] update=900/1422 total=44982 loss=0.56889 KL=0.00723 lr=2.5e-05 samples/s=1851
[epoch 32] update=1080/1422 total=45162 loss=0.56921 KL=0.00724 lr=2.5e-05 samples/s=1850
[epoch 32] update=1260/1422 total=45342 loss=0.56972 KL=0.00721 lr=2.5e-05 samples/s=1851
[epoch 32] update=1422/1422 total=45504 loss=0.57002 KL=0.00722 lr=2.5e-05 samples/s=1837
[R47B val epoch 32] macro_top1=0.4861 top2=0.8207 top3=0.9258 vs_sbs=-1.043% vbs_closed=+30.36%
       TSP: top1=0.371 mean_cost=7.9180 (sbs=7.9578) vs_sbs=-0.50%
      CVRP: top1=0.503 mean_cost=18.2008 (sbs=18.2943) vs_sbs=-0.51%
      ATSP: top1=0.782 mean_cost=1.6347 (sbs=1.6735) vs_sbs=-2.32%
      OVRP: top1=0.377 mean_cost=7.4549 (sbs=7.4617) vs_sbs=-0.09%
      VRPB: top1=0.557 mean_cost=9.3300 (sbs=9.3403) vs_sbs=-0.11%
      VRPL: top1=0.323 mean_cost=12.4027 (sbs=12.4072) vs_sbs=-0.04%
     VRPTW: top1=0.454 mean_cost=17.9008 (sbs=18.6571) vs_sbs=-4.05%
    OVRPTW: top1=0.496 mean_cost=10.0446 (sbs=10.0484) vs_sbs=-0.04%
     OVRPB: top1=0.569 mean_cost=6.3185 (sbs=6.3220) vs_sbs=-0.06%
     OVRPL: top1=0.418 mean_cost=7.4285 (sbs=7.4376) vs_sbs=-0.12%
     VRPBL: top1=0.531 mean_cost=9.3582 (sbs=9.3593) vs_sbs=-0.01%
    VRPBTW: top1=0.440 mean_cost=19.0542 (sbs=19.6697) vs_sbs=-3.13%
    VRPLTW: top1=0.453 mean_cost=17.6272 (sbs=18.5091) vs_sbs=-4.76%
    OVRPBL: top1=0.576 mean_cost=6.3038 (sbs=6.3103) vs_sbs=-0.10%
   OVRPBTW: top1=0.503 mean_cost=10.4969 (sbs=10.5068) vs_sbs=-0.09%
   OVRPLTW: top1=0.492 mean_cost=10.1298 (sbs=10.1272) vs_sbs=+0.03%
   VRPBLTW: top1=0.424 mean_cost=18.9624 (sbs=19.5198) vs_sbs=-2.86%
  OVRPBLTW: top1=0.480 mean_cost=10.5410 (sbs=10.5412) vs_sbs=-0.00%
[epoch 33] update=180/1422 total=45684 loss=0.56779 KL=0.00717 lr=2.5e-05 samples/s=1856
[epoch 33] update=360/1422 total=45864 loss=0.56687 KL=0.00731 lr=2.5e-05 samples/s=1853
[epoch 33] update=540/1422 total=46044 loss=0.56763 KL=0.00733 lr=2.5e-05 samples/s=1851
[epoch 33] update=720/1422 total=46224 loss=0.56916 KL=0.00728 lr=2.5e-05 samples/s=1851
[epoch 33] update=900/1422 total=46404 loss=0.56867 KL=0.00725 lr=2.5e-05 samples/s=1851
[epoch 33] update=1080/1422 total=46584 loss=0.56902 KL=0.00723 lr=2.5e-05 samples/s=1851
[epoch 33] update=1260/1422 total=46764 loss=0.56907 KL=0.00723 lr=2.5e-05 samples/s=1849
[AMP retry] same batch; lower scale=131072.0
[epoch 33] update=1422/1422 total=46926 loss=0.56951 KL=0.00722 lr=2.5e-05 samples/s=1833
[R47B val epoch 33] macro_top1=0.4831 top2=0.8187 top3=0.9251 vs_sbs=-1.025% vbs_closed=+29.66%
       TSP: top1=0.373 mean_cost=7.9138 (sbs=7.9578) vs_sbs=-0.55%
      CVRP: top1=0.500 mean_cost=18.2035 (sbs=18.2943) vs_sbs=-0.50%
      ATSP: top1=0.783 mean_cost=1.6350 (sbs=1.6735) vs_sbs=-2.30%
      OVRP: top1=0.361 mean_cost=7.4566 (sbs=7.4617) vs_sbs=-0.07%
      VRPB: top1=0.550 mean_cost=9.3315 (sbs=9.3403) vs_sbs=-0.09%
      VRPL: top1=0.323 mean_cost=12.4044 (sbs=12.4072) vs_sbs=-0.02%
     VRPTW: top1=0.461 mean_cost=17.9071 (sbs=18.6571) vs_sbs=-4.02%
    OVRPTW: top1=0.502 mean_cost=10.0414 (sbs=10.0484) vs_sbs=-0.07%
     OVRPB: top1=0.562 mean_cost=6.3201 (sbs=6.3220) vs_sbs=-0.03%
     OVRPL: top1=0.415 mean_cost=7.4286 (sbs=7.4376) vs_sbs=-0.12%
     VRPBL: top1=0.526 mean_cost=9.3588 (sbs=9.3593) vs_sbs=-0.01%
    VRPBTW: top1=0.419 mean_cost=19.0773 (sbs=19.6697) vs_sbs=-3.01%
    VRPLTW: top1=0.455 mean_cost=17.6410 (sbs=18.5091) vs_sbs=-4.69%
    OVRPBL: top1=0.546 mean_cost=6.3093 (sbs=6.3103) vs_sbs=-0.02%
   OVRPBTW: top1=0.516 mean_cost=10.4949 (sbs=10.5068) vs_sbs=-0.11%
   OVRPLTW: top1=0.490 mean_cost=10.1292 (sbs=10.1272) vs_sbs=+0.02%
   VRPBLTW: top1=0.418 mean_cost=18.9705 (sbs=19.5198) vs_sbs=-2.81%
  OVRPBLTW: top1=0.495 mean_cost=10.5361 (sbs=10.5412) vs_sbs=-0.05%
[epoch 34] update=180/1422 total=47106 loss=0.56602 KL=0.00765 lr=2.5e-05 samples/s=1833
[epoch 34] update=360/1422 total=47286 loss=0.56767 KL=0.00774 lr=2.5e-05 samples/s=1836
[epoch 34] update=540/1422 total=47466 loss=0.56822 KL=0.00766 lr=2.5e-05 samples/s=1839
[epoch 34] update=720/1422 total=47646 loss=0.56747 KL=0.00767 lr=2.5e-05 samples/s=1837
[epoch 34] update=900/1422 total=47826 loss=0.56838 KL=0.00758 lr=2.5e-05 samples/s=1836
[epoch 34] update=1080/1422 total=48006 loss=0.56882 KL=0.00756 lr=2.5e-05 samples/s=1836
[epoch 34] update=1260/1422 total=48186 loss=0.56873 KL=0.00754 lr=2.5e-05 samples/s=1837
[epoch 34] update=1422/1422 total=48348 loss=0.56890 KL=0.00752 lr=2.5e-05 samples/s=1822
[R47B val epoch 34] macro_top1=0.4847 top2=0.8202 top3=0.9243 vs_sbs=-1.033% vbs_closed=+30.33%
       TSP: top1=0.364 mean_cost=7.9164 (sbs=7.9578) vs_sbs=-0.52%
      CVRP: top1=0.496 mean_cost=18.2029 (sbs=18.2943) vs_sbs=-0.50%
      ATSP: top1=0.788 mean_cost=1.6348 (sbs=1.6735) vs_sbs=-2.31%
      OVRP: top1=0.366 mean_cost=7.4556 (sbs=7.4617) vs_sbs=-0.08%
      VRPB: top1=0.543 mean_cost=9.3337 (sbs=9.3403) vs_sbs=-0.07%
      VRPL: top1=0.310 mean_cost=12.4043 (sbs=12.4072) vs_sbs=-0.02%
     VRPTW: top1=0.444 mean_cost=17.9127 (sbs=18.6571) vs_sbs=-3.99%
    OVRPTW: top1=0.500 mean_cost=10.0403 (sbs=10.0484) vs_sbs=-0.08%
     OVRPB: top1=0.564 mean_cost=6.3209 (sbs=6.3220) vs_sbs=-0.02%
     OVRPL: top1=0.414 mean_cost=7.4293 (sbs=7.4376) vs_sbs=-0.11%
     VRPBL: top1=0.527 mean_cost=9.3599 (sbs=9.3593) vs_sbs=+0.01%
    VRPBTW: top1=0.442 mean_cost=19.0671 (sbs=19.6697) vs_sbs=-3.06%
    VRPLTW: top1=0.453 mean_cost=17.6441 (sbs=18.5091) vs_sbs=-4.67%
    OVRPBL: top1=0.579 mean_cost=6.3039 (sbs=6.3103) vs_sbs=-0.10%
   OVRPBTW: top1=0.498 mean_cost=10.4958 (sbs=10.5068) vs_sbs=-0.10%
   OVRPLTW: top1=0.509 mean_cost=10.1244 (sbs=10.1272) vs_sbs=-0.03%
   VRPBLTW: top1=0.411 mean_cost=18.9712 (sbs=19.5198) vs_sbs=-2.81%
  OVRPBLTW: top1=0.517 mean_cost=10.5294 (sbs=10.5412) vs_sbs=-0.11%
[epoch 35] update=180/1422 total=48528 loss=0.56414 KL=0.00758 lr=1.3e-05 samples/s=1834
[epoch 35] update=360/1422 total=48708 loss=0.56702 KL=0.00760 lr=1.3e-05 samples/s=1837
[epoch 35] update=540/1422 total=48888 loss=0.56718 KL=0.00759 lr=1.3e-05 samples/s=1843
[epoch 35] update=720/1422 total=49068 loss=0.56670 KL=0.00763 lr=1.3e-05 samples/s=1841
[epoch 35] update=900/1422 total=49248 loss=0.56637 KL=0.00768 lr=1.3e-05 samples/s=1841
[epoch 35] update=1080/1422 total=49428 loss=0.56628 KL=0.00769 lr=1.3e-05 samples/s=1839
[epoch 35] update=1260/1422 total=49608 loss=0.56659 KL=0.00773 lr=1.3e-05 samples/s=1835
[AMP retry] same batch; lower scale=131072.0
[epoch 35] update=1422/1422 total=49770 loss=0.56642 KL=0.00778 lr=1.3e-05 samples/s=1819
[R47B val epoch 35] macro_top1=0.4829 top2=0.8202 top3=0.9253 vs_sbs=-1.032% vbs_closed=+29.74%
       TSP: top1=0.367 mean_cost=7.9179 (sbs=7.9578) vs_sbs=-0.50%
      CVRP: top1=0.493 mean_cost=18.2073 (sbs=18.2943) vs_sbs=-0.48%
      ATSP: top1=0.790 mean_cost=1.6347 (sbs=1.6735) vs_sbs=-2.32%
      OVRP: top1=0.372 mean_cost=7.4546 (sbs=7.4617) vs_sbs=-0.09%
      VRPB: top1=0.543 mean_cost=9.3329 (sbs=9.3403) vs_sbs=-0.08%
      VRPL: top1=0.316 mean_cost=12.4045 (sbs=12.4072) vs_sbs=-0.02%
     VRPTW: top1=0.455 mean_cost=17.9035 (sbs=18.6571) vs_sbs=-4.04%
    OVRPTW: top1=0.501 mean_cost=10.0419 (sbs=10.0484) vs_sbs=-0.07%
     OVRPB: top1=0.564 mean_cost=6.3204 (sbs=6.3220) vs_sbs=-0.03%
     OVRPL: top1=0.412 mean_cost=7.4290 (sbs=7.4376) vs_sbs=-0.12%
     VRPBL: top1=0.525 mean_cost=9.3603 (sbs=9.3593) vs_sbs=+0.01%
    VRPBTW: top1=0.427 mean_cost=19.0652 (sbs=19.6697) vs_sbs=-3.07%
    VRPLTW: top1=0.440 mean_cost=17.6371 (sbs=18.5091) vs_sbs=-4.71%
    OVRPBL: top1=0.574 mean_cost=6.3047 (sbs=6.3103) vs_sbs=-0.09%
   OVRPBTW: top1=0.497 mean_cost=10.4991 (sbs=10.5068) vs_sbs=-0.07%
   OVRPLTW: top1=0.494 mean_cost=10.1282 (sbs=10.1272) vs_sbs=+0.01%
   VRPBLTW: top1=0.422 mean_cost=18.9677 (sbs=19.5198) vs_sbs=-2.83%
  OVRPBLTW: top1=0.501 mean_cost=10.5327 (sbs=10.5412) vs_sbs=-0.08%
[train_eval] {"macro_ce": 1.0420141948593988, "macro_top1": 0.5129055555555556, "macro_top2": 0.8308055555555556, "macro_top3": 0.9338555555555555, "macro_top1_tie_aware": 0.5137944444444444, "macro_mean_cost": 11.166914276332648, "macro_vs_sbs_pct": -1.1455206254927293, "macro_vs_oracle_pct": 0.8421443396177649, "macro_actual_regret_pct": 0.8663209444714615, "macro_vbs_gap_closed_pct": 34.81391907313696, "macro_true3_accuracy": 0.7167397635135574, "macro_reference_top2_accuracy": 0.6083369171038735}
[epoch 36] update=180/1422 total=49950 loss=0.56600 KL=0.00801 lr=1.3e-05 samples/s=1822
[epoch 36] update=360/1422 total=50130 loss=0.56501 KL=0.00803 lr=1.3e-05 samples/s=1828
[epoch 36] update=540/1422 total=50310 loss=0.56308 KL=0.00810 lr=1.3e-05 samples/s=1832
[epoch 36] update=720/1422 total=50490 loss=0.56398 KL=0.00803 lr=1.3e-05 samples/s=1834
[epoch 36] update=900/1422 total=50670 loss=0.56433 KL=0.00803 lr=1.3e-05 samples/s=1833
[epoch 36] update=1080/1422 total=50850 loss=0.56517 KL=0.00800 lr=1.3e-05 samples/s=1836
[epoch 36] update=1260/1422 total=51030 loss=0.56583 KL=0.00797 lr=1.3e-05 samples/s=1838
[epoch 36] update=1422/1422 total=51192 loss=0.56563 KL=0.00798 lr=1.3e-05 samples/s=1823
[R47B val epoch 36] macro_top1=0.4830 top2=0.8201 top3=0.9254 vs_sbs=-1.033% vbs_closed=+29.77%
       TSP: top1=0.365 mean_cost=7.9179 (sbs=7.9578) vs_sbs=-0.50%
      CVRP: top1=0.492 mean_cost=18.2055 (sbs=18.2943) vs_sbs=-0.49%
      ATSP: top1=0.787 mean_cost=1.6349 (sbs=1.6735) vs_sbs=-2.31%
      OVRP: top1=0.360 mean_cost=7.4563 (sbs=7.4617) vs_sbs=-0.07%
      VRPB: top1=0.544 mean_cost=9.3337 (sbs=9.3403) vs_sbs=-0.07%
      VRPL: top1=0.322 mean_cost=12.4054 (sbs=12.4072) vs_sbs=-0.01%
     VRPTW: top1=0.435 mean_cost=17.9138 (sbs=18.6571) vs_sbs=-3.98%
    OVRPTW: top1=0.508 mean_cost=10.0384 (sbs=10.0484) vs_sbs=-0.10%
     OVRPB: top1=0.562 mean_cost=6.3206 (sbs=6.3220) vs_sbs=-0.02%
     OVRPL: top1=0.386 mean_cost=7.4323 (sbs=7.4376) vs_sbs=-0.07%
     VRPBL: top1=0.528 mean_cost=9.3601 (sbs=9.3593) vs_sbs=+0.01%
    VRPBTW: top1=0.445 mean_cost=19.0566 (sbs=19.6697) vs_sbs=-3.12%
    VRPLTW: top1=0.447 mean_cost=17.6372 (sbs=18.5091) vs_sbs=-4.71%
    OVRPBL: top1=0.574 mean_cost=6.3042 (sbs=6.3103) vs_sbs=-0.10%
   OVRPBTW: top1=0.506 mean_cost=10.4950 (sbs=10.5068) vs_sbs=-0.11%
   OVRPLTW: top1=0.502 mean_cost=10.1267 (sbs=10.1272) vs_sbs=-0.00%
   VRPBLTW: top1=0.420 mean_cost=18.9656 (sbs=19.5198) vs_sbs=-2.84%
  OVRPBLTW: top1=0.511 mean_cost=10.5306 (sbs=10.5412) vs_sbs=-0.10%
[epoch 37] update=180/1422 total=51372 loss=0.56617 KL=0.00797 lr=1.3e-05 samples/s=1827
[epoch 37] update=360/1422 total=51552 loss=0.56490 KL=0.00812 lr=1.3e-05 samples/s=1840
[epoch 37] update=540/1422 total=51732 loss=0.56408 KL=0.00810 lr=1.3e-05 samples/s=1839
[epoch 37] update=720/1422 total=51912 loss=0.56526 KL=0.00812 lr=1.3e-05 samples/s=1837
[epoch 37] update=900/1422 total=52092 loss=0.56502 KL=0.00817 lr=1.3e-05 samples/s=1839
[AMP retry] same batch; lower scale=131072.0
[epoch 37] update=1080/1422 total=52272 loss=0.56520 KL=0.00813 lr=1.3e-05 samples/s=1836
[epoch 37] update=1260/1422 total=52452 loss=0.56538 KL=0.00813 lr=1.3e-05 samples/s=1835
[epoch 37] update=1422/1422 total=52614 loss=0.56532 KL=0.00813 lr=1.3e-05 samples/s=1820
[R47B val epoch 37] macro_top1=0.4832 top2=0.8201 top3=0.9241 vs_sbs=-1.032% vbs_closed=+29.62%
       TSP: top1=0.367 mean_cost=7.9145 (sbs=7.9578) vs_sbs=-0.54%
      CVRP: top1=0.495 mean_cost=18.2059 (sbs=18.2943) vs_sbs=-0.48%
      ATSP: top1=0.787 mean_cost=1.6346 (sbs=1.6735) vs_sbs=-2.33%
      OVRP: top1=0.373 mean_cost=7.4549 (sbs=7.4617) vs_sbs=-0.09%
      VRPB: top1=0.538 mean_cost=9.3344 (sbs=9.3403) vs_sbs=-0.06%
      VRPL: top1=0.320 mean_cost=12.4046 (sbs=12.4072) vs_sbs=-0.02%
     VRPTW: top1=0.448 mean_cost=17.9137 (sbs=18.6571) vs_sbs=-3.98%
    OVRPTW: top1=0.506 mean_cost=10.0415 (sbs=10.0484) vs_sbs=-0.07%
     OVRPB: top1=0.558 mean_cost=6.3215 (sbs=6.3220) vs_sbs=-0.01%
     OVRPL: top1=0.409 mean_cost=7.4296 (sbs=7.4376) vs_sbs=-0.11%
     VRPBL: top1=0.528 mean_cost=9.3595 (sbs=9.3593) vs_sbs=+0.00%
    VRPBTW: top1=0.437 mean_cost=19.0624 (sbs=19.6697) vs_sbs=-3.09%
    VRPLTW: top1=0.447 mean_cost=17.6298 (sbs=18.5091) vs_sbs=-4.75%
    OVRPBL: top1=0.563 mean_cost=6.3085 (sbs=6.3103) vs_sbs=-0.03%
   OVRPBTW: top1=0.507 mean_cost=10.4943 (sbs=10.5068) vs_sbs=-0.12%
   OVRPLTW: top1=0.498 mean_cost=10.1280 (sbs=10.1272) vs_sbs=+0.01%
   VRPBLTW: top1=0.410 mean_cost=18.9640 (sbs=19.5198) vs_sbs=-2.85%
  OVRPBLTW: top1=0.507 mean_cost=10.5345 (sbs=10.5412) vs_sbs=-0.06%
[epoch 38] update=180/1422 total=52794 loss=0.56550 KL=0.00836 lr=6.3e-06 samples/s=1843
[epoch 38] update=360/1422 total=52974 loss=0.56469 KL=0.00836 lr=6.3e-06 samples/s=1843
[epoch 38] update=540/1422 total=53154 loss=0.56386 KL=0.00830 lr=6.3e-06 samples/s=1847
[epoch 38] update=720/1422 total=53334 loss=0.56408 KL=0.00834 lr=6.3e-06 samples/s=1851
[epoch 38] update=900/1422 total=53514 loss=0.56436 KL=0.00831 lr=6.3e-06 samples/s=1852
[epoch 38] update=1080/1422 total=53694 loss=0.56421 KL=0.00832 lr=6.3e-06 samples/s=1851
[epoch 38] update=1260/1422 total=53874 loss=0.56435 KL=0.00832 lr=6.3e-06 samples/s=1850
[epoch 38] update=1422/1422 total=54036 loss=0.56416 KL=0.00834 lr=6.3e-06 samples/s=1833
[R47B val epoch 38] macro_top1=0.4844 top2=0.8204 top3=0.9257 vs_sbs=-1.033% vbs_closed=+29.72%
       TSP: top1=0.363 mean_cost=7.9160 (sbs=7.9578) vs_sbs=-0.53%
      CVRP: top1=0.495 mean_cost=18.2059 (sbs=18.2943) vs_sbs=-0.48%
      ATSP: top1=0.786 mean_cost=1.6348 (sbs=1.6735) vs_sbs=-2.31%
      OVRP: top1=0.368 mean_cost=7.4554 (sbs=7.4617) vs_sbs=-0.08%
      VRPB: top1=0.545 mean_cost=9.3336 (sbs=9.3403) vs_sbs=-0.07%
      VRPL: top1=0.317 mean_cost=12.4048 (sbs=12.4072) vs_sbs=-0.02%
     VRPTW: top1=0.456 mean_cost=17.9095 (sbs=18.6571) vs_sbs=-4.01%
    OVRPTW: top1=0.503 mean_cost=10.0430 (sbs=10.0484) vs_sbs=-0.05%
     OVRPB: top1=0.559 mean_cost=6.3209 (sbs=6.3220) vs_sbs=-0.02%
     OVRPL: top1=0.408 mean_cost=7.4296 (sbs=7.4376) vs_sbs=-0.11%
     VRPBL: top1=0.535 mean_cost=9.3599 (sbs=9.3593) vs_sbs=+0.01%
    VRPBTW: top1=0.435 mean_cost=19.0619 (sbs=19.6697) vs_sbs=-3.09%
    VRPLTW: top1=0.442 mean_cost=17.6312 (sbs=18.5091) vs_sbs=-4.74%
    OVRPBL: top1=0.574 mean_cost=6.3057 (sbs=6.3103) vs_sbs=-0.07%
   OVRPBTW: top1=0.505 mean_cost=10.4954 (sbs=10.5068) vs_sbs=-0.11%
   OVRPLTW: top1=0.499 mean_cost=10.1273 (sbs=10.1272) vs_sbs=+0.00%
   VRPBLTW: top1=0.420 mean_cost=18.9682 (sbs=19.5198) vs_sbs=-2.83%
  OVRPBLTW: top1=0.509 mean_cost=10.5328 (sbs=10.5412) vs_sbs=-0.08%
[epoch 39] update=180/1422 total=54216 loss=0.56295 KL=0.00852 lr=6.3e-06 samples/s=1853
[epoch 39] update=360/1422 total=54396 loss=0.56463 KL=0.00848 lr=6.3e-06 samples/s=1859
[epoch 39] update=540/1422 total=54576 loss=0.56453 KL=0.00848 lr=6.3e-06 samples/s=1861
[epoch 39] update=720/1422 total=54756 loss=0.56446 KL=0.00845 lr=6.3e-06 samples/s=1857
[epoch 39] update=900/1422 total=54936 loss=0.56467 KL=0.00847 lr=6.3e-06 samples/s=1857
[epoch 39] update=1080/1422 total=55116 loss=0.56416 KL=0.00848 lr=6.3e-06 samples/s=1853
[epoch 39] update=1260/1422 total=55296 loss=0.56403 KL=0.00849 lr=6.3e-06 samples/s=1851
[AMP retry] same batch; lower scale=131072.0
[epoch 39] update=1422/1422 total=55458 loss=0.56392 KL=0.00850 lr=6.3e-06 samples/s=1834
[R47B val epoch 39] macro_top1=0.4832 top2=0.8213 top3=0.9255 vs_sbs=-1.031% vbs_closed=+29.56%
       TSP: top1=0.365 mean_cost=7.9186 (sbs=7.9578) vs_sbs=-0.49%
      CVRP: top1=0.495 mean_cost=18.2047 (sbs=18.2943) vs_sbs=-0.49%
      ATSP: top1=0.785 mean_cost=1.6348 (sbs=1.6735) vs_sbs=-2.31%
      OVRP: top1=0.364 mean_cost=7.4558 (sbs=7.4617) vs_sbs=-0.08%
      VRPB: top1=0.547 mean_cost=9.3333 (sbs=9.3403) vs_sbs=-0.07%
      VRPL: top1=0.320 mean_cost=12.4034 (sbs=12.4072) vs_sbs=-0.03%
     VRPTW: top1=0.446 mean_cost=17.9065 (sbs=18.6571) vs_sbs=-4.02%
    OVRPTW: top1=0.504 mean_cost=10.0428 (sbs=10.0484) vs_sbs=-0.06%
     OVRPB: top1=0.566 mean_cost=6.3201 (sbs=6.3220) vs_sbs=-0.03%
     OVRPL: top1=0.404 mean_cost=7.4303 (sbs=7.4376) vs_sbs=-0.10%
     VRPBL: top1=0.533 mean_cost=9.3598 (sbs=9.3593) vs_sbs=+0.01%
    VRPBTW: top1=0.430 mean_cost=19.0649 (sbs=19.6697) vs_sbs=-3.08%
    VRPLTW: top1=0.438 mean_cost=17.6312 (sbs=18.5091) vs_sbs=-4.74%
    OVRPBL: top1=0.577 mean_cost=6.3050 (sbs=6.3103) vs_sbs=-0.08%
   OVRPBTW: top1=0.499 mean_cost=10.4989 (sbs=10.5068) vs_sbs=-0.07%
   OVRPLTW: top1=0.495 mean_cost=10.1288 (sbs=10.1272) vs_sbs=+0.02%
   VRPBLTW: top1=0.424 mean_cost=18.9646 (sbs=19.5198) vs_sbs=-2.84%
  OVRPBLTW: top1=0.505 mean_cost=10.5326 (sbs=10.5412) vs_sbs=-0.08%
[train_eval] {"macro_ce": 1.0390927526685927, "macro_top1": 0.5151166666666668, "macro_top2": 0.8318333333333334, "macro_top3": 0.9340999999999998, "macro_top1_tie_aware": 0.516, "macro_mean_cost": 11.166101756431921, "macro_vs_sbs_pct": -1.151949413073255, "macro_vs_oracle_pct": 0.83555526236248, "macro_actual_regret_pct": 0.8591582438135255, "macro_vbs_gap_closed_pct": 35.338036722500924, "macro_true3_accuracy": 0.7171885770419242, "macro_reference_top2_accuracy": 0.609787631353065}
wandb:                                                                                
wandb: 
wandb: Run history:
wandb:                                    epoch ▁▁▁▂▂▂▂▂▂▃▃▃▃▃▄▄▄▄▄▅▅▅▅▅▅▆▆▆▆▆▇▇▇▇▇▇███
wandb:                   optimization/all_pairs █▃▃▂▂▂▂▂▂▂▂▂▂▁▁▁▁▁▁▁▁▁▁▁▁▁▁▁▁▁▁▁▁▁▁▁▁▁▁
wandb:                 optimization/amp_skipped ▁▁▁▁▂▂▂▂▂▂▃▃▃▃▃▃▃▄▄▄▄▅▅▅▅▆▆▆▆▆▆▇▇▇▇▇███
wandb:                          optimization/ce █▃▃▃▂▂▂▂▂▂▂▂▂▂▂▂▂▂▁▁▁▁▁▁▁▁▁▁▁▁▁▁▁▁▁▁▁▁▁
wandb:                         optimization/cmp █▄▃▃▃▃▂▂▂▂▂▂▂▂▂▂▂▂▂▂▁▁▁▁▁▁▁▁▁▁▁▁▁▁▁▁▁▁▁
wandb:          optimization/consistency_weight ▁▅█████████████████████████████████████
wandb:                   optimization/grad_norm █▆▄▃▂▂▂▂▂▂▂▁▁▂▁▁▁▁▁▂▂▂▂▂▂▂▃▃▂▃▃▃▃▃▃▃▃▃▃
wandb:                          optimization/kl ▆█▄▃▂▂▂▁▁▁▁▁▁▁▁▁▁▁▁▁▁▁▁▂▂▂▂▂▂▂▂▃▃▃▃▃▃▃▃
wandb:                        optimization/loss █▃▃▂▂▂▂▂▂▂▂▂▂▂▂▂▁▁▁▁▁▁▁▁▁▁▁▁▁▁▁▁▁▁▁▁▁▁▁
wandb:                          optimization/lr ▃▆██████████████▄▄▄▄▄▄▄▄▄▄▄▄▂▂▂▂▂▂▁▁▁▁▁
wandb:      optimization/memory_refresh_seconds ▁▅▃▆▃▇▆▇▃▄▄▆▆▆▅▆▇▇▇▃▇▇▇█▇▆▄▃▃▄▄▃▃▇▇██▄▂
wandb:             optimization/peak_memory_gib ▁▁▁▁▁▁▁▁▁▁▁▁▁▁▁▁▁▁▁▁▁▁▁▁▁▁▁▁▁▁▁▁▁▁▁▁▁▁▁
wandb:                       optimization/pred3 █▃▃▃▃▃▃▂▂▂▂▂▂▂▂▂▂▂▂▂▂▂▂▂▂▂▂▁▁▁▁▁▁▁▁▁▁▁▁
wandb:                        optimization/risk █▂▂▂▂▂▁▁▁▁▁▁▁▁▁▁▁▁▁▁▁▁▁▁▁▁▁▁▁▁▁▁▁▁▁▁▁▁▁
wandb:                     optimization/samples ▁▁▁▁▁▁▁▁▁▁▁▁▁▁▁▁▁▁▁▁▁▁▁▁▁▁▁▁▁▁▁▁▁▁▁▁▁▁▁
wandb:                     optimization/seconds ▁▂▁▁▂▂▂▂▂▂▂█▂▃▂▂▂▃▂▂▂▂▂▃▂▂▃▂▂▂▂▂▂▂▂▂▂▂▂
wandb:                       optimization/true3 █▄▄▃▃▃▃▃▃▃▃▂▂▂▂▂▂▂▂▂▂▂▂▂▂▂▂▂▁▁▁▁▁▁▁▁▁▁▁
wandb:                       successful_updates ▁▁▁▂▂▂▂▂▂▃▃▃▃▃▄▄▄▄▄▅▅▅▅▅▅▆▆▆▆▆▇▇▇▇▇▇███
wandb:       train_eval/macro_actual_regret_pct █▇▅▄▃▂▁▁
wandb:                      train_eval/macro_ce █▇▆▄▃▂▁▁
wandb:               train_eval/macro_mean_cost █▇▅▄▃▂▁▁
wandb: train_eval/macro_reference_top2_accuracy ▁▃▃▅▆▇██
wandb:                    train_eval/macro_top1 ▁▃▄▅▆▇██
wandb:          train_eval/macro_top1_tie_aware ▁▃▄▅▆▇██
wandb:                    train_eval/macro_top2 ▁▂▃▅▆▇██
wandb:                    train_eval/macro_top3 ▁▂▄▆▆▇██
wandb:          train_eval/macro_true3_accuracy ▁▃▄▅▅▇██
wandb:      train_eval/macro_vbs_gap_closed_pct ▁▃▅▆▆▇██
wandb:           train_eval/macro_vs_oracle_pct █▇▅▄▃▂▁▁
wandb:              train_eval/macro_vs_sbs_pct █▇▅▄▃▂▁▁
wandb:              val/macro_actual_regret_pct █▂▂▂▂▁▂▁▁▂▁▁▁▁▁▁▁▁▁▁▁▁▁▁▁▁▁▁▁▁▁▁▁▁▁▁▁▁▁
wandb:                             val/macro_ce █▄▃▃▂▂▂▂▂▂▂▂▁▂▂▂▁▁▁▁▁▁▁▁▁▁▁▂▁▁▁▁▁▁▁▁▁▁▁
wandb:                      val/macro_mean_cost █▂▂▂▁▁▁▁▁▁▁▁▁▁▁▁▁▁▁▁▁▁▁▁▁▁▁▁▁▁▁▁▁▁▁▁▁▁▁
wandb:        val/macro_reference_top2_accuracy ▁▃▄▄▅▆▅▇▇▇▇▇▇▇▆▇█▇█▇▇█▇▇█▇▇▇█▇██▇█▇███▇
wandb:                           val/macro_top1 ▁▅▅▅▅▇▆▇▇▇▇▇█▇▇▇████▇██▇█▇▇▇█▇█████████
wandb:                 val/macro_top1_tie_aware ▁▅▅▅▅▇▆▇▇▇▇▇█▇▇▇████▇██▇█▇▇▇█▇█████████
wandb:                           val/macro_top2 ▁▆▆▇▇▇▇▇▇▇▇▇▇▇▇▇███████████████████████
wandb:                           val/macro_top3 ▁▆▇▇▇▇██▇▇███▇█████████████████████████
wandb:                 val/macro_true3_accuracy ▁▅▅▅▆▆▆▇▇▇▇▇▇▇▇▇▇▇▇███▇▇█▇▇▇███████████
wandb:             val/macro_vbs_gap_closed_pct ▁▆▇▆▇▇▇▇▇▇███▇███████████▇█████████████
wandb:                  val/macro_vs_oracle_pct █▂▂▂▂▁▁▁▁▁▁▁▁▁▁▁▁▁▁▁▁▁▁▁▁▁▁▁▁▁▁▁▁▁▁▁▁▁▁
wandb:                     val/macro_vs_sbs_pct █▂▂▂▂▁▁▁▁▁▁▁▁▁▁▁▁▁▁▁▁▁▁▁▁▁▁▁▁▁▁▁▁▁▁▁▁▁▁
wandb: 
wandb: Run summary:
wandb:                                    epoch 39
wandb:                   optimization/all_pairs 0.3094
wandb:                 optimization/amp_skipped 20
wandb:                          optimization/ce 1.04689
wandb:                         optimization/cmp 0.47812
wandb:          optimization/consistency_weight 0.35
wandb:                   optimization/grad_norm 0.71442
wandb:                          optimization/kl 0.0085
wandb:                        optimization/loss 0.56392
wandb:                          optimization/lr 1e-05
wandb:      optimization/memory_refresh_seconds 9.53038
wandb:             optimization/peak_memory_gib 9.24505
wandb:                       optimization/pred3 0.52311
wandb:                        optimization/risk 1.35965
wandb:                     optimization/samples 180000
wandb:                     optimization/seconds 98.12489
wandb:                       optimization/true3 0.53986
wandb:                       successful_updates 55458
wandb:       train_eval/macro_actual_regret_pct 0.85916
wandb:                      train_eval/macro_ce 1.03909
wandb:               train_eval/macro_mean_cost 11.1661
wandb: train_eval/macro_reference_top2_accuracy 0.60979
wandb:                    train_eval/macro_top1 0.51512
wandb:          train_eval/macro_top1_tie_aware 0.516
wandb:                    train_eval/macro_top2 0.83183
wandb:                    train_eval/macro_top3 0.9341
wandb:          train_eval/macro_true3_accuracy 0.71719
wandb:      train_eval/macro_vbs_gap_closed_pct 35.33804
wandb:           train_eval/macro_vs_oracle_pct 0.83556
wandb:              train_eval/macro_vs_sbs_pct -1.15195
wandb:              val/macro_actual_regret_pct 0.97171
wandb:                             val/macro_ce 1.10252
wandb:                      val/macro_mean_cost 11.17424
wandb:        val/macro_reference_top2_accuracy 0.58134
wandb:                           val/macro_top1 0.48317
wandb:                 val/macro_top1_tie_aware 0.48394
wandb:                           val/macro_top2 0.82128
wandb:                           val/macro_top3 0.9255
wandb:                 val/macro_true3_accuracy 0.70313
wandb:             val/macro_vbs_gap_closed_pct 29.56124
wandb:                  val/macro_vs_oracle_pct 0.93322
wandb:                     val/macro_vs_sbs_pct -1.03131
wandb: 
wandb: You can sync this run to the cloud by running:
wandb: wandb sync code/V4/runs/R47_behavior_memory/B_behavior_memory_seed2/wandb/offline-run-20261009_204802-ryf7z6g6
wandb: Find logs at: code/V4/runs/R47_behavior_memory/B_behavior_memory_seed2/wandb/offline-run-20261009_204802-ryf7z6g6/logs
[cache] TSP/test: 1000 instances, 4.5 MiB on cuda:0
[cache] CVRP/test: 1000 instances, 8.3 MiB on cuda:0
[cache] ATSP/test: 1000 instances, 38.4 MiB on cuda:0
[cache] OVRP/test: 1000 instances, 3.4 MiB on cuda:0
[cache] VRPB/test: 1000 instances, 3.4 MiB on cuda:0
[cache] VRPL/test: 1000 instances, 3.4 MiB on cuda:0
[cache] VRPTW/test: 1000 instances, 3.4 MiB on cuda:0
[cache] OVRPTW/test: 1000 instances, 3.4 MiB on cuda:0
[cache] OVRPB/test: 1000 instances, 3.4 MiB on cuda:0
[cache] OVRPL/test: 1000 instances, 3.4 MiB on cuda:0
[cache] VRPBL/test: 1000 instances, 3.4 MiB on cuda:0
[cache] VRPBTW/test: 1000 instances, 3.4 MiB on cuda:0
[cache] VRPLTW/test: 1000 instances, 3.4 MiB on cuda:0
[cache] OVRPBL/test: 1000 instances, 3.4 MiB on cuda:0
[cache] OVRPBTW/test: 1000 instances, 3.4 MiB on cuda:0
[cache] OVRPLTW/test: 1000 instances, 3.4 MiB on cuda:0
[cache] VRPBLTW/test: 1000 instances, 3.4 MiB on cuda:0
[cache] OVRPBLTW/test: 1000 instances, 3.4 MiB on cuda:0
[R47B locked best test] macro_top1=0.4736 top2=0.8141 top3=0.9228 vs_sbs=-0.997% vbs_closed=+28.52%
       TSP: top1=0.375 mean_cost=8.0443 (sbs=8.0829) vs_sbs=-0.48%
      CVRP: top1=0.477 mean_cost=18.2474 (sbs=18.3323) vs_sbs=-0.46%
      ATSP: top1=0.780 mean_cost=1.6302 (sbs=1.6697) vs_sbs=-2.37%
      OVRP: top1=0.356 mean_cost=7.4643 (sbs=7.4695) vs_sbs=-0.07%
      VRPB: top1=0.522 mean_cost=9.2869 (sbs=9.2951) vs_sbs=-0.09%
      VRPL: top1=0.309 mean_cost=12.3555 (sbs=12.3607) vs_sbs=-0.04%
     VRPTW: top1=0.432 mean_cost=17.6549 (sbs=18.4357) vs_sbs=-4.24%
    OVRPTW: top1=0.458 mean_cost=10.1248 (sbs=10.1233) vs_sbs=+0.01%
     OVRPB: top1=0.563 mean_cost=6.2942 (sbs=6.2963) vs_sbs=-0.03%
     OVRPL: top1=0.373 mean_cost=7.4458 (sbs=7.4537) vs_sbs=-0.11%
     VRPBL: top1=0.550 mean_cost=9.2467 (sbs=9.2492) vs_sbs=-0.03%
    VRPBTW: top1=0.408 mean_cost=19.0155 (sbs=19.5263) vs_sbs=-2.62%
    VRPLTW: top1=0.430 mean_cost=17.6164 (sbs=18.4269) vs_sbs=-4.40%
    OVRPBL: top1=0.568 mean_cost=6.3026 (sbs=6.3068) vs_sbs=-0.07%
   OVRPBTW: top1=0.518 mean_cost=10.6054 (sbs=10.6090) vs_sbs=-0.03%
   OVRPLTW: top1=0.481 mean_cost=10.1052 (sbs=10.1036) vs_sbs=+0.02%
   VRPBLTW: top1=0.438 mean_cost=19.0951 (sbs=19.6770) vs_sbs=-2.96%
  OVRPBLTW: top1=0.487 mean_cost=10.5930 (sbs=10.5928) vs_sbs=+0.00%
[R47B] Training, mechanism check, locked-checkpoint test and analysis finished 2026-10-09T22:12:30+08:00
