wandb: Tracking run with wandb version 0.19.11
wandb: W&B syncing is set to `offline` in this directory. Run `wandb online` or set WANDB_MODE=online to enable cloud syncing.
[start] redundant_seed2 updates=1000 batch=640 optimizer=fresh base_lr=2e-5 geometry_lr=2e-4 model_hash=ac5c8e24a15502a258ce0223d6f31bc435d3361b2bbba9739f28943ef056e434
[train updates 0000] top1=0.3934 ce=1.533871 mean_cost=8.008346 vs_sbs=-0.4963% regret=0.6373% gap>0.1_top1=0.4190 gap>0.5_top1=0.4773
[val updates 0000] top1=0.3630 ce=1.657517 mean_cost=7.917969 vs_sbs=-0.5006% regret=0.6118% gap>0.1_top1=0.3893 gap>0.5_top1=0.4360
[train updates 0050] loss=0.61064 grad=0.2741 skipped_total=0 lr_base=2e-05 elapsed=26.1s
[train updates 0050] top1=0.3946 ce=1.532924 mean_cost=8.009107 vs_sbs=-0.4868% regret=0.6502% gap>0.1_top1=0.4199 gap>0.5_top1=0.4754
[val updates 0050] top1=0.3660 ce=1.656213 mean_cost=7.918824 vs_sbs=-0.4898% regret=0.6249% gap>0.1_top1=0.3906 gap>0.5_top1=0.4360
[train updates 0100] loss=0.61064 grad=0.3047 skipped_total=0 lr_base=1.99e-05 elapsed=48.4s
[train updates 0100] top1=0.3956 ce=1.530251 mean_cost=8.008350 vs_sbs=-0.4962% regret=0.6399% gap>0.1_top1=0.4207 gap>0.5_top1=0.4776
[val updates 0100] top1=0.3640 ce=1.660706 mean_cost=7.918436 vs_sbs=-0.4947% regret=0.6217% gap>0.1_top1=0.3879 gap>0.5_top1=0.4325
[train updates 0150] loss=0.60966 grad=0.2907 skipped_total=0 lr_base=1.95e-05 elapsed=70.7s
[train updates 0150] top1=0.3952 ce=1.525909 mean_cost=8.008812 vs_sbs=-0.4905% regret=0.6457% gap>0.1_top1=0.4190 gap>0.5_top1=0.4776
[val updates 0150] top1=0.3620 ce=1.656485 mean_cost=7.919157 vs_sbs=-0.4856% regret=0.6323% gap>0.1_top1=0.3866 gap>0.5_top1=0.4325
[train updates 0200] loss=0.60758 grad=0.2930 skipped_total=0 lr_base=1.89e-05 elapsed=93.0s
[train updates 0200] top1=0.3978 ce=1.524409 mean_cost=8.008596 vs_sbs=-0.4932% regret=0.6430% gap>0.1_top1=0.4224 gap>0.5_top1=0.4813
[val updates 0200] top1=0.3640 ce=1.663087 mean_cost=7.918171 vs_sbs=-0.4980% regret=0.6196% gap>0.1_top1=0.3879 gap>0.5_top1=0.4360
[train updates 0250] loss=0.60653 grad=0.3253 skipped_total=0 lr_base=1.81e-05 elapsed=115.2s
[train updates 0250] top1=0.3966 ce=1.522909 mean_cost=8.007647 vs_sbs=-0.5049% regret=0.6286% gap>0.1_top1=0.4221 gap>0.5_top1=0.4807
[val updates 0250] top1=0.3640 ce=1.665561 mean_cost=7.917087 vs_sbs=-0.5116% regret=0.6026% gap>0.1_top1=0.3893 gap>0.5_top1=0.4394
[train updates 0300] loss=0.60651 grad=0.3051 skipped_total=0 lr_base=1.71e-05 elapsed=137.5s
[train updates 0300] top1=0.3992 ce=1.519082 mean_cost=8.008230 vs_sbs=-0.4977% regret=0.6385% gap>0.1_top1=0.4242 gap>0.5_top1=0.4835
[val updates 0300] top1=0.3640 ce=1.659122 mean_cost=7.918336 vs_sbs=-0.4959% regret=0.6211% gap>0.1_top1=0.3893 gap>0.5_top1=0.4394
[train updates 0350] loss=0.60535 grad=0.3084 skipped_total=0 lr_base=1.59e-05 elapsed=159.8s
[train updates 0350] top1=0.3987 ce=1.518055 mean_cost=8.009020 vs_sbs=-0.4879% regret=0.6522% gap>0.1_top1=0.4242 gap>0.5_top1=0.4810
[val updates 0350] top1=0.3700 ce=1.659172 mean_cost=7.918899 vs_sbs=-0.4889% regret=0.6276% gap>0.1_top1=0.3945 gap>0.5_top1=0.4394
[train updates 0400] loss=0.60168 grad=0.3178 skipped_total=0 lr_base=1.46e-05 elapsed=182.0s
[train updates 0400] top1=0.3999 ce=1.516302 mean_cost=8.008914 vs_sbs=-0.4892% regret=0.6473% gap>0.1_top1=0.4254 gap>0.5_top1=0.4838
[val updates 0400] top1=0.3680 ce=1.662807 mean_cost=7.918686 vs_sbs=-0.4916% regret=0.6242% gap>0.1_top1=0.3906 gap>0.5_top1=0.4360
[train updates 0450] loss=0.60365 grad=0.3450 skipped_total=0 lr_base=1.32e-05 elapsed=204.3s
[train updates 0450] top1=0.4014 ce=1.515676 mean_cost=8.007238 vs_sbs=-0.5100% regret=0.6233% gap>0.1_top1=0.4269 gap>0.5_top1=0.4866
[val updates 0450] top1=0.3670 ce=1.667996 mean_cost=7.917074 vs_sbs=-0.5118% regret=0.6035% gap>0.1_top1=0.3932 gap>0.5_top1=0.4429
[train updates 0500] loss=0.60281 grad=0.3342 skipped_total=0 lr_base=1.17e-05 elapsed=226.6s
[train updates 0500] top1=0.4022 ce=1.511582 mean_cost=8.008489 vs_sbs=-0.4945% regret=0.6402% gap>0.1_top1=0.4277 gap>0.5_top1=0.4838
[val updates 0500] top1=0.3640 ce=1.661353 mean_cost=7.919711 vs_sbs=-0.4787% regret=0.6360% gap>0.1_top1=0.3893 gap>0.5_top1=0.4256
[train updates 0550] loss=0.60147 grad=0.3354 skipped_total=0 lr_base=1.03e-05 elapsed=248.9s
[train updates 0550] top1=0.4022 ce=1.510859 mean_cost=8.008089 vs_sbs=-0.4994% regret=0.6351% gap>0.1_top1=0.4281 gap>0.5_top1=0.4860
[val updates 0550] top1=0.3640 ce=1.664083 mean_cost=7.918991 vs_sbs=-0.4877% regret=0.6269% gap>0.1_top1=0.3879 gap>0.5_top1=0.4256
[train updates 0600] loss=0.60040 grad=0.3457 skipped_total=0 lr_base=8.79e-06 elapsed=271.1s
[train updates 0600] top1=0.4025 ce=1.510111 mean_cost=8.007882 vs_sbs=-0.5020% regret=0.6327% gap>0.1_top1=0.4287 gap>0.5_top1=0.4882
[val updates 0600] top1=0.3590 ce=1.665435 mean_cost=7.919443 vs_sbs=-0.4820% regret=0.6319% gap>0.1_top1=0.3827 gap>0.5_top1=0.4118
[train updates 0650] loss=0.59918 grad=0.3372 skipped_total=0 lr_base=7.38e-06 elapsed=293.4s
[train updates 0650] top1=0.4033 ce=1.508465 mean_cost=8.007682 vs_sbs=-0.5045% regret=0.6295% gap>0.1_top1=0.4287 gap>0.5_top1=0.4885
[val updates 0650] top1=0.3600 ce=1.667601 mean_cost=7.919806 vs_sbs=-0.4775% regret=0.6372% gap>0.1_top1=0.3853 gap>0.5_top1=0.4187
[train updates 0700] loss=0.60021 grad=0.3457 skipped_total=0 lr_base=6.08e-06 elapsed=315.7s
[train updates 0700] top1=0.4024 ce=1.507892 mean_cost=8.007906 vs_sbs=-0.5017% regret=0.6325% gap>0.1_top1=0.4277 gap>0.5_top1=0.4879
[val updates 0700] top1=0.3610 ce=1.665389 mean_cost=7.919494 vs_sbs=-0.4814% regret=0.6324% gap>0.1_top1=0.3853 gap>0.5_top1=0.4152
[train updates 0750] loss=0.59918 grad=0.3365 skipped_total=0 lr_base=4.9e-06 elapsed=338.0s
[train updates 0750] top1=0.4019 ce=1.506918 mean_cost=8.008208 vs_sbs=-0.4980% regret=0.6383% gap>0.1_top1=0.4269 gap>0.5_top1=0.4869
[val updates 0750] top1=0.3590 ce=1.667990 mean_cost=7.920296 vs_sbs=-0.4713% regret=0.6431% gap>0.1_top1=0.3827 gap>0.5_top1=0.4118
[train updates 0800] loss=0.59809 grad=0.3265 skipped_total=0 lr_base=3.9e-06 elapsed=360.3s
[train updates 0800] top1=0.4041 ce=1.506221 mean_cost=8.007932 vs_sbs=-0.5014% regret=0.6336% gap>0.1_top1=0.4292 gap>0.5_top1=0.4885
[val updates 0800] top1=0.3570 ce=1.667677 mean_cost=7.920572 vs_sbs=-0.4679% regret=0.6436% gap>0.1_top1=0.3814 gap>0.5_top1=0.4152
[train updates 0850] loss=0.59916 grad=0.3364 skipped_total=0 lr_base=3.08e-06 elapsed=382.5s
[train updates 0850] top1=0.4034 ce=1.505977 mean_cost=8.008100 vs_sbs=-0.4993% regret=0.6359% gap>0.1_top1=0.4288 gap>0.5_top1=0.4885
[val updates 0850] top1=0.3560 ce=1.667418 mean_cost=7.920445 vs_sbs=-0.4694% regret=0.6437% gap>0.1_top1=0.3801 gap>0.5_top1=0.4152
[train updates 0900] loss=0.59779 grad=0.3372 skipped_total=0 lr_base=2.49e-06 elapsed=404.8s
[train updates 0900] top1=0.4041 ce=1.505607 mean_cost=8.007998 vs_sbs=-0.5006% regret=0.6339% gap>0.1_top1=0.4292 gap>0.5_top1=0.4891
[val updates 0900] top1=0.3590 ce=1.667585 mean_cost=7.920223 vs_sbs=-0.4722% regret=0.6395% gap>0.1_top1=0.3827 gap>0.5_top1=0.4152
[train updates 0950] loss=0.59893 grad=0.3390 skipped_total=0 lr_base=2.12e-06 elapsed=427.1s
[train updates 0950] top1=0.4032 ce=1.505133 mean_cost=8.008235 vs_sbs=-0.4976% regret=0.6374% gap>0.1_top1=0.4281 gap>0.5_top1=0.4866
[val updates 0950] top1=0.3580 ce=1.668117 mean_cost=7.920175 vs_sbs=-0.4728% regret=0.6396% gap>0.1_top1=0.3827 gap>0.5_top1=0.4187
[train updates 1000] loss=0.59721 grad=0.3427 skipped_total=0 lr_base=2e-06 elapsed=449.4s
[train updates 1000] top1=0.4032 ce=1.504905 mean_cost=8.008216 vs_sbs=-0.4979% regret=0.6373% gap>0.1_top1=0.4283 gap>0.5_top1=0.4869
[val updates 1000] top1=0.3570 ce=1.668141 mean_cost=7.920274 vs_sbs=-0.4716% regret=0.6402% gap>0.1_top1=0.3814 gap>0.5_top1=0.4152
wandb:                                                                                
wandb: 
wandb: Run history:
wandb:            train/actual_regret_pct ▄█▅▆▆▂▅█▇▁▅▄▃▂▃▅▃▄▄▄▄
wandb:                           train/ce ██▇▆▆▅▄▄▄▄▃▂▂▂▂▁▁▁▁▁▁
wandb: train/gap_gt_0_1_actual_regret_pct ▅█▅▇▆▂▄█▇▁▅▃▂▂▃▅▃▄▃▄▄
wandb:              train/gap_gt_0_1_top1 ▁▂▂▁▃▃▅▅▅▆▇▇██▇▆███▇▇
wandb: train/gap_gt_0_5_actual_regret_pct ▅█▅▆▅▂▃▇▆▁▄▂▂▁▃▃▂▃▂▃▄
wandb:              train/gap_gt_0_5_top1 ▂▁▂▂▄▄▅▄▅▇▅▆██▇▇███▇▇
wandb:                    train/mean_cost ▅█▅▇▆▃▅█▇▁▆▄▃▃▄▅▄▄▄▅▅
wandb:                         train/top1 ▁▂▂▂▄▃▅▄▅▆▇▇▇▇▇▇███▇▇
wandb:                   train/vs_sbs_pct ▅█▅▇▆▃▅█▇▁▆▄▃▃▄▅▄▄▄▅▅
wandb:              val/actual_regret_pct ▃▅▄▆▄▁▄▅▅▁▇▅▆▇▆███▇▇▇
wandb:                             val/ce ▂▁▄▁▅▆▃▃▅█▄▆▆█▆██████
wandb:   val/gap_gt_0_1_actual_regret_pct ▃▆▅▇▄▁▄▅▅▁▇▅▆▇▆█▇▇▇▇▇
wandb:                val/gap_gt_0_1_top1 ▅▆▅▄▅▅▅█▆▇▅▅▂▄▄▂▂▁▂▂▂
wandb:   val/gap_gt_0_5_actual_regret_pct ▁▄▂▄▃▁▃▅▃▁▆▄▇▇▇█▇▇▆▆▆
wandb:                val/gap_gt_0_5_top1 ▆▆▆▆▆▇▇▇▆█▄▄▁▃▂▁▂▂▂▃▂
wandb:                      val/mean_cost ▃▅▄▅▃▁▄▅▄▁▆▅▆▆▆▇██▇▇▇
wandb:                           val/top1 ▅▆▅▄▅▅▅█▇▇▅▅▂▃▃▂▁▁▂▂▁
wandb:                     val/vs_sbs_pct ▃▅▄▅▃▁▄▅▄▁▆▅▆▆▆▇██▇▇▇
wandb: 
wandb: Run summary:
wandb:                     final_val_top1 0.357
wandb:            train/actual_regret_pct 0.6373
wandb:                           train/ce 1.50491
wandb: train/gap_gt_0_1_actual_regret_pct 0.71617
wandb:              train/gap_gt_0_1_top1 0.42833
wandb: train/gap_gt_0_5_actual_regret_pct 0.88871
wandb:              train/gap_gt_0_5_top1 0.48694
wandb:                    train/mean_cost 8.00822
wandb:                         train/top1 0.4032
wandb:                   train/vs_sbs_pct -0.49787
wandb:                            updates 1000
wandb:              val/actual_regret_pct 0.64023
wandb:                             val/ce 1.66814
wandb:   val/gap_gt_0_1_actual_regret_pct 0.7411
wandb:                val/gap_gt_0_1_top1 0.38139
wandb:   val/gap_gt_0_5_actual_regret_pct 0.97105
wandb:                val/gap_gt_0_5_top1 0.41522
wandb:                      val/mean_cost 7.92027
wandb:                           val/top1 0.357
wandb:                     val/vs_sbs_pct -0.4716
wandb: 
wandb: You can sync this run to the cloud by running:
wandb: wandb sync code/V4/runs/R37_tsp_local_geometry/redundant_seed2/wandb/offline-run-20260930_140750-98x82xg1
wandb: Find logs at: code/V4/runs/R37_tsp_local_geometry/redundant_seed2/wandb/offline-run-20260930_140750-98x82xg1/logs
[done] redundant_seed2 updates=1000 val_top1=0.3570
