[20:32:35] 实验开始，输出目录: /public/home/zhoucl/shiys/2cmab2/outputs/2026-04-01-neural_ucb_diag_server_run
[20:32:35] 开始构建共享数据集
[20:32:35] 扫描结果目录: /public/home/zhoucl/shiys/EasyNCO/results/test
[20:32:35] 已找到最新 runs 数量: 20
[20:32:35] 开始解析原始 .pt 数据集路径
[20:32:35] TSP 数据集: /public/home/zhoucl/shiys/EasyNCO/data/datasets/test_dataset_tsp_uniform/test_tsp100_nums10000_uniform.pt
[20:32:35] CVRP 数据集: /public/home/zhoucl/shiys/EasyNCO/data/datasets/test_dataset_vrp_uniform/test_vrp100_capacity50_nums10000_uniform.pt
[20:32:35] 开始加载原始实例张量
[20:32:35] 实例加载完成: tsp=10000, cvrp=10000
[20:32:35] 开始聚合问题 tsp，候选方法数=12
[20:32:35] tsp 可用实例数=10000
[20:33:01] 问题 tsp 聚合完成，当前累计样本数=10000
[20:33:01] 开始聚合问题 cvrp，候选方法数=8
[20:33:01] cvrp 可用实例数=10000
[20:33:26] 问题 cvrp 聚合完成，当前累计样本数=20000
[20:33:26] 全部样本构建完成，最终样本数=20000
[20:33:26] 数据集构建完成，样本总数=20000
[20:33:26] 开始做 train/val/test 分层切分
[20:33:26] 数据切分完成: train=14000, val=3000, test=3000
[20:33:26] 开始构造 selector: neural_ucb_diag
[20:33:27] selector 构造完成: NeuralUCBDiag
[20:33:27] 已开启 checkpoint 自动保存: 每 1 个 epoch 保存一次
[20:33:27] 已开启 checkpoint 自动保存: 每 1000 个 step 保存一次
[20:33:27] 已开启周期性验证: 每 1000 个 step 在 val 集评测一次
[20:33:27] 开始训练 epoch 1/1 [NeuralUCBDiag]
[20:40:00] checkpoint 已保存: /public/home/zhoucl/shiys/2cmab2/outputs/2026-04-01-neural_ucb_diag_server_run/checkpoints/step_0001000.pt
[20:44:26] step=1000 | periodic val_greedy | mean_reward=0.839610 | top1=0.392667 | mean_regret=0.047116 | mean_cost=11.815774 || val_ucb: mean_reward=0.839610 | top1=0.392667 | mean_regret=0.047116 | mean_cost=11.815774
[20:47:20] checkpoint 已保存: /public/home/zhoucl/shiys/2cmab2/outputs/2026-04-01-neural_ucb_diag_server_run/checkpoints/step_0002000.pt
[20:51:39] step=2000 | periodic val_greedy | mean_reward=0.839610 | top1=0.392667 | mean_regret=0.047116 | mean_cost=11.815774 || val_ucb: mean_reward=0.839610 | top1=0.392667 | mean_regret=0.047116 | mean_cost=11.815774
[20:54:29] checkpoint 已保存: /public/home/zhoucl/shiys/2cmab2/outputs/2026-04-01-neural_ucb_diag_server_run/checkpoints/step_0003000.pt
[20:58:46] step=3000 | periodic val_greedy | mean_reward=0.839610 | top1=0.392667 | mean_regret=0.047116 | mean_cost=11.815774 || val_ucb: mean_reward=0.839610 | top1=0.392667 | mean_regret=0.047116 | mean_cost=11.815774
[21:01:25] checkpoint 已保存: /public/home/zhoucl/shiys/2cmab2/outputs/2026-04-01-neural_ucb_diag_server_run/checkpoints/step_0004000.pt
[21:05:32] step=4000 | periodic val_greedy | mean_reward=0.839610 | top1=0.392667 | mean_regret=0.047116 | mean_cost=11.815774 || val_ucb: mean_reward=0.839610 | top1=0.392667 | mean_regret=0.047116 | mean_cost=11.815774
[21:07:55] checkpoint 已保存: /public/home/zhoucl/shiys/2cmab2/outputs/2026-04-01-neural_ucb_diag_server_run/checkpoints/step_0005000.pt
[21:11:58] step=5000 | periodic val_greedy | mean_reward=0.839610 | top1=0.392667 | mean_regret=0.047116 | mean_cost=11.815774 || val_ucb: mean_reward=0.839610 | top1=0.392667 | mean_regret=0.047116 | mean_cost=11.815774
[21:14:21] checkpoint 已保存: /public/home/zhoucl/shiys/2cmab2/outputs/2026-04-01-neural_ucb_diag_server_run/checkpoints/step_0006000.pt
[21:18:27] step=6000 | periodic val_greedy | mean_reward=0.839610 | top1=0.392667 | mean_regret=0.047116 | mean_cost=11.815774 || val_ucb: mean_reward=0.839610 | top1=0.392667 | mean_regret=0.047116 | mean_cost=11.815774
[21:21:09] checkpoint 已保存: /public/home/zhoucl/shiys/2cmab2/outputs/2026-04-01-neural_ucb_diag_server_run/checkpoints/step_0007000.pt
[21:25:16] step=7000 | periodic val_greedy | mean_reward=0.839610 | top1=0.392667 | mean_regret=0.047116 | mean_cost=11.815774 || val_ucb: mean_reward=0.839610 | top1=0.392667 | mean_regret=0.047116 | mean_cost=11.815774
[21:27:27] checkpoint 已保存: /public/home/zhoucl/shiys/2cmab2/outputs/2026-04-01-neural_ucb_diag_server_run/checkpoints/step_0008000.pt
[21:31:17] step=8000 | periodic val_greedy | mean_reward=0.839610 | top1=0.392667 | mean_regret=0.047116 | mean_cost=11.815774 || val_ucb: mean_reward=0.839610 | top1=0.392667 | mean_regret=0.047116 | mean_cost=11.815774
[21:33:18] checkpoint 已保存: /public/home/zhoucl/shiys/2cmab2/outputs/2026-04-01-neural_ucb_diag_server_run/checkpoints/step_0009000.pt
[21:37:08] step=9000 | periodic val_greedy | mean_reward=0.839610 | top1=0.392667 | mean_regret=0.047116 | mean_cost=11.815774 || val_ucb: mean_reward=0.839610 | top1=0.392667 | mean_regret=0.047116 | mean_cost=11.815774
[21:39:16] checkpoint 已保存: /public/home/zhoucl/shiys/2cmab2/outputs/2026-04-01-neural_ucb_diag_server_run/checkpoints/step_0010000.pt
[21:43:11] step=10000 | periodic val_greedy | mean_reward=0.839610 | top1=0.392667 | mean_regret=0.047116 | mean_cost=11.815774 || val_ucb: mean_reward=0.839610 | top1=0.392667 | mean_regret=0.047116 | mean_cost=11.815774
[21:45:25] checkpoint 已保存: /public/home/zhoucl/shiys/2cmab2/outputs/2026-04-01-neural_ucb_diag_server_run/checkpoints/step_0011000.pt
[21:49:30] step=11000 | periodic val_greedy | mean_reward=0.839610 | top1=0.392667 | mean_regret=0.047116 | mean_cost=11.815774 || val_ucb: mean_reward=0.839610 | top1=0.392667 | mean_regret=0.047116 | mean_cost=11.815774
[21:51:31] checkpoint 已保存: /public/home/zhoucl/shiys/2cmab2/outputs/2026-04-01-neural_ucb_diag_server_run/checkpoints/step_0012000.pt
[21:55:15] step=12000 | periodic val_greedy | mean_reward=0.839610 | top1=0.392667 | mean_regret=0.047116 | mean_cost=11.815774 || val_ucb: mean_reward=0.839610 | top1=0.392667 | mean_regret=0.047116 | mean_cost=11.815774
[21:57:14] checkpoint 已保存: /public/home/zhoucl/shiys/2cmab2/outputs/2026-04-01-neural_ucb_diag_server_run/checkpoints/step_0013000.pt
[22:00:58] step=13000 | periodic val_greedy | mean_reward=0.839610 | top1=0.392667 | mean_regret=0.047116 | mean_cost=11.815774 || val_ucb: mean_reward=0.839610 | top1=0.392667 | mean_regret=0.047116 | mean_cost=11.815774
[22:02:59] checkpoint 已保存: /public/home/zhoucl/shiys/2cmab2/outputs/2026-04-01-neural_ucb_diag_server_run/checkpoints/step_0014000.pt
[22:06:49] step=14000 | periodic val_greedy | mean_reward=0.839610 | top1=0.392667 | mean_regret=0.047116 | mean_cost=11.815774 || val_ucb: mean_reward=0.839610 | top1=0.392667 | mean_regret=0.047116 | mean_cost=11.815774
[22:06:49] 完成训练 epoch 1/1 [NeuralUCBDiag]
[22:06:49] checkpoint 已保存: /public/home/zhoucl/shiys/2cmab2/outputs/2026-04-01-neural_ucb_diag_server_run/checkpoints/epoch_0001.pt
[22:06:49] 开始 selector 验证/测试评测
[22:06:49] 在 val 集上评测 (3000 实例, mode=greedy)...
[22:06:53]     已评测 500/3000...
[22:06:57]     已评测 1000/3000...
[22:07:01]     已评测 1500/3000...
[22:07:05]     已评测 2000/3000...
[22:07:08]     已评测 2500/3000...
[22:07:12]     已评测 3000/3000...
[22:07:12] val 评测完成 | mode=greedy | mean_reward=0.839610 | top1_accuracy=0.392667 | mean_regret=0.047116 | mean_cost=11.815774
[22:07:12] 在 test 集上评测 (3000 实例, mode=greedy)...
[22:07:15]     已评测 500/3000...
[22:07:19]     已评测 1000/3000...
[22:07:23]     已评测 1500/3000...
[22:07:26]     已评测 2000/3000...
[22:07:30]     已评测 2500/3000...
[22:07:33]     已评测 3000/3000...
[22:07:33] test 评测完成 | mode=greedy | mean_reward=0.842613 | top1_accuracy=0.390000 | mean_regret=0.049469 | mean_cost=11.811684
[22:07:33] 在 val 集上评测 (3000 实例, mode=ucb)...
[22:08:02]     已评测 500/3000...
[22:08:30]     已评测 1000/3000...
[22:08:58]     已评测 1500/3000...
[22:09:39]     已评测 2000/3000...
[22:10:20]     已评测 2500/3000...
[22:11:01]     已评测 3000/3000...
[22:11:01] val 评测完成 | mode=ucb | mean_reward=0.839610 | top1_accuracy=0.392667 | mean_regret=0.047116 | mean_cost=11.815774
[22:11:01] 在 test 集上评测 (3000 实例, mode=ucb)...
[22:11:29]     已评测 500/3000...
[22:11:58]     已评测 1000/3000...
[22:12:27]     已评测 1500/3000...
[22:13:07]     已评测 2000/3000...
[22:13:46]     已评测 2500/3000...
[22:14:26]     已评测 3000/3000...
[22:14:26] test 评测完成 | mode=ucb | mean_reward=0.842613 | top1_accuracy=0.390000 | mean_regret=0.049469 | mean_cost=11.811684
[22:14:26] selector 验证/测试评测完成
[22:14:26] 开始计算 baseline 对比
[22:14:27] baseline 对比完成
[22:14:27] 
======================================================================
  评测结果 | NeuralUCBDiag | mode=greedy
======================================================================

  ALL (3000 实例):
    mean_reward:    0.8426
    mean_rank:      2.39
    top1_hit_rate:    0.3240  (972/3000)
    top2_hit_rate:    0.5620  (1686/3000)
    top3_hit_rate:    0.7533  (2260/3000)
    regret:         0.0495
    mean_cost:      11.8117  (模型选择)
    oracle_cost:    11.7622  (每个实例选最好的)

  TSP (1500 实例):
    mean_reward:    0.8536
    mean_rank:      2.61
    top1_hit_rate:    0.2367  (355/1500)
    top2_hit_rate:    0.5047  (757/1500)
    top3_hit_rate:    0.7000  (1050/1500)
    regret:         0.0082
    mean_cost:      7.7698  (模型选择)
    oracle_cost:    7.7616  (每个实例选最好的)

  CVRP (1500 实例):
    mean_reward:    0.8316
    mean_rank:      2.18
    top1_hit_rate:    0.4113  (617/1500)
    top2_hit_rate:    0.6193  (929/1500)
    top3_hit_rate:    0.8067  (1210/1500)
    regret:         0.0908
    mean_cost:      15.8536  (模型选择)
    oracle_cost:    15.7628  (每个实例选最好的)

======================================================================
  Baseline 对比 (在同一 test 集上)
======================================================================

  TSP (1500 实例):
    oracle mean_cost:                7.7616  (每实例选最好的, 上界)
    模型选择 mean_cost:              7.7698
    single_best_per_problem:         7.7708
    single_best_global:              7.7724
    random mean_cost:                11.4576  (均匀随机的期望)

  CVRP (1500 实例):
    oracle mean_cost:                15.7628  (每实例选最好的, 上界)
    模型选择 mean_cost:              15.8536
    single_best_per_problem:         15.8536
    single_best_global:              15.8536
    random mean_cost:                18.0481  (均匀随机的期望)

======================================================================
  各臂选择分布
======================================================================

  TSP (1500 实例):
     0(lehd            ):  1500 次 (100.0%)

  CVRP (1500 实例):
     0(lehd            ):  1500 次 (100.0%)

  ALL (3000 实例):
     0(lehd            ):  3000 次 (100.0%)

======================================================================
  各臂被选后的真实效果
======================================================================

  TSP:
    arm                   count  mean_cost  mean_reward  top1_rate  mean_rank
    ────────────────────────────────────────────────────────────────────
     0(lehd            )     1500     7.7698       0.8536     0.2367       2.61

  CVRP:
    arm                   count  mean_cost  mean_reward  top1_rate  mean_rank
    ────────────────────────────────────────────────────────────────────
     0(lehd            )     1500    15.8536       0.8316     0.4113       2.18

======================================================================
  Oracle 最优臂分布 (test 集上哪个方法最常是最优的)
======================================================================

  TSP (1500 实例):
     0(lehd            ):   553 次 ( 36.9%)
     3(icam            ):   451 次 ( 30.1%)
     8(pointerformer   ):   209 次 ( 13.9%)
     1(elg             ):   201 次 ( 13.4%)
     9(difusco         ):    80 次 (  5.3%)
     7(omni            ):     6 次 (  0.4%)

  CVRP (1500 实例):
     0(lehd            ):   617 次 ( 41.1%)
     3(icam            ):   440 次 ( 29.3%)
     1(elg             ):   381 次 ( 25.4%)
     7(omni            ):    62 次 (  4.1%)

[22:14:27] 
======================================================================
  评测结果 | NeuralUCBDiag | mode=ucb
======================================================================

  ALL (3000 实例):
    mean_reward:    0.8426
    mean_rank:      2.39
    top1_hit_rate:    0.3240  (972/3000)
    top2_hit_rate:    0.5620  (1686/3000)
    top3_hit_rate:    0.7533  (2260/3000)
    regret:         0.0495
    mean_cost:      11.8117  (模型选择)
    oracle_cost:    11.7622  (每个实例选最好的)

  TSP (1500 实例):
    mean_reward:    0.8536
    mean_rank:      2.61
    top1_hit_rate:    0.2367  (355/1500)
    top2_hit_rate:    0.5047  (757/1500)
    top3_hit_rate:    0.7000  (1050/1500)
    regret:         0.0082
    mean_cost:      7.7698  (模型选择)
    oracle_cost:    7.7616  (每个实例选最好的)

  CVRP (1500 实例):
    mean_reward:    0.8316
    mean_rank:      2.18
    top1_hit_rate:    0.4113  (617/1500)
    top2_hit_rate:    0.6193  (929/1500)
    top3_hit_rate:    0.8067  (1210/1500)
    regret:         0.0908
    mean_cost:      15.8536  (模型选择)
    oracle_cost:    15.7628  (每个实例选最好的)

======================================================================
  Baseline 对比 (在同一 test 集上)
======================================================================

  TSP (1500 实例):
    oracle mean_cost:                7.7616  (每实例选最好的, 上界)
    模型选择 mean_cost:              7.7698
    single_best_per_problem:         7.7708
    single_best_global:              7.7724
    random mean_cost:                11.4576  (均匀随机的期望)

  CVRP (1500 实例):
    oracle mean_cost:                15.7628  (每实例选最好的, 上界)
    模型选择 mean_cost:              15.8536
    single_best_per_problem:         15.8536
    single_best_global:              15.8536
    random mean_cost:                18.0481  (均匀随机的期望)

======================================================================
  各臂选择分布
======================================================================

  TSP (1500 实例):
     0(lehd            ):  1500 次 (100.0%)

  CVRP (1500 实例):
     0(lehd            ):  1500 次 (100.0%)

  ALL (3000 实例):
     0(lehd            ):  3000 次 (100.0%)

======================================================================
  各臂被选后的真实效果
======================================================================

  TSP:
    arm                   count  mean_cost  mean_reward  top1_rate  mean_rank
    ────────────────────────────────────────────────────────────────────
     0(lehd            )     1500     7.7698       0.8536     0.2367       2.61

  CVRP:
    arm                   count  mean_cost  mean_reward  top1_rate  mean_rank
    ────────────────────────────────────────────────────────────────────
     0(lehd            )     1500    15.8536       0.8316     0.4113       2.18

======================================================================
  Oracle 最优臂分布 (test 集上哪个方法最常是最优的)
======================================================================

  TSP (1500 实例):
     0(lehd            ):   553 次 ( 36.9%)
     3(icam            ):   451 次 ( 30.1%)
     8(pointerformer   ):   209 次 ( 13.9%)
     1(elg             ):   201 次 ( 13.4%)
     9(difusco         ):    80 次 (  5.3%)
     7(omni            ):     6 次 (  0.4%)

  CVRP (1500 实例):
     0(lehd            ):   617 次 ( 41.1%)
     3(icam            ):   440 次 ( 29.3%)
     1(elg             ):   381 次 ( 25.4%)
     7(omni            ):    62 次 (  4.1%)

[22:14:27] 开始写出结果文件到: /public/home/zhoucl/shiys/2cmab2/outputs/2026-04-01-neural_ucb_diag_server_run
[22:14:27] 结果文件写出完成
{
  "count": 3000,
  "mean_reward": 0.8426125541125542,
  "top1_accuracy": 0.39,
  "mean_regret": 0.04946901448567708,
  "mean_cost": 11.81168423461914
}

结果已保存到: /public/home/zhoucl/shiys/2cmab2/outputs/2026-04-01-neural_ucb_diag_server_run/summary.json

