[03:10:25] 开始构建共享数据集
[03:10:25] 扫描结果目录: /public/home/zhoucl/shiys/EasyNCO/results/test
[03:10:25] 已找到最新 runs 数量: 20
[03:10:25] 开始解析原始 .pt 数据集路径
[03:10:25] TSP 数据集: /public/home/zhoucl/shiys/EasyNCO/data/datasets/test_dataset_tsp_uniform/test_tsp100_nums10000_uniform.pt
[03:10:25] CVRP 数据集: /public/home/zhoucl/shiys/EasyNCO/data/datasets/test_dataset_vrp_uniform/test_vrp100_capacity50_nums10000_uniform.pt
[03:10:25] 开始加载原始实例张量
[03:10:26] 实例加载完成: tsp=10000, cvrp=10000
[03:10:26] 开始聚合问题 tsp，候选方法数=12
[03:10:26] tsp 可用实例数=500
[03:10:28] 问题 tsp 聚合完成，当前累计样本数=500
[03:10:28] 开始聚合问题 cvrp，候选方法数=8
[03:10:28] cvrp 可用实例数=500
[03:10:29] 问题 cvrp 聚合完成，当前累计样本数=1000
[03:10:29] 全部样本构建完成，最终样本数=1000
[03:10:29] 数据集构建完成，样本总数=1000
[03:10:29] 开始做 train/val/test 分层切分
[03:10:29] 数据切分完成: train=700, val=150, test=150
[03:10:29] 训练集 baseline 拟合完成 | single_best_global=pointerformer | single_best_per_problem={'cvrp': 'lehd', 'tsp': 'icam'}
[03:10:29] 训练集 hardness 参考均值 | cvrp=0.005709 | tsp=0.001280
[03:10:29] cvrp one-vs-default candidates = ['icam', 'elg', 'omni']
[03:10:29] cvrp one-vs-default gain priors = icam:0.7402, elg:0.7108, omni:0.3355
[03:10:29] tsp one-vs-default candidates = ['lehd', 'pointerformer', 'elg', 'difusco']
[03:10:29] tsp one-vs-default gain priors = lehd:0.7609, pointerformer:0.5055, difusco:0.4727, elg:0.3876
[03:10:29] val 参考 baseline 已计算 | sbp_tsp_cost=7.736413 | sbp_cvrp_cost=16.259549
[03:10:31] 模型构造完成: OneVsDefaultCoupledSwitchRanker
[03:10:31] switch prob threshold grid = [0.3, 0.4, 0.5, 0.55, 0.6, 0.65, 0.7, 0.75, 0.8, 0.85, 0.9]
[03:10:31] 开始监督排序训练: epochs=5 | batch_size=32 | loss=one_vs_default_coupled_switch_rank | hard_alpha=2.0 | prior=none | switch_scale=1.0 | select_by=gain_vs_single_best_per_problem
[03:10:48] epoch=1 | step=20 | batch=20/22 | loss=1.318321 | mean_loss=1.368884 | mean_sample_weight=12.6527 | mean_hardness=0.250000
[03:10:48]     gate_loss=0.674176 | rank_loss=0.644146 | mean_switch_prob=0.522486 | rank_pairs=30
[03:10:48] epoch=1 | step=22 | batch=22/22 | loss=1.336235 | mean_loss=1.365939 | mean_sample_weight=10.2022 | mean_hardness=0.357143
[03:10:48]     gate_loss=0.687884 | rank_loss=0.648351 | mean_switch_prob=0.522765 | rank_pairs=44
[03:10:48] 完成 epoch 1/5 | train_mean_loss=1.365939 | pair_count=932 | mean_epoch_sample_weight=9.6118
[03:10:48] checkpoint 已保存: 2l2r/outputs/2026-04-02_ovd_coupled_switchrank_smoke_500/checkpoints/epoch_0001.pt
[03:10:49] val switch 阈值搜索完成 | cvrp=0.6000 | tsp=0.5000
[03:10:49] epoch=1 | val | tsp_cost=7.736413 | cvrp_cost=16.259549 | gain_vs_sbp_macro=+0.000000
[03:10:49] 发现新的 best val | metric=gain_vs_single_best_per_problem | selection_score=0.000000 | overall_mean_cost=11.997981 | checkpoint=2l2r/outputs/2026-04-02_ovd_coupled_switchrank_smoke_500/checkpoints/best.pt
[03:10:54] epoch=2 | step=42 | batch=20/22 | loss=1.200257 | mean_loss=1.302792 | mean_sample_weight=7.3930 | mean_hardness=0.406250
[03:10:54]     gate_loss=0.689266 | rank_loss=0.510991 | mean_switch_prob=0.537403 | rank_pairs=52
[03:10:55] epoch=2 | step=44 | batch=22/22 | loss=1.288342 | mean_loss=1.300307 | mean_sample_weight=11.0538 | mean_hardness=0.285714
[03:10:55]     gate_loss=0.686802 | rank_loss=0.601540 | mean_switch_prob=0.532420 | rank_pairs=33
[03:10:55] 完成 epoch 2/5 | train_mean_loss=1.300307 | pair_count=932 | mean_epoch_sample_weight=9.6118
[03:10:55] checkpoint 已保存: 2l2r/outputs/2026-04-02_ovd_coupled_switchrank_smoke_500/checkpoints/epoch_0002.pt
[03:10:55] val switch 阈值搜索完成 | cvrp=0.6000 | tsp=0.5000
[03:10:55] epoch=2 | val | tsp_cost=7.736413 | cvrp_cost=16.259549 | gain_vs_sbp_macro=+0.000000
[03:10:55] val 未提升 | metric=gain_vs_single_best_per_problem | best_selection_score=0.000000 | current_selection_score=0.000000 | best_cost=11.997981 | current_cost=11.997981 | patience=1/5
[03:11:06] epoch=3 | step=64 | batch=20/22 | loss=1.289350 | mean_loss=1.195983 | mean_sample_weight=9.1343 | mean_hardness=0.281250
[03:11:06]     gate_loss=0.663339 | rank_loss=0.626011 | mean_switch_prob=0.550593 | rank_pairs=30
[03:11:08] epoch=3 | step=66 | batch=22/22 | loss=1.030188 | mean_loss=1.205504 | mean_sample_weight=8.4404 | mean_hardness=0.214286
[03:11:08]     gate_loss=0.717777 | rank_loss=0.312411 | mean_switch_prob=0.543762 | rank_pairs=27
[03:11:08] 完成 epoch 3/5 | train_mean_loss=1.205504 | pair_count=932 | mean_epoch_sample_weight=9.6118
[03:11:08] checkpoint 已保存: 2l2r/outputs/2026-04-02_ovd_coupled_switchrank_smoke_500/checkpoints/epoch_0003.pt
[03:11:10] val switch 阈值搜索完成 | cvrp=0.6000 | tsp=0.5000
[03:11:10] epoch=3 | val | tsp_cost=7.736413 | cvrp_cost=16.259549 | gain_vs_sbp_macro=+0.000000
[03:11:10] val 未提升 | metric=gain_vs_single_best_per_problem | best_selection_score=0.000000 | current_selection_score=0.000000 | best_cost=11.997981 | current_cost=11.997981 | patience=2/5
[03:11:26] epoch=4 | step=86 | batch=20/22 | loss=1.678552 | mean_loss=1.141185 | mean_sample_weight=7.0206 | mean_hardness=0.343750
[03:11:26]     gate_loss=0.693845 | rank_loss=0.984707 | mean_switch_prob=0.567405 | rank_pairs=41
[03:11:28] epoch=4 | step=88 | batch=22/22 | loss=0.923991 | mean_loss=1.146001 | mean_sample_weight=7.6033 | mean_hardness=0.285714
[03:11:28]     gate_loss=0.688575 | rank_loss=0.235416 | mean_switch_prob=0.563245 | rank_pairs=36
[03:11:28] 完成 epoch 4/5 | train_mean_loss=1.146001 | pair_count=932 | mean_epoch_sample_weight=9.6118
[03:11:28] checkpoint 已保存: 2l2r/outputs/2026-04-02_ovd_coupled_switchrank_smoke_500/checkpoints/epoch_0004.pt
[03:11:30] val switch 阈值搜索完成 | cvrp=0.6500 | tsp=0.5500
[03:11:30] epoch=4 | val | tsp_cost=7.736413 | cvrp_cost=16.259549 | gain_vs_sbp_macro=+0.000000
[03:11:30] val 未提升 | metric=gain_vs_single_best_per_problem | best_selection_score=0.000000 | current_selection_score=0.000000 | best_cost=11.997981 | current_cost=11.997981 | patience=3/5
[03:11:46] epoch=5 | step=108 | batch=20/22 | loss=0.960633 | mean_loss=1.152474 | mean_sample_weight=10.7427 | mean_hardness=0.406250
[03:11:46]     gate_loss=0.658252 | rank_loss=0.302381 | mean_switch_prob=0.564994 | rank_pairs=63
[03:11:48] epoch=5 | step=110 | batch=22/22 | loss=0.931321 | mean_loss=1.129081 | mean_sample_weight=17.6777 | mean_hardness=0.321429
[03:11:48]     gate_loss=0.682424 | rank_loss=0.248897 | mean_switch_prob=0.573027 | rank_pairs=44
[03:11:48] 完成 epoch 5/5 | train_mean_loss=1.129081 | pair_count=932 | mean_epoch_sample_weight=9.6118
[03:11:48] checkpoint 已保存: 2l2r/outputs/2026-04-02_ovd_coupled_switchrank_smoke_500/checkpoints/epoch_0005.pt
[03:11:50] val switch 阈值搜索完成 | cvrp=0.6500 | tsp=0.5500
[03:11:50] epoch=5 | val | tsp_cost=7.736413 | cvrp_cost=16.259549 | gain_vs_sbp_macro=+0.000000
[03:11:50] val 未提升 | metric=gain_vs_single_best_per_problem | best_selection_score=0.000000 | current_selection_score=0.000000 | best_cost=11.997981 | current_cost=11.997981 | patience=4/5
[03:11:51] 最终 checkpoint 已保存: 2l2r/outputs/2026-04-02_ovd_coupled_switchrank_smoke_500/checkpoints/final.pt
[03:11:51] 载入 best checkpoint 做最终评测: 2l2r/outputs/2026-04-02_ovd_coupled_switchrank_smoke_500/checkpoints/best.pt
[03:11:54] 最终评测前重新用 val 搜索 switch threshold | cvrp=0.6000 | tsp=0.5000
[03:11:54] 在 val 集上评测 (150 实例)...
[03:11:56]     已评测 150/150...
[03:11:56] val 评测完成 | mean_reward=0.840909 | top1_accuracy=0.320000 | mean_regret=0.037717 | mean_cost=11.997981
[03:11:56] 在 test 集上评测 (150 实例)...
[03:11:56]     已评测 150/150...
[03:11:56] test 评测完成 | mean_reward=0.833896 | top1_accuracy=0.306667 | mean_regret=0.047333 | mean_cost=11.752519
[03:11:56] 开始计算 baseline 对比
[03:11:56] baseline 对比完成
[03:11:56] 
======================================================================
  评测结果 | OneVsDefaultCoupledSwitchRanker
======================================================================

  ALL (150 实例):
    mean_reward:    0.8339
    mean_rank:      2.50
    top1_hit_rate:    0.2667  (40/150)
    top2_hit_rate:    0.5667  (85/150)
    top3_hit_rate:    0.7267  (109/150)
    regret:         0.0473
    mean_cost:      11.7525  (模型选择)
    oracle_cost:    11.7052  (每个实例选最好的)

  TSP (75 实例):
    mean_reward:    0.8297
    mean_rank:      2.87
    top1_hit_rate:    0.1467  (11/75)
    top2_hit_rate:    0.4800  (36/75)
    top3_hit_rate:    0.6267  (47/75)
    regret:         0.0133
    mean_cost:      7.8054  (模型选择)
    oracle_cost:    7.7920  (每个实例选最好的)

  CVRP (75 实例):
    mean_reward:    0.8381
    mean_rank:      2.13
    top1_hit_rate:    0.3867  (29/75)
    top2_hit_rate:    0.6533  (49/75)
    top3_hit_rate:    0.8267  (62/75)
    regret:         0.0813
    mean_cost:      15.6997  (模型选择)
    oracle_cost:    15.6183  (每个实例选最好的)

======================================================================
  Baseline 对比 (在同一 test 集上)
======================================================================

  TSP (75 实例):
    oracle mean_cost:                7.7920  (每实例选最好的, 上界)
    模型选择 mean_cost:              7.8054
    single_best_per_problem:         7.8054
    gain vs single_best_per_problem: +0.0000
    single_best_global:              7.8007
    random mean_cost:                10.7566  (均匀随机的期望)

  CVRP (75 实例):
    oracle mean_cost:                15.6183  (每实例选最好的, 上界)
    模型选择 mean_cost:              15.6997
    single_best_per_problem:         15.6997
    gain vs single_best_per_problem: +0.0000
    single_best_global:              15.6997
    random mean_cost:                18.3355  (均匀随机的期望)

======================================================================
  各臂选择分布
======================================================================

  TSP (75 实例):
     3(icam            ):    75 次 (100.0%)

  CVRP (75 实例):
     0(lehd            ):    75 次 (100.0%)

  ALL (150 实例):
     0(lehd            ):    75 次 ( 50.0%)
     3(icam            ):    75 次 ( 50.0%)

======================================================================
  各臂被选后的真实效果
======================================================================

  TSP:
    arm                   count  mean_cost  mean_reward  top1_rate  mean_rank
    ────────────────────────────────────────────────────────────────────
     3(icam            )       75     7.8054       0.8297     0.1467       2.87

  CVRP:
    arm                   count  mean_cost  mean_reward  top1_rate  mean_rank
    ────────────────────────────────────────────────────────────────────
     0(lehd            )       75    15.6997       0.8381     0.3867       2.13

======================================================================
  Oracle 最优臂分布 (test 集上哪个方法最常是最优的)
======================================================================

  TSP (75 实例):
     0(lehd            ):    28 次 ( 37.3%)
     8(pointerformer   ):    21 次 ( 28.0%)
     3(icam            ):    17 次 ( 22.7%)
     1(elg             ):     7 次 (  9.3%)
     9(difusco         ):     2 次 (  2.7%)

  CVRP (75 实例):
     0(lehd            ):    29 次 ( 38.7%)
     3(icam            ):    27 次 ( 36.0%)
     1(elg             ):    16 次 ( 21.3%)
     7(omni            ):     3 次 (  4.0%)

[03:11:56] summary 已写出: 2l2r/outputs/2026-04-02_ovd_coupled_switchrank_smoke_500/summary.json

