[R58 command] /public/home/shiys/miniconda3/envs/easynco/bin/python -u -m code.V4.r58_labels --root /public/home/shiys/0selection2/code/V4/runs/R58_unified_scenario --stage probe --problem TSP --solver BQ
[R58 preflight] TSP/BQ returncode=0
[R58 command] /public/home/shiys/miniconda3/envs/easynco/bin/python -u -m code.V4.r58_labels --root /public/home/shiys/0selection2/code/V4/runs/R58_unified_scenario --stage probe --problem TSP --solver DIFUSCO
[R58 preflight] TSP/DIFUSCO returncode=0
[R58 command] /public/home/shiys/miniconda3/envs/easynco/bin/python -u -m code.V4.r58_labels --root /public/home/shiys/0selection2/code/V4/runs/R58_unified_scenario --stage probe --problem TSP --solver DIFUSCO500
[R58 preflight] TSP/DIFUSCO500 returncode=0
[R58 command] /public/home/shiys/miniconda3/envs/easynco/bin/python -u -m code.V4.r58_labels --root /public/home/shiys/0selection2/code/V4/runs/R58_unified_scenario --stage probe --problem TSP --solver ELG
[R58 preflight] TSP/ELG returncode=0
[R58 command] /public/home/shiys/miniconda3/envs/easynco/bin/python -u -m code.V4.r58_labels --root /public/home/shiys/0selection2/code/V4/runs/R58_unified_scenario --stage probe --problem TSP --solver LEHD
[R58 preflight] TSP/LEHD returncode=0
[R58 command] /public/home/shiys/miniconda3/envs/easynco/bin/python -u -m code.V4.r58_labels --root /public/home/shiys/0selection2/code/V4/runs/R58_unified_scenario --stage probe --problem TSP --solver OMNI
[R58 preflight] TSP/OMNI returncode=0
[R58 command] /public/home/shiys/miniconda3/envs/easynco/bin/python -u -m code.V4.r58_labels --root /public/home/shiys/0selection2/code/V4/runs/R58_unified_scenario --stage probe --problem TSP --solver T2T
[R58 preflight] TSP/T2T returncode=0
[R58 command] /public/home/shiys/miniconda3/envs/easynco/bin/python -u -m code.V4.r58_labels --root /public/home/shiys/0selection2/code/V4/runs/R58_unified_scenario --stage probe --problem TSP --solver T2T500
[R58 preflight] TSP/T2T500 returncode=0
[R58 command] /public/home/shiys/miniconda3/envs/easynco/bin/python -u -m code.V4.r58_labels --root /public/home/shiys/0selection2/code/V4/runs/R58_unified_scenario --stage probe --problem CVRP --solver BQ
[R58 preflight] CVRP/BQ returncode=0
[R58 command] /public/home/shiys/miniconda3/envs/easynco/bin/python -u -m code.V4.r58_labels --root /public/home/shiys/0selection2/code/V4/runs/R58_unified_scenario --stage probe --problem CVRP --solver ELG
[R58 preflight] CVRP/ELG returncode=0
[R58 command] /public/home/shiys/miniconda3/envs/easynco/bin/python -u -m code.V4.r58_labels --root /public/home/shiys/0selection2/code/V4/runs/R58_unified_scenario --stage probe --problem CVRP --solver ICAM
[R58 preflight] CVRP/ICAM returncode=0
[R58 command] /public/home/shiys/miniconda3/envs/easynco/bin/python -u -m code.V4.r58_labels --root /public/home/shiys/0selection2/code/V4/runs/R58_unified_scenario --stage probe --problem CVRP --solver LEHD
[R58 preflight] CVRP/LEHD returncode=0
[R58 command] /public/home/shiys/miniconda3/envs/easynco/bin/python -u -m code.V4.r58_labels --root /public/home/shiys/0selection2/code/V4/runs/R58_unified_scenario --stage probe --problem CVRP --solver MVMOE
[R58 preflight] CVRP/MVMOE returncode=0
[R58 command] /public/home/shiys/miniconda3/envs/easynco/bin/python -u -m code.V4.r58_labels --root /public/home/shiys/0selection2/code/V4/runs/R58_unified_scenario --stage probe --problem CVRP --solver MoSES_CaDA
[R58 preflight] CVRP/MoSES_CaDA returncode=0
[R58 command] /public/home/shiys/miniconda3/envs/easynco/bin/python -u -m code.V4.r58_labels --root /public/home/shiys/0selection2/code/V4/runs/R58_unified_scenario --stage probe --problem CVRP --solver MoSES_RF
[R58 preflight] CVRP/MoSES_RF returncode=0
[R58 command] /public/home/shiys/miniconda3/envs/easynco/bin/python -u -m code.V4.r58_labels --root /public/home/shiys/0selection2/code/V4/runs/R58_unified_scenario --stage probe --problem CVRP --solver OMNI
[R58 preflight] CVRP/OMNI returncode=0
[R58 command] /public/home/shiys/miniconda3/envs/easynco/bin/python -u -m code.V4.r58_labels --root /public/home/shiys/0selection2/code/V4/runs/R58_unified_scenario --stage probe --problem CVRP --solver RELD_CVRP
[R58 preflight] CVRP/RELD_CVRP returncode=0
[R58 command] /public/home/shiys/miniconda3/envs/easynco/bin/python -u -m code.V4.r58_labels --root /public/home/shiys/0selection2/code/V4/runs/R58_unified_scenario --stage probe --problem CVRP --solver RouteFinder
[R58 preflight] CVRP/RouteFinder returncode=0
[R58 command] /public/home/shiys/miniconda3/envs/easynco/bin/python -u -m code.V4.r58_labels --root /public/home/shiys/0selection2/code/V4/runs/R58_unified_scenario --stage probe --problem ATSP --solver GLOP
[R58 preflight] ATSP/GLOP returncode=0
[R58 command] /public/home/shiys/miniconda3/envs/easynco/bin/python -u -m code.V4.r58_labels --root /public/home/shiys/0selection2/code/V4/runs/R58_unified_scenario --stage probe --problem ATSP --solver ICAM_ATSP
[R58 preflight] ATSP/ICAM_ATSP returncode=0
[R58 command] /public/home/shiys/miniconda3/envs/easynco/bin/python -u -m code.V4.r58_labels --root /public/home/shiys/0selection2/code/V4/runs/R58_unified_scenario --stage probe --problem ATSP --solver MATNET
[R58 preflight] ATSP/MATNET returncode=0
[R58 command] /public/home/shiys/miniconda3/envs/easynco/bin/python -u -m code.V4.r58_labels --root /public/home/shiys/0selection2/code/V4/runs/R58_unified_scenario --stage probe --problem ATSP --solver MATPOENET
[R58 preflight] ATSP/MATPOENET returncode=0
[R58 command] /public/home/shiys/miniconda3/envs/easynco/bin/python -u -m code.V4.r58_labels --root /public/home/shiys/0selection2/code/V4/runs/R58_unified_scenario --stage probe --problem ATSP --solver UNICO_MatPOENet
[R58 preflight] ATSP/UNICO_MatPOENet returncode=0
[R58 command] /public/home/shiys/miniconda3/envs/easynco/bin/python -u -m code.V4.r58_labels --root /public/home/shiys/0selection2/code/V4/runs/R58_unified_scenario --stage probe --problem OVRP --solver MTPOMO
[R58 preflight] OVRP/MTPOMO returncode=0
[R58 command] /public/home/shiys/miniconda3/envs/easynco/bin/python -u -m code.V4.r58_labels --root /public/home/shiys/0selection2/code/V4/runs/R58_unified_scenario --stage probe --problem OVRP --solver MVMOE
[R58 preflight] OVRP/MVMOE returncode=0
[R58 command] /public/home/shiys/miniconda3/envs/easynco/bin/python -u -m code.V4.r58_labels --root /public/home/shiys/0selection2/code/V4/runs/R58_unified_scenario --stage probe --problem OVRP --solver MoSES_CaDA
[R58 preflight] OVRP/MoSES_CaDA returncode=0
[R58 command] /public/home/shiys/miniconda3/envs/easynco/bin/python -u -m code.V4.r58_labels --root /public/home/shiys/0selection2/code/V4/runs/R58_unified_scenario --stage probe --problem OVRP --solver MoSES_RF
[R58 preflight] OVRP/MoSES_RF returncode=0
[R58 command] /public/home/shiys/miniconda3/envs/easynco/bin/python -u -m code.V4.r58_labels --root /public/home/shiys/0selection2/code/V4/runs/R58_unified_scenario --stage probe --problem OVRP --solver RELD_MOEL
[R58 preflight] OVRP/RELD_MOEL returncode=0
[R58 command] /public/home/shiys/miniconda3/envs/easynco/bin/python -u -m code.V4.r58_labels --root /public/home/shiys/0selection2/code/V4/runs/R58_unified_scenario --stage probe --problem OVRP --solver RELD_MTL
[R58 preflight] OVRP/RELD_MTL returncode=0
[R58 command] /public/home/shiys/miniconda3/envs/easynco/bin/python -u -m code.V4.r58_labels --root /public/home/shiys/0selection2/code/V4/runs/R58_unified_scenario --stage probe --problem OVRP --solver RouteFinder
[R58 preflight] OVRP/RouteFinder returncode=0
[R58 command] /public/home/shiys/miniconda3/envs/easynco/bin/python -u -m code.V4.r58_labels --root /public/home/shiys/0selection2/code/V4/runs/R58_unified_scenario --stage probe --problem VRPB --solver MTPOMO
[R58 preflight] VRPB/MTPOMO returncode=0
[R58 command] /public/home/shiys/miniconda3/envs/easynco/bin/python -u -m code.V4.r58_labels --root /public/home/shiys/0selection2/code/V4/runs/R58_unified_scenario --stage probe --problem VRPB --solver MVMOE
[R58 preflight] VRPB/MVMOE returncode=0
[R58 command] /public/home/shiys/miniconda3/envs/easynco/bin/python -u -m code.V4.r58_labels --root /public/home/shiys/0selection2/code/V4/runs/R58_unified_scenario --stage probe --problem VRPB --solver MoSES_CaDA
[R58 preflight] VRPB/MoSES_CaDA returncode=0
[R58 command] /public/home/shiys/miniconda3/envs/easynco/bin/python -u -m code.V4.r58_labels --root /public/home/shiys/0selection2/code/V4/runs/R58_unified_scenario --stage probe --problem VRPB --solver MoSES_RF
[R58 preflight] VRPB/MoSES_RF returncode=0
[R58 command] /public/home/shiys/miniconda3/envs/easynco/bin/python -u -m code.V4.r58_labels --root /public/home/shiys/0selection2/code/V4/runs/R58_unified_scenario --stage probe --problem VRPB --solver RELD_MOEL
[R58 preflight] VRPB/RELD_MOEL returncode=0
[R58 command] /public/home/shiys/miniconda3/envs/easynco/bin/python -u -m code.V4.r58_labels --root /public/home/shiys/0selection2/code/V4/runs/R58_unified_scenario --stage probe --problem VRPB --solver RELD_MTL
[R58 preflight] VRPB/RELD_MTL returncode=0
[R58 command] /public/home/shiys/miniconda3/envs/easynco/bin/python -u -m code.V4.r58_labels --root /public/home/shiys/0selection2/code/V4/runs/R58_unified_scenario --stage probe --problem VRPB --solver RouteFinder
[R58 preflight] VRPB/RouteFinder returncode=0
[R58 command] /public/home/shiys/miniconda3/envs/easynco/bin/python -u -m code.V4.r58_labels --root /public/home/shiys/0selection2/code/V4/runs/R58_unified_scenario --stage probe --problem VRPL --solver MTPOMO
[R58 preflight] VRPL/MTPOMO returncode=0
[R58 command] /public/home/shiys/miniconda3/envs/easynco/bin/python -u -m code.V4.r58_labels --root /public/home/shiys/0selection2/code/V4/runs/R58_unified_scenario --stage probe --problem VRPL --solver MVMOE
[R58 preflight] VRPL/MVMOE returncode=0
[R58 command] /public/home/shiys/miniconda3/envs/easynco/bin/python -u -m code.V4.r58_labels --root /public/home/shiys/0selection2/code/V4/runs/R58_unified_scenario --stage probe --problem VRPL --solver MoSES_CaDA
[R58 preflight] VRPL/MoSES_CaDA returncode=0
[R58 command] /public/home/shiys/miniconda3/envs/easynco/bin/python -u -m code.V4.r58_labels --root /public/home/shiys/0selection2/code/V4/runs/R58_unified_scenario --stage probe --problem VRPL --solver MoSES_RF
[R58 preflight] VRPL/MoSES_RF returncode=0
[R58 command] /public/home/shiys/miniconda3/envs/easynco/bin/python -u -m code.V4.r58_labels --root /public/home/shiys/0selection2/code/V4/runs/R58_unified_scenario --stage probe --problem VRPL --solver RELD_MOEL
[R58 preflight] VRPL/RELD_MOEL returncode=0
[R58 command] /public/home/shiys/miniconda3/envs/easynco/bin/python -u -m code.V4.r58_labels --root /public/home/shiys/0selection2/code/V4/runs/R58_unified_scenario --stage probe --problem VRPL --solver RELD_MTL
[R58 preflight] VRPL/RELD_MTL returncode=0
[R58 command] /public/home/shiys/miniconda3/envs/easynco/bin/python -u -m code.V4.r58_labels --root /public/home/shiys/0selection2/code/V4/runs/R58_unified_scenario --stage probe --problem VRPL --solver RouteFinder
[R58 preflight] VRPL/RouteFinder returncode=0
[R58 command] /public/home/shiys/miniconda3/envs/easynco/bin/python -u -m code.V4.r58_labels --root /public/home/shiys/0selection2/code/V4/runs/R58_unified_scenario --stage probe --problem VRPTW --solver MTPOMO
[R58 preflight] VRPTW/MTPOMO returncode=0
[R58 command] /public/home/shiys/miniconda3/envs/easynco/bin/python -u -m code.V4.r58_labels --root /public/home/shiys/0selection2/code/V4/runs/R58_unified_scenario --stage probe --problem VRPTW --solver MVMOE
[R58 preflight] VRPTW/MVMOE returncode=0
[R58 command] /public/home/shiys/miniconda3/envs/easynco/bin/python -u -m code.V4.r58_labels --root /public/home/shiys/0selection2/code/V4/runs/R58_unified_scenario --stage probe --problem VRPTW --solver MoSES_CaDA
[R58 preflight] VRPTW/MoSES_CaDA returncode=0
[R58 command] /public/home/shiys/miniconda3/envs/easynco/bin/python -u -m code.V4.r58_labels --root /public/home/shiys/0selection2/code/V4/runs/R58_unified_scenario --stage probe --problem VRPTW --solver MoSES_RF
[R58 preflight] VRPTW/MoSES_RF returncode=0
[R58 command] /public/home/shiys/miniconda3/envs/easynco/bin/python -u -m code.V4.r58_labels --root /public/home/shiys/0selection2/code/V4/runs/R58_unified_scenario --stage probe --problem VRPTW --solver RELD_MOEL
[R58 preflight] VRPTW/RELD_MOEL returncode=0
[R58 command] /public/home/shiys/miniconda3/envs/easynco/bin/python -u -m code.V4.r58_labels --root /public/home/shiys/0selection2/code/V4/runs/R58_unified_scenario --stage probe --problem VRPTW --solver RELD_MTL
[R58 preflight] VRPTW/RELD_MTL returncode=0
[R58 command] /public/home/shiys/miniconda3/envs/easynco/bin/python -u -m code.V4.r58_labels --root /public/home/shiys/0selection2/code/V4/runs/R58_unified_scenario --stage probe --problem VRPTW --solver RouteFinder
[R58 preflight] VRPTW/RouteFinder returncode=0
[R58 command] /public/home/shiys/miniconda3/envs/easynco/bin/python -u -m code.V4.r58_labels --root /public/home/shiys/0selection2/code/V4/runs/R58_unified_scenario --stage probe --problem OVRPTW --solver MTPOMO
[R58 preflight] OVRPTW/MTPOMO returncode=0
[R58 command] /public/home/shiys/miniconda3/envs/easynco/bin/python -u -m code.V4.r58_labels --root /public/home/shiys/0selection2/code/V4/runs/R58_unified_scenario --stage probe --problem OVRPTW --solver MVMOE
[R58 preflight] OVRPTW/MVMOE returncode=0
[R58 command] /public/home/shiys/miniconda3/envs/easynco/bin/python -u -m code.V4.r58_labels --root /public/home/shiys/0selection2/code/V4/runs/R58_unified_scenario --stage probe --problem OVRPTW --solver MoSES_CaDA
[R58 preflight] OVRPTW/MoSES_CaDA returncode=0
[R58 command] /public/home/shiys/miniconda3/envs/easynco/bin/python -u -m code.V4.r58_labels --root /public/home/shiys/0selection2/code/V4/runs/R58_unified_scenario --stage probe --problem OVRPTW --solver MoSES_RF
[R58 preflight] OVRPTW/MoSES_RF returncode=0
[R58 command] /public/home/shiys/miniconda3/envs/easynco/bin/python -u -m code.V4.r58_labels --root /public/home/shiys/0selection2/code/V4/runs/R58_unified_scenario --stage probe --problem OVRPTW --solver RELD_MOEL
[R58 preflight] OVRPTW/RELD_MOEL returncode=0
[R58 command] /public/home/shiys/miniconda3/envs/easynco/bin/python -u -m code.V4.r58_labels --root /public/home/shiys/0selection2/code/V4/runs/R58_unified_scenario --stage probe --problem OVRPTW --solver RELD_MTL
[R58 preflight] OVRPTW/RELD_MTL returncode=0
[R58 command] /public/home/shiys/miniconda3/envs/easynco/bin/python -u -m code.V4.r58_labels --root /public/home/shiys/0selection2/code/V4/runs/R58_unified_scenario --stage probe --problem OVRPTW --solver RouteFinder
[R58 preflight] OVRPTW/RouteFinder returncode=0
[R58 command] /public/home/shiys/miniconda3/envs/easynco/bin/python -u -m code.V4.r58_labels --root /public/home/shiys/0selection2/code/V4/runs/R58_unified_scenario --stage probe --problem OVRPB --solver MTPOMO
[R58 preflight] OVRPB/MTPOMO returncode=0
[R58 command] /public/home/shiys/miniconda3/envs/easynco/bin/python -u -m code.V4.r58_labels --root /public/home/shiys/0selection2/code/V4/runs/R58_unified_scenario --stage probe --problem OVRPB --solver MVMOE
[R58 preflight] OVRPB/MVMOE returncode=0
[R58 command] /public/home/shiys/miniconda3/envs/easynco/bin/python -u -m code.V4.r58_labels --root /public/home/shiys/0selection2/code/V4/runs/R58_unified_scenario --stage probe --problem OVRPB --solver MoSES_CaDA
[R58 preflight] OVRPB/MoSES_CaDA returncode=0
[R58 command] /public/home/shiys/miniconda3/envs/easynco/bin/python -u -m code.V4.r58_labels --root /public/home/shiys/0selection2/code/V4/runs/R58_unified_scenario --stage probe --problem OVRPB --solver MoSES_RF
[R58 preflight] OVRPB/MoSES_RF returncode=0
[R58 command] /public/home/shiys/miniconda3/envs/easynco/bin/python -u -m code.V4.r58_labels --root /public/home/shiys/0selection2/code/V4/runs/R58_unified_scenario --stage probe --problem OVRPB --solver RELD_MOEL
[R58 preflight] OVRPB/RELD_MOEL returncode=0
[R58 command] /public/home/shiys/miniconda3/envs/easynco/bin/python -u -m code.V4.r58_labels --root /public/home/shiys/0selection2/code/V4/runs/R58_unified_scenario --stage probe --problem OVRPB --solver RELD_MTL
[R58 preflight] OVRPB/RELD_MTL returncode=0
[R58 command] /public/home/shiys/miniconda3/envs/easynco/bin/python -u -m code.V4.r58_labels --root /public/home/shiys/0selection2/code/V4/runs/R58_unified_scenario --stage probe --problem OVRPB --solver RouteFinder
[R58 preflight] OVRPB/RouteFinder returncode=0
[R58 command] /public/home/shiys/miniconda3/envs/easynco/bin/python -u -m code.V4.r58_labels --root /public/home/shiys/0selection2/code/V4/runs/R58_unified_scenario --stage probe --problem OVRPL --solver MTPOMO
[R58 preflight] OVRPL/MTPOMO returncode=0
[R58 command] /public/home/shiys/miniconda3/envs/easynco/bin/python -u -m code.V4.r58_labels --root /public/home/shiys/0selection2/code/V4/runs/R58_unified_scenario --stage probe --problem OVRPL --solver MVMOE
[R58 preflight] OVRPL/MVMOE returncode=0
[R58 command] /public/home/shiys/miniconda3/envs/easynco/bin/python -u -m code.V4.r58_labels --root /public/home/shiys/0selection2/code/V4/runs/R58_unified_scenario --stage probe --problem OVRPL --solver MoSES_CaDA
[R58 preflight] OVRPL/MoSES_CaDA returncode=0
[R58 command] /public/home/shiys/miniconda3/envs/easynco/bin/python -u -m code.V4.r58_labels --root /public/home/shiys/0selection2/code/V4/runs/R58_unified_scenario --stage probe --problem OVRPL --solver MoSES_RF
[R58 preflight] OVRPL/MoSES_RF returncode=0
[R58 command] /public/home/shiys/miniconda3/envs/easynco/bin/python -u -m code.V4.r58_labels --root /public/home/shiys/0selection2/code/V4/runs/R58_unified_scenario --stage probe --problem OVRPL --solver RELD_MOEL
[R58 preflight] OVRPL/RELD_MOEL returncode=0
[R58 command] /public/home/shiys/miniconda3/envs/easynco/bin/python -u -m code.V4.r58_labels --root /public/home/shiys/0selection2/code/V4/runs/R58_unified_scenario --stage probe --problem OVRPL --solver RELD_MTL
[R58 preflight] OVRPL/RELD_MTL returncode=0
[R58 command] /public/home/shiys/miniconda3/envs/easynco/bin/python -u -m code.V4.r58_labels --root /public/home/shiys/0selection2/code/V4/runs/R58_unified_scenario --stage probe --problem OVRPL --solver RouteFinder
[R58 preflight] OVRPL/RouteFinder returncode=0
[R58 command] /public/home/shiys/miniconda3/envs/easynco/bin/python -u -m code.V4.r58_labels --root /public/home/shiys/0selection2/code/V4/runs/R58_unified_scenario --stage probe --problem VRPBL --solver MTPOMO
[R58 preflight] VRPBL/MTPOMO returncode=0
[R58 command] /public/home/shiys/miniconda3/envs/easynco/bin/python -u -m code.V4.r58_labels --root /public/home/shiys/0selection2/code/V4/runs/R58_unified_scenario --stage probe --problem VRPBL --solver MVMOE
[R58 preflight] VRPBL/MVMOE returncode=0
[R58 command] /public/home/shiys/miniconda3/envs/easynco/bin/python -u -m code.V4.r58_labels --root /public/home/shiys/0selection2/code/V4/runs/R58_unified_scenario --stage probe --problem VRPBL --solver MoSES_CaDA
[R58 preflight] VRPBL/MoSES_CaDA returncode=0
[R58 command] /public/home/shiys/miniconda3/envs/easynco/bin/python -u -m code.V4.r58_labels --root /public/home/shiys/0selection2/code/V4/runs/R58_unified_scenario --stage probe --problem VRPBL --solver MoSES_RF
[R58 preflight] VRPBL/MoSES_RF returncode=0
[R58 command] /public/home/shiys/miniconda3/envs/easynco/bin/python -u -m code.V4.r58_labels --root /public/home/shiys/0selection2/code/V4/runs/R58_unified_scenario --stage probe --problem VRPBL --solver RELD_MOEL
[R58 preflight] VRPBL/RELD_MOEL returncode=0
[R58 command] /public/home/shiys/miniconda3/envs/easynco/bin/python -u -m code.V4.r58_labels --root /public/home/shiys/0selection2/code/V4/runs/R58_unified_scenario --stage probe --problem VRPBL --solver RELD_MTL
[R58 preflight] VRPBL/RELD_MTL returncode=0
[R58 command] /public/home/shiys/miniconda3/envs/easynco/bin/python -u -m code.V4.r58_labels --root /public/home/shiys/0selection2/code/V4/runs/R58_unified_scenario --stage probe --problem VRPBL --solver RouteFinder
[R58 preflight] VRPBL/RouteFinder returncode=0
[R58 command] /public/home/shiys/miniconda3/envs/easynco/bin/python -u -m code.V4.r58_labels --root /public/home/shiys/0selection2/code/V4/runs/R58_unified_scenario --stage probe --problem VRPBTW --solver MTPOMO
[R58 preflight] VRPBTW/MTPOMO returncode=0
[R58 command] /public/home/shiys/miniconda3/envs/easynco/bin/python -u -m code.V4.r58_labels --root /public/home/shiys/0selection2/code/V4/runs/R58_unified_scenario --stage probe --problem VRPBTW --solver MVMOE
[R58 preflight] VRPBTW/MVMOE returncode=0
[R58 command] /public/home/shiys/miniconda3/envs/easynco/bin/python -u -m code.V4.r58_labels --root /public/home/shiys/0selection2/code/V4/runs/R58_unified_scenario --stage probe --problem VRPBTW --solver MoSES_CaDA
[R58 preflight] VRPBTW/MoSES_CaDA returncode=0
[R58 command] /public/home/shiys/miniconda3/envs/easynco/bin/python -u -m code.V4.r58_labels --root /public/home/shiys/0selection2/code/V4/runs/R58_unified_scenario --stage probe --problem VRPBTW --solver MoSES_RF
[R58 preflight] VRPBTW/MoSES_RF returncode=0
[R58 command] /public/home/shiys/miniconda3/envs/easynco/bin/python -u -m code.V4.r58_labels --root /public/home/shiys/0selection2/code/V4/runs/R58_unified_scenario --stage probe --problem VRPBTW --solver RELD_MOEL
[R58 preflight] VRPBTW/RELD_MOEL returncode=0
[R58 command] /public/home/shiys/miniconda3/envs/easynco/bin/python -u -m code.V4.r58_labels --root /public/home/shiys/0selection2/code/V4/runs/R58_unified_scenario --stage probe --problem VRPBTW --solver RELD_MTL
[R58 preflight] VRPBTW/RELD_MTL returncode=0
[R58 command] /public/home/shiys/miniconda3/envs/easynco/bin/python -u -m code.V4.r58_labels --root /public/home/shiys/0selection2/code/V4/runs/R58_unified_scenario --stage probe --problem VRPBTW --solver RouteFinder
[R58 preflight] VRPBTW/RouteFinder returncode=0
[R58 command] /public/home/shiys/miniconda3/envs/easynco/bin/python -u -m code.V4.r58_labels --root /public/home/shiys/0selection2/code/V4/runs/R58_unified_scenario --stage probe --problem VRPLTW --solver MTPOMO
[R58 preflight] VRPLTW/MTPOMO returncode=0
[R58 command] /public/home/shiys/miniconda3/envs/easynco/bin/python -u -m code.V4.r58_labels --root /public/home/shiys/0selection2/code/V4/runs/R58_unified_scenario --stage probe --problem VRPLTW --solver MVMOE
[R58 preflight] VRPLTW/MVMOE returncode=0
[R58 command] /public/home/shiys/miniconda3/envs/easynco/bin/python -u -m code.V4.r58_labels --root /public/home/shiys/0selection2/code/V4/runs/R58_unified_scenario --stage probe --problem VRPLTW --solver MoSES_CaDA
[R58 preflight] VRPLTW/MoSES_CaDA returncode=0
[R58 command] /public/home/shiys/miniconda3/envs/easynco/bin/python -u -m code.V4.r58_labels --root /public/home/shiys/0selection2/code/V4/runs/R58_unified_scenario --stage probe --problem VRPLTW --solver MoSES_RF
[R58 preflight] VRPLTW/MoSES_RF returncode=0
[R58 command] /public/home/shiys/miniconda3/envs/easynco/bin/python -u -m code.V4.r58_labels --root /public/home/shiys/0selection2/code/V4/runs/R58_unified_scenario --stage probe --problem VRPLTW --solver RELD_MOEL
[R58 preflight] VRPLTW/RELD_MOEL returncode=0
[R58 command] /public/home/shiys/miniconda3/envs/easynco/bin/python -u -m code.V4.r58_labels --root /public/home/shiys/0selection2/code/V4/runs/R58_unified_scenario --stage probe --problem VRPLTW --solver RELD_MTL
[R58 preflight] VRPLTW/RELD_MTL returncode=0
[R58 command] /public/home/shiys/miniconda3/envs/easynco/bin/python -u -m code.V4.r58_labels --root /public/home/shiys/0selection2/code/V4/runs/R58_unified_scenario --stage probe --problem VRPLTW --solver RouteFinder
[R58 preflight] VRPLTW/RouteFinder returncode=0
[R58 command] /public/home/shiys/miniconda3/envs/easynco/bin/python -u -m code.V4.r58_labels --root /public/home/shiys/0selection2/code/V4/runs/R58_unified_scenario --stage probe --problem OVRPBL --solver MTPOMO
[R58 preflight] OVRPBL/MTPOMO returncode=0
[R58 command] /public/home/shiys/miniconda3/envs/easynco/bin/python -u -m code.V4.r58_labels --root /public/home/shiys/0selection2/code/V4/runs/R58_unified_scenario --stage probe --problem OVRPBL --solver MVMOE
[R58 preflight] OVRPBL/MVMOE returncode=0
[R58 command] /public/home/shiys/miniconda3/envs/easynco/bin/python -u -m code.V4.r58_labels --root /public/home/shiys/0selection2/code/V4/runs/R58_unified_scenario --stage probe --problem OVRPBL --solver MoSES_CaDA
[R58 preflight] OVRPBL/MoSES_CaDA returncode=0
[R58 command] /public/home/shiys/miniconda3/envs/easynco/bin/python -u -m code.V4.r58_labels --root /public/home/shiys/0selection2/code/V4/runs/R58_unified_scenario --stage probe --problem OVRPBL --solver MoSES_RF
[R58 preflight] OVRPBL/MoSES_RF returncode=0
[R58 command] /public/home/shiys/miniconda3/envs/easynco/bin/python -u -m code.V4.r58_labels --root /public/home/shiys/0selection2/code/V4/runs/R58_unified_scenario --stage probe --problem OVRPBL --solver RELD_MOEL
[R58 preflight] OVRPBL/RELD_MOEL returncode=0
[R58 command] /public/home/shiys/miniconda3/envs/easynco/bin/python -u -m code.V4.r58_labels --root /public/home/shiys/0selection2/code/V4/runs/R58_unified_scenario --stage probe --problem OVRPBL --solver RELD_MTL
[R58 preflight] OVRPBL/RELD_MTL returncode=0
[R58 command] /public/home/shiys/miniconda3/envs/easynco/bin/python -u -m code.V4.r58_labels --root /public/home/shiys/0selection2/code/V4/runs/R58_unified_scenario --stage probe --problem OVRPBL --solver RouteFinder
[R58 preflight] OVRPBL/RouteFinder returncode=0
[R58 command] /public/home/shiys/miniconda3/envs/easynco/bin/python -u -m code.V4.r58_labels --root /public/home/shiys/0selection2/code/V4/runs/R58_unified_scenario --stage probe --problem OVRPBTW --solver MTPOMO
[R58 preflight] OVRPBTW/MTPOMO returncode=0
[R58 command] /public/home/shiys/miniconda3/envs/easynco/bin/python -u -m code.V4.r58_labels --root /public/home/shiys/0selection2/code/V4/runs/R58_unified_scenario --stage probe --problem OVRPBTW --solver MVMOE
[R58 preflight] OVRPBTW/MVMOE returncode=0
[R58 command] /public/home/shiys/miniconda3/envs/easynco/bin/python -u -m code.V4.r58_labels --root /public/home/shiys/0selection2/code/V4/runs/R58_unified_scenario --stage probe --problem OVRPBTW --solver MoSES_CaDA
[R58 preflight] OVRPBTW/MoSES_CaDA returncode=0
[R58 command] /public/home/shiys/miniconda3/envs/easynco/bin/python -u -m code.V4.r58_labels --root /public/home/shiys/0selection2/code/V4/runs/R58_unified_scenario --stage probe --problem OVRPBTW --solver MoSES_RF
[R58 preflight] OVRPBTW/MoSES_RF returncode=0
[R58 command] /public/home/shiys/miniconda3/envs/easynco/bin/python -u -m code.V4.r58_labels --root /public/home/shiys/0selection2/code/V4/runs/R58_unified_scenario --stage probe --problem OVRPBTW --solver RELD_MOEL
[R58 preflight] OVRPBTW/RELD_MOEL returncode=0
[R58 command] /public/home/shiys/miniconda3/envs/easynco/bin/python -u -m code.V4.r58_labels --root /public/home/shiys/0selection2/code/V4/runs/R58_unified_scenario --stage probe --problem OVRPBTW --solver RELD_MTL
[R58 preflight] OVRPBTW/RELD_MTL returncode=0
[R58 command] /public/home/shiys/miniconda3/envs/easynco/bin/python -u -m code.V4.r58_labels --root /public/home/shiys/0selection2/code/V4/runs/R58_unified_scenario --stage probe --problem OVRPBTW --solver RouteFinder
[R58 preflight] OVRPBTW/RouteFinder returncode=0
[R58 command] /public/home/shiys/miniconda3/envs/easynco/bin/python -u -m code.V4.r58_labels --root /public/home/shiys/0selection2/code/V4/runs/R58_unified_scenario --stage probe --problem OVRPLTW --solver MTPOMO
[R58 preflight] OVRPLTW/MTPOMO returncode=0
[R58 command] /public/home/shiys/miniconda3/envs/easynco/bin/python -u -m code.V4.r58_labels --root /public/home/shiys/0selection2/code/V4/runs/R58_unified_scenario --stage probe --problem OVRPLTW --solver MVMOE
[R58 preflight] OVRPLTW/MVMOE returncode=0
[R58 command] /public/home/shiys/miniconda3/envs/easynco/bin/python -u -m code.V4.r58_labels --root /public/home/shiys/0selection2/code/V4/runs/R58_unified_scenario --stage probe --problem OVRPLTW --solver MoSES_CaDA
[R58 preflight] OVRPLTW/MoSES_CaDA returncode=0
[R58 command] /public/home/shiys/miniconda3/envs/easynco/bin/python -u -m code.V4.r58_labels --root /public/home/shiys/0selection2/code/V4/runs/R58_unified_scenario --stage probe --problem OVRPLTW --solver MoSES_RF
[R58 preflight] OVRPLTW/MoSES_RF returncode=0
[R58 command] /public/home/shiys/miniconda3/envs/easynco/bin/python -u -m code.V4.r58_labels --root /public/home/shiys/0selection2/code/V4/runs/R58_unified_scenario --stage probe --problem OVRPLTW --solver RELD_MOEL
[R58 preflight] OVRPLTW/RELD_MOEL returncode=0
[R58 command] /public/home/shiys/miniconda3/envs/easynco/bin/python -u -m code.V4.r58_labels --root /public/home/shiys/0selection2/code/V4/runs/R58_unified_scenario --stage probe --problem OVRPLTW --solver RELD_MTL
[R58 preflight] OVRPLTW/RELD_MTL returncode=0
[R58 command] /public/home/shiys/miniconda3/envs/easynco/bin/python -u -m code.V4.r58_labels --root /public/home/shiys/0selection2/code/V4/runs/R58_unified_scenario --stage probe --problem OVRPLTW --solver RouteFinder
[R58 preflight] OVRPLTW/RouteFinder returncode=0
[R58 command] /public/home/shiys/miniconda3/envs/easynco/bin/python -u -m code.V4.r58_labels --root /public/home/shiys/0selection2/code/V4/runs/R58_unified_scenario --stage probe --problem VRPBLTW --solver MTPOMO
[R58 preflight] VRPBLTW/MTPOMO returncode=0
[R58 command] /public/home/shiys/miniconda3/envs/easynco/bin/python -u -m code.V4.r58_labels --root /public/home/shiys/0selection2/code/V4/runs/R58_unified_scenario --stage probe --problem VRPBLTW --solver MVMOE
[R58 preflight] VRPBLTW/MVMOE returncode=0
[R58 command] /public/home/shiys/miniconda3/envs/easynco/bin/python -u -m code.V4.r58_labels --root /public/home/shiys/0selection2/code/V4/runs/R58_unified_scenario --stage probe --problem VRPBLTW --solver MoSES_CaDA
[R58 preflight] VRPBLTW/MoSES_CaDA returncode=0
[R58 command] /public/home/shiys/miniconda3/envs/easynco/bin/python -u -m code.V4.r58_labels --root /public/home/shiys/0selection2/code/V4/runs/R58_unified_scenario --stage probe --problem VRPBLTW --solver MoSES_RF
[R58 preflight] VRPBLTW/MoSES_RF returncode=0
[R58 command] /public/home/shiys/miniconda3/envs/easynco/bin/python -u -m code.V4.r58_labels --root /public/home/shiys/0selection2/code/V4/runs/R58_unified_scenario --stage probe --problem VRPBLTW --solver RELD_MOEL
[R58 preflight] VRPBLTW/RELD_MOEL returncode=0
[R58 command] /public/home/shiys/miniconda3/envs/easynco/bin/python -u -m code.V4.r58_labels --root /public/home/shiys/0selection2/code/V4/runs/R58_unified_scenario --stage probe --problem VRPBLTW --solver RELD_MTL
[R58 preflight] VRPBLTW/RELD_MTL returncode=0
[R58 command] /public/home/shiys/miniconda3/envs/easynco/bin/python -u -m code.V4.r58_labels --root /public/home/shiys/0selection2/code/V4/runs/R58_unified_scenario --stage probe --problem VRPBLTW --solver RouteFinder
[R58 preflight] VRPBLTW/RouteFinder returncode=0
[R58 command] /public/home/shiys/miniconda3/envs/easynco/bin/python -u -m code.V4.r58_labels --root /public/home/shiys/0selection2/code/V4/runs/R58_unified_scenario --stage probe --problem OVRPBLTW --solver MTPOMO
[R58 preflight] OVRPBLTW/MTPOMO returncode=0
[R58 command] /public/home/shiys/miniconda3/envs/easynco/bin/python -u -m code.V4.r58_labels --root /public/home/shiys/0selection2/code/V4/runs/R58_unified_scenario --stage probe --problem OVRPBLTW --solver MVMOE
[R58 preflight] OVRPBLTW/MVMOE returncode=0
[R58 command] /public/home/shiys/miniconda3/envs/easynco/bin/python -u -m code.V4.r58_labels --root /public/home/shiys/0selection2/code/V4/runs/R58_unified_scenario --stage probe --problem OVRPBLTW --solver MoSES_CaDA
[R58 preflight] OVRPBLTW/MoSES_CaDA returncode=0
[R58 command] /public/home/shiys/miniconda3/envs/easynco/bin/python -u -m code.V4.r58_labels --root /public/home/shiys/0selection2/code/V4/runs/R58_unified_scenario --stage probe --problem OVRPBLTW --solver MoSES_RF
[R58 preflight] OVRPBLTW/MoSES_RF returncode=0
[R58 command] /public/home/shiys/miniconda3/envs/easynco/bin/python -u -m code.V4.r58_labels --root /public/home/shiys/0selection2/code/V4/runs/R58_unified_scenario --stage probe --problem OVRPBLTW --solver RELD_MOEL
[R58 preflight] OVRPBLTW/RELD_MOEL returncode=0
[R58 command] /public/home/shiys/miniconda3/envs/easynco/bin/python -u -m code.V4.r58_labels --root /public/home/shiys/0selection2/code/V4/runs/R58_unified_scenario --stage probe --problem OVRPBLTW --solver RELD_MTL
[R58 preflight] OVRPBLTW/RELD_MTL returncode=0
[R58 command] /public/home/shiys/miniconda3/envs/easynco/bin/python -u -m code.V4.r58_labels --root /public/home/shiys/0selection2/code/V4/runs/R58_unified_scenario --stage probe --problem OVRPBLTW --solver RouteFinder
[R58 preflight] OVRPBLTW/RouteFinder returncode=0
