wandb: Tracking run with wandb version 0.19.11
wandb: W&B syncing is set to `offline` in this directory. Run `wandb online` or set WANDB_MODE=online to enable cloud syncing.
[initial val] macro_top1=0.0664 top2=0.3549 top3=0.4546 vs_sbs=+14.507% vbs_closed=-1487.86%
       TSP: top1=0.297 mean_cost=7.9953 (sbs=7.9578) vs_sbs=+0.47%
      CVRP: top1=0.018 mean_cost=19.6954 (sbs=18.2943) vs_sbs=+7.66%
      ATSP: top1=0.076 mean_cost=1.7221 (sbs=1.6735) vs_sbs=+2.91%
      OVRP: top1=0.005 mean_cost=9.0993 (sbs=7.4617) vs_sbs=+21.95%
      VRPB: top1=0.066 mean_cost=11.8032 (sbs=9.3403) vs_sbs=+26.37%
      VRPL: top1=0.022 mean_cost=14.3601 (sbs=12.4072) vs_sbs=+15.74%
     VRPTW: top1=0.071 mean_cost=20.5224 (sbs=18.6571) vs_sbs=+10.00%
    OVRPTW: top1=0.066 mean_cost=11.3809 (sbs=10.0484) vs_sbs=+13.26%
     OVRPB: top1=0.015 mean_cost=8.2158 (sbs=6.3220) vs_sbs=+29.96%
     OVRPL: top1=0.007 mean_cost=9.0451 (sbs=7.4376) vs_sbs=+21.61%
     VRPBL: top1=0.065 mean_cost=11.3213 (sbs=9.3593) vs_sbs=+20.96%
    VRPBTW: top1=0.077 mean_cost=21.6196 (sbs=19.6697) vs_sbs=+9.91%
    VRPLTW: top1=0.063 mean_cost=20.2740 (sbs=18.5091) vs_sbs=+9.54%
    OVRPBL: top1=0.019 mean_cost=7.8488 (sbs=6.3103) vs_sbs=+24.38%
   OVRPBTW: top1=0.086 mean_cost=11.8041 (sbs=10.5068) vs_sbs=+12.35%
   OVRPLTW: top1=0.072 mean_cost=11.3596 (sbs=10.1272) vs_sbs=+12.17%
   VRPBLTW: top1=0.092 mean_cost=21.4708 (sbs=19.5198) vs_sbs=+10.00%
  OVRPBLTW: top1=0.079 mean_cost=11.7955 (sbs=10.5412) vs_sbs=+11.90%
[train epoch 1] update=180/1422 global=180 loss=1.16429 cmp=0.68537 KL=0.00282 lr=4.2e-06 samples/s=1852
[train epoch 1] update=360/1422 global=360 loss=1.11875 cmp=0.66721 KL=0.00382 lr=8.4e-06 samples/s=1856
[train epoch 1] update=540/1422 global=540 loss=1.06694 cmp=0.65118 KL=0.00567 lr=1.3e-05 samples/s=1855
[train epoch 1] update=720/1422 global=720 loss=1.02896 cmp=0.64770 KL=0.00824 lr=1.7e-05 samples/s=1855
[train epoch 1] update=900/1422 global=900 loss=1.00581 cmp=0.64668 KL=0.01010 lr=2.1e-05 samples/s=1854
[train epoch 1] update=1080/1422 global=1080 loss=0.98863 cmp=0.64495 KL=0.01113 lr=2.5e-05 samples/s=1854
[train epoch 1] update=1260/1422 global=1260 loss=0.96911 cmp=0.64143 KL=0.01183 lr=3e-05 samples/s=1854
[train epoch 1] update=1422/1422 global=1422 loss=0.94969 cmp=0.63616 KL=0.01252 lr=3.3e-05 samples/s=1837
[eval epoch 1] macro_top1=0.3979 top2=0.7073 top3=0.8304 vs_sbs=+0.102% vbs_closed=-12.77%
       TSP: top1=0.297 mean_cost=7.9948 (sbs=7.9578) vs_sbs=+0.46%
      CVRP: top1=0.214 mean_cost=18.3073 (sbs=18.2943) vs_sbs=+0.07%
      ATSP: top1=0.664 mean_cost=1.6422 (sbs=1.6735) vs_sbs=-1.87%
      OVRP: top1=0.083 mean_cost=7.5946 (sbs=7.4617) vs_sbs=+1.78%
      VRPB: top1=0.552 mean_cost=9.3336 (sbs=9.3403) vs_sbs=-0.07%
      VRPL: top1=0.278 mean_cost=12.4070 (sbs=12.4072) vs_sbs=-0.00%
     VRPTW: top1=0.236 mean_cost=18.8505 (sbs=18.6571) vs_sbs=+1.04%
    OVRPTW: top1=0.477 mean_cost=10.0486 (sbs=10.0484) vs_sbs=+0.00%
     OVRPB: top1=0.539 mean_cost=6.3240 (sbs=6.3220) vs_sbs=+0.03%
     OVRPL: top1=0.335 mean_cost=7.4453 (sbs=7.4376) vs_sbs=+0.10%
     VRPBL: top1=0.546 mean_cost=9.3545 (sbs=9.3593) vs_sbs=-0.05%
    VRPBTW: top1=0.372 mean_cost=19.6697 (sbs=19.6697) vs_sbs=+0.00%
    VRPLTW: top1=0.257 mean_cost=18.5770 (sbs=18.5091) vs_sbs=+0.37%
    OVRPBL: top1=0.541 mean_cost=6.3087 (sbs=6.3103) vs_sbs=-0.02%
   OVRPBTW: top1=0.460 mean_cost=10.5065 (sbs=10.5068) vs_sbs=-0.00%
   OVRPLTW: top1=0.494 mean_cost=10.1272 (sbs=10.1272) vs_sbs=+0.00%
   VRPBLTW: top1=0.347 mean_cost=19.5198 (sbs=19.5198) vs_sbs=+0.00%
  OVRPBLTW: top1=0.471 mean_cost=10.5412 (sbs=10.5412) vs_sbs=+0.00%
[comparisons epoch 1] true3=0.65974 R42A_top2=0.53488
[best] epoch=1 vs_sbs=+0.102048% top1=0.39794
[train epoch 2] update=180/1422 global=1602 loss=0.72672 cmp=0.56315 KL=0.01948 lr=3.8e-05 samples/s=1861
[train epoch 2] update=360/1422 global=1782 loss=0.71813 cmp=0.56149 KL=0.01873 lr=4.2e-05 samples/s=1863
[train epoch 2] update=540/1422 global=1962 loss=0.71112 cmp=0.55965 KL=0.01833 lr=4.6e-05 samples/s=1864
[AMP retry] same batch; lower scale=65536.0
[train epoch 2] update=720/1422 global=2142 loss=0.70657 cmp=0.55824 KL=0.01772 lr=5e-05 samples/s=1861
[train epoch 2] update=900/1422 global=2322 loss=0.70128 cmp=0.55556 KL=0.01718 lr=5.4e-05 samples/s=1863
[train epoch 2] update=1080/1422 global=2502 loss=0.69850 cmp=0.55477 KL=0.01668 lr=5.9e-05 samples/s=1862
[train epoch 2] update=1260/1422 global=2682 loss=0.69606 cmp=0.55309 KL=0.01625 lr=6.3e-05 samples/s=1862
[train epoch 2] update=1422/1422 global=2844 loss=0.69377 cmp=0.55185 KL=0.01588 lr=6.7e-05 samples/s=1844
[eval epoch 2] macro_top1=0.4191 top2=0.7637 top3=0.8847 vs_sbs=-0.670% vbs_closed=+16.08%
       TSP: top1=0.299 mean_cost=7.9392 (sbs=7.9578) vs_sbs=-0.23%
      CVRP: top1=0.277 mean_cost=18.2779 (sbs=18.2943) vs_sbs=-0.09%
      ATSP: top1=0.673 mean_cost=1.6395 (sbs=1.6735) vs_sbs=-2.03%
      OVRP: top1=0.302 mean_cost=7.4616 (sbs=7.4617) vs_sbs=-0.00%
      VRPB: top1=0.516 mean_cost=9.3381 (sbs=9.3403) vs_sbs=-0.02%
      VRPL: top1=0.245 mean_cost=12.4192 (sbs=12.4072) vs_sbs=+0.10%
     VRPTW: top1=0.298 mean_cost=18.0969 (sbs=18.6571) vs_sbs=-3.00%
    OVRPTW: top1=0.486 mean_cost=10.0450 (sbs=10.0484) vs_sbs=-0.03%
     OVRPB: top1=0.545 mean_cost=6.3223 (sbs=6.3220) vs_sbs=+0.00%
     OVRPL: top1=0.334 mean_cost=7.4376 (sbs=7.4376) vs_sbs=+0.00%
     VRPBL: top1=0.528 mean_cost=9.3593 (sbs=9.3593) vs_sbs=+0.00%
    VRPBTW: top1=0.355 mean_cost=19.3570 (sbs=19.6697) vs_sbs=-1.59%
    VRPLTW: top1=0.306 mean_cost=17.8733 (sbs=18.5091) vs_sbs=-3.44%
    OVRPBL: top1=0.555 mean_cost=6.3103 (sbs=6.3103) vs_sbs=+0.00%
   OVRPBTW: top1=0.492 mean_cost=10.5001 (sbs=10.5068) vs_sbs=-0.06%
   OVRPLTW: top1=0.479 mean_cost=10.1294 (sbs=10.1272) vs_sbs=+0.02%
   VRPBLTW: top1=0.350 mean_cost=19.2101 (sbs=19.5198) vs_sbs=-1.59%
  OVRPBLTW: top1=0.504 mean_cost=10.5308 (sbs=10.5412) vs_sbs=-0.10%
[comparisons epoch 2] true3=0.67387 R42A_top2=0.53820
[best] epoch=2 vs_sbs=-0.670343% top1=0.41911
[train epoch 3] update=180/1422 global=3024 loss=0.67425 cmp=0.54153 KL=0.01233 lr=7.1e-05 samples/s=1830
[train epoch 3] update=360/1422 global=3204 loss=0.67265 cmp=0.54176 KL=0.01221 lr=7.5e-05 samples/s=1838
[train epoch 3] update=540/1422 global=3384 loss=0.67030 cmp=0.54028 KL=0.01187 lr=7.9e-05 samples/s=1839
[train epoch 3] update=720/1422 global=3564 loss=0.66859 cmp=0.53909 KL=0.01175 lr=8.4e-05 samples/s=1843
[train epoch 3] update=900/1422 global=3744 loss=0.66732 cmp=0.53842 KL=0.01150 lr=8.8e-05 samples/s=1845
[train epoch 3] update=1080/1422 global=3924 loss=0.66544 cmp=0.53744 KL=0.01124 lr=9.2e-05 samples/s=1846
[train epoch 3] update=1260/1422 global=4104 loss=0.66499 cmp=0.53696 KL=0.01103 lr=9.6e-05 samples/s=1847
[AMP retry] same batch; lower scale=65536.0
[train epoch 3] update=1422/1422 global=4266 loss=0.66332 cmp=0.53613 KL=0.01091 lr=0.0001 samples/s=1829
[eval epoch 3] macro_top1=0.4449 top2=0.7899 top3=0.9002 vs_sbs=-0.833% vbs_closed=+17.93%
       TSP: top1=0.329 mean_cost=7.9363 (sbs=7.9578) vs_sbs=-0.27%
      CVRP: top1=0.314 mean_cost=18.3507 (sbs=18.2943) vs_sbs=+0.31%
      ATSP: top1=0.759 mean_cost=1.6361 (sbs=1.6735) vs_sbs=-2.24%
      OVRP: top1=0.347 mean_cost=7.4631 (sbs=7.4617) vs_sbs=+0.02%
      VRPB: top1=0.504 mean_cost=9.3403 (sbs=9.3403) vs_sbs=+0.00%
      VRPL: top1=0.287 mean_cost=12.4065 (sbs=12.4072) vs_sbs=-0.01%
     VRPTW: top1=0.351 mean_cost=17.9982 (sbs=18.6571) vs_sbs=-3.53%
    OVRPTW: top1=0.484 mean_cost=10.0464 (sbs=10.0484) vs_sbs=-0.02%
     OVRPB: top1=0.545 mean_cost=6.3220 (sbs=6.3220) vs_sbs=+0.00%
     OVRPL: top1=0.342 mean_cost=7.4437 (sbs=7.4376) vs_sbs=+0.08%
     VRPBL: top1=0.528 mean_cost=9.3593 (sbs=9.3593) vs_sbs=+0.00%
    VRPBTW: top1=0.440 mean_cost=19.1020 (sbs=19.6697) vs_sbs=-2.89%
    VRPLTW: top1=0.377 mean_cost=17.7933 (sbs=18.5091) vs_sbs=-3.87%
    OVRPBL: top1=0.555 mean_cost=6.3103 (sbs=6.3103) vs_sbs=+0.00%
   OVRPBTW: top1=0.460 mean_cost=10.5068 (sbs=10.5068) vs_sbs=+0.00%
   OVRPLTW: top1=0.503 mean_cost=10.1257 (sbs=10.1272) vs_sbs=-0.01%
   VRPBLTW: top1=0.408 mean_cost=19.0217 (sbs=19.5198) vs_sbs=-2.55%
  OVRPBLTW: top1=0.476 mean_cost=10.5399 (sbs=10.5412) vs_sbs=-0.01%
[comparisons epoch 3] true3=0.68634 R42A_top2=0.55787
[best] epoch=3 vs_sbs=-0.832768% top1=0.44494
[train epoch 4] update=180/1422 global=4446 loss=0.66423 cmp=0.53715 KL=0.00929 lr=0.0001 samples/s=1859
[train epoch 4] update=360/1422 global=4626 loss=0.66164 cmp=0.53614 KL=0.00892 lr=0.0001 samples/s=1861
[train epoch 4] update=540/1422 global=4806 loss=0.65708 cmp=0.53358 KL=0.00884 lr=0.0001 samples/s=1862
[train epoch 4] update=720/1422 global=4986 loss=0.65638 cmp=0.53325 KL=0.00878 lr=0.0001 samples/s=1862
[train epoch 4] update=900/1422 global=5166 loss=0.65335 cmp=0.53110 KL=0.00875 lr=0.0001 samples/s=1862
[train epoch 4] update=1080/1422 global=5346 loss=0.65192 cmp=0.53046 KL=0.00867 lr=0.0001 samples/s=1861
[train epoch 4] update=1260/1422 global=5526 loss=0.64998 cmp=0.52944 KL=0.00860 lr=0.0001 samples/s=1861
[train epoch 4] update=1422/1422 global=5688 loss=0.65003 cmp=0.52953 KL=0.00852 lr=0.0001 samples/s=1843
[eval epoch 4] macro_top1=0.4356 top2=0.7889 top3=0.9031 vs_sbs=-0.661% vbs_closed=+12.18%
       TSP: top1=0.354 mean_cost=7.9231 (sbs=7.9578) vs_sbs=-0.44%
      CVRP: top1=0.331 mean_cost=18.3326 (sbs=18.2943) vs_sbs=+0.21%
      ATSP: top1=0.596 mean_cost=1.6680 (sbs=1.6735) vs_sbs=-0.33%
      OVRP: top1=0.307 mean_cost=7.4608 (sbs=7.4617) vs_sbs=-0.01%
      VRPB: top1=0.549 mean_cost=9.3346 (sbs=9.3403) vs_sbs=-0.06%
      VRPL: top1=0.280 mean_cost=12.4062 (sbs=12.4072) vs_sbs=-0.01%
     VRPTW: top1=0.394 mean_cost=18.0182 (sbs=18.6571) vs_sbs=-3.42%
    OVRPTW: top1=0.471 mean_cost=10.0592 (sbs=10.0484) vs_sbs=+0.11%
     OVRPB: top1=0.548 mean_cost=6.3242 (sbs=6.3220) vs_sbs=+0.03%
     OVRPL: top1=0.345 mean_cost=7.4364 (sbs=7.4376) vs_sbs=-0.02%
     VRPBL: top1=0.537 mean_cost=9.3566 (sbs=9.3593) vs_sbs=-0.03%
    VRPBTW: top1=0.375 mean_cost=19.2387 (sbs=19.6697) vs_sbs=-2.19%
    VRPLTW: top1=0.403 mean_cost=17.8163 (sbs=18.5091) vs_sbs=-3.74%
    OVRPBL: top1=0.528 mean_cost=6.3124 (sbs=6.3103) vs_sbs=+0.03%
   OVRPBTW: top1=0.469 mean_cost=10.5254 (sbs=10.5068) vs_sbs=+0.18%
   OVRPLTW: top1=0.461 mean_cost=10.1439 (sbs=10.1272) vs_sbs=+0.16%
   VRPBLTW: top1=0.406 mean_cost=19.0467 (sbs=19.5198) vs_sbs=-2.42%
  OVRPBLTW: top1=0.487 mean_cost=10.5469 (sbs=10.5412) vs_sbs=+0.05%
[comparisons epoch 4] true3=0.68263 R42A_top2=0.55011
[train epoch 5] update=180/1422 global=5868 loss=0.63336 cmp=0.51963 KL=0.00821 lr=0.0001 samples/s=1876
[train epoch 5] update=360/1422 global=6048 loss=0.63217 cmp=0.51896 KL=0.00813 lr=0.0001 samples/s=1898
[train epoch 5] update=540/1422 global=6228 loss=0.63296 cmp=0.52007 KL=0.00817 lr=0.0001 samples/s=1906
[AMP retry] same batch; lower scale=65536.0
[train epoch 5] update=720/1422 global=6408 loss=0.63506 cmp=0.52156 KL=0.00803 lr=0.0001 samples/s=1908
[train epoch 5] update=900/1422 global=6588 loss=0.63733 cmp=0.52277 KL=0.00787 lr=0.0001 samples/s=1913
[train epoch 5] update=1080/1422 global=6768 loss=0.63575 cmp=0.52171 KL=0.00783 lr=0.0001 samples/s=1917
[train epoch 5] update=1260/1422 global=6948 loss=0.63545 cmp=0.52149 KL=0.00778 lr=0.0001 samples/s=1921
[train epoch 5] update=1422/1422 global=7110 loss=0.63499 cmp=0.52114 KL=0.00778 lr=0.0001 samples/s=1904
[train_eval epoch 5] top1=0.44124 CE=1.18609 actual_regret=1.20319%
[eval epoch 5] macro_top1=0.4415 top2=0.7951 top3=0.9061 vs_sbs=-0.823% vbs_closed=+18.90%
       TSP: top1=0.351 mean_cost=7.9284 (sbs=7.9578) vs_sbs=-0.37%
      CVRP: top1=0.374 mean_cost=18.2833 (sbs=18.2943) vs_sbs=-0.06%
      ATSP: top1=0.720 mean_cost=1.6374 (sbs=1.6735) vs_sbs=-2.16%
      OVRP: top1=0.327 mean_cost=7.4664 (sbs=7.4617) vs_sbs=+0.06%
      VRPB: top1=0.504 mean_cost=9.3403 (sbs=9.3403) vs_sbs=+0.00%
      VRPL: top1=0.283 mean_cost=12.4068 (sbs=12.4072) vs_sbs=-0.00%
     VRPTW: top1=0.337 mean_cost=18.0777 (sbs=18.6571) vs_sbs=-3.11%
    OVRPTW: top1=0.476 mean_cost=10.0484 (sbs=10.0484) vs_sbs=+0.00%
     OVRPB: top1=0.545 mean_cost=6.3220 (sbs=6.3220) vs_sbs=+0.00%
     OVRPL: top1=0.333 mean_cost=7.4458 (sbs=7.4376) vs_sbs=+0.11%
     VRPBL: top1=0.528 mean_cost=9.3593 (sbs=9.3593) vs_sbs=+0.00%
    VRPBTW: top1=0.402 mean_cost=19.1786 (sbs=19.6697) vs_sbs=-2.50%
    VRPLTW: top1=0.395 mean_cost=17.7142 (sbs=18.5091) vs_sbs=-4.29%
    OVRPBL: top1=0.555 mean_cost=6.3103 (sbs=6.3103) vs_sbs=+0.00%
   OVRPBTW: top1=0.461 mean_cost=10.5068 (sbs=10.5068) vs_sbs=+0.00%
   OVRPLTW: top1=0.494 mean_cost=10.1272 (sbs=10.1272) vs_sbs=+0.00%
   VRPBLTW: top1=0.391 mean_cost=19.0312 (sbs=19.5198) vs_sbs=-2.50%
  OVRPBLTW: top1=0.471 mean_cost=10.5412 (sbs=10.5412) vs_sbs=+0.00%
[comparisons epoch 5] true3=0.68656 R42A_top2=0.55669
[train epoch 6] update=180/1422 global=7290 loss=0.63175 cmp=0.51938 KL=0.00739 lr=0.0001 samples/s=1922
[AMP retry] same batch; lower scale=32768.0
[train epoch 6] update=360/1422 global=7470 loss=0.63202 cmp=0.52014 KL=0.00741 lr=0.0001 samples/s=1920
[train epoch 6] update=540/1422 global=7650 loss=0.63194 cmp=0.51963 KL=0.00734 lr=0.0001 samples/s=1921
[train epoch 6] update=720/1422 global=7830 loss=0.63233 cmp=0.51946 KL=0.00730 lr=0.0001 samples/s=1923
[train epoch 6] update=900/1422 global=8010 loss=0.63103 cmp=0.51873 KL=0.00727 lr=0.0001 samples/s=1923
[train epoch 6] update=1080/1422 global=8190 loss=0.62940 cmp=0.51800 KL=0.00725 lr=0.0001 samples/s=1924
[train epoch 6] update=1260/1422 global=8370 loss=0.62909 cmp=0.51816 KL=0.00726 lr=0.0001 samples/s=1924
[train epoch 6] update=1422/1422 global=8532 loss=0.62874 cmp=0.51788 KL=0.00725 lr=0.0001 samples/s=1907
[eval epoch 6] macro_top1=0.4612 top2=0.7983 top3=0.9101 vs_sbs=-0.915% vbs_closed=+22.50%
       TSP: top1=0.346 mean_cost=7.9296 (sbs=7.9578) vs_sbs=-0.35%
      CVRP: top1=0.432 mean_cost=18.2280 (sbs=18.2943) vs_sbs=-0.36%
      ATSP: top1=0.760 mean_cost=1.6367 (sbs=1.6735) vs_sbs=-2.20%
      OVRP: top1=0.318 mean_cost=7.4647 (sbs=7.4617) vs_sbs=+0.04%
      VRPB: top1=0.546 mean_cost=9.3357 (sbs=9.3403) vs_sbs=-0.05%
      VRPL: top1=0.267 mean_cost=12.4142 (sbs=12.4072) vs_sbs=+0.06%
     VRPTW: top1=0.416 mean_cost=17.9564 (sbs=18.6571) vs_sbs=-3.76%
    OVRPTW: top1=0.492 mean_cost=10.0470 (sbs=10.0484) vs_sbs=-0.01%
     OVRPB: top1=0.557 mean_cost=6.3210 (sbs=6.3220) vs_sbs=-0.01%
     OVRPL: top1=0.344 mean_cost=7.4443 (sbs=7.4376) vs_sbs=+0.09%
     VRPBL: top1=0.546 mean_cost=9.3547 (sbs=9.3593) vs_sbs=-0.05%
    VRPBTW: top1=0.426 mean_cost=19.1245 (sbs=19.6697) vs_sbs=-2.77%
    VRPLTW: top1=0.413 mean_cost=17.7028 (sbs=18.5091) vs_sbs=-4.36%
    OVRPBL: top1=0.527 mean_cost=6.3090 (sbs=6.3103) vs_sbs=-0.02%
   OVRPBTW: top1=0.500 mean_cost=10.5032 (sbs=10.5068) vs_sbs=-0.03%
   OVRPLTW: top1=0.482 mean_cost=10.1337 (sbs=10.1272) vs_sbs=+0.06%
   VRPBLTW: top1=0.425 mean_cost=18.9965 (sbs=19.5198) vs_sbs=-2.68%
  OVRPBLTW: top1=0.504 mean_cost=10.5349 (sbs=10.5412) vs_sbs=-0.06%
[comparisons epoch 6] true3=0.69149 R42A_top2=0.56726
[best] epoch=6 vs_sbs=-0.915117% top1=0.46117
[train epoch 7] update=180/1422 global=8712 loss=0.62410 cmp=0.51622 KL=0.00754 lr=0.0001 samples/s=1928
[train epoch 7] update=360/1422 global=8892 loss=0.62173 cmp=0.51422 KL=0.00750 lr=0.0001 samples/s=1927
[train epoch 7] update=540/1422 global=9072 loss=0.62042 cmp=0.51347 KL=0.00729 lr=0.0001 samples/s=1926
[train epoch 7] update=720/1422 global=9252 loss=0.62043 cmp=0.51357 KL=0.00727 lr=0.0001 samples/s=1925
[train epoch 7] update=900/1422 global=9432 loss=0.62103 cmp=0.51412 KL=0.00723 lr=0.0001 samples/s=1926
[train epoch 7] update=1080/1422 global=9612 loss=0.62099 cmp=0.51402 KL=0.00712 lr=0.0001 samples/s=1927
[train epoch 7] update=1260/1422 global=9792 loss=0.62080 cmp=0.51375 KL=0.00707 lr=0.0001 samples/s=1926
[train epoch 7] update=1422/1422 global=9954 loss=0.62095 cmp=0.51377 KL=0.00701 lr=0.0001 samples/s=1909
[eval epoch 7] macro_top1=0.4510 top2=0.7973 top3=0.9088 vs_sbs=-0.861% vbs_closed=+20.04%
       TSP: top1=0.346 mean_cost=7.9372 (sbs=7.9578) vs_sbs=-0.26%
      CVRP: top1=0.351 mean_cost=18.2723 (sbs=18.2943) vs_sbs=-0.12%
      ATSP: top1=0.766 mean_cost=1.6358 (sbs=1.6735) vs_sbs=-2.26%
      OVRP: top1=0.331 mean_cost=7.4646 (sbs=7.4617) vs_sbs=+0.04%
      VRPB: top1=0.504 mean_cost=9.3403 (sbs=9.3403) vs_sbs=+0.00%
      VRPL: top1=0.312 mean_cost=12.4048 (sbs=12.4072) vs_sbs=-0.02%
     VRPTW: top1=0.400 mean_cost=18.0105 (sbs=18.6571) vs_sbs=-3.47%
    OVRPTW: top1=0.479 mean_cost=10.0481 (sbs=10.0484) vs_sbs=-0.00%
     OVRPB: top1=0.545 mean_cost=6.3220 (sbs=6.3220) vs_sbs=+0.00%
     OVRPL: top1=0.349 mean_cost=7.4436 (sbs=7.4376) vs_sbs=+0.08%
     VRPBL: top1=0.528 mean_cost=9.3593 (sbs=9.3593) vs_sbs=+0.00%
    VRPBTW: top1=0.399 mean_cost=19.1857 (sbs=19.6697) vs_sbs=-2.46%
    VRPLTW: top1=0.428 mean_cost=17.7035 (sbs=18.5091) vs_sbs=-4.35%
    OVRPBL: top1=0.555 mean_cost=6.3103 (sbs=6.3103) vs_sbs=+0.00%
   OVRPBTW: top1=0.461 mean_cost=10.5068 (sbs=10.5068) vs_sbs=+0.00%
   OVRPLTW: top1=0.493 mean_cost=10.1276 (sbs=10.1272) vs_sbs=+0.00%
   VRPBLTW: top1=0.400 mean_cost=18.9963 (sbs=19.5198) vs_sbs=-2.68%
  OVRPBLTW: top1=0.471 mean_cost=10.5412 (sbs=10.5412) vs_sbs=+0.00%
[comparisons epoch 7] true3=0.69151 R42A_top2=0.56110
[train epoch 8] update=180/1422 global=10134 loss=0.62548 cmp=0.51596 KL=0.00672 lr=0.0001 samples/s=1927
[train epoch 8] update=360/1422 global=10314 loss=0.61970 cmp=0.51317 KL=0.00685 lr=0.0001 samples/s=1928
[train epoch 8] update=540/1422 global=10494 loss=0.61822 cmp=0.51115 KL=0.00684 lr=0.0001 samples/s=1930
[train epoch 8] update=720/1422 global=10674 loss=0.61731 cmp=0.51033 KL=0.00677 lr=0.0001 samples/s=1928
[train epoch 8] update=900/1422 global=10854 loss=0.61763 cmp=0.51113 KL=0.00670 lr=0.0001 samples/s=1927
[train epoch 8] update=1080/1422 global=11034 loss=0.61724 cmp=0.51077 KL=0.00671 lr=0.0001 samples/s=1925
[train epoch 8] update=1260/1422 global=11214 loss=0.61774 cmp=0.51113 KL=0.00669 lr=0.0001 samples/s=1927
[train epoch 8] update=1422/1422 global=11376 loss=0.61720 cmp=0.51099 KL=0.00665 lr=0.0001 samples/s=1910
[eval epoch 8] macro_top1=0.4611 top2=0.8041 top3=0.9127 vs_sbs=-0.882% vbs_closed=+21.30%
       TSP: top1=0.351 mean_cost=7.9375 (sbs=7.9578) vs_sbs=-0.25%
      CVRP: top1=0.384 mean_cost=18.2734 (sbs=18.2943) vs_sbs=-0.11%
      ATSP: top1=0.731 mean_cost=1.6423 (sbs=1.6735) vs_sbs=-1.87%
      OVRP: top1=0.319 mean_cost=7.4656 (sbs=7.4617) vs_sbs=+0.05%
      VRPB: top1=0.548 mean_cost=9.3342 (sbs=9.3403) vs_sbs=-0.06%
      VRPL: top1=0.301 mean_cost=12.4054 (sbs=12.4072) vs_sbs=-0.01%
     VRPTW: top1=0.418 mean_cost=18.0467 (sbs=18.6571) vs_sbs=-3.27%
    OVRPTW: top1=0.490 mean_cost=10.0460 (sbs=10.0484) vs_sbs=-0.02%
     OVRPB: top1=0.561 mean_cost=6.3205 (sbs=6.3220) vs_sbs=-0.02%
     OVRPL: top1=0.363 mean_cost=7.4418 (sbs=7.4376) vs_sbs=+0.06%
     VRPBL: top1=0.545 mean_cost=9.3549 (sbs=9.3593) vs_sbs=-0.05%
    VRPBTW: top1=0.424 mean_cost=19.0975 (sbs=19.6697) vs_sbs=-2.91%
    VRPLTW: top1=0.420 mean_cost=17.6880 (sbs=18.5091) vs_sbs=-4.44%
    OVRPBL: top1=0.534 mean_cost=6.3076 (sbs=6.3103) vs_sbs=-0.04%
   OVRPBTW: top1=0.504 mean_cost=10.4991 (sbs=10.5068) vs_sbs=-0.07%
   OVRPLTW: top1=0.483 mean_cost=10.1319 (sbs=10.1272) vs_sbs=+0.05%
   VRPBLTW: top1=0.431 mean_cost=18.9618 (sbs=19.5198) vs_sbs=-2.86%
  OVRPBLTW: top1=0.492 mean_cost=10.5382 (sbs=10.5412) vs_sbs=-0.03%
[comparisons epoch 8] true3=0.69364 R42A_top2=0.56836
[AMP retry] same batch; lower scale=65536.0
[train epoch 9] update=180/1422 global=11556 loss=0.61848 cmp=0.51285 KL=0.00661 lr=0.0001 samples/s=1925
[AMP retry] same batch; lower scale=32768.0
[train epoch 9] update=360/1422 global=11736 loss=0.61551 cmp=0.51038 KL=0.00659 lr=0.0001 samples/s=1926
[train epoch 9] update=540/1422 global=11916 loss=0.61452 cmp=0.50915 KL=0.00651 lr=0.0001 samples/s=1929
[train epoch 9] update=720/1422 global=12096 loss=0.61365 cmp=0.50868 KL=0.00650 lr=0.0001 samples/s=1928
[train epoch 9] update=900/1422 global=12276 loss=0.61294 cmp=0.50823 KL=0.00651 lr=0.0001 samples/s=1926
[train epoch 9] update=1080/1422 global=12456 loss=0.61226 cmp=0.50769 KL=0.00654 lr=0.0001 samples/s=1926
[train epoch 9] update=1260/1422 global=12636 loss=0.61231 cmp=0.50767 KL=0.00654 lr=0.0001 samples/s=1925
[train epoch 9] update=1422/1422 global=12798 loss=0.61225 cmp=0.50767 KL=0.00653 lr=0.0001 samples/s=1908
[eval epoch 9] macro_top1=0.4585 top2=0.7941 top3=0.9055 vs_sbs=-0.806% vbs_closed=+19.98%
       TSP: top1=0.353 mean_cost=7.9223 (sbs=7.9578) vs_sbs=-0.45%
      CVRP: top1=0.385 mean_cost=18.2611 (sbs=18.2943) vs_sbs=-0.18%
      ATSP: top1=0.769 mean_cost=1.6353 (sbs=1.6735) vs_sbs=-2.29%
      OVRP: top1=0.332 mean_cost=7.4623 (sbs=7.4617) vs_sbs=+0.01%
      VRPB: top1=0.554 mean_cost=9.3350 (sbs=9.3403) vs_sbs=-0.06%
      VRPL: top1=0.305 mean_cost=12.4048 (sbs=12.4072) vs_sbs=-0.02%
     VRPTW: top1=0.401 mean_cost=18.0184 (sbs=18.6571) vs_sbs=-3.42%
    OVRPTW: top1=0.498 mean_cost=10.0472 (sbs=10.0484) vs_sbs=-0.01%
     OVRPB: top1=0.555 mean_cost=6.3239 (sbs=6.3220) vs_sbs=+0.03%
     OVRPL: top1=0.347 mean_cost=7.4429 (sbs=7.4376) vs_sbs=+0.07%
     VRPBL: top1=0.548 mean_cost=9.3568 (sbs=9.3593) vs_sbs=-0.03%
    VRPBTW: top1=0.384 mean_cost=19.2321 (sbs=19.6697) vs_sbs=-2.23%
    VRPLTW: top1=0.404 mean_cost=17.7556 (sbs=18.5091) vs_sbs=-4.07%
    OVRPBL: top1=0.543 mean_cost=6.3070 (sbs=6.3103) vs_sbs=-0.05%
   OVRPBTW: top1=0.501 mean_cost=10.5246 (sbs=10.5068) vs_sbs=+0.17%
   OVRPLTW: top1=0.480 mean_cost=10.1350 (sbs=10.1272) vs_sbs=+0.08%
   VRPBLTW: top1=0.405 mean_cost=19.1273 (sbs=19.5198) vs_sbs=-2.01%
  OVRPBLTW: top1=0.489 mean_cost=10.5360 (sbs=10.5412) vs_sbs=-0.05%
[comparisons epoch 9] true3=0.69388 R42A_top2=0.56877
[schedule] validation cost plateau: next lr=5e-05
[train epoch 10] update=180/1422 global=12978 loss=0.60105 cmp=0.50052 KL=0.00637 lr=5e-05 samples/s=1927
[train epoch 10] update=360/1422 global=13158 loss=0.60061 cmp=0.50027 KL=0.00655 lr=5e-05 samples/s=1927
[train epoch 10] update=540/1422 global=13338 loss=0.59992 cmp=0.50010 KL=0.00666 lr=5e-05 samples/s=1927
[train epoch 10] update=720/1422 global=13518 loss=0.59995 cmp=0.49981 KL=0.00673 lr=5e-05 samples/s=1925
[train epoch 10] update=900/1422 global=13698 loss=0.59937 cmp=0.49966 KL=0.00678 lr=5e-05 samples/s=1926
[AMP retry] same batch; lower scale=32768.0
[train epoch 10] update=1080/1422 global=13878 loss=0.59918 cmp=0.49946 KL=0.00682 lr=5e-05 samples/s=1921
[train epoch 10] update=1260/1422 global=14058 loss=0.59910 cmp=0.49932 KL=0.00684 lr=5e-05 samples/s=1922
[train epoch 10] update=1422/1422 global=14220 loss=0.59938 cmp=0.49955 KL=0.00685 lr=5e-05 samples/s=1906
[train_eval epoch 10] top1=0.46261 CE=1.14250 actual_regret=1.06078%
[eval epoch 10] macro_top1=0.4605 top2=0.7988 top3=0.9080 vs_sbs=-0.943% vbs_closed=+23.62%
       TSP: top1=0.370 mean_cost=7.9174 (sbs=7.9578) vs_sbs=-0.51%
      CVRP: top1=0.320 mean_cost=18.2866 (sbs=18.2943) vs_sbs=-0.04%
      ATSP: top1=0.772 mean_cost=1.6366 (sbs=1.6735) vs_sbs=-2.21%
      OVRP: top1=0.295 mean_cost=7.4648 (sbs=7.4617) vs_sbs=+0.04%
      VRPB: top1=0.541 mean_cost=9.3347 (sbs=9.3403) vs_sbs=-0.06%
      VRPL: top1=0.305 mean_cost=12.4078 (sbs=12.4072) vs_sbs=+0.00%
     VRPTW: top1=0.414 mean_cost=17.9471 (sbs=18.6571) vs_sbs=-3.81%
    OVRPTW: top1=0.513 mean_cost=10.0401 (sbs=10.0484) vs_sbs=-0.08%
     OVRPB: top1=0.564 mean_cost=6.3182 (sbs=6.3220) vs_sbs=-0.06%
     OVRPL: top1=0.340 mean_cost=7.4419 (sbs=7.4376) vs_sbs=+0.06%
     VRPBL: top1=0.541 mean_cost=9.3565 (sbs=9.3593) vs_sbs=-0.03%
    VRPBTW: top1=0.420 mean_cost=19.1115 (sbs=19.6697) vs_sbs=-2.84%
    VRPLTW: top1=0.437 mean_cost=17.6708 (sbs=18.5091) vs_sbs=-4.53%
    OVRPBL: top1=0.552 mean_cost=6.3089 (sbs=6.3103) vs_sbs=-0.02%
   OVRPBTW: top1=0.499 mean_cost=10.5015 (sbs=10.5068) vs_sbs=-0.05%
   OVRPLTW: top1=0.482 mean_cost=10.1323 (sbs=10.1272) vs_sbs=+0.05%
   VRPBLTW: top1=0.425 mean_cost=18.9694 (sbs=19.5198) vs_sbs=-2.82%
  OVRPBLTW: top1=0.499 mean_cost=10.5336 (sbs=10.5412) vs_sbs=-0.07%
[comparisons epoch 10] true3=0.69264 R42A_top2=0.56394
[best] epoch=10 vs_sbs=-0.942794% top1=0.46050
[train epoch 11] update=180/1422 global=14400 loss=0.59960 cmp=0.50011 KL=0.00672 lr=5e-05 samples/s=1932
[train epoch 11] update=360/1422 global=14580 loss=0.59750 cmp=0.49866 KL=0.00678 lr=5e-05 samples/s=1935
[train epoch 11] update=540/1422 global=14760 loss=0.59906 cmp=0.49996 KL=0.00677 lr=5e-05 samples/s=1931
[train epoch 11] update=720/1422 global=14940 loss=0.59852 cmp=0.49974 KL=0.00683 lr=5e-05 samples/s=1931
[train epoch 11] update=900/1422 global=15120 loss=0.59867 cmp=0.49956 KL=0.00688 lr=5e-05 samples/s=1929
[train epoch 11] update=1080/1422 global=15300 loss=0.59795 cmp=0.49935 KL=0.00693 lr=5e-05 samples/s=1928
[train epoch 11] update=1260/1422 global=15480 loss=0.59802 cmp=0.49886 KL=0.00690 lr=5e-05 samples/s=1928
[train epoch 11] update=1422/1422 global=15642 loss=0.59805 cmp=0.49878 KL=0.00690 lr=5e-05 samples/s=1911
[eval epoch 11] macro_top1=0.4780 top2=0.8119 top3=0.9202 vs_sbs=-1.011% vbs_closed=+29.12%
       TSP: top1=0.377 mean_cost=7.9170 (sbs=7.9578) vs_sbs=-0.51%
      CVRP: top1=0.464 mean_cost=18.2110 (sbs=18.2943) vs_sbs=-0.46%
      ATSP: top1=0.768 mean_cost=1.6376 (sbs=1.6735) vs_sbs=-2.15%
      OVRP: top1=0.360 mean_cost=7.4551 (sbs=7.4617) vs_sbs=-0.09%
      VRPB: top1=0.550 mean_cost=9.3340 (sbs=9.3403) vs_sbs=-0.07%
      VRPL: top1=0.313 mean_cost=12.4041 (sbs=12.4072) vs_sbs=-0.03%
     VRPTW: top1=0.417 mean_cost=17.9246 (sbs=18.6571) vs_sbs=-3.93%
    OVRPTW: top1=0.516 mean_cost=10.0384 (sbs=10.0484) vs_sbs=-0.10%
     OVRPB: top1=0.571 mean_cost=6.3169 (sbs=6.3220) vs_sbs=-0.08%
     OVRPL: top1=0.368 mean_cost=7.4349 (sbs=7.4376) vs_sbs=-0.04%
     VRPBL: top1=0.542 mean_cost=9.3557 (sbs=9.3593) vs_sbs=-0.04%
    VRPBTW: top1=0.448 mean_cost=19.0683 (sbs=19.6697) vs_sbs=-3.06%
    VRPLTW: top1=0.449 mean_cost=17.6493 (sbs=18.5091) vs_sbs=-4.65%
    OVRPBL: top1=0.567 mean_cost=6.3052 (sbs=6.3103) vs_sbs=-0.08%
   OVRPBTW: top1=0.502 mean_cost=10.4956 (sbs=10.5068) vs_sbs=-0.11%
   OVRPLTW: top1=0.486 mean_cost=10.1281 (sbs=10.1272) vs_sbs=+0.01%
   VRPBLTW: top1=0.422 mean_cost=18.9668 (sbs=19.5198) vs_sbs=-2.83%
  OVRPBLTW: top1=0.484 mean_cost=10.5404 (sbs=10.5412) vs_sbs=-0.01%
[comparisons epoch 11] true3=0.69914 R42A_top2=0.57594
[best] epoch=11 vs_sbs=-1.010830% top1=0.47800
[train epoch 12] update=180/1422 global=15822 loss=0.59484 cmp=0.49611 KL=0.00694 lr=5e-05 samples/s=1937
[train epoch 12] update=360/1422 global=16002 loss=0.59421 cmp=0.49563 KL=0.00694 lr=5e-05 samples/s=1932
[AMP retry] same batch; lower scale=32768.0
[train epoch 12] update=540/1422 global=16182 loss=0.59499 cmp=0.49662 KL=0.00697 lr=5e-05 samples/s=1922
[train epoch 12] update=720/1422 global=16362 loss=0.59561 cmp=0.49691 KL=0.00691 lr=5e-05 samples/s=1923
[train epoch 12] update=900/1422 global=16542 loss=0.59546 cmp=0.49686 KL=0.00693 lr=5e-05 samples/s=1922
[train epoch 12] update=1080/1422 global=16722 loss=0.59575 cmp=0.49726 KL=0.00691 lr=5e-05 samples/s=1921
[train epoch 12] update=1260/1422 global=16902 loss=0.59600 cmp=0.49750 KL=0.00693 lr=5e-05 samples/s=1922
[train epoch 12] update=1422/1422 global=17064 loss=0.59599 cmp=0.49747 KL=0.00692 lr=5e-05 samples/s=1906
[eval epoch 12] macro_top1=0.4734 top2=0.8124 top3=0.9204 vs_sbs=-1.011% vbs_closed=+28.22%
       TSP: top1=0.363 mean_cost=7.9262 (sbs=7.9578) vs_sbs=-0.40%
      CVRP: top1=0.466 mean_cost=18.2124 (sbs=18.2943) vs_sbs=-0.45%
      ATSP: top1=0.737 mean_cost=1.6367 (sbs=1.6735) vs_sbs=-2.20%
      OVRP: top1=0.342 mean_cost=7.4572 (sbs=7.4617) vs_sbs=-0.06%
      VRPB: top1=0.539 mean_cost=9.3354 (sbs=9.3403) vs_sbs=-0.05%
      VRPL: top1=0.298 mean_cost=12.4039 (sbs=12.4072) vs_sbs=-0.03%
     VRPTW: top1=0.436 mean_cost=17.9099 (sbs=18.6571) vs_sbs=-4.00%
    OVRPTW: top1=0.506 mean_cost=10.0403 (sbs=10.0484) vs_sbs=-0.08%
     OVRPB: top1=0.573 mean_cost=6.3173 (sbs=6.3220) vs_sbs=-0.07%
     OVRPL: top1=0.383 mean_cost=7.4364 (sbs=7.4376) vs_sbs=-0.02%
     VRPBL: top1=0.552 mean_cost=9.3545 (sbs=9.3593) vs_sbs=-0.05%
    VRPBTW: top1=0.447 mean_cost=19.0438 (sbs=19.6697) vs_sbs=-3.18%
    VRPLTW: top1=0.431 mean_cost=17.6642 (sbs=18.5091) vs_sbs=-4.57%
    OVRPBL: top1=0.559 mean_cost=6.3068 (sbs=6.3103) vs_sbs=-0.06%
   OVRPBTW: top1=0.475 mean_cost=10.4996 (sbs=10.5068) vs_sbs=-0.07%
   OVRPLTW: top1=0.506 mean_cost=10.1271 (sbs=10.1272) vs_sbs=-0.00%
   VRPBLTW: top1=0.424 mean_cost=18.9560 (sbs=19.5198) vs_sbs=-2.89%
  OVRPBLTW: top1=0.485 mean_cost=10.5373 (sbs=10.5412) vs_sbs=-0.04%
[comparisons epoch 12] true3=0.69911 R42A_top2=0.57577
[best] epoch=12 vs_sbs=-1.011417% top1=0.47344
[train epoch 13] update=180/1422 global=17244 loss=0.59655 cmp=0.49902 KL=0.00678 lr=5e-05 samples/s=1933
[train epoch 13] update=360/1422 global=17424 loss=0.59523 cmp=0.49711 KL=0.00683 lr=5e-05 samples/s=1926
[train epoch 13] update=540/1422 global=17604 loss=0.59442 cmp=0.49679 KL=0.00686 lr=5e-05 samples/s=1926
[train epoch 13] update=720/1422 global=17784 loss=0.59480 cmp=0.49700 KL=0.00687 lr=5e-05 samples/s=1925
[train epoch 13] update=900/1422 global=17964 loss=0.59488 cmp=0.49709 KL=0.00686 lr=5e-05 samples/s=1923
[train epoch 13] update=1080/1422 global=18144 loss=0.59457 cmp=0.49696 KL=0.00689 lr=5e-05 samples/s=1922
[train epoch 13] update=1260/1422 global=18324 loss=0.59450 cmp=0.49666 KL=0.00689 lr=5e-05 samples/s=1922
[AMP retry] same batch; lower scale=32768.0
[train epoch 13] update=1422/1422 global=18486 loss=0.59451 cmp=0.49660 KL=0.00686 lr=5e-05 samples/s=1902
[eval epoch 13] macro_top1=0.4715 top2=0.8087 top3=0.9172 vs_sbs=-1.010% vbs_closed=+27.34%
       TSP: top1=0.328 mean_cost=7.9214 (sbs=7.9578) vs_sbs=-0.46%
      CVRP: top1=0.387 mean_cost=18.2640 (sbs=18.2943) vs_sbs=-0.17%
      ATSP: top1=0.779 mean_cost=1.6349 (sbs=1.6735) vs_sbs=-2.31%
      OVRP: top1=0.354 mean_cost=7.4554 (sbs=7.4617) vs_sbs=-0.08%
      VRPB: top1=0.550 mean_cost=9.3345 (sbs=9.3403) vs_sbs=-0.06%
      VRPL: top1=0.303 mean_cost=12.4044 (sbs=12.4072) vs_sbs=-0.02%
     VRPTW: top1=0.427 mean_cost=17.9196 (sbs=18.6571) vs_sbs=-3.95%
    OVRPTW: top1=0.505 mean_cost=10.0407 (sbs=10.0484) vs_sbs=-0.08%
     OVRPB: top1=0.576 mean_cost=6.3161 (sbs=6.3220) vs_sbs=-0.09%
     OVRPL: top1=0.363 mean_cost=7.4354 (sbs=7.4376) vs_sbs=-0.03%
     VRPBL: top1=0.544 mean_cost=9.3551 (sbs=9.3593) vs_sbs=-0.04%
    VRPBTW: top1=0.453 mean_cost=19.0393 (sbs=19.6697) vs_sbs=-3.21%
    VRPLTW: top1=0.448 mean_cost=17.6458 (sbs=18.5091) vs_sbs=-4.66%
    OVRPBL: top1=0.561 mean_cost=6.3075 (sbs=6.3103) vs_sbs=-0.04%
   OVRPBTW: top1=0.509 mean_cost=10.4988 (sbs=10.5068) vs_sbs=-0.08%
   OVRPLTW: top1=0.476 mean_cost=10.1306 (sbs=10.1272) vs_sbs=+0.03%
   VRPBLTW: top1=0.425 mean_cost=18.9524 (sbs=19.5198) vs_sbs=-2.91%
  OVRPBLTW: top1=0.499 mean_cost=10.5378 (sbs=10.5412) vs_sbs=-0.03%
[comparisons epoch 13] true3=0.69583 R42A_top2=0.57271
[train epoch 14] update=180/1422 global=18666 loss=0.59528 cmp=0.49822 KL=0.00691 lr=5e-05 samples/s=1933
[train epoch 14] update=360/1422 global=18846 loss=0.59276 cmp=0.49609 KL=0.00685 lr=5e-05 samples/s=1930
[train epoch 14] update=540/1422 global=19026 loss=0.59387 cmp=0.49667 KL=0.00692 lr=5e-05 samples/s=1930
[train epoch 14] update=720/1422 global=19206 loss=0.59366 cmp=0.49639 KL=0.00690 lr=5e-05 samples/s=1932
[train epoch 14] update=900/1422 global=19386 loss=0.59312 cmp=0.49613 KL=0.00694 lr=5e-05 samples/s=1931
[train epoch 14] update=1080/1422 global=19566 loss=0.59359 cmp=0.49636 KL=0.00691 lr=5e-05 samples/s=1931
[train epoch 14] update=1260/1422 global=19746 loss=0.59350 cmp=0.49605 KL=0.00690 lr=5e-05 samples/s=1931
[train epoch 14] update=1422/1422 global=19908 loss=0.59381 cmp=0.49619 KL=0.00688 lr=5e-05 samples/s=1913
[eval epoch 14] macro_top1=0.4777 top2=0.8141 top3=0.9228 vs_sbs=-1.014% vbs_closed=+28.03%
       TSP: top1=0.362 mean_cost=7.9262 (sbs=7.9578) vs_sbs=-0.40%
      CVRP: top1=0.483 mean_cost=18.2030 (sbs=18.2943) vs_sbs=-0.50%
      ATSP: top1=0.771 mean_cost=1.6361 (sbs=1.6735) vs_sbs=-2.23%
      OVRP: top1=0.353 mean_cost=7.4581 (sbs=7.4617) vs_sbs=-0.05%
      VRPB: top1=0.557 mean_cost=9.3337 (sbs=9.3403) vs_sbs=-0.07%
      VRPL: top1=0.303 mean_cost=12.4058 (sbs=12.4072) vs_sbs=-0.01%
     VRPTW: top1=0.459 mean_cost=17.9055 (sbs=18.6571) vs_sbs=-4.03%
    OVRPTW: top1=0.498 mean_cost=10.0440 (sbs=10.0484) vs_sbs=-0.04%
     OVRPB: top1=0.561 mean_cost=6.3210 (sbs=6.3220) vs_sbs=-0.02%
     OVRPL: top1=0.389 mean_cost=7.4337 (sbs=7.4376) vs_sbs=-0.05%
     VRPBL: top1=0.538 mean_cost=9.3560 (sbs=9.3593) vs_sbs=-0.03%
    VRPBTW: top1=0.426 mean_cost=19.0456 (sbs=19.6697) vs_sbs=-3.17%
    VRPLTW: top1=0.426 mean_cost=17.6630 (sbs=18.5091) vs_sbs=-4.57%
    OVRPBL: top1=0.541 mean_cost=6.3082 (sbs=6.3103) vs_sbs=-0.03%
   OVRPBTW: top1=0.511 mean_cost=10.4963 (sbs=10.5068) vs_sbs=-0.10%
   OVRPLTW: top1=0.478 mean_cost=10.1302 (sbs=10.1272) vs_sbs=+0.03%
   VRPBLTW: top1=0.439 mean_cost=18.9546 (sbs=19.5198) vs_sbs=-2.90%
  OVRPBLTW: top1=0.504 mean_cost=10.5343 (sbs=10.5412) vs_sbs=-0.07%
[comparisons epoch 14] true3=0.69982 R42A_top2=0.57861
[best] epoch=14 vs_sbs=-1.013556% top1=0.47772
[train epoch 15] update=180/1422 global=20088 loss=0.59412 cmp=0.49717 KL=0.00678 lr=5e-05 samples/s=1924
[train epoch 15] update=360/1422 global=20268 loss=0.59144 cmp=0.49568 KL=0.00688 lr=5e-05 samples/s=1923
[AMP retry] same batch; lower scale=32768.0
[train epoch 15] update=540/1422 global=20448 loss=0.59200 cmp=0.49525 KL=0.00688 lr=5e-05 samples/s=1917
[train epoch 15] update=720/1422 global=20628 loss=0.59188 cmp=0.49527 KL=0.00682 lr=5e-05 samples/s=1919
[train epoch 15] update=900/1422 global=20808 loss=0.59152 cmp=0.49507 KL=0.00681 lr=5e-05 samples/s=1920
[train epoch 15] update=1080/1422 global=20988 loss=0.59214 cmp=0.49539 KL=0.00682 lr=5e-05 samples/s=1921
[train epoch 15] update=1260/1422 global=21168 loss=0.59215 cmp=0.49531 KL=0.00681 lr=5e-05 samples/s=1923
[train epoch 15] update=1422/1422 global=21330 loss=0.59269 cmp=0.49552 KL=0.00677 lr=5e-05 samples/s=1907
[train_eval epoch 15] top1=0.47477 CE=1.11776 actual_regret=0.98023%
[eval epoch 15] macro_top1=0.4732 top2=0.8128 top3=0.9194 vs_sbs=-1.009% vbs_closed=+28.55%
       TSP: top1=0.380 mean_cost=7.9140 (sbs=7.9578) vs_sbs=-0.55%
      CVRP: top1=0.461 mean_cost=18.2085 (sbs=18.2943) vs_sbs=-0.47%
      ATSP: top1=0.695 mean_cost=1.6383 (sbs=1.6735) vs_sbs=-2.10%
      OVRP: top1=0.365 mean_cost=7.4535 (sbs=7.4617) vs_sbs=-0.11%
      VRPB: top1=0.554 mean_cost=9.3344 (sbs=9.3403) vs_sbs=-0.06%
      VRPL: top1=0.314 mean_cost=12.4038 (sbs=12.4072) vs_sbs=-0.03%
     VRPTW: top1=0.436 mean_cost=17.9224 (sbs=18.6571) vs_sbs=-3.94%
    OVRPTW: top1=0.513 mean_cost=10.0402 (sbs=10.0484) vs_sbs=-0.08%
     OVRPB: top1=0.569 mean_cost=6.3194 (sbs=6.3220) vs_sbs=-0.04%
     OVRPL: top1=0.350 mean_cost=7.4398 (sbs=7.4376) vs_sbs=+0.03%
     VRPBL: top1=0.539 mean_cost=9.3572 (sbs=9.3593) vs_sbs=-0.02%
    VRPBTW: top1=0.437 mean_cost=19.0587 (sbs=19.6697) vs_sbs=-3.11%
    VRPLTW: top1=0.439 mean_cost=17.6491 (sbs=18.5091) vs_sbs=-4.65%
    OVRPBL: top1=0.564 mean_cost=6.3065 (sbs=6.3103) vs_sbs=-0.06%
   OVRPBTW: top1=0.497 mean_cost=10.4986 (sbs=10.5068) vs_sbs=-0.08%
   OVRPLTW: top1=0.500 mean_cost=10.1274 (sbs=10.1272) vs_sbs=+0.00%
   VRPBLTW: top1=0.418 mean_cost=18.9627 (sbs=19.5198) vs_sbs=-2.85%
  OVRPBLTW: top1=0.486 mean_cost=10.5372 (sbs=10.5412) vs_sbs=-0.04%
[comparisons epoch 15] true3=0.69701 R42A_top2=0.57352
[train epoch 16] update=180/1422 global=21510 loss=0.59165 cmp=0.49660 KL=0.00686 lr=5e-05 samples/s=1922
[train epoch 16] update=360/1422 global=21690 loss=0.59139 cmp=0.49512 KL=0.00681 lr=5e-05 samples/s=1926
[train epoch 16] update=540/1422 global=21870 loss=0.59173 cmp=0.49465 KL=0.00677 lr=5e-05 samples/s=1928
[train epoch 16] update=720/1422 global=22050 loss=0.59127 cmp=0.49441 KL=0.00675 lr=5e-05 samples/s=1928
[train epoch 16] update=900/1422 global=22230 loss=0.59191 cmp=0.49482 KL=0.00675 lr=5e-05 samples/s=1927
[train epoch 16] update=1080/1422 global=22410 loss=0.59170 cmp=0.49475 KL=0.00677 lr=5e-05 samples/s=1926
[AMP retry] same batch; lower scale=32768.0
[train epoch 16] update=1260/1422 global=22590 loss=0.59129 cmp=0.49433 KL=0.00678 lr=5e-05 samples/s=1922
[train epoch 16] update=1422/1422 global=22752 loss=0.59119 cmp=0.49447 KL=0.00677 lr=5e-05 samples/s=1904
[eval epoch 16] macro_top1=0.4691 top2=0.8108 top3=0.9209 vs_sbs=-1.009% vbs_closed=+27.64%
       TSP: top1=0.343 mean_cost=7.9249 (sbs=7.9578) vs_sbs=-0.41%
      CVRP: top1=0.459 mean_cost=18.2169 (sbs=18.2943) vs_sbs=-0.42%
      ATSP: top1=0.718 mean_cost=1.6375 (sbs=1.6735) vs_sbs=-2.15%
      OVRP: top1=0.310 mean_cost=7.4620 (sbs=7.4617) vs_sbs=+0.00%
      VRPB: top1=0.549 mean_cost=9.3337 (sbs=9.3403) vs_sbs=-0.07%
      VRPL: top1=0.305 mean_cost=12.4043 (sbs=12.4072) vs_sbs=-0.02%
     VRPTW: top1=0.436 mean_cost=17.9064 (sbs=18.6571) vs_sbs=-4.02%
    OVRPTW: top1=0.502 mean_cost=10.0392 (sbs=10.0484) vs_sbs=-0.09%
     OVRPB: top1=0.568 mean_cost=6.3170 (sbs=6.3220) vs_sbs=-0.08%
     OVRPL: top1=0.365 mean_cost=7.4368 (sbs=7.4376) vs_sbs=-0.01%
     VRPBL: top1=0.552 mean_cost=9.3543 (sbs=9.3593) vs_sbs=-0.05%
    VRPBTW: top1=0.446 mean_cost=19.0620 (sbs=19.6697) vs_sbs=-3.09%
    VRPLTW: top1=0.455 mean_cost=17.6381 (sbs=18.5091) vs_sbs=-4.71%
    OVRPBL: top1=0.571 mean_cost=6.3063 (sbs=6.3103) vs_sbs=-0.06%
   OVRPBTW: top1=0.463 mean_cost=10.5040 (sbs=10.5068) vs_sbs=-0.03%
   OVRPLTW: top1=0.498 mean_cost=10.1284 (sbs=10.1272) vs_sbs=+0.01%
   VRPBLTW: top1=0.424 mean_cost=18.9508 (sbs=19.5198) vs_sbs=-2.91%
  OVRPBLTW: top1=0.480 mean_cost=10.5368 (sbs=10.5412) vs_sbs=-0.04%
[comparisons epoch 16] true3=0.69645 R42A_top2=0.56912
[train epoch 17] update=180/1422 global=22932 loss=0.59200 cmp=0.49501 KL=0.00668 lr=5e-05 samples/s=1923
[train epoch 17] update=360/1422 global=23112 loss=0.59173 cmp=0.49477 KL=0.00671 lr=5e-05 samples/s=1926
[train epoch 17] update=540/1422 global=23292 loss=0.59043 cmp=0.49408 KL=0.00667 lr=5e-05 samples/s=1927
[train epoch 17] update=720/1422 global=23472 loss=0.59060 cmp=0.49429 KL=0.00671 lr=5e-05 samples/s=1925
[train epoch 17] update=900/1422 global=23652 loss=0.59072 cmp=0.49422 KL=0.00672 lr=5e-05 samples/s=1925
[train epoch 17] update=1080/1422 global=23832 loss=0.59080 cmp=0.49433 KL=0.00673 lr=5e-05 samples/s=1926
[train epoch 17] update=1260/1422 global=24012 loss=0.59075 cmp=0.49423 KL=0.00677 lr=5e-05 samples/s=1928
[train epoch 17] update=1422/1422 global=24174 loss=0.59080 cmp=0.49425 KL=0.00677 lr=5e-05 samples/s=1911
[eval epoch 17] macro_top1=0.4748 top2=0.8159 top3=0.9245 vs_sbs=-0.984% vbs_closed=+27.52%
       TSP: top1=0.388 mean_cost=7.9173 (sbs=7.9578) vs_sbs=-0.51%
      CVRP: top1=0.470 mean_cost=18.2044 (sbs=18.2943) vs_sbs=-0.49%
      ATSP: top1=0.712 mean_cost=1.6439 (sbs=1.6735) vs_sbs=-1.77%
      OVRP: top1=0.336 mean_cost=7.4591 (sbs=7.4617) vs_sbs=-0.03%
      VRPB: top1=0.552 mean_cost=9.3339 (sbs=9.3403) vs_sbs=-0.07%
      VRPL: top1=0.300 mean_cost=12.4045 (sbs=12.4072) vs_sbs=-0.02%
     VRPTW: top1=0.443 mean_cost=17.9319 (sbs=18.6571) vs_sbs=-3.89%
    OVRPTW: top1=0.509 mean_cost=10.0411 (sbs=10.0484) vs_sbs=-0.07%
     OVRPB: top1=0.568 mean_cost=6.3200 (sbs=6.3220) vs_sbs=-0.03%
     OVRPL: top1=0.362 mean_cost=7.4355 (sbs=7.4376) vs_sbs=-0.03%
     VRPBL: top1=0.543 mean_cost=9.3568 (sbs=9.3593) vs_sbs=-0.03%
    VRPBTW: top1=0.420 mean_cost=19.0738 (sbs=19.6697) vs_sbs=-3.03%
    VRPLTW: top1=0.447 mean_cost=17.6524 (sbs=18.5091) vs_sbs=-4.63%
    OVRPBL: top1=0.563 mean_cost=6.3060 (sbs=6.3103) vs_sbs=-0.07%
   OVRPBTW: top1=0.505 mean_cost=10.4986 (sbs=10.5068) vs_sbs=-0.08%
   OVRPLTW: top1=0.493 mean_cost=10.1282 (sbs=10.1272) vs_sbs=+0.01%
   VRPBLTW: top1=0.442 mean_cost=18.9479 (sbs=19.5198) vs_sbs=-2.93%
  OVRPBLTW: top1=0.493 mean_cost=10.5361 (sbs=10.5412) vs_sbs=-0.05%
[comparisons epoch 17] true3=0.69929 R42A_top2=0.57720
[schedule] validation cost plateau: next lr=2.5e-05
[train epoch 18] update=180/1422 global=24354 loss=0.58496 cmp=0.49041 KL=0.00696 lr=2.5e-05 samples/s=1928
[train epoch 18] update=360/1422 global=24534 loss=0.58495 cmp=0.49009 KL=0.00699 lr=2.5e-05 samples/s=1927
[train epoch 18] update=540/1422 global=24714 loss=0.58594 cmp=0.49063 KL=0.00699 lr=2.5e-05 samples/s=1928
[train epoch 18] update=720/1422 global=24894 loss=0.58549 cmp=0.49018 KL=0.00697 lr=2.5e-05 samples/s=1927
[train epoch 18] update=900/1422 global=25074 loss=0.58484 cmp=0.49017 KL=0.00700 lr=2.5e-05 samples/s=1929
[train epoch 18] update=1080/1422 global=25254 loss=0.58467 cmp=0.49006 KL=0.00700 lr=2.5e-05 samples/s=1929
[train epoch 18] update=1260/1422 global=25434 loss=0.58481 cmp=0.49043 KL=0.00702 lr=2.5e-05 samples/s=1927
[train epoch 18] update=1422/1422 global=25596 loss=0.58497 cmp=0.49045 KL=0.00706 lr=2.5e-05 samples/s=1909
[eval epoch 18] macro_top1=0.4841 top2=0.8191 top3=0.9245 vs_sbs=-1.044% vbs_closed=+30.68%
       TSP: top1=0.362 mean_cost=7.9171 (sbs=7.9578) vs_sbs=-0.51%
      CVRP: top1=0.475 mean_cost=18.2013 (sbs=18.2943) vs_sbs=-0.51%
      ATSP: top1=0.776 mean_cost=1.6359 (sbs=1.6735) vs_sbs=-2.25%
      OVRP: top1=0.355 mean_cost=7.4547 (sbs=7.4617) vs_sbs=-0.09%
      VRPB: top1=0.546 mean_cost=9.3352 (sbs=9.3403) vs_sbs=-0.05%
      VRPL: top1=0.316 mean_cost=12.4031 (sbs=12.4072) vs_sbs=-0.03%
     VRPTW: top1=0.465 mean_cost=17.9062 (sbs=18.6571) vs_sbs=-4.02%
    OVRPTW: top1=0.510 mean_cost=10.0404 (sbs=10.0484) vs_sbs=-0.08%
     OVRPB: top1=0.575 mean_cost=6.3173 (sbs=6.3220) vs_sbs=-0.07%
     OVRPL: top1=0.383 mean_cost=7.4322 (sbs=7.4376) vs_sbs=-0.07%
     VRPBL: top1=0.544 mean_cost=9.3552 (sbs=9.3593) vs_sbs=-0.04%
    VRPBTW: top1=0.441 mean_cost=19.0389 (sbs=19.6697) vs_sbs=-3.21%
    VRPLTW: top1=0.455 mean_cost=17.6414 (sbs=18.5091) vs_sbs=-4.69%
    OVRPBL: top1=0.573 mean_cost=6.3045 (sbs=6.3103) vs_sbs=-0.09%
   OVRPBTW: top1=0.516 mean_cost=10.4931 (sbs=10.5068) vs_sbs=-0.13%
   OVRPLTW: top1=0.504 mean_cost=10.1247 (sbs=10.1272) vs_sbs=-0.02%
   VRPBLTW: top1=0.420 mean_cost=18.9598 (sbs=19.5198) vs_sbs=-2.87%
  OVRPBLTW: top1=0.498 mean_cost=10.5371 (sbs=10.5412) vs_sbs=-0.04%
[comparisons epoch 18] true3=0.70228 R42A_top2=0.58389
[best] epoch=18 vs_sbs=-1.043997% top1=0.48411
[train epoch 19] update=180/1422 global=25776 loss=0.58149 cmp=0.48804 KL=0.00704 lr=2.5e-05 samples/s=1926
[train epoch 19] update=360/1422 global=25956 loss=0.58407 cmp=0.48967 KL=0.00709 lr=2.5e-05 samples/s=1926
[train epoch 19] update=540/1422 global=26136 loss=0.58408 cmp=0.48970 KL=0.00711 lr=2.5e-05 samples/s=1926
[train epoch 19] update=720/1422 global=26316 loss=0.58423 cmp=0.49009 KL=0.00715 lr=2.5e-05 samples/s=1926
[train epoch 19] update=900/1422 global=26496 loss=0.58441 cmp=0.49029 KL=0.00716 lr=2.5e-05 samples/s=1926
[AMP retry] same batch; lower scale=65536.0
[train epoch 19] update=1080/1422 global=26676 loss=0.58415 cmp=0.49014 KL=0.00717 lr=2.5e-05 samples/s=1923
[train epoch 19] update=1260/1422 global=26856 loss=0.58392 cmp=0.48994 KL=0.00715 lr=2.5e-05 samples/s=1922
[train epoch 19] update=1422/1422 global=27018 loss=0.58387 cmp=0.48987 KL=0.00715 lr=2.5e-05 samples/s=1904
[eval epoch 19] macro_top1=0.4852 top2=0.8206 top3=0.9251 vs_sbs=-1.040% vbs_closed=+30.42%
       TSP: top1=0.375 mean_cost=7.9165 (sbs=7.9578) vs_sbs=-0.52%
      CVRP: top1=0.481 mean_cost=18.2000 (sbs=18.2943) vs_sbs=-0.52%
      ATSP: top1=0.779 mean_cost=1.6354 (sbs=1.6735) vs_sbs=-2.28%
      OVRP: top1=0.343 mean_cost=7.4557 (sbs=7.4617) vs_sbs=-0.08%
      VRPB: top1=0.557 mean_cost=9.3334 (sbs=9.3403) vs_sbs=-0.07%
      VRPL: top1=0.311 mean_cost=12.4037 (sbs=12.4072) vs_sbs=-0.03%
     VRPTW: top1=0.455 mean_cost=17.9077 (sbs=18.6571) vs_sbs=-4.02%
    OVRPTW: top1=0.519 mean_cost=10.0383 (sbs=10.0484) vs_sbs=-0.10%
     OVRPB: top1=0.571 mean_cost=6.3191 (sbs=6.3220) vs_sbs=-0.05%
     OVRPL: top1=0.398 mean_cost=7.4312 (sbs=7.4376) vs_sbs=-0.09%
     VRPBL: top1=0.537 mean_cost=9.3564 (sbs=9.3593) vs_sbs=-0.03%
    VRPBTW: top1=0.444 mean_cost=19.0319 (sbs=19.6697) vs_sbs=-3.24%
    VRPLTW: top1=0.467 mean_cost=17.6662 (sbs=18.5091) vs_sbs=-4.55%
    OVRPBL: top1=0.572 mean_cost=6.3049 (sbs=6.3103) vs_sbs=-0.08%
   OVRPBTW: top1=0.491 mean_cost=10.5001 (sbs=10.5068) vs_sbs=-0.06%
   OVRPLTW: top1=0.505 mean_cost=10.1263 (sbs=10.1272) vs_sbs=-0.01%
   VRPBLTW: top1=0.433 mean_cost=18.9453 (sbs=19.5198) vs_sbs=-2.94%
  OVRPBLTW: top1=0.495 mean_cost=10.5352 (sbs=10.5412) vs_sbs=-0.06%
[comparisons epoch 19] true3=0.70364 R42A_top2=0.58261
[train epoch 20] update=180/1422 global=27198 loss=0.58202 cmp=0.48746 KL=0.00731 lr=2.5e-05 samples/s=1927
[train epoch 20] update=360/1422 global=27378 loss=0.58371 cmp=0.49008 KL=0.00726 lr=2.5e-05 samples/s=1925
[train epoch 20] update=540/1422 global=27558 loss=0.58435 cmp=0.49019 KL=0.00714 lr=2.5e-05 samples/s=1922
[train epoch 20] update=720/1422 global=27738 loss=0.58336 cmp=0.48940 KL=0.00720 lr=2.5e-05 samples/s=1923
[train epoch 20] update=900/1422 global=27918 loss=0.58335 cmp=0.48927 KL=0.00719 lr=2.5e-05 samples/s=1923
[AMP retry] same batch; lower scale=32768.0
[train epoch 20] update=1080/1422 global=28098 loss=0.58374 cmp=0.48953 KL=0.00719 lr=2.5e-05 samples/s=1919
[train epoch 20] update=1260/1422 global=28278 loss=0.58390 cmp=0.48984 KL=0.00719 lr=2.5e-05 samples/s=1919
[train epoch 20] update=1422/1422 global=28440 loss=0.58355 cmp=0.48961 KL=0.00723 lr=2.5e-05 samples/s=1901
[train_eval epoch 20] top1=0.48442 CE=1.09133 actual_regret=0.94881%
[eval epoch 20] macro_top1=0.4803 top2=0.8161 top3=0.9238 vs_sbs=-1.034% vbs_closed=+29.15%
       TSP: top1=0.379 mean_cost=7.9153 (sbs=7.9578) vs_sbs=-0.53%
      CVRP: top1=0.470 mean_cost=18.2031 (sbs=18.2943) vs_sbs=-0.50%
      ATSP: top1=0.777 mean_cost=1.6352 (sbs=1.6735) vs_sbs=-2.29%
      OVRP: top1=0.329 mean_cost=7.4606 (sbs=7.4617) vs_sbs=-0.01%
      VRPB: top1=0.549 mean_cost=9.3342 (sbs=9.3403) vs_sbs=-0.06%
      VRPL: top1=0.308 mean_cost=12.4037 (sbs=12.4072) vs_sbs=-0.03%
     VRPTW: top1=0.466 mean_cost=17.8966 (sbs=18.6571) vs_sbs=-4.08%
    OVRPTW: top1=0.505 mean_cost=10.0430 (sbs=10.0484) vs_sbs=-0.05%
     OVRPB: top1=0.581 mean_cost=6.3179 (sbs=6.3220) vs_sbs=-0.06%
     OVRPL: top1=0.339 mean_cost=7.4409 (sbs=7.4376) vs_sbs=+0.05%
     VRPBL: top1=0.546 mean_cost=9.3549 (sbs=9.3593) vs_sbs=-0.05%
    VRPBTW: top1=0.423 mean_cost=19.0504 (sbs=19.6697) vs_sbs=-3.15%
    VRPLTW: top1=0.460 mean_cost=17.6378 (sbs=18.5091) vs_sbs=-4.71%
    OVRPBL: top1=0.568 mean_cost=6.3062 (sbs=6.3103) vs_sbs=-0.06%
   OVRPBTW: top1=0.506 mean_cost=10.4974 (sbs=10.5068) vs_sbs=-0.09%
   OVRPLTW: top1=0.509 mean_cost=10.1243 (sbs=10.1272) vs_sbs=-0.03%
   VRPBLTW: top1=0.425 mean_cost=18.9624 (sbs=19.5198) vs_sbs=-2.86%
  OVRPBLTW: top1=0.506 mean_cost=10.5319 (sbs=10.5412) vs_sbs=-0.09%
[comparisons epoch 20] true3=0.70211 R42A_top2=0.57760
[train epoch 21] update=180/1422 global=28620 loss=0.58393 cmp=0.49194 KL=0.00716 lr=2.5e-05 samples/s=1914
[train epoch 21] update=360/1422 global=28800 loss=0.58346 cmp=0.49100 KL=0.00731 lr=2.5e-05 samples/s=1916
[train epoch 21] update=540/1422 global=28980 loss=0.58401 cmp=0.49061 KL=0.00728 lr=2.5e-05 samples/s=1922
[train epoch 21] update=720/1422 global=29160 loss=0.58309 cmp=0.48965 KL=0.00725 lr=2.5e-05 samples/s=1924
[train epoch 21] update=900/1422 global=29340 loss=0.58237 cmp=0.48911 KL=0.00724 lr=2.5e-05 samples/s=1924
[train epoch 21] update=1080/1422 global=29520 loss=0.58181 cmp=0.48867 KL=0.00726 lr=2.5e-05 samples/s=1923
[train epoch 21] update=1260/1422 global=29700 loss=0.58253 cmp=0.48894 KL=0.00726 lr=2.5e-05 samples/s=1923
[train epoch 21] update=1422/1422 global=29862 loss=0.58272 cmp=0.48900 KL=0.00724 lr=2.5e-05 samples/s=1906
[eval epoch 21] macro_top1=0.4824 top2=0.8162 top3=0.9228 vs_sbs=-1.035% vbs_closed=+30.24%
       TSP: top1=0.379 mean_cost=7.9136 (sbs=7.9578) vs_sbs=-0.56%
      CVRP: top1=0.472 mean_cost=18.2060 (sbs=18.2943) vs_sbs=-0.48%
      ATSP: top1=0.778 mean_cost=1.6356 (sbs=1.6735) vs_sbs=-2.27%
      OVRP: top1=0.349 mean_cost=7.4550 (sbs=7.4617) vs_sbs=-0.09%
      VRPB: top1=0.551 mean_cost=9.3339 (sbs=9.3403) vs_sbs=-0.07%
      VRPL: top1=0.318 mean_cost=12.4027 (sbs=12.4072) vs_sbs=-0.04%
     VRPTW: top1=0.447 mean_cost=17.9101 (sbs=18.6571) vs_sbs=-4.00%
    OVRPTW: top1=0.521 mean_cost=10.0376 (sbs=10.0484) vs_sbs=-0.11%
     OVRPB: top1=0.575 mean_cost=6.3183 (sbs=6.3220) vs_sbs=-0.06%
     OVRPL: top1=0.382 mean_cost=7.4335 (sbs=7.4376) vs_sbs=-0.06%
     VRPBL: top1=0.543 mean_cost=9.3563 (sbs=9.3593) vs_sbs=-0.03%
    VRPBTW: top1=0.450 mean_cost=19.0526 (sbs=19.6697) vs_sbs=-3.14%
    VRPLTW: top1=0.447 mean_cost=17.6399 (sbs=18.5091) vs_sbs=-4.70%
    OVRPBL: top1=0.574 mean_cost=6.3043 (sbs=6.3103) vs_sbs=-0.09%
   OVRPBTW: top1=0.495 mean_cost=10.5007 (sbs=10.5068) vs_sbs=-0.06%
   OVRPLTW: top1=0.504 mean_cost=10.1266 (sbs=10.1272) vs_sbs=-0.01%
   VRPBLTW: top1=0.412 mean_cost=18.9644 (sbs=19.5198) vs_sbs=-2.85%
  OVRPBLTW: top1=0.487 mean_cost=10.5365 (sbs=10.5412) vs_sbs=-0.04%
[comparisons epoch 21] true3=0.70190 R42A_top2=0.58061
[schedule] validation cost plateau: next lr=1.3e-05
[train epoch 22] update=180/1422 global=30042 loss=0.58257 cmp=0.48835 KL=0.00708 lr=1.3e-05 samples/s=1921
[train epoch 22] update=360/1422 global=30222 loss=0.58162 cmp=0.48849 KL=0.00721 lr=1.3e-05 samples/s=1925
[train epoch 22] update=540/1422 global=30402 loss=0.58110 cmp=0.48808 KL=0.00724 lr=1.3e-05 samples/s=1925
[train epoch 22] update=720/1422 global=30582 loss=0.58016 cmp=0.48785 KL=0.00730 lr=1.3e-05 samples/s=1923
[train epoch 22] update=900/1422 global=30762 loss=0.57986 cmp=0.48792 KL=0.00733 lr=1.3e-05 samples/s=1924
[train epoch 22] update=1080/1422 global=30942 loss=0.57969 cmp=0.48769 KL=0.00735 lr=1.3e-05 samples/s=1924
[train epoch 22] update=1260/1422 global=31122 loss=0.57962 cmp=0.48728 KL=0.00737 lr=1.3e-05 samples/s=1923
[train epoch 22] update=1422/1422 global=31284 loss=0.57992 cmp=0.48738 KL=0.00738 lr=1.3e-05 samples/s=1906
[eval epoch 22] macro_top1=0.4877 top2=0.8219 top3=0.9254 vs_sbs=-1.060% vbs_closed=+31.46%
       TSP: top1=0.380 mean_cost=7.9147 (sbs=7.9578) vs_sbs=-0.54%
      CVRP: top1=0.470 mean_cost=18.2026 (sbs=18.2943) vs_sbs=-0.50%
      ATSP: top1=0.782 mean_cost=1.6346 (sbs=1.6735) vs_sbs=-2.33%
      OVRP: top1=0.373 mean_cost=7.4524 (sbs=7.4617) vs_sbs=-0.12%
      VRPB: top1=0.546 mean_cost=9.3348 (sbs=9.3403) vs_sbs=-0.06%
      VRPL: top1=0.328 mean_cost=12.4014 (sbs=12.4072) vs_sbs=-0.05%
     VRPTW: top1=0.463 mean_cost=17.8883 (sbs=18.6571) vs_sbs=-4.12%
    OVRPTW: top1=0.511 mean_cost=10.0405 (sbs=10.0484) vs_sbs=-0.08%
     OVRPB: top1=0.583 mean_cost=6.3179 (sbs=6.3220) vs_sbs=-0.06%
     OVRPL: top1=0.391 mean_cost=7.4316 (sbs=7.4376) vs_sbs=-0.08%
     VRPBL: top1=0.543 mean_cost=9.3559 (sbs=9.3593) vs_sbs=-0.04%
    VRPBTW: top1=0.440 mean_cost=19.0411 (sbs=19.6697) vs_sbs=-3.20%
    VRPLTW: top1=0.458 mean_cost=17.6303 (sbs=18.5091) vs_sbs=-4.75%
    OVRPBL: top1=0.578 mean_cost=6.3048 (sbs=6.3103) vs_sbs=-0.09%
   OVRPBTW: top1=0.498 mean_cost=10.4971 (sbs=10.5068) vs_sbs=-0.09%
   OVRPLTW: top1=0.513 mean_cost=10.1224 (sbs=10.1272) vs_sbs=-0.05%
   VRPBLTW: top1=0.420 mean_cost=18.9567 (sbs=19.5198) vs_sbs=-2.88%
  OVRPBLTW: top1=0.502 mean_cost=10.5361 (sbs=10.5412) vs_sbs=-0.05%
[comparisons epoch 22] true3=0.70339 R42A_top2=0.58406
[best] epoch=22 vs_sbs=-1.060200% top1=0.48772
[train epoch 23] update=180/1422 global=31464 loss=0.57726 cmp=0.48415 KL=0.00742 lr=1.3e-05 samples/s=1934
[train epoch 23] update=360/1422 global=31644 loss=0.57885 cmp=0.48645 KL=0.00752 lr=1.3e-05 samples/s=1933
[train epoch 23] update=540/1422 global=31824 loss=0.57901 cmp=0.48668 KL=0.00754 lr=1.3e-05 samples/s=1932
[train epoch 23] update=720/1422 global=32004 loss=0.57985 cmp=0.48753 KL=0.00757 lr=1.3e-05 samples/s=1930
[train epoch 23] update=900/1422 global=32184 loss=0.57903 cmp=0.48692 KL=0.00756 lr=1.3e-05 samples/s=1932
[train epoch 23] update=1080/1422 global=32364 loss=0.57951 cmp=0.48710 KL=0.00755 lr=1.3e-05 samples/s=1931
[train epoch 23] update=1260/1422 global=32544 loss=0.57989 cmp=0.48741 KL=0.00757 lr=1.3e-05 samples/s=1931
[train epoch 23] update=1422/1422 global=32706 loss=0.57966 cmp=0.48712 KL=0.00758 lr=1.3e-05 samples/s=1912
[eval epoch 23] macro_top1=0.4843 top2=0.8225 top3=0.9259 vs_sbs=-1.042% vbs_closed=+30.37%
       TSP: top1=0.378 mean_cost=7.9172 (sbs=7.9578) vs_sbs=-0.51%
      CVRP: top1=0.469 mean_cost=18.2051 (sbs=18.2943) vs_sbs=-0.49%
      ATSP: top1=0.781 mean_cost=1.6354 (sbs=1.6735) vs_sbs=-2.28%
      OVRP: top1=0.363 mean_cost=7.4529 (sbs=7.4617) vs_sbs=-0.12%
      VRPB: top1=0.553 mean_cost=9.3343 (sbs=9.3403) vs_sbs=-0.06%
      VRPL: top1=0.313 mean_cost=12.4034 (sbs=12.4072) vs_sbs=-0.03%
     VRPTW: top1=0.466 mean_cost=17.8987 (sbs=18.6571) vs_sbs=-4.06%
    OVRPTW: top1=0.513 mean_cost=10.0405 (sbs=10.0484) vs_sbs=-0.08%
     OVRPB: top1=0.575 mean_cost=6.3189 (sbs=6.3220) vs_sbs=-0.05%
     OVRPL: top1=0.407 mean_cost=7.4311 (sbs=7.4376) vs_sbs=-0.09%
     VRPBL: top1=0.536 mean_cost=9.3573 (sbs=9.3593) vs_sbs=-0.02%
    VRPBTW: top1=0.417 mean_cost=19.0488 (sbs=19.6697) vs_sbs=-3.16%
    VRPLTW: top1=0.452 mean_cost=17.6394 (sbs=18.5091) vs_sbs=-4.70%
    OVRPBL: top1=0.569 mean_cost=6.3055 (sbs=6.3103) vs_sbs=-0.08%
   OVRPBTW: top1=0.502 mean_cost=10.4960 (sbs=10.5068) vs_sbs=-0.10%
   OVRPLTW: top1=0.500 mean_cost=10.1257 (sbs=10.1272) vs_sbs=-0.01%
   VRPBLTW: top1=0.427 mean_cost=18.9582 (sbs=19.5198) vs_sbs=-2.88%
  OVRPBLTW: top1=0.497 mean_cost=10.5370 (sbs=10.5412) vs_sbs=-0.04%
[comparisons epoch 23] true3=0.70335 R42A_top2=0.58324
[train epoch 24] update=180/1422 global=32886 loss=0.58090 cmp=0.48720 KL=0.00752 lr=1.3e-05 samples/s=1923
[train epoch 24] update=360/1422 global=33066 loss=0.57969 cmp=0.48758 KL=0.00762 lr=1.3e-05 samples/s=1924
[train epoch 24] update=540/1422 global=33246 loss=0.57912 cmp=0.48737 KL=0.00764 lr=1.3e-05 samples/s=1925
[train epoch 24] update=720/1422 global=33426 loss=0.57943 cmp=0.48743 KL=0.00763 lr=1.3e-05 samples/s=1923
[train epoch 24] update=900/1422 global=33606 loss=0.57925 cmp=0.48702 KL=0.00766 lr=1.3e-05 samples/s=1923
[AMP retry] same batch; lower scale=65536.0
[train epoch 24] update=1080/1422 global=33786 loss=0.57919 cmp=0.48672 KL=0.00767 lr=1.3e-05 samples/s=1921
[train epoch 24] update=1260/1422 global=33966 loss=0.57896 cmp=0.48669 KL=0.00767 lr=1.3e-05 samples/s=1922
[train epoch 24] update=1422/1422 global=34128 loss=0.57940 cmp=0.48692 KL=0.00763 lr=1.3e-05 samples/s=1904
[eval epoch 24] macro_top1=0.4839 top2=0.8217 top3=0.9275 vs_sbs=-1.049% vbs_closed=+30.37%
       TSP: top1=0.371 mean_cost=7.9169 (sbs=7.9578) vs_sbs=-0.51%
      CVRP: top1=0.480 mean_cost=18.2035 (sbs=18.2943) vs_sbs=-0.50%
      ATSP: top1=0.786 mean_cost=1.6350 (sbs=1.6735) vs_sbs=-2.30%
      OVRP: top1=0.349 mean_cost=7.4548 (sbs=7.4617) vs_sbs=-0.09%
      VRPB: top1=0.551 mean_cost=9.3347 (sbs=9.3403) vs_sbs=-0.06%
      VRPL: top1=0.320 mean_cost=12.4010 (sbs=12.4072) vs_sbs=-0.05%
     VRPTW: top1=0.453 mean_cost=17.9064 (sbs=18.6571) vs_sbs=-4.02%
    OVRPTW: top1=0.505 mean_cost=10.0411 (sbs=10.0484) vs_sbs=-0.07%
     OVRPB: top1=0.572 mean_cost=6.3191 (sbs=6.3220) vs_sbs=-0.05%
     OVRPL: top1=0.410 mean_cost=7.4307 (sbs=7.4376) vs_sbs=-0.09%
     VRPBL: top1=0.537 mean_cost=9.3569 (sbs=9.3593) vs_sbs=-0.02%
    VRPBTW: top1=0.446 mean_cost=19.0315 (sbs=19.6697) vs_sbs=-3.24%
    VRPLTW: top1=0.471 mean_cost=17.6232 (sbs=18.5091) vs_sbs=-4.79%
    OVRPBL: top1=0.576 mean_cost=6.3047 (sbs=6.3103) vs_sbs=-0.09%
   OVRPBTW: top1=0.467 mean_cost=10.5053 (sbs=10.5068) vs_sbs=-0.01%
   OVRPLTW: top1=0.500 mean_cost=10.1265 (sbs=10.1272) vs_sbs=-0.01%
   VRPBLTW: top1=0.419 mean_cost=18.9529 (sbs=19.5198) vs_sbs=-2.90%
  OVRPBLTW: top1=0.498 mean_cost=10.5350 (sbs=10.5412) vs_sbs=-0.06%
[comparisons epoch 24] true3=0.70370 R42A_top2=0.58190
[train epoch 25] update=180/1422 global=34308 loss=0.57759 cmp=0.48623 KL=0.00751 lr=1.3e-05 samples/s=1922
[train epoch 25] update=360/1422 global=34488 loss=0.57917 cmp=0.48737 KL=0.00754 lr=1.3e-05 samples/s=1927
[train epoch 25] update=540/1422 global=34668 loss=0.57945 cmp=0.48727 KL=0.00758 lr=1.3e-05 samples/s=1923
[train epoch 25] update=720/1422 global=34848 loss=0.57871 cmp=0.48671 KL=0.00765 lr=1.3e-05 samples/s=1922
[train epoch 25] update=900/1422 global=35028 loss=0.57875 cmp=0.48662 KL=0.00767 lr=1.3e-05 samples/s=1923
[train epoch 25] update=1080/1422 global=35208 loss=0.57904 cmp=0.48662 KL=0.00766 lr=1.3e-05 samples/s=1923
[train epoch 25] update=1260/1422 global=35388 loss=0.57883 cmp=0.48663 KL=0.00770 lr=1.3e-05 samples/s=1925
[train epoch 25] update=1422/1422 global=35550 loss=0.57906 cmp=0.48670 KL=0.00772 lr=1.3e-05 samples/s=1907
[train_eval epoch 25] top1=0.49168 CE=1.07439 actual_regret=0.93841%
[eval epoch 25] macro_top1=0.4830 top2=0.8213 top3=0.9269 vs_sbs=-1.027% vbs_closed=+29.88%
       TSP: top1=0.380 mean_cost=7.9162 (sbs=7.9578) vs_sbs=-0.52%
      CVRP: top1=0.468 mean_cost=18.2164 (sbs=18.2943) vs_sbs=-0.43%
      ATSP: top1=0.781 mean_cost=1.6350 (sbs=1.6735) vs_sbs=-2.30%
      OVRP: top1=0.363 mean_cost=7.4536 (sbs=7.4617) vs_sbs=-0.11%
      VRPB: top1=0.543 mean_cost=9.3363 (sbs=9.3403) vs_sbs=-0.04%
      VRPL: top1=0.316 mean_cost=12.4031 (sbs=12.4072) vs_sbs=-0.03%
     VRPTW: top1=0.433 mean_cost=17.9474 (sbs=18.6571) vs_sbs=-3.80%
    OVRPTW: top1=0.510 mean_cost=10.0403 (sbs=10.0484) vs_sbs=-0.08%
     OVRPB: top1=0.579 mean_cost=6.3182 (sbs=6.3220) vs_sbs=-0.06%
     OVRPL: top1=0.401 mean_cost=7.4311 (sbs=7.4376) vs_sbs=-0.09%
     VRPBL: top1=0.537 mean_cost=9.3574 (sbs=9.3593) vs_sbs=-0.02%
    VRPBTW: top1=0.439 mean_cost=19.0329 (sbs=19.6697) vs_sbs=-3.24%
    VRPLTW: top1=0.458 mean_cost=17.6563 (sbs=18.5091) vs_sbs=-4.61%
    OVRPBL: top1=0.574 mean_cost=6.3055 (sbs=6.3103) vs_sbs=-0.08%
   OVRPBTW: top1=0.487 mean_cost=10.4973 (sbs=10.5068) vs_sbs=-0.09%
   OVRPLTW: top1=0.505 mean_cost=10.1252 (sbs=10.1272) vs_sbs=-0.02%
   VRPBLTW: top1=0.422 mean_cost=18.9522 (sbs=19.5198) vs_sbs=-2.91%
  OVRPBLTW: top1=0.498 mean_cost=10.5344 (sbs=10.5412) vs_sbs=-0.06%
[comparisons epoch 25] true3=0.70363 R42A_top2=0.58079
[schedule] validation cost plateau: next lr=6.3e-06
[train epoch 26] update=180/1422 global=35730 loss=0.58035 cmp=0.48963 KL=0.00775 lr=6.3e-06 samples/s=1923
[train epoch 26] update=360/1422 global=35910 loss=0.57759 cmp=0.48656 KL=0.00779 lr=6.3e-06 samples/s=1924
[train epoch 26] update=540/1422 global=36090 loss=0.57804 cmp=0.48687 KL=0.00780 lr=6.3e-06 samples/s=1910
[train epoch 26] update=720/1422 global=36270 loss=0.57767 cmp=0.48603 KL=0.00775 lr=6.3e-06 samples/s=1894
[train epoch 26] update=900/1422 global=36450 loss=0.57778 cmp=0.48599 KL=0.00776 lr=6.3e-06 samples/s=1885
[train epoch 26] update=1080/1422 global=36630 loss=0.57741 cmp=0.48609 KL=0.00774 lr=6.3e-06 samples/s=1881
[train epoch 26] update=1260/1422 global=36810 loss=0.57748 cmp=0.48598 KL=0.00775 lr=6.3e-06 samples/s=1878
[AMP retry] same batch; lower scale=65536.0
[train epoch 26] update=1422/1422 global=36972 loss=0.57769 cmp=0.48591 KL=0.00774 lr=6.3e-06 samples/s=1858
[eval epoch 26] macro_top1=0.4861 top2=0.8220 top3=0.9276 vs_sbs=-1.053% vbs_closed=+30.78%
       TSP: top1=0.373 mean_cost=7.9173 (sbs=7.9578) vs_sbs=-0.51%
      CVRP: top1=0.481 mean_cost=18.2024 (sbs=18.2943) vs_sbs=-0.50%
      ATSP: top1=0.787 mean_cost=1.6346 (sbs=1.6735) vs_sbs=-2.33%
      OVRP: top1=0.366 mean_cost=7.4536 (sbs=7.4617) vs_sbs=-0.11%
      VRPB: top1=0.555 mean_cost=9.3357 (sbs=9.3403) vs_sbs=-0.05%
      VRPL: top1=0.315 mean_cost=12.4033 (sbs=12.4072) vs_sbs=-0.03%
     VRPTW: top1=0.462 mean_cost=17.9082 (sbs=18.6571) vs_sbs=-4.01%
    OVRPTW: top1=0.518 mean_cost=10.0406 (sbs=10.0484) vs_sbs=-0.08%
     OVRPB: top1=0.570 mean_cost=6.3186 (sbs=6.3220) vs_sbs=-0.05%
     OVRPL: top1=0.392 mean_cost=7.4314 (sbs=7.4376) vs_sbs=-0.08%
     VRPBL: top1=0.530 mean_cost=9.3576 (sbs=9.3593) vs_sbs=-0.02%
    VRPBTW: top1=0.442 mean_cost=19.0353 (sbs=19.6697) vs_sbs=-3.23%
    VRPLTW: top1=0.449 mean_cost=17.6230 (sbs=18.5091) vs_sbs=-4.79%
    OVRPBL: top1=0.572 mean_cost=6.3049 (sbs=6.3103) vs_sbs=-0.08%
   OVRPBTW: top1=0.510 mean_cost=10.4976 (sbs=10.5068) vs_sbs=-0.09%
   OVRPLTW: top1=0.502 mean_cost=10.1250 (sbs=10.1272) vs_sbs=-0.02%
   VRPBLTW: top1=0.413 mean_cost=18.9610 (sbs=19.5198) vs_sbs=-2.86%
  OVRPBLTW: top1=0.513 mean_cost=10.5299 (sbs=10.5412) vs_sbs=-0.11%
[comparisons epoch 26] true3=0.70421 R42A_top2=0.58412
[train epoch 27] update=180/1422 global=37152 loss=0.57722 cmp=0.48582 KL=0.00767 lr=6.3e-06 samples/s=1846
[train epoch 27] update=360/1422 global=37332 loss=0.57725 cmp=0.48562 KL=0.00776 lr=6.3e-06 samples/s=1848
[train epoch 27] update=540/1422 global=37512 loss=0.57704 cmp=0.48574 KL=0.00775 lr=6.3e-06 samples/s=1846
[train epoch 27] update=720/1422 global=37692 loss=0.57732 cmp=0.48566 KL=0.00776 lr=6.3e-06 samples/s=1847
[train epoch 27] update=900/1422 global=37872 loss=0.57715 cmp=0.48536 KL=0.00779 lr=6.3e-06 samples/s=1861
[train epoch 27] update=1080/1422 global=38052 loss=0.57717 cmp=0.48542 KL=0.00782 lr=6.3e-06 samples/s=1870
[train epoch 27] update=1260/1422 global=38232 loss=0.57726 cmp=0.48562 KL=0.00781 lr=6.3e-06 samples/s=1878
[train epoch 27] update=1422/1422 global=38394 loss=0.57724 cmp=0.48568 KL=0.00782 lr=6.3e-06 samples/s=1866
[eval epoch 27] macro_top1=0.4858 top2=0.8222 top3=0.9259 vs_sbs=-1.051% vbs_closed=+30.92%
       TSP: top1=0.372 mean_cost=7.9179 (sbs=7.9578) vs_sbs=-0.50%
      CVRP: top1=0.472 mean_cost=18.2039 (sbs=18.2943) vs_sbs=-0.49%
      ATSP: top1=0.786 mean_cost=1.6347 (sbs=1.6735) vs_sbs=-2.32%
      OVRP: top1=0.355 mean_cost=7.4542 (sbs=7.4617) vs_sbs=-0.10%
      VRPB: top1=0.555 mean_cost=9.3335 (sbs=9.3403) vs_sbs=-0.07%
      VRPL: top1=0.313 mean_cost=12.4027 (sbs=12.4072) vs_sbs=-0.04%
     VRPTW: top1=0.460 mean_cost=17.8983 (sbs=18.6571) vs_sbs=-4.07%
    OVRPTW: top1=0.507 mean_cost=10.0422 (sbs=10.0484) vs_sbs=-0.06%
     OVRPB: top1=0.566 mean_cost=6.3199 (sbs=6.3220) vs_sbs=-0.03%
     OVRPL: top1=0.409 mean_cost=7.4305 (sbs=7.4376) vs_sbs=-0.09%
     VRPBL: top1=0.542 mean_cost=9.3558 (sbs=9.3593) vs_sbs=-0.04%
    VRPBTW: top1=0.424 mean_cost=19.0393 (sbs=19.6697) vs_sbs=-3.20%
    VRPLTW: top1=0.455 mean_cost=17.6318 (sbs=18.5091) vs_sbs=-4.74%
    OVRPBL: top1=0.574 mean_cost=6.3042 (sbs=6.3103) vs_sbs=-0.10%
   OVRPBTW: top1=0.511 mean_cost=10.4968 (sbs=10.5068) vs_sbs=-0.09%
   OVRPLTW: top1=0.511 mean_cost=10.1219 (sbs=10.1272) vs_sbs=-0.05%
   VRPBLTW: top1=0.423 mean_cost=18.9628 (sbs=19.5198) vs_sbs=-2.85%
  OVRPBLTW: top1=0.510 mean_cost=10.5341 (sbs=10.5412) vs_sbs=-0.07%
[comparisons epoch 27] true3=0.70422 R42A_top2=0.58407
[train epoch 28] update=180/1422 global=38574 loss=0.57951 cmp=0.48641 KL=0.00791 lr=6.3e-06 samples/s=1926
[train epoch 28] update=360/1422 global=38754 loss=0.57858 cmp=0.48546 KL=0.00788 lr=6.3e-06 samples/s=1926
[train epoch 28] update=540/1422 global=38934 loss=0.57751 cmp=0.48510 KL=0.00790 lr=6.3e-06 samples/s=1925
[train epoch 28] update=720/1422 global=39114 loss=0.57757 cmp=0.48497 KL=0.00793 lr=6.3e-06 samples/s=1924
[train epoch 28] update=900/1422 global=39294 loss=0.57714 cmp=0.48471 KL=0.00792 lr=6.3e-06 samples/s=1923
[train epoch 28] update=1080/1422 global=39474 loss=0.57712 cmp=0.48516 KL=0.00791 lr=6.3e-06 samples/s=1922
[train epoch 28] update=1260/1422 global=39654 loss=0.57703 cmp=0.48519 KL=0.00789 lr=6.3e-06 samples/s=1922
[AMP retry] same batch; lower scale=65536.0
[train epoch 28] update=1422/1422 global=39816 loss=0.57728 cmp=0.48550 KL=0.00791 lr=6.3e-06 samples/s=1903
[eval epoch 28] macro_top1=0.4892 top2=0.8223 top3=0.9272 vs_sbs=-1.062% vbs_closed=+31.73%
       TSP: top1=0.380 mean_cost=7.9151 (sbs=7.9578) vs_sbs=-0.54%
      CVRP: top1=0.483 mean_cost=18.2004 (sbs=18.2943) vs_sbs=-0.51%
      ATSP: top1=0.786 mean_cost=1.6344 (sbs=1.6735) vs_sbs=-2.34%
      OVRP: top1=0.372 mean_cost=7.4527 (sbs=7.4617) vs_sbs=-0.12%
      VRPB: top1=0.552 mean_cost=9.3334 (sbs=9.3403) vs_sbs=-0.07%
      VRPL: top1=0.320 mean_cost=12.4023 (sbs=12.4072) vs_sbs=-0.04%
     VRPTW: top1=0.458 mean_cost=17.9082 (sbs=18.6571) vs_sbs=-4.01%
    OVRPTW: top1=0.516 mean_cost=10.0406 (sbs=10.0484) vs_sbs=-0.08%
     OVRPB: top1=0.576 mean_cost=6.3182 (sbs=6.3220) vs_sbs=-0.06%
     OVRPL: top1=0.403 mean_cost=7.4309 (sbs=7.4376) vs_sbs=-0.09%
     VRPBL: top1=0.541 mean_cost=9.3560 (sbs=9.3593) vs_sbs=-0.04%
    VRPBTW: top1=0.447 mean_cost=19.0317 (sbs=19.6697) vs_sbs=-3.24%
    VRPLTW: top1=0.459 mean_cost=17.6266 (sbs=18.5091) vs_sbs=-4.77%
    OVRPBL: top1=0.580 mean_cost=6.3038 (sbs=6.3103) vs_sbs=-0.10%
   OVRPBTW: top1=0.497 mean_cost=10.4979 (sbs=10.5068) vs_sbs=-0.08%
   OVRPLTW: top1=0.516 mean_cost=10.1219 (sbs=10.1272) vs_sbs=-0.05%
   VRPBLTW: top1=0.418 mean_cost=18.9559 (sbs=19.5198) vs_sbs=-2.89%
  OVRPBLTW: top1=0.502 mean_cost=10.5329 (sbs=10.5412) vs_sbs=-0.08%
[comparisons epoch 28] true3=0.70506 R42A_top2=0.58529
[best] epoch=28 vs_sbs=-1.062035% top1=0.48922
[train epoch 29] update=180/1422 global=39996 loss=0.57826 cmp=0.48537 KL=0.00803 lr=6.3e-06 samples/s=1940
[train epoch 29] update=360/1422 global=40176 loss=0.57906 cmp=0.48648 KL=0.00794 lr=6.3e-06 samples/s=1939
[train epoch 29] update=540/1422 global=40356 loss=0.57717 cmp=0.48499 KL=0.00790 lr=6.3e-06 samples/s=1933
[train epoch 29] update=720/1422 global=40536 loss=0.57674 cmp=0.48496 KL=0.00793 lr=6.3e-06 samples/s=1933
[train epoch 29] update=900/1422 global=40716 loss=0.57679 cmp=0.48494 KL=0.00796 lr=6.3e-06 samples/s=1933
[train epoch 29] update=1080/1422 global=40896 loss=0.57674 cmp=0.48481 KL=0.00798 lr=6.3e-06 samples/s=1933
[train epoch 29] update=1260/1422 global=41076 loss=0.57680 cmp=0.48509 KL=0.00799 lr=6.3e-06 samples/s=1932
[train epoch 29] update=1422/1422 global=41238 loss=0.57713 cmp=0.48548 KL=0.00798 lr=6.3e-06 samples/s=1914
[eval epoch 29] macro_top1=0.4863 top2=0.8222 top3=0.9254 vs_sbs=-1.055% vbs_closed=+31.00%
       TSP: top1=0.378 mean_cost=7.9176 (sbs=7.9578) vs_sbs=-0.51%
      CVRP: top1=0.481 mean_cost=18.2008 (sbs=18.2943) vs_sbs=-0.51%
      ATSP: top1=0.781 mean_cost=1.6351 (sbs=1.6735) vs_sbs=-2.30%
      OVRP: top1=0.371 mean_cost=7.4533 (sbs=7.4617) vs_sbs=-0.11%
      VRPB: top1=0.554 mean_cost=9.3352 (sbs=9.3403) vs_sbs=-0.05%
      VRPL: top1=0.318 mean_cost=12.4029 (sbs=12.4072) vs_sbs=-0.03%
     VRPTW: top1=0.466 mean_cost=17.8926 (sbs=18.6571) vs_sbs=-4.10%
    OVRPTW: top1=0.511 mean_cost=10.0411 (sbs=10.0484) vs_sbs=-0.07%
     OVRPB: top1=0.570 mean_cost=6.3198 (sbs=6.3220) vs_sbs=-0.04%
     OVRPL: top1=0.403 mean_cost=7.4306 (sbs=7.4376) vs_sbs=-0.09%
     VRPBL: top1=0.535 mean_cost=9.3574 (sbs=9.3593) vs_sbs=-0.02%
    VRPBTW: top1=0.424 mean_cost=19.0371 (sbs=19.6697) vs_sbs=-3.22%
    VRPLTW: top1=0.449 mean_cost=17.6326 (sbs=18.5091) vs_sbs=-4.74%
    OVRPBL: top1=0.575 mean_cost=6.3035 (sbs=6.3103) vs_sbs=-0.11%
   OVRPBTW: top1=0.501 mean_cost=10.4945 (sbs=10.5068) vs_sbs=-0.12%
   OVRPLTW: top1=0.510 mean_cost=10.1236 (sbs=10.1272) vs_sbs=-0.04%
   VRPBLTW: top1=0.423 mean_cost=18.9591 (sbs=19.5198) vs_sbs=-2.87%
  OVRPBLTW: top1=0.504 mean_cost=10.5343 (sbs=10.5412) vs_sbs=-0.07%
[comparisons epoch 29] true3=0.70350 R42A_top2=0.58434
[train epoch 30] update=180/1422 global=41418 loss=0.57406 cmp=0.48470 KL=0.00803 lr=6.3e-06 samples/s=1933
[train epoch 30] update=360/1422 global=41598 loss=0.57572 cmp=0.48534 KL=0.00796 lr=6.3e-06 samples/s=1925
[train epoch 30] update=540/1422 global=41778 loss=0.57746 cmp=0.48635 KL=0.00798 lr=6.3e-06 samples/s=1927
[train epoch 30] update=720/1422 global=41958 loss=0.57712 cmp=0.48564 KL=0.00798 lr=6.3e-06 samples/s=1928
[train epoch 30] update=900/1422 global=42138 loss=0.57746 cmp=0.48589 KL=0.00796 lr=6.3e-06 samples/s=1928
[train epoch 30] update=1080/1422 global=42318 loss=0.57721 cmp=0.48584 KL=0.00798 lr=6.3e-06 samples/s=1927
[train epoch 30] update=1260/1422 global=42498 loss=0.57711 cmp=0.48547 KL=0.00800 lr=6.3e-06 samples/s=1927
[AMP retry] same batch; lower scale=65536.0
[train epoch 30] update=1422/1422 global=42660 loss=0.57690 cmp=0.48531 KL=0.00800 lr=6.3e-06 samples/s=1909
[train_eval epoch 30] top1=0.49419 CE=1.06963 actual_regret=0.91327%
[eval epoch 30] macro_top1=0.4870 top2=0.8223 top3=0.9264 vs_sbs=-1.060% vbs_closed=+31.36%
       TSP: top1=0.370 mean_cost=7.9174 (sbs=7.9578) vs_sbs=-0.51%
      CVRP: top1=0.481 mean_cost=18.1992 (sbs=18.2943) vs_sbs=-0.52%
      ATSP: top1=0.789 mean_cost=1.6347 (sbs=1.6735) vs_sbs=-2.32%
      OVRP: top1=0.360 mean_cost=7.4529 (sbs=7.4617) vs_sbs=-0.12%
      VRPB: top1=0.556 mean_cost=9.3350 (sbs=9.3403) vs_sbs=-0.06%
      VRPL: top1=0.321 mean_cost=12.4023 (sbs=12.4072) vs_sbs=-0.04%
     VRPTW: top1=0.461 mean_cost=17.9003 (sbs=18.6571) vs_sbs=-4.06%
    OVRPTW: top1=0.514 mean_cost=10.0402 (sbs=10.0484) vs_sbs=-0.08%
     OVRPB: top1=0.567 mean_cost=6.3197 (sbs=6.3220) vs_sbs=-0.04%
     OVRPL: top1=0.407 mean_cost=7.4306 (sbs=7.4376) vs_sbs=-0.09%
     VRPBL: top1=0.531 mean_cost=9.3577 (sbs=9.3593) vs_sbs=-0.02%
    VRPBTW: top1=0.434 mean_cost=19.0343 (sbs=19.6697) vs_sbs=-3.23%
    VRPLTW: top1=0.455 mean_cost=17.6245 (sbs=18.5091) vs_sbs=-4.78%
    OVRPBL: top1=0.577 mean_cost=6.3034 (sbs=6.3103) vs_sbs=-0.11%
   OVRPBTW: top1=0.513 mean_cost=10.4930 (sbs=10.5068) vs_sbs=-0.13%
   OVRPLTW: top1=0.506 mean_cost=10.1235 (sbs=10.1272) vs_sbs=-0.04%
   VRPBLTW: top1=0.417 mean_cost=18.9558 (sbs=19.5198) vs_sbs=-2.89%
  OVRPBLTW: top1=0.507 mean_cost=10.5343 (sbs=10.5412) vs_sbs=-0.07%
[comparisons epoch 30] true3=0.70420 R42A_top2=0.58523
[train epoch 31] update=180/1422 global=42840 loss=0.57406 cmp=0.48550 KL=0.00786 lr=6.3e-06 samples/s=1924
[train epoch 31] update=360/1422 global=43020 loss=0.57660 cmp=0.48586 KL=0.00796 lr=6.3e-06 samples/s=1927
[train epoch 31] update=540/1422 global=43200 loss=0.57746 cmp=0.48631 KL=0.00808 lr=6.3e-06 samples/s=1926
[train epoch 31] update=720/1422 global=43380 loss=0.57682 cmp=0.48601 KL=0.00801 lr=6.3e-06 samples/s=1924
[train epoch 31] update=900/1422 global=43560 loss=0.57703 cmp=0.48598 KL=0.00802 lr=6.3e-06 samples/s=1923
[train epoch 31] update=1080/1422 global=43740 loss=0.57721 cmp=0.48579 KL=0.00804 lr=6.3e-06 samples/s=1923
[train epoch 31] update=1260/1422 global=43920 loss=0.57683 cmp=0.48536 KL=0.00805 lr=6.3e-06 samples/s=1924
[train epoch 31] update=1422/1422 global=44082 loss=0.57677 cmp=0.48542 KL=0.00805 lr=6.3e-06 samples/s=1906
[eval epoch 31] macro_top1=0.4876 top2=0.8237 top3=0.9272 vs_sbs=-1.057% vbs_closed=+31.02%
       TSP: top1=0.374 mean_cost=7.9165 (sbs=7.9578) vs_sbs=-0.52%
      CVRP: top1=0.478 mean_cost=18.2096 (sbs=18.2943) vs_sbs=-0.46%
      ATSP: top1=0.782 mean_cost=1.6350 (sbs=1.6735) vs_sbs=-2.30%
      OVRP: top1=0.362 mean_cost=7.4535 (sbs=7.4617) vs_sbs=-0.11%
      VRPB: top1=0.555 mean_cost=9.3347 (sbs=9.3403) vs_sbs=-0.06%
      VRPL: top1=0.322 mean_cost=12.4015 (sbs=12.4072) vs_sbs=-0.05%
     VRPTW: top1=0.468 mean_cost=17.8915 (sbs=18.6571) vs_sbs=-4.10%
    OVRPTW: top1=0.507 mean_cost=10.0429 (sbs=10.0484) vs_sbs=-0.05%
     OVRPB: top1=0.574 mean_cost=6.3189 (sbs=6.3220) vs_sbs=-0.05%
     OVRPL: top1=0.405 mean_cost=7.4303 (sbs=7.4376) vs_sbs=-0.10%
     VRPBL: top1=0.544 mean_cost=9.3554 (sbs=9.3593) vs_sbs=-0.04%
    VRPBTW: top1=0.428 mean_cost=19.0376 (sbs=19.6697) vs_sbs=-3.21%
    VRPLTW: top1=0.453 mean_cost=17.6244 (sbs=18.5091) vs_sbs=-4.78%
    OVRPBL: top1=0.580 mean_cost=6.3043 (sbs=6.3103) vs_sbs=-0.09%
   OVRPBTW: top1=0.505 mean_cost=10.4967 (sbs=10.5068) vs_sbs=-0.10%
   OVRPLTW: top1=0.511 mean_cost=10.1226 (sbs=10.1272) vs_sbs=-0.05%
   VRPBLTW: top1=0.425 mean_cost=18.9551 (sbs=19.5198) vs_sbs=-2.89%
  OVRPBLTW: top1=0.504 mean_cost=10.5353 (sbs=10.5412) vs_sbs=-0.06%
[comparisons epoch 31] true3=0.70500 R42A_top2=0.58406
[schedule] validation cost plateau: next lr=3.1e-06
[train epoch 32] update=180/1422 global=44262 loss=0.57804 cmp=0.48480 KL=0.00806 lr=3.1e-06 samples/s=1924
[train epoch 32] update=360/1422 global=44442 loss=0.57689 cmp=0.48447 KL=0.00807 lr=3.1e-06 samples/s=1929
[train epoch 32] update=540/1422 global=44622 loss=0.57574 cmp=0.48433 KL=0.00804 lr=3.1e-06 samples/s=1928
[train epoch 32] update=720/1422 global=44802 loss=0.57552 cmp=0.48417 KL=0.00799 lr=3.1e-06 samples/s=1927
[train epoch 32] update=900/1422 global=44982 loss=0.57518 cmp=0.48406 KL=0.00809 lr=3.1e-06 samples/s=1925
[train epoch 32] update=1080/1422 global=45162 loss=0.57530 cmp=0.48421 KL=0.00812 lr=3.1e-06 samples/s=1925
[train epoch 32] update=1260/1422 global=45342 loss=0.57568 cmp=0.48457 KL=0.00812 lr=3.1e-06 samples/s=1925
[train epoch 32] update=1422/1422 global=45504 loss=0.57612 cmp=0.48482 KL=0.00813 lr=3.1e-06 samples/s=1908
[eval epoch 32] macro_top1=0.4873 top2=0.8226 top3=0.9281 vs_sbs=-1.062% vbs_closed=+31.47%
       TSP: top1=0.379 mean_cost=7.9153 (sbs=7.9578) vs_sbs=-0.53%
      CVRP: top1=0.475 mean_cost=18.2020 (sbs=18.2943) vs_sbs=-0.50%
      ATSP: top1=0.781 mean_cost=1.6346 (sbs=1.6735) vs_sbs=-2.32%
      OVRP: top1=0.369 mean_cost=7.4530 (sbs=7.4617) vs_sbs=-0.12%
      VRPB: top1=0.553 mean_cost=9.3351 (sbs=9.3403) vs_sbs=-0.06%
      VRPL: top1=0.323 mean_cost=12.4021 (sbs=12.4072) vs_sbs=-0.04%
     VRPTW: top1=0.466 mean_cost=17.8901 (sbs=18.6571) vs_sbs=-4.11%
    OVRPTW: top1=0.512 mean_cost=10.0414 (sbs=10.0484) vs_sbs=-0.07%
     OVRPB: top1=0.571 mean_cost=6.3192 (sbs=6.3220) vs_sbs=-0.04%
     OVRPL: top1=0.403 mean_cost=7.4311 (sbs=7.4376) vs_sbs=-0.09%
     VRPBL: top1=0.538 mean_cost=9.3571 (sbs=9.3593) vs_sbs=-0.02%
    VRPBTW: top1=0.424 mean_cost=19.0402 (sbs=19.6697) vs_sbs=-3.20%
    VRPLTW: top1=0.454 mean_cost=17.6256 (sbs=18.5091) vs_sbs=-4.77%
    OVRPBL: top1=0.584 mean_cost=6.3027 (sbs=6.3103) vs_sbs=-0.12%
   OVRPBTW: top1=0.501 mean_cost=10.4967 (sbs=10.5068) vs_sbs=-0.10%
   OVRPLTW: top1=0.507 mean_cost=10.1220 (sbs=10.1272) vs_sbs=-0.05%
   VRPBLTW: top1=0.424 mean_cost=18.9560 (sbs=19.5198) vs_sbs=-2.89%
  OVRPBLTW: top1=0.508 mean_cost=10.5326 (sbs=10.5412) vs_sbs=-0.08%
[comparisons epoch 32] true3=0.70462 R42A_top2=0.58367
[best] epoch=32 vs_sbs=-1.062237% top1=0.48733
[train epoch 33] update=180/1422 global=45684 loss=0.57418 cmp=0.48328 KL=0.00815 lr=3.1e-06 samples/s=1925
[train epoch 33] update=360/1422 global=45864 loss=0.57417 cmp=0.48377 KL=0.00806 lr=3.1e-06 samples/s=1925
[train epoch 33] update=540/1422 global=46044 loss=0.57464 cmp=0.48425 KL=0.00809 lr=3.1e-06 samples/s=1924
[train epoch 33] update=720/1422 global=46224 loss=0.57595 cmp=0.48516 KL=0.00807 lr=3.1e-06 samples/s=1924
[train epoch 33] update=900/1422 global=46404 loss=0.57543 cmp=0.48472 KL=0.00813 lr=3.1e-06 samples/s=1926
[train epoch 33] update=1080/1422 global=46584 loss=0.57566 cmp=0.48456 KL=0.00810 lr=3.1e-06 samples/s=1925
[AMP retry] same batch; lower scale=131072.0
[train epoch 33] update=1260/1422 global=46764 loss=0.57567 cmp=0.48453 KL=0.00811 lr=3.1e-06 samples/s=1923
[train epoch 33] update=1422/1422 global=46926 loss=0.57599 cmp=0.48487 KL=0.00812 lr=3.1e-06 samples/s=1905
[eval epoch 33] macro_top1=0.4870 top2=0.8229 top3=0.9277 vs_sbs=-1.059% vbs_closed=+31.18%
       TSP: top1=0.378 mean_cost=7.9151 (sbs=7.9578) vs_sbs=-0.54%
      CVRP: top1=0.483 mean_cost=18.2011 (sbs=18.2943) vs_sbs=-0.51%
      ATSP: top1=0.786 mean_cost=1.6348 (sbs=1.6735) vs_sbs=-2.32%
      OVRP: top1=0.367 mean_cost=7.4527 (sbs=7.4617) vs_sbs=-0.12%
      VRPB: top1=0.555 mean_cost=9.3357 (sbs=9.3403) vs_sbs=-0.05%
      VRPL: top1=0.314 mean_cost=12.4018 (sbs=12.4072) vs_sbs=-0.04%
     VRPTW: top1=0.463 mean_cost=17.8922 (sbs=18.6571) vs_sbs=-4.10%
    OVRPTW: top1=0.507 mean_cost=10.0430 (sbs=10.0484) vs_sbs=-0.05%
     OVRPB: top1=0.568 mean_cost=6.3204 (sbs=6.3220) vs_sbs=-0.03%
     OVRPL: top1=0.405 mean_cost=7.4308 (sbs=7.4376) vs_sbs=-0.09%
     VRPBL: top1=0.536 mean_cost=9.3568 (sbs=9.3593) vs_sbs=-0.03%
    VRPBTW: top1=0.429 mean_cost=19.0390 (sbs=19.6697) vs_sbs=-3.21%
    VRPLTW: top1=0.454 mean_cost=17.6220 (sbs=18.5091) vs_sbs=-4.79%
    OVRPBL: top1=0.574 mean_cost=6.3035 (sbs=6.3103) vs_sbs=-0.11%
   OVRPBTW: top1=0.505 mean_cost=10.4967 (sbs=10.5068) vs_sbs=-0.10%
   OVRPLTW: top1=0.515 mean_cost=10.1221 (sbs=10.1272) vs_sbs=-0.05%
   VRPBLTW: top1=0.421 mean_cost=18.9591 (sbs=19.5198) vs_sbs=-2.87%
  OVRPBLTW: top1=0.506 mean_cost=10.5342 (sbs=10.5412) vs_sbs=-0.07%
[comparisons epoch 33] true3=0.70447 R42A_top2=0.58451
[train epoch 34] update=180/1422 global=47106 loss=0.57428 cmp=0.48309 KL=0.00814 lr=3.1e-06 samples/s=1920
[train epoch 34] update=360/1422 global=47286 loss=0.57540 cmp=0.48365 KL=0.00809 lr=3.1e-06 samples/s=1923
[train epoch 34] update=540/1422 global=47466 loss=0.57584 cmp=0.48356 KL=0.00805 lr=3.1e-06 samples/s=1926
[train epoch 34] update=720/1422 global=47646 loss=0.57489 cmp=0.48324 KL=0.00807 lr=3.1e-06 samples/s=1924
[train epoch 34] update=900/1422 global=47826 loss=0.57569 cmp=0.48404 KL=0.00812 lr=3.1e-06 samples/s=1923
[train epoch 34] update=1080/1422 global=48006 loss=0.57601 cmp=0.48442 KL=0.00811 lr=3.1e-06 samples/s=1925
[train epoch 34] update=1260/1422 global=48186 loss=0.57583 cmp=0.48458 KL=0.00811 lr=3.1e-06 samples/s=1925
[AMP retry] same batch; lower scale=65536.0
[train epoch 34] update=1422/1422 global=48348 loss=0.57589 cmp=0.48471 KL=0.00811 lr=3.1e-06 samples/s=1907
[eval epoch 34] macro_top1=0.4869 top2=0.8229 top3=0.9279 vs_sbs=-1.060% vbs_closed=+31.34%
       TSP: top1=0.374 mean_cost=7.9167 (sbs=7.9578) vs_sbs=-0.52%
      CVRP: top1=0.474 mean_cost=18.2015 (sbs=18.2943) vs_sbs=-0.51%
      ATSP: top1=0.788 mean_cost=1.6347 (sbs=1.6735) vs_sbs=-2.32%
      OVRP: top1=0.363 mean_cost=7.4530 (sbs=7.4617) vs_sbs=-0.12%
      VRPB: top1=0.557 mean_cost=9.3352 (sbs=9.3403) vs_sbs=-0.05%
      VRPL: top1=0.322 mean_cost=12.4022 (sbs=12.4072) vs_sbs=-0.04%
     VRPTW: top1=0.460 mean_cost=17.8962 (sbs=18.6571) vs_sbs=-4.08%
    OVRPTW: top1=0.509 mean_cost=10.0414 (sbs=10.0484) vs_sbs=-0.07%
     OVRPB: top1=0.577 mean_cost=6.3183 (sbs=6.3220) vs_sbs=-0.06%
     OVRPL: top1=0.404 mean_cost=7.4313 (sbs=7.4376) vs_sbs=-0.08%
     VRPBL: top1=0.537 mean_cost=9.3573 (sbs=9.3593) vs_sbs=-0.02%
    VRPBTW: top1=0.444 mean_cost=19.0300 (sbs=19.6697) vs_sbs=-3.25%
    VRPLTW: top1=0.446 mean_cost=17.6274 (sbs=18.5091) vs_sbs=-4.76%
    OVRPBL: top1=0.581 mean_cost=6.3032 (sbs=6.3103) vs_sbs=-0.11%
   OVRPBTW: top1=0.500 mean_cost=10.4962 (sbs=10.5068) vs_sbs=-0.10%
   OVRPLTW: top1=0.512 mean_cost=10.1231 (sbs=10.1272) vs_sbs=-0.04%
   VRPBLTW: top1=0.417 mean_cost=18.9606 (sbs=19.5198) vs_sbs=-2.86%
  OVRPBLTW: top1=0.500 mean_cost=10.5324 (sbs=10.5412) vs_sbs=-0.08%
[comparisons epoch 34] true3=0.70457 R42A_top2=0.58390
[schedule] validation cost plateau: next lr=1.6e-06
[train epoch 35] update=180/1422 global=48528 loss=0.57460 cmp=0.48461 KL=0.00838 lr=1.6e-06 samples/s=1929
[train epoch 35] update=360/1422 global=48708 loss=0.57633 cmp=0.48541 KL=0.00831 lr=1.6e-06 samples/s=1924
[train epoch 35] update=540/1422 global=48888 loss=0.57633 cmp=0.48497 KL=0.00826 lr=1.6e-06 samples/s=1924
[train epoch 35] update=720/1422 global=49068 loss=0.57619 cmp=0.48495 KL=0.00819 lr=1.6e-06 samples/s=1923
[train epoch 35] update=900/1422 global=49248 loss=0.57576 cmp=0.48475 KL=0.00818 lr=1.6e-06 samples/s=1923
[train epoch 35] update=1080/1422 global=49428 loss=0.57556 cmp=0.48463 KL=0.00820 lr=1.6e-06 samples/s=1923
[train epoch 35] update=1260/1422 global=49608 loss=0.57578 cmp=0.48472 KL=0.00821 lr=1.6e-06 samples/s=1923
[train epoch 35] update=1422/1422 global=49770 loss=0.57558 cmp=0.48463 KL=0.00823 lr=1.6e-06 samples/s=1906
[train_eval epoch 35] top1=0.49512 CE=1.06650 actual_regret=0.90678%
[eval epoch 35] macro_top1=0.4884 top2=0.8226 top3=0.9277 vs_sbs=-1.067% vbs_closed=+31.75%
       TSP: top1=0.375 mean_cost=7.9166 (sbs=7.9578) vs_sbs=-0.52%
      CVRP: top1=0.483 mean_cost=18.2024 (sbs=18.2943) vs_sbs=-0.50%
      ATSP: top1=0.785 mean_cost=1.6348 (sbs=1.6735) vs_sbs=-2.31%
      OVRP: top1=0.364 mean_cost=7.4532 (sbs=7.4617) vs_sbs=-0.11%
      VRPB: top1=0.551 mean_cost=9.3356 (sbs=9.3403) vs_sbs=-0.05%
      VRPL: top1=0.318 mean_cost=12.4020 (sbs=12.4072) vs_sbs=-0.04%
     VRPTW: top1=0.463 mean_cost=17.8894 (sbs=18.6571) vs_sbs=-4.11%
    OVRPTW: top1=0.521 mean_cost=10.0390 (sbs=10.0484) vs_sbs=-0.09%
     OVRPB: top1=0.577 mean_cost=6.3184 (sbs=6.3220) vs_sbs=-0.06%
     OVRPL: top1=0.406 mean_cost=7.4302 (sbs=7.4376) vs_sbs=-0.10%
     VRPBL: top1=0.542 mean_cost=9.3556 (sbs=9.3593) vs_sbs=-0.04%
    VRPBTW: top1=0.430 mean_cost=19.0374 (sbs=19.6697) vs_sbs=-3.21%
    VRPLTW: top1=0.456 mean_cost=17.6222 (sbs=18.5091) vs_sbs=-4.79%
    OVRPBL: top1=0.584 mean_cost=6.3026 (sbs=6.3103) vs_sbs=-0.12%
   OVRPBTW: top1=0.497 mean_cost=10.4972 (sbs=10.5068) vs_sbs=-0.09%
   OVRPLTW: top1=0.509 mean_cost=10.1231 (sbs=10.1272) vs_sbs=-0.04%
   VRPBLTW: top1=0.422 mean_cost=18.9521 (sbs=19.5198) vs_sbs=-2.91%
  OVRPBLTW: top1=0.508 mean_cost=10.5316 (sbs=10.5412) vs_sbs=-0.09%
[comparisons epoch 35] true3=0.70473 R42A_top2=0.58546
[best] epoch=35 vs_sbs=-1.066841% top1=0.48839
[train epoch 36] update=180/1422 global=49950 loss=0.57686 cmp=0.48608 KL=0.00811 lr=1.6e-06 samples/s=1918
[train epoch 36] update=360/1422 global=50130 loss=0.57484 cmp=0.48433 KL=0.00819 lr=1.6e-06 samples/s=1924
[train epoch 36] update=540/1422 global=50310 loss=0.57316 cmp=0.48293 KL=0.00827 lr=1.6e-06 samples/s=1924
[train epoch 36] update=720/1422 global=50490 loss=0.57414 cmp=0.48350 KL=0.00825 lr=1.6e-06 samples/s=1926
[train epoch 36] update=900/1422 global=50670 loss=0.57438 cmp=0.48357 KL=0.00822 lr=1.6e-06 samples/s=1925
[train epoch 36] update=1080/1422 global=50850 loss=0.57508 cmp=0.48421 KL=0.00821 lr=1.6e-06 samples/s=1926
[train epoch 36] update=1260/1422 global=51030 loss=0.57580 cmp=0.48481 KL=0.00819 lr=1.6e-06 samples/s=1926
[train epoch 36] update=1422/1422 global=51192 loss=0.57545 cmp=0.48448 KL=0.00818 lr=1.6e-06 samples/s=1908
[eval epoch 36] macro_top1=0.4883 top2=0.8230 top3=0.9278 vs_sbs=-1.060% vbs_closed=+31.48%
       TSP: top1=0.375 mean_cost=7.9166 (sbs=7.9578) vs_sbs=-0.52%
      CVRP: top1=0.484 mean_cost=18.2019 (sbs=18.2943) vs_sbs=-0.51%
      ATSP: top1=0.785 mean_cost=1.6348 (sbs=1.6735) vs_sbs=-2.31%
      OVRP: top1=0.368 mean_cost=7.4528 (sbs=7.4617) vs_sbs=-0.12%
      VRPB: top1=0.553 mean_cost=9.3356 (sbs=9.3403) vs_sbs=-0.05%
      VRPL: top1=0.315 mean_cost=12.4026 (sbs=12.4072) vs_sbs=-0.04%
     VRPTW: top1=0.461 mean_cost=17.8982 (sbs=18.6571) vs_sbs=-4.07%
    OVRPTW: top1=0.524 mean_cost=10.0388 (sbs=10.0484) vs_sbs=-0.10%
     OVRPB: top1=0.576 mean_cost=6.3185 (sbs=6.3220) vs_sbs=-0.05%
     OVRPL: top1=0.405 mean_cost=7.4308 (sbs=7.4376) vs_sbs=-0.09%
     VRPBL: top1=0.540 mean_cost=9.3566 (sbs=9.3593) vs_sbs=-0.03%
    VRPBTW: top1=0.429 mean_cost=19.0394 (sbs=19.6697) vs_sbs=-3.20%
    VRPLTW: top1=0.452 mean_cost=17.6280 (sbs=18.5091) vs_sbs=-4.76%
    OVRPBL: top1=0.582 mean_cost=6.3030 (sbs=6.3103) vs_sbs=-0.11%
   OVRPBTW: top1=0.502 mean_cost=10.4959 (sbs=10.5068) vs_sbs=-0.10%
   OVRPLTW: top1=0.506 mean_cost=10.1234 (sbs=10.1272) vs_sbs=-0.04%
   VRPBLTW: top1=0.426 mean_cost=18.9540 (sbs=19.5198) vs_sbs=-2.90%
  OVRPBLTW: top1=0.507 mean_cost=10.5326 (sbs=10.5412) vs_sbs=-0.08%
[comparisons epoch 36] true3=0.70516 R42A_top2=0.58551
[train epoch 37] update=180/1422 global=51372 loss=0.57672 cmp=0.48602 KL=0.00808 lr=1.6e-06 samples/s=1921
[train epoch 37] update=360/1422 global=51552 loss=0.57568 cmp=0.48517 KL=0.00819 lr=1.6e-06 samples/s=1932
[train epoch 37] update=540/1422 global=51732 loss=0.57488 cmp=0.48417 KL=0.00817 lr=1.6e-06 samples/s=1928
[train epoch 37] update=720/1422 global=51912 loss=0.57582 cmp=0.48504 KL=0.00820 lr=1.6e-06 samples/s=1928
[train epoch 37] update=900/1422 global=52092 loss=0.57523 cmp=0.48440 KL=0.00818 lr=1.6e-06 samples/s=1927
[AMP retry] same batch; lower scale=65536.0
[train epoch 37] update=1080/1422 global=52272 loss=0.57524 cmp=0.48412 KL=0.00817 lr=1.6e-06 samples/s=1925
[train epoch 37] update=1260/1422 global=52452 loss=0.57552 cmp=0.48443 KL=0.00818 lr=1.6e-06 samples/s=1924
[train epoch 37] update=1422/1422 global=52614 loss=0.57553 cmp=0.48447 KL=0.00821 lr=1.6e-06 samples/s=1906
[eval epoch 37] macro_top1=0.4876 top2=0.8229 top3=0.9279 vs_sbs=-1.059% vbs_closed=+31.22%
       TSP: top1=0.375 mean_cost=7.9158 (sbs=7.9578) vs_sbs=-0.53%
      CVRP: top1=0.482 mean_cost=18.2018 (sbs=18.2943) vs_sbs=-0.51%
      ATSP: top1=0.789 mean_cost=1.6344 (sbs=1.6735) vs_sbs=-2.34%
      OVRP: top1=0.364 mean_cost=7.4528 (sbs=7.4617) vs_sbs=-0.12%
      VRPB: top1=0.554 mean_cost=9.3357 (sbs=9.3403) vs_sbs=-0.05%
      VRPL: top1=0.323 mean_cost=12.4018 (sbs=12.4072) vs_sbs=-0.04%
     VRPTW: top1=0.461 mean_cost=17.9039 (sbs=18.6571) vs_sbs=-4.04%
    OVRPTW: top1=0.515 mean_cost=10.0412 (sbs=10.0484) vs_sbs=-0.07%
     OVRPB: top1=0.570 mean_cost=6.3202 (sbs=6.3220) vs_sbs=-0.03%
     OVRPL: top1=0.409 mean_cost=7.4305 (sbs=7.4376) vs_sbs=-0.09%
     VRPBL: top1=0.535 mean_cost=9.3573 (sbs=9.3593) vs_sbs=-0.02%
    VRPBTW: top1=0.432 mean_cost=19.0358 (sbs=19.6697) vs_sbs=-3.22%
    VRPLTW: top1=0.455 mean_cost=17.6198 (sbs=18.5091) vs_sbs=-4.80%
    OVRPBL: top1=0.573 mean_cost=6.3041 (sbs=6.3103) vs_sbs=-0.10%
   OVRPBTW: top1=0.496 mean_cost=10.4980 (sbs=10.5068) vs_sbs=-0.08%
   OVRPLTW: top1=0.514 mean_cost=10.1221 (sbs=10.1272) vs_sbs=-0.05%
   VRPBLTW: top1=0.419 mean_cost=18.9571 (sbs=19.5198) vs_sbs=-2.88%
  OVRPBLTW: top1=0.510 mean_cost=10.5324 (sbs=10.5412) vs_sbs=-0.08%
[comparisons epoch 37] true3=0.70460 R42A_top2=0.58396
[train epoch 38] update=180/1422 global=52794 loss=0.57619 cmp=0.48719 KL=0.00832 lr=1.6e-06 samples/s=1916
[train epoch 38] update=360/1422 global=52974 loss=0.57557 cmp=0.48517 KL=0.00829 lr=1.6e-06 samples/s=1921
[train epoch 38] update=540/1422 global=53154 loss=0.57496 cmp=0.48430 KL=0.00826 lr=1.6e-06 samples/s=1922
[train epoch 38] update=720/1422 global=53334 loss=0.57540 cmp=0.48435 KL=0.00822 lr=1.6e-06 samples/s=1923
[train epoch 38] update=900/1422 global=53514 loss=0.57569 cmp=0.48465 KL=0.00821 lr=1.6e-06 samples/s=1923
[train epoch 38] update=1080/1422 global=53694 loss=0.57537 cmp=0.48449 KL=0.00820 lr=1.6e-06 samples/s=1923
[train epoch 38] update=1260/1422 global=53874 loss=0.57556 cmp=0.48461 KL=0.00820 lr=1.6e-06 samples/s=1922
[train epoch 38] update=1422/1422 global=54036 loss=0.57536 cmp=0.48447 KL=0.00820 lr=1.6e-06 samples/s=1904
[eval epoch 38] macro_top1=0.4899 top2=0.8230 top3=0.9280 vs_sbs=-1.065% vbs_closed=+31.74%
       TSP: top1=0.375 mean_cost=7.9163 (sbs=7.9578) vs_sbs=-0.52%
      CVRP: top1=0.482 mean_cost=18.2010 (sbs=18.2943) vs_sbs=-0.51%
      ATSP: top1=0.786 mean_cost=1.6347 (sbs=1.6735) vs_sbs=-2.32%
      OVRP: top1=0.374 mean_cost=7.4523 (sbs=7.4617) vs_sbs=-0.13%
      VRPB: top1=0.554 mean_cost=9.3351 (sbs=9.3403) vs_sbs=-0.06%
      VRPL: top1=0.324 mean_cost=12.4017 (sbs=12.4072) vs_sbs=-0.04%
     VRPTW: top1=0.463 mean_cost=17.8974 (sbs=18.6571) vs_sbs=-4.07%
    OVRPTW: top1=0.522 mean_cost=10.0388 (sbs=10.0484) vs_sbs=-0.10%
     OVRPB: top1=0.577 mean_cost=6.3184 (sbs=6.3220) vs_sbs=-0.06%
     OVRPL: top1=0.415 mean_cost=7.4303 (sbs=7.4376) vs_sbs=-0.10%
     VRPBL: top1=0.535 mean_cost=9.3580 (sbs=9.3593) vs_sbs=-0.01%
    VRPBTW: top1=0.439 mean_cost=19.0326 (sbs=19.6697) vs_sbs=-3.24%
    VRPLTW: top1=0.453 mean_cost=17.6216 (sbs=18.5091) vs_sbs=-4.80%
    OVRPBL: top1=0.582 mean_cost=6.3030 (sbs=6.3103) vs_sbs=-0.12%
   OVRPBTW: top1=0.501 mean_cost=10.4966 (sbs=10.5068) vs_sbs=-0.10%
   OVRPLTW: top1=0.511 mean_cost=10.1236 (sbs=10.1272) vs_sbs=-0.04%
   VRPBLTW: top1=0.420 mean_cost=18.9567 (sbs=19.5198) vs_sbs=-2.88%
  OVRPBLTW: top1=0.506 mean_cost=10.5314 (sbs=10.5412) vs_sbs=-0.09%
[comparisons epoch 38] true3=0.70554 R42A_top2=0.58596
[schedule] validation cost plateau: next lr=7.8e-07
[train epoch 39] update=180/1422 global=54216 loss=0.57341 cmp=0.48329 KL=0.00844 lr=7.8e-07 samples/s=1917
[train epoch 39] update=360/1422 global=54396 loss=0.57552 cmp=0.48475 KL=0.00845 lr=7.8e-07 samples/s=1919
[train epoch 39] update=540/1422 global=54576 loss=0.57576 cmp=0.48477 KL=0.00838 lr=7.8e-07 samples/s=1920
[train epoch 39] update=720/1422 global=54756 loss=0.57591 cmp=0.48425 KL=0.00835 lr=7.8e-07 samples/s=1923
[train epoch 39] update=900/1422 global=54936 loss=0.57638 cmp=0.48491 KL=0.00830 lr=7.8e-07 samples/s=1923
[train epoch 39] update=1080/1422 global=55116 loss=0.57585 cmp=0.48459 KL=0.00829 lr=7.8e-07 samples/s=1922
[train epoch 39] update=1260/1422 global=55296 loss=0.57550 cmp=0.48430 KL=0.00828 lr=7.8e-07 samples/s=1922
[train epoch 39] update=1422/1422 global=55458 loss=0.57524 cmp=0.48436 KL=0.00826 lr=7.8e-07 samples/s=1903
[eval epoch 39] macro_top1=0.4882 top2=0.8227 top3=0.9278 vs_sbs=-1.061% vbs_closed=+31.57%
       TSP: top1=0.373 mean_cost=7.9169 (sbs=7.9578) vs_sbs=-0.51%
      CVRP: top1=0.482 mean_cost=18.2022 (sbs=18.2943) vs_sbs=-0.50%
      ATSP: top1=0.788 mean_cost=1.6346 (sbs=1.6735) vs_sbs=-2.33%
      OVRP: top1=0.363 mean_cost=7.4534 (sbs=7.4617) vs_sbs=-0.11%
      VRPB: top1=0.554 mean_cost=9.3351 (sbs=9.3403) vs_sbs=-0.06%
      VRPL: top1=0.321 mean_cost=12.4015 (sbs=12.4072) vs_sbs=-0.05%
     VRPTW: top1=0.460 mean_cost=17.8997 (sbs=18.6571) vs_sbs=-4.06%
    OVRPTW: top1=0.518 mean_cost=10.0392 (sbs=10.0484) vs_sbs=-0.09%
     OVRPB: top1=0.578 mean_cost=6.3182 (sbs=6.3220) vs_sbs=-0.06%
     OVRPL: top1=0.413 mean_cost=7.4298 (sbs=7.4376) vs_sbs=-0.10%
     VRPBL: top1=0.537 mean_cost=9.3576 (sbs=9.3593) vs_sbs=-0.02%
    VRPBTW: top1=0.431 mean_cost=19.0346 (sbs=19.6697) vs_sbs=-3.23%
    VRPLTW: top1=0.454 mean_cost=17.6260 (sbs=18.5091) vs_sbs=-4.77%
    OVRPBL: top1=0.583 mean_cost=6.3026 (sbs=6.3103) vs_sbs=-0.12%
   OVRPBTW: top1=0.498 mean_cost=10.4969 (sbs=10.5068) vs_sbs=-0.09%
   OVRPLTW: top1=0.506 mean_cost=10.1236 (sbs=10.1272) vs_sbs=-0.04%
   VRPBLTW: top1=0.423 mean_cost=18.9572 (sbs=19.5198) vs_sbs=-2.88%
  OVRPBLTW: top1=0.505 mean_cost=10.5325 (sbs=10.5412) vs_sbs=-0.08%
[comparisons epoch 39] true3=0.70485 R42A_top2=0.58529
[train epoch 40] update=180/1422 global=55638 loss=0.57771 cmp=0.48474 KL=0.00841 lr=7.8e-07 samples/s=1935
[train epoch 40] update=360/1422 global=55818 loss=0.57554 cmp=0.48446 KL=0.00833 lr=7.8e-07 samples/s=1932
[train epoch 40] update=540/1422 global=55998 loss=0.57556 cmp=0.48431 KL=0.00826 lr=7.8e-07 samples/s=1931
[AMP retry] same batch; lower scale=131072.0
[train epoch 40] update=720/1422 global=56178 loss=0.57509 cmp=0.48426 KL=0.00827 lr=7.8e-07 samples/s=1930
[train epoch 40] update=900/1422 global=56358 loss=0.57516 cmp=0.48425 KL=0.00828 lr=7.8e-07 samples/s=1931
[train epoch 40] update=1080/1422 global=56538 loss=0.57471 cmp=0.48384 KL=0.00826 lr=7.8e-07 samples/s=1930
[train epoch 40] update=1260/1422 global=56718 loss=0.57506 cmp=0.48413 KL=0.00823 lr=7.8e-07 samples/s=1930
[AMP retry] same batch; lower scale=65536.0
[train epoch 40] update=1422/1422 global=56880 loss=0.57520 cmp=0.48430 KL=0.00823 lr=7.8e-07 samples/s=1911
[train_eval epoch 40] top1=0.49606 CE=1.06530 actual_regret=0.90755%
[eval epoch 40] macro_top1=0.4874 top2=0.8231 top3=0.9276 vs_sbs=-1.059% vbs_closed=+31.17%
       TSP: top1=0.375 mean_cost=7.9171 (sbs=7.9578) vs_sbs=-0.51%
      CVRP: top1=0.482 mean_cost=18.2021 (sbs=18.2943) vs_sbs=-0.50%
      ATSP: top1=0.786 mean_cost=1.6347 (sbs=1.6735) vs_sbs=-2.32%
      OVRP: top1=0.366 mean_cost=7.4530 (sbs=7.4617) vs_sbs=-0.12%
      VRPB: top1=0.553 mean_cost=9.3359 (sbs=9.3403) vs_sbs=-0.05%
      VRPL: top1=0.319 mean_cost=12.4022 (sbs=12.4072) vs_sbs=-0.04%
     VRPTW: top1=0.465 mean_cost=17.8945 (sbs=18.6571) vs_sbs=-4.09%
    OVRPTW: top1=0.511 mean_cost=10.0412 (sbs=10.0484) vs_sbs=-0.07%
     OVRPB: top1=0.572 mean_cost=6.3195 (sbs=6.3220) vs_sbs=-0.04%
     OVRPL: top1=0.407 mean_cost=7.4311 (sbs=7.4376) vs_sbs=-0.09%
     VRPBL: top1=0.537 mean_cost=9.3570 (sbs=9.3593) vs_sbs=-0.02%
    VRPBTW: top1=0.427 mean_cost=19.0393 (sbs=19.6697) vs_sbs=-3.21%
    VRPLTW: top1=0.455 mean_cost=17.6232 (sbs=18.5091) vs_sbs=-4.79%
    OVRPBL: top1=0.576 mean_cost=6.3035 (sbs=6.3103) vs_sbs=-0.11%
   OVRPBTW: top1=0.495 mean_cost=10.4982 (sbs=10.5068) vs_sbs=-0.08%
   OVRPLTW: top1=0.514 mean_cost=10.1220 (sbs=10.1272) vs_sbs=-0.05%
   VRPBLTW: top1=0.423 mean_cost=18.9541 (sbs=19.5198) vs_sbs=-2.90%
  OVRPBLTW: top1=0.511 mean_cost=10.5318 (sbs=10.5412) vs_sbs=-0.09%
[comparisons epoch 40] true3=0.70489 R42A_top2=0.58451
wandb:                                                                                
wandb: 
wandb: Run history:
wandb:                                    epoch ▁▁▁▂▂▂▂▂▂▃▃▃▃▃▄▄▄▄▄▄▅▅▅▅▅▅▆▆▆▆▆▇▇▇▇▇▇███
wandb:                      gpu/peak_memory_gib ▁▁▁▁▁▁▁▁▁▁▁▁▁▁▁▁▁▁▁▁▁▁▁▁▁▁▁▁▁▁▁▁▁▁▁▁▁▁▁▁
wandb:                   optimization/all_pairs █▄▃▃▂▂▂▂▂▁▁▁▁▁▁▁▁▁▁▁▁▁▁▁▁▁▁▁▁▁▁▁▁▁▁▁▁▁▁▁
wandb:                 optimization/amp_skipped ▁▁▂▂▂▂▂▂▃▃▃▄▄▄▄▅▅▅▅▅▅▅▅▅▅▆▆▆▆▆▆▆▇▇▇▇▇▇▇█
wandb:                          optimization/ce █▃▃▃▂▂▂▂▂▂▂▁▁▁▁▁▁▁▁▁▁▁▁▁▁▁▁▁▁▁▁▁▁▁▁▁▁▁▁▁
wandb:                         optimization/cmp █▄▃▃▃▃▂▂▂▂▂▂▂▂▂▁▁▁▁▁▁▁▁▁▁▁▁▁▁▁▁▁▁▁▁▁▁▁▁▁
wandb:          optimization/consistency_weight ▁▅██████████████████████████████████████
wandb:                          optimization/kl ▅█▄▂▂▂▁▁▁▁▁▁▁▁▁▁▁▁▁▂▂▂▂▂▂▂▂▂▂▂▂▂▂▂▂▂▂▂▂▂
wandb:                        optimization/loss █▃▃▂▂▂▂▂▂▁▁▁▁▁▁▁▁▁▁▁▁▁▁▁▁▁▁▁▁▁▁▁▁▁▁▁▁▁▁▁
wandb:                          optimization/lr ▃▆███████▄▄▄▄▄▄▄▄▃▃▃▃▂▂▂▂▁▁▁▁▁▁▁▁▁▁▁▁▁▁▁
wandb:                       optimization/pred3 █▄▃▃▃▃▂▂▂▂▂▂▂▂▂▂▂▁▁▁▁▁▁▁▁▁▁▁▁▁▁▁▁▁▁▁▁▁▁▁
wandb:                        optimization/risk █▃▂▂▂▂▁▁▁▁▁▁▁▁▁▁▁▁▁▁▁▁▁▁▁▁▁▁▁▁▁▁▁▁▁▁▁▁▁▁
wandb:                     optimization/samples ▁▁▁▁▁▁▁▁▁▁▁▁▁▁▁▁▁▁▁▁▁▁▁▁▁▁▁▁▁▁▁▁▁▁▁▁▁▁▁▁
wandb:                     optimization/seconds ▇▇█▇▂▂▁▁▂▂▁▂▂▁▂▂▁▁▂▂▂▂▁▂▂▆▅▂▁▁▂▂▂▂▂▁▂▂▂▁
wandb:                       optimization/true3 █▅▄▄▃▃▃▃▂▂▂▂▂▂▂▂▂▁▁▁▁▁▁▁▁▁▁▁▁▁▁▁▁▁▁▁▁▁▁▁
wandb:                       successful_updates ▁▁▁▂▂▂▂▂▂▃▃▃▃▃▄▄▄▄▄▄▅▅▅▅▅▅▆▆▆▆▆▇▇▇▇▇▇███
wandb:       train_eval/macro_actual_regret_pct █▅▃▂▂▁▁▁
wandb:                      train_eval/macro_ce █▅▄▃▂▁▁▁
wandb:               train_eval/macro_mean_cost █▅▃▂▂▁▁▁
wandb: train_eval/macro_reference_top2_accuracy ▁▃▄▆▇███
wandb:                    train_eval/macro_top1 ▁▄▅▇▇███
wandb:          train_eval/macro_top1_tie_aware ▁▄▅▇▇███
wandb:                    train_eval/macro_top2 ▁▂▅▆▇███
wandb:                    train_eval/macro_top3 ▁▂▆▇▇███
wandb:          train_eval/macro_true3_accuracy ▁▃▅▆▇███
wandb:      train_eval/macro_vbs_gap_closed_pct ▁▄▆▇▇███
wandb:           train_eval/macro_vs_oracle_pct █▅▃▂▂▁▁▁
wandb:              train_eval/macro_vs_sbs_pct █▅▃▂▂▁▁▁
wandb:              val/macro_actual_regret_pct █▄▃▄▃▂▂▂▃▂▁▁▁▁▁▁▂▁▁▁▁▁▁▁▁▁▁▁▁▁▁▁▁▁▁▁▁▁▁▁
wandb:                             val/macro_ce █▅▄▄▄▃▃▃▃▃▂▂▂▂▂▂▂▁▁▁▁▁▁▁▁▁▁▁▁▁▁▁▁▁▁▁▁▁▁▁
wandb:                      val/macro_mean_cost █▃▂▃▂▂▂▂▃▂▁▁▁▁▁▁▁▁▁▁▁▁▁▁▁▁▁▁▁▁▁▁▁▁▁▁▁▁▁▁
wandb:        val/macro_reference_top2_accuracy ▁▁▄▃▄▅▅▆▆▅▇▇▆▇▆▆▇██▇▇██▇▇███████████████
wandb:                           val/macro_top1 ▁▃▅▄▄▆▅▆▆▆▇▇▇▇▇▆▇██▇▇███▇███████████████
wandb:                 val/macro_top1_tie_aware ▁▃▅▄▄▆▅▆▆▆▇▇▇▇▇▆▇██▇▇███▇███████████████
wandb:                           val/macro_top2 ▁▄▆▆▆▆▆▇▆▆▇▇▇▇▇▇████████████████████████
wandb:                           val/macro_top3 ▁▅▆▆▆▇▇▇▆▇▇▇▇█▇▇████████████████████████
wandb:                 val/macro_true3_accuracy ▁▃▅▄▅▆▆▆▆▆▇▇▇▇▇▇▇██▇▇███████████████████
wandb:             val/macro_vbs_gap_closed_pct ▁▆▆▅▆▇▆▆▆▇█▇▇▇▇▇▇███████████████████████
wandb:                  val/macro_vs_oracle_pct █▃▂▃▂▂▂▂▃▂▁▁▁▁▁▁▁▁▁▁▁▁▁▁▁▁▁▁▁▁▁▁▁▁▁▁▁▁▁▁
wandb:                     val/macro_vs_sbs_pct █▃▂▃▂▂▂▂▃▂▁▁▁▁▁▁▁▁▁▁▁▁▁▁▁▁▁▁▁▁▁▁▁▁▁▁▁▁▁▁
wandb: 
wandb: Run summary:
wandb:                                    epoch 40
wandb:                      gpu/peak_memory_gib 9.36793
wandb:                   optimization/all_pairs 0.3134
wandb:                 optimization/amp_skipped 22
wandb:                          optimization/ce 1.06954
wandb:                         optimization/cmp 0.4843
wandb:          optimization/consistency_weight 0.35
wandb:                          optimization/kl 0.00823
wandb:                        optimization/loss 0.5752
wandb:                          optimization/lr 0.0
wandb:                       optimization/pred3 0.5297
wandb:                        optimization/risk 1.42367
wandb:                     optimization/samples 180000
wandb:                     optimization/seconds 94.21432
wandb:                       optimization/true3 0.54692
wandb:                       successful_updates 56880
wandb:       train_eval/macro_actual_regret_pct 0.90755
wandb:                      train_eval/macro_ce 1.0653
wandb:               train_eval/macro_mean_cost 11.1718
wandb: train_eval/macro_reference_top2_accuracy 0.59392
wandb:                    train_eval/macro_top1 0.49606
wandb:          train_eval/macro_top1_tie_aware 0.49698
wandb:                    train_eval/macro_top2 0.82596
wandb:                    train_eval/macro_top3 0.93189
wandb:          train_eval/macro_true3_accuracy 0.70952
wandb:      train_eval/macro_vbs_gap_closed_pct 32.74547
wandb:           train_eval/macro_vs_oracle_pct 0.87793
wandb:              train_eval/macro_vs_sbs_pct -1.11087
wandb:              val/macro_actual_regret_pct 0.93632
wandb:                             val/macro_ce 1.08849
wandb:                      val/macro_mean_cost 11.17002
wandb:        val/macro_reference_top2_accuracy 0.58451
wandb:                           val/macro_top1 0.48744
wandb:                 val/macro_top1_tie_aware 0.48828
wandb:                           val/macro_top2 0.82306
wandb:                           val/macro_top3 0.92761
wandb:                 val/macro_true3_accuracy 0.70489
wandb:             val/macro_vbs_gap_closed_pct 31.16562
wandb:                  val/macro_vs_oracle_pct 0.90443
wandb:                     val/macro_vs_sbs_pct -1.05913
wandb: 
wandb: You can sync this run to the cloud by running:
wandb: wandb sync code/V4/runs/R43_pairwise_selection/score_difference_seed2/wandb/offline-run-20261001_094417-pccs9crh
wandb: Find logs at: code/V4/runs/R43_pairwise_selection/score_difference_seed2/wandb/offline-run-20261001_094417-pccs9crh/logs
[complete R43A] epochs=40 best_epoch=35
