test_customer_permutation_keeps_depot_and_prediction (code.V4.test_r50.R50Tests) ... ok
test_fp64_ties_and_development_only_selection (code.V4.test_r50.R50Tests) ... ok
test_frozen_pair_cannot_enable_training (code.V4.test_r50.R50Tests) ... ok
test_identical_readout_initialization (code.V4.test_r50.R50Tests) ... ok
test_native_encoder_fields_and_depot (code.V4.test_r50.R50Tests) ... ok
test_padding_does_not_change_scores (code.V4.test_r50.R50Tests) ... ok
test_readout_trainable_but_cache_frozen (code.V4.test_r50.R50Tests) ... ok

----------------------------------------------------------------------
Ran 7 tests in 0.432s

OK
[R50 cache] A_random_seed2/train shape=torch.Size([10000, 101, 2, 128])
[R50 cache] A_random_seed2/val shape=torch.Size([1000, 101, 2, 128])
[R50 cache] B_pretrained_seed2/train shape=torch.Size([10000, 101, 2, 128])
[R50 cache] B_pretrained_seed2/val shape=torch.Size([1000, 101, 2, 128])
wandb: Tracking run with wandb version 0.19.11
wandb: W&B syncing is set to `offline` in this directory. Run `wandb online` or set WANDB_MODE=online to enable cloud syncing.
[R50 A_random_seed2] u=0 train:acc=0.4965 CE=0.69324 regret=1.0409%; development:acc=0.4825 CE=0.69346 regret=1.0663%; internal:acc=0.4650 CE=0.69379 regret=1.1483%; original_val:acc=0.4910 CE=0.69339 regret=1.0733% dev_best=True
[R50 A_random_seed2] u=200 train:acc=0.5035 CE=0.69413 regret=0.8566%; development:acc=0.5175 CE=0.69230 regret=0.8063%; internal:acc=0.5350 CE=0.69015 regret=0.7713%; original_val:acc=0.5090 CE=0.69351 regret=0.8460% dev_best=True
[R50 A_random_seed2] u=400 train:acc=0.5034 CE=0.69260 regret=0.8567%; development:acc=0.5526 CE=0.69129 regret=0.7572%; internal:acc=0.5310 CE=0.69006 regret=0.8130%; original_val:acc=0.5110 CE=0.69102 regret=0.8453% dev_best=True
[R50 A_random_seed2] u=600 train:acc=0.5300 CE=0.69061 regret=0.8566%; development:acc=0.5255 CE=0.69132 regret=0.8247%; internal:acc=0.5170 CE=0.69059 regret=0.8642%; original_val:acc=0.5200 CE=0.69091 regret=0.8812% dev_best=False
[R50 A_random_seed2] u=800 train:acc=0.5151 CE=0.68878 regret=0.8511%; development:acc=0.5255 CE=0.68773 regret=0.8011%; internal:acc=0.5230 CE=0.68518 regret=0.8621%; original_val:acc=0.5240 CE=0.68884 regret=0.8227% dev_best=True
[R50 A_random_seed2] u=1000 train:acc=0.5309 CE=0.68772 regret=0.8615%; development:acc=0.5285 CE=0.69030 regret=0.8765%; internal:acc=0.5170 CE=0.69007 regret=0.8847%; original_val:acc=0.5200 CE=0.68979 regret=0.8595% dev_best=False
[R50 A_random_seed2] u=1200 train:acc=0.5286 CE=0.68679 regret=0.8488%; development:acc=0.5405 CE=0.68688 regret=0.7765%; internal:acc=0.5180 CE=0.68616 regret=0.8855%; original_val:acc=0.5240 CE=0.68845 regret=0.8254% dev_best=True
[R50 A_random_seed2] u=1400 train:acc=0.5333 CE=0.68739 regret=0.8525%; development:acc=0.5295 CE=0.69032 regret=0.8735%; internal:acc=0.5110 CE=0.68973 regret=0.8938%; original_val:acc=0.5320 CE=0.68915 regret=0.8240% dev_best=False
[R50 A_random_seed2] u=1600 train:acc=0.5320 CE=0.68736 regret=0.8511%; development:acc=0.5195 CE=0.69031 regret=0.8865%; internal:acc=0.5090 CE=0.68879 regret=0.9180%; original_val:acc=0.5310 CE=0.68882 regret=0.8640% dev_best=False
[R50 A_random_seed2] u=1800 train:acc=0.5325 CE=0.68632 regret=0.8544%; development:acc=0.5295 CE=0.68995 regret=0.8679%; internal:acc=0.5180 CE=0.68894 regret=0.8853%; original_val:acc=0.5260 CE=0.68941 regret=0.8527% dev_best=False
[R50 A_random_seed2] u=2000 train:acc=0.5383 CE=0.68555 regret=0.8275%; development:acc=0.5345 CE=0.68787 regret=0.8491%; internal:acc=0.5230 CE=0.68640 regret=0.8909%; original_val:acc=0.5210 CE=0.68838 regret=0.8624% dev_best=False
[R50 A_random_seed2] u=2200 train:acc=0.5351 CE=0.68598 regret=0.8380%; development:acc=0.5235 CE=0.68877 regret=0.8707%; internal:acc=0.5190 CE=0.68727 regret=0.8742%; original_val:acc=0.5250 CE=0.68809 regret=0.8586% dev_best=False
[R50 A_random_seed2] u=2400 train:acc=0.5355 CE=0.68571 regret=0.8473%; development:acc=0.5265 CE=0.69005 regret=0.8691%; internal:acc=0.5130 CE=0.68782 regret=0.8984%; original_val:acc=0.5260 CE=0.68890 regret=0.8648% dev_best=False
[R50 A_random_seed2] u=2600 train:acc=0.5355 CE=0.68520 regret=0.8347%; development:acc=0.5285 CE=0.68878 regret=0.8618%; internal:acc=0.5140 CE=0.68693 regret=0.9008%; original_val:acc=0.5220 CE=0.68897 regret=0.8634% dev_best=False
[R50 A_random_seed2] u=2800 train:acc=0.5375 CE=0.68488 regret=0.8295%; development:acc=0.5265 CE=0.68768 regret=0.8267%; internal:acc=0.5120 CE=0.68626 regret=0.8712%; original_val:acc=0.5270 CE=0.68961 regret=0.8606% dev_best=False
[R50 A_random_seed2] u=3000 train:acc=0.5367 CE=0.68448 regret=0.8345%; development:acc=0.5255 CE=0.68932 regret=0.8701%; internal:acc=0.5180 CE=0.68769 regret=0.8875%; original_val:acc=0.5240 CE=0.68940 regret=0.8623% dev_best=False
[R50 A_random_seed2] u=3200 train:acc=0.5374 CE=0.68493 regret=0.8288%; development:acc=0.5385 CE=0.68779 regret=0.8345%; internal:acc=0.5200 CE=0.68605 regret=0.8767%; original_val:acc=0.5170 CE=0.69100 regret=0.8498% dev_best=False
[R50 A_random_seed2] u=3400 train:acc=0.5389 CE=0.68475 regret=0.8252%; development:acc=0.5225 CE=0.68935 regret=0.8447%; internal:acc=0.5010 CE=0.68910 regret=0.8608%; original_val:acc=0.5300 CE=0.69030 regret=0.8482% dev_best=False
[R50 A_random_seed2] u=3600 train:acc=0.5390 CE=0.68434 regret=0.8262%; development:acc=0.5335 CE=0.68828 regret=0.8466%; internal:acc=0.5140 CE=0.68802 regret=0.8887%; original_val:acc=0.5320 CE=0.69271 regret=0.8390% dev_best=False
[R50 A_random_seed2] u=3800 train:acc=0.5397 CE=0.68412 regret=0.8271%; development:acc=0.5445 CE=0.68916 regret=0.8146%; internal:acc=0.5280 CE=0.68741 regret=0.8283%; original_val:acc=0.5300 CE=0.69011 regret=0.8453% dev_best=False
[R50 A_random_seed2] u=4000 train:acc=0.5416 CE=0.68360 regret=0.8072%; development:acc=0.5425 CE=0.68776 regret=0.8297%; internal:acc=0.5140 CE=0.68930 regret=0.8584%; original_val:acc=0.5310 CE=0.69270 regret=0.8336% dev_best=False
wandb:                                                                                
wandb: 
wandb: Run history:
wandb:         development/accuracy ▁▄█▅▅▆▇▆▅▆▆▅▅▆▅▅▇▅▆▇▇
wandb:               development/ce █▇▆▆▂▅▁▅▅▄▂▃▄▃▂▄▂▄▂▃▂
wandb:        development/mean_cost █▃▁▂▂▄▁▄▄▄▃▄▄▃▂▄▃▃▃▂▃
wandb:  development/pair_regret_pct █▂▁▃▂▄▁▄▄▄▃▄▄▃▃▄▃▃▃▂▃
wandb:                    grad_norm ▂▁▄▇▇▅▆▇▅▅▇▆▅▆▇▇█▇██
wandb:            internal/accuracy ▁██▆▇▆▆▆▅▆▇▆▆▆▆▆▆▅▆▇▆
wandb:                  internal/ce █▅▅▅▁▅▂▅▄▄▂▃▃▂▂▃▂▄▃▃▄
wandb:           internal/mean_cost █▁▂▃▃▃▃▃▄▃▃▃▄▄▃▃▃▃▃▂▃
wandb:     internal/pair_regret_pct █▁▂▃▃▃▃▃▄▃▃▃▃▃▃▃▃▃▃▂▃
wandb:                           lr ▁▁▁▁▁▁▁▁▁▁▁▁▁▁▁▁▁▁▁▁▁
wandb:              optimization_ce ██▆▄▄▃▃▃▃▃▃▃▂▂▂▂▂▂▂▁
wandb:        original_val/accuracy ▁▄▄▆▇▆▇██▇▆▇▇▆▇▇▅████
wandb:              original_val/ce ██▅▅▂▃▁▂▂▃▁▁▂▂▃▃▅▄▇▄▇
wandb:       original_val/mean_cost █▂▂▃▁▂▁▁▂▂▂▂▂▂▂▂▂▂▂▂▂
wandb: original_val/pair_regret_pct █▂▂▃▁▂▁▁▂▂▂▂▂▂▂▂▂▂▁▂▁
wandb:               train/accuracy ▁▂▂▆▄▆▆▇▇▇▇▇▇▇▇▇▇████
wandb:                     train/ce ▇█▇▆▄▄▃▄▃▃▂▃▂▂▂▂▂▂▁▁▁
wandb:              train/mean_cost █▃▃▃▃▃▃▂▂▂▂▂▂▂▂▂▂▁▂▂▁
wandb:        train/pair_regret_pct █▂▂▂▂▃▂▂▂▂▂▂▂▂▂▂▂▂▂▂▁
wandb:                      updates ▁▁▂▂▂▃▃▃▄▄▅▅▅▆▆▆▇▇▇██
wandb: 
wandb: Run summary:
wandb:         development/accuracy 0.54254
wandb:               development/ce 0.68776
wandb:        development/mean_cost 10.07558
wandb:  development/pair_regret_pct 0.82974
wandb:                    grad_norm 0.12113
wandb:            internal/accuracy 0.514
wandb:                  internal/ce 0.6893
wandb:           internal/mean_cost 10.14927
wandb:     internal/pair_regret_pct 0.85838
wandb:                           lr 0.001
wandb:              optimization_ce 0.68463
wandb:        original_val/accuracy 0.531
wandb:              original_val/ce 0.6927
wandb:       original_val/mean_cost 10.04706
wandb: original_val/pair_regret_pct 0.8336
wandb:               train/accuracy 0.54163
wandb:                     train/ce 0.6836
wandb:              train/mean_cost 10.09811
wandb:        train/pair_regret_pct 0.80719
wandb:                      updates 4000
wandb: 
wandb: You can sync this run to the cloud by running:
wandb: wandb sync code/V4/runs/R50_pretrained_solver_encoder/A_random_seed2/wandb/offline-run-20261010_132951-888grfzg
wandb: Find logs at: code/V4/runs/R50_pretrained_solver_encoder/A_random_seed2/wandb/offline-run-20261010_132951-888grfzg/logs
wandb: Tracking run with wandb version 0.19.11
wandb: W&B syncing is set to `offline` in this directory. Run `wandb online` or set WANDB_MODE=online to enable cloud syncing.
[R50 B_pretrained_seed2] u=0 train:acc=0.5021 CE=0.69318 regret=0.9812%; development:acc=0.4745 CE=0.69353 regret=1.0006%; internal:acc=0.4880 CE=0.69338 regret=1.0480%; original_val:acc=0.4920 CE=0.69326 regret=1.0058% dev_best=True
[R50 B_pretrained_seed2] u=200 train:acc=0.5841 CE=0.66033 regret=0.6640%; development:acc=0.5636 CE=0.66590 regret=0.7010%; internal:acc=0.5140 CE=0.67248 regret=0.8314%; original_val:acc=0.5690 CE=0.66843 regret=0.7093% dev_best=True
[R50 B_pretrained_seed2] u=400 train:acc=0.5992 CE=0.64610 regret=0.6422%; development:acc=0.5455 CE=0.67040 regret=0.7674%; internal:acc=0.5280 CE=0.68217 regret=0.7932%; original_val:acc=0.5830 CE=0.67402 regret=0.6897% dev_best=False
[R50 B_pretrained_seed2] u=600 train:acc=0.6436 CE=0.62499 regret=0.5849%; development:acc=0.5526 CE=0.67112 regret=0.7623%; internal:acc=0.5420 CE=0.67983 regret=0.7765%; original_val:acc=0.5690 CE=0.68403 regret=0.7298% dev_best=False
[R50 B_pretrained_seed2] u=800 train:acc=0.7105 CE=0.56640 regret=0.4745%; development:acc=0.5325 CE=0.72005 regret=0.7951%; internal:acc=0.5440 CE=0.72770 regret=0.8059%; original_val:acc=0.5490 CE=0.72259 regret=0.7608% dev_best=False
[R50 B_pretrained_seed2] u=1000 train:acc=0.7260 CE=0.52261 regret=0.4442%; development:acc=0.5285 CE=0.77017 regret=0.7908%; internal:acc=0.5470 CE=0.77051 regret=0.7562%; original_val:acc=0.5390 CE=0.77884 regret=0.7756% dev_best=False
[R50 B_pretrained_seed2] u=1200 train:acc=0.7754 CE=0.44833 regret=0.3802%; development:acc=0.5195 CE=0.96335 regret=0.8339%; internal:acc=0.5430 CE=0.96114 regret=0.7260%; original_val:acc=0.5190 CE=0.95166 regret=0.8276% dev_best=False
[R50 B_pretrained_seed2] u=1400 train:acc=0.8932 CE=0.26593 regret=0.1648%; development:acc=0.5576 CE=1.13137 regret=0.7563%; internal:acc=0.5260 CE=1.21780 regret=0.7922%; original_val:acc=0.5430 CE=1.14052 regret=0.7689% dev_best=False
[R50 B_pretrained_seed2] u=1600 train:acc=0.9289 CE=0.19517 regret=0.1187%; development:acc=0.5355 CE=1.30860 regret=0.7754%; internal:acc=0.5270 CE=1.36907 regret=0.7971%; original_val:acc=0.5560 CE=1.24766 regret=0.7618% dev_best=False
[R50 B_pretrained_seed2] u=1800 train:acc=0.9529 CE=0.13963 regret=0.0720%; development:acc=0.5355 CE=1.46554 regret=0.7946%; internal:acc=0.5170 CE=1.53449 regret=0.8311%; original_val:acc=0.5450 CE=1.41763 regret=0.7620% dev_best=False
[R50 B_pretrained_seed2] u=2000 train:acc=0.9419 CE=0.14521 regret=0.0896%; development:acc=0.5305 CE=1.69358 regret=0.8129%; internal:acc=0.5260 CE=1.74232 regret=0.8292%; original_val:acc=0.5460 CE=1.61660 regret=0.7668% dev_best=False
[R50 B_pretrained_seed2] u=2200 train:acc=0.9734 CE=0.08417 regret=0.0405%; development:acc=0.5235 CE=1.81749 regret=0.8432%; internal:acc=0.5180 CE=1.83107 regret=0.8173%; original_val:acc=0.5460 CE=1.70465 regret=0.7828% dev_best=False
[R50 B_pretrained_seed2] u=2400 train:acc=0.9842 CE=0.05853 regret=0.0252%; development:acc=0.5405 CE=1.99538 regret=0.7871%; internal:acc=0.5340 CE=2.05603 regret=0.8221%; original_val:acc=0.5510 CE=1.83888 regret=0.7743% dev_best=False
[R50 B_pretrained_seed2] u=2600 train:acc=0.9906 CE=0.04313 regret=0.0135%; development:acc=0.5285 CE=2.02563 regret=0.7902%; internal:acc=0.5230 CE=2.07183 regret=0.7930%; original_val:acc=0.5460 CE=1.87629 regret=0.7551% dev_best=False
[R50 B_pretrained_seed2] u=2800 train:acc=0.9956 CE=0.03380 regret=0.0065%; development:acc=0.5275 CE=2.03763 regret=0.8282%; internal:acc=0.5380 CE=2.01716 regret=0.7521%; original_val:acc=0.5540 CE=1.93317 regret=0.7525% dev_best=False
[R50 B_pretrained_seed2] u=3000 train:acc=0.9925 CE=0.03029 regret=0.0122%; development:acc=0.5215 CE=2.28999 regret=0.8157%; internal:acc=0.5240 CE=2.29698 regret=0.7852%; original_val:acc=0.5400 CE=2.11431 regret=0.8106% dev_best=False
[R50 B_pretrained_seed2] u=3200 train:acc=0.9916 CE=0.03284 regret=0.0151%; development:acc=0.5235 CE=2.20272 regret=0.8253%; internal:acc=0.5380 CE=2.11383 regret=0.7666%; original_val:acc=0.5420 CE=2.01402 regret=0.7767% dev_best=False
[R50 B_pretrained_seed2] u=3400 train:acc=0.9954 CE=0.02394 regret=0.0081%; development:acc=0.5125 CE=2.25906 regret=0.8225%; internal:acc=0.5150 CE=2.26295 regret=0.8068%; original_val:acc=0.5430 CE=2.12226 regret=0.7892% dev_best=False
[R50 B_pretrained_seed2] u=3600 train:acc=0.9972 CE=0.01405 regret=0.0038%; development:acc=0.5295 CE=2.57286 regret=0.8048%; internal:acc=0.5190 CE=2.43732 regret=0.7845%; original_val:acc=0.5450 CE=2.41565 regret=0.7844% dev_best=False
[R50 B_pretrained_seed2] u=3800 train:acc=0.9978 CE=0.01694 regret=0.0038%; development:acc=0.5115 CE=2.41945 regret=0.8584%; internal:acc=0.5270 CE=2.36092 regret=0.8154%; original_val:acc=0.5460 CE=2.19196 regret=0.7828% dev_best=False
[R50 B_pretrained_seed2] u=4000 train:acc=0.9956 CE=0.01634 regret=0.0048%; development:acc=0.5145 CE=2.56361 regret=0.8294%; internal:acc=0.5270 CE=2.48724 regret=0.7719%; original_val:acc=0.5500 CE=2.36007 regret=0.7808% dev_best=False
wandb:                                                                                
wandb: 
wandb: Run history:
wandb:         development/accuracy ▁█▇▇▆▅▅█▆▆▅▅▆▅▅▅▅▄▅▄▄
wandb:               development/ce ▁▁▁▁▁▁▂▃▃▄▅▅▆▆▆▇▇▇█▇█
wandb:        development/mean_cost █▁▃▂▃▃▄▂▃▃▄▄▃▃▄▄▄▄▃▄▄
wandb:  development/pair_regret_pct █▁▃▂▃▃▄▂▃▃▄▄▃▃▄▄▄▄▃▅▄
wandb:                    grad_norm ▁▁▁▂▃▄▅▇▇███▇██▇█▇█▇
wandb:            internal/accuracy ▁▄▆▇███▆▆▄▆▅▆▅▇▅▇▄▅▆▆
wandb:                  internal/ce ▁▁▁▁▁▁▂▃▄▄▅▅▆▆▆▇▇▇███
wandb:           internal/mean_cost █▃▃▂▃▂▁▃▃▃▄▃▃▃▂▂▂▃▃▃▂
wandb:     internal/pair_regret_pct █▃▂▂▃▂▁▂▃▃▃▃▃▂▂▂▂▃▂▃▂
wandb:                           lr ▁▁▁▁▁▁▁▁▁▁▁▁▁▁▁▁▁▁▁▁▁
wandb:              optimization_ce ███▇▇▆▅▄▃▃▂▂▂▂▁▁▁▁▁▁
wandb:        original_val/accuracy ▁▇█▇▅▅▃▅▆▅▅▅▆▅▆▅▅▅▅▅▅
wandb:              original_val/ce ▁▁▁▁▁▁▂▃▃▄▅▅▆▆▆▇▆▇█▇█
wandb:       original_val/mean_cost █▂▁▂▃▃▄▃▂▂▃▃▃▂▂▃▃▃▃▃▃
wandb: original_val/pair_regret_pct █▁▁▂▃▃▄▃▃▃▃▃▃▂▂▄▃▃▃▃▃
wandb:               train/accuracy ▁▂▂▃▄▄▅▇▇▇▇██████████
wandb:                     train/ce ███▇▇▆▅▄▃▂▂▂▁▁▁▁▁▁▁▁▁
wandb:              train/mean_cost █▆▆▅▅▄▄▂▂▂▂▁▁▁▁▁▁▁▁▁▁
wandb:        train/pair_regret_pct █▆▆▅▄▄▄▂▂▁▂▁▁▁▁▁▁▁▁▁▁
wandb:                      updates ▁▁▂▂▂▃▃▃▄▄▅▅▅▆▆▆▇▇▇██
wandb: 
wandb: Run summary:
wandb:         development/accuracy 0.51451
wandb:               development/ce 2.56361
wandb:        development/mean_cost 10.07755
wandb:  development/pair_regret_pct 0.82942
wandb:                    grad_norm 2.47914
wandb:            internal/accuracy 0.527
wandb:                  internal/ce 2.48724
wandb:           internal/mean_cost 10.14088
wandb:     internal/pair_regret_pct 0.77192
wandb:                           lr 0.001
wandb:              optimization_ce 0.09117
wandb:        original_val/accuracy 0.55
wandb:              original_val/ce 2.36007
wandb:       original_val/mean_cost 10.04141
wandb: original_val/pair_regret_pct 0.7808
wandb:               train/accuracy 0.99562
wandb:                     train/ce 0.01634
wandb:              train/mean_cost 10.02041
wandb:        train/pair_regret_pct 0.00481
wandb:                      updates 4000
wandb: 
wandb: You can sync this run to the cloud by running:
wandb: wandb sync code/V4/runs/R50_pretrained_solver_encoder/B_pretrained_seed2/wandb/offline-run-20261010_133007-zitjh7y7
wandb: Find logs at: code/V4/runs/R50_pretrained_solver_encoder/B_pretrained_seed2/wandb/offline-run-20261010_133007-zitjh7y7/logs
## Development-selected results

| Model | Update | Train accuracy | Development CE | Internal accuracy / regret | Original validation accuracy / regret |
|---|---:|---:|---:|---:|---:|
| R49B_8000 | 1800 | 59.13% | 0.679775 | 51.00% / 0.863333% | 51.90% / 0.795806% |
| A_random_seed2 | 1200 | 52.86% | 0.686883 | 51.80% / 0.885483% | 52.40% / 0.825390% |
| B_pretrained_seed2 | 200 | 58.41% | 0.665895 | 51.40% / 0.831422% | 56.90% / 0.709315% |

All following values use the same development-selected checkpoint:

| Model | Set | N | Accuracy | CE | Mean cost | Pair regret |
|---|---|---:|---:|---:|---:|---:|
| R49B_8000 | train | 8000 | 59.13% | 0.663984 | 10.0876991 | 0.691059% |
| R49B_8000 | development | 999 | 53.45% | 0.679775 | 10.0770721 | 0.820159% |
| R49B_8000 | internal | 1000 | 51.00% | 0.685293 | 10.1477532 | 0.863333% |
| R49B_8000 | original_val | 1000 | 51.90% | 0.688559 | 10.0459543 | 0.795806% |
| A_random_seed2 | train | 8000 | 52.86% | 0.686790 | 10.1024129 | 0.848806% |
| A_random_seed2 | development | 999 | 54.05% | 0.686883 | 10.0711244 | 0.776527% |
| A_random_seed2 | internal | 1000 | 51.80% | 0.686156 | 10.1491531 | 0.885483% |
| A_random_seed2 | original_val | 1000 | 52.40% | 0.688450 | 10.0452548 | 0.825390% |
| B_pretrained_seed2 | train | 8000 | 58.41% | 0.660328 | 10.0851224 | 0.663982% |
| B_pretrained_seed2 | development | 999 | 56.36% | 0.665895 | 10.0658001 | 0.700994% |
| B_pretrained_seed2 | internal | 1000 | 51.40% | 0.672479 | 10.1454566 | 0.831422% |
| B_pretrained_seed2 | original_val | 1000 | 56.90% | 0.668430 | 10.0379147 | 0.709315% |

test_customer_permutation_keeps_depot_and_prediction (code.V4.test_r50.R50Tests) ... ok
test_fp64_ties_and_development_only_selection (code.V4.test_r50.R50Tests) ... ok
test_frozen_pair_cannot_enable_training (code.V4.test_r50.R50Tests) ... ok
test_identical_readout_initialization (code.V4.test_r50.R50Tests) ... ok
test_labels_and_costs_do_not_enter_forward (code.V4.test_r50.R50Tests) ... ok
test_native_encoder_fields_and_depot (code.V4.test_r50.R50Tests) ... ok
test_padding_does_not_change_scores (code.V4.test_r50.R50Tests) ... ok
test_readout_trainable_but_cache_frozen (code.V4.test_r50.R50Tests) ... ok

----------------------------------------------------------------------
Ran 8 tests in 0.065s

OK
## Development-selected results

| Model | Update | Train accuracy | Development CE | Internal accuracy / regret | Original validation accuracy / regret |
|---|---:|---:|---:|---:|---:|
| R49B_8000 | 1800 | 59.13% | 0.679775 | 51.00% / 0.863333% | 51.90% / 0.795806% |
| A_random_seed2 | 1200 | 52.86% | 0.686883 | 51.80% / 0.885483% | 52.40% / 0.825390% |
| B_pretrained_seed2 | 200 | 58.41% | 0.665895 | 51.40% / 0.831422% | 56.90% / 0.709315% |

All following values use the same development-selected checkpoint:

| Model | Set | N | Accuracy | CE | Mean cost | Pair regret |
|---|---|---:|---:|---:|---:|---:|
| R49B_8000 | train | 8000 | 59.13% | 0.663984 | 10.0876991 | 0.691059% |
| R49B_8000 | development | 999 | 53.45% | 0.679775 | 10.0770721 | 0.820159% |
| R49B_8000 | internal | 1000 | 51.00% | 0.685293 | 10.1477532 | 0.863333% |
| R49B_8000 | original_val | 1000 | 51.90% | 0.688559 | 10.0459543 | 0.795806% |
| A_random_seed2 | train | 8000 | 52.86% | 0.686790 | 10.1024129 | 0.848806% |
| A_random_seed2 | development | 999 | 54.05% | 0.686883 | 10.0711244 | 0.776527% |
| A_random_seed2 | internal | 1000 | 51.80% | 0.686156 | 10.1491531 | 0.885483% |
| A_random_seed2 | original_val | 1000 | 52.40% | 0.688450 | 10.0452548 | 0.825390% |
| B_pretrained_seed2 | train | 8000 | 58.41% | 0.660328 | 10.0851224 | 0.663982% |
| B_pretrained_seed2 | development | 999 | 56.36% | 0.665895 | 10.0658001 | 0.700994% |
| B_pretrained_seed2 | internal | 1000 | 51.40% | 0.672479 | 10.1454566 | 0.831422% |
| B_pretrained_seed2 | original_val | 1000 | 56.90% | 0.668430 | 10.0379147 | 0.709315% |

## Development-selected results

| Model | Update | Train accuracy | Development CE | Internal accuracy / regret | Original validation accuracy / regret |
|---|---:|---:|---:|---:|---:|
| R49B_8000 | 1800 | 59.13% | 0.679775 | 51.00% / 0.863333% | 51.90% / 0.795806% |
| A_random_seed2 | 1200 | 52.86% | 0.686883 | 51.80% / 0.885483% | 52.40% / 0.825390% |
| B_pretrained_seed2 | 200 | 58.41% | 0.665895 | 51.40% / 0.831422% | 56.90% / 0.709315% |

All following values use the same development-selected checkpoint:

| Model | Set | N | Accuracy | CE | Mean cost | Pair regret |
|---|---|---:|---:|---:|---:|---:|
| R49B_8000 | train | 8000 | 59.13% | 0.663984 | 10.0876991 | 0.691059% |
| R49B_8000 | development | 999 | 53.45% | 0.679775 | 10.0770721 | 0.820159% |
| R49B_8000 | internal | 1000 | 51.00% | 0.685293 | 10.1477532 | 0.863333% |
| R49B_8000 | original_val | 1000 | 51.90% | 0.688559 | 10.0459543 | 0.795806% |
| A_random_seed2 | train | 8000 | 52.86% | 0.686790 | 10.1024129 | 0.848806% |
| A_random_seed2 | development | 999 | 54.05% | 0.686883 | 10.0711244 | 0.776527% |
| A_random_seed2 | internal | 1000 | 51.80% | 0.686156 | 10.1491531 | 0.885483% |
| A_random_seed2 | original_val | 1000 | 52.40% | 0.688450 | 10.0452548 | 0.825390% |
| B_pretrained_seed2 | train | 8000 | 58.41% | 0.660328 | 10.0851224 | 0.663982% |
| B_pretrained_seed2 | development | 999 | 56.36% | 0.665895 | 10.0658001 | 0.700994% |
| B_pretrained_seed2 | internal | 1000 | 51.40% | 0.672479 | 10.1454566 | 0.831422% |
| B_pretrained_seed2 | original_val | 1000 | 56.90% | 0.668430 | 10.0379147 | 0.709315% |

