======================================================================
[2026-04-01 19:13:24] START s2_00_baseline_default
out_dir=/public/home/zhoucl/shiys/2cmab2/outputs/tuning_2026-04-01_stage2_5k/s2_00_baseline_default
extra_args=--reward-mode linear_zero_one --alpha 1.0 --train-every 100 --representation-steps 10 --representation-buffer-size 5000 --representation-batch-size 512 --linear-head-buffer-size 10000 --initial-pulls 2 --no-freeze-encoder
======================================================================
[19:13:26] 实验开始，输出目录: /public/home/zhoucl/shiys/2cmab2/outputs/tuning_2026-04-01_stage2_5k/s2_00_baseline_default
[19:13:26] 开始构建共享数据集
[19:13:26] 扫描结果目录: /public/home/zhoucl/shiys/EasyNCO/results/test
[19:13:26] 已找到最新 runs 数量: 20
[19:13:26] 开始解析原始 .pt 数据集路径
[19:13:26] TSP 数据集: /public/home/zhoucl/shiys/EasyNCO/data/datasets/test_dataset_tsp_uniform/test_tsp100_nums10000_uniform.pt
[19:13:26] CVRP 数据集: /public/home/zhoucl/shiys/EasyNCO/data/datasets/test_dataset_vrp_uniform/test_vrp100_capacity50_nums10000_uniform.pt
[19:13:26] 开始加载原始实例张量
[19:13:26] 实例加载完成: tsp=10000, cvrp=10000
[19:13:26] 开始聚合问题 tsp，候选方法数=12
[19:13:26] tsp 可用实例数=5000
[19:13:38] 问题 tsp 聚合完成，当前累计样本数=5000
[19:13:38] 开始聚合问题 cvrp，候选方法数=8
[19:13:38] cvrp 可用实例数=5000
[19:13:50] 问题 cvrp 聚合完成，当前累计样本数=10000
[19:13:50] 全部样本构建完成，最终样本数=10000
[19:13:50] 数据集构建完成，样本总数=10000
[19:13:50] 开始做 train/val/test 分层切分
[19:13:50] 数据切分完成: train=7000, val=1500, test=1500
[19:13:50] 开始构造 selector: neural_linucb
[19:13:51] selector 构造完成: NeuralLinUCB
[19:13:51] 已开启 checkpoint 自动保存: 每 1000 个 step 保存一次
[19:13:51] 已开启周期性验证: 每 500 个 step 在 val 集评测一次
[19:13:51] 开始训练 epoch 1/1 [NeuralLinUCB]
[19:14:25] step=500 | periodic val_greedy | mean_reward=0.840429 | top1=0.212000 | mean_regret=0.050320 | mean_cost=11.765608 || val_ucb: mean_reward=0.843095 | top1=0.288000 | mean_regret=0.050296 | mean_cost=11.765584
[19:15:12] checkpoint 已保存: /public/home/zhoucl/shiys/2cmab2/outputs/tuning_2026-04-01_stage2_5k/s2_00_baseline_default/checkpoints/step_0001000.pt
[19:15:25] step=1000 | periodic val_greedy | mean_reward=0.846511 | top1=0.302000 | mean_regret=0.050219 | mean_cost=11.765508 || val_ucb: mean_reward=0.848294 | top1=0.318667 | mean_regret=0.050058 | mean_cost=11.765346
[19:16:51] step=1500 | periodic val_greedy | mean_reward=0.842792 | top1=0.234000 | mean_regret=0.050864 | mean_cost=11.766153 || val_ucb: mean_reward=0.845649 | top1=0.250667 | mean_regret=0.049405 | mean_cost=11.764694
[19:18:32] checkpoint 已保存: /public/home/zhoucl/shiys/2cmab2/outputs/tuning_2026-04-01_stage2_5k/s2_00_baseline_default/checkpoints/step_0002000.pt
[19:18:45] step=2000 | periodic val_greedy | mean_reward=0.847580 | top1=0.272667 | mean_regret=0.050330 | mean_cost=11.765619 || val_ucb: mean_reward=0.841714 | top1=0.299333 | mean_regret=0.049619 | mean_cost=11.764907
[19:21:11] step=2500 | periodic val_greedy | mean_reward=0.847792 | top1=0.282000 | mean_regret=0.050151 | mean_cost=11.765440 || val_ucb: mean_reward=0.815597 | top1=0.300667 | mean_regret=0.061243 | mean_cost=11.776532
[19:23:57] checkpoint 已保存: /public/home/zhoucl/shiys/2cmab2/outputs/tuning_2026-04-01_stage2_5k/s2_00_baseline_default/checkpoints/step_0003000.pt
[19:24:16] step=3000 | periodic val_greedy | mean_reward=0.846714 | top1=0.308667 | mean_regret=0.051008 | mean_cost=11.766296 || val_ucb: mean_reward=0.839394 | top1=0.336667 | mean_regret=0.053676 | mean_cost=11.768965
[19:30:00] step=3500 | periodic val_greedy | mean_reward=0.847991 | top1=0.299333 | mean_regret=0.050270 | mean_cost=11.765558 || val_ucb: mean_reward=0.826926 | top1=0.241333 | mean_regret=0.059723 | mean_cost=11.775012
[19:36:29] checkpoint 已保存: /public/home/zhoucl/shiys/2cmab2/outputs/tuning_2026-04-01_stage2_5k/s2_00_baseline_default/checkpoints/step_0004000.pt
[19:36:52] step=4000 | periodic val_greedy | mean_reward=0.849234 | top1=0.322000 | mean_regret=0.050128 | mean_cost=11.765416 || val_ucb: mean_reward=0.845684 | top1=0.318000 | mean_regret=0.052549 | mean_cost=11.767838
[19:45:37] step=4500 | periodic val_greedy | mean_reward=0.848169 | top1=0.317333 | mean_regret=0.050973 | mean_cost=11.766262 || val_ucb: mean_reward=0.845255 | top1=0.302667 | mean_regret=0.051622 | mean_cost=11.766910
[19:54:52] checkpoint 已保存: /public/home/zhoucl/shiys/2cmab2/outputs/tuning_2026-04-01_stage2_5k/s2_00_baseline_default/checkpoints/step_0005000.pt
[19:55:13] step=5000 | periodic val_greedy | mean_reward=0.850108 | top1=0.328000 | mean_regret=0.049801 | mean_cost=11.765090 || val_ucb: mean_reward=0.844342 | top1=0.292667 | mean_regret=0.051881 | mean_cost=11.767170
[20:07:16] step=5500 | periodic val_greedy | mean_reward=0.850580 | top1=0.326667 | mean_regret=0.049262 | mean_cost=11.764550 || val_ucb: mean_reward=0.846195 | top1=0.312667 | mean_regret=0.049536 | mean_cost=11.764825
[20:17:30] checkpoint 已保存: /public/home/zhoucl/shiys/2cmab2/outputs/tuning_2026-04-01_stage2_5k/s2_00_baseline_default/checkpoints/step_0006000.pt
[20:17:54] step=6000 | periodic val_greedy | mean_reward=0.847398 | top1=0.336000 | mean_regret=0.050496 | mean_cost=11.765785 || val_ucb: mean_reward=0.835494 | top1=0.305333 | mean_regret=0.052147 | mean_cost=11.767435
[20:27:57] step=6500 | periodic val_greedy | mean_reward=0.843827 | top1=0.326000 | mean_regret=0.051680 | mean_cost=11.766969 || val_ucb: mean_reward=0.836186 | top1=0.303333 | mean_regret=0.050955 | mean_cost=11.766244
[20:39:20] checkpoint 已保存: /public/home/zhoucl/shiys/2cmab2/outputs/tuning_2026-04-01_stage2_5k/s2_00_baseline_default/checkpoints/step_0007000.pt
[20:39:53] step=7000 | periodic val_greedy | mean_reward=0.841519 | top1=0.281333 | mean_regret=0.051188 | mean_cost=11.766477 || val_ucb: mean_reward=0.837147 | top1=0.283333 | mean_regret=0.049844 | mean_cost=11.765132
[20:39:53] 完成训练 epoch 1/1 [NeuralLinUCB]
[20:39:53] 开始 selector 验证/测试评测
[20:39:53] 在 val 集上评测 (1500 实例, mode=greedy)...
[20:40:00]     已评测 500/1500...
[20:40:06]     已评测 1000/1500...
[20:40:12]     已评测 1500/1500...
[20:40:12] val 评测完成 | mode=greedy | mean_reward=0.841519 | top1_accuracy=0.281333 | mean_regret=0.051188 | mean_cost=11.766477
[20:40:12] 在 test 集上评测 (1500 实例, mode=greedy)...
[20:40:17]     已评测 500/1500...
[20:40:23]     已评测 1000/1500...
[20:40:28]     已评测 1500/1500...
[20:40:28] test 评测完成 | mode=greedy | mean_reward=0.844030 | top1_accuracy=0.278667 | mean_regret=0.049820 | mean_cost=11.850174
[20:40:28] 在 val 集上评测 (1500 实例, mode=ucb)...
[20:40:34]     已评测 500/1500...
[20:40:40]     已评测 1000/1500...
[20:40:47]     已评测 1500/1500...
[20:40:47] val 评测完成 | mode=ucb | mean_reward=0.837147 | top1_accuracy=0.283333 | mean_regret=0.049844 | mean_cost=11.765132
[20:40:47] 在 test 集上评测 (1500 实例, mode=ucb)...
[20:40:53]     已评测 500/1500...
[20:41:00]     已评测 1000/1500...
[20:41:06]     已评测 1500/1500...
[20:41:06] test 评测完成 | mode=ucb | mean_reward=0.840446 | top1_accuracy=0.290667 | mean_regret=0.050469 | mean_cost=11.850823
[20:41:06] selector 验证/测试评测完成
[20:41:06] 开始计算 baseline 对比
[20:41:06] baseline 对比完成
[20:41:06] 
======================================================================
  评测结果 | NeuralLinUCB | mode=greedy
======================================================================

  ALL (1500 实例):
    mean_reward:    0.8440
    mean_rank:      2.38
    top1_hit_rate:    0.2467  (370/1500)
    top2_hit_rate:    0.5700  (855/1500)
    top3_hit_rate:    0.8180  (1227/1500)
    regret:         0.0498
    mean_cost:      11.8502  (模型选择)
    oracle_cost:    11.8004  (每个实例选最好的)

  TSP (750 实例):
    mean_reward:    0.8574
    mean_rank:      2.57
    top1_hit_rate:    0.1787  (134/750)
    top2_hit_rate:    0.5200  (390/750)
    top3_hit_rate:    0.7493  (562/750)
    regret:         0.0097
    mean_cost:      7.8011  (模型选择)
    oracle_cost:    7.7913  (每个实例选最好的)

  CVRP (750 实例):
    mean_reward:    0.8307
    mean_rank:      2.19
    top1_hit_rate:    0.3147  (236/750)
    top2_hit_rate:    0.6200  (465/750)
    top3_hit_rate:    0.8867  (665/750)
    regret:         0.0899
    mean_cost:      15.8993  (模型选择)
    oracle_cost:    15.8094  (每个实例选最好的)

======================================================================
  Baseline 对比 (在同一 test 集上)
======================================================================

  TSP (750 实例):
    oracle mean_cost:                7.7913  (每实例选最好的, 上界)
    模型选择 mean_cost:              7.8011
    single_best_per_problem:         7.8013
    single_best_global:              7.8024
    random mean_cost:                12.2174  (均匀随机的期望)

  CVRP (750 实例):
    oracle mean_cost:                15.8094  (每实例选最好的, 上界)
    模型选择 mean_cost:              15.8993
    single_best_per_problem:         15.8997
    single_best_global:              15.8997
    random mean_cost:                18.1089  (均匀随机的期望)

======================================================================
  各臂选择分布
======================================================================

  TSP (750 实例):
     0(lehd            ):    59 次 (  7.9%)
     1(elg             ):    19 次 (  2.5%)
     3(icam            ):   425 次 ( 56.7%)
     8(pointerformer   ):   247 次 ( 32.9%)

  CVRP (750 实例):
     0(lehd            ):   242 次 ( 32.3%)
     1(elg             ):   172 次 ( 22.9%)
     3(icam            ):   336 次 ( 44.8%)

  ALL (1500 实例):
     0(lehd            ):   301 次 ( 20.1%)
     1(elg             ):   191 次 ( 12.7%)
     3(icam            ):   761 次 ( 50.7%)
     8(pointerformer   ):   247 次 ( 16.5%)

======================================================================
  各臂被选后的真实效果
======================================================================

  TSP:
    arm                   count  mean_cost  mean_reward  top1_rate  mean_rank
    ────────────────────────────────────────────────────────────────────
     0(lehd            )       59     7.7621       0.8629     0.2712       2.51
     1(elg             )       19     7.7116       0.7440     0.0526       3.82
     3(icam            )      425     7.7600       0.8598     0.1953       2.54
     8(pointerformer   )      247     7.8878       0.8607     0.1377       2.53

  CVRP:
    arm                   count  mean_cost  mean_reward  top1_rate  mean_rank
    ────────────────────────────────────────────────────────────────────
     0(lehd            )      242    15.7111       0.8424     0.4215       2.10
     1(elg             )      172    15.6883       0.8264     0.2384       2.22
     3(icam            )      336    16.1429       0.8244     0.2768       2.23

======================================================================
  Oracle 最优臂分布 (test 集上哪个方法最常是最优的)
======================================================================

  TSP (750 实例):
     0(lehd            ):   267 次 ( 35.6%)
     3(icam            ):   233 次 ( 31.1%)
     8(pointerformer   ):   113 次 ( 15.1%)
     1(elg             ):    89 次 ( 11.9%)
     9(difusco         ):    46 次 (  6.1%)
     7(omni            ):     2 次 (  0.3%)

  CVRP (750 实例):
     0(lehd            ):   308 次 ( 41.1%)
     1(elg             ):   206 次 ( 27.5%)
     3(icam            ):   191 次 ( 25.5%)
     7(omni            ):    44 次 (  5.9%)
     2(invit           ):     1 次 (  0.1%)

[20:41:06] 
======================================================================
  评测结果 | NeuralLinUCB | mode=ucb
======================================================================

  ALL (1500 实例):
    mean_reward:    0.8404
    mean_rank:      2.42
    top1_hit_rate:    0.2500  (375/1500)
    top2_hit_rate:    0.5567  (835/1500)
    top3_hit_rate:    0.7953  (1193/1500)
    regret:         0.0505
    mean_cost:      11.8508  (模型选择)
    oracle_cost:    11.8004  (每个实例选最好的)

  TSP (750 实例):
    mean_reward:    0.8493
    mean_rank:      2.66
    top1_hit_rate:    0.1853  (139/750)
    top2_hit_rate:    0.4840  (363/750)
    top3_hit_rate:    0.7053  (529/750)
    regret:         0.0099
    mean_cost:      7.8012  (模型选择)
    oracle_cost:    7.7913  (每个实例选最好的)

  CVRP (750 实例):
    mean_reward:    0.8316
    mean_rank:      2.18
    top1_hit_rate:    0.3147  (236/750)
    top2_hit_rate:    0.6293  (472/750)
    top3_hit_rate:    0.8853  (664/750)
    regret:         0.0911
    mean_cost:      15.9004  (模型选择)
    oracle_cost:    15.8094  (每个实例选最好的)

======================================================================
  Baseline 对比 (在同一 test 集上)
======================================================================

  TSP (750 实例):
    oracle mean_cost:                7.7913  (每实例选最好的, 上界)
    模型选择 mean_cost:              7.8012
    single_best_per_problem:         7.8013
    single_best_global:              7.8024
    random mean_cost:                12.2174  (均匀随机的期望)

  CVRP (750 实例):
    oracle mean_cost:                15.8094  (每实例选最好的, 上界)
    模型选择 mean_cost:              15.9004
    single_best_per_problem:         15.8997
    single_best_global:              15.8997
    random mean_cost:                18.1089  (均匀随机的期望)

======================================================================
  各臂选择分布
======================================================================

  TSP (750 实例):
     0(lehd            ):   316 次 ( 42.1%)
     1(elg             ):    54 次 (  7.2%)
     3(icam            ):   127 次 ( 16.9%)
     8(pointerformer   ):   253 次 ( 33.7%)

  CVRP (750 实例):
     0(lehd            ):   286 次 ( 38.1%)
     1(elg             ):   279 次 ( 37.2%)
     3(icam            ):   185 次 ( 24.7%)

  ALL (1500 实例):
     0(lehd            ):   602 次 ( 40.1%)
     1(elg             ):   333 次 ( 22.2%)
     3(icam            ):   312 次 ( 20.8%)
     8(pointerformer   ):   253 次 ( 16.9%)

======================================================================
  各臂被选后的真实效果
======================================================================

  TSP:
    arm                   count  mean_cost  mean_reward  top1_rate  mean_rank
    ────────────────────────────────────────────────────────────────────
     0(lehd            )      316     7.7477       0.8465     0.2310       2.69
     1(elg             )       54     7.8191       0.8022     0.0926       3.18
     3(icam            )      127     7.7820       0.8665     0.2362       2.47
     8(pointerformer   )      253     7.8739       0.8541     0.1225       2.60

  CVRP:
    arm                   count  mean_cost  mean_reward  top1_rate  mean_rank
    ────────────────────────────────────────────────────────────────────
     0(lehd            )      286    15.6893       0.8397     0.4056       2.12
     1(elg             )      279    15.8173       0.8264     0.2545       2.22
     3(icam            )      185    16.3522       0.8270     0.2649       2.21

======================================================================
  Oracle 最优臂分布 (test 集上哪个方法最常是最优的)
======================================================================

  TSP (750 实例):
     0(lehd            ):   267 次 ( 35.6%)
     3(icam            ):   233 次 ( 31.1%)
     8(pointerformer   ):   113 次 ( 15.1%)
     1(elg             ):    89 次 ( 11.9%)
     9(difusco         ):    46 次 (  6.1%)
     7(omni            ):     2 次 (  0.3%)

  CVRP (750 实例):
     0(lehd            ):   308 次 ( 41.1%)
     1(elg             ):   206 次 ( 27.5%)
     3(icam            ):   191 次 ( 25.5%)
     7(omni            ):    44 次 (  5.9%)
     2(invit           ):     1 次 (  0.1%)

[20:41:06] 开始写出结果文件到: /public/home/zhoucl/shiys/2cmab2/outputs/tuning_2026-04-01_stage2_5k/s2_00_baseline_default
[20:41:06] 结果文件写出完成
{
  "count": 1500,
  "mean_reward": 0.844030303030303,
  "top1_accuracy": 0.2786666666666667,
  "mean_regret": 0.04981973234812419,
  "mean_cost": 11.850173782984415
}

结果已保存到: /public/home/zhoucl/shiys/2cmab2/outputs/tuning_2026-04-01_stage2_5k/s2_00_baseline_default/summary.json
