[21:39:00] 实验开始，输出目录: /public/home/zhoucl/shiys/2cmab2/outputs/2026-04-02_nss_neural_linucb_ph_safe_bs64_seed0
[21:39:00] 开始构建共享数据集 | data_source=nss | arm数=9
[21:39:00] 使用 NSS 数据源: /public/home/zhoucl/shiys/9nss论文/neural-solver-selection/datasets
[21:39:00] 开始构建 NSS train split
[21:39:01] NSS split=train problem=tsp 原始样本数=10000，实际使用=10000
[21:40:09] NSS split=train problem=cvrp 原始样本数=10000，实际使用=10000
[21:41:17] 开始构建 NSS val split
[21:41:17] NSS split=val problem=tsp 原始样本数=1000，实际使用=1000
[21:41:24] NSS split=val problem=cvrp 原始样本数=1000，实际使用=1000
[21:41:31] 开始构建 NSS test split
[21:41:31] NSS split=test problem=tsp 原始样本数=1000，实际使用=1000
[21:41:38] NSS split=test problem=cvrp 原始样本数=1000，实际使用=1000
[21:41:45] NSS 数据集构建完成: train=20000, val=2000, test=2000
[21:41:45] 数据集构建完成，样本总数=24000
[21:41:45] 检测到数据源自带 train/val/test split，直接使用预定义划分
[21:41:45] 数据切分完成: train=20000, val=2000, test=2000
[21:41:45] 开始构造 selector: neural_linucb
[21:41:45] selector 构造完成: NeuralLinUCB
[21:41:45] 已开启 checkpoint 自动保存: 每 500 个 step 保存一次
[21:41:45] 已开启周期性验证: 每 500 个 step 在 val 集评测一次
[21:41:45] 开始训练 epoch 1/1 [NeuralLinUCB]
[21:42:01] checkpoint 已保存: /public/home/zhoucl/shiys/2cmab2/outputs/2026-04-02_nss_neural_linucb_ph_safe_bs64_seed0/checkpoints/step_0000500.pt
[21:42:19] step=500 | periodic val_greedy | mean_reward=0.653875 | top1=0.358500 | mean_regret=0.182011 | mean_cost=13.205983 || val_ucb: mean_reward=0.662042 | top1=0.359000 | mean_regret=0.177276 | mean_cost=13.201248
[21:42:19] best checkpoint 已刷新: step=500 | metric=val_greedy.overall.mean_cost=13.205983 | path=/public/home/zhoucl/shiys/2cmab2/outputs/2026-04-02_nss_neural_linucb_ph_safe_bs64_seed0/checkpoints/best.pt
[21:43:06] checkpoint 已保存: /public/home/zhoucl/shiys/2cmab2/outputs/2026-04-02_nss_neural_linucb_ph_safe_bs64_seed0/checkpoints/step_0001000.pt
[21:43:24] step=1000 | periodic val_greedy | mean_reward=0.663667 | top1=0.364000 | mean_regret=0.184360 | mean_cost=13.208332 || val_ucb: mean_reward=0.655042 | top1=0.325000 | mean_regret=0.177387 | mean_cost=13.201359
[21:44:17] checkpoint 已保存: /public/home/zhoucl/shiys/2cmab2/outputs/2026-04-02_nss_neural_linucb_ph_safe_bs64_seed0/checkpoints/step_0001500.pt
[21:44:35] step=1500 | periodic val_greedy | mean_reward=0.695167 | top1=0.354000 | mean_regret=0.150401 | mean_cost=13.174372 || val_ucb: mean_reward=0.696250 | top1=0.348500 | mean_regret=0.149383 | mean_cost=13.173355
[21:44:35] best checkpoint 已刷新: step=1500 | metric=val_greedy.overall.mean_cost=13.174372 | path=/public/home/zhoucl/shiys/2cmab2/outputs/2026-04-02_nss_neural_linucb_ph_safe_bs64_seed0/checkpoints/best.pt
[21:46:24] checkpoint 已保存: /public/home/zhoucl/shiys/2cmab2/outputs/2026-04-02_nss_neural_linucb_ph_safe_bs64_seed0/checkpoints/step_0002000.pt
[21:46:42] step=2000 | periodic val_greedy | mean_reward=0.685500 | top1=0.345000 | mean_regret=0.152459 | mean_cost=13.176430 || val_ucb: mean_reward=0.679667 | top1=0.339500 | mean_regret=0.155232 | mean_cost=13.179204
[21:48:20] checkpoint 已保存: /public/home/zhoucl/shiys/2cmab2/outputs/2026-04-02_nss_neural_linucb_ph_safe_bs64_seed0/checkpoints/step_0002500.pt
[21:48:37] step=2500 | periodic val_greedy | mean_reward=0.697625 | top1=0.364000 | mean_regret=0.152735 | mean_cost=13.176707 || val_ucb: mean_reward=0.697583 | top1=0.367500 | mean_regret=0.153011 | mean_cost=13.176983
[21:51:46] checkpoint 已保存: /public/home/zhoucl/shiys/2cmab2/outputs/2026-04-02_nss_neural_linucb_ph_safe_bs64_seed0/checkpoints/step_0003000.pt
[21:52:03] step=3000 | periodic val_greedy | mean_reward=0.701583 | top1=0.362500 | mean_regret=0.148575 | mean_cost=13.172547 || val_ucb: mean_reward=0.687750 | top1=0.331000 | mean_regret=0.152478 | mean_cost=13.176449
[21:52:03] best checkpoint 已刷新: step=3000 | metric=val_greedy.overall.mean_cost=13.172547 | path=/public/home/zhoucl/shiys/2cmab2/outputs/2026-04-02_nss_neural_linucb_ph_safe_bs64_seed0/checkpoints/best.pt
[21:54:43] checkpoint 已保存: /public/home/zhoucl/shiys/2cmab2/outputs/2026-04-02_nss_neural_linucb_ph_safe_bs64_seed0/checkpoints/step_0003500.pt
[21:55:01] step=3500 | periodic val_greedy | mean_reward=0.700917 | top1=0.365500 | mean_regret=0.149908 | mean_cost=13.173879 || val_ucb: mean_reward=0.685917 | top1=0.338500 | mean_regret=0.164672 | mean_cost=13.188644
[22:00:11] checkpoint 已保存: /public/home/zhoucl/shiys/2cmab2/outputs/2026-04-02_nss_neural_linucb_ph_safe_bs64_seed0/checkpoints/step_0004000.pt
[22:00:28] step=4000 | periodic val_greedy | mean_reward=0.697542 | top1=0.367000 | mean_regret=0.150414 | mean_cost=13.174386 || val_ucb: mean_reward=0.692375 | top1=0.359000 | mean_regret=0.152743 | mean_cost=13.176714
[22:04:29] checkpoint 已保存: /public/home/zhoucl/shiys/2cmab2/outputs/2026-04-02_nss_neural_linucb_ph_safe_bs64_seed0/checkpoints/step_0004500.pt
[22:04:46] step=4500 | periodic val_greedy | mean_reward=0.703792 | top1=0.367500 | mean_regret=0.144305 | mean_cost=13.168276 || val_ucb: mean_reward=0.696417 | top1=0.350000 | mean_regret=0.159975 | mean_cost=13.183947
[22:04:46] best checkpoint 已刷新: step=4500 | metric=val_greedy.overall.mean_cost=13.168276 | path=/public/home/zhoucl/shiys/2cmab2/outputs/2026-04-02_nss_neural_linucb_ph_safe_bs64_seed0/checkpoints/best.pt
[22:11:31] checkpoint 已保存: /public/home/zhoucl/shiys/2cmab2/outputs/2026-04-02_nss_neural_linucb_ph_safe_bs64_seed0/checkpoints/step_0005000.pt
[22:11:49] step=5000 | periodic val_greedy | mean_reward=0.742375 | top1=0.421000 | mean_regret=0.107650 | mean_cost=13.131621 || val_ucb: mean_reward=0.737125 | top1=0.415500 | mean_regret=0.112791 | mean_cost=13.136763
[22:11:49] best checkpoint 已刷新: step=5000 | metric=val_greedy.overall.mean_cost=13.131621 | path=/public/home/zhoucl/shiys/2cmab2/outputs/2026-04-02_nss_neural_linucb_ph_safe_bs64_seed0/checkpoints/best.pt
[22:16:31] checkpoint 已保存: /public/home/zhoucl/shiys/2cmab2/outputs/2026-04-02_nss_neural_linucb_ph_safe_bs64_seed0/checkpoints/step_0005500.pt
[22:16:49] step=5500 | periodic val_greedy | mean_reward=0.759208 | top1=0.446000 | mean_regret=0.087709 | mean_cost=13.111681 || val_ucb: mean_reward=0.758792 | top1=0.448000 | mean_regret=0.085876 | mean_cost=13.109848
[22:16:49] best checkpoint 已刷新: step=5500 | metric=val_greedy.overall.mean_cost=13.111681 | path=/public/home/zhoucl/shiys/2cmab2/outputs/2026-04-02_nss_neural_linucb_ph_safe_bs64_seed0/checkpoints/best.pt
[22:24:00] checkpoint 已保存: /public/home/zhoucl/shiys/2cmab2/outputs/2026-04-02_nss_neural_linucb_ph_safe_bs64_seed0/checkpoints/step_0006000.pt
[22:24:18] step=6000 | periodic val_greedy | mean_reward=0.765042 | top1=0.452000 | mean_regret=0.084009 | mean_cost=13.107981 || val_ucb: mean_reward=0.766167 | top1=0.453000 | mean_regret=0.083028 | mean_cost=13.107000
[22:24:18] best checkpoint 已刷新: step=6000 | metric=val_greedy.overall.mean_cost=13.107981 | path=/public/home/zhoucl/shiys/2cmab2/outputs/2026-04-02_nss_neural_linucb_ph_safe_bs64_seed0/checkpoints/best.pt
[22:29:13] checkpoint 已保存: /public/home/zhoucl/shiys/2cmab2/outputs/2026-04-02_nss_neural_linucb_ph_safe_bs64_seed0/checkpoints/step_0006500.pt
[22:29:31] step=6500 | periodic val_greedy | mean_reward=0.764208 | top1=0.442000 | mean_regret=0.081096 | mean_cost=13.105067 || val_ucb: mean_reward=0.763333 | top1=0.439500 | mean_regret=0.081799 | mean_cost=13.105770
[22:29:31] best checkpoint 已刷新: step=6500 | metric=val_greedy.overall.mean_cost=13.105067 | path=/public/home/zhoucl/shiys/2cmab2/outputs/2026-04-02_nss_neural_linucb_ph_safe_bs64_seed0/checkpoints/best.pt
[22:36:55] checkpoint 已保存: /public/home/zhoucl/shiys/2cmab2/outputs/2026-04-02_nss_neural_linucb_ph_safe_bs64_seed0/checkpoints/step_0007000.pt
[22:37:12] step=7000 | periodic val_greedy | mean_reward=0.767333 | top1=0.449500 | mean_regret=0.077236 | mean_cost=13.101207 || val_ucb: mean_reward=0.768500 | top1=0.455000 | mean_regret=0.076302 | mean_cost=13.100273
[22:37:12] best checkpoint 已刷新: step=7000 | metric=val_greedy.overall.mean_cost=13.101207 | path=/public/home/zhoucl/shiys/2cmab2/outputs/2026-04-02_nss_neural_linucb_ph_safe_bs64_seed0/checkpoints/best.pt
[22:42:12] checkpoint 已保存: /public/home/zhoucl/shiys/2cmab2/outputs/2026-04-02_nss_neural_linucb_ph_safe_bs64_seed0/checkpoints/step_0007500.pt
[22:42:30] step=7500 | periodic val_greedy | mean_reward=0.763542 | top1=0.442500 | mean_regret=0.083038 | mean_cost=13.107010 || val_ucb: mean_reward=0.764000 | top1=0.445000 | mean_regret=0.082779 | mean_cost=13.106751
[22:50:03] checkpoint 已保存: /public/home/zhoucl/shiys/2cmab2/outputs/2026-04-02_nss_neural_linucb_ph_safe_bs64_seed0/checkpoints/step_0008000.pt
[22:50:21] step=8000 | periodic val_greedy | mean_reward=0.767000 | top1=0.447500 | mean_regret=0.081187 | mean_cost=13.105158 || val_ucb: mean_reward=0.766625 | top1=0.451000 | mean_regret=0.082931 | mean_cost=13.106902
[22:55:31] checkpoint 已保存: /public/home/zhoucl/shiys/2cmab2/outputs/2026-04-02_nss_neural_linucb_ph_safe_bs64_seed0/checkpoints/step_0008500.pt
[22:55:49] step=8500 | periodic val_greedy | mean_reward=0.765750 | top1=0.451000 | mean_regret=0.083844 | mean_cost=13.107815 || val_ucb: mean_reward=0.763917 | top1=0.446500 | mean_regret=0.086243 | mean_cost=13.110214
[23:03:37] checkpoint 已保存: /public/home/zhoucl/shiys/2cmab2/outputs/2026-04-02_nss_neural_linucb_ph_safe_bs64_seed0/checkpoints/step_0009000.pt
[23:03:54] step=9000 | periodic val_greedy | mean_reward=0.767542 | top1=0.452500 | mean_regret=0.085199 | mean_cost=13.109170 || val_ucb: mean_reward=0.764833 | top1=0.449000 | mean_regret=0.084648 | mean_cost=13.108620
[23:09:12] checkpoint 已保存: /public/home/zhoucl/shiys/2cmab2/outputs/2026-04-02_nss_neural_linucb_ph_safe_bs64_seed0/checkpoints/step_0009500.pt
[23:09:30] step=9500 | periodic val_greedy | mean_reward=0.759917 | top1=0.449500 | mean_regret=0.086623 | mean_cost=13.110594 || val_ucb: mean_reward=0.757542 | top1=0.447500 | mean_regret=0.087485 | mean_cost=13.111456
[23:17:33] checkpoint 已保存: /public/home/zhoucl/shiys/2cmab2/outputs/2026-04-02_nss_neural_linucb_ph_safe_bs64_seed0/checkpoints/step_0010000.pt
[23:17:51] step=10000 | periodic val_greedy | mean_reward=0.756833 | top1=0.446000 | mean_regret=0.082963 | mean_cost=13.106934 || val_ucb: mean_reward=0.757375 | top1=0.446000 | mean_regret=0.081245 | mean_cost=13.105217
[23:23:21] checkpoint 已保存: /public/home/zhoucl/shiys/2cmab2/outputs/2026-04-02_nss_neural_linucb_ph_safe_bs64_seed0/checkpoints/step_0010500.pt
[23:23:38] step=10500 | periodic val_greedy | mean_reward=0.755958 | top1=0.441500 | mean_regret=0.086458 | mean_cost=13.110429 || val_ucb: mean_reward=0.757833 | top1=0.438500 | mean_regret=0.086620 | mean_cost=13.110591
[23:31:53] checkpoint 已保存: /public/home/zhoucl/shiys/2cmab2/outputs/2026-04-02_nss_neural_linucb_ph_safe_bs64_seed0/checkpoints/step_0011000.pt
[23:32:11] step=11000 | periodic val_greedy | mean_reward=0.759542 | top1=0.449500 | mean_regret=0.085717 | mean_cost=13.109689 || val_ucb: mean_reward=0.760917 | top1=0.453500 | mean_regret=0.084015 | mean_cost=13.107987
[23:37:48] checkpoint 已保存: /public/home/zhoucl/shiys/2cmab2/outputs/2026-04-02_nss_neural_linucb_ph_safe_bs64_seed0/checkpoints/step_0011500.pt
[23:38:06] step=11500 | periodic val_greedy | mean_reward=0.758125 | top1=0.439500 | mean_regret=0.087736 | mean_cost=13.111708 || val_ucb: mean_reward=0.757958 | top1=0.439500 | mean_regret=0.088220 | mean_cost=13.112192
[23:46:22] checkpoint 已保存: /public/home/zhoucl/shiys/2cmab2/outputs/2026-04-02_nss_neural_linucb_ph_safe_bs64_seed0/checkpoints/step_0012000.pt
[23:46:40] step=12000 | periodic val_greedy | mean_reward=0.757583 | top1=0.442500 | mean_regret=0.084779 | mean_cost=13.108751 || val_ucb: mean_reward=0.758833 | top1=0.450500 | mean_regret=0.086523 | mean_cost=13.110495
[23:52:11] checkpoint 已保存: /public/home/zhoucl/shiys/2cmab2/outputs/2026-04-02_nss_neural_linucb_ph_safe_bs64_seed0/checkpoints/step_0012500.pt
[23:52:29] step=12500 | periodic val_greedy | mean_reward=0.755625 | top1=0.447500 | mean_regret=0.083128 | mean_cost=13.107100 || val_ucb: mean_reward=0.755125 | top1=0.449500 | mean_regret=0.084786 | mean_cost=13.108757
[00:00:43] checkpoint 已保存: /public/home/zhoucl/shiys/2cmab2/outputs/2026-04-02_nss_neural_linucb_ph_safe_bs64_seed0/checkpoints/step_0013000.pt
[00:01:02] step=13000 | periodic val_greedy | mean_reward=0.760000 | top1=0.448000 | mean_regret=0.083135 | mean_cost=13.107106 || val_ucb: mean_reward=0.760208 | top1=0.450000 | mean_regret=0.085040 | mean_cost=13.109011
[00:06:35] checkpoint 已保存: /public/home/zhoucl/shiys/2cmab2/outputs/2026-04-02_nss_neural_linucb_ph_safe_bs64_seed0/checkpoints/step_0013500.pt
[00:06:53] step=13500 | periodic val_greedy | mean_reward=0.758958 | top1=0.447500 | mean_regret=0.084692 | mean_cost=13.108663 || val_ucb: mean_reward=0.753708 | top1=0.447500 | mean_regret=0.085598 | mean_cost=13.109570
[00:14:54] checkpoint 已保存: /public/home/zhoucl/shiys/2cmab2/outputs/2026-04-02_nss_neural_linucb_ph_safe_bs64_seed0/checkpoints/step_0014000.pt
[00:15:12] step=14000 | periodic val_greedy | mean_reward=0.761583 | top1=0.451500 | mean_regret=0.083528 | mean_cost=13.107500 || val_ucb: mean_reward=0.758375 | top1=0.446000 | mean_regret=0.084752 | mean_cost=13.108723
[00:20:38] checkpoint 已保存: /public/home/zhoucl/shiys/2cmab2/outputs/2026-04-02_nss_neural_linucb_ph_safe_bs64_seed0/checkpoints/step_0014500.pt
[00:20:56] step=14500 | periodic val_greedy | mean_reward=0.752500 | top1=0.442000 | mean_regret=0.088264 | mean_cost=13.112235 || val_ucb: mean_reward=0.748167 | top1=0.440500 | mean_regret=0.092186 | mean_cost=13.116157
[00:29:01] checkpoint 已保存: /public/home/zhoucl/shiys/2cmab2/outputs/2026-04-02_nss_neural_linucb_ph_safe_bs64_seed0/checkpoints/step_0015000.pt
[00:29:19] step=15000 | periodic val_greedy | mean_reward=0.756833 | top1=0.445500 | mean_regret=0.084884 | mean_cost=13.108855 || val_ucb: mean_reward=0.752792 | top1=0.440500 | mean_regret=0.086620 | mean_cost=13.110591
[00:34:41] checkpoint 已保存: /public/home/zhoucl/shiys/2cmab2/outputs/2026-04-02_nss_neural_linucb_ph_safe_bs64_seed0/checkpoints/step_0015500.pt
[00:34:58] step=15500 | periodic val_greedy | mean_reward=0.755542 | top1=0.448000 | mean_regret=0.085554 | mean_cost=13.109526 || val_ucb: mean_reward=0.760042 | top1=0.454500 | mean_regret=0.084984 | mean_cost=13.108956
[00:42:59] checkpoint 已保存: /public/home/zhoucl/shiys/2cmab2/outputs/2026-04-02_nss_neural_linucb_ph_safe_bs64_seed0/checkpoints/step_0016000.pt
[00:43:17] step=16000 | periodic val_greedy | mean_reward=0.756000 | top1=0.446500 | mean_regret=0.086611 | mean_cost=13.110583 || val_ucb: mean_reward=0.751958 | top1=0.442000 | mean_regret=0.087458 | mean_cost=13.111429
[00:48:40] checkpoint 已保存: /public/home/zhoucl/shiys/2cmab2/outputs/2026-04-02_nss_neural_linucb_ph_safe_bs64_seed0/checkpoints/step_0016500.pt
[00:48:58] step=16500 | periodic val_greedy | mean_reward=0.752958 | top1=0.436500 | mean_regret=0.084900 | mean_cost=13.108872 || val_ucb: mean_reward=0.753792 | top1=0.442500 | mean_regret=0.086639 | mean_cost=13.110611
[00:57:01] checkpoint 已保存: /public/home/zhoucl/shiys/2cmab2/outputs/2026-04-02_nss_neural_linucb_ph_safe_bs64_seed0/checkpoints/step_0017000.pt
[00:57:18] step=17000 | periodic val_greedy | mean_reward=0.758667 | top1=0.453000 | mean_regret=0.085071 | mean_cost=13.109042 || val_ucb: mean_reward=0.759000 | top1=0.455000 | mean_regret=0.083762 | mean_cost=13.107734
[01:02:39] checkpoint 已保存: /public/home/zhoucl/shiys/2cmab2/outputs/2026-04-02_nss_neural_linucb_ph_safe_bs64_seed0/checkpoints/step_0017500.pt
[01:02:57] step=17500 | periodic val_greedy | mean_reward=0.761417 | top1=0.453000 | mean_regret=0.085780 | mean_cost=13.109751 || val_ucb: mean_reward=0.760250 | top1=0.453500 | mean_regret=0.086885 | mean_cost=13.110857
[01:10:57] checkpoint 已保存: /public/home/zhoucl/shiys/2cmab2/outputs/2026-04-02_nss_neural_linucb_ph_safe_bs64_seed0/checkpoints/step_0018000.pt
[01:11:15] step=18000 | periodic val_greedy | mean_reward=0.761542 | top1=0.449000 | mean_regret=0.086554 | mean_cost=13.110526 || val_ucb: mean_reward=0.758417 | top1=0.447500 | mean_regret=0.087090 | mean_cost=13.111061
[01:16:37] checkpoint 已保存: /public/home/zhoucl/shiys/2cmab2/outputs/2026-04-02_nss_neural_linucb_ph_safe_bs64_seed0/checkpoints/step_0018500.pt
[01:16:55] step=18500 | periodic val_greedy | mean_reward=0.762167 | top1=0.451500 | mean_regret=0.086456 | mean_cost=13.110428 || val_ucb: mean_reward=0.759375 | top1=0.449500 | mean_regret=0.086212 | mean_cost=13.110184
[01:24:55] checkpoint 已保存: /public/home/zhoucl/shiys/2cmab2/outputs/2026-04-02_nss_neural_linucb_ph_safe_bs64_seed0/checkpoints/step_0019000.pt
[01:25:13] step=19000 | periodic val_greedy | mean_reward=0.751417 | top1=0.435500 | mean_regret=0.088652 | mean_cost=13.112623 || val_ucb: mean_reward=0.751250 | top1=0.434500 | mean_regret=0.090929 | mean_cost=13.114901
[01:30:36] checkpoint 已保存: /public/home/zhoucl/shiys/2cmab2/outputs/2026-04-02_nss_neural_linucb_ph_safe_bs64_seed0/checkpoints/step_0019500.pt
[01:30:53] step=19500 | periodic val_greedy | mean_reward=0.757417 | top1=0.437000 | mean_regret=0.088995 | mean_cost=13.112967 || val_ucb: mean_reward=0.756125 | top1=0.436000 | mean_regret=0.088453 | mean_cost=13.112424
[01:38:59] checkpoint 已保存: /public/home/zhoucl/shiys/2cmab2/outputs/2026-04-02_nss_neural_linucb_ph_safe_bs64_seed0/checkpoints/step_0020000.pt
[01:39:17] step=20000 | periodic val_greedy | mean_reward=0.752833 | top1=0.435000 | mean_regret=0.087631 | mean_cost=13.111603 || val_ucb: mean_reward=0.752542 | top1=0.437500 | mean_regret=0.087698 | mean_cost=13.111670
[01:39:17] 完成训练 epoch 1/1 [NeuralLinUCB]
[01:39:17] 最终评测前已恢复 best checkpoint: step=7000 | metric=val_greedy.overall.mean_cost=13.101207 | path=/public/home/zhoucl/shiys/2cmab2/outputs/2026-04-02_nss_neural_linucb_ph_safe_bs64_seed0/checkpoints/best.pt
[01:39:17] 开始 selector 验证/测试评测
[01:39:17] 在 val 集上评测 (2000 实例, mode=greedy)...
[01:39:20]     已评测 500/2000...
[01:39:22]     已评测 1000/2000...
[01:39:24]     已评测 1500/2000...
[01:39:27]     已评测 2000/2000...
[01:39:27] val 评测完成 | mode=greedy | mean_reward=0.767333 | top1_accuracy=0.449500 | mean_regret=0.077236 | mean_cost=13.101207
[01:39:27] 在 test 集上评测 (2000 实例, mode=greedy)...
[01:39:29]     已评测 500/2000...
[01:39:31]     已评测 1000/2000...
[01:39:34]     已评测 1500/2000...
[01:39:36]     已评测 2000/2000...
[01:39:36] test 评测完成 | mode=greedy | mean_reward=0.759083 | top1_accuracy=0.440000 | mean_regret=0.083676 | mean_cost=13.202738
[01:39:36] 在 val 集上评测 (2000 实例, mode=ucb)...
[01:39:38]     已评测 500/2000...
[01:39:41]     已评测 1000/2000...
[01:39:43]     已评测 1500/2000...
[01:39:45]     已评测 2000/2000...
[01:39:45] val 评测完成 | mode=ucb | mean_reward=0.768500 | top1_accuracy=0.455000 | mean_regret=0.076302 | mean_cost=13.100273
[01:39:45] 在 test 集上评测 (2000 实例, mode=ucb)...
[01:39:48]     已评测 500/2000...
[01:39:51]     已评测 1000/2000...
[01:39:54]     已评测 1500/2000...
[01:39:56]     已评测 2000/2000...
[01:39:56] test 评测完成 | mode=ucb | mean_reward=0.758708 | top1_accuracy=0.441500 | mean_regret=0.084338 | mean_cost=13.203399
[01:39:56] selector 验证/测试评测完成
[01:39:56] 开始计算 baseline 对比
[01:39:56] baseline 对比完成
[01:39:56] 
======================================================================
  评测结果 | NeuralLinUCB | mode=greedy
======================================================================

  ALL (2000 实例):
    mean_reward:    0.7591
    mean_rank:      2.28
    top1_hit_rate:    0.4390  (878/2000)
    top2_hit_rate:    0.6745  (1349/2000)
    top3_hit_rate:    0.8020  (1604/2000)
    regret:         0.0837
    mean_cost:      13.2027  (模型选择)
    oracle_cost:    13.1191  (每个实例选最好的)

  TSP (1000 实例):
    mean_reward:    0.6857
    mean_rank:      2.89
    top1_hit_rate:    0.2920  (292/1000)
    top2_hit_rate:    0.5210  (521/1000)
    top3_hit_rate:    0.6740  (674/1000)
    regret:         0.0664
    mean_cost:      8.0611  (模型选择)
    oracle_cost:    7.9947  (每个实例选最好的)

  CVRP (1000 实例):
    mean_reward:    0.8325
    mean_rank:      1.67
    top1_hit_rate:    0.5860  (586/1000)
    top2_hit_rate:    0.8280  (828/1000)
    top3_hit_rate:    0.9300  (930/1000)
    regret:         0.1010
    mean_cost:      18.3444  (模型选择)
    oracle_cost:    18.2434  (每个实例选最好的)

======================================================================
  Baseline 对比 (在同一 test 集上)
======================================================================

  TSP (1000 实例):
    oracle mean_cost:                7.9947  (每实例选最好的, 上界)
    模型选择 mean_cost:              8.0611
    single_best_per_problem:         8.1158
    single_best_global:              8.1158
    random mean_cost:                8.1164  (均匀随机的期望)

  CVRP (1000 实例):
    oracle mean_cost:                18.2434  (每实例选最好的, 上界)
    模型选择 mean_cost:              18.3444
    single_best_per_problem:         18.5028
    single_best_global:              18.5028
    random mean_cost:                18.8526  (均匀随机的期望)

======================================================================
  各臂选择分布
======================================================================

  TSP (1000 实例):
     0(bq              ):   459 次 ( 45.9%)
     1(elg             ):   170 次 ( 17.0%)
     2(lehd            ):     4 次 (  0.4%)
     3(t2t             ):    13 次 (  1.3%)
     4(t2t500          ):   243 次 ( 24.3%)
     5(difusco         ):     1 次 (  0.1%)
     6(difusco500      ):   110 次 ( 11.0%)

  CVRP (1000 实例):
     0(bq              ):   106 次 ( 10.6%)
     1(elg             ):    18 次 (  1.8%)
     2(lehd            ):   224 次 ( 22.4%)
     7(omni            ):   564 次 ( 56.4%)
     8(mvmoe           ):    88 次 (  8.8%)

  ALL (2000 实例):
     0(bq              ):   565 次 ( 28.2%)
     1(elg             ):   188 次 (  9.4%)
     2(lehd            ):   228 次 ( 11.4%)
     3(t2t             ):    13 次 (  0.7%)
     4(t2t500          ):   243 次 ( 12.2%)
     5(difusco         ):     1 次 (  0.1%)
     6(difusco500      ):   110 次 (  5.5%)
     7(omni            ):   564 次 ( 28.2%)
     8(mvmoe           ):    88 次 (  4.4%)

======================================================================
  各臂被选后的真实效果
======================================================================

  TSP:
    arm                   count  mean_cost  mean_reward  top1_rate  mean_rank
    ────────────────────────────────────────────────────────────────────
     0(bq              )      459     8.9459       0.7081     0.3464       2.75
     1(elg             )      170     5.3607       0.7353     0.2882       2.59
     2(lehd            )        4     7.8345       0.5417     0.2500       3.75
     3(t2t             )       13     7.2867       0.4231     0.0769       4.46
     4(t2t500          )      243     8.6606       0.6680     0.2387       2.99
     5(difusco         )        1     6.4404       0.6667     0.0000       3.00
     6(difusco500      )      110     7.3319       0.5909     0.2182       3.45

  CVRP:
    arm                   count  mean_cost  mean_reward  top1_rate  mean_rank
    ────────────────────────────────────────────────────────────────────
     0(bq              )      106    11.5338       0.7500     0.5094       2.00
     1(elg             )       18     9.9194       0.8750     0.6111       1.50
     2(lehd            )      224    13.6423       0.8359     0.5893       1.66
     7(omni            )      564    22.6922       0.8661     0.6348       1.54
     8(mvmoe           )       88    12.3753       0.6989     0.3523       2.20

======================================================================
  Oracle 最优臂分布 (test 集上哪个方法最常是最优的)
======================================================================

  TSP (1000 实例):
     0(bq              ):   280 次 ( 28.0%)
     2(lehd            ):   186 次 ( 18.6%)
     4(t2t500          ):   161 次 ( 16.1%)
     6(difusco500      ):   125 次 ( 12.5%)
     3(t2t             ):   119 次 ( 11.9%)
     1(elg             ):    78 次 (  7.8%)
     5(difusco         ):    51 次 (  5.1%)

  CVRP (1000 实例):
     7(omni            ):   396 次 ( 39.6%)
     2(lehd            ):   241 次 ( 24.1%)
     0(bq              ):   210 次 ( 21.0%)
     1(elg             ):    83 次 (  8.3%)
     8(mvmoe           ):    70 次 (  7.0%)

[01:39:56] 
======================================================================
  评测结果 | NeuralLinUCB | mode=ucb
======================================================================

  ALL (2000 实例):
    mean_reward:    0.7587
    mean_rank:      2.28
    top1_hit_rate:    0.4400  (880/2000)
    top2_hit_rate:    0.6765  (1353/2000)
    top3_hit_rate:    0.7990  (1598/2000)
    regret:         0.0843
    mean_cost:      13.2034  (模型选择)
    oracle_cost:    13.1191  (每个实例选最好的)

  TSP (1000 实例):
    mean_reward:    0.6862
    mean_rank:      2.88
    top1_hit_rate:    0.2920  (292/1000)
    top2_hit_rate:    0.5260  (526/1000)
    top3_hit_rate:    0.6700  (670/1000)
    regret:         0.0653
    mean_cost:      8.0600  (模型选择)
    oracle_cost:    7.9947  (每个实例选最好的)

  CVRP (1000 实例):
    mean_reward:    0.8313
    mean_rank:      1.68
    top1_hit_rate:    0.5880  (588/1000)
    top2_hit_rate:    0.8270  (827/1000)
    top3_hit_rate:    0.9280  (928/1000)
    regret:         0.1034
    mean_cost:      18.3468  (模型选择)
    oracle_cost:    18.2434  (每个实例选最好的)

======================================================================
  Baseline 对比 (在同一 test 集上)
======================================================================

  TSP (1000 实例):
    oracle mean_cost:                7.9947  (每实例选最好的, 上界)
    模型选择 mean_cost:              8.0600
    single_best_per_problem:         8.1158
    single_best_global:              8.1158
    random mean_cost:                8.1164  (均匀随机的期望)

  CVRP (1000 实例):
    oracle mean_cost:                18.2434  (每实例选最好的, 上界)
    模型选择 mean_cost:              18.3468
    single_best_per_problem:         18.5028
    single_best_global:              18.5028
    random mean_cost:                18.8526  (均匀随机的期望)

======================================================================
  各臂选择分布
======================================================================

  TSP (1000 实例):
     0(bq              ):   450 次 ( 45.0%)
     1(elg             ):   158 次 ( 15.8%)
     2(lehd            ):     6 次 (  0.6%)
     3(t2t             ):    15 次 (  1.5%)
     4(t2t500          ):   238 次 ( 23.8%)
     5(difusco         ):     1 次 (  0.1%)
     6(difusco500      ):   132 次 ( 13.2%)

  CVRP (1000 实例):
     0(bq              ):   131 次 ( 13.1%)
     1(elg             ):    18 次 (  1.8%)
     2(lehd            ):   220 次 ( 22.0%)
     7(omni            ):   546 次 ( 54.6%)
     8(mvmoe           ):    85 次 (  8.5%)

  ALL (2000 实例):
     0(bq              ):   581 次 ( 29.0%)
     1(elg             ):   176 次 (  8.8%)
     2(lehd            ):   226 次 ( 11.3%)
     3(t2t             ):    15 次 (  0.8%)
     4(t2t500          ):   238 次 ( 11.9%)
     5(difusco         ):     1 次 (  0.1%)
     6(difusco500      ):   132 次 (  6.6%)
     7(omni            ):   546 次 ( 27.3%)
     8(mvmoe           ):    85 次 (  4.2%)

======================================================================
  各臂被选后的真实效果
======================================================================

  TSP:
    arm                   count  mean_cost  mean_reward  top1_rate  mean_rank
    ────────────────────────────────────────────────────────────────────
     0(bq              )      450     8.9265       0.7113     0.3444       2.73
     1(elg             )      158     5.3454       0.7453     0.3038       2.53
     2(lehd            )        6     7.7961       0.6944     0.5000       2.83
     3(t2t             )       15     7.1341       0.4667     0.1333       4.20
     4(t2t500          )      238     8.7221       0.6688     0.2437       2.99
     5(difusco         )        1     3.5264       0.1667     0.0000       6.00
     6(difusco500      )      132     7.3130       0.5896     0.1970       3.46

  CVRP:
    arm                   count  mean_cost  mean_reward  top1_rate  mean_rank
    ────────────────────────────────────────────────────────────────────
     0(bq              )      131    12.3058       0.7462     0.4962       2.02
     1(elg             )       18     9.9072       0.8750     0.6111       1.50
     2(lehd            )      220    13.5449       0.8239     0.5818       1.70
     7(omni            )      546    22.8703       0.8736     0.6484       1.51
     8(mvmoe           )       85    12.8161       0.7000     0.3529       2.20

======================================================================
  Oracle 最优臂分布 (test 集上哪个方法最常是最优的)
======================================================================

  TSP (1000 实例):
     0(bq              ):   280 次 ( 28.0%)
     2(lehd            ):   186 次 ( 18.6%)
     4(t2t500          ):   161 次 ( 16.1%)
     6(difusco500      ):   125 次 ( 12.5%)
     3(t2t             ):   119 次 ( 11.9%)
     1(elg             ):    78 次 (  7.8%)
     5(difusco         ):    51 次 (  5.1%)

  CVRP (1000 实例):
     7(omni            ):   396 次 ( 39.6%)
     2(lehd            ):   241 次 ( 24.1%)
     0(bq              ):   210 次 ( 21.0%)
     1(elg             ):    83 次 (  8.3%)
     8(mvmoe           ):    70 次 (  7.0%)

[01:39:56] 开始写出结果文件到: /public/home/zhoucl/shiys/2cmab2/outputs/2026-04-02_nss_neural_linucb_ph_safe_bs64_seed0
[01:39:56] 结果文件写出完成
{
  "count": 2000,
  "mean_reward": 0.7590833333333333,
  "top1_accuracy": 0.44,
  "mean_regret": 0.08367636716064208,
  "mean_cost": 13.202737805494062
}

结果已保存到: /public/home/zhoucl/shiys/2cmab2/outputs/2026-04-02_nss_neural_linucb_ph_safe_bs64_seed0/summary.json
