Seed set to 1234
[2026-01-20 00:48:15,490][EasyNCO.utils.utils][INFO] - sandbox: False
[2026-01-20 00:48:15,490][EasyNCO.utils.utils][INFO] - sandbox_test_batch: {'_target_': 'EasyNCO.sandbox.test_batch.BQTestBatch'}
[2026-01-20 00:48:15,490][EasyNCO.utils.utils][INFO] - mode: test
[2026-01-20 00:48:15,490][EasyNCO.utils.utils][INFO] - model: elg
[2026-01-20 00:48:15,490][EasyNCO.utils.utils][INFO] - problem: tsp
[2026-01-20 00:48:15,490][EasyNCO.utils.utils][INFO] - scale: 1000
[2026-01-20 00:48:15,490][EasyNCO.utils.utils][INFO] - num_job: 20
[2026-01-20 00:48:15,490][EasyNCO.utils.utils][INFO] - num_machine: 20
[2026-01-20 00:48:15,490][EasyNCO.utils.utils][INFO] - decoder_strategy: greedy
[2026-01-20 00:48:15,490][EasyNCO.utils.utils][INFO] - cuda: [0]
[2026-01-20 00:48:15,490][EasyNCO.utils.utils][INFO] - max_epochs: 5
[2026-01-20 00:48:15,490][EasyNCO.utils.utils][INFO] - batch_size: 1
[2026-01-20 00:48:15,490][EasyNCO.utils.utils][INFO] - episodes: 100
[2026-01-20 00:48:15,491][EasyNCO.utils.utils][INFO] - val_episode: 128
[2026-01-20 00:48:15,491][EasyNCO.utils.utils][INFO] - val_data_path: test_dataset_tsp_uniform/test_tsp200_nums128_uniform.pt
[2026-01-20 00:48:15,491][EasyNCO.utils.utils][INFO] - test_data_path: cross_distribution/tsp1000_rotation.pkl
[2026-01-20 00:48:15,491][EasyNCO.utils.utils][INFO] - train_data_path: None
[2026-01-20 00:48:15,491][EasyNCO.utils.utils][INFO] - varying_data_params: {'scale_range': None, 'distribution_list': ['uniform', 'cluster'], 'capacity_range': [50, 100]}
[2026-01-20 00:48:15,491][EasyNCO.utils.utils][INFO] - seed: 1234
[2026-01-20 00:48:15,491][EasyNCO.utils.utils][INFO] - disable_gpu: False
[2026-01-20 00:48:15,491][EasyNCO.utils.utils][INFO] - strategy: auto
[2026-01-20 00:48:15,491][EasyNCO.utils.utils][INFO] - matmul_precision: medium
[2026-01-20 00:48:15,491][EasyNCO.utils.utils][INFO] - precision: 32-true
[2026-01-20 00:48:15,491][EasyNCO.utils.utils][INFO] - enable_progress_bar: False
[2026-01-20 00:48:15,491][EasyNCO.utils.utils][INFO] - log_every_n_steps: 1
[2026-01-20 00:48:15,491][EasyNCO.utils.utils][INFO] - ckpt_path: None
[2026-01-20 00:48:15,491][EasyNCO.utils.utils][INFO] - save_top_k: -1
[2026-01-20 00:48:15,491][EasyNCO.utils.utils][INFO] - every_n_epochs: 1
[2026-01-20 00:48:15,491][EasyNCO.utils.utils][INFO] - dir: ./results/test/elg_tsp/2026-01-20-00-48-15_elg_tsp_1000_test
[2026-01-20 00:48:15,491][EasyNCO.utils.utils][INFO] - logger: {'_target_': 'lightning.pytorch.loggers.TensorBoardLogger', 'save_dir': 'tensorboard', 'name': None, 'log_graph': False, 'default_hp_metric': True, 'prefix': ''}
[2026-01-20 00:48:15,491][EasyNCO.utils.utils][INFO] - settings.env: {'_target_': 'EasyNCO.neural_solvers.envs.TSPEnv', 'problem_size': '${scale}', 'pomo_size': '${scale}', 'aug_type': 'pomo_aug', 'aug_factor': 8, 'method_name': 'elg'}
[2026-01-20 00:48:15,491][EasyNCO.utils.utils][INFO] - settings.model: {'_target_': 'EasyNCO.neural_solvers.methods.ELGPolicy', 'env_name': '${problem}', 'embed_dim': 128, 'num_heads': 8, 'qkv_dim': 16, 'num_encoder_layers': 6, 'normalization': 'instance', 'feedforward_hidden': 512, 'logit_clipping': 50, 'use_graph_mean': False, 'am_mode': False, 'first_placeholder': False, 'first_mode': 'random', 'local_enable': False, 'local_size': 30, 'xi': -1, 'euclidean': False}
[2026-01-20 00:48:15,491][EasyNCO.utils.utils][INFO] - settings.initialization: {'_target_': 'EasyNCO.neural_solvers.methods.ELGInitialization'}
[2026-01-20 00:48:15,491][EasyNCO.utils.utils][INFO] - settings.iteration: {'_target_': 'EasyNCO.neural_solvers.pipeline.NoIteration'}
[2026-01-20 00:48:15,491][EasyNCO.utils.utils][INFO] - settings.module: {'_target_': 'EasyNCO.phases.ARREINFORCELightning', 'method_name': '${model}', 'baseline': 'shared', 'problem_size': '${scale}', 'batch_size': '${batch_size}', 'episodes': '${episodes}', 'val_episode': '${val_episode}', 'optimizer_type': 'Adam', 'scheduler_type': None, 'optimizer_params': {'optimizer': {'lr': 0.0001, 'weight_decay': 1e-06}}, 'decoder_strategy': '${decoder_strategy}', 'every_n_steps_output': 100}
[2026-01-20 00:48:15,491][EasyNCO.utils.utils][INFO] - settings.model_checkpoint: {'_target_': 'EasyNCO.utils.utils.CustomModelCheckpoint', 'dirpath': 'checkpoints', 'filename': '${model}_${problem}${scale}_{epoch:02d}', 'save_top_k': '${save_top_k}', 'every_n_epochs': '${every_n_epochs}'}
[2026-01-20 00:48:15,491][EasyNCO.utils.utils][INFO] - settings.test_loader: {'model_dirpath': 'pretrained', 'model_filename': 'elg_tsp100.ckpt'}
GPU available: True (cuda), used: True
TPU available: False, using: 0 TPU cores
IPU available: False, using: 0 IPUs
HPU available: False, using: 0 HPUs
[2026-01-20 00:48:16,118][torch.distributed.nn.jit.instantiator][INFO] - Created a temporary directory at /tmp/tmpi66pxspx
[2026-01-20 00:48:16,118][torch.distributed.nn.jit.instantiator][INFO] - Writing /tmp/tmpi66pxspx/_remote_module_non_scriptable.py
Missing logger folder: tensorboard/
LOCAL_RANK: 0 - CUDA_VISIBLE_DEVICES: [0]
[2026-01-20 00:48:26,995][EasyNCO.phases.rl.ar_reinforce][INFO] - Eval ==>   1/100(1.00%)  Time Est.: Elapsed[0.15m], Remain[15.04m]
[2026-01-20 00:48:26,995][EasyNCO.phases.rl.ar_reinforce][INFO] - Eval ==> Problem[tsp], Size[1000], Completed   1/100(1.00%), Score: 17.5688, Augmented Score: 17.4188
[2026-01-20 00:48:26,995][EasyNCO.phases.rl.ar_reinforce][INFO] - Eval ==> Score Summary: Avg: 0.0000, Avg Augmented: 0.0000
[2026-01-20 00:48:26,995][EasyNCO.phases.rl.ar_reinforce][INFO] - ============================================================================
[2026-01-20 00:48:35,607][EasyNCO.phases.rl.ar_reinforce][INFO] - Eval ==>   2/100(2.00%)  Time Est.: Elapsed[0.30m], Remain[14.48m]
[2026-01-20 00:48:35,607][EasyNCO.phases.rl.ar_reinforce][INFO] - Eval ==> Problem[tsp], Size[1000], Completed   2/100(2.00%), Score: 19.6312, Augmented Score: 19.3935
[2026-01-20 00:48:35,607][EasyNCO.phases.rl.ar_reinforce][INFO] - Eval ==> Score Summary: Avg: 0.0000, Avg Augmented: 0.0000
[2026-01-20 00:48:35,607][EasyNCO.phases.rl.ar_reinforce][INFO] - ============================================================================
[2026-01-20 00:48:44,214][EasyNCO.phases.rl.ar_reinforce][INFO] - Eval ==>   3/100(3.00%)  Time Est.: Elapsed[0.44m], Remain[14.19m]
[2026-01-20 00:48:44,214][EasyNCO.phases.rl.ar_reinforce][INFO] - Eval ==> Problem[tsp], Size[1000], Completed   3/100(3.00%), Score: 18.5492, Augmented Score: 18.5037
[2026-01-20 00:48:44,214][EasyNCO.phases.rl.ar_reinforce][INFO] - Eval ==> Score Summary: Avg: 0.0000, Avg Augmented: 0.0000
[2026-01-20 00:48:44,214][EasyNCO.phases.rl.ar_reinforce][INFO] - ============================================================================
[2026-01-20 00:48:52,828][EasyNCO.phases.rl.ar_reinforce][INFO] - Eval ==>   4/100(4.00%)  Time Est.: Elapsed[0.58m], Remain[13.98m]
[2026-01-20 00:48:52,828][EasyNCO.phases.rl.ar_reinforce][INFO] - Eval ==> Problem[tsp], Size[1000], Completed   4/100(4.00%), Score: 19.3795, Augmented Score: 19.3632
[2026-01-20 00:48:52,828][EasyNCO.phases.rl.ar_reinforce][INFO] - Eval ==> Score Summary: Avg: 0.0000, Avg Augmented: 0.0000
[2026-01-20 00:48:52,828][EasyNCO.phases.rl.ar_reinforce][INFO] - ============================================================================
[2026-01-20 00:49:01,444][EasyNCO.phases.rl.ar_reinforce][INFO] - Eval ==>   5/100(5.00%)  Time Est.: Elapsed[0.73m], Remain[13.79m]
[2026-01-20 00:49:01,444][EasyNCO.phases.rl.ar_reinforce][INFO] - Eval ==> Problem[tsp], Size[1000], Completed   5/100(5.00%), Score: 17.2086, Augmented Score: 16.8272
[2026-01-20 00:49:01,444][EasyNCO.phases.rl.ar_reinforce][INFO] - Eval ==> Score Summary: Avg: 0.0000, Avg Augmented: 0.0000
[2026-01-20 00:49:01,444][EasyNCO.phases.rl.ar_reinforce][INFO] - ============================================================================
[2026-01-20 00:49:10,068][EasyNCO.phases.rl.ar_reinforce][INFO] - Eval ==>   6/100(6.00%)  Time Est.: Elapsed[0.87m], Remain[13.63m]
[2026-01-20 00:49:10,068][EasyNCO.phases.rl.ar_reinforce][INFO] - Eval ==> Problem[tsp], Size[1000], Completed   6/100(6.00%), Score: 21.7899, Augmented Score: 21.6016
[2026-01-20 00:49:10,068][EasyNCO.phases.rl.ar_reinforce][INFO] - Eval ==> Score Summary: Avg: 0.0000, Avg Augmented: 0.0000
[2026-01-20 00:49:10,068][EasyNCO.phases.rl.ar_reinforce][INFO] - ============================================================================
[2026-01-20 00:49:18,701][EasyNCO.phases.rl.ar_reinforce][INFO] - Eval ==>   7/100(7.00%)  Time Est.: Elapsed[1.01m], Remain[13.47m]
[2026-01-20 00:49:18,701][EasyNCO.phases.rl.ar_reinforce][INFO] - Eval ==> Problem[tsp], Size[1000], Completed   7/100(7.00%), Score: 18.8322, Augmented Score: 18.5749
[2026-01-20 00:49:18,701][EasyNCO.phases.rl.ar_reinforce][INFO] - Eval ==> Score Summary: Avg: 0.0000, Avg Augmented: 0.0000
[2026-01-20 00:49:18,701][EasyNCO.phases.rl.ar_reinforce][INFO] - ============================================================================
[2026-01-20 00:49:27,346][EasyNCO.phases.rl.ar_reinforce][INFO] - Eval ==>   8/100(8.00%)  Time Est.: Elapsed[1.16m], Remain[13.31m]
[2026-01-20 00:49:27,346][EasyNCO.phases.rl.ar_reinforce][INFO] - Eval ==> Problem[tsp], Size[1000], Completed   8/100(8.00%), Score: 23.7528, Augmented Score: 23.4823
[2026-01-20 00:49:27,346][EasyNCO.phases.rl.ar_reinforce][INFO] - Eval ==> Score Summary: Avg: 0.0000, Avg Augmented: 0.0000
[2026-01-20 00:49:27,346][EasyNCO.phases.rl.ar_reinforce][INFO] - ============================================================================
[2026-01-20 00:49:35,996][EasyNCO.phases.rl.ar_reinforce][INFO] - Eval ==>   9/100(9.00%)  Time Est.: Elapsed[1.30m], Remain[13.16m]
[2026-01-20 00:49:35,996][EasyNCO.phases.rl.ar_reinforce][INFO] - Eval ==> Problem[tsp], Size[1000], Completed   9/100(9.00%), Score: 18.4283, Augmented Score: 18.4114
[2026-01-20 00:49:35,996][EasyNCO.phases.rl.ar_reinforce][INFO] - Eval ==> Score Summary: Avg: 0.0000, Avg Augmented: 0.0000
[2026-01-20 00:49:35,996][EasyNCO.phases.rl.ar_reinforce][INFO] - ============================================================================
[2026-01-20 00:49:44,644][EasyNCO.phases.rl.ar_reinforce][INFO] - Eval ==>  10/100(10.00%)  Time Est.: Elapsed[1.45m], Remain[13.01m]
[2026-01-20 00:49:44,644][EasyNCO.phases.rl.ar_reinforce][INFO] - Eval ==> Problem[tsp], Size[1000], Completed  10/100(10.00%), Score: 18.7723, Augmented Score: 18.6181
[2026-01-20 00:49:44,644][EasyNCO.phases.rl.ar_reinforce][INFO] - Eval ==> Score Summary: Avg: 0.0000, Avg Augmented: 0.0000
[2026-01-20 00:49:44,644][EasyNCO.phases.rl.ar_reinforce][INFO] - ============================================================================
[2026-01-20 00:49:53,292][EasyNCO.phases.rl.ar_reinforce][INFO] - Eval ==>  11/100(11.00%)  Time Est.: Elapsed[1.59m], Remain[12.87m]
[2026-01-20 00:49:53,292][EasyNCO.phases.rl.ar_reinforce][INFO] - Eval ==> Problem[tsp], Size[1000], Completed  11/100(11.00%), Score: 20.9161, Augmented Score: 20.9161
[2026-01-20 00:49:53,292][EasyNCO.phases.rl.ar_reinforce][INFO] - Eval ==> Score Summary: Avg: 0.0000, Avg Augmented: 0.0000
[2026-01-20 00:49:53,292][EasyNCO.phases.rl.ar_reinforce][INFO] - ============================================================================
[2026-01-20 00:50:01,947][EasyNCO.phases.rl.ar_reinforce][INFO] - Eval ==>  12/100(12.00%)  Time Est.: Elapsed[1.73m], Remain[12.72m]
[2026-01-20 00:50:01,947][EasyNCO.phases.rl.ar_reinforce][INFO] - Eval ==> Problem[tsp], Size[1000], Completed  12/100(12.00%), Score: 18.7449, Augmented Score: 18.7449
[2026-01-20 00:50:01,947][EasyNCO.phases.rl.ar_reinforce][INFO] - Eval ==> Score Summary: Avg: 0.0000, Avg Augmented: 0.0000
[2026-01-20 00:50:01,947][EasyNCO.phases.rl.ar_reinforce][INFO] - ============================================================================
[2026-01-20 00:50:10,605][EasyNCO.phases.rl.ar_reinforce][INFO] - Eval ==>  13/100(13.00%)  Time Est.: Elapsed[1.88m], Remain[12.57m]
[2026-01-20 00:50:10,605][EasyNCO.phases.rl.ar_reinforce][INFO] - Eval ==> Problem[tsp], Size[1000], Completed  13/100(13.00%), Score: 18.5917, Augmented Score: 18.4644
[2026-01-20 00:50:10,605][EasyNCO.phases.rl.ar_reinforce][INFO] - Eval ==> Score Summary: Avg: 0.0000, Avg Augmented: 0.0000
[2026-01-20 00:50:10,605][EasyNCO.phases.rl.ar_reinforce][INFO] - ============================================================================
[2026-01-20 00:50:19,265][EasyNCO.phases.rl.ar_reinforce][INFO] - Eval ==>  14/100(14.00%)  Time Est.: Elapsed[2.02m], Remain[12.43m]
[2026-01-20 00:50:19,265][EasyNCO.phases.rl.ar_reinforce][INFO] - Eval ==> Problem[tsp], Size[1000], Completed  14/100(14.00%), Score: 18.4539, Augmented Score: 18.3182
[2026-01-20 00:50:19,265][EasyNCO.phases.rl.ar_reinforce][INFO] - Eval ==> Score Summary: Avg: 0.0000, Avg Augmented: 0.0000
[2026-01-20 00:50:19,265][EasyNCO.phases.rl.ar_reinforce][INFO] - ============================================================================
[2026-01-20 00:50:27,926][EasyNCO.phases.rl.ar_reinforce][INFO] - Eval ==>  15/100(15.00%)  Time Est.: Elapsed[2.17m], Remain[12.28m]
[2026-01-20 00:50:27,926][EasyNCO.phases.rl.ar_reinforce][INFO] - Eval ==> Problem[tsp], Size[1000], Completed  15/100(15.00%), Score: 20.9473, Augmented Score: 20.5386
[2026-01-20 00:50:27,926][EasyNCO.phases.rl.ar_reinforce][INFO] - Eval ==> Score Summary: Avg: 0.0000, Avg Augmented: 0.0000
[2026-01-20 00:50:27,926][EasyNCO.phases.rl.ar_reinforce][INFO] - ============================================================================
[2026-01-20 00:50:36,588][EasyNCO.phases.rl.ar_reinforce][INFO] - Eval ==>  16/100(16.00%)  Time Est.: Elapsed[2.31m], Remain[12.14m]
[2026-01-20 00:50:36,588][EasyNCO.phases.rl.ar_reinforce][INFO] - Eval ==> Problem[tsp], Size[1000], Completed  16/100(16.00%), Score: 19.7579, Augmented Score: 19.7579
[2026-01-20 00:50:36,588][EasyNCO.phases.rl.ar_reinforce][INFO] - Eval ==> Score Summary: Avg: 0.0000, Avg Augmented: 0.0000
[2026-01-20 00:50:36,588][EasyNCO.phases.rl.ar_reinforce][INFO] - ============================================================================
[2026-01-20 00:50:45,251][EasyNCO.phases.rl.ar_reinforce][INFO] - Eval ==>  17/100(17.00%)  Time Est.: Elapsed[2.46m], Remain[11.99m]
[2026-01-20 00:50:45,251][EasyNCO.phases.rl.ar_reinforce][INFO] - Eval ==> Problem[tsp], Size[1000], Completed  17/100(17.00%), Score: 19.1145, Augmented Score: 19.0725
[2026-01-20 00:50:45,251][EasyNCO.phases.rl.ar_reinforce][INFO] - Eval ==> Score Summary: Avg: 0.0000, Avg Augmented: 0.0000
[2026-01-20 00:50:45,251][EasyNCO.phases.rl.ar_reinforce][INFO] - ============================================================================
[2026-01-20 00:50:53,916][EasyNCO.phases.rl.ar_reinforce][INFO] - Eval ==>  18/100(18.00%)  Time Est.: Elapsed[2.60m], Remain[11.85m]
[2026-01-20 00:50:53,916][EasyNCO.phases.rl.ar_reinforce][INFO] - Eval ==> Problem[tsp], Size[1000], Completed  18/100(18.00%), Score: 19.4121, Augmented Score: 19.4121
[2026-01-20 00:50:53,916][EasyNCO.phases.rl.ar_reinforce][INFO] - Eval ==> Score Summary: Avg: 0.0000, Avg Augmented: 0.0000
[2026-01-20 00:50:53,916][EasyNCO.phases.rl.ar_reinforce][INFO] - ============================================================================
[2026-01-20 00:51:02,580][EasyNCO.phases.rl.ar_reinforce][INFO] - Eval ==>  19/100(19.00%)  Time Est.: Elapsed[2.74m], Remain[11.70m]
[2026-01-20 00:51:02,580][EasyNCO.phases.rl.ar_reinforce][INFO] - Eval ==> Problem[tsp], Size[1000], Completed  19/100(19.00%), Score: 23.2705, Augmented Score: 23.2705
[2026-01-20 00:51:02,580][EasyNCO.phases.rl.ar_reinforce][INFO] - Eval ==> Score Summary: Avg: 0.0000, Avg Augmented: 0.0000
[2026-01-20 00:51:02,580][EasyNCO.phases.rl.ar_reinforce][INFO] - ============================================================================
[2026-01-20 00:51:11,242][EasyNCO.phases.rl.ar_reinforce][INFO] - Eval ==>  20/100(20.00%)  Time Est.: Elapsed[2.89m], Remain[11.56m]
[2026-01-20 00:51:11,243][EasyNCO.phases.rl.ar_reinforce][INFO] - Eval ==> Problem[tsp], Size[1000], Completed  20/100(20.00%), Score: 18.9655, Augmented Score: 18.6935
[2026-01-20 00:51:11,243][EasyNCO.phases.rl.ar_reinforce][INFO] - Eval ==> Score Summary: Avg: 0.0000, Avg Augmented: 0.0000
[2026-01-20 00:51:11,243][EasyNCO.phases.rl.ar_reinforce][INFO] - ============================================================================
[2026-01-20 00:51:19,908][EasyNCO.phases.rl.ar_reinforce][INFO] - Eval ==>  21/100(21.00%)  Time Est.: Elapsed[3.03m], Remain[11.41m]
[2026-01-20 00:51:19,908][EasyNCO.phases.rl.ar_reinforce][INFO] - Eval ==> Problem[tsp], Size[1000], Completed  21/100(21.00%), Score: 19.2379, Augmented Score: 18.8137
[2026-01-20 00:51:19,908][EasyNCO.phases.rl.ar_reinforce][INFO] - Eval ==> Score Summary: Avg: 0.0000, Avg Augmented: 0.0000
[2026-01-20 00:51:19,908][EasyNCO.phases.rl.ar_reinforce][INFO] - ============================================================================
[2026-01-20 00:51:28,575][EasyNCO.phases.rl.ar_reinforce][INFO] - Eval ==>  22/100(22.00%)  Time Est.: Elapsed[3.18m], Remain[11.27m]
[2026-01-20 00:51:28,576][EasyNCO.phases.rl.ar_reinforce][INFO] - Eval ==> Problem[tsp], Size[1000], Completed  22/100(22.00%), Score: 19.4877, Augmented Score: 19.3015
[2026-01-20 00:51:28,576][EasyNCO.phases.rl.ar_reinforce][INFO] - Eval ==> Score Summary: Avg: 0.0000, Avg Augmented: 0.0000
[2026-01-20 00:51:28,576][EasyNCO.phases.rl.ar_reinforce][INFO] - ============================================================================
[2026-01-20 00:51:37,237][EasyNCO.phases.rl.ar_reinforce][INFO] - Eval ==>  23/100(23.00%)  Time Est.: Elapsed[3.32m], Remain[11.12m]
[2026-01-20 00:51:37,237][EasyNCO.phases.rl.ar_reinforce][INFO] - Eval ==> Problem[tsp], Size[1000], Completed  23/100(23.00%), Score: 18.4070, Augmented Score: 18.4053
[2026-01-20 00:51:37,237][EasyNCO.phases.rl.ar_reinforce][INFO] - Eval ==> Score Summary: Avg: 0.0000, Avg Augmented: 0.0000
[2026-01-20 00:51:37,237][EasyNCO.phases.rl.ar_reinforce][INFO] - ============================================================================
[2026-01-20 00:51:45,901][EasyNCO.phases.rl.ar_reinforce][INFO] - Eval ==>  24/100(24.00%)  Time Est.: Elapsed[3.47m], Remain[10.98m]
[2026-01-20 00:51:45,901][EasyNCO.phases.rl.ar_reinforce][INFO] - Eval ==> Problem[tsp], Size[1000], Completed  24/100(24.00%), Score: 20.1302, Augmented Score: 20.0762
[2026-01-20 00:51:45,901][EasyNCO.phases.rl.ar_reinforce][INFO] - Eval ==> Score Summary: Avg: 0.0000, Avg Augmented: 0.0000
[2026-01-20 00:51:45,901][EasyNCO.phases.rl.ar_reinforce][INFO] - ============================================================================
[2026-01-20 00:51:54,565][EasyNCO.phases.rl.ar_reinforce][INFO] - Eval ==>  25/100(25.00%)  Time Est.: Elapsed[3.61m], Remain[10.83m]
[2026-01-20 00:51:54,566][EasyNCO.phases.rl.ar_reinforce][INFO] - Eval ==> Problem[tsp], Size[1000], Completed  25/100(25.00%), Score: 19.4957, Augmented Score: 19.2307
[2026-01-20 00:51:54,566][EasyNCO.phases.rl.ar_reinforce][INFO] - Eval ==> Score Summary: Avg: 0.0000, Avg Augmented: 0.0000
[2026-01-20 00:51:54,566][EasyNCO.phases.rl.ar_reinforce][INFO] - ============================================================================
[2026-01-20 00:52:03,229][EasyNCO.phases.rl.ar_reinforce][INFO] - Eval ==>  26/100(26.00%)  Time Est.: Elapsed[3.76m], Remain[10.69m]
[2026-01-20 00:52:03,229][EasyNCO.phases.rl.ar_reinforce][INFO] - Eval ==> Problem[tsp], Size[1000], Completed  26/100(26.00%), Score: 22.9364, Augmented Score: 22.6067
[2026-01-20 00:52:03,229][EasyNCO.phases.rl.ar_reinforce][INFO] - Eval ==> Score Summary: Avg: 0.0000, Avg Augmented: 0.0000
[2026-01-20 00:52:03,229][EasyNCO.phases.rl.ar_reinforce][INFO] - ============================================================================
[2026-01-20 00:52:11,891][EasyNCO.phases.rl.ar_reinforce][INFO] - Eval ==>  27/100(27.00%)  Time Est.: Elapsed[3.90m], Remain[10.54m]
[2026-01-20 00:52:11,891][EasyNCO.phases.rl.ar_reinforce][INFO] - Eval ==> Problem[tsp], Size[1000], Completed  27/100(27.00%), Score: 20.5714, Augmented Score: 20.5086
[2026-01-20 00:52:11,891][EasyNCO.phases.rl.ar_reinforce][INFO] - Eval ==> Score Summary: Avg: 0.0000, Avg Augmented: 0.0000
[2026-01-20 00:52:11,891][EasyNCO.phases.rl.ar_reinforce][INFO] - ============================================================================
[2026-01-20 00:52:20,553][EasyNCO.phases.rl.ar_reinforce][INFO] - Eval ==>  28/100(28.00%)  Time Est.: Elapsed[4.04m], Remain[10.40m]
[2026-01-20 00:52:20,554][EasyNCO.phases.rl.ar_reinforce][INFO] - Eval ==> Problem[tsp], Size[1000], Completed  28/100(28.00%), Score: 16.4590, Augmented Score: 16.2645
[2026-01-20 00:52:20,554][EasyNCO.phases.rl.ar_reinforce][INFO] - Eval ==> Score Summary: Avg: 0.0000, Avg Augmented: 0.0000
[2026-01-20 00:52:20,554][EasyNCO.phases.rl.ar_reinforce][INFO] - ============================================================================
[2026-01-20 00:52:29,217][EasyNCO.phases.rl.ar_reinforce][INFO] - Eval ==>  29/100(29.00%)  Time Est.: Elapsed[4.19m], Remain[10.26m]
[2026-01-20 00:52:29,217][EasyNCO.phases.rl.ar_reinforce][INFO] - Eval ==> Problem[tsp], Size[1000], Completed  29/100(29.00%), Score: 19.8134, Augmented Score: 19.5651
[2026-01-20 00:52:29,217][EasyNCO.phases.rl.ar_reinforce][INFO] - Eval ==> Score Summary: Avg: 0.0000, Avg Augmented: 0.0000
[2026-01-20 00:52:29,217][EasyNCO.phases.rl.ar_reinforce][INFO] - ============================================================================
[2026-01-20 00:52:37,884][EasyNCO.phases.rl.ar_reinforce][INFO] - Eval ==>  30/100(30.00%)  Time Est.: Elapsed[4.33m], Remain[10.11m]
[2026-01-20 00:52:37,884][EasyNCO.phases.rl.ar_reinforce][INFO] - Eval ==> Problem[tsp], Size[1000], Completed  30/100(30.00%), Score: 17.6933, Augmented Score: 17.5529
[2026-01-20 00:52:37,884][EasyNCO.phases.rl.ar_reinforce][INFO] - Eval ==> Score Summary: Avg: 0.0000, Avg Augmented: 0.0000
[2026-01-20 00:52:37,884][EasyNCO.phases.rl.ar_reinforce][INFO] - ============================================================================
[2026-01-20 00:52:46,546][EasyNCO.phases.rl.ar_reinforce][INFO] - Eval ==>  31/100(31.00%)  Time Est.: Elapsed[4.48m], Remain[9.97m]
[2026-01-20 00:52:46,547][EasyNCO.phases.rl.ar_reinforce][INFO] - Eval ==> Problem[tsp], Size[1000], Completed  31/100(31.00%), Score: 17.6709, Augmented Score: 17.5825
[2026-01-20 00:52:46,547][EasyNCO.phases.rl.ar_reinforce][INFO] - Eval ==> Score Summary: Avg: 0.0000, Avg Augmented: 0.0000
[2026-01-20 00:52:46,547][EasyNCO.phases.rl.ar_reinforce][INFO] - ============================================================================
[2026-01-20 00:52:55,210][EasyNCO.phases.rl.ar_reinforce][INFO] - Eval ==>  32/100(32.00%)  Time Est.: Elapsed[4.62m], Remain[9.82m]
[2026-01-20 00:52:55,210][EasyNCO.phases.rl.ar_reinforce][INFO] - Eval ==> Problem[tsp], Size[1000], Completed  32/100(32.00%), Score: 17.4654, Augmented Score: 17.4654
[2026-01-20 00:52:55,210][EasyNCO.phases.rl.ar_reinforce][INFO] - Eval ==> Score Summary: Avg: 0.0000, Avg Augmented: 0.0000
[2026-01-20 00:52:55,210][EasyNCO.phases.rl.ar_reinforce][INFO] - ============================================================================
[2026-01-20 00:53:03,875][EasyNCO.phases.rl.ar_reinforce][INFO] - Eval ==>  33/100(33.00%)  Time Est.: Elapsed[4.77m], Remain[9.68m]
[2026-01-20 00:53:03,875][EasyNCO.phases.rl.ar_reinforce][INFO] - Eval ==> Problem[tsp], Size[1000], Completed  33/100(33.00%), Score: 20.0617, Augmented Score: 19.9033
[2026-01-20 00:53:03,876][EasyNCO.phases.rl.ar_reinforce][INFO] - Eval ==> Score Summary: Avg: 0.0000, Avg Augmented: 0.0000
[2026-01-20 00:53:03,876][EasyNCO.phases.rl.ar_reinforce][INFO] - ============================================================================
[2026-01-20 00:53:12,547][EasyNCO.phases.rl.ar_reinforce][INFO] - Eval ==>  34/100(34.00%)  Time Est.: Elapsed[4.91m], Remain[9.53m]
[2026-01-20 00:53:12,547][EasyNCO.phases.rl.ar_reinforce][INFO] - Eval ==> Problem[tsp], Size[1000], Completed  34/100(34.00%), Score: 19.8283, Augmented Score: 19.4169
[2026-01-20 00:53:12,547][EasyNCO.phases.rl.ar_reinforce][INFO] - Eval ==> Score Summary: Avg: 0.0000, Avg Augmented: 0.0000
[2026-01-20 00:53:12,548][EasyNCO.phases.rl.ar_reinforce][INFO] - ============================================================================
[2026-01-20 00:53:21,216][EasyNCO.phases.rl.ar_reinforce][INFO] - Eval ==>  35/100(35.00%)  Time Est.: Elapsed[5.06m], Remain[9.39m]
[2026-01-20 00:53:21,216][EasyNCO.phases.rl.ar_reinforce][INFO] - Eval ==> Problem[tsp], Size[1000], Completed  35/100(35.00%), Score: 22.0889, Augmented Score: 21.6161
[2026-01-20 00:53:21,216][EasyNCO.phases.rl.ar_reinforce][INFO] - Eval ==> Score Summary: Avg: 0.0000, Avg Augmented: 0.0000
[2026-01-20 00:53:21,216][EasyNCO.phases.rl.ar_reinforce][INFO] - ============================================================================
[2026-01-20 00:53:29,880][EasyNCO.phases.rl.ar_reinforce][INFO] - Eval ==>  36/100(36.00%)  Time Est.: Elapsed[5.20m], Remain[9.24m]
[2026-01-20 00:53:29,880][EasyNCO.phases.rl.ar_reinforce][INFO] - Eval ==> Problem[tsp], Size[1000], Completed  36/100(36.00%), Score: 19.0247, Augmented Score: 18.7401
[2026-01-20 00:53:29,880][EasyNCO.phases.rl.ar_reinforce][INFO] - Eval ==> Score Summary: Avg: 0.0000, Avg Augmented: 0.0000
[2026-01-20 00:53:29,880][EasyNCO.phases.rl.ar_reinforce][INFO] - ============================================================================
[2026-01-20 00:53:38,548][EasyNCO.phases.rl.ar_reinforce][INFO] - Eval ==>  37/100(37.00%)  Time Est.: Elapsed[5.34m], Remain[9.10m]
[2026-01-20 00:53:38,548][EasyNCO.phases.rl.ar_reinforce][INFO] - Eval ==> Problem[tsp], Size[1000], Completed  37/100(37.00%), Score: 20.5706, Augmented Score: 20.3363
[2026-01-20 00:53:38,548][EasyNCO.phases.rl.ar_reinforce][INFO] - Eval ==> Score Summary: Avg: 0.0000, Avg Augmented: 0.0000
[2026-01-20 00:53:38,548][EasyNCO.phases.rl.ar_reinforce][INFO] - ============================================================================
[2026-01-20 00:53:47,218][EasyNCO.phases.rl.ar_reinforce][INFO] - Eval ==>  38/100(38.00%)  Time Est.: Elapsed[5.49m], Remain[8.96m]
[2026-01-20 00:53:47,218][EasyNCO.phases.rl.ar_reinforce][INFO] - Eval ==> Problem[tsp], Size[1000], Completed  38/100(38.00%), Score: 17.6101, Augmented Score: 17.5138
[2026-01-20 00:53:47,218][EasyNCO.phases.rl.ar_reinforce][INFO] - Eval ==> Score Summary: Avg: 0.0000, Avg Augmented: 0.0000
[2026-01-20 00:53:47,218][EasyNCO.phases.rl.ar_reinforce][INFO] - ============================================================================
[2026-01-20 00:53:55,886][EasyNCO.phases.rl.ar_reinforce][INFO] - Eval ==>  39/100(39.00%)  Time Est.: Elapsed[5.63m], Remain[8.81m]
[2026-01-20 00:53:55,886][EasyNCO.phases.rl.ar_reinforce][INFO] - Eval ==> Problem[tsp], Size[1000], Completed  39/100(39.00%), Score: 16.9684, Augmented Score: 16.9021
[2026-01-20 00:53:55,886][EasyNCO.phases.rl.ar_reinforce][INFO] - Eval ==> Score Summary: Avg: 0.0000, Avg Augmented: 0.0000
[2026-01-20 00:53:55,886][EasyNCO.phases.rl.ar_reinforce][INFO] - ============================================================================
[2026-01-20 00:54:04,554][EasyNCO.phases.rl.ar_reinforce][INFO] - Eval ==>  40/100(40.00%)  Time Est.: Elapsed[5.78m], Remain[8.67m]
[2026-01-20 00:54:04,555][EasyNCO.phases.rl.ar_reinforce][INFO] - Eval ==> Problem[tsp], Size[1000], Completed  40/100(40.00%), Score: 17.9444, Augmented Score: 17.6755
[2026-01-20 00:54:04,555][EasyNCO.phases.rl.ar_reinforce][INFO] - Eval ==> Score Summary: Avg: 0.0000, Avg Augmented: 0.0000
[2026-01-20 00:54:04,555][EasyNCO.phases.rl.ar_reinforce][INFO] - ============================================================================
[2026-01-20 00:54:13,226][EasyNCO.phases.rl.ar_reinforce][INFO] - Eval ==>  41/100(41.00%)  Time Est.: Elapsed[5.92m], Remain[8.52m]
[2026-01-20 00:54:13,226][EasyNCO.phases.rl.ar_reinforce][INFO] - Eval ==> Problem[tsp], Size[1000], Completed  41/100(41.00%), Score: 16.5791, Augmented Score: 16.5791
[2026-01-20 00:54:13,226][EasyNCO.phases.rl.ar_reinforce][INFO] - Eval ==> Score Summary: Avg: 0.0000, Avg Augmented: 0.0000
[2026-01-20 00:54:13,226][EasyNCO.phases.rl.ar_reinforce][INFO] - ============================================================================
[2026-01-20 00:54:21,895][EasyNCO.phases.rl.ar_reinforce][INFO] - Eval ==>  42/100(42.00%)  Time Est.: Elapsed[6.07m], Remain[8.38m]
[2026-01-20 00:54:21,895][EasyNCO.phases.rl.ar_reinforce][INFO] - Eval ==> Problem[tsp], Size[1000], Completed  42/100(42.00%), Score: 23.3719, Augmented Score: 23.2667
[2026-01-20 00:54:21,895][EasyNCO.phases.rl.ar_reinforce][INFO] - Eval ==> Score Summary: Avg: 0.0000, Avg Augmented: 0.0000
[2026-01-20 00:54:21,896][EasyNCO.phases.rl.ar_reinforce][INFO] - ============================================================================
[2026-01-20 00:54:30,561][EasyNCO.phases.rl.ar_reinforce][INFO] - Eval ==>  43/100(43.00%)  Time Est.: Elapsed[6.21m], Remain[8.23m]
[2026-01-20 00:54:30,561][EasyNCO.phases.rl.ar_reinforce][INFO] - Eval ==> Problem[tsp], Size[1000], Completed  43/100(43.00%), Score: 17.0374, Augmented Score: 16.8709
[2026-01-20 00:54:30,561][EasyNCO.phases.rl.ar_reinforce][INFO] - Eval ==> Score Summary: Avg: 0.0000, Avg Augmented: 0.0000
[2026-01-20 00:54:30,561][EasyNCO.phases.rl.ar_reinforce][INFO] - ============================================================================
[2026-01-20 00:54:39,231][EasyNCO.phases.rl.ar_reinforce][INFO] - Eval ==>  44/100(44.00%)  Time Est.: Elapsed[6.36m], Remain[8.09m]
[2026-01-20 00:54:39,231][EasyNCO.phases.rl.ar_reinforce][INFO] - Eval ==> Problem[tsp], Size[1000], Completed  44/100(44.00%), Score: 19.1149, Augmented Score: 18.9391
[2026-01-20 00:54:39,231][EasyNCO.phases.rl.ar_reinforce][INFO] - Eval ==> Score Summary: Avg: 0.0000, Avg Augmented: 0.0000
[2026-01-20 00:54:39,231][EasyNCO.phases.rl.ar_reinforce][INFO] - ============================================================================
[2026-01-20 00:54:47,900][EasyNCO.phases.rl.ar_reinforce][INFO] - Eval ==>  45/100(45.00%)  Time Est.: Elapsed[6.50m], Remain[7.94m]
[2026-01-20 00:54:47,901][EasyNCO.phases.rl.ar_reinforce][INFO] - Eval ==> Problem[tsp], Size[1000], Completed  45/100(45.00%), Score: 20.7404, Augmented Score: 20.3836
[2026-01-20 00:54:47,901][EasyNCO.phases.rl.ar_reinforce][INFO] - Eval ==> Score Summary: Avg: 0.0000, Avg Augmented: 0.0000
[2026-01-20 00:54:47,901][EasyNCO.phases.rl.ar_reinforce][INFO] - ============================================================================
[2026-01-20 00:54:56,571][EasyNCO.phases.rl.ar_reinforce][INFO] - Eval ==>  46/100(46.00%)  Time Est.: Elapsed[6.64m], Remain[7.80m]
[2026-01-20 00:54:56,571][EasyNCO.phases.rl.ar_reinforce][INFO] - Eval ==> Problem[tsp], Size[1000], Completed  46/100(46.00%), Score: 21.3725, Augmented Score: 21.0095
[2026-01-20 00:54:56,571][EasyNCO.phases.rl.ar_reinforce][INFO] - Eval ==> Score Summary: Avg: 0.0000, Avg Augmented: 0.0000
[2026-01-20 00:54:56,571][EasyNCO.phases.rl.ar_reinforce][INFO] - ============================================================================
[2026-01-20 00:55:05,238][EasyNCO.phases.rl.ar_reinforce][INFO] - Eval ==>  47/100(47.00%)  Time Est.: Elapsed[6.79m], Remain[7.66m]
[2026-01-20 00:55:05,238][EasyNCO.phases.rl.ar_reinforce][INFO] - Eval ==> Problem[tsp], Size[1000], Completed  47/100(47.00%), Score: 18.5604, Augmented Score: 18.4334
[2026-01-20 00:55:05,238][EasyNCO.phases.rl.ar_reinforce][INFO] - Eval ==> Score Summary: Avg: 0.0000, Avg Augmented: 0.0000
[2026-01-20 00:55:05,238][EasyNCO.phases.rl.ar_reinforce][INFO] - ============================================================================
[2026-01-20 00:55:13,905][EasyNCO.phases.rl.ar_reinforce][INFO] - Eval ==>  48/100(48.00%)  Time Est.: Elapsed[6.93m], Remain[7.51m]
[2026-01-20 00:55:13,905][EasyNCO.phases.rl.ar_reinforce][INFO] - Eval ==> Problem[tsp], Size[1000], Completed  48/100(48.00%), Score: 18.7887, Augmented Score: 18.7026
[2026-01-20 00:55:13,905][EasyNCO.phases.rl.ar_reinforce][INFO] - Eval ==> Score Summary: Avg: 0.0000, Avg Augmented: 0.0000
[2026-01-20 00:55:13,905][EasyNCO.phases.rl.ar_reinforce][INFO] - ============================================================================
[2026-01-20 00:55:22,575][EasyNCO.phases.rl.ar_reinforce][INFO] - Eval ==>  49/100(49.00%)  Time Est.: Elapsed[7.08m], Remain[7.37m]
[2026-01-20 00:55:22,575][EasyNCO.phases.rl.ar_reinforce][INFO] - Eval ==> Problem[tsp], Size[1000], Completed  49/100(49.00%), Score: 18.1665, Augmented Score: 17.8857
[2026-01-20 00:55:22,575][EasyNCO.phases.rl.ar_reinforce][INFO] - Eval ==> Score Summary: Avg: 0.0000, Avg Augmented: 0.0000
[2026-01-20 00:55:22,575][EasyNCO.phases.rl.ar_reinforce][INFO] - ============================================================================
[2026-01-20 00:55:31,240][EasyNCO.phases.rl.ar_reinforce][INFO] - Eval ==>  50/100(50.00%)  Time Est.: Elapsed[7.22m], Remain[7.22m]
[2026-01-20 00:55:31,240][EasyNCO.phases.rl.ar_reinforce][INFO] - Eval ==> Problem[tsp], Size[1000], Completed  50/100(50.00%), Score: 17.0075, Augmented Score: 16.8737
[2026-01-20 00:55:31,240][EasyNCO.phases.rl.ar_reinforce][INFO] - Eval ==> Score Summary: Avg: 0.0000, Avg Augmented: 0.0000
[2026-01-20 00:55:31,240][EasyNCO.phases.rl.ar_reinforce][INFO] - ============================================================================
[2026-01-20 00:55:39,907][EasyNCO.phases.rl.ar_reinforce][INFO] - Eval ==>  51/100(51.00%)  Time Est.: Elapsed[7.37m], Remain[7.08m]
[2026-01-20 00:55:39,907][EasyNCO.phases.rl.ar_reinforce][INFO] - Eval ==> Problem[tsp], Size[1000], Completed  51/100(51.00%), Score: 20.8170, Augmented Score: 20.5204
[2026-01-20 00:55:39,907][EasyNCO.phases.rl.ar_reinforce][INFO] - Eval ==> Score Summary: Avg: 0.0000, Avg Augmented: 0.0000
[2026-01-20 00:55:39,907][EasyNCO.phases.rl.ar_reinforce][INFO] - ============================================================================
[2026-01-20 00:55:48,573][EasyNCO.phases.rl.ar_reinforce][INFO] - Eval ==>  52/100(52.00%)  Time Est.: Elapsed[7.51m], Remain[6.93m]
[2026-01-20 00:55:48,573][EasyNCO.phases.rl.ar_reinforce][INFO] - Eval ==> Problem[tsp], Size[1000], Completed  52/100(52.00%), Score: 21.6365, Augmented Score: 21.1725
[2026-01-20 00:55:48,573][EasyNCO.phases.rl.ar_reinforce][INFO] - Eval ==> Score Summary: Avg: 0.0000, Avg Augmented: 0.0000
[2026-01-20 00:55:48,573][EasyNCO.phases.rl.ar_reinforce][INFO] - ============================================================================
[2026-01-20 00:55:57,240][EasyNCO.phases.rl.ar_reinforce][INFO] - Eval ==>  53/100(53.00%)  Time Est.: Elapsed[7.66m], Remain[6.79m]
[2026-01-20 00:55:57,241][EasyNCO.phases.rl.ar_reinforce][INFO] - Eval ==> Problem[tsp], Size[1000], Completed  53/100(53.00%), Score: 16.6495, Augmented Score: 16.6495
[2026-01-20 00:55:57,241][EasyNCO.phases.rl.ar_reinforce][INFO] - Eval ==> Score Summary: Avg: 0.0000, Avg Augmented: 0.0000
[2026-01-20 00:55:57,241][EasyNCO.phases.rl.ar_reinforce][INFO] - ============================================================================
[2026-01-20 00:56:05,911][EasyNCO.phases.rl.ar_reinforce][INFO] - Eval ==>  54/100(54.00%)  Time Est.: Elapsed[7.80m], Remain[6.64m]
[2026-01-20 00:56:05,911][EasyNCO.phases.rl.ar_reinforce][INFO] - Eval ==> Problem[tsp], Size[1000], Completed  54/100(54.00%), Score: 19.1385, Augmented Score: 19.0665
[2026-01-20 00:56:05,911][EasyNCO.phases.rl.ar_reinforce][INFO] - Eval ==> Score Summary: Avg: 0.0000, Avg Augmented: 0.0000
[2026-01-20 00:56:05,911][EasyNCO.phases.rl.ar_reinforce][INFO] - ============================================================================
[2026-01-20 00:56:14,580][EasyNCO.phases.rl.ar_reinforce][INFO] - Eval ==>  55/100(55.00%)  Time Est.: Elapsed[7.94m], Remain[6.50m]
[2026-01-20 00:56:14,580][EasyNCO.phases.rl.ar_reinforce][INFO] - Eval ==> Problem[tsp], Size[1000], Completed  55/100(55.00%), Score: 22.2795, Augmented Score: 22.1972
[2026-01-20 00:56:14,580][EasyNCO.phases.rl.ar_reinforce][INFO] - Eval ==> Score Summary: Avg: 0.0000, Avg Augmented: 0.0000
[2026-01-20 00:56:14,580][EasyNCO.phases.rl.ar_reinforce][INFO] - ============================================================================
[2026-01-20 00:56:23,246][EasyNCO.phases.rl.ar_reinforce][INFO] - Eval ==>  56/100(56.00%)  Time Est.: Elapsed[8.09m], Remain[6.36m]
[2026-01-20 00:56:23,246][EasyNCO.phases.rl.ar_reinforce][INFO] - Eval ==> Problem[tsp], Size[1000], Completed  56/100(56.00%), Score: 16.5964, Augmented Score: 16.3862
[2026-01-20 00:56:23,246][EasyNCO.phases.rl.ar_reinforce][INFO] - Eval ==> Score Summary: Avg: 0.0000, Avg Augmented: 0.0000
[2026-01-20 00:56:23,246][EasyNCO.phases.rl.ar_reinforce][INFO] - ============================================================================
[2026-01-20 00:56:31,917][EasyNCO.phases.rl.ar_reinforce][INFO] - Eval ==>  57/100(57.00%)  Time Est.: Elapsed[8.23m], Remain[6.21m]
[2026-01-20 00:56:31,918][EasyNCO.phases.rl.ar_reinforce][INFO] - Eval ==> Problem[tsp], Size[1000], Completed  57/100(57.00%), Score: 18.6255, Augmented Score: 18.4175
[2026-01-20 00:56:31,918][EasyNCO.phases.rl.ar_reinforce][INFO] - Eval ==> Score Summary: Avg: 0.0000, Avg Augmented: 0.0000
[2026-01-20 00:56:31,918][EasyNCO.phases.rl.ar_reinforce][INFO] - ============================================================================
[2026-01-20 00:56:40,591][EasyNCO.phases.rl.ar_reinforce][INFO] - Eval ==>  58/100(58.00%)  Time Est.: Elapsed[8.38m], Remain[6.07m]
[2026-01-20 00:56:40,591][EasyNCO.phases.rl.ar_reinforce][INFO] - Eval ==> Problem[tsp], Size[1000], Completed  58/100(58.00%), Score: 19.0704, Augmented Score: 19.0704
[2026-01-20 00:56:40,591][EasyNCO.phases.rl.ar_reinforce][INFO] - Eval ==> Score Summary: Avg: 0.0000, Avg Augmented: 0.0000
[2026-01-20 00:56:40,591][EasyNCO.phases.rl.ar_reinforce][INFO] - ============================================================================
[2026-01-20 00:56:49,259][EasyNCO.phases.rl.ar_reinforce][INFO] - Eval ==>  59/100(59.00%)  Time Est.: Elapsed[8.52m], Remain[5.92m]
[2026-01-20 00:56:49,259][EasyNCO.phases.rl.ar_reinforce][INFO] - Eval ==> Problem[tsp], Size[1000], Completed  59/100(59.00%), Score: 16.9039, Augmented Score: 16.6815
[2026-01-20 00:56:49,260][EasyNCO.phases.rl.ar_reinforce][INFO] - Eval ==> Score Summary: Avg: 0.0000, Avg Augmented: 0.0000
[2026-01-20 00:56:49,260][EasyNCO.phases.rl.ar_reinforce][INFO] - ============================================================================
[2026-01-20 00:56:57,927][EasyNCO.phases.rl.ar_reinforce][INFO] - Eval ==>  60/100(60.00%)  Time Est.: Elapsed[8.67m], Remain[5.78m]
[2026-01-20 00:56:57,927][EasyNCO.phases.rl.ar_reinforce][INFO] - Eval ==> Problem[tsp], Size[1000], Completed  60/100(60.00%), Score: 18.5719, Augmented Score: 18.4576
[2026-01-20 00:56:57,927][EasyNCO.phases.rl.ar_reinforce][INFO] - Eval ==> Score Summary: Avg: 0.0000, Avg Augmented: 0.0000
[2026-01-20 00:56:57,927][EasyNCO.phases.rl.ar_reinforce][INFO] - ============================================================================
[2026-01-20 00:57:06,597][EasyNCO.phases.rl.ar_reinforce][INFO] - Eval ==>  61/100(61.00%)  Time Est.: Elapsed[8.81m], Remain[5.63m]
[2026-01-20 00:57:06,597][EasyNCO.phases.rl.ar_reinforce][INFO] - Eval ==> Problem[tsp], Size[1000], Completed  61/100(61.00%), Score: 21.6313, Augmented Score: 21.4389
[2026-01-20 00:57:06,597][EasyNCO.phases.rl.ar_reinforce][INFO] - Eval ==> Score Summary: Avg: 0.0000, Avg Augmented: 0.0000
[2026-01-20 00:57:06,597][EasyNCO.phases.rl.ar_reinforce][INFO] - ============================================================================
[2026-01-20 00:57:15,268][EasyNCO.phases.rl.ar_reinforce][INFO] - Eval ==>  62/100(62.00%)  Time Est.: Elapsed[8.96m], Remain[5.49m]
[2026-01-20 00:57:15,268][EasyNCO.phases.rl.ar_reinforce][INFO] - Eval ==> Problem[tsp], Size[1000], Completed  62/100(62.00%), Score: 21.8073, Augmented Score: 21.4621
[2026-01-20 00:57:15,268][EasyNCO.phases.rl.ar_reinforce][INFO] - Eval ==> Score Summary: Avg: 0.0000, Avg Augmented: 0.0000
[2026-01-20 00:57:15,268][EasyNCO.phases.rl.ar_reinforce][INFO] - ============================================================================
[2026-01-20 00:57:23,938][EasyNCO.phases.rl.ar_reinforce][INFO] - Eval ==>  63/100(63.00%)  Time Est.: Elapsed[9.10m], Remain[5.34m]
[2026-01-20 00:57:23,938][EasyNCO.phases.rl.ar_reinforce][INFO] - Eval ==> Problem[tsp], Size[1000], Completed  63/100(63.00%), Score: 17.5526, Augmented Score: 17.4756
[2026-01-20 00:57:23,938][EasyNCO.phases.rl.ar_reinforce][INFO] - Eval ==> Score Summary: Avg: 0.0000, Avg Augmented: 0.0000
[2026-01-20 00:57:23,938][EasyNCO.phases.rl.ar_reinforce][INFO] - ============================================================================
[2026-01-20 00:57:32,610][EasyNCO.phases.rl.ar_reinforce][INFO] - Eval ==>  64/100(64.00%)  Time Est.: Elapsed[9.25m], Remain[5.20m]
[2026-01-20 00:57:32,610][EasyNCO.phases.rl.ar_reinforce][INFO] - Eval ==> Problem[tsp], Size[1000], Completed  64/100(64.00%), Score: 18.1773, Augmented Score: 17.9439
[2026-01-20 00:57:32,610][EasyNCO.phases.rl.ar_reinforce][INFO] - Eval ==> Score Summary: Avg: 0.0000, Avg Augmented: 0.0000
[2026-01-20 00:57:32,610][EasyNCO.phases.rl.ar_reinforce][INFO] - ============================================================================
[2026-01-20 00:57:41,283][EasyNCO.phases.rl.ar_reinforce][INFO] - Eval ==>  65/100(65.00%)  Time Est.: Elapsed[9.39m], Remain[5.06m]
[2026-01-20 00:57:41,283][EasyNCO.phases.rl.ar_reinforce][INFO] - Eval ==> Problem[tsp], Size[1000], Completed  65/100(65.00%), Score: 17.2675, Augmented Score: 17.1137
[2026-01-20 00:57:41,283][EasyNCO.phases.rl.ar_reinforce][INFO] - Eval ==> Score Summary: Avg: 0.0000, Avg Augmented: 0.0000
[2026-01-20 00:57:41,283][EasyNCO.phases.rl.ar_reinforce][INFO] - ============================================================================
[2026-01-20 00:57:49,956][EasyNCO.phases.rl.ar_reinforce][INFO] - Eval ==>  66/100(66.00%)  Time Est.: Elapsed[9.53m], Remain[4.91m]
[2026-01-20 00:57:49,956][EasyNCO.phases.rl.ar_reinforce][INFO] - Eval ==> Problem[tsp], Size[1000], Completed  66/100(66.00%), Score: 20.4421, Augmented Score: 20.0627
[2026-01-20 00:57:49,956][EasyNCO.phases.rl.ar_reinforce][INFO] - Eval ==> Score Summary: Avg: 0.0000, Avg Augmented: 0.0000
[2026-01-20 00:57:49,956][EasyNCO.phases.rl.ar_reinforce][INFO] - ============================================================================
[2026-01-20 00:57:58,624][EasyNCO.phases.rl.ar_reinforce][INFO] - Eval ==>  67/100(67.00%)  Time Est.: Elapsed[9.68m], Remain[4.77m]
[2026-01-20 00:57:58,624][EasyNCO.phases.rl.ar_reinforce][INFO] - Eval ==> Problem[tsp], Size[1000], Completed  67/100(67.00%), Score: 18.9658, Augmented Score: 18.7419
[2026-01-20 00:57:58,624][EasyNCO.phases.rl.ar_reinforce][INFO] - Eval ==> Score Summary: Avg: 0.0000, Avg Augmented: 0.0000
[2026-01-20 00:57:58,624][EasyNCO.phases.rl.ar_reinforce][INFO] - ============================================================================
[2026-01-20 00:58:07,291][EasyNCO.phases.rl.ar_reinforce][INFO] - Eval ==>  68/100(68.00%)  Time Est.: Elapsed[9.82m], Remain[4.62m]
[2026-01-20 00:58:07,291][EasyNCO.phases.rl.ar_reinforce][INFO] - Eval ==> Problem[tsp], Size[1000], Completed  68/100(68.00%), Score: 19.6510, Augmented Score: 19.5150
[2026-01-20 00:58:07,291][EasyNCO.phases.rl.ar_reinforce][INFO] - Eval ==> Score Summary: Avg: 0.0000, Avg Augmented: 0.0000
[2026-01-20 00:58:07,291][EasyNCO.phases.rl.ar_reinforce][INFO] - ============================================================================
[2026-01-20 00:58:15,956][EasyNCO.phases.rl.ar_reinforce][INFO] - Eval ==>  69/100(69.00%)  Time Est.: Elapsed[9.97m], Remain[4.48m]
[2026-01-20 00:58:15,956][EasyNCO.phases.rl.ar_reinforce][INFO] - Eval ==> Problem[tsp], Size[1000], Completed  69/100(69.00%), Score: 19.0857, Augmented Score: 18.9230
[2026-01-20 00:58:15,956][EasyNCO.phases.rl.ar_reinforce][INFO] - Eval ==> Score Summary: Avg: 0.0000, Avg Augmented: 0.0000
[2026-01-20 00:58:15,956][EasyNCO.phases.rl.ar_reinforce][INFO] - ============================================================================
[2026-01-20 00:58:24,623][EasyNCO.phases.rl.ar_reinforce][INFO] - Eval ==>  70/100(70.00%)  Time Est.: Elapsed[10.11m], Remain[4.33m]
[2026-01-20 00:58:24,623][EasyNCO.phases.rl.ar_reinforce][INFO] - Eval ==> Problem[tsp], Size[1000], Completed  70/100(70.00%), Score: 19.4660, Augmented Score: 19.3969
[2026-01-20 00:58:24,623][EasyNCO.phases.rl.ar_reinforce][INFO] - Eval ==> Score Summary: Avg: 0.0000, Avg Augmented: 0.0000
[2026-01-20 00:58:24,623][EasyNCO.phases.rl.ar_reinforce][INFO] - ============================================================================
[2026-01-20 00:58:33,282][EasyNCO.phases.rl.ar_reinforce][INFO] - Eval ==>  71/100(71.00%)  Time Est.: Elapsed[10.26m], Remain[4.19m]
[2026-01-20 00:58:33,282][EasyNCO.phases.rl.ar_reinforce][INFO] - Eval ==> Problem[tsp], Size[1000], Completed  71/100(71.00%), Score: 15.6734, Augmented Score: 15.5658
[2026-01-20 00:58:33,282][EasyNCO.phases.rl.ar_reinforce][INFO] - Eval ==> Score Summary: Avg: 0.0000, Avg Augmented: 0.0000
[2026-01-20 00:58:33,282][EasyNCO.phases.rl.ar_reinforce][INFO] - ============================================================================
[2026-01-20 00:58:41,936][EasyNCO.phases.rl.ar_reinforce][INFO] - Eval ==>  72/100(72.00%)  Time Est.: Elapsed[10.40m], Remain[4.04m]
[2026-01-20 00:58:41,936][EasyNCO.phases.rl.ar_reinforce][INFO] - Eval ==> Problem[tsp], Size[1000], Completed  72/100(72.00%), Score: 17.9202, Augmented Score: 17.7584
[2026-01-20 00:58:41,936][EasyNCO.phases.rl.ar_reinforce][INFO] - Eval ==> Score Summary: Avg: 0.0000, Avg Augmented: 0.0000
[2026-01-20 00:58:41,936][EasyNCO.phases.rl.ar_reinforce][INFO] - ============================================================================
[2026-01-20 00:58:50,589][EasyNCO.phases.rl.ar_reinforce][INFO] - Eval ==>  73/100(73.00%)  Time Est.: Elapsed[10.55m], Remain[3.90m]
[2026-01-20 00:58:50,589][EasyNCO.phases.rl.ar_reinforce][INFO] - Eval ==> Problem[tsp], Size[1000], Completed  73/100(73.00%), Score: 16.7885, Augmented Score: 16.6142
[2026-01-20 00:58:50,589][EasyNCO.phases.rl.ar_reinforce][INFO] - Eval ==> Score Summary: Avg: 0.0000, Avg Augmented: 0.0000
[2026-01-20 00:58:50,589][EasyNCO.phases.rl.ar_reinforce][INFO] - ============================================================================
[2026-01-20 00:58:59,244][EasyNCO.phases.rl.ar_reinforce][INFO] - Eval ==>  74/100(74.00%)  Time Est.: Elapsed[10.69m], Remain[3.76m]
[2026-01-20 00:58:59,244][EasyNCO.phases.rl.ar_reinforce][INFO] - Eval ==> Problem[tsp], Size[1000], Completed  74/100(74.00%), Score: 19.3493, Augmented Score: 19.2923
[2026-01-20 00:58:59,244][EasyNCO.phases.rl.ar_reinforce][INFO] - Eval ==> Score Summary: Avg: 0.0000, Avg Augmented: 0.0000
[2026-01-20 00:58:59,244][EasyNCO.phases.rl.ar_reinforce][INFO] - ============================================================================
[2026-01-20 00:59:07,890][EasyNCO.phases.rl.ar_reinforce][INFO] - Eval ==>  75/100(75.00%)  Time Est.: Elapsed[10.83m], Remain[3.61m]
[2026-01-20 00:59:07,891][EasyNCO.phases.rl.ar_reinforce][INFO] - Eval ==> Problem[tsp], Size[1000], Completed  75/100(75.00%), Score: 18.6243, Augmented Score: 18.3088
[2026-01-20 00:59:07,891][EasyNCO.phases.rl.ar_reinforce][INFO] - Eval ==> Score Summary: Avg: 0.0000, Avg Augmented: 0.0000
[2026-01-20 00:59:07,891][EasyNCO.phases.rl.ar_reinforce][INFO] - ============================================================================
[2026-01-20 00:59:16,538][EasyNCO.phases.rl.ar_reinforce][INFO] - Eval ==>  76/100(76.00%)  Time Est.: Elapsed[10.98m], Remain[3.47m]
[2026-01-20 00:59:16,538][EasyNCO.phases.rl.ar_reinforce][INFO] - Eval ==> Problem[tsp], Size[1000], Completed  76/100(76.00%), Score: 19.2131, Augmented Score: 18.9380
[2026-01-20 00:59:16,538][EasyNCO.phases.rl.ar_reinforce][INFO] - Eval ==> Score Summary: Avg: 0.0000, Avg Augmented: 0.0000
[2026-01-20 00:59:16,538][EasyNCO.phases.rl.ar_reinforce][INFO] - ============================================================================
[2026-01-20 00:59:25,185][EasyNCO.phases.rl.ar_reinforce][INFO] - Eval ==>  77/100(77.00%)  Time Est.: Elapsed[11.12m], Remain[3.32m]
[2026-01-20 00:59:25,185][EasyNCO.phases.rl.ar_reinforce][INFO] - Eval ==> Problem[tsp], Size[1000], Completed  77/100(77.00%), Score: 19.2984, Augmented Score: 19.2984
[2026-01-20 00:59:25,185][EasyNCO.phases.rl.ar_reinforce][INFO] - Eval ==> Score Summary: Avg: 0.0000, Avg Augmented: 0.0000
[2026-01-20 00:59:25,185][EasyNCO.phases.rl.ar_reinforce][INFO] - ============================================================================
[2026-01-20 00:59:33,830][EasyNCO.phases.rl.ar_reinforce][INFO] - Eval ==>  78/100(78.00%)  Time Est.: Elapsed[11.27m], Remain[3.18m]
[2026-01-20 00:59:33,830][EasyNCO.phases.rl.ar_reinforce][INFO] - Eval ==> Problem[tsp], Size[1000], Completed  78/100(78.00%), Score: 19.2067, Augmented Score: 18.7809
[2026-01-20 00:59:33,830][EasyNCO.phases.rl.ar_reinforce][INFO] - Eval ==> Score Summary: Avg: 0.0000, Avg Augmented: 0.0000
[2026-01-20 00:59:33,830][EasyNCO.phases.rl.ar_reinforce][INFO] - ============================================================================
[2026-01-20 00:59:42,472][EasyNCO.phases.rl.ar_reinforce][INFO] - Eval ==>  79/100(79.00%)  Time Est.: Elapsed[11.41m], Remain[3.03m]
[2026-01-20 00:59:42,472][EasyNCO.phases.rl.ar_reinforce][INFO] - Eval ==> Problem[tsp], Size[1000], Completed  79/100(79.00%), Score: 19.7593, Augmented Score: 19.3779
[2026-01-20 00:59:42,472][EasyNCO.phases.rl.ar_reinforce][INFO] - Eval ==> Score Summary: Avg: 0.0000, Avg Augmented: 0.0000
[2026-01-20 00:59:42,472][EasyNCO.phases.rl.ar_reinforce][INFO] - ============================================================================
[2026-01-20 00:59:51,108][EasyNCO.phases.rl.ar_reinforce][INFO] - Eval ==>  80/100(80.00%)  Time Est.: Elapsed[11.55m], Remain[2.89m]
[2026-01-20 00:59:51,109][EasyNCO.phases.rl.ar_reinforce][INFO] - Eval ==> Problem[tsp], Size[1000], Completed  80/100(80.00%), Score: 18.2356, Augmented Score: 17.8008
[2026-01-20 00:59:51,109][EasyNCO.phases.rl.ar_reinforce][INFO] - Eval ==> Score Summary: Avg: 0.0000, Avg Augmented: 0.0000
[2026-01-20 00:59:51,109][EasyNCO.phases.rl.ar_reinforce][INFO] - ============================================================================
[2026-01-20 00:59:59,746][EasyNCO.phases.rl.ar_reinforce][INFO] - Eval ==>  81/100(81.00%)  Time Est.: Elapsed[11.70m], Remain[2.74m]
[2026-01-20 00:59:59,746][EasyNCO.phases.rl.ar_reinforce][INFO] - Eval ==> Problem[tsp], Size[1000], Completed  81/100(81.00%), Score: 21.3548, Augmented Score: 21.3548
[2026-01-20 00:59:59,746][EasyNCO.phases.rl.ar_reinforce][INFO] - Eval ==> Score Summary: Avg: 0.0000, Avg Augmented: 0.0000
[2026-01-20 00:59:59,746][EasyNCO.phases.rl.ar_reinforce][INFO] - ============================================================================
[2026-01-20 01:00:08,381][EasyNCO.phases.rl.ar_reinforce][INFO] - Eval ==>  82/100(82.00%)  Time Est.: Elapsed[11.84m], Remain[2.60m]
[2026-01-20 01:00:08,381][EasyNCO.phases.rl.ar_reinforce][INFO] - Eval ==> Problem[tsp], Size[1000], Completed  82/100(82.00%), Score: 20.8252, Augmented Score: 20.5458
[2026-01-20 01:00:08,381][EasyNCO.phases.rl.ar_reinforce][INFO] - Eval ==> Score Summary: Avg: 0.0000, Avg Augmented: 0.0000
[2026-01-20 01:00:08,381][EasyNCO.phases.rl.ar_reinforce][INFO] - ============================================================================
[2026-01-20 01:00:17,012][EasyNCO.phases.rl.ar_reinforce][INFO] - Eval ==>  83/100(83.00%)  Time Est.: Elapsed[11.99m], Remain[2.45m]
[2026-01-20 01:00:17,013][EasyNCO.phases.rl.ar_reinforce][INFO] - Eval ==> Problem[tsp], Size[1000], Completed  83/100(83.00%), Score: 21.1334, Augmented Score: 20.9643
[2026-01-20 01:00:17,013][EasyNCO.phases.rl.ar_reinforce][INFO] - Eval ==> Score Summary: Avg: 0.0000, Avg Augmented: 0.0000
[2026-01-20 01:00:17,013][EasyNCO.phases.rl.ar_reinforce][INFO] - ============================================================================
[2026-01-20 01:00:25,644][EasyNCO.phases.rl.ar_reinforce][INFO] - Eval ==>  84/100(84.00%)  Time Est.: Elapsed[12.13m], Remain[2.31m]
[2026-01-20 01:00:25,644][EasyNCO.phases.rl.ar_reinforce][INFO] - Eval ==> Problem[tsp], Size[1000], Completed  84/100(84.00%), Score: 18.4156, Augmented Score: 18.4156
[2026-01-20 01:00:25,645][EasyNCO.phases.rl.ar_reinforce][INFO] - Eval ==> Score Summary: Avg: 0.0000, Avg Augmented: 0.0000
[2026-01-20 01:00:25,645][EasyNCO.phases.rl.ar_reinforce][INFO] - ============================================================================
[2026-01-20 01:00:34,273][EasyNCO.phases.rl.ar_reinforce][INFO] - Eval ==>  85/100(85.00%)  Time Est.: Elapsed[12.27m], Remain[2.17m]
[2026-01-20 01:00:34,273][EasyNCO.phases.rl.ar_reinforce][INFO] - Eval ==> Problem[tsp], Size[1000], Completed  85/100(85.00%), Score: 22.2776, Augmented Score: 22.0584
[2026-01-20 01:00:34,273][EasyNCO.phases.rl.ar_reinforce][INFO] - Eval ==> Score Summary: Avg: 0.0000, Avg Augmented: 0.0000
[2026-01-20 01:00:34,273][EasyNCO.phases.rl.ar_reinforce][INFO] - ============================================================================
[2026-01-20 01:00:42,904][EasyNCO.phases.rl.ar_reinforce][INFO] - Eval ==>  86/100(86.00%)  Time Est.: Elapsed[12.42m], Remain[2.02m]
[2026-01-20 01:00:42,904][EasyNCO.phases.rl.ar_reinforce][INFO] - Eval ==> Problem[tsp], Size[1000], Completed  86/100(86.00%), Score: 21.3012, Augmented Score: 21.1692
[2026-01-20 01:00:42,904][EasyNCO.phases.rl.ar_reinforce][INFO] - Eval ==> Score Summary: Avg: 0.0000, Avg Augmented: 0.0000
[2026-01-20 01:00:42,904][EasyNCO.phases.rl.ar_reinforce][INFO] - ============================================================================
[2026-01-20 01:00:51,532][EasyNCO.phases.rl.ar_reinforce][INFO] - Eval ==>  87/100(87.00%)  Time Est.: Elapsed[12.56m], Remain[1.88m]
[2026-01-20 01:00:51,532][EasyNCO.phases.rl.ar_reinforce][INFO] - Eval ==> Problem[tsp], Size[1000], Completed  87/100(87.00%), Score: 21.2062, Augmented Score: 20.8769
[2026-01-20 01:00:51,532][EasyNCO.phases.rl.ar_reinforce][INFO] - Eval ==> Score Summary: Avg: 0.0000, Avg Augmented: 0.0000
[2026-01-20 01:00:51,532][EasyNCO.phases.rl.ar_reinforce][INFO] - ============================================================================
[2026-01-20 01:01:00,158][EasyNCO.phases.rl.ar_reinforce][INFO] - Eval ==>  88/100(88.00%)  Time Est.: Elapsed[12.70m], Remain[1.73m]
[2026-01-20 01:01:00,158][EasyNCO.phases.rl.ar_reinforce][INFO] - Eval ==> Problem[tsp], Size[1000], Completed  88/100(88.00%), Score: 15.7199, Augmented Score: 15.5991
[2026-01-20 01:01:00,158][EasyNCO.phases.rl.ar_reinforce][INFO] - Eval ==> Score Summary: Avg: 0.0000, Avg Augmented: 0.0000
[2026-01-20 01:01:00,158][EasyNCO.phases.rl.ar_reinforce][INFO] - ============================================================================
[2026-01-20 01:01:08,785][EasyNCO.phases.rl.ar_reinforce][INFO] - Eval ==>  89/100(89.00%)  Time Est.: Elapsed[12.85m], Remain[1.59m]
[2026-01-20 01:01:08,785][EasyNCO.phases.rl.ar_reinforce][INFO] - Eval ==> Problem[tsp], Size[1000], Completed  89/100(89.00%), Score: 19.3582, Augmented Score: 19.3257
[2026-01-20 01:01:08,785][EasyNCO.phases.rl.ar_reinforce][INFO] - Eval ==> Score Summary: Avg: 0.0000, Avg Augmented: 0.0000
[2026-01-20 01:01:08,785][EasyNCO.phases.rl.ar_reinforce][INFO] - ============================================================================
[2026-01-20 01:01:17,412][EasyNCO.phases.rl.ar_reinforce][INFO] - Eval ==>  90/100(90.00%)  Time Est.: Elapsed[12.99m], Remain[1.44m]
[2026-01-20 01:01:17,412][EasyNCO.phases.rl.ar_reinforce][INFO] - Eval ==> Problem[tsp], Size[1000], Completed  90/100(90.00%), Score: 20.8001, Augmented Score: 20.6376
[2026-01-20 01:01:17,412][EasyNCO.phases.rl.ar_reinforce][INFO] - Eval ==> Score Summary: Avg: 0.0000, Avg Augmented: 0.0000
[2026-01-20 01:01:17,412][EasyNCO.phases.rl.ar_reinforce][INFO] - ============================================================================
[2026-01-20 01:01:26,038][EasyNCO.phases.rl.ar_reinforce][INFO] - Eval ==>  91/100(91.00%)  Time Est.: Elapsed[13.14m], Remain[1.30m]
[2026-01-20 01:01:26,038][EasyNCO.phases.rl.ar_reinforce][INFO] - Eval ==> Problem[tsp], Size[1000], Completed  91/100(91.00%), Score: 21.4876, Augmented Score: 21.4171
[2026-01-20 01:01:26,038][EasyNCO.phases.rl.ar_reinforce][INFO] - Eval ==> Score Summary: Avg: 0.0000, Avg Augmented: 0.0000
[2026-01-20 01:01:26,038][EasyNCO.phases.rl.ar_reinforce][INFO] - ============================================================================
[2026-01-20 01:01:34,662][EasyNCO.phases.rl.ar_reinforce][INFO] - Eval ==>  92/100(92.00%)  Time Est.: Elapsed[13.28m], Remain[1.15m]
[2026-01-20 01:01:34,662][EasyNCO.phases.rl.ar_reinforce][INFO] - Eval ==> Problem[tsp], Size[1000], Completed  92/100(92.00%), Score: 22.3124, Augmented Score: 22.0251
[2026-01-20 01:01:34,662][EasyNCO.phases.rl.ar_reinforce][INFO] - Eval ==> Score Summary: Avg: 0.0000, Avg Augmented: 0.0000
[2026-01-20 01:01:34,662][EasyNCO.phases.rl.ar_reinforce][INFO] - ============================================================================
[2026-01-20 01:01:43,289][EasyNCO.phases.rl.ar_reinforce][INFO] - Eval ==>  93/100(93.00%)  Time Est.: Elapsed[13.42m], Remain[1.01m]
[2026-01-20 01:01:43,289][EasyNCO.phases.rl.ar_reinforce][INFO] - Eval ==> Problem[tsp], Size[1000], Completed  93/100(93.00%), Score: 19.9168, Augmented Score: 19.6516
[2026-01-20 01:01:43,289][EasyNCO.phases.rl.ar_reinforce][INFO] - Eval ==> Score Summary: Avg: 0.0000, Avg Augmented: 0.0000
[2026-01-20 01:01:43,289][EasyNCO.phases.rl.ar_reinforce][INFO] - ============================================================================
[2026-01-20 01:01:51,913][EasyNCO.phases.rl.ar_reinforce][INFO] - Eval ==>  94/100(94.00%)  Time Est.: Elapsed[13.57m], Remain[0.87m]
[2026-01-20 01:01:51,914][EasyNCO.phases.rl.ar_reinforce][INFO] - Eval ==> Problem[tsp], Size[1000], Completed  94/100(94.00%), Score: 20.1850, Augmented Score: 19.9114
[2026-01-20 01:01:51,914][EasyNCO.phases.rl.ar_reinforce][INFO] - Eval ==> Score Summary: Avg: 0.0000, Avg Augmented: 0.0000
[2026-01-20 01:01:51,914][EasyNCO.phases.rl.ar_reinforce][INFO] - ============================================================================
[2026-01-20 01:02:00,532][EasyNCO.phases.rl.ar_reinforce][INFO] - Eval ==>  95/100(95.00%)  Time Est.: Elapsed[13.71m], Remain[0.72m]
[2026-01-20 01:02:00,532][EasyNCO.phases.rl.ar_reinforce][INFO] - Eval ==> Problem[tsp], Size[1000], Completed  95/100(95.00%), Score: 22.0270, Augmented Score: 21.7198
[2026-01-20 01:02:00,532][EasyNCO.phases.rl.ar_reinforce][INFO] - Eval ==> Score Summary: Avg: 0.0000, Avg Augmented: 0.0000
[2026-01-20 01:02:00,532][EasyNCO.phases.rl.ar_reinforce][INFO] - ============================================================================
[2026-01-20 01:02:09,152][EasyNCO.phases.rl.ar_reinforce][INFO] - Eval ==>  96/100(96.00%)  Time Est.: Elapsed[13.85m], Remain[0.58m]
[2026-01-20 01:02:09,152][EasyNCO.phases.rl.ar_reinforce][INFO] - Eval ==> Problem[tsp], Size[1000], Completed  96/100(96.00%), Score: 19.2249, Augmented Score: 18.7599
[2026-01-20 01:02:09,152][EasyNCO.phases.rl.ar_reinforce][INFO] - Eval ==> Score Summary: Avg: 0.0000, Avg Augmented: 0.0000
[2026-01-20 01:02:09,152][EasyNCO.phases.rl.ar_reinforce][INFO] - ============================================================================
[2026-01-20 01:02:17,776][EasyNCO.phases.rl.ar_reinforce][INFO] - Eval ==>  97/100(97.00%)  Time Est.: Elapsed[14.00m], Remain[0.43m]
[2026-01-20 01:02:17,776][EasyNCO.phases.rl.ar_reinforce][INFO] - Eval ==> Problem[tsp], Size[1000], Completed  97/100(97.00%), Score: 20.3202, Augmented Score: 20.1629
[2026-01-20 01:02:17,776][EasyNCO.phases.rl.ar_reinforce][INFO] - Eval ==> Score Summary: Avg: 0.0000, Avg Augmented: 0.0000
[2026-01-20 01:02:17,776][EasyNCO.phases.rl.ar_reinforce][INFO] - ============================================================================
[2026-01-20 01:02:26,399][EasyNCO.phases.rl.ar_reinforce][INFO] - Eval ==>  98/100(98.00%)  Time Est.: Elapsed[14.14m], Remain[0.29m]
[2026-01-20 01:02:26,399][EasyNCO.phases.rl.ar_reinforce][INFO] - Eval ==> Problem[tsp], Size[1000], Completed  98/100(98.00%), Score: 17.7968, Augmented Score: 17.4305
[2026-01-20 01:02:26,399][EasyNCO.phases.rl.ar_reinforce][INFO] - Eval ==> Score Summary: Avg: 0.0000, Avg Augmented: 0.0000
[2026-01-20 01:02:26,400][EasyNCO.phases.rl.ar_reinforce][INFO] - ============================================================================
[2026-01-20 01:02:35,023][EasyNCO.phases.rl.ar_reinforce][INFO] - Eval ==>  99/100(99.00%)  Time Est.: Elapsed[14.29m], Remain[0.14m]
[2026-01-20 01:02:35,023][EasyNCO.phases.rl.ar_reinforce][INFO] - Eval ==> Problem[tsp], Size[1000], Completed  99/100(99.00%), Score: 19.4504, Augmented Score: 19.1061
[2026-01-20 01:02:35,023][EasyNCO.phases.rl.ar_reinforce][INFO] - Eval ==> Score Summary: Avg: 0.0000, Avg Augmented: 0.0000
[2026-01-20 01:02:35,023][EasyNCO.phases.rl.ar_reinforce][INFO] - ============================================================================
[2026-01-20 01:02:43,643][EasyNCO.phases.rl.ar_reinforce][INFO] - Eval ==> 100/100(100.00%)  Time Est.: Elapsed[14.43m], Remain[0.00m]
[2026-01-20 01:02:43,643][EasyNCO.phases.rl.ar_reinforce][INFO] - Eval ==> Problem[tsp], Size[1000], Completed 100/100(100.00%), Score: 17.8243, Augmented Score: 17.6596
[2026-01-20 01:02:43,643][EasyNCO.phases.rl.ar_reinforce][INFO] - Eval ==> Score Summary: Avg: 0.0000, Avg Augmented: 0.0000
[2026-01-20 01:02:43,643][EasyNCO.phases.rl.ar_reinforce][INFO] - ============================================================================
[2026-01-20 01:02:43,647][EasyNCO.phases.rl.ar_reinforce][INFO] - Total Testing Time: 865.7653 seconds, 14.4294 minutes, 0.2405 hours
[2026-01-20 01:02:43,647][EasyNCO.phases.rl.ar_reinforce][INFO] - Avg Time per Episode: 8.6577 seconds (Episode: 100)
[2026-01-20 01:02:43,647][EasyNCO.phases.rl.ar_reinforce][INFO] - Eval Done ==> Tested 100/100(100.00%)  Time Est.: Elapsed[14.43m], Remain[0.00m]
[2026-01-20 01:02:43,647][EasyNCO.phases.rl.ar_reinforce][INFO] - Eval Done ==> Problem[tsp], Score Summary: Avg: 0.0000, Avg Augmented: 0.0000
────────────────────────────────────────────────────────────────────────────────────────────────────────────────────────
       Test metric             DataLoader 0
────────────────────────────────────────────────────────────────────────────────────────────────────────────────────────
        aug_score            19.19024658203125
      no_aug_score          19.376344680786133
────────────────────────────────────────────────────────────────────────────────────────────────────────────────────────
