srun --jobid=1465 --overlap --exact --nodes=1 --ntasks=1 --cpus-per-task=4 --mem=16G env OPENBLAS_NUM_THREADS=1 WANDB_DIR=/public/home/shiys/0selection2/code/V4/runs/R58_unified_scenario/throughput_pilot WANDB_MODE=offline MKL_NUM_THREADS=1 PYTHONDONTWRITEBYTECODE=1 PYTHONPATH=/public/home/shiys/easynco_v3_bridge/exports/train_100k_20261002/python_compat:/public/home/shiys/0selection2 MPLCONFIGDIR=/public/home/shiys/0selection2/code/V4/runs/R58_unified_scenario/throughput_pilot/mplconfig OMP_NUM_THREADS=1 CUDA_VISIBLE_DEVICES=GPU-cb626bdb-4319-2f5e-b91f-17fcaa44a83d NUMEXPR_NUM_THREADS=1 timeout --signal=TERM --kill-after=30s 3600s /public/home/shiys/miniconda3/envs/easynco/bin/python -u -m code.V4.r58_throughput --stage run-aug1 --wall-seconds 3600
{"problem": "VRPBLTW", "method": "RouteFinder", "workers": 1, "status": "complete", "warm_completion_barrier_seconds": 2.7472627088427544, "cold_wall_seconds": 19.515450318343937, "sampled_global_peak_mib": 352}
{"problem": "VRPBLTW", "method": "RouteFinder", "workers": 2, "status": "complete", "warm_completion_barrier_seconds": 1.6642135782167315, "cold_wall_seconds": 19.276910194195807, "sampled_global_peak_mib": 699}
{"problem": "VRPBLTW", "method": "RouteFinder", "workers": 4, "status": "complete", "warm_completion_barrier_seconds": 1.5357861295342445, "cold_wall_seconds": 28.939067314378917, "sampled_global_peak_mib": 1394}
{"problem": "VRPBLTW", "method": "RouteFinder", "workers": 1, "status": "complete", "warm_completion_barrier_seconds": 2.6935855885967612, "cold_wall_seconds": 18.990681752562523, "sampled_global_peak_mib": 352}
{"problem": "VRPBLTW", "method": "RouteFinder", "workers": 2, "status": "complete", "warm_completion_barrier_seconds": 1.7016623178496957, "cold_wall_seconds": 19.897488571703434, "sampled_global_peak_mib": 699}
{"problem": "VRPBLTW", "method": "RouteFinder", "workers": 4, "status": "complete", "warm_completion_barrier_seconds": 1.5225462764501572, "cold_wall_seconds": 29.674699536524713, "sampled_global_peak_mib": 1394}
{"problem": "VRPBLTW", "method": "MoSES_CaDA", "workers": 1, "status": "complete", "warm_completion_barrier_seconds": 5.1110250717028975, "cold_wall_seconds": 16.150898123160005, "sampled_global_peak_mib": 420}
{"problem": "VRPBLTW", "method": "MoSES_CaDA", "workers": 2, "status": "complete", "warm_completion_barrier_seconds": 3.057397259399295, "cold_wall_seconds": 16.79330326896161, "sampled_global_peak_mib": 835}
{"problem": "VRPBLTW", "method": "MoSES_CaDA", "workers": 4, "status": "complete", "warm_completion_barrier_seconds": 2.6993780471384525, "cold_wall_seconds": 22.090828627347946, "sampled_global_peak_mib": 1666}
{"problem": "VRPBLTW", "method": "MoSES_CaDA", "workers": 1, "status": "complete", "warm_completion_barrier_seconds": 5.055329235270619, "cold_wall_seconds": 15.501174874603748, "sampled_global_peak_mib": 420}
{"problem": "VRPBLTW", "method": "MoSES_CaDA", "workers": 2, "status": "complete", "warm_completion_barrier_seconds": 2.8835442950949073, "cold_wall_seconds": 15.917337925173342, "sampled_global_peak_mib": 835}
{"problem": "VRPBLTW", "method": "MoSES_CaDA", "workers": 4, "status": "complete", "warm_completion_barrier_seconds": 2.6808450743556023, "cold_wall_seconds": 22.117094963788986, "sampled_global_peak_mib": 1666}
{"problem": "CVRP", "method": "RouteFinder", "workers": 1, "status": "complete", "warm_completion_barrier_seconds": 8.373958838172257, "cold_wall_seconds": 26.666978106833994, "sampled_global_peak_mib": 388}
{"problem": "CVRP", "method": "RouteFinder", "workers": 2, "status": "complete", "warm_completion_barrier_seconds": 5.74108927231282, "cold_wall_seconds": 26.984975162893534, "sampled_global_peak_mib": 771}
{"problem": "CVRP", "method": "RouteFinder", "workers": 4, "status": "complete", "warm_completion_barrier_seconds": 5.459485027007759, "cold_wall_seconds": 37.36678902152926, "sampled_global_peak_mib": 1538}
{"problem": "CVRP", "method": "RouteFinder", "workers": 1, "status": "complete", "warm_completion_barrier_seconds": 8.408912788145244, "cold_wall_seconds": 26.941341909579933, "sampled_global_peak_mib": 388}
{"problem": "CVRP", "method": "RouteFinder", "workers": 2, "status": "complete", "warm_completion_barrier_seconds": 6.40792384929955, "cold_wall_seconds": 26.79786783736199, "sampled_global_peak_mib": 771}
{"problem": "CVRP", "method": "RouteFinder", "workers": 4, "status": "complete", "warm_completion_barrier_seconds": 5.858765177428722, "cold_wall_seconds": 37.83980941772461, "sampled_global_peak_mib": 1538}
{"problem": "CVRP", "method": "MoSES_CaDA", "workers": 1, "status": "complete", "warm_completion_barrier_seconds": 13.165328194387257, "cold_wall_seconds": 26.595452902838588, "sampled_global_peak_mib": 474}
{"problem": "CVRP", "method": "MoSES_CaDA", "workers": 2, "status": "complete", "warm_completion_barrier_seconds": 8.679448303766549, "cold_wall_seconds": 24.171298263594508, "sampled_global_peak_mib": 943}
{"problem": "CVRP", "method": "MoSES_CaDA", "workers": 4, "status": "complete", "warm_completion_barrier_seconds": 8.582567972131073, "cold_wall_seconds": 34.76046346966177, "sampled_global_peak_mib": 1882}
{"problem": "CVRP", "method": "MoSES_CaDA", "workers": 1, "status": "complete", "warm_completion_barrier_seconds": 13.224898473359644, "cold_wall_seconds": 27.255381065420806, "sampled_global_peak_mib": 474}
{"problem": "CVRP", "method": "MoSES_CaDA", "workers": 2, "status": "complete", "warm_completion_barrier_seconds": 8.551689370535314, "cold_wall_seconds": 23.56733246985823, "sampled_global_peak_mib": 943}
{"problem": "CVRP", "method": "MoSES_CaDA", "workers": 4, "status": "complete", "warm_completion_barrier_seconds": 8.727023505605757, "cold_wall_seconds": 34.65596906095743, "sampled_global_peak_mib": 1882}
