{
  "status": "passed",
  "measured_routes": 432,
  "warmup_routes": 252,
  "phases": 36,
  "gpu_samples": 1308,
  "methods": [
    "MoSES_CaDA",
    "MoSES_RF",
    "RouteFinder"
  ],
  "frozen_four_unchanged": true,
  "checkpoints_and_source_unchanged": true,
  "original_orientation_all_N_starts_FP32": true,
  "all_paid_costs_and_physical_and_raw_tours_equal_aug1_serial": true,
  "all_sampled_contexts_owned": true,
  "no_val_test_or_archive_cost_reads": true,
  "no_deployment_lock_or_generated_columns": true,
  "previous_audit": "verification.json (original concurrency plus diffusion retry, unchanged)",
  "combined_single_gpu_wall_seconds": 1486.4654315849766
}
