READ_ONLY_CHECK 2026-10-11T02:24:43+08:00 host=gpu03 job=1465 uid=2022
uuid, name, driver_version, compute_mode, memory.used [MiB], utilization.gpu [%]
GPU-cb626bdb-4319-2f5e-b91f-17fcaa44a83d, NVIDIA GeForce RTX 3090, 560.35.05, Default, 2 MiB, 0 %
pid, used_gpu_memory [MiB]
COMMAND nvidia-cuda-mps-control /usr/bin/nvidia-cuda-mps-control
/usr/bin/nvidia-cuda-mps-control
-rwxr-xr-x 1 root root 58184 Dec 13  2024 /usr/bin/nvidia-cuda-mps-control
file /usr/bin/nvidia-cuda-mps-control is not owned by any package
COMMAND nvidia-cuda-mps-server /usr/bin/nvidia-cuda-mps-server
/usr/bin/nvidia-cuda-mps-server
-rwxr-xr-x 1 root root 18648 Dec 13  2024 /usr/bin/nvidia-cuda-mps-server
file /usr/bin/nvidia-cuda-mps-server is not owned by any package
CUDA MPS Control for Linux/Unix.
Copyright (C) 2003 - 2024 NVIDIA Corporation.

  This program allows multiple CUDA processes to share a single GPU context. For information on how to use the CUDA MPS, see the nvidia-cuda-mps-control manual page.

USER_MPS_PROCESSES_BEGIN
USER_MPS_PROCESSES_END
CUDA_MPS_PIPE_DIRECTORY=<unset>
CUDA_MPS_LOG_DIRECTORY=<unset>
No server started; no GPU mode changed; no installation; no new pilot.
