{
  "VRPBLTW": {
    "path": "/public/home/shiys/0selection2/data/VRPBLTWtrain/dataset.pkl",
    "input_sha256": "812d27aea478c8d62b11e0bf5db0daee0f6a06e7678e6d6b4caec52194a86c64",
    "count": 10000,
    "scales": [
      50,
      75,
      100
    ],
    "indices": [
      14,
      21,
      23,
      43,
      78,
      92,
      171,
      188,
      4913,
      4944,
      4958,
      5014,
      5052,
      5059,
      5067,
      5078,
      9813,
      9872,
      9899,
      9917,
      9932,
      9934,
      9943,
      9989
    ],
    "warmup_indices": [
      64,
      5004,
      9811
    ],
    "true_sizes": {
      "14": 50,
      "23": 50,
      "21": 50,
      "92": 50,
      "43": 50,
      "188": 50,
      "171": 50,
      "78": 50,
      "5059": 75,
      "4958": 75,
      "4913": 75,
      "5052": 75,
      "5078": 75,
      "4944": 75,
      "5014": 75,
      "5067": 75,
      "9989": 100,
      "9934": 100,
      "9899": 100,
      "9943": 100,
      "9917": 100,
      "9932": 100,
      "9872": 100,
      "9813": 100,
      "64": 50,
      "5004": 75,
      "9811": 100
    }
  },
  "CVRP": {
    "path": "/public/home/shiys/0selection2/data/CVRPtrain/dataset.pkl",
    "input_sha256": "d0bdcc9af58fd072e625e3fa058ca703e0b1c9d754a88145b5963be520964bae",
    "count": 10000,
    "scales": [
      50,
      277,
      499
    ],
    "indices": [
      314,
      321,
      506,
      511,
      1818,
      2241,
      2660,
      3960,
      4073,
      4945,
      6191,
      6653,
      6741,
      6764,
      6824,
      7270,
      7455,
      7488,
      7673,
      8407,
      8855,
      9321,
      9418,
      9924
    ],
    "warmup_indices": [
      2943,
      4561,
      287
    ],
    "true_sizes": {
      "506": 50,
      "511": 50,
      "9418": 50,
      "3960": 50,
      "7673": 50,
      "9321": 50,
      "7455": 50,
      "7270": 50,
      "2660": 277,
      "6764": 277,
      "2241": 277,
      "8855": 277,
      "314": 277,
      "6653": 277,
      "1818": 277,
      "4945": 277,
      "7488": 499,
      "6191": 499,
      "8407": 499,
      "6824": 499,
      "9924": 499,
      "4073": 499,
      "321": 499,
      "6741": 499,
      "2943": 50,
      "4561": 277,
      "287": 499
    }
  },
  "TSP": {
    "path": "/public/home/shiys/0selection2/data/TSPtrain/dataset.pkl",
    "input_sha256": "86926e5b388ae36bf4d4a8c273e2dd2a86f05e4b8332cb1e91a3534b1acf7754",
    "count": 10000,
    "scales": [
      50,
      275,
      499
    ],
    "indices": [
      467,
      670,
      1494,
      1787,
      1792,
      3616,
      5562,
      5614,
      6401,
      6660,
      7002,
      8742
    ],
    "warmup_indices": [
      8401,
      1762,
      3859
    ],
    "true_sizes": {
      "467": 50,
      "670": 50,
      "3616": 50,
      "1787": 50,
      "6660": 275,
      "5614": 275,
      "8742": 275,
      "1792": 275,
      "5562": 499,
      "1494": 499,
      "6401": 499,
      "7002": 499,
      "8401": 50,
      "1762": 275,
      "3859": 499
    }
  }
}
