[01:07:33] 开始构建共享数据集
[01:07:33] 扫描结果目录: /public/home/zhoucl/shiys/EasyNCO/results/test
[01:07:33] 已找到最新 runs 数量: 20
[01:07:33] 开始解析原始 .pt 数据集路径
[01:07:33] TSP 数据集: /public/home/zhoucl/shiys/EasyNCO/data/datasets/test_dataset_tsp_uniform/test_tsp100_nums10000_uniform.pt
[01:07:33] CVRP 数据集: /public/home/zhoucl/shiys/EasyNCO/data/datasets/test_dataset_vrp_uniform/test_vrp100_capacity50_nums10000_uniform.pt
[01:07:33] 开始加载原始实例张量
[01:07:33] 实例加载完成: tsp=10000, cvrp=10000
[01:07:33] 开始聚合问题 tsp，候选方法数=12
[01:07:34] tsp 可用实例数=1000
[01:07:36] 问题 tsp 聚合完成，当前累计样本数=1000
[01:07:36] 开始聚合问题 cvrp，候选方法数=8
[01:07:37] cvrp 可用实例数=1000
[01:07:39] 问题 cvrp 聚合完成，当前累计样本数=2000
[01:07:39] 全部样本构建完成，最终样本数=2000
[01:07:39] 数据集构建完成，样本总数=2000
[01:07:39] 开始做 train/val/test 分层切分
[01:07:39] 数据切分完成: train=1400, val=300, test=300
[01:07:39] 训练集 baseline 拟合完成 | single_best_global=pointerformer | single_best_per_problem={'cvrp': 'lehd', 'tsp': 'icam'}
[01:07:39] 训练集 hardness 参考均值 | cvrp=0.005717 | tsp=0.001161
[01:07:40] cvrp one-vs-default candidates = ['icam', 'elg', 'omni']
[01:07:40] tsp one-vs-default candidates = ['lehd', 'pointerformer', 'elg', 'difusco', 'omni']
[01:07:40] val 参考 baseline 已计算 | sbp_tsp_cost=7.787271 | sbp_cvrp_cost=15.640104
[01:07:41] 模型构造完成: OneVsDefaultGainRanker
[01:07:41] default gain threshold grid = [0.0, 0.1, 0.2, 0.3, 0.5, 0.8, 1.0, 1.5, 2.0]
[01:07:41] 开始监督排序训练: epochs=8 | batch_size=32 | loss=one_vs_default_gain | hard_alpha=2.0 | prior=none | switch_scale=1.0 | select_by=gain_vs_single_best_per_problem
[01:07:43] epoch=1 | step=20 | batch=20/44 | loss=1.480899 | mean_loss=1.572377 | mean_sample_weight=2.0439 | positive_gain_rate=0.325397
[01:07:47] epoch=1 | step=40 | batch=40/44 | loss=0.666760 | mean_loss=1.295170 | mean_sample_weight=2.1312 | positive_gain_rate=0.385246
[01:07:48] epoch=1 | step=44 | batch=44/44 | loss=1.461211 | mean_loss=1.275340 | mean_sample_weight=1.7952 | positive_gain_rate=0.215909
[01:07:48] 完成 epoch 1/8 | train_mean_loss=1.275340 | pair_count=0 | mean_epoch_sample_weight=2.0000
[01:07:48] checkpoint 已保存: 2l2r/outputs/2026-04-02_ovd_1k_per_problem_pthresh/checkpoints/epoch_0001.pt
[01:07:49] val 阈值搜索完成 | cvrp=2.0000 | tsp=1.5000
[01:07:49] epoch=1 | val | tsp_cost=7.787271 | cvrp_cost=15.640104 | gain_vs_sbp_macro=+0.000000
[01:07:49] 发现新的 best val | metric=gain_vs_single_best_per_problem | selection_score=0.000000 | overall_mean_cost=11.713688 | checkpoint=2l2r/outputs/2026-04-02_ovd_1k_per_problem_pthresh/checkpoints/best.pt
[01:07:54] epoch=2 | step=64 | batch=20/44 | loss=2.211148 | mean_loss=1.203152 | mean_sample_weight=2.2737 | positive_gain_rate=0.301471
[01:07:58] epoch=2 | step=84 | batch=40/44 | loss=1.964485 | mean_loss=1.186496 | mean_sample_weight=2.3006 | positive_gain_rate=0.323077
[01:07:59] epoch=2 | step=88 | batch=44/44 | loss=0.875191 | mean_loss=1.165258 | mean_sample_weight=1.7993 | positive_gain_rate=0.265306
[01:07:59] 完成 epoch 2/8 | train_mean_loss=1.165258 | pair_count=0 | mean_epoch_sample_weight=2.0000
[01:07:59] checkpoint 已保存: 2l2r/outputs/2026-04-02_ovd_1k_per_problem_pthresh/checkpoints/epoch_0002.pt
[01:08:01] val 阈值搜索完成 | cvrp=1.5000 | tsp=2.0000
[01:08:01] epoch=2 | val | tsp_cost=7.787271 | cvrp_cost=15.640104 | gain_vs_sbp_macro=+0.000000
[01:08:01] val 未提升 | metric=gain_vs_single_best_per_problem | best_selection_score=0.000000 | current_selection_score=0.000000 | best_cost=11.713688 | current_cost=11.713688 | patience=1/5
[01:08:05] epoch=3 | step=108 | batch=20/44 | loss=0.742578 | mean_loss=1.221803 | mean_sample_weight=1.7032 | positive_gain_rate=0.250000
[01:08:10] epoch=3 | step=128 | batch=40/44 | loss=0.981776 | mean_loss=1.177524 | mean_sample_weight=1.8951 | positive_gain_rate=0.261905
[01:08:11] epoch=3 | step=132 | batch=44/44 | loss=0.596960 | mean_loss=1.165912 | mean_sample_weight=2.4882 | positive_gain_rate=0.391304
[01:08:11] 完成 epoch 3/8 | train_mean_loss=1.165912 | pair_count=0 | mean_epoch_sample_weight=2.0000
[01:08:11] checkpoint 已保存: 2l2r/outputs/2026-04-02_ovd_1k_per_problem_pthresh/checkpoints/epoch_0003.pt
[01:08:11] val 阈值搜索完成 | cvrp=1.5000 | tsp=2.0000
[01:08:11] epoch=3 | val | tsp_cost=7.787271 | cvrp_cost=15.640104 | gain_vs_sbp_macro=+0.000000
[01:08:11] val 未提升 | metric=gain_vs_single_best_per_problem | best_selection_score=0.000000 | current_selection_score=0.000000 | best_cost=11.713688 | current_cost=11.713688 | patience=2/5
[01:08:13] epoch=4 | step=152 | batch=20/44 | loss=0.805665 | mean_loss=1.056904 | mean_sample_weight=1.5031 | positive_gain_rate=0.166667
[01:08:15] epoch=4 | step=172 | batch=40/44 | loss=2.511375 | mean_loss=1.138986 | mean_sample_weight=2.1779 | positive_gain_rate=0.338710
[01:08:16] epoch=4 | step=176 | batch=44/44 | loss=1.297743 | mean_loss=1.149762 | mean_sample_weight=2.1183 | positive_gain_rate=0.276596
[01:08:16] 完成 epoch 4/8 | train_mean_loss=1.149762 | pair_count=0 | mean_epoch_sample_weight=2.0000
[01:08:16] checkpoint 已保存: 2l2r/outputs/2026-04-02_ovd_1k_per_problem_pthresh/checkpoints/epoch_0004.pt
[01:08:16] val 阈值搜索完成 | cvrp=1.5000 | tsp=2.0000
[01:08:16] epoch=4 | val | tsp_cost=7.787271 | cvrp_cost=15.640104 | gain_vs_sbp_macro=+0.000000
[01:08:16] val 未提升 | metric=gain_vs_single_best_per_problem | best_selection_score=0.000000 | current_selection_score=0.000000 | best_cost=11.713688 | current_cost=11.713688 | patience=3/5
[01:08:18] epoch=5 | step=196 | batch=20/44 | loss=1.029213 | mean_loss=1.188038 | mean_sample_weight=1.9187 | positive_gain_rate=0.258065
[01:08:20] epoch=5 | step=216 | batch=40/44 | loss=1.115309 | mean_loss=1.188051 | mean_sample_weight=2.4190 | positive_gain_rate=0.330769
[01:08:20] epoch=5 | step=220 | batch=44/44 | loss=1.158379 | mean_loss=1.169948 | mean_sample_weight=2.2000 | positive_gain_rate=0.366667
[01:08:20] 完成 epoch 5/8 | train_mean_loss=1.169948 | pair_count=0 | mean_epoch_sample_weight=2.0000
[01:08:20] checkpoint 已保存: 2l2r/outputs/2026-04-02_ovd_1k_per_problem_pthresh/checkpoints/epoch_0005.pt
[01:08:21] val 阈值搜索完成 | cvrp=1.5000 | tsp=2.0000
[01:08:21] epoch=5 | val | tsp_cost=7.787271 | cvrp_cost=15.640104 | gain_vs_sbp_macro=+0.000000
[01:08:21] val 未提升 | metric=gain_vs_single_best_per_problem | best_selection_score=0.000000 | current_selection_score=0.000000 | best_cost=11.713688 | current_cost=11.713688 | patience=4/5
[01:08:26] epoch=6 | step=240 | batch=20/44 | loss=0.887439 | mean_loss=1.128318 | mean_sample_weight=1.5624 | positive_gain_rate=0.164179
[01:08:30] epoch=6 | step=260 | batch=40/44 | loss=0.619733 | mean_loss=1.159008 | mean_sample_weight=1.6365 | positive_gain_rate=0.254098
[01:08:31] epoch=6 | step=264 | batch=44/44 | loss=0.564414 | mean_loss=1.141872 | mean_sample_weight=1.1953 | positive_gain_rate=0.166667
[01:08:31] 完成 epoch 6/8 | train_mean_loss=1.141872 | pair_count=0 | mean_epoch_sample_weight=2.0000
[01:08:31] checkpoint 已保存: 2l2r/outputs/2026-04-02_ovd_1k_per_problem_pthresh/checkpoints/epoch_0006.pt
[01:08:32] val 阈值搜索完成 | cvrp=2.0000 | tsp=2.0000
[01:08:32] epoch=6 | val | tsp_cost=7.787271 | cvrp_cost=15.640104 | gain_vs_sbp_macro=+0.000000
[01:08:32] val 未提升 | metric=gain_vs_single_best_per_problem | best_selection_score=0.000000 | current_selection_score=0.000000 | best_cost=11.713688 | current_cost=11.713688 | patience=5/5
[01:08:32] 触发早停，结束训练
[01:08:32] 最终 checkpoint 已保存: 2l2r/outputs/2026-04-02_ovd_1k_per_problem_pthresh/checkpoints/final.pt
[01:08:32] 载入 best checkpoint 做最终评测: 2l2r/outputs/2026-04-02_ovd_1k_per_problem_pthresh/checkpoints/best.pt
[01:08:34] 最终评测前重新用 val 搜索 gain threshold | cvrp=2.0000 | tsp=1.5000
[01:08:34] 在 val 集上评测 (300 实例)...
[01:08:36]     已评测 300/300...
[01:08:36] val 评测完成 | mean_reward=0.857143 | top1_accuracy=0.420000 | mean_regret=0.044768 | mean_cost=11.713688
[01:08:36] 在 test 集上评测 (300 实例)...
[01:08:37]     已评测 300/300...
[01:08:37] test 评测完成 | mean_reward=0.847792 | top1_accuracy=0.340000 | mean_regret=0.051304 | mean_cost=11.757538
[01:08:37] 开始计算 baseline 对比
[01:08:37] baseline 对比完成
[01:08:37] 
======================================================================
  评测结果 | OneVsDefaultGainRanker
======================================================================

  ALL (300 实例):
    mean_reward:    0.8478
    mean_rank:      2.33
    top1_hit_rate:    0.2867  (86/300)
    top2_hit_rate:    0.5967  (179/300)
    top3_hit_rate:    0.7900  (237/300)
    regret:         0.0513
    mean_cost:      11.7575  (模型选择)
    oracle_cost:    11.7062  (每个实例选最好的)

  TSP (150 实例):
    mean_reward:    0.8661
    mean_rank:      2.47
    top1_hit_rate:    0.2000  (30/150)
    top2_hit_rate:    0.5733  (86/150)
    top3_hit_rate:    0.7600  (114/150)
    regret:         0.0097
    mean_cost:      7.7526  (模型选择)
    oracle_cost:    7.7429  (每个实例选最好的)

  CVRP (150 实例):
    mean_reward:    0.8295
    mean_rank:      2.19
    top1_hit_rate:    0.3733  (56/150)
    top2_hit_rate:    0.6200  (93/150)
    top3_hit_rate:    0.8200  (123/150)
    regret:         0.0929
    mean_cost:      15.7625  (模型选择)
    oracle_cost:    15.6696  (每个实例选最好的)

======================================================================
  Baseline 对比 (在同一 test 集上)
======================================================================

  TSP (150 实例):
    oracle mean_cost:                7.7429  (每实例选最好的, 上界)
    模型选择 mean_cost:              7.7526
    single_best_per_problem:         7.7526
    gain vs single_best_per_problem: +0.0000
    single_best_global:              7.7543
    random mean_cost:                11.5910  (均匀随机的期望)

  CVRP (150 实例):
    oracle mean_cost:                15.6696  (每实例选最好的, 上界)
    模型选择 mean_cost:              15.7625
    single_best_per_problem:         15.7625
    gain vs single_best_per_problem: +0.0000
    single_best_global:              15.7625
    random mean_cost:                18.1112  (均匀随机的期望)

======================================================================
  各臂选择分布
======================================================================

  TSP (150 实例):
     3(icam            ):   150 次 (100.0%)

  CVRP (150 实例):
     0(lehd            ):   150 次 (100.0%)

  ALL (300 实例):
     0(lehd            ):   150 次 ( 50.0%)
     3(icam            ):   150 次 ( 50.0%)

======================================================================
  各臂被选后的真实效果
======================================================================

  TSP:
    arm                   count  mean_cost  mean_reward  top1_rate  mean_rank
    ────────────────────────────────────────────────────────────────────
     3(icam            )      150     7.7526       0.8661     0.2000       2.47

  CVRP:
    arm                   count  mean_cost  mean_reward  top1_rate  mean_rank
    ────────────────────────────────────────────────────────────────────
     0(lehd            )      150    15.7625       0.8295     0.3733       2.19

======================================================================
  Oracle 最优臂分布 (test 集上哪个方法最常是最优的)
======================================================================

  TSP (150 实例):
     0(lehd            ):    55 次 ( 36.7%)
     3(icam            ):    46 次 ( 30.7%)
     1(elg             ):    21 次 ( 14.0%)
     8(pointerformer   ):    19 次 ( 12.7%)
     9(difusco         ):     9 次 (  6.0%)

  CVRP (150 实例):
     0(lehd            ):    56 次 ( 37.3%)
     1(elg             ):    50 次 ( 33.3%)
     3(icam            ):    38 次 ( 25.3%)
     7(omni            ):     6 次 (  4.0%)

[01:08:37] summary 已写出: 2l2r/outputs/2026-04-02_ovd_1k_per_problem_pthresh/summary.json

