[cache] TSP/train: 10000 instances, 45.0 MiB on cuda:0
[cache] CVRP/train: 10000 instances, 83.3 MiB on cuda:0
[cache] ATSP/train: 10000 instances, 384.5 MiB on cuda:0
[cache] OVRP/train: 10000 instances, 33.9 MiB on cuda:0
[cache] VRPB/train: 10000 instances, 33.9 MiB on cuda:0
[cache] VRPL/train: 10000 instances, 33.9 MiB on cuda:0
[cache] VRPTW/train: 10000 instances, 33.9 MiB on cuda:0
[cache] OVRPTW/train: 10000 instances, 33.9 MiB on cuda:0
[cache] OVRPB/train: 10000 instances, 33.9 MiB on cuda:0
[cache] OVRPL/train: 10000 instances, 33.9 MiB on cuda:0
[cache] VRPBL/train: 10000 instances, 33.9 MiB on cuda:0
[cache] VRPBTW/train: 10000 instances, 33.9 MiB on cuda:0
[cache] VRPLTW/train: 10000 instances, 33.9 MiB on cuda:0
[cache] OVRPBL/train: 10000 instances, 33.9 MiB on cuda:0
[cache] OVRPBTW/train: 10000 instances, 33.9 MiB on cuda:0
[cache] OVRPLTW/train: 10000 instances, 33.9 MiB on cuda:0
[cache] VRPBLTW/train: 10000 instances, 33.9 MiB on cuda:0
[cache] OVRPBLTW/train: 10000 instances, 33.9 MiB on cuda:0
[cache] TSP/val: 1000 instances, 4.5 MiB on cuda:0
[cache] CVRP/val: 1000 instances, 8.3 MiB on cuda:0
[cache] ATSP/val: 1000 instances, 38.4 MiB on cuda:0
[cache] OVRP/val: 1000 instances, 3.4 MiB on cuda:0
[cache] VRPB/val: 1000 instances, 3.4 MiB on cuda:0
[cache] VRPL/val: 1000 instances, 3.4 MiB on cuda:0
[cache] VRPTW/val: 1000 instances, 3.4 MiB on cuda:0
[cache] OVRPTW/val: 1000 instances, 3.4 MiB on cuda:0
[cache] OVRPB/val: 1000 instances, 3.4 MiB on cuda:0
[cache] OVRPL/val: 1000 instances, 3.4 MiB on cuda:0
[cache] VRPBL/val: 1000 instances, 3.4 MiB on cuda:0
[cache] VRPBTW/val: 1000 instances, 3.4 MiB on cuda:0
[cache] VRPLTW/val: 1000 instances, 3.4 MiB on cuda:0
[cache] OVRPBL/val: 1000 instances, 3.4 MiB on cuda:0
[cache] OVRPBTW/val: 1000 instances, 3.4 MiB on cuda:0
[cache] OVRPLTW/val: 1000 instances, 3.4 MiB on cuda:0
[cache] VRPBLTW/val: 1000 instances, 3.4 MiB on cuda:0
[cache] OVRPBLTW/val: 1000 instances, 3.4 MiB on cuda:0
[geometry] TSP/train instances=10000 seconds=11.8
[geometry] CVRP/train instances=10000 seconds=11.4
[geometry] OVRP/train instances=10000 seconds=2.0
[geometry] VRPB/train instances=10000 seconds=2.0
[geometry] VRPL/train instances=10000 seconds=2.0
[geometry] VRPTW/train instances=10000 seconds=2.0
[geometry] OVRPTW/train instances=10000 seconds=2.0
[geometry] OVRPB/train instances=10000 seconds=2.0
[geometry] OVRPL/train instances=10000 seconds=2.0
[geometry] VRPBL/train instances=10000 seconds=2.0
[geometry] VRPBTW/train instances=10000 seconds=2.0
[geometry] VRPLTW/train instances=10000 seconds=2.0
[geometry] OVRPBL/train instances=10000 seconds=2.0
[geometry] OVRPBTW/train instances=10000 seconds=2.0
[geometry] OVRPLTW/train instances=10000 seconds=2.0
[geometry] VRPBLTW/train instances=10000 seconds=2.0
[geometry] OVRPBLTW/train instances=10000 seconds=2.0
[geometry] TSP/val instances=1000 seconds=1.1
[geometry] CVRP/val instances=1000 seconds=1.1
[geometry] OVRP/val instances=1000 seconds=0.2
[geometry] VRPB/val instances=1000 seconds=0.2
[geometry] VRPL/val instances=1000 seconds=0.2
[geometry] VRPTW/val instances=1000 seconds=0.2
[geometry] OVRPTW/val instances=1000 seconds=0.2
[geometry] OVRPB/val instances=1000 seconds=0.2
[geometry] OVRPL/val instances=1000 seconds=0.2
[geometry] VRPBL/val instances=1000 seconds=0.2
[geometry] VRPBTW/val instances=1000 seconds=0.2
[geometry] VRPLTW/val instances=1000 seconds=0.2
[geometry] OVRPBL/val instances=1000 seconds=0.2
[geometry] OVRPBTW/val instances=1000 seconds=0.2
[geometry] OVRPLTW/val instances=1000 seconds=0.2
[geometry] VRPBLTW/val instances=1000 seconds=0.2
[geometry] OVRPBLTW/val instances=1000 seconds=0.2
[data ready] train=180000 val=18000 geometry_train_nodes=16905384 test_read=False
