[cache] TSP/train: 10000 instances, 45.0 MiB on cuda:0
[cache] CVRP/train: 10000 instances, 83.3 MiB on cuda:0
[cache] ATSP/train: 10000 instances, 384.5 MiB on cuda:0
[cache] OVRP/train: 10000 instances, 33.9 MiB on cuda:0
[cache] VRPB/train: 10000 instances, 33.9 MiB on cuda:0
[cache] VRPL/train: 10000 instances, 33.9 MiB on cuda:0
[cache] VRPTW/train: 10000 instances, 33.9 MiB on cuda:0
[cache] OVRPTW/train: 10000 instances, 33.9 MiB on cuda:0
[cache] OVRPB/train: 10000 instances, 33.9 MiB on cuda:0
[cache] OVRPL/train: 10000 instances, 33.9 MiB on cuda:0
[cache] VRPBL/train: 10000 instances, 33.9 MiB on cuda:0
[cache] VRPBTW/train: 10000 instances, 33.9 MiB on cuda:0
[cache] VRPLTW/train: 10000 instances, 33.9 MiB on cuda:0
[cache] OVRPBL/train: 10000 instances, 33.9 MiB on cuda:0
[cache] OVRPBTW/train: 10000 instances, 33.9 MiB on cuda:0
[cache] OVRPLTW/train: 10000 instances, 33.9 MiB on cuda:0
[cache] VRPBLTW/train: 10000 instances, 33.9 MiB on cuda:0
[cache] OVRPBLTW/train: 10000 instances, 33.9 MiB on cuda:0
[cache] TSP/val: 1000 instances, 4.5 MiB on cuda:0
[cache] CVRP/val: 1000 instances, 8.3 MiB on cuda:0
[cache] ATSP/val: 1000 instances, 38.4 MiB on cuda:0
[cache] OVRP/val: 1000 instances, 3.4 MiB on cuda:0
[cache] VRPB/val: 1000 instances, 3.4 MiB on cuda:0
[cache] VRPL/val: 1000 instances, 3.4 MiB on cuda:0
[cache] VRPTW/val: 1000 instances, 3.4 MiB on cuda:0
[cache] OVRPTW/val: 1000 instances, 3.4 MiB on cuda:0
[cache] OVRPB/val: 1000 instances, 3.4 MiB on cuda:0
[cache] OVRPL/val: 1000 instances, 3.4 MiB on cuda:0
[cache] VRPBL/val: 1000 instances, 3.4 MiB on cuda:0
[cache] VRPBTW/val: 1000 instances, 3.4 MiB on cuda:0
[cache] VRPLTW/val: 1000 instances, 3.4 MiB on cuda:0
[cache] OVRPBL/val: 1000 instances, 3.4 MiB on cuda:0
[cache] OVRPBTW/val: 1000 instances, 3.4 MiB on cuda:0
[cache] OVRPLTW/val: 1000 instances, 3.4 MiB on cuda:0
[cache] VRPBLTW/val: 1000 instances, 3.4 MiB on cuda:0
[cache] OVRPBLTW/val: 1000 instances, 3.4 MiB on cuda:0
[data ready] train=180000 val=18000 geometry_train_nodes=16905384 test_read=False
[runtime witness] {'group': 'A', 'problem': 'TSP', 'batch': 640, 'max_n': 499, 'peak_gib': 18.623563289642334, 'seconds': 0.9825794836506248, 'loss': 0.9546213746070862, 'grad_norm': 0.7754507064819336, 'skipped': 0, 'amp_scale': 65536.0, 'ce': 2.069014072418213, 'pair': 1.761512041091919, 'risk': 2.715764045715332}
[runtime witness] {'group': 'A', 'problem': 'CVRP', 'batch': 640, 'max_n': 500, 'peak_gib': 18.686217308044434, 'seconds': 0.6431254558265209, 'loss': 1.2776825428009033, 'grad_norm': 1.1444107294082642, 'skipped': 0, 'amp_scale': 65536.0, 'ce': 2.3150267601013184, 'pair': 2.6422653198242188, 'risk': 10.159830093383789}
[runtime witness] {'group': 'A', 'problem': 'ATSP', 'batch': 640, 'max_n': 100, 'peak_gib': 4.878561019897461, 'seconds': 0.04443676397204399, 'loss': 1.0360386371612549, 'grad_norm': 2.0964481830596924, 'skipped': 0, 'amp_scale': 65536.0, 'ce': 1.5825271606445312, 'pair': 2.859741687774658, 'risk': 9.808999061584473}
[runtime witness] {'group': 'B', 'problem': 'TSP', 'batch': 640, 'max_n': 499, 'peak_gib': 18.613373279571533, 'seconds': 0.7436165059916675, 'loss': 1.6439404487609863, 'grad_norm': 1.4473775625228882, 'skipped': 0, 'amp_scale': 65536.0, 'ce': 2.0690090656280518, 'performance': 2.6279637813568115}
[runtime witness] {'group': 'B', 'problem': 'CVRP', 'batch': 640, 'max_n': 500, 'peak_gib': 18.671514987945557, 'seconds': 0.4506843760609627, 'loss': 2.081563949584961, 'grad_norm': 1.6410446166992188, 'skipped': 0, 'amp_scale': 65536.0, 'ce': 2.3071670532226562, 'performance': 3.6401588916778564}
[runtime witness] {'group': 'B', 'problem': 'ATSP', 'batch': 640, 'max_n': 100, 'peak_gib': 4.870467662811279, 'seconds': 0.04306224500760436, 'loss': 0.6206082701683044, 'grad_norm': 1.1743022203445435, 'skipped': 0, 'amp_scale': 65536.0, 'ce': 1.5886805057525635, 'performance': 0.1844860166311264}
