[02:42:56] 开始构建共享数据集
[02:42:56] 扫描结果目录: /public/home/zhoucl/shiys/EasyNCO/results/test
[02:42:56] 已找到最新 runs 数量: 20
[02:42:56] 开始解析原始 .pt 数据集路径
[02:42:56] TSP 数据集: /public/home/zhoucl/shiys/EasyNCO/data/datasets/test_dataset_tsp_uniform/test_tsp100_nums10000_uniform.pt
[02:42:56] CVRP 数据集: /public/home/zhoucl/shiys/EasyNCO/data/datasets/test_dataset_vrp_uniform/test_vrp100_capacity50_nums10000_uniform.pt
[02:42:56] 开始加载原始实例张量
[02:42:56] 实例加载完成: tsp=10000, cvrp=10000
[02:42:56] 开始聚合问题 tsp，候选方法数=12
[02:42:56] tsp 可用实例数=1000
[02:42:59] 问题 tsp 聚合完成，当前累计样本数=1000
[02:42:59] 开始聚合问题 cvrp，候选方法数=8
[02:42:59] cvrp 可用实例数=1000
[02:43:02] 问题 cvrp 聚合完成，当前累计样本数=2000
[02:43:02] 全部样本构建完成，最终样本数=2000
[02:43:02] 数据集构建完成，样本总数=2000
[02:43:02] 开始做 train/val/test 分层切分
[02:43:02] 数据切分完成: train=1400, val=300, test=300
[02:43:02] 训练集 baseline 拟合完成 | single_best_global=pointerformer | single_best_per_problem={'cvrp': 'lehd', 'tsp': 'icam'}
[02:43:02] 训练集 hardness 参考均值 | cvrp=0.005717 | tsp=0.001161
[02:43:02] cvrp one-vs-default candidates = ['icam', 'elg', 'omni']
[02:43:02] cvrp one-vs-default gain priors = icam:0.7745, elg:0.7163, omni:0.3372
[02:43:02] tsp one-vs-default candidates = ['lehd', 'pointerformer', 'elg', 'difusco', 'omni']
[02:43:02] tsp one-vs-default gain priors = lehd:0.7269, pointerformer:0.6142, difusco:0.4802, elg:0.4389, omni:0.0881
[02:43:02] val 参考 baseline 已计算 | sbp_tsp_cost=7.787271 | sbp_cvrp_cost=15.640104
[02:43:03] 模型构造完成: OneVsDefaultSwitchRanker
[02:43:03] switch prob threshold grid = [0.3, 0.4, 0.5, 0.55, 0.6, 0.65, 0.7, 0.75, 0.8, 0.85, 0.9]
[02:43:03] 开始监督排序训练: epochs=8 | batch_size=32 | loss=one_vs_default_switch_rank | hard_alpha=2.0 | prior=none | switch_scale=1.0 | select_by=gain_vs_single_best_per_problem
[02:43:22] epoch=1 | step=20 | batch=20/44 | loss=1.341801 | mean_loss=1.366036 | mean_sample_weight=10.6143 | switch_pos_rate=0.312500
[02:43:22]     gate_loss=0.689867 | rank_loss=0.651934 | mean_switch_prob=0.503640 | rank_pairs=70
[02:43:27] epoch=1 | step=40 | batch=40/44 | loss=1.274108 | mean_loss=1.327537 | mean_sample_weight=9.4386 | switch_pos_rate=0.375000
[02:43:27]     gate_loss=0.694246 | rank_loss=0.579862 | mean_switch_prob=0.527898 | rank_pairs=76
[02:43:27] epoch=1 | step=44 | batch=44/44 | loss=1.234143 | mean_loss=1.320048 | mean_sample_weight=8.0348 | switch_pos_rate=0.250000
[02:43:27]     gate_loss=0.682437 | rank_loss=0.551706 | mean_switch_prob=0.538200 | rank_pairs=25
[02:43:27] 完成 epoch 1/8 | train_mean_loss=1.320048 | pair_count=2655 | mean_epoch_sample_weight=13.6395
[02:43:28] checkpoint 已保存: 2l2r/outputs/2026-04-02_ovd_switchrank_1k/checkpoints/epoch_0001.pt
[02:43:28] val switch 阈值搜索完成 | cvrp=0.6000 | tsp=0.5000
[02:43:28] epoch=1 | val | tsp_cost=7.787271 | cvrp_cost=15.640104 | gain_vs_sbp_macro=+0.000000
[02:43:28] 发现新的 best val | metric=gain_vs_single_best_per_problem | selection_score=0.000000 | overall_mean_cost=11.713688 | checkpoint=2l2r/outputs/2026-04-02_ovd_switchrank_1k/checkpoints/best.pt
[02:43:31] epoch=2 | step=64 | batch=20/44 | loss=1.087297 | mean_loss=1.173176 | mean_sample_weight=22.1807 | switch_pos_rate=0.375000
[02:43:31]     gate_loss=0.714395 | rank_loss=0.372902 | mean_switch_prob=0.525835 | rank_pairs=84
[02:43:37] epoch=2 | step=84 | batch=40/44 | loss=0.999798 | mean_loss=1.123612 | mean_sample_weight=16.6638 | switch_pos_rate=0.406250
[02:43:37]     gate_loss=0.723522 | rank_loss=0.276277 | mean_switch_prob=0.539118 | rank_pairs=87
[02:43:40] epoch=2 | step=88 | batch=44/44 | loss=0.887961 | mean_loss=1.113948 | mean_sample_weight=8.9825 | switch_pos_rate=0.250000
[02:43:40]     gate_loss=0.637678 | rank_loss=0.250283 | mean_switch_prob=0.538606 | rank_pairs=32
[02:43:40] 完成 epoch 2/8 | train_mean_loss=1.113948 | pair_count=2655 | mean_epoch_sample_weight=13.6395
[02:43:40] checkpoint 已保存: 2l2r/outputs/2026-04-02_ovd_switchrank_1k/checkpoints/epoch_0002.pt
[02:43:46] val switch 阈值搜索完成 | cvrp=0.6500 | tsp=0.5000
[02:43:46] epoch=2 | val | tsp_cost=7.787271 | cvrp_cost=15.640104 | gain_vs_sbp_macro=+0.000000
[02:43:46] val 未提升 | metric=gain_vs_single_best_per_problem | best_selection_score=0.000000 | current_selection_score=0.000000 | best_cost=11.713688 | current_cost=11.713688 | patience=1/5
[02:44:03] epoch=3 | step=108 | batch=20/44 | loss=0.939076 | mean_loss=1.056302 | mean_sample_weight=29.4665 | switch_pos_rate=0.187500
[02:44:03]     gate_loss=0.710355 | rank_loss=0.228721 | mean_switch_prob=0.538221 | rank_pairs=46
[02:44:21] epoch=3 | step=128 | batch=40/44 | loss=1.011162 | mean_loss=1.050004 | mean_sample_weight=14.0785 | switch_pos_rate=0.312500
[02:44:21]     gate_loss=0.774214 | rank_loss=0.236949 | mean_switch_prob=0.550262 | rank_pairs=79
[02:44:24] epoch=3 | step=132 | batch=44/44 | loss=0.962553 | mean_loss=1.048542 | mean_sample_weight=7.2538 | switch_pos_rate=0.541667
[02:44:24]     gate_loss=0.711288 | rank_loss=0.251265 | mean_switch_prob=0.557627 | rank_pairs=74
[02:44:24] 完成 epoch 3/8 | train_mean_loss=1.048542 | pair_count=2655 | mean_epoch_sample_weight=13.6395
[02:44:24] checkpoint 已保存: 2l2r/outputs/2026-04-02_ovd_switchrank_1k/checkpoints/epoch_0003.pt
[02:44:29] val switch 阈值搜索完成 | cvrp=0.6500 | tsp=0.5000
[02:44:29] epoch=3 | val | tsp_cost=7.787271 | cvrp_cost=15.640104 | gain_vs_sbp_macro=+0.000000
[02:44:29] val 未提升 | metric=gain_vs_single_best_per_problem | best_selection_score=0.000000 | current_selection_score=0.000000 | best_cost=11.713688 | current_cost=11.713688 | patience=2/5
[02:44:41] epoch=4 | step=152 | batch=20/44 | loss=0.841601 | mean_loss=1.073908 | mean_sample_weight=27.0254 | switch_pos_rate=0.125000
[02:44:41]     gate_loss=0.568032 | rank_loss=0.273569 | mean_switch_prob=0.481972 | rank_pairs=25
[02:44:44] epoch=4 | step=172 | batch=40/44 | loss=1.045054 | mean_loss=1.063918 | mean_sample_weight=15.2803 | switch_pos_rate=0.250000
[02:44:44]     gate_loss=0.738853 | rank_loss=0.306201 | mean_switch_prob=0.543172 | rank_pairs=58
[02:44:44] epoch=4 | step=176 | batch=44/44 | loss=1.158687 | mean_loss=1.061443 | mean_sample_weight=9.5669 | switch_pos_rate=0.333333
[02:44:44]     gate_loss=0.657354 | rank_loss=0.501333 | mean_switch_prob=0.549371 | rank_pairs=38
[02:44:44] 完成 epoch 4/8 | train_mean_loss=1.061443 | pair_count=2655 | mean_epoch_sample_weight=13.6395
[02:44:44] checkpoint 已保存: 2l2r/outputs/2026-04-02_ovd_switchrank_1k/checkpoints/epoch_0004.pt
[02:44:45] val switch 阈值搜索完成 | cvrp=0.6500 | tsp=0.5000
[02:44:45] epoch=4 | val | tsp_cost=7.787271 | cvrp_cost=15.640104 | gain_vs_sbp_macro=+0.000000
[02:44:45] val 未提升 | metric=gain_vs_single_best_per_problem | best_selection_score=0.000000 | current_selection_score=0.000000 | best_cost=11.713688 | current_cost=11.713688 | patience=3/5
[02:44:48] epoch=5 | step=196 | batch=20/44 | loss=1.052375 | mean_loss=1.021736 | mean_sample_weight=11.9430 | switch_pos_rate=0.281250
[02:44:48]     gate_loss=0.675323 | rank_loss=0.377053 | mean_switch_prob=0.571289 | rank_pairs=40
[02:44:59] epoch=5 | step=216 | batch=40/44 | loss=0.925790 | mean_loss=1.048571 | mean_sample_weight=26.0212 | switch_pos_rate=0.468750
[02:44:59]     gate_loss=0.693577 | rank_loss=0.232213 | mean_switch_prob=0.550662 | rank_pairs=100
[02:45:01] epoch=5 | step=220 | batch=44/44 | loss=1.199147 | mean_loss=1.056225 | mean_sample_weight=10.1767 | switch_pos_rate=0.375000
[02:45:01]     gate_loss=0.683729 | rank_loss=0.515418 | mean_switch_prob=0.571443 | rank_pairs=55
[02:45:01] 完成 epoch 5/8 | train_mean_loss=1.056225 | pair_count=2655 | mean_epoch_sample_weight=13.6395
[02:45:02] checkpoint 已保存: 2l2r/outputs/2026-04-02_ovd_switchrank_1k/checkpoints/epoch_0005.pt
[02:45:07] val switch 阈值搜索完成 | cvrp=0.6500 | tsp=0.5000
[02:45:07] epoch=5 | val | tsp_cost=7.787271 | cvrp_cost=15.640104 | gain_vs_sbp_macro=+0.000000
[02:45:07] val 未提升 | metric=gain_vs_single_best_per_problem | best_selection_score=0.000000 | current_selection_score=0.000000 | best_cost=11.713688 | current_cost=11.713688 | patience=4/5
[02:45:23] epoch=6 | step=240 | batch=20/44 | loss=1.021531 | mean_loss=1.057983 | mean_sample_weight=16.2368 | switch_pos_rate=0.187500
[02:45:23]     gate_loss=0.652171 | rank_loss=0.369360 | mean_switch_prob=0.524144 | rank_pairs=38
[02:45:40] epoch=6 | step=260 | batch=40/44 | loss=0.902840 | mean_loss=1.040216 | mean_sample_weight=9.3965 | switch_pos_rate=0.281250
[02:45:40]     gate_loss=0.679939 | rank_loss=0.222900 | mean_switch_prob=0.568497 | rank_pairs=54
[02:45:43] epoch=6 | step=264 | batch=44/44 | loss=1.125864 | mean_loss=1.044662 | mean_sample_weight=14.5036 | switch_pos_rate=0.083333
[02:45:43]     gate_loss=0.671500 | rank_loss=0.454364 | mean_switch_prob=0.555664 | rank_pairs=6
[02:45:43] 完成 epoch 6/8 | train_mean_loss=1.044662 | pair_count=2655 | mean_epoch_sample_weight=13.6395
[02:45:43] checkpoint 已保存: 2l2r/outputs/2026-04-02_ovd_switchrank_1k/checkpoints/epoch_0006.pt
[02:45:47] val switch 阈值搜索完成 | cvrp=0.6500 | tsp=0.5000
[02:45:47] epoch=6 | val | tsp_cost=7.787271 | cvrp_cost=15.640104 | gain_vs_sbp_macro=+0.000000
[02:45:47] val 未提升 | metric=gain_vs_single_best_per_problem | best_selection_score=0.000000 | current_selection_score=0.000000 | best_cost=11.713688 | current_cost=11.713688 | patience=5/5
[02:45:47] 触发早停，结束训练
[02:45:47] 最终 checkpoint 已保存: 2l2r/outputs/2026-04-02_ovd_switchrank_1k/checkpoints/final.pt
[02:45:47] 载入 best checkpoint 做最终评测: 2l2r/outputs/2026-04-02_ovd_switchrank_1k/checkpoints/best.pt
[02:45:48] 最终评测前重新用 val 搜索 switch threshold | cvrp=0.6000 | tsp=0.5000
[02:45:48] 在 val 集上评测 (300 实例)...
[02:45:49]     已评测 300/300...
[02:45:49] val 评测完成 | mean_reward=0.857143 | top1_accuracy=0.420000 | mean_regret=0.044768 | mean_cost=11.713688
[02:45:49] 在 test 集上评测 (300 实例)...
[02:45:50]     已评测 300/300...
[02:45:50] test 评测完成 | mean_reward=0.847792 | top1_accuracy=0.340000 | mean_regret=0.051304 | mean_cost=11.757538
[02:45:50] 开始计算 baseline 对比
[02:45:50] baseline 对比完成
[02:45:50] 
======================================================================
  评测结果 | OneVsDefaultSwitchRanker
======================================================================

  ALL (300 实例):
    mean_reward:    0.8478
    mean_rank:      2.33
    top1_hit_rate:    0.2867  (86/300)
    top2_hit_rate:    0.5967  (179/300)
    top3_hit_rate:    0.7900  (237/300)
    regret:         0.0513
    mean_cost:      11.7575  (模型选择)
    oracle_cost:    11.7062  (每个实例选最好的)

  TSP (150 实例):
    mean_reward:    0.8661
    mean_rank:      2.47
    top1_hit_rate:    0.2000  (30/150)
    top2_hit_rate:    0.5733  (86/150)
    top3_hit_rate:    0.7600  (114/150)
    regret:         0.0097
    mean_cost:      7.7526  (模型选择)
    oracle_cost:    7.7429  (每个实例选最好的)

  CVRP (150 实例):
    mean_reward:    0.8295
    mean_rank:      2.19
    top1_hit_rate:    0.3733  (56/150)
    top2_hit_rate:    0.6200  (93/150)
    top3_hit_rate:    0.8200  (123/150)
    regret:         0.0929
    mean_cost:      15.7625  (模型选择)
    oracle_cost:    15.6696  (每个实例选最好的)

======================================================================
  Baseline 对比 (在同一 test 集上)
======================================================================

  TSP (150 实例):
    oracle mean_cost:                7.7429  (每实例选最好的, 上界)
    模型选择 mean_cost:              7.7526
    single_best_per_problem:         7.7526
    gain vs single_best_per_problem: +0.0000
    single_best_global:              7.7543
    random mean_cost:                11.5910  (均匀随机的期望)

  CVRP (150 实例):
    oracle mean_cost:                15.6696  (每实例选最好的, 上界)
    模型选择 mean_cost:              15.7625
    single_best_per_problem:         15.7625
    gain vs single_best_per_problem: +0.0000
    single_best_global:              15.7625
    random mean_cost:                18.1112  (均匀随机的期望)

======================================================================
  各臂选择分布
======================================================================

  TSP (150 实例):
     3(icam            ):   150 次 (100.0%)

  CVRP (150 实例):
     0(lehd            ):   150 次 (100.0%)

  ALL (300 实例):
     0(lehd            ):   150 次 ( 50.0%)
     3(icam            ):   150 次 ( 50.0%)

======================================================================
  各臂被选后的真实效果
======================================================================

  TSP:
    arm                   count  mean_cost  mean_reward  top1_rate  mean_rank
    ────────────────────────────────────────────────────────────────────
     3(icam            )      150     7.7526       0.8661     0.2000       2.47

  CVRP:
    arm                   count  mean_cost  mean_reward  top1_rate  mean_rank
    ────────────────────────────────────────────────────────────────────
     0(lehd            )      150    15.7625       0.8295     0.3733       2.19

======================================================================
  Oracle 最优臂分布 (test 集上哪个方法最常是最优的)
======================================================================

  TSP (150 实例):
     0(lehd            ):    55 次 ( 36.7%)
     3(icam            ):    46 次 ( 30.7%)
     1(elg             ):    21 次 ( 14.0%)
     8(pointerformer   ):    19 次 ( 12.7%)
     9(difusco         ):     9 次 (  6.0%)

  CVRP (150 实例):
     0(lehd            ):    56 次 ( 37.3%)
     1(elg             ):    50 次 ( 33.3%)
     3(icam            ):    38 次 ( 25.3%)
     7(omni            ):     6 次 (  4.0%)

[02:45:50] summary 已写出: 2l2r/outputs/2026-04-02_ovd_switchrank_1k/summary.json

