[02:12:40] 开始构建共享数据集
[02:12:40] 扫描结果目录: /public/home/zhoucl/shiys/EasyNCO/results/test
[02:12:40] 已找到最新 runs 数量: 20
[02:12:40] 开始解析原始 .pt 数据集路径
[02:12:40] TSP 数据集: /public/home/zhoucl/shiys/EasyNCO/data/datasets/test_dataset_tsp_uniform/test_tsp100_nums10000_uniform.pt
[02:12:40] CVRP 数据集: /public/home/zhoucl/shiys/EasyNCO/data/datasets/test_dataset_vrp_uniform/test_vrp100_capacity50_nums10000_uniform.pt
[02:12:40] 开始加载原始实例张量
[02:12:40] 实例加载完成: tsp=10000, cvrp=10000
[02:12:40] 开始聚合问题 tsp，候选方法数=12
[02:12:41] tsp 可用实例数=1000
[02:12:43] 问题 tsp 聚合完成，当前累计样本数=1000
[02:12:43] 开始聚合问题 cvrp，候选方法数=8
[02:12:43] cvrp 可用实例数=1000
[02:12:46] 问题 cvrp 聚合完成，当前累计样本数=2000
[02:12:46] 全部样本构建完成，最终样本数=2000
[02:12:46] 数据集构建完成，样本总数=2000
[02:12:46] 开始做 train/val/test 分层切分
[02:12:46] 数据切分完成: train=1400, val=300, test=300
[02:12:46] 训练集 baseline 拟合完成 | single_best_global=pointerformer | single_best_per_problem={'cvrp': 'lehd', 'tsp': 'icam'}
[02:12:46] 训练集 hardness 参考均值 | cvrp=0.005717 | tsp=0.001161
[02:12:46] cvrp one-vs-default candidates = ['icam', 'elg', 'omni']
[02:12:46] cvrp one-vs-default gain priors = icam:0.7745, elg:0.7163, omni:0.3372
[02:12:46] tsp one-vs-default candidates = ['lehd', 'pointerformer', 'elg', 'difusco', 'omni']
[02:12:46] tsp one-vs-default gain priors = lehd:0.7269, pointerformer:0.6142, difusco:0.4802, elg:0.4389, omni:0.0881
[02:12:46] val 参考 baseline 已计算 | sbp_tsp_cost=7.787271 | sbp_cvrp_cost=15.640104
[02:12:48] 模型构造完成: OneVsDefaultMarginRanker
[02:12:48] margin policy 使用固定决策边界: score > 0 才切换
[02:12:48] 开始监督排序训练: epochs=8 | batch_size=32 | loss=one_vs_default_hard_rank | hard_alpha=2.0 | prior=none | switch_scale=1.0 | select_by=gain_vs_single_best_per_problem
[02:12:55] epoch=1 | step=20 | batch=20/44 | loss=10.000389 | mean_loss=12.772760 | mean_sample_weight=10.6143 | positive_rate=0.325397 | hard_rate=0.312500
[02:12:57] epoch=1 | step=40 | batch=40/44 | loss=6.727795 | mean_loss=11.838832 | mean_sample_weight=9.4386 | positive_rate=0.385246 | hard_rate=0.375000
[02:12:57] epoch=1 | step=44 | batch=44/44 | loss=4.996666 | mean_loss=11.945735 | mean_sample_weight=8.0348 | positive_rate=0.215909 | hard_rate=0.250000
[02:12:57] 完成 epoch 1/8 | train_mean_loss=11.945735 | pair_count=0 | mean_epoch_sample_weight=13.6395
[02:12:57] checkpoint 已保存: 2l2r/outputs/2026-04-02_ovd_hardrank_1k/checkpoints/epoch_0001.pt
[02:12:57] 在 val 集上评测 (300 实例)...
[02:12:57]     已评测 300/300...
[02:12:57] val 评测完成 | mean_reward=0.840455 | top1_accuracy=0.190000 | mean_regret=0.048860 | mean_cost=11.717779
[02:12:57] epoch=1 | val | tsp_cost=7.788363 | cvrp_cost=15.647195 | gain_vs_sbp_macro=-0.004092
[02:12:57] 发现新的 best val | metric=gain_vs_single_best_per_problem | selection_score=-0.004092 | overall_mean_cost=11.717779 | checkpoint=2l2r/outputs/2026-04-02_ovd_hardrank_1k/checkpoints/best.pt
[02:12:59] epoch=2 | step=64 | batch=20/44 | loss=12.875533 | mean_loss=10.697832 | mean_sample_weight=22.1807 | positive_rate=0.301471 | hard_rate=0.375000
[02:13:01] epoch=2 | step=84 | batch=40/44 | loss=12.569516 | mean_loss=10.986657 | mean_sample_weight=16.6638 | positive_rate=0.323077 | hard_rate=0.406250
[02:13:01] epoch=2 | step=88 | batch=44/44 | loss=4.907684 | mean_loss=11.100052 | mean_sample_weight=8.9825 | positive_rate=0.265306 | hard_rate=0.250000
[02:13:01] 完成 epoch 2/8 | train_mean_loss=11.100052 | pair_count=0 | mean_epoch_sample_weight=13.6395
[02:13:01] checkpoint 已保存: 2l2r/outputs/2026-04-02_ovd_hardrank_1k/checkpoints/epoch_0002.pt
[02:13:01] 在 val 集上评测 (300 实例)...
[02:13:02]     已评测 300/300...
[02:13:02] val 评测完成 | mean_reward=0.833182 | top1_accuracy=0.293333 | mean_regret=0.049035 | mean_cost=11.717954
[02:13:02] epoch=2 | val | tsp_cost=7.788713 | cvrp_cost=15.647195 | gain_vs_sbp_macro=-0.004266
[02:13:02] val 未提升 | metric=gain_vs_single_best_per_problem | best_selection_score=-0.004092 | current_selection_score=-0.004266 | best_cost=11.717779 | current_cost=11.717954 | patience=1/5
[02:13:07] epoch=3 | step=108 | batch=20/44 | loss=14.934553 | mean_loss=10.947181 | mean_sample_weight=29.4665 | positive_rate=0.250000 | hard_rate=0.187500
[02:13:15] epoch=3 | step=128 | batch=40/44 | loss=10.023952 | mean_loss=10.252098 | mean_sample_weight=14.0785 | positive_rate=0.261905 | hard_rate=0.312500
[02:13:17] epoch=3 | step=132 | batch=44/44 | loss=2.739493 | mean_loss=10.400069 | mean_sample_weight=7.2538 | positive_rate=0.391304 | hard_rate=0.541667
[02:13:17] 完成 epoch 3/8 | train_mean_loss=10.400069 | pair_count=0 | mean_epoch_sample_weight=13.6395
[02:13:17] checkpoint 已保存: 2l2r/outputs/2026-04-02_ovd_hardrank_1k/checkpoints/epoch_0003.pt
[02:13:17] 在 val 集上评测 (300 实例)...
[02:13:19]     已评测 300/300...
[02:13:19] val 评测完成 | mean_reward=0.833182 | top1_accuracy=0.293333 | mean_regret=0.049035 | mean_cost=11.717954
[02:13:19] epoch=3 | val | tsp_cost=7.788713 | cvrp_cost=15.647195 | gain_vs_sbp_macro=-0.004266
[02:13:19] val 未提升 | metric=gain_vs_single_best_per_problem | best_selection_score=-0.004092 | current_selection_score=-0.004266 | best_cost=11.717779 | current_cost=11.717954 | patience=2/5
[02:13:28] epoch=4 | step=152 | batch=20/44 | loss=18.525190 | mean_loss=10.851166 | mean_sample_weight=27.0254 | positive_rate=0.166667 | hard_rate=0.125000
[02:13:37] epoch=4 | step=172 | batch=40/44 | loss=14.607869 | mean_loss=10.603449 | mean_sample_weight=15.2803 | positive_rate=0.338710 | hard_rate=0.250000
[02:13:38] epoch=4 | step=176 | batch=44/44 | loss=3.687148 | mean_loss=10.181162 | mean_sample_weight=9.5669 | positive_rate=0.276596 | hard_rate=0.333333
[02:13:38] 完成 epoch 4/8 | train_mean_loss=10.181162 | pair_count=0 | mean_epoch_sample_weight=13.6395
[02:13:38] checkpoint 已保存: 2l2r/outputs/2026-04-02_ovd_hardrank_1k/checkpoints/epoch_0004.pt
[02:13:38] 在 val 集上评测 (300 实例)...
[02:13:39]     已评测 300/300...
[02:13:39] val 评测完成 | mean_reward=0.833182 | top1_accuracy=0.293333 | mean_regret=0.049035 | mean_cost=11.717954
[02:13:39] epoch=4 | val | tsp_cost=7.788713 | cvrp_cost=15.647195 | gain_vs_sbp_macro=-0.004266
[02:13:39] val 未提升 | metric=gain_vs_single_best_per_problem | best_selection_score=-0.004092 | current_selection_score=-0.004266 | best_cost=11.717779 | current_cost=11.717954 | patience=3/5
[02:13:40] epoch=5 | step=196 | batch=20/44 | loss=11.547482 | mean_loss=9.530209 | mean_sample_weight=11.9430 | positive_rate=0.258065 | hard_rate=0.281250
[02:13:42] epoch=5 | step=216 | batch=40/44 | loss=14.281388 | mean_loss=9.437565 | mean_sample_weight=26.0212 | positive_rate=0.330769 | hard_rate=0.468750
[02:13:42] epoch=5 | step=220 | batch=44/44 | loss=9.508548 | mean_loss=9.425619 | mean_sample_weight=10.1767 | positive_rate=0.366667 | hard_rate=0.375000
[02:13:42] 完成 epoch 5/8 | train_mean_loss=9.425619 | pair_count=0 | mean_epoch_sample_weight=13.6395
[02:13:42] checkpoint 已保存: 2l2r/outputs/2026-04-02_ovd_hardrank_1k/checkpoints/epoch_0005.pt
[02:13:42] 在 val 集上评测 (300 实例)...
[02:13:43]     已评测 300/300...
[02:13:43] val 评测完成 | mean_reward=0.853333 | top1_accuracy=0.340000 | mean_regret=0.048314 | mean_cost=11.717233
[02:13:43] epoch=5 | val | tsp_cost=7.787271 | cvrp_cost=15.647195 | gain_vs_sbp_macro=-0.003546
[02:13:43] 发现新的 best val | metric=gain_vs_single_best_per_problem | selection_score=-0.003546 | overall_mean_cost=11.717233 | checkpoint=2l2r/outputs/2026-04-02_ovd_hardrank_1k/checkpoints/best.pt
[02:13:44] epoch=6 | step=240 | batch=20/44 | loss=10.743640 | mean_loss=10.330179 | mean_sample_weight=16.2368 | positive_rate=0.164179 | hard_rate=0.187500
[02:13:46] epoch=6 | step=260 | batch=40/44 | loss=6.653715 | mean_loss=9.535823 | mean_sample_weight=9.3965 | positive_rate=0.254098 | hard_rate=0.281250
[02:13:47] epoch=6 | step=264 | batch=44/44 | loss=2.991481 | mean_loss=9.411085 | mean_sample_weight=14.5036 | positive_rate=0.166667 | hard_rate=0.083333
[02:13:47] 完成 epoch 6/8 | train_mean_loss=9.411085 | pair_count=0 | mean_epoch_sample_weight=13.6395
[02:13:47] checkpoint 已保存: 2l2r/outputs/2026-04-02_ovd_hardrank_1k/checkpoints/epoch_0006.pt
[02:13:47] 在 val 集上评测 (300 实例)...
[02:13:48]     已评测 300/300...
[02:13:48] val 评测完成 | mean_reward=0.833182 | top1_accuracy=0.293333 | mean_regret=0.049035 | mean_cost=11.717954
[02:13:48] epoch=6 | val | tsp_cost=7.788713 | cvrp_cost=15.647195 | gain_vs_sbp_macro=-0.004266
[02:13:48] val 未提升 | metric=gain_vs_single_best_per_problem | best_selection_score=-0.003546 | current_selection_score=-0.004266 | best_cost=11.717233 | current_cost=11.717954 | patience=1/5
[02:13:57] epoch=7 | step=284 | batch=20/44 | loss=7.903283 | mean_loss=8.141166 | mean_sample_weight=16.8707 | positive_rate=0.265625 | hard_rate=0.312500
[02:14:06] epoch=7 | step=304 | batch=40/44 | loss=11.800768 | mean_loss=8.686990 | mean_sample_weight=17.0479 | positive_rate=0.335938 | hard_rate=0.406250
[02:14:07] epoch=7 | step=308 | batch=44/44 | loss=6.965610 | mean_loss=8.871454 | mean_sample_weight=5.4255 | positive_rate=0.406977 | hard_rate=0.416667
[02:14:07] 完成 epoch 7/8 | train_mean_loss=8.871454 | pair_count=0 | mean_epoch_sample_weight=13.6395
[02:14:08] checkpoint 已保存: 2l2r/outputs/2026-04-02_ovd_hardrank_1k/checkpoints/epoch_0007.pt
[02:14:08] 在 val 集上评测 (300 实例)...
[02:14:09]     已评测 300/300...
[02:14:09] val 评测完成 | mean_reward=0.833182 | top1_accuracy=0.293333 | mean_regret=0.049035 | mean_cost=11.717954
[02:14:09] epoch=7 | val | tsp_cost=7.788713 | cvrp_cost=15.647195 | gain_vs_sbp_macro=-0.004266
[02:14:09] val 未提升 | metric=gain_vs_single_best_per_problem | best_selection_score=-0.003546 | current_selection_score=-0.004266 | best_cost=11.717233 | current_cost=11.717954 | patience=2/5
[02:14:18] epoch=8 | step=328 | batch=20/44 | loss=12.881289 | mean_loss=9.375156 | mean_sample_weight=12.2352 | positive_rate=0.181818 | hard_rate=0.218750
[02:14:27] epoch=8 | step=348 | batch=40/44 | loss=7.666836 | mean_loss=9.215257 | mean_sample_weight=19.4083 | positive_rate=0.272727 | hard_rate=0.343750
[02:14:29] epoch=8 | step=352 | batch=44/44 | loss=14.912092 | mean_loss=9.159269 | mean_sample_weight=16.2450 | positive_rate=0.340426 | hard_rate=0.250000
[02:14:29] 完成 epoch 8/8 | train_mean_loss=9.159269 | pair_count=0 | mean_epoch_sample_weight=13.6395
[02:14:29] checkpoint 已保存: 2l2r/outputs/2026-04-02_ovd_hardrank_1k/checkpoints/epoch_0008.pt
[02:14:29] 在 val 集上评测 (300 实例)...
[02:14:29]     已评测 300/300...
[02:14:29] val 评测完成 | mean_reward=0.833182 | top1_accuracy=0.293333 | mean_regret=0.049035 | mean_cost=11.717954
[02:14:29] epoch=8 | val | tsp_cost=7.788713 | cvrp_cost=15.647195 | gain_vs_sbp_macro=-0.004266
[02:14:29] val 未提升 | metric=gain_vs_single_best_per_problem | best_selection_score=-0.003546 | current_selection_score=-0.004266 | best_cost=11.717233 | current_cost=11.717954 | patience=3/5
[02:14:29] 最终 checkpoint 已保存: 2l2r/outputs/2026-04-02_ovd_hardrank_1k/checkpoints/final.pt
[02:14:29] 载入 best checkpoint 做最终评测: 2l2r/outputs/2026-04-02_ovd_hardrank_1k/checkpoints/best.pt
[02:14:29] 最终评测使用固定 margin 边界: score > 0 才切换
[02:14:29] 在 val 集上评测 (300 实例)...
[02:14:30]     已评测 300/300...
[02:14:30] val 评测完成 | mean_reward=0.853333 | top1_accuracy=0.340000 | mean_regret=0.048314 | mean_cost=11.717233
[02:14:30] 在 test 集上评测 (300 实例)...
[02:14:30]     已评测 300/300...
[02:14:30] test 评测完成 | mean_reward=0.843506 | top1_accuracy=0.280000 | mean_regret=0.047527 | mean_cost=11.753761
[02:14:30] 开始计算 baseline 对比
[02:14:30] baseline 对比完成
[02:14:30] 
======================================================================
  评测结果 | OneVsDefaultMarginRanker
======================================================================

  ALL (300 实例):
    mean_reward:    0.8435
    mean_rank:      2.36
    top1_hit_rate:    0.2267  (68/300)
    top2_hit_rate:    0.5867  (176/300)
    top3_hit_rate:    0.8267  (248/300)
    regret:         0.0475
    mean_cost:      11.7538  (模型选择)
    oracle_cost:    11.7062  (每个实例选最好的)

  TSP (150 实例):
    mean_reward:    0.8661
    mean_rank:      2.47
    top1_hit_rate:    0.2000  (30/150)
    top2_hit_rate:    0.5733  (86/150)
    top3_hit_rate:    0.7600  (114/150)
    regret:         0.0097
    mean_cost:      7.7526  (模型选择)
    oracle_cost:    7.7429  (每个实例选最好的)

  CVRP (150 实例):
    mean_reward:    0.8210
    mean_rank:      2.25
    top1_hit_rate:    0.2533  (38/150)
    top2_hit_rate:    0.6000  (90/150)
    top3_hit_rate:    0.8933  (134/150)
    regret:         0.0854
    mean_cost:      15.7550  (模型选择)
    oracle_cost:    15.6696  (每个实例选最好的)

======================================================================
  Baseline 对比 (在同一 test 集上)
======================================================================

  TSP (150 实例):
    oracle mean_cost:                7.7429  (每实例选最好的, 上界)
    模型选择 mean_cost:              7.7526
    single_best_per_problem:         7.7526
    gain vs single_best_per_problem: +0.0000
    single_best_global:              7.7543
    random mean_cost:                11.5910  (均匀随机的期望)

  CVRP (150 实例):
    oracle mean_cost:                15.6696  (每实例选最好的, 上界)
    模型选择 mean_cost:              15.7550
    single_best_per_problem:         15.7625
    gain vs single_best_per_problem: +0.0076
    single_best_global:              15.7625
    random mean_cost:                18.1112  (均匀随机的期望)

======================================================================
  各臂选择分布
======================================================================

  TSP (150 实例):
     3(icam            ):   150 次 (100.0%)

  CVRP (150 实例):
     3(icam            ):   150 次 (100.0%)

  ALL (300 实例):
     3(icam            ):   300 次 (100.0%)

======================================================================
  各臂被选后的真实效果
======================================================================

  TSP:
    arm                   count  mean_cost  mean_reward  top1_rate  mean_rank
    ────────────────────────────────────────────────────────────────────
     3(icam            )      150     7.7526       0.8661     0.2000       2.47

  CVRP:
    arm                   count  mean_cost  mean_reward  top1_rate  mean_rank
    ────────────────────────────────────────────────────────────────────
     3(icam            )      150    15.7550       0.8210     0.2533       2.25

======================================================================
  Oracle 最优臂分布 (test 集上哪个方法最常是最优的)
======================================================================

  TSP (150 实例):
     0(lehd            ):    55 次 ( 36.7%)
     3(icam            ):    46 次 ( 30.7%)
     1(elg             ):    21 次 ( 14.0%)
     8(pointerformer   ):    19 次 ( 12.7%)
     9(difusco         ):     9 次 (  6.0%)

  CVRP (150 实例):
     0(lehd            ):    56 次 ( 37.3%)
     1(elg             ):    50 次 ( 33.3%)
     3(icam            ):    38 次 ( 25.3%)
     7(omni            ):     6 次 (  4.0%)

[02:14:30] summary 已写出: 2l2r/outputs/2026-04-02_ovd_hardrank_1k/summary.json

