wandb: Tracking run with wandb version 0.19.11
wandb: W&B syncing is set to `offline` in this directory. Run `wandb online` or set WANDB_MODE=online to enable cloud syncing.
[start] joint_seed2 checkpoint_epoch=50 lr=2e-05 tasks=['TSP', 'CVRP', 'ATSP', 'OVRP', 'VRPB', 'VRPL', 'VRPTW', 'OVRPTW', 'OVRPB', 'OVRPL', 'VRPBL', 'VRPBTW', 'VRPLTW', 'OVRPBL', 'OVRPBTW', 'OVRPLTW', 'VRPBLTW', 'OVRPBLTW']
[train TSP updates 000] ce=1.533871 top1=0.3934 top2=0.6333 top3=0.7741 mean_cost=8.008346 vs_sbs=-0.4963% n=10000 total_updates=0
[val TSP updates 000] ce=1.657517 top1=0.3630 top2=0.5950 top3=0.7460 mean_cost=7.917969 vs_sbs=-0.5006% n=1000 total_updates=0
[progress] joint_seed2 TSP=10/300 total=180 skipped=0 lr=2e-05 elapsed=0.34m
[progress] joint_seed2 TSP=20/300 total=360 skipped=0 lr=2e-05 elapsed=0.58m
[progress] joint_seed2 TSP=30/300 total=540 skipped=0 lr=2e-05 elapsed=0.81m
[train TSP updates 030] ce=1.534446 top1=0.3941 top2=0.6330 top3=0.7753 mean_cost=8.009059 vs_sbs=-0.4874% n=10000 total_updates=540
[val TSP updates 030] ce=1.661615 top1=0.3630 top2=0.5980 top3=0.7540 mean_cost=7.919164 vs_sbs=-0.4856% n=1000 total_updates=540
[progress] joint_seed2 TSP=40/300 total=720 skipped=0 lr=2e-05 elapsed=1.10m
[progress] joint_seed2 TSP=50/300 total=900 skipped=0 lr=2e-05 elapsed=1.33m
[progress] joint_seed2 TSP=60/300 total=1080 skipped=0 lr=2e-05 elapsed=1.56m
[train TSP updates 060] ce=1.534882 top1=0.3923 top2=0.6324 top3=0.7752 mean_cost=8.007743 vs_sbs=-0.5037% n=10000 total_updates=1080
[val TSP updates 060] ce=1.663284 top1=0.3660 top2=0.5880 top3=0.7430 mean_cost=7.916437 vs_sbs=-0.5198% n=1000 total_updates=1080
[progress] joint_seed2 TSP=70/300 total=1260 skipped=0 lr=2e-05 elapsed=1.85m
[progress] joint_seed2 TSP=80/300 total=1440 skipped=0 lr=2e-05 elapsed=2.08m
[progress] joint_seed2 TSP=90/300 total=1620 skipped=0 lr=2e-05 elapsed=2.31m
[train TSP updates 090] ce=1.532134 top1=0.3942 top2=0.6354 top3=0.7752 mean_cost=8.009047 vs_sbs=-0.4875% n=10000 total_updates=1620
[val TSP updates 090] ce=1.659738 top1=0.3660 top2=0.5940 top3=0.7520 mean_cost=7.918720 vs_sbs=-0.4911% n=1000 total_updates=1620
[progress] joint_seed2 TSP=100/300 total=1800 skipped=0 lr=2e-05 elapsed=2.60m
[progress] joint_seed2 TSP=110/300 total=1980 skipped=0 lr=2e-05 elapsed=2.83m
[progress] joint_seed2 TSP=120/300 total=2160 skipped=0 lr=2e-05 elapsed=3.06m
[train TSP updates 120] ce=1.530439 top1=0.3942 top2=0.6356 top3=0.7755 mean_cost=8.007823 vs_sbs=-0.5027% n=10000 total_updates=2160
[val TSP updates 120] ce=1.663522 top1=0.3650 top2=0.5880 top3=0.7430 mean_cost=7.916168 vs_sbs=-0.5232% n=1000 total_updates=2160
[progress] joint_seed2 TSP=130/300 total=2340 skipped=0 lr=2e-05 elapsed=3.35m
[AMP retry] attempt=1 scale=262144->131072
[progress] joint_seed2 TSP=140/300 total=2520 skipped=1 lr=2e-05 elapsed=3.59m
[progress] joint_seed2 TSP=150/300 total=2700 skipped=1 lr=2e-05 elapsed=3.82m
[train TSP updates 150] ce=1.527531 top1=0.3954 top2=0.6372 top3=0.7767 mean_cost=8.009082 vs_sbs=-0.4871% n=10000 total_updates=2700
[val TSP updates 150] ce=1.652955 top1=0.3650 top2=0.5910 top3=0.7540 mean_cost=7.918748 vs_sbs=-0.4908% n=1000 total_updates=2700
[progress] joint_seed2 TSP=160/300 total=2880 skipped=1 lr=2e-05 elapsed=4.11m
[progress] joint_seed2 TSP=170/300 total=3060 skipped=1 lr=2e-05 elapsed=4.34m
[progress] joint_seed2 TSP=180/300 total=3240 skipped=1 lr=2e-05 elapsed=4.57m
[train TSP updates 180] ce=1.528486 top1=0.3953 top2=0.6380 top3=0.7760 mean_cost=8.009238 vs_sbs=-0.4852% n=10000 total_updates=3240
[val TSP updates 180] ce=1.660176 top1=0.3640 top2=0.5960 top3=0.7500 mean_cost=7.918907 vs_sbs=-0.4888% n=1000 total_updates=3240
[progress] joint_seed2 TSP=190/300 total=3420 skipped=1 lr=2e-05 elapsed=4.86m
[progress] joint_seed2 TSP=200/300 total=3600 skipped=1 lr=2e-05 elapsed=5.09m
[progress] joint_seed2 TSP=210/300 total=3780 skipped=1 lr=2e-05 elapsed=5.33m
[train TSP updates 210] ce=1.527055 top1=0.3960 top2=0.6368 top3=0.7756 mean_cost=8.010048 vs_sbs=-0.4751% n=10000 total_updates=3780
[val TSP updates 210] ce=1.653394 top1=0.3640 top2=0.6000 top3=0.7590 mean_cost=7.920011 vs_sbs=-0.4749% n=1000 total_updates=3780
[progress] joint_seed2 TSP=220/300 total=3960 skipped=1 lr=2e-05 elapsed=5.61m
[progress] joint_seed2 TSP=230/300 total=4140 skipped=1 lr=2e-05 elapsed=5.85m
[progress] joint_seed2 TSP=240/300 total=4320 skipped=1 lr=2e-05 elapsed=6.08m
[train TSP updates 240] ce=1.528751 top1=0.3950 top2=0.6352 top3=0.7763 mean_cost=8.009015 vs_sbs=-0.4879% n=10000 total_updates=4320
[val TSP updates 240] ce=1.667053 top1=0.3660 top2=0.5930 top3=0.7540 mean_cost=7.917920 vs_sbs=-0.5012% n=1000 total_updates=4320
[AMP retry] attempt=1 scale=262144->131072
[progress] joint_seed2 TSP=250/300 total=4500 skipped=2 lr=2e-05 elapsed=6.37m
[progress] joint_seed2 TSP=260/300 total=4680 skipped=2 lr=2e-05 elapsed=6.60m
[progress] joint_seed2 TSP=270/300 total=4860 skipped=2 lr=2e-05 elapsed=6.83m
[train TSP updates 270] ce=1.527840 top1=0.3960 top2=0.6370 top3=0.7778 mean_cost=8.009214 vs_sbs=-0.4855% n=10000 total_updates=4860
[val TSP updates 270] ce=1.663872 top1=0.3630 top2=0.5970 top3=0.7490 mean_cost=7.919461 vs_sbs=-0.4818% n=1000 total_updates=4860
[progress] joint_seed2 TSP=280/300 total=5040 skipped=2 lr=2e-05 elapsed=7.12m
[progress] joint_seed2 TSP=290/300 total=5220 skipped=2 lr=2e-05 elapsed=7.35m
[progress] joint_seed2 TSP=300/300 total=5400 skipped=2 lr=2e-05 elapsed=7.58m
[train TSP updates 300] ce=1.524200 top1=0.3972 top2=0.6361 top3=0.7764 mean_cost=8.008970 vs_sbs=-0.4885% n=10000 total_updates=5400
[val TSP updates 300] ce=1.656645 top1=0.3620 top2=0.5930 top3=0.7540 mean_cost=7.918590 vs_sbs=-0.4928% n=1000 total_updates=5400
wandb: ERROR Problem finishing run
