[R36A train] top1=0.3934 size_prior=0.3090 wrong=6066 errors_regret<=0.1%=13.27%
[R36A val] top1=0.3630 size_prior=0.2990 wrong=637 errors_regret<=0.1%=13.66%
[cache] TSP/train: 10000 instances, 45.0 MiB on cuda:0
wandb: Tracking run with wandb version 0.19.11
wandb: W&B syncing is set to `offline` in this directory. Run `wandb online` or set WANDB_MODE=online to enable cloud syncing.
[start] 128_ce_seed2 model_hash=28bb37f8bc10fcd32ef6cfb20c3babebf68b1edebca1f09e857bbd68b141d6cc fresh_optimizer=True lr=0.0002 dropout=0 AMP=False
[eval updates 0000] top1=0.2344 ce=2.285473 mean_cost=7.297368 vs_sbs=-0.1799% streak=0/3 elapsed=2.6s
[eval updates 0050] top1=0.7734 ce=0.547971 mean_cost=7.260089 vs_sbs=-0.6898% streak=0/3 elapsed=4.8s
[eval updates 0100] top1=0.9844 ce=0.089072 mean_cost=7.241897 vs_sbs=-0.9386% streak=0/3 elapsed=6.7s
[eval updates 0150] top1=0.9844 ce=0.072718 mean_cost=7.242948 vs_sbs=-0.9243% streak=0/3 elapsed=8.5s
[eval updates 0200] top1=1.0000 ce=0.000739 mean_cost=7.240975 vs_sbs=-0.9513% streak=1/3 elapsed=10.4s
[eval updates 0250] top1=0.9688 ce=0.176359 mean_cost=7.243002 vs_sbs=-0.9235% streak=0/3 elapsed=12.3s
[eval updates 0300] top1=1.0000 ce=0.009078 mean_cost=7.240975 vs_sbs=-0.9513% streak=1/3 elapsed=14.1s
[eval updates 0350] top1=1.0000 ce=0.001040 mean_cost=7.240975 vs_sbs=-0.9513% streak=2/3 elapsed=16.0s
[eval updates 0400] top1=1.0000 ce=0.000055 mean_cost=7.240975 vs_sbs=-0.9513% streak=3/3 elapsed=17.9s
wandb:                                                                                
wandb: 
wandb: Run history:
wandb:         subset/ce █▃▁▁▁▂▁▁▁
wandb:  subset/mean_cost █▃▁▁▁▁▁▁▁
wandb:  subset/objective █▃▁▁▁▂▁▁▁
wandb:       subset/top1 ▁▆███████
wandb: subset/vs_sbs_pct █▃▁▁▁▁▁▁▁
wandb: 
wandb: Run summary:
wandb:           best_ce 5e-05
wandb:            passed True
wandb:         subset/ce 5e-05
wandb:  subset/mean_cost 7.24098
wandb:  subset/objective 2e-05
wandb:       subset/top1 1
wandb: subset/vs_sbs_pct -0.95126
wandb:           updates 400
wandb: 
wandb: You can sync this run to the cloud by running:
wandb: wandb sync code/V4/runs/R36_tsp_learnability/128_ce_seed2/wandb/offline-run-20260930_131232-n2i8mc4y
wandb: Find logs at: code/V4/runs/R36_tsp_learnability/128_ce_seed2/wandb/offline-run-20260930_131232-n2i8mc4y/logs
[done] 128_ce_seed2 passed=True updates=400 top1=1.0000 CE=0.000055
wandb: Tracking run with wandb version 0.19.11
wandb: W&B syncing is set to `offline` in this directory. Run `wandb online` or set WANDB_MODE=online to enable cloud syncing.
[start] 128_winner_cost_seed2 model_hash=28bb37f8bc10fcd32ef6cfb20c3babebf68b1edebca1f09e857bbd68b141d6cc fresh_optimizer=True lr=0.0002 dropout=0 AMP=False
[eval updates 0000] top1=0.2344 ce=2.285473 mean_cost=7.297368 vs_sbs=-0.1799% streak=0/3 elapsed=0.4s
[eval updates 0050] top1=0.8203 ce=0.494061 mean_cost=7.254153 vs_sbs=-0.7710% streak=0/3 elapsed=2.3s
[eval updates 0100] top1=0.9609 ce=0.162373 mean_cost=7.242362 vs_sbs=-0.9323% streak=0/3 elapsed=4.2s
[eval updates 0150] top1=0.9844 ce=0.051930 mean_cost=7.242204 vs_sbs=-0.9344% streak=0/3 elapsed=6.1s
[eval updates 0200] top1=0.9922 ce=0.020302 mean_cost=7.241201 vs_sbs=-0.9482% streak=1/3 elapsed=8.0s
[eval updates 0250] top1=1.0000 ce=0.002826 mean_cost=7.240975 vs_sbs=-0.9513% streak=2/3 elapsed=9.9s
[eval updates 0300] top1=1.0000 ce=0.000093 mean_cost=7.240975 vs_sbs=-0.9513% streak=3/3 elapsed=11.9s
wandb:                                                                                
wandb: 
wandb: Run history:
wandb:         subset/ce █▃▁▁▁▁▁
wandb:  subset/mean_cost █▃▁▁▁▁▁
wandb:  subset/objective █▂▁▁▁▁▁
wandb:       subset/top1 ▁▆█████
wandb: subset/vs_sbs_pct █▃▁▁▁▁▁
wandb: 
wandb: Run summary:
wandb:           best_ce 9e-05
wandb:            passed True
wandb:         subset/ce 9e-05
wandb:  subset/mean_cost 7.24098
wandb:  subset/objective 4e-05
wandb:       subset/top1 1
wandb: subset/vs_sbs_pct -0.95126
wandb:           updates 300
wandb: 
wandb: You can sync this run to the cloud by running:
wandb: wandb sync code/V4/runs/R36_tsp_learnability/128_winner_cost_seed2/wandb/offline-run-20260930_131249-wtsjpive
wandb: Find logs at: code/V4/runs/R36_tsp_learnability/128_winner_cost_seed2/wandb/offline-run-20260930_131249-wtsjpive/logs
[done] 128_winner_cost_seed2 passed=True updates=300 top1=1.0000 CE=0.000093
[R36 complete] results and plots: code/V4/runs/R36_tsp_learnability
