wandb: Tracking run with wandb version 0.19.11
wandb: W&B syncing is set to `offline` in this directory. Run `wandb online` or set WANDB_MODE=online to enable cloud syncing.
[start] tsp_only_seed2 checkpoint_epoch=50 lr=2e-05 tasks=['TSP']
[train TSP updates 000] ce=1.533871 top1=0.3934 top2=0.6333 top3=0.7741 mean_cost=8.008346 vs_sbs=-0.4963% n=10000 total_updates=0
[val TSP updates 000] ce=1.657517 top1=0.3630 top2=0.5950 top3=0.7460 mean_cost=7.917969 vs_sbs=-0.5006% n=1000 total_updates=0
[progress] tsp_only_seed2 TSP=10/300 total=10 skipped=0 lr=2e-05 elapsed=0.16m
[progress] tsp_only_seed2 TSP=20/300 total=20 skipped=0 lr=2e-05 elapsed=0.22m
[progress] tsp_only_seed2 TSP=30/300 total=30 skipped=0 lr=2e-05 elapsed=0.28m
[train TSP updates 030] ce=1.532715 top1=0.3930 top2=0.6348 top3=0.7752 mean_cost=8.010159 vs_sbs=-0.4737% n=10000 total_updates=30
[val TSP updates 030] ce=1.653133 top1=0.3640 top2=0.6070 top3=0.7590 mean_cost=7.919241 vs_sbs=-0.4846% n=1000 total_updates=30
[progress] tsp_only_seed2 TSP=40/300 total=40 skipped=0 lr=2e-05 elapsed=0.40m
[progress] tsp_only_seed2 TSP=50/300 total=50 skipped=0 lr=2e-05 elapsed=0.46m
[progress] tsp_only_seed2 TSP=60/300 total=60 skipped=0 lr=2e-05 elapsed=0.53m
[train TSP updates 060] ce=1.531178 top1=0.3941 top2=0.6343 top3=0.7765 mean_cost=8.008196 vs_sbs=-0.4981% n=10000 total_updates=60
[val TSP updates 060] ce=1.656463 top1=0.3650 top2=0.5930 top3=0.7510 mean_cost=7.917678 vs_sbs=-0.5042% n=1000 total_updates=60
[progress] tsp_only_seed2 TSP=70/300 total=70 skipped=0 lr=2e-05 elapsed=0.64m
[progress] tsp_only_seed2 TSP=80/300 total=80 skipped=0 lr=2e-05 elapsed=0.71m
[progress] tsp_only_seed2 TSP=90/300 total=90 skipped=0 lr=2e-05 elapsed=0.77m
[train TSP updates 090] ce=1.530056 top1=0.3957 top2=0.6363 top3=0.7767 mean_cost=8.008804 vs_sbs=-0.4906% n=10000 total_updates=90
[val TSP updates 090] ce=1.660277 top1=0.3640 top2=0.5980 top3=0.7550 mean_cost=7.919049 vs_sbs=-0.4870% n=1000 total_updates=90
[progress] tsp_only_seed2 TSP=100/300 total=100 skipped=0 lr=2e-05 elapsed=0.89m
[progress] tsp_only_seed2 TSP=110/300 total=110 skipped=0 lr=2e-05 elapsed=0.95m
[progress] tsp_only_seed2 TSP=120/300 total=120 skipped=0 lr=2e-05 elapsed=1.01m
[train TSP updates 120] ce=1.526849 top1=0.3964 top2=0.6380 top3=0.7763 mean_cost=8.009191 vs_sbs=-0.4858% n=10000 total_updates=120
[val TSP updates 120] ce=1.656764 top1=0.3630 top2=0.5990 top3=0.7580 mean_cost=7.918878 vs_sbs=-0.4891% n=1000 total_updates=120
[progress] tsp_only_seed2 TSP=130/300 total=130 skipped=0 lr=2e-05 elapsed=1.13m
[progress] tsp_only_seed2 TSP=140/300 total=140 skipped=0 lr=2e-05 elapsed=1.19m
[progress] tsp_only_seed2 TSP=150/300 total=150 skipped=0 lr=2e-05 elapsed=1.26m
[train TSP updates 150] ce=1.525323 top1=0.3963 top2=0.6385 top3=0.7780 mean_cost=8.008557 vs_sbs=-0.4936% n=10000 total_updates=150
[val TSP updates 150] ce=1.657004 top1=0.3620 top2=0.5980 top3=0.7590 mean_cost=7.919212 vs_sbs=-0.4849% n=1000 total_updates=150
[progress] tsp_only_seed2 TSP=160/300 total=160 skipped=0 lr=2e-05 elapsed=1.37m
[progress] tsp_only_seed2 TSP=170/300 total=170 skipped=0 lr=2e-05 elapsed=1.44m
[progress] tsp_only_seed2 TSP=180/300 total=180 skipped=0 lr=2e-05 elapsed=1.50m
[train TSP updates 180] ce=1.523579 top1=0.3974 top2=0.6394 top3=0.7781 mean_cost=8.008403 vs_sbs=-0.4956% n=10000 total_updates=180
[val TSP updates 180] ce=1.659033 top1=0.3650 top2=0.5940 top3=0.7510 mean_cost=7.918242 vs_sbs=-0.4971% n=1000 total_updates=180
[progress] tsp_only_seed2 TSP=190/300 total=190 skipped=0 lr=2e-05 elapsed=1.62m
[progress] tsp_only_seed2 TSP=200/300 total=200 skipped=0 lr=2e-05 elapsed=1.68m
[progress] tsp_only_seed2 TSP=210/300 total=210 skipped=0 lr=2e-05 elapsed=1.74m
[train TSP updates 210] ce=1.523445 top1=0.3980 top2=0.6395 top3=0.7795 mean_cost=8.007833 vs_sbs=-0.5026% n=10000 total_updates=210
[val TSP updates 210] ce=1.662434 top1=0.3600 top2=0.6000 top3=0.7520 mean_cost=7.918751 vs_sbs=-0.4907% n=1000 total_updates=210
[progress] tsp_only_seed2 TSP=220/300 total=220 skipped=0 lr=2e-05 elapsed=1.86m
[progress] tsp_only_seed2 TSP=230/300 total=230 skipped=0 lr=2e-05 elapsed=1.92m
[progress] tsp_only_seed2 TSP=240/300 total=240 skipped=0 lr=2e-05 elapsed=1.99m
[train TSP updates 240] ce=1.520555 top1=0.3978 top2=0.6391 top3=0.7789 mean_cost=8.008636 vs_sbs=-0.4927% n=10000 total_updates=240
[val TSP updates 240] ce=1.659316 top1=0.3660 top2=0.5920 top3=0.7490 mean_cost=7.918121 vs_sbs=-0.4987% n=1000 total_updates=240
[progress] tsp_only_seed2 TSP=250/300 total=250 skipped=0 lr=2e-05 elapsed=2.10m
[progress] tsp_only_seed2 TSP=260/300 total=260 skipped=0 lr=2e-05 elapsed=2.17m
[progress] tsp_only_seed2 TSP=270/300 total=270 skipped=0 lr=2e-05 elapsed=2.23m
[train TSP updates 270] ce=1.519853 top1=0.3994 top2=0.6403 top3=0.7800 mean_cost=8.008089 vs_sbs=-0.4994% n=10000 total_updates=270
[val TSP updates 270] ce=1.662339 top1=0.3670 top2=0.5970 top3=0.7520 mean_cost=7.918354 vs_sbs=-0.4957% n=1000 total_updates=270
[progress] tsp_only_seed2 TSP=280/300 total=280 skipped=0 lr=2e-05 elapsed=2.35m
[progress] tsp_only_seed2 TSP=290/300 total=290 skipped=0 lr=2e-05 elapsed=2.41m
[progress] tsp_only_seed2 TSP=300/300 total=300 skipped=0 lr=2e-05 elapsed=2.47m
[train TSP updates 300] ce=1.518401 top1=0.3996 top2=0.6400 top3=0.7814 mean_cost=8.008219 vs_sbs=-0.4978% n=10000 total_updates=300
[val TSP updates 300] ce=1.660557 top1=0.3650 top2=0.5940 top3=0.7540 mean_cost=7.918245 vs_sbs=-0.4971% n=1000 total_updates=300
wandb:                                                                                
wandb: 
wandb: Run history:
wandb:         train/ce █▇▇▆▅▄▃▃▂▂▁
wandb:  train/mean_cost ▃█▂▄▅▃▃▁▃▂▂
wandb:       train/top1 ▁▁▂▄▅▄▆▆▆██
wandb:       train/top2 ▁▃▂▄▆▆▇▇▇██
wandb:       train/top3 ▁▂▃▃▃▅▅▆▆▇█
wandb: train/vs_sbs_pct ▃█▂▄▅▃▃▁▃▂▂
wandb:           val/ce ▄▁▄▆▄▄▅█▆█▇
wandb:    val/mean_cost ▂█▁▇▆█▄▆▃▄▄
wandb:         val/top1 ▄▅▆▅▄▃▆▁▇█▆
wandb:         val/top2 ▂█▁▄▄▄▂▅▁▃▂
wandb:         val/top3 ▁█▄▆▇█▄▄▃▄▅
wandb:   val/vs_sbs_pct ▂█▁▇▆█▄▆▃▄▄
wandb: 
wandb: Run summary:
wandb:         train/ce 1.5184
wandb:  train/mean_cost 8.00822
wandb:       train/top1 0.3996
wandb:       train/top2 0.64
wandb:       train/top3 0.7814
wandb: train/vs_sbs_pct -0.49783
wandb:           val/ce 1.66056
wandb:    val/mean_cost 7.91825
wandb:         val/top1 0.365
wandb:         val/top2 0.594
wandb:         val/top3 0.754
wandb:   val/vs_sbs_pct -0.49709
wandb: 
wandb: You can sync this run to the cloud by running:
wandb: wandb sync code/V4/runs/R35_multitask_probe/tsp_only_seed2/wandb/offline-run-20260930_115336-crkkawfq
wandb: Find logs at: code/V4/runs/R35_multitask_probe/tsp_only_seed2/wandb/offline-run-20260930_115336-crkkawfq/logs
[done] tsp_only_seed2 TSP=300 total=300
