wandb: Tracking run with wandb version 0.19.11
wandb: W&B syncing is set to `offline` in this directory. Run `wandb online` or set WANDB_MODE=online to enable cloud syncing.
[start] redundant_seed3 updates=1000 batch=640 optimizer=fresh base_frozen=True base_lr=0 geometry_lr=2e-4 model_hash=a514fd32be670c4c79f564887321f6ab3c8bfaaac37ba00460d30c6030af43d8
[train updates 0000] top1=0.3934 ce=1.533871 mean_cost=8.008346 vs_sbs=-0.4963% regret=0.6373% expected_regret=0.9589% gap>0.1_top1=0.4190 gap>0.5_top1=0.4773
[val updates 0000] top1=0.3630 ce=1.657517 mean_cost=7.917969 vs_sbs=-0.5006% regret=0.6118% expected_regret=0.9326% gap>0.1_top1=0.3893 gap>0.5_top1=0.4360
[train updates 0050] loss=0.61152 grad=0.0642 skipped_total=0 lr_geometry=0.0002 elapsed=15.2s
[train updates 0050] top1=0.3944 ce=1.534360 mean_cost=8.008753 vs_sbs=-0.4912% regret=0.6442% expected_regret=0.9571% gap>0.1_top1=0.4207 gap>0.5_top1=0.4761
[val updates 0050] top1=0.3630 ce=1.656806 mean_cost=7.918108 vs_sbs=-0.4988% regret=0.6126% expected_regret=0.9302% gap>0.1_top1=0.3879 gap>0.5_top1=0.4360
[train updates 0100] loss=0.61036 grad=0.0734 skipped_total=0 lr_geometry=0.000199 elapsed=30.1s
[train updates 0100] top1=0.3952 ce=1.534038 mean_cost=8.008805 vs_sbs=-0.4906% regret=0.6458% expected_regret=0.9576% gap>0.1_top1=0.4208 gap>0.5_top1=0.4770
[val updates 0100] top1=0.3640 ce=1.658092 mean_cost=7.918377 vs_sbs=-0.4954% regret=0.6184% expected_regret=0.9316% gap>0.1_top1=0.3879 gap>0.5_top1=0.4394
[train updates 0150] loss=0.61057 grad=0.0736 skipped_total=0 lr_geometry=0.000195 elapsed=45.0s
[train updates 0150] top1=0.3945 ce=1.534382 mean_cost=8.008574 vs_sbs=-0.4934% regret=0.6420% expected_regret=0.9552% gap>0.1_top1=0.4207 gap>0.5_top1=0.4761
[val updates 0150] top1=0.3610 ce=1.656502 mean_cost=7.918633 vs_sbs=-0.4922% regret=0.6212% expected_regret=0.9285% gap>0.1_top1=0.3853 gap>0.5_top1=0.4360
[train updates 0200] loss=0.61110 grad=0.0688 skipped_total=0 lr_geometry=0.000189 elapsed=59.9s
[train updates 0200] top1=0.3944 ce=1.534222 mean_cost=8.009084 vs_sbs=-0.4871% regret=0.6492% expected_regret=0.9568% gap>0.1_top1=0.4199 gap>0.5_top1=0.4748
[val updates 0200] top1=0.3630 ce=1.655913 mean_cost=7.918564 vs_sbs=-0.4931% regret=0.6184% expected_regret=0.9302% gap>0.1_top1=0.3866 gap>0.5_top1=0.4325
[train updates 0250] loss=0.61004 grad=0.0727 skipped_total=0 lr_geometry=0.000181 elapsed=74.8s
[train updates 0250] top1=0.3940 ce=1.533917 mean_cost=8.009061 vs_sbs=-0.4874% regret=0.6487% expected_regret=0.9570% gap>0.1_top1=0.4197 gap>0.5_top1=0.4748
[val updates 0250] top1=0.3620 ce=1.656193 mean_cost=7.918649 vs_sbs=-0.4920% regret=0.6214% expected_regret=0.9309% gap>0.1_top1=0.3866 gap>0.5_top1=0.4360
[train updates 0300] loss=0.61147 grad=0.0752 skipped_total=0 lr_geometry=0.000171 elapsed=89.7s
[train updates 0300] top1=0.3942 ce=1.534047 mean_cost=8.008926 vs_sbs=-0.4891% regret=0.6469% expected_regret=0.9573% gap>0.1_top1=0.4201 gap>0.5_top1=0.4748
[val updates 0300] top1=0.3620 ce=1.654894 mean_cost=7.918593 vs_sbs=-0.4927% regret=0.6198% expected_regret=0.9304% gap>0.1_top1=0.3866 gap>0.5_top1=0.4325
[train updates 0350] loss=0.61096 grad=0.0701 skipped_total=0 lr_geometry=0.000159 elapsed=104.7s
[train updates 0350] top1=0.3936 ce=1.533579 mean_cost=8.008602 vs_sbs=-0.4931% regret=0.6432% expected_regret=0.9578% gap>0.1_top1=0.4194 gap>0.5_top1=0.4764
[val updates 0350] top1=0.3620 ce=1.657946 mean_cost=7.918838 vs_sbs=-0.4896% regret=0.6223% expected_regret=0.9329% gap>0.1_top1=0.3853 gap>0.5_top1=0.4360
[train updates 0400] loss=0.61078 grad=0.0748 skipped_total=0 lr_geometry=0.000146 elapsed=119.6s
[train updates 0400] top1=0.3942 ce=1.533864 mean_cost=8.009023 vs_sbs=-0.4878% regret=0.6483% expected_regret=0.9570% gap>0.1_top1=0.4201 gap>0.5_top1=0.4748
[val updates 0400] top1=0.3620 ce=1.656268 mean_cost=7.918593 vs_sbs=-0.4927% regret=0.6198% expected_regret=0.9307% gap>0.1_top1=0.3866 gap>0.5_top1=0.4325
[train updates 0450] loss=0.61053 grad=0.0656 skipped_total=0 lr_geometry=0.000132 elapsed=134.5s
[train updates 0450] top1=0.3945 ce=1.533574 mean_cost=8.008756 vs_sbs=-0.4912% regret=0.6452% expected_regret=0.9578% gap>0.1_top1=0.4202 gap>0.5_top1=0.4761
[val updates 0450] top1=0.3660 ce=1.656239 mean_cost=7.918269 vs_sbs=-0.4968% regret=0.6157% expected_regret=0.9320% gap>0.1_top1=0.3906 gap>0.5_top1=0.4360
[train updates 0500] loss=0.61074 grad=0.0716 skipped_total=0 lr_geometry=0.000117 elapsed=149.4s
[train updates 0500] top1=0.3940 ce=1.533790 mean_cost=8.008949 vs_sbs=-0.4888% regret=0.6475% expected_regret=0.9557% gap>0.1_top1=0.4199 gap>0.5_top1=0.4742
[val updates 0500] top1=0.3630 ce=1.656404 mean_cost=7.918262 vs_sbs=-0.4969% regret=0.6165% expected_regret=0.9298% gap>0.1_top1=0.3879 gap>0.5_top1=0.4360
[train updates 0550] loss=0.61103 grad=0.0751 skipped_total=0 lr_geometry=0.000103 elapsed=164.3s
[train updates 0550] top1=0.3942 ce=1.533800 mean_cost=8.008917 vs_sbs=-0.4892% regret=0.6466% expected_regret=0.9556% gap>0.1_top1=0.4201 gap>0.5_top1=0.4761
[val updates 0550] top1=0.3620 ce=1.655621 mean_cost=7.918637 vs_sbs=-0.4922% regret=0.6198% expected_regret=0.9294% gap>0.1_top1=0.3866 gap>0.5_top1=0.4325
[train updates 0600] loss=0.60951 grad=0.0712 skipped_total=0 lr_geometry=8.79e-05 elapsed=179.3s
[train updates 0600] top1=0.3945 ce=1.533584 mean_cost=8.008527 vs_sbs=-0.4940% regret=0.6425% expected_regret=0.9562% gap>0.1_top1=0.4201 gap>0.5_top1=0.4773
[val updates 0600] top1=0.3640 ce=1.657716 mean_cost=7.918254 vs_sbs=-0.4970% regret=0.6144% expected_regret=0.9309% gap>0.1_top1=0.3879 gap>0.5_top1=0.4360
[train updates 0650] loss=0.60949 grad=0.0694 skipped_total=0 lr_geometry=7.38e-05 elapsed=194.2s
[train updates 0650] top1=0.3949 ce=1.533677 mean_cost=8.008782 vs_sbs=-0.4908% regret=0.6455% expected_regret=0.9560% gap>0.1_top1=0.4206 gap>0.5_top1=0.4764
[val updates 0650] top1=0.3630 ce=1.656944 mean_cost=7.918285 vs_sbs=-0.4966% regret=0.6151% expected_regret=0.9303% gap>0.1_top1=0.3866 gap>0.5_top1=0.4325
[train updates 0700] loss=0.61151 grad=0.0698 skipped_total=0 lr_geometry=6.08e-05 elapsed=209.1s
[train updates 0700] top1=0.3944 ce=1.533697 mean_cost=8.008589 vs_sbs=-0.4932% regret=0.6431% expected_regret=0.9558% gap>0.1_top1=0.4201 gap>0.5_top1=0.4776
[val updates 0700] top1=0.3640 ce=1.657274 mean_cost=7.918278 vs_sbs=-0.4967% regret=0.6147% expected_regret=0.9303% gap>0.1_top1=0.3879 gap>0.5_top1=0.4360
[train updates 0750] loss=0.61009 grad=0.0697 skipped_total=0 lr_geometry=4.9e-05 elapsed=224.0s
[train updates 0750] top1=0.3949 ce=1.533583 mean_cost=8.008722 vs_sbs=-0.4916% regret=0.6448% expected_regret=0.9565% gap>0.1_top1=0.4205 gap>0.5_top1=0.4770
[val updates 0750] top1=0.3660 ce=1.656886 mean_cost=7.917867 vs_sbs=-0.5019% regret=0.6106% expected_regret=0.9309% gap>0.1_top1=0.3906 gap>0.5_top1=0.4360
[train updates 0800] loss=0.61077 grad=0.0686 skipped_total=0 lr_geometry=3.9e-05 elapsed=238.9s
[train updates 0800] top1=0.3946 ce=1.533661 mean_cost=8.008731 vs_sbs=-0.4915% regret=0.6447% expected_regret=0.9556% gap>0.1_top1=0.4203 gap>0.5_top1=0.4767
[val updates 0800] top1=0.3630 ce=1.656739 mean_cost=7.918309 vs_sbs=-0.4963% regret=0.6154% expected_regret=0.9299% gap>0.1_top1=0.3866 gap>0.5_top1=0.4325
[train updates 0850] loss=0.60991 grad=0.0743 skipped_total=0 lr_geometry=3.08e-05 elapsed=253.8s
[train updates 0850] top1=0.3951 ce=1.533587 mean_cost=8.008713 vs_sbs=-0.4917% regret=0.6446% expected_regret=0.9561% gap>0.1_top1=0.4210 gap>0.5_top1=0.4773
[val updates 0850] top1=0.3650 ce=1.656860 mean_cost=7.917912 vs_sbs=-0.5013% regret=0.6112% expected_regret=0.9305% gap>0.1_top1=0.3893 gap>0.5_top1=0.4360
[train updates 0900] loss=0.61048 grad=0.0700 skipped_total=0 lr_geometry=2.49e-05 elapsed=268.8s
[train updates 0900] top1=0.3950 ce=1.533572 mean_cost=8.008729 vs_sbs=-0.4915% regret=0.6449% expected_regret=0.9561% gap>0.1_top1=0.4207 gap>0.5_top1=0.4770
[val updates 0900] top1=0.3640 ce=1.656916 mean_cost=7.917994 vs_sbs=-0.5002% regret=0.6126% expected_regret=0.9305% gap>0.1_top1=0.3893 gap>0.5_top1=0.4360
[train updates 0950] loss=0.60968 grad=0.0690 skipped_total=0 lr_geometry=2.12e-05 elapsed=283.7s
[train updates 0950] top1=0.3946 ce=1.533599 mean_cost=8.008757 vs_sbs=-0.4912% regret=0.6450% expected_regret=0.9560% gap>0.1_top1=0.4202 gap>0.5_top1=0.4761
[val updates 0950] top1=0.3640 ce=1.656612 mean_cost=7.918183 vs_sbs=-0.4979% regret=0.6141% expected_regret=0.9303% gap>0.1_top1=0.3879 gap>0.5_top1=0.4325
[train updates 1000] loss=0.61070 grad=0.0695 skipped_total=0 lr_geometry=2e-05 elapsed=298.5s
[train updates 1000] top1=0.3945 ce=1.533581 mean_cost=8.008764 vs_sbs=-0.4911% regret=0.6451% expected_regret=0.9563% gap>0.1_top1=0.4202 gap>0.5_top1=0.4767
[val updates 1000] top1=0.3650 ce=1.656447 mean_cost=7.918430 vs_sbs=-0.4948% regret=0.6170% expected_regret=0.9305% gap>0.1_top1=0.3893 gap>0.5_top1=0.4325
wandb:                                                                                
wandb: 
wandb: Run history:
wandb:            train/actual_regret_pct ▁▅▆▄██▇▄▇▆▇▆▄▆▄▅▅▅▅▆▆
wandb:                           train/ce ▄█▅█▇▄▅▁▄▁▃▃▁▂▂▁▂▁▁▁▁
wandb:           train/expected_mean_cost █▅▄▁▃▃▄▄▃▄▁▁▂▁▁▂▁▂▂▂▂
wandb:          train/expected_regret_pct █▅▆▁▄▄▅▆▄▆▂▂▃▂▂▃▂▃▃▃▃
wandb: train/gap_gt_0_1_actual_regret_pct ▁▅▆▄██▆▅▇▅▇▆▄▆▄▅▅▅▅▅▅
wandb:              train/gap_gt_0_1_top1 ▁▇█▇▄▃▅▂▅▅▄▅▅▇▅▆▆█▇▅▅
wandb: train/gap_gt_0_5_actual_regret_pct ▁▆▆▄█▇█▄█▅█▇▄▆▃▄▅▄▄▅▅
wandb:              train/gap_gt_0_5_top1 ▇▅▇▅▂▂▂▅▂▅▁▅▇▅█▇▆▇▇▅▆
wandb:                    train/mean_cost ▁▅▅▃██▆▃▇▅▇▆▃▅▃▅▅▄▅▅▅
wandb:                         train/top1 ▁▅█▅▅▃▄▂▄▅▃▄▅▇▅▇▆█▇▆▅
wandb:                   train/vs_sbs_pct ▁▅▅▃██▆▃▇▅▇▆▃▅▃▅▅▄▅▅▅
wandb:              val/actual_regret_pct ▂▂▆▇▆▇▇█▇▄▅▆▃▄▃▁▄▁▂▃▅
wandb:                             val/ce ▇▅█▅▃▄▁█▄▄▄▃▇▅▆▅▅▅▅▅▄
wandb:             val/expected_mean_cost █▄▅▁▃▄▄▆▄▅▂▂▃▂▂▃▂▃▃▂▃
wandb:            val/expected_regret_pct █▄▆▁▄▅▄█▄▇▃▂▅▄▄▅▃▄▄▄▄
wandb:   val/gap_gt_0_1_actual_regret_pct ▂▂▆▇▆▇▆█▆▄▄▆▃▄▃▁▄▁▁▃▅
wandb:                val/gap_gt_0_1_top1 ▆▅▅▁▃▃▃▁▃█▅▃▅▃▅█▃▆▆▅▆
wandb:   val/gap_gt_0_5_actual_regret_pct ▁▂▃▇▇▇█▄█▄▃█▂▅▁▁▅▂▂▅█
wandb:                val/gap_gt_0_5_top1 ▅▅█▅▁▅▁▅▁▅▅▁▅▁▅▅▁▅▅▁▁
wandb:                      val/mean_cost ▂▃▅▇▆▇▆█▆▄▄▇▄▄▄▁▄▁▂▃▅
wandb:                           val/top1 ▄▄▅▁▄▂▂▂▂█▄▂▅▄▅█▄▇▅▅▇
wandb:                     val/vs_sbs_pct ▂▃▅▇▆▇▆█▆▄▄▇▄▄▄▁▄▁▂▃▅
wandb: 
wandb: Run summary:
wandb:                     final_val_top1 0.365
wandb:            train/actual_regret_pct 0.6451
wandb:                           train/ce 1.53358
wandb:           train/expected_mean_cost 8.03254
wandb:          train/expected_regret_pct 0.95633
wandb: train/gap_gt_0_1_actual_regret_pct 0.72585
wandb:              train/gap_gt_0_1_top1 0.4202
wandb: train/gap_gt_0_5_actual_regret_pct 0.90402
wandb:              train/gap_gt_0_5_top1 0.47668
wandb:                    train/mean_cost 8.00876
wandb:                         train/top1 0.3945
wandb:                   train/vs_sbs_pct -0.49106
wandb:                            updates 1000
wandb:              val/actual_regret_pct 0.61704
wandb:                             val/ce 1.65645
wandb:             val/expected_mean_cost 7.94097
wandb:            val/expected_regret_pct 0.93053
wandb:   val/gap_gt_0_1_actual_regret_pct 0.72511
wandb:                val/gap_gt_0_1_top1 0.38925
wandb:   val/gap_gt_0_5_actual_regret_pct 0.92795
wandb:                val/gap_gt_0_5_top1 0.43253
wandb:                      val/mean_cost 7.91843
wandb:                           val/top1 0.365
wandb:                     val/vs_sbs_pct -0.49477
wandb: 
wandb: You can sync this run to the cloud by running:
wandb: wandb sync code/V4/runs/R38_tsp_frozen_geometry/redundant_seed3/wandb/offline-run-20260930_161407-xuzc78q9
wandb: Find logs at: code/V4/runs/R38_tsp_frozen_geometry/redundant_seed3/wandb/offline-run-20260930_161407-xuzc78q9/logs
[done] redundant_seed3 updates=1000 val_top1=0.3650
