test_nested_stratified_split_and_related_copies (code.V4.test_r49.R49Tests) ... ok
test_normalization_excludes_holdouts_and_padding (code.V4.test_r49.R49Tests) ... ok
test_only_development_ce_selects_checkpoint (code.V4.test_r49.R49Tests) ... ok
test_overlap_with_original_validation_rejected (code.V4.test_r49.R49Tests) ... ok
test_stream_retains_tails_and_has_fixed_batch_size (code.V4.test_r49.R49Tests) ... ok
test_binary_metrics_exclude_ties (code.V4.test_r48.CoreTests) ... ok
test_capacity_time_and_coverage (code.V4.test_r48.CoreTests) ... ok
test_clean_neural_label_isolation_and_gradient (code.V4.test_r48.CoreTests) ... ok
test_fp64_comparison_and_exact_ties (code.V4.test_r48.CoreTests) ... ok
test_node_permutation_synchronizes_attributes (code.V4.test_r48.CoreTests) ... ok
test_open_distance_and_route_reset (code.V4.test_r48.CoreTests) ... ok
test_original_csv_index_order (code.V4.test_r48.CoreTests) ... ok
test_tree_inputs_permutation_invariant (code.V4.test_r48.CoreTests) ... ok

----------------------------------------------------------------------
Ran 13 tests in 0.231s

OK
[cache] OVRPTW/train: 10000 instances, 33.9 MiB on cuda:0
[cache] OVRPTW/val: 1000 instances, 3.4 MiB on cuda:0
wandb: Tracking run with wandb version 0.19.11
wandb: W&B syncing is set to `offline` in this directory. Run `wandb online` or set WANDB_MODE=online to enable cloud syncing.
[R49 A_2000_seed2] update=0 train:acc=0.4935 CE=0.70661 regret=1.0287%; development:acc=0.4825 CE=0.70950 regret=1.0663%; internal:acc=0.4650 CE=0.71474 regret=1.1483%; original_val:acc=0.4910 CE=0.70654 regret=1.0733% dev_best=True
[R49 A_2000_seed2] update=200 train:acc=0.5455 CE=0.68300 regret=0.8361%; development:acc=0.5405 CE=0.69008 regret=0.8192%; internal:acc=0.5140 CE=0.69114 regret=0.8481%; original_val:acc=0.5250 CE=0.69026 regret=0.8488% dev_best=True
[R49 A_2000_seed2] update=400 train:acc=0.5845 CE=0.66618 regret=0.7364%; development:acc=0.5205 CE=0.69265 regret=0.8340%; internal:acc=0.5310 CE=0.69165 regret=0.8091%; original_val:acc=0.5150 CE=0.69391 regret=0.8787% dev_best=False
[R49 A_2000_seed2] update=600 train:acc=0.6360 CE=0.63569 regret=0.6694%; development:acc=0.5195 CE=0.70590 regret=0.8242%; internal:acc=0.5220 CE=0.70270 regret=0.8714%; original_val:acc=0.5240 CE=0.70987 regret=0.8829% dev_best=False
[R49 A_2000_seed2] update=800 train:acc=0.7310 CE=0.56979 regret=0.4967%; development:acc=0.5135 CE=0.72150 regret=0.8347%; internal:acc=0.5320 CE=0.71676 regret=0.8313%; original_val:acc=0.5280 CE=0.72725 regret=0.8505% dev_best=False
[R49 A_2000_seed2] update=1000 train:acc=0.8005 CE=0.47951 regret=0.3713%; development:acc=0.5315 CE=0.76348 regret=0.7980%; internal:acc=0.5360 CE=0.76285 regret=0.8355%; original_val:acc=0.5180 CE=0.77697 regret=0.8633% dev_best=False
[R49 A_2000_seed2] update=1200 train:acc=0.8715 CE=0.36635 regret=0.2462%; development:acc=0.5255 CE=0.84190 regret=0.8679%; internal:acc=0.5250 CE=0.83871 regret=0.9066%; original_val:acc=0.5130 CE=0.85776 regret=0.9098% dev_best=False
[R49 A_2000_seed2] update=1400 train:acc=0.9170 CE=0.27918 regret=0.1463%; development:acc=0.5425 CE=0.94321 regret=0.8083%; internal:acc=0.5250 CE=0.92969 regret=0.8735%; original_val:acc=0.5070 CE=0.96749 regret=0.8939% dev_best=False
[R49 A_2000_seed2] update=1600 train:acc=0.9795 CE=0.16047 regret=0.0376%; development:acc=0.5275 CE=1.04308 regret=0.8661%; internal:acc=0.5260 CE=1.02826 regret=0.8863%; original_val:acc=0.5150 CE=1.04791 regret=0.9354% dev_best=False
[R49 A_2000_seed2] update=1800 train:acc=0.9965 CE=0.08647 regret=0.0080%; development:acc=0.5195 CE=1.23029 regret=0.8883%; internal:acc=0.5310 CE=1.20612 regret=0.9154%; original_val:acc=0.5000 CE=1.23388 regret=0.9753% dev_best=False
[R49 A_2000_seed2] update=2000 train:acc=1.0000 CE=0.03630 regret=0.0000%; development:acc=0.5415 CE=1.40598 regret=0.8202%; internal:acc=0.5200 CE=1.39073 regret=0.9265%; original_val:acc=0.5030 CE=1.41327 regret=0.9736% dev_best=False
[R49 A_2000_seed2] update=2200 train:acc=1.0000 CE=0.01772 regret=0.0000%; development:acc=0.5205 CE=1.64554 regret=0.8655%; internal:acc=0.5170 CE=1.59897 regret=0.9075%; original_val:acc=0.5070 CE=1.62462 regret=0.9360% dev_best=False
[R49 A_2000_seed2] update=2400 train:acc=1.0000 CE=0.00826 regret=0.0000%; development:acc=0.5285 CE=1.84963 regret=0.8236%; internal:acc=0.5260 CE=1.79153 regret=0.9179%; original_val:acc=0.5170 CE=1.80272 regret=0.9401% dev_best=False
[R49 A_2000_seed2] update=2600 train:acc=1.0000 CE=0.00388 regret=0.0000%; development:acc=0.5255 CE=2.03114 regret=0.8262%; internal:acc=0.5270 CE=1.91970 regret=0.8904%; original_val:acc=0.5240 CE=1.96907 regret=0.9312% dev_best=False
[R49 A_2000_seed2] update=2800 train:acc=1.0000 CE=0.00215 regret=0.0000%; development:acc=0.5285 CE=2.20785 regret=0.8328%; internal:acc=0.5300 CE=2.14668 regret=0.8937%; original_val:acc=0.5160 CE=2.16262 regret=0.9568% dev_best=False
[R49 A_2000_seed2] update=3000 train:acc=1.0000 CE=0.00111 regret=0.0000%; development:acc=0.5195 CE=2.41292 regret=0.8133%; internal:acc=0.5270 CE=2.27235 regret=0.9124%; original_val:acc=0.5130 CE=2.34670 regret=0.9566% dev_best=False
[R49 A_2000_seed2] update=3200 train:acc=1.0000 CE=0.00056 regret=0.0000%; development:acc=0.5395 CE=2.46514 regret=0.8030%; internal:acc=0.5310 CE=2.37346 regret=0.9159%; original_val:acc=0.5170 CE=2.40826 regret=0.9532% dev_best=False
[R49 A_2000_seed2] update=3400 train:acc=1.0000 CE=0.00056 regret=0.0000%; development:acc=0.5245 CE=2.64550 regret=0.8014%; internal:acc=0.5470 CE=2.54973 regret=0.8602%; original_val:acc=0.5290 CE=2.54587 regret=0.8911% dev_best=False
[R49 A_2000_seed2] update=3600 train:acc=1.0000 CE=0.00028 regret=0.0000%; development:acc=0.5235 CE=2.66711 regret=0.8090%; internal:acc=0.5250 CE=2.57231 regret=0.9012%; original_val:acc=0.5090 CE=2.60292 regret=0.9718% dev_best=False
[R49 A_2000_seed2] update=3800 train:acc=1.0000 CE=0.00055 regret=0.0000%; development:acc=0.5335 CE=2.75274 regret=0.7595%; internal:acc=0.5250 CE=2.64242 regret=0.9053%; original_val:acc=0.5280 CE=2.69371 regret=0.8787% dev_best=False
[R49 A_2000_seed2] update=4000 train:acc=1.0000 CE=0.00044 regret=0.0000%; development:acc=0.5255 CE=2.86600 regret=0.7899%; internal:acc=0.5210 CE=2.81435 regret=0.9489%; original_val:acc=0.5030 CE=2.73851 regret=0.9972% dev_best=False
wandb:                                                                                
wandb: 
wandb: Run history:
wandb:         development/accuracy ▁█▅▅▅▇▆█▆▅█▅▆▆▆▅█▆▆▇▆
wandb:               development/ce ▁▁▁▁▁▁▁▂▂▃▃▄▅▅▆▇▇▇▇██
wandb:        development/mean_cost █▃▃▃▃▂▄▂▄▄▂▃▂▂▃▂▂▂▂▁▂
wandb:  development/pair_regret_pct █▂▃▂▃▂▃▂▃▄▂▃▂▃▃▂▂▂▂▁▂
wandb:                    grad_norm ▁▁▂▃▄▆███▇▆▄▃▃▂▂▂▁▁▁
wandb:            internal/accuracy ▁▅▇▆▇▇▆▆▆▇▆▅▆▆▇▆▇█▆▆▆
wandb:                  internal/ce ▁▁▁▁▁▁▁▂▂▃▃▄▅▅▆▆▇▇▇▇█
wandb:           internal/mean_cost █▂▁▃▂▂▃▂▃▃▃▃▃▃▃▃▃▂▃▃▄
wandb:     internal/pair_regret_pct █▂▁▂▁▂▃▂▃▃▃▃▃▃▃▃▃▂▃▃▄
wandb:                           lr ▁▁▁▁▁▁▁▁▁▁▁▁▁▁▁▁▁▁▁▁▁
wandb:              optimization_ce ███▇▇▆▅▄▃▂▂▁▁▁▁▁▁▁▁▁
wandb:        original_val/accuracy ▁▇▅▇█▆▅▄▅▃▃▄▆▇▆▅▆█▄█▃
wandb:              original_val/ce ▁▁▁▁▁▁▂▂▂▃▃▄▅▅▆▇▇▇███
wandb:       original_val/mean_cost █▁▃▃▁▂▃▃▄▅▅▄▅▄▅▅▅▃▅▃▆
wandb: original_val/pair_regret_pct █▁▂▂▁▁▃▂▄▅▅▄▄▄▄▄▄▂▅▂▆
wandb:               train/accuracy ▁▂▂▃▄▅▆▇█████████████
wandb:                     train/ce ███▇▇▆▅▄▃▂▁▁▁▁▁▁▁▁▁▁▁
wandb:              train/mean_cost █▇▆▆▄▄▃▂▁▁▁▁▁▁▁▁▁▁▁▁▁
wandb:        train/pair_regret_pct █▇▆▆▄▄▃▂▁▁▁▁▁▁▁▁▁▁▁▁▁
wandb:                      updates ▁▁▂▂▂▃▃▃▄▄▅▅▅▆▆▆▇▇▇██
wandb: 
wandb: Run summary:
wandb:         development/accuracy 0.52553
wandb:               development/ce 2.866
wandb:        development/mean_cost 10.07444
wandb:  development/pair_regret_pct 0.78992
wandb:                    grad_norm 0.59922
wandb:            internal/accuracy 0.521
wandb:                  internal/ce 2.81435
wandb:           internal/mean_cost 10.15585
wandb:     internal/pair_regret_pct 0.94894
wandb:                           lr 0.0001
wandb:              optimization_ce 0.00348
wandb:        original_val/accuracy 0.503
wandb:              original_val/ce 2.73851
wandb:       original_val/mean_cost 10.06206
wandb: original_val/pair_regret_pct 0.99721
wandb:               train/accuracy 1
wandb:                     train/ce 0.00044
wandb:              train/mean_cost 10.10239
wandb:        train/pair_regret_pct 0
wandb:                      updates 4000
wandb: 
wandb: You can sync this run to the cloud by running:
wandb: wandb sync code/V4/runs/R49_existing_data_diagnosis/A_2000_seed2/wandb/offline-run-20261010_125246-yu8hekim
wandb: Find logs at: code/V4/runs/R49_existing_data_diagnosis/A_2000_seed2/wandb/offline-run-20261010_125246-yu8hekim/logs
wandb: Tracking run with wandb version 0.19.11
wandb: W&B syncing is set to `offline` in this directory. Run `wandb online` or set WANDB_MODE=online to enable cloud syncing.
[R49 B_8000_seed2] update=0 train:acc=0.4965 CE=0.70551 regret=1.0409%; development:acc=0.4825 CE=0.70950 regret=1.0663%; internal:acc=0.4650 CE=0.71474 regret=1.1483%; original_val:acc=0.4910 CE=0.70654 regret=1.0733% dev_best=True
[R49 B_8000_seed2] update=200 train:acc=0.5151 CE=0.68844 regret=0.8479%; development:acc=0.5275 CE=0.68665 regret=0.7895%; internal:acc=0.5250 CE=0.68641 regret=0.8018%; original_val:acc=0.5300 CE=0.68931 regret=0.8032% dev_best=True
[R49 B_8000_seed2] update=400 train:acc=0.5380 CE=0.68683 regret=0.8218%; development:acc=0.5485 CE=0.68503 regret=0.7464%; internal:acc=0.5030 CE=0.68709 regret=0.8568%; original_val:acc=0.5200 CE=0.68983 regret=0.8066% dev_best=True
[R49 B_8000_seed2] update=600 train:acc=0.5465 CE=0.68360 regret=0.8059%; development:acc=0.5415 CE=0.68407 regret=0.8207%; internal:acc=0.5160 CE=0.68576 regret=0.8415%; original_val:acc=0.5450 CE=0.68774 regret=0.7976% dev_best=True
[R49 B_8000_seed2] update=800 train:acc=0.5425 CE=0.68287 regret=0.8048%; development:acc=0.5395 CE=0.68256 regret=0.7955%; internal:acc=0.5250 CE=0.68356 regret=0.8249%; original_val:acc=0.5330 CE=0.68724 regret=0.7916% dev_best=True
[R49 B_8000_seed2] update=1000 train:acc=0.5524 CE=0.67871 regret=0.7957%; development:acc=0.5516 CE=0.68216 regret=0.7915%; internal:acc=0.5180 CE=0.68519 regret=0.8315%; original_val:acc=0.5360 CE=0.68759 regret=0.8180% dev_best=True
[R49 B_8000_seed2] update=1200 train:acc=0.5386 CE=0.68064 regret=0.7873%; development:acc=0.5265 CE=0.68135 regret=0.7968%; internal:acc=0.5440 CE=0.68259 regret=0.7727%; original_val:acc=0.5280 CE=0.68928 regret=0.8063% dev_best=True
[R49 B_8000_seed2] update=1400 train:acc=0.5729 CE=0.67386 regret=0.7485%; development:acc=0.5455 CE=0.68450 regret=0.8144%; internal:acc=0.5140 CE=0.68461 regret=0.8524%; original_val:acc=0.5350 CE=0.68910 regret=0.8491% dev_best=False
[R49 B_8000_seed2] update=1600 train:acc=0.5795 CE=0.67011 regret=0.7489%; development:acc=0.5576 CE=0.68536 regret=0.7926%; internal:acc=0.5170 CE=0.68807 regret=0.8885%; original_val:acc=0.5320 CE=0.69107 regret=0.8452% dev_best=False
[R49 B_8000_seed2] update=1800 train:acc=0.5913 CE=0.66398 regret=0.6911%; development:acc=0.5345 CE=0.67977 regret=0.8202%; internal:acc=0.5100 CE=0.68529 regret=0.8633%; original_val:acc=0.5190 CE=0.68856 regret=0.7958% dev_best=True
[R49 B_8000_seed2] update=2000 train:acc=0.5968 CE=0.65655 regret=0.6812%; development:acc=0.5445 CE=0.68033 regret=0.7765%; internal:acc=0.5320 CE=0.68591 regret=0.7986%; original_val:acc=0.5340 CE=0.69556 regret=0.7729% dev_best=False
[R49 B_8000_seed2] update=2200 train:acc=0.6138 CE=0.64493 regret=0.6635%; development:acc=0.5395 CE=0.68658 regret=0.7839%; internal:acc=0.5050 CE=0.69319 regret=0.8818%; original_val:acc=0.5260 CE=0.70171 regret=0.7898% dev_best=False
[R49 B_8000_seed2] update=2400 train:acc=0.6408 CE=0.63176 regret=0.6102%; development:acc=0.5265 CE=0.69141 regret=0.8132%; internal:acc=0.5350 CE=0.69340 regret=0.8499%; original_val:acc=0.5290 CE=0.70556 regret=0.8076% dev_best=False
[R49 B_8000_seed2] update=2600 train:acc=0.6567 CE=0.61623 regret=0.5842%; development:acc=0.5546 CE=0.69821 regret=0.7905%; internal:acc=0.5220 CE=0.71069 regret=0.8197%; original_val:acc=0.5380 CE=0.71254 regret=0.7666% dev_best=False
[R49 B_8000_seed2] update=2800 train:acc=0.6890 CE=0.59217 regret=0.5299%; development:acc=0.5225 CE=0.71396 regret=0.8443%; internal:acc=0.5140 CE=0.72722 regret=0.8955%; original_val:acc=0.4990 CE=0.73608 regret=0.8445% dev_best=False
[R49 B_8000_seed2] update=3000 train:acc=0.7151 CE=0.56627 regret=0.4975%; development:acc=0.5445 CE=0.72866 regret=0.8110%; internal:acc=0.5280 CE=0.73679 regret=0.8847%; original_val:acc=0.4980 CE=0.74753 regret=0.8724% dev_best=False
[R49 B_8000_seed2] update=3200 train:acc=0.7201 CE=0.54839 regret=0.4677%; development:acc=0.5265 CE=0.73783 regret=0.7776%; internal:acc=0.5220 CE=0.74403 regret=0.8581%; original_val:acc=0.5180 CE=0.77825 regret=0.8075% dev_best=False
[R49 B_8000_seed2] update=3400 train:acc=0.7718 CE=0.50352 regret=0.3941%; development:acc=0.5465 CE=0.74608 regret=0.8104%; internal:acc=0.4900 CE=0.76801 regret=0.9310%; original_val:acc=0.5050 CE=0.77482 regret=0.8500% dev_best=False
[R49 B_8000_seed2] update=3600 train:acc=0.7789 CE=0.48161 regret=0.3814%; development:acc=0.5335 CE=0.77688 regret=0.7851%; internal:acc=0.5170 CE=0.79315 regret=0.8738%; original_val:acc=0.5020 CE=0.80615 regret=0.8744% dev_best=False
[R49 B_8000_seed2] update=3800 train:acc=0.8020 CE=0.45274 regret=0.3361%; development:acc=0.5185 CE=0.79520 regret=0.8249%; internal:acc=0.5240 CE=0.82204 regret=0.8404%; original_val:acc=0.4930 CE=0.83796 regret=0.8918% dev_best=False
[R49 B_8000_seed2] update=4000 train:acc=0.8303 CE=0.41198 regret=0.2883%; development:acc=0.5365 CE=0.83157 regret=0.8173%; internal:acc=0.5050 CE=0.85740 regret=0.9028%; original_val:acc=0.4980 CE=0.87312 regret=0.9354% dev_best=False
wandb:                                                                                
wandb: 
wandb: Run history:
wandb:         development/accuracy ▁▅▇▇▆▇▅▇█▆▇▆▅█▅▇▅▇▆▄▆
wandb:               development/ce ▂▁▁▁▁▁▁▁▁▁▁▁▂▂▃▃▄▄▅▆█
wandb:        development/mean_cost █▂▁▃▂▃▃▃▂▃▂▂▃▂▄▃▂▃▂▃▃
wandb:  development/pair_regret_pct █▂▁▃▂▂▂▂▂▃▂▂▂▂▃▂▂▂▂▃▃
wandb:                    grad_norm ▁▁▁▁▁▁▁▁▂▂▂▃▃▄▅▅▆▆▇█
wandb:            internal/accuracy ▁▆▄▆▆▆█▅▆▅▇▅▇▆▅▇▆▃▆▆▅
wandb:                  internal/ce ▂▁▁▁▁▁▁▁▁▁▁▁▁▂▃▃▃▄▅▇█
wandb:           internal/mean_cost █▁▂▂▂▂▁▃▃▂▁▃▂▂▃▃▂▄▃▂▃
wandb:     internal/pair_regret_pct █▂▃▂▂▂▁▂▃▃▁▃▂▂▃▃▃▄▃▂▃
wandb:                           lr ▁▁▁▁▁▁▁▁▁▁▁▁▁▁▁▁▁▁▁▁▁
wandb:              optimization_ce ███████▇▇▇▇▇▆▆▅▄▄▃▂▁
wandb:        original_val/accuracy ▁▆▅█▆▇▆▇▆▅▇▆▆▇▂▂▄▃▂▁▂
wandb:              original_val/ce ▂▁▁▁▁▁▁▁▁▁▁▂▂▂▃▃▄▄▅▇█
wandb:       original_val/mean_cost █▂▂▁▁▂▂▃▃▂▁▂▂▁▃▄▂▄▄▄▅
wandb: original_val/pair_regret_pct █▂▂▂▂▂▂▃▃▂▁▂▂▁▃▃▂▃▃▄▅
wandb:               train/accuracy ▁▁▂▂▂▂▂▃▃▃▃▃▄▄▅▆▆▇▇▇█
wandb:                     train/ce ███▇▇▇▇▇▇▇▇▇▆▆▅▅▄▃▃▂▁
wandb:              train/mean_cost █▆▆▆▆▆▆▆▅▅▅▅▄▄▃▃▃▂▂▂▁
wandb:        train/pair_regret_pct █▆▆▆▆▆▆▅▅▅▅▄▄▄▃▃▃▂▂▁▁
wandb:                      updates ▁▁▂▂▂▃▃▃▄▄▅▅▅▆▆▆▇▇▇██
wandb: 
wandb: Run summary:
wandb:         development/accuracy 0.53654
wandb:               development/ce 0.83157
wandb:        development/mean_cost 10.07667
wandb:  development/pair_regret_pct 0.81728
wandb:                    grad_norm 2.90265
wandb:            internal/accuracy 0.505
wandb:                  internal/ce 0.8574
wandb:           internal/mean_cost 10.15205
wandb:     internal/pair_regret_pct 0.90284
wandb:                           lr 0.0001
wandb:              optimization_ce 0.47835
wandb:        original_val/accuracy 0.498
wandb:              original_val/ce 0.87312
wandb:       original_val/mean_cost 10.05665
wandb: original_val/pair_regret_pct 0.93541
wandb:               train/accuracy 0.83025
wandb:                     train/ce 0.41198
wandb:              train/mean_cost 10.04844
wandb:        train/pair_regret_pct 0.28829
wandb:                      updates 4000
wandb: 
wandb: You can sync this run to the cloud by running:
wandb: wandb sync code/V4/runs/R49_existing_data_diagnosis/B_8000_seed2/wandb/offline-run-20261010_125405-7n9scqyq
wandb: Find logs at: code/V4/runs/R49_existing_data_diagnosis/B_8000_seed2/wandb/offline-run-20261010_125405-7n9scqyq/logs
test_nested_stratified_split_and_related_copies (code.V4.test_r49.R49Tests) ... ok
test_normalization_excludes_holdouts_and_padding (code.V4.test_r49.R49Tests) ... ok
test_only_development_ce_selects_checkpoint (code.V4.test_r49.R49Tests) ... ok
test_overlap_with_original_validation_rejected (code.V4.test_r49.R49Tests) ... ok
test_stream_retains_tails_and_has_fixed_batch_size (code.V4.test_r49.R49Tests) ... ok
test_binary_metrics_exclude_ties (code.V4.test_r48.CoreTests) ... ok
test_capacity_time_and_coverage (code.V4.test_r48.CoreTests) ... ok
test_clean_neural_label_isolation_and_gradient (code.V4.test_r48.CoreTests) ... ok
test_fp64_comparison_and_exact_ties (code.V4.test_r48.CoreTests) ... ok
test_node_permutation_synchronizes_attributes (code.V4.test_r48.CoreTests) ... ok
test_open_distance_and_route_reset (code.V4.test_r48.CoreTests) ... ok
test_original_csv_index_order (code.V4.test_r48.CoreTests) ... ok
test_tree_inputs_permutation_invariant (code.V4.test_r48.CoreTests) ... ok

----------------------------------------------------------------------
Ran 13 tests in 0.098s

OK
## Main results

| Model | Best update | Train accuracy | Development CE | Internal accuracy / regret | Original validation accuracy / regret |
|---|---:|---:|---:|---:|---:|
| A_2000_seed2 | 200 | 54.550% | 0.690082 | 51.400% / 0.848128% | 52.500% / 0.848809% |
| B_8000_seed2 | 1800 | 59.125% | 0.679775 | 51.000% / 0.863333% | 51.900% / 0.795806% |

