/public/home/shiys/miniconda3/envs/easynco/lib/python3.9/site-packages/lightning/fabric/__init__.py:40: pkg_resources is deprecated as an API. See https://setuptools.pypa.io/en/latest/pkg_resources.html. The pkg_resources package is slated for removal as early as 2025-11-30. Refrain from using this package or pin to Setuptools<81.
/public/home/shiys/miniconda3/envs/easynco/lib/python3.9/site-packages/pkg_resources/__init__.py:3146: DeprecationWarning: Deprecated call to `pkg_resources.declare_namespace('mpl_toolkits')`.
Implementing implicit namespace packages (as specified in PEP 420) is preferred to `pkg_resources.declare_namespace`. See https://setuptools.pypa.io/en/latest/references/keywords.html#keyword-namespace-packages
  declare_namespace(pkg)
/public/home/shiys/miniconda3/envs/easynco/lib/python3.9/site-packages/lightning/fabric/__init__.py:40: Deprecated call to `pkg_resources.declare_namespace('lightning.fabric')`.
Implementing implicit namespace packages (as specified in PEP 420) is preferred to `pkg_resources.declare_namespace`. See https://setuptools.pypa.io/en/latest/references/keywords.html#keyword-namespace-packages
/public/home/shiys/miniconda3/envs/easynco/lib/python3.9/site-packages/pkg_resources/__init__.py:2558: DeprecationWarning: Deprecated call to `pkg_resources.declare_namespace('lightning')`.
Implementing implicit namespace packages (as specified in PEP 420) is preferred to `pkg_resources.declare_namespace`. See https://setuptools.pypa.io/en/latest/references/keywords.html#keyword-namespace-packages
  declare_namespace(parent)
/public/home/shiys/miniconda3/envs/easynco/lib/python3.9/site-packages/matplotlib/_fontconfig_pattern.py:88: PyparsingDeprecationWarning: 'parseString' deprecated - use 'parse_string'
  parse = parser.parseString(pattern)
/public/home/shiys/miniconda3/envs/easynco/lib/python3.9/site-packages/matplotlib/_fontconfig_pattern.py:92: PyparsingDeprecationWarning: 'resetCache' deprecated - use 'reset_cache'
  parser.resetCache()
/public/home/shiys/miniconda3/envs/easynco/lib/python3.9/site-packages/matplotlib/_mathtext.py:30: PyparsingDeprecationWarning: 'enablePackrat' deprecated - use 'enable_packrat'
  ParserElement.enablePackrat()
In /public/home/shiys/miniconda3/envs/easynco/lib/python3.9/site-packages/matplotlib/mpl-data/stylelib/classic.mplstyle: 'parseString' deprecated - use 'parse_string'
In /public/home/shiys/miniconda3/envs/easynco/lib/python3.9/site-packages/matplotlib/mpl-data/stylelib/classic.mplstyle: 'resetCache' deprecated - use 'reset_cache'
/public/home/shiys/miniconda3/envs/easynco/lib/python3.9/site-packages/lightning/pytorch/__init__.py:37: Deprecated call to `pkg_resources.declare_namespace('lightning.pytorch')`.
Implementing implicit namespace packages (as specified in PEP 420) is preferred to `pkg_resources.declare_namespace`. See https://setuptools.pypa.io/en/latest/references/keywords.html#keyword-namespace-packages
/public/home/shiys/miniconda3/envs/easynco/lib/python3.9/site-packages/pkg_resources/__init__.py:2558: DeprecationWarning: Deprecated call to `pkg_resources.declare_namespace('lightning')`.
Implementing implicit namespace packages (as specified in PEP 420) is preferred to `pkg_resources.declare_namespace`. See https://setuptools.pypa.io/en/latest/references/keywords.html#keyword-namespace-packages
  declare_namespace(parent)
/public/home/shiys/easynco_v3_bridge/exports/train_100k_20261002/python_compat/torchrl/data/tensor_specs.py:5464: DeprecationWarning: The BoundedTensorSpec has been deprecated and will be removed in v0.7. Please use Bounded instead.
  warnings.warn(
/public/home/shiys/easynco_v3_bridge/exports/train_100k_20261002/python_compat/torchrl/data/tensor_specs.py:5464: DeprecationWarning: The UnboundedDiscreteTensorSpec has been deprecated and will be removed in v0.7. Please use Unbounded instead.
  warnings.warn(
/public/home/shiys/easynco_v3_bridge/exports/train_100k_20261002/python_compat/torchrl/data/tensor_specs.py:5464: DeprecationWarning: The CompositeSpec has been deprecated and will be removed in v0.7. Please use Composite instead.
  warnings.warn(
/public/home/shiys/easynco_v3_bridge/exports/train_100k_20261002/python_compat/torchrl/data/tensor_specs.py:5464: DeprecationWarning: The UnboundedContinuousTensorSpec has been deprecated and will be removed in v0.7. Please use Unbounded instead.
  warnings.warn(
