10:34:41 | epoch=1 | TRAIN[0] | CVRP | select arm=0(bq) | reason=warm_start
     0(bq              ): pulls=   0 | mean=+0.0000 | bonus=35.7617 | score=+35.7617 <--
     1(elg             ): pulls=   0 | mean=+0.0000 | bonus=35.5890 | score=+35.5890
     2(lehd            ): pulls=   0 | mean=+0.0000 | bonus=35.8891 | score=+35.8891
     7(omni            ): pulls=   0 | mean=+0.0000 | bonus=35.7739 | score=+35.7739
     8(mvmoe           ): pulls=   0 | mean=+0.0000 | bonus=35.8293 | score=+35.8293
10:34:46 | t=1 | UPDATE | problem=CVRP | head=CVRP | uid=cvrp:train:165 | global_index=165 | arm=0(bq)
    outcome: reward=0.7500 | selected_cost=27.4292 | best_cost=26.9333 | regret=0.4959
    result: record_global_index=165 | name=None | score=27.4292
    arm_stats: problem_pulls=1 | problem_avg_reward=0.7500 | global_pulls=1 | global_avg_reward=0.7500
    state: rep_history=1/5000 | linear_history=1/10000 | head_mode=problem_specific | theta_norm=0.0210 | A_inv_diag_mean=0.984387 | A_inv_diag_min=0.909695 | A_inv_diag_max=0.999982
10:34:49 | epoch=1 | TRAIN[1] | TSP | select arm=1(elg) | reason=warm_start
     0(bq              ): pulls=   0 | mean=+0.0000 | bonus=16.5100 | score=+16.5100
     1(elg             ): pulls=   0 | mean=+0.0000 | bonus=16.3304 | score=+16.3304 <--
     2(lehd            ): pulls=   0 | mean=+0.0000 | bonus=16.6325 | score=+16.6325
     3(t2t             ): pulls=   0 | mean=+0.0000 | bonus=16.5484 | score=+16.5484
     4(t2t500          ): pulls=   0 | mean=+0.0000 | bonus=16.4837 | score=+16.4837
     5(difusco         ): pulls=   0 | mean=+0.0000 | bonus=16.4741 | score=+16.4741
     6(difusco500      ): pulls=   0 | mean=+0.0000 | bonus=16.4633 | score=+16.4633
10:34:53 | t=2 | UPDATE | problem=TSP | head=TSP | uid=tsp:train:8504 | global_index=8504 | arm=1(elg)
    outcome: reward=0.6667 | selected_cost=7.1464 | best_cost=7.1146 | regret=0.0317
    result: record_global_index=8504 | name=None | score=7.1464
    arm_stats: problem_pulls=1 | problem_avg_reward=0.6667 | global_pulls=1 | global_avg_reward=0.6667
    state: rep_history=2/5000 | linear_history=2/10000 | head_mode=problem_specific | theta_norm=0.0407 | A_inv_diag_mean=0.984433 | A_inv_diag_min=0.906976 | A_inv_diag_max=0.999996
10:35:29 | t=2 | TRAIN | module=representation | trigger=train_every(2)
    optimize: epochs=1 | opt_steps=1 | batch_size=4 | lr=0.001
    buffers: rep_history=2/5000 | linear_history=2/10000
    sampling: balance_mode=problem_arm | power=0.500 | loss_reweight=True | groups=2 | group_count_min=1 | group_count_max=1
    heads: mode=problem_specific | active=CVRP,TSP
    loss: avg=0.503472 | min=0.503472 | max=0.503472 | last=0.503472
10:35:34 | epoch=1 | TRAIN[2] | CVRP | select arm=2(lehd) | reason=warm_start
     0(bq              ): pulls=   1 | mean=+0.7805 | bonus=1.1200 | score=+1.9005
     1(elg             ): pulls=   0 | mean=+0.7767 | bonus=1.2446 | score=+2.0213
     2(lehd            ): pulls=   0 | mean=+0.7830 | bonus=1.3726 | score=+2.1557 <--
     7(omni            ): pulls=   0 | mean=+0.7806 | bonus=1.3162 | score=+2.0968
     8(mvmoe           ): pulls=   0 | mean=+0.7818 | bonus=1.2263 | score=+2.0081
10:35:39 | t=3 | UPDATE | problem=CVRP | head=CVRP | uid=cvrp:train:752 | global_index=752 | arm=2(lehd)
    outcome: reward=0.2500 | selected_cost=34.0758 | best_cost=32.8642 | regret=1.2115
    result: record_global_index=752 | name=None | score=34.0758
    arm_stats: problem_pulls=1 | problem_avg_reward=0.2500 | global_pulls=1 | global_avg_reward=0.2500
    state: rep_history=3/5000 | linear_history=3/10000 | head_mode=problem_specific | theta_norm=0.1653 | A_inv_diag_mean=0.980085 | A_inv_diag_min=0.900805 | A_inv_diag_max=0.999815
10:36:43 | epoch=1 | TRAIN[3] | CVRP | select arm=7(omni) | reason=warm_start
     0(bq              ): pulls=   1 | mean=+0.7909 | bonus=1.2205 | score=+2.0114
     1(elg             ): pulls=   0 | mean=+0.7725 | bonus=1.3647 | score=+2.1371
     2(lehd            ): pulls=   1 | mean=+0.6974 | bonus=1.1347 | score=+1.8321
     7(omni            ): pulls=   0 | mean=+0.7374 | bonus=1.2807 | score=+2.0181 <--
     8(mvmoe           ): pulls=   0 | mean=+0.7845 | bonus=1.2907 | score=+2.0752
10:36:49 | t=4 | UPDATE | problem=CVRP | head=CVRP | uid=cvrp:train:409 | global_index=409 | arm=7(omni)
    outcome: reward=0.7500 | selected_cost=22.2210 | best_cost=21.9367 | regret=0.2843
    result: record_global_index=409 | name=None | score=22.2210
    arm_stats: problem_pulls=1 | problem_avg_reward=0.7500 | global_pulls=1 | global_avg_reward=0.7500
    state: rep_history=4/5000 | linear_history=4/10000 | head_mode=problem_specific | theta_norm=0.1667 | A_inv_diag_mean=0.976057 | A_inv_diag_min=0.884777 | A_inv_diag_max=0.999747
10:38:09 | t=4 | TRAIN | module=representation | trigger=train_every(2)
    optimize: epochs=1 | opt_steps=1 | batch_size=4 | lr=0.001
    buffers: rep_history=4/5000 | linear_history=4/10000
    sampling: balance_mode=problem_arm | power=0.500 | loss_reweight=True | groups=4 | group_count_min=1 | group_count_max=1
    heads: mode=problem_specific | active=CVRP,TSP
    loss: avg=0.182222 | min=0.182222 | max=0.182222 | last=0.182222
10:38:15 | epoch=1 | TRAIN[4] | TSP | select arm=3(t2t) | reason=warm_start
     0(bq              ): pulls=   0 | mean=+0.5527 | bonus=1.0837 | score=+1.6364
     1(elg             ): pulls=   1 | mean=+0.5454 | bonus=0.9224 | score=+1.4678
     2(lehd            ): pulls=   0 | mean=+0.5550 | bonus=1.2795 | score=+1.8346
     3(t2t             ): pulls=   0 | mean=+0.5545 | bonus=1.0625 | score=+1.6170 <--
     4(t2t500          ): pulls=   0 | mean=+0.5515 | bonus=1.1466 | score=+1.6981
     5(difusco         ): pulls=   0 | mean=+0.5505 | bonus=1.1032 | score=+1.6536
     6(difusco500      ): pulls=   0 | mean=+0.5488 | bonus=1.2826 | score=+1.8314
10:38:20 | t=5 | UPDATE | problem=TSP | head=TSP | uid=tsp:train:5111 | global_index=5111 | arm=3(t2t)
    outcome: reward=0.8333 | selected_cost=5.6136 | best_cost=5.6093 | regret=0.0043
    result: record_global_index=5111 | name=None | score=5.6136
    arm_stats: problem_pulls=1 | problem_avg_reward=0.8333 | global_pulls=1 | global_avg_reward=0.8333
    state: rep_history=5/5000 | linear_history=5/10000 | head_mode=problem_specific | theta_norm=0.1007 | A_inv_diag_mean=0.981237 | A_inv_diag_min=0.899426 | A_inv_diag_max=0.999887
10:38:29 | epoch=1 | TRAIN[5] | TSP | select arm=4(t2t500) | reason=warm_start
     0(bq              ): pulls=   0 | mean=+2.5083 | bonus=3.0519 | score=+5.5602
     1(elg             ): pulls=   1 | mean=+2.4758 | bonus=2.9612 | score=+5.4370
     2(lehd            ): pulls=   0 | mean=+2.5265 | bonus=3.2243 | score=+5.7508
     3(t2t             ): pulls=   1 | mean=+2.5180 | bonus=3.0570 | score=+5.5750
     4(t2t500          ): pulls=   0 | mean=+2.5162 | bonus=3.1074 | score=+5.6236 <--
     5(difusco         ): pulls=   0 | mean=+2.5099 | bonus=3.0467 | score=+5.5566
     6(difusco500      ): pulls=   0 | mean=+2.5132 | bonus=3.1828 | score=+5.6960
10:38:38 | t=6 | UPDATE | problem=TSP | head=TSP | uid=tsp:train:6368 | global_index=6368 | arm=4(t2t500)
    outcome: reward=0.5000 | selected_cost=10.4830 | best_cost=10.3524 | regret=0.1306
    result: record_global_index=6368 | name=None | score=10.4830
    arm_stats: problem_pulls=1 | problem_avg_reward=0.5000 | global_pulls=1 | global_avg_reward=0.5000
    state: rep_history=6/5000 | linear_history=6/10000 | head_mode=problem_specific | theta_norm=0.3557 | A_inv_diag_mean=0.975231 | A_inv_diag_min=0.887588 | A_inv_diag_max=0.998018
10:40:50 | t=6 | TRAIN | module=representation | trigger=train_every(2)
    optimize: epochs=1 | opt_steps=2 | batch_size=4 | lr=0.001
    buffers: rep_history=6/5000 | linear_history=6/10000
    sampling: balance_mode=problem_arm | power=0.500 | loss_reweight=True | groups=6 | group_count_min=1 | group_count_max=1
    heads: mode=problem_specific | active=CVRP,TSP
    loss: avg=0.288431 | min=0.135551 | max=0.441312 | last=0.135551
10:42:13 | VAL[0] | TSP | select arm=3(t2t) | reason=warm_start
     0(bq              ): pulls=   0 | mean=+2.1877 | bonus=4.2853 | score=+2.1877
     1(elg             ): pulls=   1 | mean=+2.1810 | bonus=4.1397 | score=+2.1810
     2(lehd            ): pulls=   0 | mean=+2.1925 | bonus=4.4606 | score=+2.1925
     3(t2t             ): pulls=   0 | mean=+2.1896 | bonus=4.3124 | score=+2.1896 <--
     4(t2t500          ): pulls=   0 | mean=+2.1867 | bonus=4.3586 | score=+2.1867
     5(difusco         ): pulls=   0 | mean=+2.1866 | bonus=4.2920 | score=+2.1866
     6(difusco500      ): pulls=   0 | mean=+2.1851 | bonus=4.4053 | score=+2.1851
10:42:18 | VAL[1] | TSP | select arm=3(t2t) | reason=warm_start
     0(bq              ): pulls=   0 | mean=+1.1268 | bonus=2.2201 | score=+1.1268
     1(elg             ): pulls=   1 | mean=+1.1201 | bonus=2.0712 | score=+1.1201
     2(lehd            ): pulls=   0 | mean=+1.1318 | bonus=2.4180 | score=+1.1318
     3(t2t             ): pulls=   0 | mean=+1.1287 | bonus=2.2336 | score=+1.1287 <--
     4(t2t500          ): pulls=   0 | mean=+1.1259 | bonus=2.2966 | score=+1.1259
     5(difusco         ): pulls=   0 | mean=+1.1257 | bonus=2.2355 | score=+1.1257
     6(difusco500      ): pulls=   0 | mean=+1.1244 | bonus=2.3785 | score=+1.1244
10:42:24 | VAL[2] | TSP | select arm=3(t2t) | reason=warm_start
     0(bq              ): pulls=   0 | mean=+1.9840 | bonus=4.0215 | score=+1.9840
     1(elg             ): pulls=   1 | mean=+1.9772 | bonus=3.8789 | score=+1.9772
     2(lehd            ): pulls=   0 | mean=+1.9887 | bonus=4.2131 | score=+1.9887
     3(t2t             ): pulls=   0 | mean=+1.9859 | bonus=4.0498 | score=+1.9859 <--
     4(t2t500          ): pulls=   0 | mean=+1.9829 | bonus=4.1022 | score=+1.9829
     5(difusco         ): pulls=   0 | mean=+1.9829 | bonus=4.0386 | score=+1.9829
     6(difusco500      ): pulls=   0 | mean=+1.9813 | bonus=4.1605 | score=+1.9813
10:42:30 | VAL[3] | CVRP | select arm=7(omni) | reason=warm_start
     0(bq              ): pulls=   1 | mean=+0.5806 | bonus=0.8304 | score=+0.5806
     1(elg             ): pulls=   0 | mean=+0.5617 | bonus=0.9744 | score=+0.5617
     2(lehd            ): pulls=   1 | mean=+0.4866 | bonus=0.8172 | score=+0.4866
     7(omni            ): pulls=   0 | mean=+0.5269 | bonus=0.9212 | score=+0.5269 <--
     8(mvmoe           ): pulls=   0 | mean=+0.5741 | bonus=0.9356 | score=+0.5741
10:42:34 | VAL[4] | CVRP | select arm=7(omni) | reason=warm_start
     0(bq              ): pulls=   1 | mean=+0.1697 | bonus=0.7779 | score=+0.1697
     1(elg             ): pulls=   0 | mean=+0.1494 | bonus=0.7938 | score=+0.1494
     2(lehd            ): pulls=   1 | mean=+0.0739 | bonus=0.8168 | score=+0.0739
     7(omni            ): pulls=   0 | mean=+0.1145 | bonus=0.8022 | score=+0.1145 <--
     8(mvmoe           ): pulls=   0 | mean=+0.1653 | bonus=0.8473 | score=+0.1653
10:42:39 | VAL[5] | CVRP | select arm=7(omni) | reason=warm_start
     0(bq              ): pulls=   1 | mean=+0.3788 | bonus=0.7610 | score=+0.3788
     1(elg             ): pulls=   0 | mean=+0.3594 | bonus=0.8459 | score=+0.3594
     2(lehd            ): pulls=   1 | mean=+0.2843 | bonus=0.8618 | score=+0.2843
     7(omni            ): pulls=   0 | mean=+0.3250 | bonus=0.8504 | score=+0.3250 <--
     8(mvmoe           ): pulls=   0 | mean=+0.3720 | bonus=0.8664 | score=+0.3720
10:42:44 | TEST[0] | TSP | select arm=3(t2t) | reason=warm_start
     0(bq              ): pulls=   0 | mean=+1.2872 | bonus=2.4643 | score=+1.2872
     1(elg             ): pulls=   1 | mean=+1.2806 | bonus=2.3494 | score=+1.2806
     2(lehd            ): pulls=   0 | mean=+1.2916 | bonus=2.4241 | score=+1.2916
     3(t2t             ): pulls=   0 | mean=+1.2888 | bonus=2.4508 | score=+1.2888 <--
     4(t2t500          ): pulls=   0 | mean=+1.2862 | bonus=2.4337 | score=+1.2862
     5(difusco         ): pulls=   0 | mean=+1.2859 | bonus=2.3707 | score=+1.2859
     6(difusco500      ): pulls=   0 | mean=+1.2849 | bonus=2.4247 | score=+1.2849
10:42:49 | TEST[1] | TSP | select arm=3(t2t) | reason=warm_start
     0(bq              ): pulls=   0 | mean=+1.0085 | bonus=1.9804 | score=+1.0085
     1(elg             ): pulls=   1 | mean=+1.0017 | bonus=1.8315 | score=+1.0017
     2(lehd            ): pulls=   0 | mean=+1.0136 | bonus=2.1811 | score=+1.0136
     3(t2t             ): pulls=   0 | mean=+1.0104 | bonus=1.9903 | score=+1.0104 <--
     4(t2t500          ): pulls=   0 | mean=+1.0076 | bonus=2.0542 | score=+1.0076
     5(difusco         ): pulls=   0 | mean=+1.0074 | bonus=1.9990 | score=+1.0074
     6(difusco500      ): pulls=   0 | mean=+1.0062 | bonus=2.1504 | score=+1.0062
10:42:53 | TEST[2] | TSP | select arm=3(t2t) | reason=warm_start
     0(bq              ): pulls=   0 | mean=+1.0451 | bonus=1.9931 | score=+1.0451
     1(elg             ): pulls=   1 | mean=+1.0383 | bonus=1.8418 | score=+1.0383
     2(lehd            ): pulls=   0 | mean=+1.0501 | bonus=2.1862 | score=+1.0501
     3(t2t             ): pulls=   0 | mean=+1.0470 | bonus=2.0004 | score=+1.0470 <--
     4(t2t500          ): pulls=   0 | mean=+1.0441 | bonus=2.0629 | score=+1.0441
     5(difusco         ): pulls=   0 | mean=+1.0439 | bonus=2.0053 | score=+1.0439
     6(difusco500      ): pulls=   0 | mean=+1.0427 | bonus=2.1551 | score=+1.0427
10:42:57 | TEST[3] | CVRP | select arm=7(omni) | reason=warm_start
     0(bq              ): pulls=   1 | mean=+0.3492 | bonus=0.7217 | score=+0.3492
     1(elg             ): pulls=   0 | mean=+0.3296 | bonus=0.7804 | score=+0.3296
     2(lehd            ): pulls=   1 | mean=+0.2545 | bonus=0.8238 | score=+0.2545
     7(omni            ): pulls=   0 | mean=+0.2952 | bonus=0.7938 | score=+0.2952 <--
     8(mvmoe           ): pulls=   0 | mean=+0.3422 | bonus=0.8402 | score=+0.3422
10:43:05 | TEST[4] | CVRP | select arm=7(omni) | reason=warm_start
     0(bq              ): pulls=   1 | mean=+0.6761 | bonus=1.2077 | score=+0.6761
     1(elg             ): pulls=   0 | mean=+0.6564 | bonus=1.3243 | score=+0.6564
     2(lehd            ): pulls=   1 | mean=+0.5816 | bonus=1.2452 | score=+0.5816
     7(omni            ): pulls=   0 | mean=+0.6218 | bonus=1.2889 | score=+0.6218 <--
     8(mvmoe           ): pulls=   0 | mean=+0.6697 | bonus=1.3043 | score=+0.6697
10:43:09 | TEST[5] | CVRP | select arm=7(omni) | reason=warm_start
     0(bq              ): pulls=   1 | mean=+0.2476 | bonus=0.6062 | score=+0.2476
     1(elg             ): pulls=   0 | mean=+0.2280 | bonus=0.6376 | score=+0.2280
     2(lehd            ): pulls=   1 | mean=+0.1527 | bonus=0.6833 | score=+0.1527
     7(omni            ): pulls=   0 | mean=+0.1933 | bonus=0.6404 | score=+0.1933 <--
     8(mvmoe           ): pulls=   0 | mean=+0.2403 | bonus=0.7046 | score=+0.2403
10:43:16 | VAL[0] | TSP | select arm=3(t2t) | reason=warm_start
     0(bq              ): pulls=   0 | mean=+2.1877 | bonus=4.2853 | score=+6.4730
     1(elg             ): pulls=   1 | mean=+2.1810 | bonus=4.1397 | score=+6.3207
     2(lehd            ): pulls=   0 | mean=+2.1925 | bonus=4.4606 | score=+6.6530
     3(t2t             ): pulls=   0 | mean=+2.1896 | bonus=4.3124 | score=+6.5020 <--
     4(t2t500          ): pulls=   0 | mean=+2.1867 | bonus=4.3586 | score=+6.5453
     5(difusco         ): pulls=   0 | mean=+2.1866 | bonus=4.2920 | score=+6.4786
     6(difusco500      ): pulls=   0 | mean=+2.1851 | bonus=4.4053 | score=+6.5904
10:43:20 | VAL[1] | TSP | select arm=3(t2t) | reason=warm_start
     0(bq              ): pulls=   0 | mean=+1.1268 | bonus=2.2201 | score=+3.3469
     1(elg             ): pulls=   1 | mean=+1.1201 | bonus=2.0712 | score=+3.1913
     2(lehd            ): pulls=   0 | mean=+1.1318 | bonus=2.4180 | score=+3.5499
     3(t2t             ): pulls=   0 | mean=+1.1287 | bonus=2.2336 | score=+3.3623 <--
     4(t2t500          ): pulls=   0 | mean=+1.1259 | bonus=2.2966 | score=+3.4224
     5(difusco         ): pulls=   0 | mean=+1.1257 | bonus=2.2355 | score=+3.3612
     6(difusco500      ): pulls=   0 | mean=+1.1244 | bonus=2.3785 | score=+3.5029
10:43:27 | VAL[2] | TSP | select arm=3(t2t) | reason=warm_start
     0(bq              ): pulls=   0 | mean=+1.9840 | bonus=4.0215 | score=+6.0055
     1(elg             ): pulls=   1 | mean=+1.9772 | bonus=3.8789 | score=+5.8562
     2(lehd            ): pulls=   0 | mean=+1.9887 | bonus=4.2131 | score=+6.2018
     3(t2t             ): pulls=   0 | mean=+1.9859 | bonus=4.0498 | score=+6.0357 <--
     4(t2t500          ): pulls=   0 | mean=+1.9829 | bonus=4.1022 | score=+6.0851
     5(difusco         ): pulls=   0 | mean=+1.9829 | bonus=4.0386 | score=+6.0215
     6(difusco500      ): pulls=   0 | mean=+1.9813 | bonus=4.1605 | score=+6.1418
10:43:34 | VAL[3] | CVRP | select arm=7(omni) | reason=warm_start
     0(bq              ): pulls=   1 | mean=+0.5806 | bonus=0.8304 | score=+1.4110
     1(elg             ): pulls=   0 | mean=+0.5617 | bonus=0.9744 | score=+1.5361
     2(lehd            ): pulls=   1 | mean=+0.4866 | bonus=0.8172 | score=+1.3038
     7(omni            ): pulls=   0 | mean=+0.5269 | bonus=0.9212 | score=+1.4481 <--
     8(mvmoe           ): pulls=   0 | mean=+0.5741 | bonus=0.9356 | score=+1.5097
10:43:37 | VAL[4] | CVRP | select arm=7(omni) | reason=warm_start
     0(bq              ): pulls=   1 | mean=+0.1697 | bonus=0.7779 | score=+0.9476
     1(elg             ): pulls=   0 | mean=+0.1494 | bonus=0.7938 | score=+0.9431
     2(lehd            ): pulls=   1 | mean=+0.0739 | bonus=0.8168 | score=+0.8907
     7(omni            ): pulls=   0 | mean=+0.1145 | bonus=0.8022 | score=+0.9167 <--
     8(mvmoe           ): pulls=   0 | mean=+0.1653 | bonus=0.8473 | score=+1.0126
10:43:43 | VAL[5] | CVRP | select arm=7(omni) | reason=warm_start
     0(bq              ): pulls=   1 | mean=+0.3788 | bonus=0.7610 | score=+1.1398
     1(elg             ): pulls=   0 | mean=+0.3594 | bonus=0.8459 | score=+1.2053
     2(lehd            ): pulls=   1 | mean=+0.2843 | bonus=0.8618 | score=+1.1461
     7(omni            ): pulls=   0 | mean=+0.3250 | bonus=0.8504 | score=+1.1754 <--
     8(mvmoe           ): pulls=   0 | mean=+0.3720 | bonus=0.8664 | score=+1.2384
10:43:49 | TEST[0] | TSP | select arm=3(t2t) | reason=warm_start
     0(bq              ): pulls=   0 | mean=+1.2872 | bonus=2.4643 | score=+3.7514
     1(elg             ): pulls=   1 | mean=+1.2806 | bonus=2.3494 | score=+3.6299
     2(lehd            ): pulls=   0 | mean=+1.2916 | bonus=2.4241 | score=+3.7158
     3(t2t             ): pulls=   0 | mean=+1.2888 | bonus=2.4508 | score=+3.7396 <--
     4(t2t500          ): pulls=   0 | mean=+1.2862 | bonus=2.4337 | score=+3.7199
     5(difusco         ): pulls=   0 | mean=+1.2859 | bonus=2.3707 | score=+3.6567
     6(difusco500      ): pulls=   0 | mean=+1.2849 | bonus=2.4247 | score=+3.7097
10:43:53 | TEST[1] | TSP | select arm=3(t2t) | reason=warm_start
     0(bq              ): pulls=   0 | mean=+1.0085 | bonus=1.9804 | score=+2.9889
     1(elg             ): pulls=   1 | mean=+1.0017 | bonus=1.8315 | score=+2.8332
     2(lehd            ): pulls=   0 | mean=+1.0136 | bonus=2.1811 | score=+3.1947
     3(t2t             ): pulls=   0 | mean=+1.0104 | bonus=1.9903 | score=+3.0008 <--
     4(t2t500          ): pulls=   0 | mean=+1.0076 | bonus=2.0542 | score=+3.0618
     5(difusco         ): pulls=   0 | mean=+1.0074 | bonus=1.9990 | score=+3.0063
     6(difusco500      ): pulls=   0 | mean=+1.0062 | bonus=2.1504 | score=+3.1566
10:43:57 | TEST[2] | TSP | select arm=3(t2t) | reason=warm_start
     0(bq              ): pulls=   0 | mean=+1.0451 | bonus=1.9931 | score=+3.0381
     1(elg             ): pulls=   1 | mean=+1.0383 | bonus=1.8418 | score=+2.8801
     2(lehd            ): pulls=   0 | mean=+1.0501 | bonus=2.1862 | score=+3.2363
     3(t2t             ): pulls=   0 | mean=+1.0470 | bonus=2.0004 | score=+3.0473 <--
     4(t2t500          ): pulls=   0 | mean=+1.0441 | bonus=2.0629 | score=+3.1070
     5(difusco         ): pulls=   0 | mean=+1.0439 | bonus=2.0053 | score=+3.0492
     6(difusco500      ): pulls=   0 | mean=+1.0427 | bonus=2.1551 | score=+3.1979
10:44:01 | TEST[3] | CVRP | select arm=7(omni) | reason=warm_start
     0(bq              ): pulls=   1 | mean=+0.3492 | bonus=0.7217 | score=+1.0710
     1(elg             ): pulls=   0 | mean=+0.3296 | bonus=0.7804 | score=+1.1100
     2(lehd            ): pulls=   1 | mean=+0.2545 | bonus=0.8238 | score=+1.0782
     7(omni            ): pulls=   0 | mean=+0.2952 | bonus=0.7938 | score=+1.0891 <--
     8(mvmoe           ): pulls=   0 | mean=+0.3422 | bonus=0.8402 | score=+1.1823
10:44:08 | TEST[4] | CVRP | select arm=7(omni) | reason=warm_start
     0(bq              ): pulls=   1 | mean=+0.6761 | bonus=1.2077 | score=+1.8838
     1(elg             ): pulls=   0 | mean=+0.6564 | bonus=1.3243 | score=+1.9808
     2(lehd            ): pulls=   1 | mean=+0.5816 | bonus=1.2452 | score=+1.8268
     7(omni            ): pulls=   0 | mean=+0.6218 | bonus=1.2889 | score=+1.9107 <--
     8(mvmoe           ): pulls=   0 | mean=+0.6697 | bonus=1.3043 | score=+1.9740
10:44:13 | TEST[5] | CVRP | select arm=7(omni) | reason=warm_start
     0(bq              ): pulls=   1 | mean=+0.2476 | bonus=0.6062 | score=+0.8537
     1(elg             ): pulls=   0 | mean=+0.2280 | bonus=0.6376 | score=+0.8657
     2(lehd            ): pulls=   1 | mean=+0.1527 | bonus=0.6833 | score=+0.8360
     7(omni            ): pulls=   0 | mean=+0.1933 | bonus=0.6404 | score=+0.8337 <--
     8(mvmoe           ): pulls=   0 | mean=+0.2403 | bonus=0.7046 | score=+0.9448
