wandb: Tracking run with wandb version 0.19.11
wandb: W&B syncing is set to `offline` in this directory. Run `wandb online` or set WANDB_MODE=online to enable cloud syncing.
[start] winner_cost_seed2 scratch=True all18=True epochs=60 batch=640 decision=classification model_hash=960a17a359d5da1b9ca71ba4f34099fdfd543f623f1b8e5960abd61fc2ad31c7
[eval epoch 0 classification] macro_top1=0.0664 top2=0.3549 top3=0.4546 vs_sbs=+14.507% vbs_closed=-1487.86%
          classification_top1=0.0664 performance_top1=0.1408 classification_CE=1.93849 performance_MSE=0.95705
       TSP: top1=0.297 mean_cost=7.9953 (sbs=7.9578) vs_sbs=+0.47%
      CVRP: top1=0.018 mean_cost=19.6954 (sbs=18.2943) vs_sbs=+7.66%
      ATSP: top1=0.076 mean_cost=1.7221 (sbs=1.6735) vs_sbs=+2.91%
      OVRP: top1=0.005 mean_cost=9.0993 (sbs=7.4617) vs_sbs=+21.95%
      VRPB: top1=0.066 mean_cost=11.8032 (sbs=9.3403) vs_sbs=+26.37%
      VRPL: top1=0.022 mean_cost=14.3601 (sbs=12.4072) vs_sbs=+15.74%
     VRPTW: top1=0.071 mean_cost=20.5224 (sbs=18.6571) vs_sbs=+10.00%
    OVRPTW: top1=0.066 mean_cost=11.3809 (sbs=10.0484) vs_sbs=+13.26%
     OVRPB: top1=0.015 mean_cost=8.2158 (sbs=6.3220) vs_sbs=+29.96%
     OVRPL: top1=0.007 mean_cost=9.0451 (sbs=7.4376) vs_sbs=+21.61%
     VRPBL: top1=0.065 mean_cost=11.3213 (sbs=9.3593) vs_sbs=+20.96%
    VRPBTW: top1=0.077 mean_cost=21.6196 (sbs=19.6697) vs_sbs=+9.91%
    VRPLTW: top1=0.063 mean_cost=20.2740 (sbs=18.5091) vs_sbs=+9.54%
    OVRPBL: top1=0.019 mean_cost=7.8488 (sbs=6.3103) vs_sbs=+24.38%
   OVRPBTW: top1=0.086 mean_cost=11.8041 (sbs=10.5068) vs_sbs=+12.35%
   OVRPLTW: top1=0.072 mean_cost=11.3596 (sbs=10.1272) vs_sbs=+12.17%
   VRPBLTW: top1=0.092 mean_cost=21.4708 (sbs=19.5198) vs_sbs=+10.00%
  OVRPBLTW: top1=0.079 mean_cost=11.7955 (sbs=10.5412) vs_sbs=+11.90%
ep001 step000050 loss=1.01085 ce=1.73764 pair=1.98647 risk=10.20160 lr=6.67e-05 samples/s=8551 peak_GiB=18.68 time=0.1m
ep001 step000100 loss=0.94682 ce=1.74476 pair=1.81978 risk=7.70874 lr=6.67e-05 samples/s=8190 peak_GiB=18.68 time=0.2m
ep001 step000150 loss=0.91001 ce=1.73063 pair=1.72174 risk=6.60570 lr=6.67e-05 samples/s=7854 peak_GiB=18.68 time=0.3m
ep001 step000200 loss=0.89658 ce=1.73151 pair=1.69202 risk=6.06732 lr=6.67e-05 samples/s=8198 peak_GiB=18.68 time=0.3m
ep001 step000250 loss=0.89010 ce=1.73693 pair=1.67253 risk=5.74619 lr=6.67e-05 samples/s=8130 peak_GiB=18.68 time=0.4m
[eval epoch 1 classification] macro_top1=0.3618 top2=0.6571 top3=0.7566 vs_sbs=+0.355% vbs_closed=-39.06%
          classification_top1=0.3618 performance_top1=0.3136 classification_CE=1.74761 performance_MSE=0.94050
       TSP: top1=0.297 mean_cost=7.9953 (sbs=7.9578) vs_sbs=+0.47%
      CVRP: top1=0.219 mean_cost=18.2943 (sbs=18.2943) vs_sbs=-0.00%
      ATSP: top1=0.480 mean_cost=1.6735 (sbs=1.6735) vs_sbs=+0.00%
      OVRP: top1=0.085 mean_cost=7.5915 (sbs=7.4617) vs_sbs=+1.74%
      VRPB: top1=0.504 mean_cost=9.3403 (sbs=9.3403) vs_sbs=-0.00%
      VRPL: top1=0.117 mean_cost=12.5087 (sbs=12.4072) vs_sbs=+0.82%
     VRPTW: top1=0.236 mean_cost=18.8505 (sbs=18.6571) vs_sbs=+1.04%
    OVRPTW: top1=0.476 mean_cost=10.0484 (sbs=10.0484) vs_sbs=-0.00%
     OVRPB: top1=0.545 mean_cost=6.3220 (sbs=6.3220) vs_sbs=-0.00%
     OVRPL: top1=0.068 mean_cost=7.5832 (sbs=7.4376) vs_sbs=+1.96%
     VRPBL: top1=0.528 mean_cost=9.3593 (sbs=9.3593) vs_sbs=+0.00%
    VRPBTW: top1=0.372 mean_cost=19.6697 (sbs=19.6697) vs_sbs=+0.00%
    VRPLTW: top1=0.257 mean_cost=18.5770 (sbs=18.5091) vs_sbs=+0.37%
    OVRPBL: top1=0.555 mean_cost=6.3103 (sbs=6.3103) vs_sbs=+0.00%
   OVRPBTW: top1=0.461 mean_cost=10.5068 (sbs=10.5068) vs_sbs=+0.00%
   OVRPLTW: top1=0.494 mean_cost=10.1272 (sbs=10.1272) vs_sbs=+0.00%
   VRPBLTW: top1=0.347 mean_cost=19.5198 (sbs=19.5198) vs_sbs=-0.00%
  OVRPBLTW: top1=0.471 mean_cost=10.5412 (sbs=10.5412) vs_sbs=-0.00%
[save] best.pt epoch=1 val_vs_sbs=+0.35509%
[epoch done 1] updates=270 skipped_attempts_total=0 grad=1.3069 elapsed=0.4m
ep002 step000300 loss=0.82347 ce=1.65430 pair=1.48201 risk=4.81301 lr=0.000133 samples/s=8566 peak_GiB=18.68 time=0.5m
ep002 step000350 loss=0.83412 ce=1.68004 pair=1.51678 risk=4.72109 lr=0.000133 samples/s=8570 peak_GiB=18.68 time=0.5m
ep002 step000400 loss=0.79925 ce=1.63370 pair=1.41955 risk=4.27480 lr=0.000133 samples/s=8014 peak_GiB=18.68 time=0.6m
ep002 step000450 loss=0.77251 ce=1.59064 pair=1.35024 risk=4.03802 lr=0.000133 samples/s=8164 peak_GiB=18.68 time=0.7m
ep002 step000500 loss=0.75437 ce=1.56450 pair=1.30273 risk=3.82630 lr=0.000133 samples/s=8252 peak_GiB=18.68 time=0.7m
[eval epoch 2 classification] macro_top1=0.3977 top2=0.7197 top3=0.8474 vs_sbs=-0.035% vbs_closed=-11.72%
          classification_top1=0.3977 performance_top1=0.3533 classification_CE=1.32234 performance_MSE=0.93029
       TSP: top1=0.305 mean_cost=7.9780 (sbs=7.9578) vs_sbs=+0.25%
      CVRP: top1=0.209 mean_cost=18.3185 (sbs=18.2943) vs_sbs=+0.13%
      ATSP: top1=0.508 mean_cost=1.6647 (sbs=1.6735) vs_sbs=-0.53%
      OVRP: top1=0.079 mean_cost=7.6040 (sbs=7.4617) vs_sbs=+1.91%
      VRPB: top1=0.538 mean_cost=9.3393 (sbs=9.3403) vs_sbs=-0.01%
      VRPL: top1=0.277 mean_cost=12.4076 (sbs=12.4072) vs_sbs=+0.00%
     VRPTW: top1=0.276 mean_cost=18.5755 (sbs=18.6571) vs_sbs=-0.44%
    OVRPTW: top1=0.481 mean_cost=10.0523 (sbs=10.0484) vs_sbs=+0.04%
     OVRPB: top1=0.549 mean_cost=6.3221 (sbs=6.3220) vs_sbs=+0.00%
     OVRPL: top1=0.350 mean_cost=7.4388 (sbs=7.4376) vs_sbs=+0.02%
     VRPBL: top1=0.557 mean_cost=9.3522 (sbs=9.3593) vs_sbs=-0.08%
    VRPBTW: top1=0.347 mean_cost=19.6924 (sbs=19.6697) vs_sbs=+0.11%
    VRPLTW: top1=0.316 mean_cost=18.1359 (sbs=18.5091) vs_sbs=-2.02%
    OVRPBL: top1=0.531 mean_cost=6.3109 (sbs=6.3103) vs_sbs=+0.01%
   OVRPBTW: top1=0.485 mean_cost=10.5026 (sbs=10.5068) vs_sbs=-0.04%
   OVRPLTW: top1=0.496 mean_cost=10.1264 (sbs=10.1272) vs_sbs=-0.01%
   VRPBLTW: top1=0.362 mean_cost=19.5311 (sbs=19.5198) vs_sbs=+0.06%
  OVRPBLTW: top1=0.492 mean_cost=10.5361 (sbs=10.5412) vs_sbs=-0.05%
[save] best.pt epoch=2 val_vs_sbs=-0.03487%
[epoch done 2] updates=540 skipped_attempts_total=0 grad=1.0128 elapsed=0.8m
ep003 step000550 loss=0.58973 ce=1.24300 pair=0.91360 risk=3.16604 lr=0.0002 samples/s=8543 peak_GiB=18.68 time=0.8m
ep003 step000600 loss=0.61361 ce=1.32380 pair=0.92276 risk=2.90006 lr=0.0002 samples/s=7962 peak_GiB=18.68 time=0.9m
ep003 step000650 loss=0.61278 ce=1.32379 pair=0.91920 risk=2.87689 lr=0.0002 samples/s=8228 peak_GiB=18.68 time=1.0m
ep003 step000700 loss=0.62161 ce=1.34171 pair=0.94339 risk=2.88355 lr=0.0002 samples/s=8110 peak_GiB=18.68 time=1.0m
ep003 step000750 loss=0.61489 ce=1.33215 pair=0.92505 risk=2.80661 lr=0.0002 samples/s=8217 peak_GiB=18.68 time=1.1m
ep003 step000800 loss=0.60562 ce=1.31678 pair=0.89924 risk=2.74132 lr=0.0002 samples/s=8149 peak_GiB=18.68 time=1.2m
[eval epoch 3 classification] macro_top1=0.4195 top2=0.7619 top3=0.8779 vs_sbs=-0.324% vbs_closed=+4.95%
          classification_top1=0.4195 performance_top1=0.3301 classification_CE=1.24327 performance_MSE=0.91400
       TSP: top1=0.308 mean_cost=7.9778 (sbs=7.9578) vs_sbs=+0.25%
      CVRP: top1=0.290 mean_cost=18.3818 (sbs=18.2943) vs_sbs=+0.48%
      ATSP: top1=0.668 mean_cost=1.6398 (sbs=1.6735) vs_sbs=-2.02%
      OVRP: top1=0.327 mean_cost=7.4663 (sbs=7.4617) vs_sbs=+0.06%
      VRPB: top1=0.546 mean_cost=9.3348 (sbs=9.3403) vs_sbs=-0.06%
      VRPL: top1=0.281 mean_cost=12.4073 (sbs=12.4072) vs_sbs=+0.00%
     VRPTW: top1=0.278 mean_cost=18.6247 (sbs=18.6571) vs_sbs=-0.17%
    OVRPTW: top1=0.476 mean_cost=10.0515 (sbs=10.0484) vs_sbs=+0.03%
     OVRPB: top1=0.555 mean_cost=6.3216 (sbs=6.3220) vs_sbs=-0.01%
     OVRPL: top1=0.332 mean_cost=7.4457 (sbs=7.4376) vs_sbs=+0.11%
     VRPBL: top1=0.552 mean_cost=9.3537 (sbs=9.3593) vs_sbs=-0.06%
    VRPBTW: top1=0.326 mean_cost=19.4116 (sbs=19.6697) vs_sbs=-1.31%
    VRPLTW: top1=0.316 mean_cost=18.1037 (sbs=18.5091) vs_sbs=-2.19%
    OVRPBL: top1=0.541 mean_cost=6.3104 (sbs=6.3103) vs_sbs=+0.00%
   OVRPBTW: top1=0.483 mean_cost=10.5037 (sbs=10.5068) vs_sbs=-0.03%
   OVRPLTW: top1=0.481 mean_cost=10.1280 (sbs=10.1272) vs_sbs=+0.01%
   VRPBLTW: top1=0.302 mean_cost=19.3459 (sbs=19.5198) vs_sbs=-0.89%
  OVRPBLTW: top1=0.489 mean_cost=10.5376 (sbs=10.5412) vs_sbs=-0.03%
[save] best.pt epoch=3 val_vs_sbs=-0.32372%
[epoch done 3] updates=810 skipped_attempts_total=0 grad=0.7721 elapsed=1.2m
ep004 step000850 loss=0.58959 ce=1.28444 pair=0.84860 risk=2.75860 lr=0.0002 samples/s=8571 peak_GiB=18.68 time=1.2m
ep004 step000900 loss=0.57208 ce=1.26483 pair=0.79976 risk=2.47081 lr=0.0002 samples/s=8157 peak_GiB=18.68 time=1.3m
ep004 step000950 loss=0.56824 ce=1.25839 pair=0.79236 risk=2.42853 lr=0.0002 samples/s=8575 peak_GiB=18.68 time=1.4m
ep004 step001000 loss=0.57655 ce=1.27468 pair=0.81323 risk=2.45463 lr=0.0002 samples/s=8379 peak_GiB=18.68 time=1.4m
ep004 step001050 loss=0.57718 ce=1.27585 pair=0.81448 risk=2.45895 lr=0.0002 samples/s=8123 peak_GiB=18.68 time=1.5m
[eval epoch 4 classification] macro_top1=0.4415 top2=0.7778 top3=0.8936 vs_sbs=-0.727% vbs_closed=+18.55%
          classification_top1=0.4415 performance_top1=0.3168 classification_CE=1.21028 performance_MSE=0.90973
       TSP: top1=0.347 mean_cost=7.9366 (sbs=7.9578) vs_sbs=-0.27%
      CVRP: top1=0.296 mean_cost=18.2839 (sbs=18.2943) vs_sbs=-0.06%
      ATSP: top1=0.709 mean_cost=1.6377 (sbs=1.6735) vs_sbs=-2.14%
      OVRP: top1=0.322 mean_cost=7.4593 (sbs=7.4617) vs_sbs=-0.03%
      VRPB: top1=0.550 mean_cost=9.3338 (sbs=9.3403) vs_sbs=-0.07%
      VRPL: top1=0.288 mean_cost=12.4074 (sbs=12.4072) vs_sbs=+0.00%
     VRPTW: top1=0.364 mean_cost=18.1233 (sbs=18.6571) vs_sbs=-2.86%
    OVRPTW: top1=0.487 mean_cost=10.0487 (sbs=10.0484) vs_sbs=+0.00%
     OVRPB: top1=0.546 mean_cost=6.3232 (sbs=6.3220) vs_sbs=+0.02%
     OVRPL: top1=0.358 mean_cost=7.4360 (sbs=7.4376) vs_sbs=-0.02%
     VRPBL: top1=0.530 mean_cost=9.3575 (sbs=9.3593) vs_sbs=-0.02%
    VRPBTW: top1=0.385 mean_cost=19.2993 (sbs=19.6697) vs_sbs=-1.88%
    VRPLTW: top1=0.342 mean_cost=17.8199 (sbs=18.5091) vs_sbs=-3.72%
    OVRPBL: top1=0.557 mean_cost=6.3100 (sbs=6.3103) vs_sbs=-0.00%
   OVRPBTW: top1=0.504 mean_cost=10.4992 (sbs=10.5068) vs_sbs=-0.07%
   OVRPLTW: top1=0.477 mean_cost=10.1294 (sbs=10.1272) vs_sbs=+0.02%
   VRPBLTW: top1=0.392 mean_cost=19.1409 (sbs=19.5198) vs_sbs=-1.94%
  OVRPBLTW: top1=0.493 mean_cost=10.5374 (sbs=10.5412) vs_sbs=-0.04%
[save] best.pt epoch=4 val_vs_sbs=-0.72671%
[epoch done 4] updates=1080 skipped_attempts_total=0 grad=0.6030 elapsed=1.6m
ep005 step001100 loss=0.55307 ce=1.26434 pair=0.70011 risk=2.02701 lr=0.0002 samples/s=7003 peak_GiB=18.68 time=1.6m
ep005 step001150 loss=0.54185 ce=1.22492 pair=0.71050 risk=2.10404 lr=0.0002 samples/s=8065 peak_GiB=18.68 time=1.7m
ep005 step001200 loss=0.55806 ce=1.25121 pair=0.75497 risk=2.23218 lr=0.0002 samples/s=7983 peak_GiB=18.68 time=1.7m
ep005 step001250 loss=0.55526 ce=1.24543 pair=0.74892 risk=2.22347 lr=0.0002 samples/s=8152 peak_GiB=18.68 time=1.8m
ep005 step001300 loss=0.55445 ce=1.24330 pair=0.74759 risk=2.22670 lr=0.0002 samples/s=8088 peak_GiB=18.68 time=1.9m
ep005 step001350 loss=0.55111 ce=1.23711 pair=0.74030 risk=2.20437 lr=0.0002 samples/s=8175 peak_GiB=18.68 time=1.9m
[eval epoch 5 classification] macro_top1=0.4439 top2=0.7856 top3=0.8973 vs_sbs=-0.779% vbs_closed=+18.64%
          classification_top1=0.4439 performance_top1=0.3101 classification_CE=1.19819 performance_MSE=0.91020
       TSP: top1=0.325 mean_cost=7.9301 (sbs=7.9578) vs_sbs=-0.35%
      CVRP: top1=0.318 mean_cost=18.3452 (sbs=18.2943) vs_sbs=+0.28%
      ATSP: top1=0.714 mean_cost=1.6376 (sbs=1.6735) vs_sbs=-2.15%
      OVRP: top1=0.323 mean_cost=7.4610 (sbs=7.4617) vs_sbs=-0.01%
      VRPB: top1=0.551 mean_cost=9.3338 (sbs=9.3403) vs_sbs=-0.07%
      VRPL: top1=0.282 mean_cost=12.4068 (sbs=12.4072) vs_sbs=-0.00%
     VRPTW: top1=0.340 mean_cost=18.0585 (sbs=18.6571) vs_sbs=-3.21%
    OVRPTW: top1=0.495 mean_cost=10.0430 (sbs=10.0484) vs_sbs=-0.05%
     OVRPB: top1=0.533 mean_cost=6.3244 (sbs=6.3220) vs_sbs=+0.04%
     OVRPL: top1=0.353 mean_cost=7.4413 (sbs=7.4376) vs_sbs=+0.05%
     VRPBL: top1=0.552 mean_cost=9.3530 (sbs=9.3593) vs_sbs=-0.07%
    VRPBTW: top1=0.430 mean_cost=19.1824 (sbs=19.6697) vs_sbs=-2.48%
    VRPLTW: top1=0.375 mean_cost=17.8052 (sbs=18.5091) vs_sbs=-3.80%
    OVRPBL: top1=0.549 mean_cost=6.3105 (sbs=6.3103) vs_sbs=+0.00%
   OVRPBTW: top1=0.475 mean_cost=10.5012 (sbs=10.5068) vs_sbs=-0.05%
   OVRPLTW: top1=0.497 mean_cost=10.1234 (sbs=10.1272) vs_sbs=-0.04%
   VRPBLTW: top1=0.394 mean_cost=19.1149 (sbs=19.5198) vs_sbs=-2.07%
  OVRPBLTW: top1=0.485 mean_cost=10.5378 (sbs=10.5412) vs_sbs=-0.03%
[save] best.pt epoch=5 val_vs_sbs=-0.77867%
[epoch done 5] updates=1350 skipped_attempts_total=0 grad=0.5379 elapsed=2.1m
ep006 step001400 loss=0.53930 ce=1.21852 pair=0.70854 risk=2.09798 lr=0.000199 samples/s=7858 peak_GiB=18.68 time=2.2m
[AMP retry] attempt=1 scale=65536->32768
ep006 step001450 loss=0.54647 ce=1.22677 pair=0.73940 risk=2.15812 lr=0.000199 samples/s=8520 peak_GiB=18.68 time=2.3m
ep006 step001500 loss=0.55301 ce=1.24091 pair=0.74775 risk=2.19587 lr=0.000199 samples/s=8289 peak_GiB=18.68 time=2.3m
ep006 step001550 loss=0.54697 ce=1.23215 pair=0.73002 risk=2.13564 lr=0.000199 samples/s=8006 peak_GiB=18.68 time=2.4m
ep006 step001600 loss=0.54585 ce=1.23049 pair=0.72715 risk=2.12301 lr=0.000199 samples/s=8115 peak_GiB=18.68 time=2.5m
[eval epoch 6 classification] macro_top1=0.4371 top2=0.7869 top3=0.8977 vs_sbs=-0.798% vbs_closed=+19.79%
          classification_top1=0.4371 performance_top1=0.3077 classification_CE=1.19604 performance_MSE=0.91504
       TSP: top1=0.353 mean_cost=7.9223 (sbs=7.9578) vs_sbs=-0.45%
      CVRP: top1=0.261 mean_cost=18.2969 (sbs=18.2943) vs_sbs=+0.01%
      ATSP: top1=0.710 mean_cost=1.6376 (sbs=1.6735) vs_sbs=-2.14%
      OVRP: top1=0.312 mean_cost=7.4615 (sbs=7.4617) vs_sbs=-0.00%
      VRPB: top1=0.513 mean_cost=9.3386 (sbs=9.3403) vs_sbs=-0.02%
      VRPL: top1=0.294 mean_cost=12.4061 (sbs=12.4072) vs_sbs=-0.01%
     VRPTW: top1=0.366 mean_cost=18.0243 (sbs=18.6571) vs_sbs=-3.39%
    OVRPTW: top1=0.480 mean_cost=10.0477 (sbs=10.0484) vs_sbs=-0.01%
     OVRPB: top1=0.545 mean_cost=6.3220 (sbs=6.3220) vs_sbs=-0.00%
     OVRPL: top1=0.343 mean_cost=7.4398 (sbs=7.4376) vs_sbs=+0.03%
     VRPBL: top1=0.532 mean_cost=9.3578 (sbs=9.3593) vs_sbs=-0.02%
    VRPBTW: top1=0.417 mean_cost=19.1625 (sbs=19.6697) vs_sbs=-2.58%
    VRPLTW: top1=0.350 mean_cost=17.8502 (sbs=18.5091) vs_sbs=-3.56%
    OVRPBL: top1=0.555 mean_cost=6.3103 (sbs=6.3103) vs_sbs=+0.00%
   OVRPBTW: top1=0.474 mean_cost=10.5017 (sbs=10.5068) vs_sbs=-0.05%
   OVRPLTW: top1=0.497 mean_cost=10.1271 (sbs=10.1272) vs_sbs=-0.00%
   VRPBLTW: top1=0.387 mean_cost=19.0966 (sbs=19.5198) vs_sbs=-2.17%
  OVRPBLTW: top1=0.478 mean_cost=10.5402 (sbs=10.5412) vs_sbs=-0.01%
[save] best.pt epoch=6 val_vs_sbs=-0.79761%
[epoch done 6] updates=1620 skipped_attempts_total=1 grad=0.5474 elapsed=2.5m
ep007 step001650 loss=0.53466 ce=1.22180 pair=0.68179 risk=1.94274 lr=0.000199 samples/s=8567 peak_GiB=18.68 time=2.5m
ep007 step001700 loss=0.54567 ce=1.22965 pair=0.73527 risk=2.08830 lr=0.000199 samples/s=8115 peak_GiB=18.68 time=2.6m
ep007 step001750 loss=0.54390 ce=1.22619 pair=0.72822 risk=2.09579 lr=0.000199 samples/s=8286 peak_GiB=18.68 time=2.7m
ep007 step001800 loss=0.54865 ce=1.23418 pair=0.73858 risk=2.14137 lr=0.000199 samples/s=8169 peak_GiB=18.68 time=2.7m
ep007 step001850 loss=0.54574 ce=1.22959 pair=0.72827 risk=2.12794 lr=0.000199 samples/s=8101 peak_GiB=18.68 time=2.8m
[eval epoch 7 classification] macro_top1=0.4395 top2=0.7818 top3=0.8944 vs_sbs=-0.735% vbs_closed=+18.73%
          classification_top1=0.4395 performance_top1=0.3004 classification_CE=1.19745 performance_MSE=0.91497
       TSP: top1=0.344 mean_cost=7.9287 (sbs=7.9578) vs_sbs=-0.37%
      CVRP: top1=0.329 mean_cost=18.3275 (sbs=18.2943) vs_sbs=+0.18%
      ATSP: top1=0.700 mean_cost=1.6380 (sbs=1.6735) vs_sbs=-2.13%
      OVRP: top1=0.308 mean_cost=7.4612 (sbs=7.4617) vs_sbs=-0.01%
      VRPB: top1=0.556 mean_cost=9.3329 (sbs=9.3403) vs_sbs=-0.08%
      VRPL: top1=0.290 mean_cost=12.4067 (sbs=12.4072) vs_sbs=-0.00%
     VRPTW: top1=0.322 mean_cost=18.1121 (sbs=18.6571) vs_sbs=-2.92%
    OVRPTW: top1=0.488 mean_cost=10.0434 (sbs=10.0484) vs_sbs=-0.05%
     OVRPB: top1=0.545 mean_cost=6.3220 (sbs=6.3220) vs_sbs=-0.00%
     OVRPL: top1=0.341 mean_cost=7.4368 (sbs=7.4376) vs_sbs=-0.01%
     VRPBL: top1=0.551 mean_cost=9.3538 (sbs=9.3593) vs_sbs=-0.06%
    VRPBTW: top1=0.392 mean_cost=19.2412 (sbs=19.6697) vs_sbs=-2.18%
    VRPLTW: top1=0.345 mean_cost=17.9097 (sbs=18.5091) vs_sbs=-3.24%
    OVRPBL: top1=0.555 mean_cost=6.3103 (sbs=6.3103) vs_sbs=+0.00%
   OVRPBTW: top1=0.471 mean_cost=10.5013 (sbs=10.5068) vs_sbs=-0.05%
   OVRPLTW: top1=0.495 mean_cost=10.1253 (sbs=10.1272) vs_sbs=-0.02%
   VRPBLTW: top1=0.387 mean_cost=19.0755 (sbs=19.5198) vs_sbs=-2.28%
  OVRPBLTW: top1=0.492 mean_cost=10.5392 (sbs=10.5412) vs_sbs=-0.02%
[epoch done 7] updates=1890 skipped_attempts_total=1 grad=0.5599 elapsed=2.9m
ep008 step001900 loss=0.53617 ce=1.22543 pair=0.68535 risk=1.93680 lr=0.000198 samples/s=15649 peak_GiB=18.68 time=2.9m
ep008 step001950 loss=0.53480 ce=1.21350 pair=0.69166 risk=2.04573 lr=0.000198 samples/s=7453 peak_GiB=18.68 time=3.0m
ep008 step002000 loss=0.53742 ce=1.21558 pair=0.70792 risk=2.05864 lr=0.000198 samples/s=8239 peak_GiB=18.68 time=3.0m
ep008 step002050 loss=0.53433 ce=1.21005 pair=0.69887 risk=2.04651 lr=0.000198 samples/s=8116 peak_GiB=18.68 time=3.1m
ep008 step002100 loss=0.53632 ce=1.21375 pair=0.70927 risk=2.02893 lr=0.000198 samples/s=8222 peak_GiB=18.68 time=3.2m
ep008 step002150 loss=0.53944 ce=1.21941 pair=0.71512 risk=2.05697 lr=0.000198 samples/s=8288 peak_GiB=18.68 time=3.2m
[eval epoch 8 classification] macro_top1=0.4431 top2=0.7864 top3=0.9011 vs_sbs=-0.761% vbs_closed=+19.47%
          classification_top1=0.4431 performance_top1=0.2719 classification_CE=1.19406 performance_MSE=0.91151
       TSP: top1=0.354 mean_cost=7.9201 (sbs=7.9578) vs_sbs=-0.47%
      CVRP: top1=0.341 mean_cost=18.3026 (sbs=18.2943) vs_sbs=+0.05%
      ATSP: top1=0.696 mean_cost=1.6391 (sbs=1.6735) vs_sbs=-2.06%
      OVRP: top1=0.310 mean_cost=7.4635 (sbs=7.4617) vs_sbs=+0.03%
      VRPB: top1=0.552 mean_cost=9.3325 (sbs=9.3403) vs_sbs=-0.08%
      VRPL: top1=0.287 mean_cost=12.4064 (sbs=12.4072) vs_sbs=-0.01%
     VRPTW: top1=0.356 mean_cost=18.0653 (sbs=18.6571) vs_sbs=-3.17%
    OVRPTW: top1=0.486 mean_cost=10.0467 (sbs=10.0484) vs_sbs=-0.02%
     OVRPB: top1=0.545 mean_cost=6.3220 (sbs=6.3220) vs_sbs=-0.00%
     OVRPL: top1=0.351 mean_cost=7.4408 (sbs=7.4376) vs_sbs=+0.04%
     VRPBL: top1=0.551 mean_cost=9.3538 (sbs=9.3593) vs_sbs=-0.06%
    VRPBTW: top1=0.415 mean_cost=19.1468 (sbs=19.6697) vs_sbs=-2.66%
    VRPLTW: top1=0.347 mean_cost=17.9777 (sbs=18.5091) vs_sbs=-2.87%
    OVRPBL: top1=0.555 mean_cost=6.3103 (sbs=6.3103) vs_sbs=+0.00%
   OVRPBTW: top1=0.463 mean_cost=10.5059 (sbs=10.5068) vs_sbs=-0.01%
   OVRPLTW: top1=0.495 mean_cost=10.1268 (sbs=10.1272) vs_sbs=-0.00%
   VRPBLTW: top1=0.389 mean_cost=19.0585 (sbs=19.5198) vs_sbs=-2.36%
  OVRPBLTW: top1=0.482 mean_cost=10.5378 (sbs=10.5412) vs_sbs=-0.03%
[epoch done 8] updates=2160 skipped_attempts_total=1 grad=0.4987 elapsed=3.3m
ep009 step002200 loss=0.52604 ce=1.19249 pair=0.69150 risk=1.97571 lr=0.000196 samples/s=8585 peak_GiB=18.68 time=3.3m
ep009 step002250 loss=0.52367 ce=1.19556 pair=0.66914 risk=1.91541 lr=0.000196 samples/s=8175 peak_GiB=18.68 time=3.4m
ep009 step002300 loss=0.54154 ce=1.22690 pair=0.72657 risk=1.97318 lr=0.000196 samples/s=8064 peak_GiB=18.68 time=3.4m
ep009 step002350 loss=0.53713 ce=1.21932 pair=0.71107 risk=1.96300 lr=0.000196 samples/s=8013 peak_GiB=18.68 time=3.5m
ep009 step002400 loss=0.53503 ce=1.21548 pair=0.70542 risk=1.95363 lr=0.000196 samples/s=7982 peak_GiB=18.68 time=3.6m
[eval epoch 9 classification] macro_top1=0.4363 top2=0.7743 top3=0.8909 vs_sbs=-0.639% vbs_closed=+17.48%
          classification_top1=0.4363 performance_top1=0.2715 classification_CE=1.20363 performance_MSE=0.91981
       TSP: top1=0.331 mean_cost=7.9196 (sbs=7.9578) vs_sbs=-0.48%
      CVRP: top1=0.338 mean_cost=18.2889 (sbs=18.2943) vs_sbs=-0.03%
      ATSP: top1=0.714 mean_cost=1.6435 (sbs=1.6735) vs_sbs=-1.80%
      OVRP: top1=0.331 mean_cost=7.4666 (sbs=7.4617) vs_sbs=+0.07%
      VRPB: top1=0.551 mean_cost=9.3338 (sbs=9.3403) vs_sbs=-0.07%
      VRPL: top1=0.282 mean_cost=12.4072 (sbs=12.4072) vs_sbs=-0.00%
     VRPTW: top1=0.298 mean_cost=18.3367 (sbs=18.6571) vs_sbs=-1.72%
    OVRPTW: top1=0.496 mean_cost=10.0443 (sbs=10.0484) vs_sbs=-0.04%
     OVRPB: top1=0.568 mean_cost=6.3190 (sbs=6.3220) vs_sbs=-0.05%
     OVRPL: top1=0.335 mean_cost=7.4371 (sbs=7.4376) vs_sbs=-0.01%
     VRPBL: top1=0.544 mean_cost=9.3547 (sbs=9.3593) vs_sbs=-0.05%
    VRPBTW: top1=0.350 mean_cost=19.3241 (sbs=19.6697) vs_sbs=-1.76%
    VRPLTW: top1=0.349 mean_cost=17.8639 (sbs=18.5091) vs_sbs=-3.49%
    OVRPBL: top1=0.524 mean_cost=6.3096 (sbs=6.3103) vs_sbs=-0.01%
   OVRPBTW: top1=0.490 mean_cost=10.5009 (sbs=10.5068) vs_sbs=-0.06%
   OVRPLTW: top1=0.491 mean_cost=10.1254 (sbs=10.1272) vs_sbs=-0.02%
   VRPBLTW: top1=0.370 mean_cost=19.1331 (sbs=19.5198) vs_sbs=-1.98%
  OVRPBLTW: top1=0.491 mean_cost=10.5383 (sbs=10.5412) vs_sbs=-0.03%
[epoch done 9] updates=2430 skipped_attempts_total=1 grad=0.5745 elapsed=3.6m
ep010 step002450 loss=0.51058 ce=1.16059 pair=0.64585 risk=1.98932 lr=0.000194 samples/s=8578 peak_GiB=18.68 time=3.7m
ep010 step002500 loss=0.53776 ce=1.22059 pair=0.70464 risk=2.00454 lr=0.000194 samples/s=8061 peak_GiB=18.68 time=3.7m
ep010 step002550 loss=0.53705 ce=1.21799 pair=0.70037 risk=2.03589 lr=0.000194 samples/s=8272 peak_GiB=18.68 time=3.8m
ep010 step002600 loss=0.53439 ce=1.21577 pair=0.69220 risk=1.98258 lr=0.000194 samples/s=7954 peak_GiB=18.68 time=3.9m
ep010 step002650 loss=0.52676 ce=1.20029 pair=0.67615 risk=1.95221 lr=0.000194 samples/s=8247 peak_GiB=18.68 time=3.9m
ep010 step002700 loss=0.52496 ce=1.19807 pair=0.67075 risk=1.92796 lr=0.000194 samples/s=8176 peak_GiB=18.68 time=4.0m
[eval epoch 10 classification] macro_top1=0.4476 top2=0.7952 top3=0.9061 vs_sbs=-0.868% vbs_closed=+22.01%
          classification_top1=0.4476 performance_top1=0.2442 classification_CE=1.17092 performance_MSE=0.90940
       TSP: top1=0.363 mean_cost=7.9194 (sbs=7.9578) vs_sbs=-0.48%
      CVRP: top1=0.307 mean_cost=18.2826 (sbs=18.2943) vs_sbs=-0.06%
      ATSP: top1=0.700 mean_cost=1.6461 (sbs=1.6735) vs_sbs=-1.64%
      OVRP: top1=0.320 mean_cost=7.4603 (sbs=7.4617) vs_sbs=-0.02%
      VRPB: top1=0.551 mean_cost=9.3337 (sbs=9.3403) vs_sbs=-0.07%
      VRPL: top1=0.288 mean_cost=12.4070 (sbs=12.4072) vs_sbs=-0.00%
     VRPTW: top1=0.368 mean_cost=17.9896 (sbs=18.6571) vs_sbs=-3.58%
    OVRPTW: top1=0.496 mean_cost=10.0431 (sbs=10.0484) vs_sbs=-0.05%
     OVRPB: top1=0.561 mean_cost=6.3192 (sbs=6.3220) vs_sbs=-0.04%
     OVRPL: top1=0.326 mean_cost=7.4414 (sbs=7.4376) vs_sbs=+0.05%
     VRPBL: top1=0.544 mean_cost=9.3547 (sbs=9.3593) vs_sbs=-0.05%
    VRPBTW: top1=0.429 mean_cost=19.1396 (sbs=19.6697) vs_sbs=-2.70%
    VRPLTW: top1=0.398 mean_cost=17.7223 (sbs=18.5091) vs_sbs=-4.25%
    OVRPBL: top1=0.530 mean_cost=6.3085 (sbs=6.3103) vs_sbs=-0.03%
   OVRPBTW: top1=0.493 mean_cost=10.5001 (sbs=10.5068) vs_sbs=-0.06%
   OVRPLTW: top1=0.482 mean_cost=10.1301 (sbs=10.1272) vs_sbs=+0.03%
   VRPBLTW: top1=0.412 mean_cost=19.0042 (sbs=19.5198) vs_sbs=-2.64%
  OVRPBLTW: top1=0.488 mean_cost=10.5392 (sbs=10.5412) vs_sbs=-0.02%
[save] best.pt epoch=10 val_vs_sbs=-0.86768%
[epoch done 10] updates=2700 skipped_attempts_total=1 grad=0.4752 elapsed=4.2m
ep011 step002750 loss=0.52109 ce=1.19459 pair=0.65574 risk=1.87048 lr=0.000192 samples/s=8570 peak_GiB=18.68 time=4.2m
ep011 step002800 loss=0.51829 ce=1.18936 pair=0.65010 risk=1.85033 lr=0.000192 samples/s=8202 peak_GiB=18.68 time=4.3m
ep011 step002850 loss=0.51708 ce=1.18471 pair=0.65298 risk=1.85651 lr=0.000192 samples/s=8324 peak_GiB=18.68 time=4.4m
ep011 step002900 loss=0.52200 ce=1.19588 pair=0.66036 risk=1.87032 lr=0.000192 samples/s=8034 peak_GiB=18.68 time=4.4m
ep011 step002950 loss=0.52155 ce=1.19448 pair=0.65906 risk=1.87867 lr=0.000192 samples/s=8139 peak_GiB=18.68 time=4.5m
[eval epoch 11 classification] macro_top1=0.4524 top2=0.7912 top3=0.9034 vs_sbs=-0.849% vbs_closed=+22.07%
          classification_top1=0.4524 performance_top1=0.2959 classification_CE=1.17459 performance_MSE=0.91204
       TSP: top1=0.375 mean_cost=7.9194 (sbs=7.9578) vs_sbs=-0.48%
      CVRP: top1=0.340 mean_cost=18.3109 (sbs=18.2943) vs_sbs=+0.09%
      ATSP: top1=0.757 mean_cost=1.6360 (sbs=1.6735) vs_sbs=-2.24%
      OVRP: top1=0.320 mean_cost=7.4605 (sbs=7.4617) vs_sbs=-0.02%
      VRPB: top1=0.554 mean_cost=9.3334 (sbs=9.3403) vs_sbs=-0.07%
      VRPL: top1=0.290 mean_cost=12.4057 (sbs=12.4072) vs_sbs=-0.01%
     VRPTW: top1=0.345 mean_cost=18.0536 (sbs=18.6571) vs_sbs=-3.23%
    OVRPTW: top1=0.502 mean_cost=10.0440 (sbs=10.0484) vs_sbs=-0.04%
     OVRPB: top1=0.553 mean_cost=6.3194 (sbs=6.3220) vs_sbs=-0.04%
     OVRPL: top1=0.338 mean_cost=7.4378 (sbs=7.4376) vs_sbs=+0.00%
     VRPBL: top1=0.552 mean_cost=9.3532 (sbs=9.3593) vs_sbs=-0.06%
    VRPBTW: top1=0.426 mean_cost=19.1129 (sbs=19.6697) vs_sbs=-2.83%
    VRPLTW: top1=0.365 mean_cost=17.8047 (sbs=18.5091) vs_sbs=-3.81%
    OVRPBL: top1=0.545 mean_cost=6.3109 (sbs=6.3103) vs_sbs=+0.01%
   OVRPBTW: top1=0.498 mean_cost=10.4995 (sbs=10.5068) vs_sbs=-0.07%
   OVRPLTW: top1=0.491 mean_cost=10.1281 (sbs=10.1272) vs_sbs=+0.01%
   VRPBLTW: top1=0.397 mean_cost=19.0428 (sbs=19.5198) vs_sbs=-2.44%
  OVRPBLTW: top1=0.496 mean_cost=10.5375 (sbs=10.5412) vs_sbs=-0.04%
[epoch done 11] updates=2970 skipped_attempts_total=1 grad=0.5259 elapsed=4.6m
ep012 step003000 loss=0.52127 ce=1.19424 pair=0.65030 risk=1.91279 lr=0.00019 samples/s=7453 peak_GiB=18.68 time=4.6m
ep012 step003050 loss=0.51234 ce=1.17796 pair=0.63350 risk=1.83545 lr=0.00019 samples/s=8124 peak_GiB=18.68 time=4.7m
ep012 step003100 loss=0.51258 ce=1.17954 pair=0.63574 risk=1.80818 lr=0.00019 samples/s=8300 peak_GiB=18.68 time=4.7m
ep012 step003150 loss=0.51462 ce=1.18270 pair=0.64128 risk=1.82747 lr=0.00019 samples/s=8179 peak_GiB=18.68 time=4.8m
ep012 step003200 loss=0.51668 ce=1.18708 pair=0.64648 risk=1.82773 lr=0.00019 samples/s=8110 peak_GiB=18.68 time=4.9m
[eval epoch 12 classification] macro_top1=0.4446 top2=0.7904 top3=0.9046 vs_sbs=-0.846% vbs_closed=+20.10%
          classification_top1=0.4446 performance_top1=0.2429 classification_CE=1.17839 performance_MSE=0.91983
       TSP: top1=0.336 mean_cost=7.9225 (sbs=7.9578) vs_sbs=-0.44%
      CVRP: top1=0.334 mean_cost=18.3482 (sbs=18.2943) vs_sbs=+0.29%
      ATSP: top1=0.670 mean_cost=1.6399 (sbs=1.6735) vs_sbs=-2.01%
      OVRP: top1=0.310 mean_cost=7.4616 (sbs=7.4617) vs_sbs=-0.00%
      VRPB: top1=0.551 mean_cost=9.3331 (sbs=9.3403) vs_sbs=-0.08%
      VRPL: top1=0.284 mean_cost=12.4060 (sbs=12.4072) vs_sbs=-0.01%
     VRPTW: top1=0.366 mean_cost=17.9741 (sbs=18.6571) vs_sbs=-3.66%
    OVRPTW: top1=0.489 mean_cost=10.0475 (sbs=10.0484) vs_sbs=-0.01%
     OVRPB: top1=0.545 mean_cost=6.3195 (sbs=6.3220) vs_sbs=-0.04%
     OVRPL: top1=0.341 mean_cost=7.4380 (sbs=7.4376) vs_sbs=+0.01%
     VRPBL: top1=0.543 mean_cost=9.3546 (sbs=9.3593) vs_sbs=-0.05%
    VRPBTW: top1=0.433 mean_cost=19.1125 (sbs=19.6697) vs_sbs=-2.83%
    VRPLTW: top1=0.383 mean_cost=17.8020 (sbs=18.5091) vs_sbs=-3.82%
    OVRPBL: top1=0.547 mean_cost=6.3103 (sbs=6.3103) vs_sbs=+0.00%
   OVRPBTW: top1=0.486 mean_cost=10.5023 (sbs=10.5068) vs_sbs=-0.04%
   OVRPLTW: top1=0.483 mean_cost=10.1319 (sbs=10.1272) vs_sbs=+0.05%
   VRPBLTW: top1=0.409 mean_cost=19.0245 (sbs=19.5198) vs_sbs=-2.54%
  OVRPBLTW: top1=0.493 mean_cost=10.5368 (sbs=10.5412) vs_sbs=-0.04%
[epoch done 12] updates=3240 skipped_attempts_total=1 grad=0.5127 elapsed=4.9m
ep013 step003250 loss=0.56536 ce=1.30452 pair=0.71439 risk=1.86673 lr=0.000188 samples/s=5897 peak_GiB=18.68 time=5.0m
ep013 step003300 loss=0.52124 ce=1.20318 pair=0.64833 risk=1.76471 lr=0.000188 samples/s=7985 peak_GiB=18.68 time=5.0m
ep013 step003350 loss=0.52023 ce=1.19405 pair=0.65401 risk=1.84537 lr=0.000188 samples/s=7933 peak_GiB=18.68 time=5.1m
ep013 step003400 loss=0.51723 ce=1.18571 pair=0.65033 risk=1.85988 lr=0.000188 samples/s=8350 peak_GiB=18.68 time=5.1m
ep013 step003450 loss=0.51444 ce=1.18261 pair=0.64086 risk=1.82212 lr=0.000188 samples/s=8233 peak_GiB=18.68 time=5.2m
ep013 step003500 loss=0.51272 ce=1.17995 pair=0.63623 risk=1.80550 lr=0.000188 samples/s=8027 peak_GiB=18.68 time=5.3m
[eval epoch 13 classification] macro_top1=0.4589 top2=0.7978 top3=0.9069 vs_sbs=-0.939% vbs_closed=+24.03%
          classification_top1=0.4589 performance_top1=0.2376 classification_CE=1.15981 performance_MSE=0.91521
       TSP: top1=0.354 mean_cost=7.9270 (sbs=7.9578) vs_sbs=-0.39%
      CVRP: top1=0.365 mean_cost=18.2768 (sbs=18.2943) vs_sbs=-0.10%
      ATSP: top1=0.760 mean_cost=1.6360 (sbs=1.6735) vs_sbs=-2.24%
      OVRP: top1=0.315 mean_cost=7.4602 (sbs=7.4617) vs_sbs=-0.02%
      VRPB: top1=0.547 mean_cost=9.3355 (sbs=9.3403) vs_sbs=-0.05%
      VRPL: top1=0.290 mean_cost=12.4061 (sbs=12.4072) vs_sbs=-0.01%
     VRPTW: top1=0.391 mean_cost=17.9606 (sbs=18.6571) vs_sbs=-3.73%
    OVRPTW: top1=0.506 mean_cost=10.0438 (sbs=10.0484) vs_sbs=-0.05%
     OVRPB: top1=0.556 mean_cost=6.3217 (sbs=6.3220) vs_sbs=-0.00%
     OVRPL: top1=0.346 mean_cost=7.4362 (sbs=7.4376) vs_sbs=-0.02%
     VRPBL: top1=0.544 mean_cost=9.3558 (sbs=9.3593) vs_sbs=-0.04%
    VRPBTW: top1=0.444 mean_cost=19.0879 (sbs=19.6697) vs_sbs=-2.96%
    VRPLTW: top1=0.428 mean_cost=17.6841 (sbs=18.5091) vs_sbs=-4.46%
    OVRPBL: top1=0.528 mean_cost=6.3080 (sbs=6.3103) vs_sbs=-0.04%
   OVRPBTW: top1=0.500 mean_cost=10.4973 (sbs=10.5068) vs_sbs=-0.09%
   OVRPLTW: top1=0.479 mean_cost=10.1315 (sbs=10.1272) vs_sbs=+0.04%
   VRPBLTW: top1=0.419 mean_cost=18.9901 (sbs=19.5198) vs_sbs=-2.71%
  OVRPBLTW: top1=0.488 mean_cost=10.5366 (sbs=10.5412) vs_sbs=-0.04%
[save] best.pt epoch=13 val_vs_sbs=-0.93905%
[epoch done 13] updates=3510 skipped_attempts_total=1 grad=0.5132 elapsed=5.3m
ep014 step003550 loss=0.51406 ce=1.18618 pair=0.63403 risk=1.77473 lr=0.000185 samples/s=7695 peak_GiB=18.68 time=5.4m
ep014 step003600 loss=0.50019 ce=1.15971 pair=0.60320 risk=1.69866 lr=0.000185 samples/s=8159 peak_GiB=18.68 time=5.4m
ep014 step003650 loss=0.50455 ce=1.16930 pair=0.61180 risk=1.70568 lr=0.000185 samples/s=8051 peak_GiB=18.68 time=5.5m
ep014 step003700 loss=0.49999 ce=1.15824 pair=0.60504 risk=1.70512 lr=0.000185 samples/s=8181 peak_GiB=18.68 time=5.6m
ep014 step003750 loss=0.50631 ce=1.17120 pair=0.61896 risk=1.72447 lr=0.000185 samples/s=8114 peak_GiB=18.68 time=5.6m
[eval epoch 14 classification] macro_top1=0.4498 top2=0.7977 top3=0.9111 vs_sbs=-0.689% vbs_closed=+18.64%
          classification_top1=0.4498 performance_top1=0.2866 classification_CE=1.15758 performance_MSE=0.90848
       TSP: top1=0.372 mean_cost=7.9201 (sbs=7.9578) vs_sbs=-0.47%
      CVRP: top1=0.358 mean_cost=18.2689 (sbs=18.2943) vs_sbs=-0.14%
      ATSP: top1=0.719 mean_cost=1.6373 (sbs=1.6735) vs_sbs=-2.16%
      OVRP: top1=0.308 mean_cost=7.4674 (sbs=7.4617) vs_sbs=+0.08%
      VRPB: top1=0.552 mean_cost=9.3337 (sbs=9.3403) vs_sbs=-0.07%
      VRPL: top1=0.285 mean_cost=12.4073 (sbs=12.4072) vs_sbs=+0.00%
     VRPTW: top1=0.408 mean_cost=18.0195 (sbs=18.6571) vs_sbs=-3.42%
    OVRPTW: top1=0.498 mean_cost=10.0460 (sbs=10.0484) vs_sbs=-0.02%
     OVRPB: top1=0.557 mean_cost=6.3201 (sbs=6.3220) vs_sbs=-0.03%
     OVRPL: top1=0.310 mean_cost=7.4464 (sbs=7.4376) vs_sbs=+0.12%
     VRPBL: top1=0.551 mean_cost=9.3531 (sbs=9.3593) vs_sbs=-0.07%
    VRPBTW: top1=0.420 mean_cost=19.1069 (sbs=19.6697) vs_sbs=-2.86%
    VRPLTW: top1=0.331 mean_cost=18.3943 (sbs=18.5091) vs_sbs=-0.62%
    OVRPBL: top1=0.533 mean_cost=6.3090 (sbs=6.3103) vs_sbs=-0.02%
   OVRPBTW: top1=0.507 mean_cost=10.4993 (sbs=10.5068) vs_sbs=-0.07%
   OVRPLTW: top1=0.483 mean_cost=10.1335 (sbs=10.1272) vs_sbs=+0.06%
   VRPBLTW: top1=0.414 mean_cost=18.9973 (sbs=19.5198) vs_sbs=-2.68%
  OVRPBLTW: top1=0.491 mean_cost=10.5377 (sbs=10.5412) vs_sbs=-0.03%
[epoch done 14] updates=3780 skipped_attempts_total=1 grad=0.4932 elapsed=5.7m
ep015 step003800 loss=0.48650 ce=1.12686 pair=0.58248 risk=1.69256 lr=0.000182 samples/s=8579 peak_GiB=18.68 time=5.7m
ep015 step003850 loss=0.49799 ce=1.15765 pair=0.59427 risk=1.66939 lr=0.000182 samples/s=8054 peak_GiB=18.68 time=5.8m
ep015 step003900 loss=0.49451 ce=1.14731 pair=0.59165 risk=1.68909 lr=0.000182 samples/s=8577 peak_GiB=18.68 time=5.8m
ep015 step003950 loss=0.50201 ce=1.16306 pair=0.60734 risk=1.71013 lr=0.000182 samples/s=8143 peak_GiB=18.68 time=5.9m
ep015 step004000 loss=0.50450 ce=1.16726 pair=0.61429 risk=1.72668 lr=0.000182 samples/s=8238 peak_GiB=18.68 time=6.0m
ep015 step004050 loss=0.50502 ce=1.16767 pair=0.61615 risk=1.73577 lr=0.000182 samples/s=8168 peak_GiB=18.68 time=6.0m
[eval epoch 15 classification] macro_top1=0.4623 top2=0.7972 top3=0.9075 vs_sbs=-0.925% vbs_closed=+21.83%
          classification_top1=0.4623 performance_top1=0.2761 classification_CE=1.14009 performance_MSE=0.91132
       TSP: top1=0.370 mean_cost=7.9198 (sbs=7.9578) vs_sbs=-0.48%
      CVRP: top1=0.331 mean_cost=18.3529 (sbs=18.2943) vs_sbs=+0.32%
      ATSP: top1=0.766 mean_cost=1.6375 (sbs=1.6735) vs_sbs=-2.15%
      OVRP: top1=0.322 mean_cost=7.4599 (sbs=7.4617) vs_sbs=-0.02%
      VRPB: top1=0.552 mean_cost=9.3343 (sbs=9.3403) vs_sbs=-0.06%
      VRPL: top1=0.277 mean_cost=12.4153 (sbs=12.4072) vs_sbs=+0.07%
     VRPTW: top1=0.405 mean_cost=17.9416 (sbs=18.6571) vs_sbs=-3.83%
    OVRPTW: top1=0.508 mean_cost=10.0446 (sbs=10.0484) vs_sbs=-0.04%
     OVRPB: top1=0.561 mean_cost=6.3188 (sbs=6.3220) vs_sbs=-0.05%
     OVRPL: top1=0.342 mean_cost=7.4379 (sbs=7.4376) vs_sbs=+0.00%
     VRPBL: top1=0.554 mean_cost=9.3518 (sbs=9.3593) vs_sbs=-0.08%
    VRPBTW: top1=0.447 mean_cost=19.0790 (sbs=19.6697) vs_sbs=-3.00%
    VRPLTW: top1=0.412 mean_cost=17.7073 (sbs=18.5091) vs_sbs=-4.33%
    OVRPBL: top1=0.550 mean_cost=6.3092 (sbs=6.3103) vs_sbs=-0.02%
   OVRPBTW: top1=0.517 mean_cost=10.4931 (sbs=10.5068) vs_sbs=-0.13%
   OVRPLTW: top1=0.488 mean_cost=10.1323 (sbs=10.1272) vs_sbs=+0.05%
   VRPBLTW: top1=0.429 mean_cost=18.9602 (sbs=19.5198) vs_sbs=-2.87%
  OVRPBLTW: top1=0.491 mean_cost=10.5388 (sbs=10.5412) vs_sbs=-0.02%
[epoch done 15] updates=4050 skipped_attempts_total=1 grad=0.4863 elapsed=6.2m
ep016 step004100 loss=0.49948 ce=1.16463 pair=0.59034 risk=1.64127 lr=0.000178 samples/s=7863 peak_GiB=18.68 time=6.3m
ep016 step004150 loss=0.49799 ce=1.15693 pair=0.59630 risk=1.67198 lr=0.000178 samples/s=8207 peak_GiB=18.68 time=6.4m
ep016 step004200 loss=0.49474 ce=1.15236 pair=0.58725 risk=1.63432 lr=0.000178 samples/s=8089 peak_GiB=18.68 time=6.4m
ep016 step004250 loss=0.49881 ce=1.15886 pair=0.59663 risk=1.67751 lr=0.000178 samples/s=8207 peak_GiB=18.68 time=6.5m
ep016 step004300 loss=0.49765 ce=1.15585 pair=0.59725 risk=1.66860 lr=0.000178 samples/s=8136 peak_GiB=18.68 time=6.6m
[eval epoch 16 classification] macro_top1=0.4541 top2=0.8007 top3=0.9117 vs_sbs=-0.942% vbs_closed=+23.36%
          classification_top1=0.4541 performance_top1=0.2679 classification_CE=1.16020 performance_MSE=0.90787
       TSP: top1=0.336 mean_cost=7.9189 (sbs=7.9578) vs_sbs=-0.49%
      CVRP: top1=0.379 mean_cost=18.2773 (sbs=18.2943) vs_sbs=-0.09%
      ATSP: top1=0.687 mean_cost=1.6389 (sbs=1.6735) vs_sbs=-2.07%
      OVRP: top1=0.334 mean_cost=7.4663 (sbs=7.4617) vs_sbs=+0.06%
      VRPB: top1=0.522 mean_cost=9.3377 (sbs=9.3403) vs_sbs=-0.03%
      VRPL: top1=0.290 mean_cost=12.4051 (sbs=12.4072) vs_sbs=-0.02%
     VRPTW: top1=0.401 mean_cost=17.9462 (sbs=18.6571) vs_sbs=-3.81%
    OVRPTW: top1=0.490 mean_cost=10.0450 (sbs=10.0484) vs_sbs=-0.03%
     OVRPB: top1=0.552 mean_cost=6.3204 (sbs=6.3220) vs_sbs=-0.02%
     OVRPL: top1=0.347 mean_cost=7.4390 (sbs=7.4376) vs_sbs=+0.02%
     VRPBL: top1=0.528 mean_cost=9.3589 (sbs=9.3593) vs_sbs=-0.00%
    VRPBTW: top1=0.439 mean_cost=19.0703 (sbs=19.6697) vs_sbs=-3.05%
    VRPLTW: top1=0.428 mean_cost=17.6803 (sbs=18.5091) vs_sbs=-4.48%
    OVRPBL: top1=0.554 mean_cost=6.3104 (sbs=6.3103) vs_sbs=+0.00%
   OVRPBTW: top1=0.475 mean_cost=10.5003 (sbs=10.5068) vs_sbs=-0.06%
   OVRPLTW: top1=0.512 mean_cost=10.1262 (sbs=10.1272) vs_sbs=-0.01%
   VRPBLTW: top1=0.415 mean_cost=18.9675 (sbs=19.5198) vs_sbs=-2.83%
  OVRPBLTW: top1=0.485 mean_cost=10.5368 (sbs=10.5412) vs_sbs=-0.04%
[save] best.pt epoch=16 val_vs_sbs=-0.94166%
[epoch done 16] updates=4320 skipped_attempts_total=1 grad=0.4588 elapsed=6.6m
ep017 step004350 loss=0.50392 ce=1.17849 pair=0.59391 risk=1.60306 lr=0.000175 samples/s=7445 peak_GiB=18.68 time=6.7m
ep017 step004400 loss=0.50068 ce=1.16448 pair=0.60134 risk=1.64871 lr=0.000175 samples/s=8116 peak_GiB=18.68 time=6.7m
ep017 step004450 loss=0.49775 ce=1.15658 pair=0.59682 risk=1.66342 lr=0.000175 samples/s=8286 peak_GiB=18.68 time=6.8m
ep017 step004500 loss=0.49796 ce=1.15801 pair=0.59537 risk=1.65593 lr=0.000175 samples/s=8164 peak_GiB=18.68 time=6.8m
ep017 step004550 loss=0.49706 ce=1.15552 pair=0.59338 risk=1.66476 lr=0.000175 samples/s=8096 peak_GiB=18.68 time=6.9m
[eval epoch 17 classification] macro_top1=0.4613 top2=0.7983 top3=0.9111 vs_sbs=-0.928% vbs_closed=+24.59%
          classification_top1=0.4613 performance_top1=0.2384 classification_CE=1.14669 performance_MSE=0.91323
       TSP: top1=0.354 mean_cost=7.9158 (sbs=7.9578) vs_sbs=-0.53%
      CVRP: top1=0.375 mean_cost=18.2555 (sbs=18.2943) vs_sbs=-0.21%
      ATSP: top1=0.768 mean_cost=1.6355 (sbs=1.6735) vs_sbs=-2.27%
      OVRP: top1=0.304 mean_cost=7.4684 (sbs=7.4617) vs_sbs=+0.09%
      VRPB: top1=0.548 mean_cost=9.3339 (sbs=9.3403) vs_sbs=-0.07%
      VRPL: top1=0.298 mean_cost=12.4062 (sbs=12.4072) vs_sbs=-0.01%
     VRPTW: top1=0.421 mean_cost=17.9359 (sbs=18.6571) vs_sbs=-3.87%
    OVRPTW: top1=0.507 mean_cost=10.0421 (sbs=10.0484) vs_sbs=-0.06%
     OVRPB: top1=0.565 mean_cost=6.3179 (sbs=6.3220) vs_sbs=-0.06%
     OVRPL: top1=0.354 mean_cost=7.4419 (sbs=7.4376) vs_sbs=+0.06%
     VRPBL: top1=0.549 mean_cost=9.3544 (sbs=9.3593) vs_sbs=-0.05%
    VRPBTW: top1=0.411 mean_cost=19.0985 (sbs=19.6697) vs_sbs=-2.90%
    VRPLTW: top1=0.385 mean_cost=17.7644 (sbs=18.5091) vs_sbs=-4.02%
    OVRPBL: top1=0.562 mean_cost=6.3070 (sbs=6.3103) vs_sbs=-0.05%
   OVRPBTW: top1=0.507 mean_cost=10.4967 (sbs=10.5068) vs_sbs=-0.10%
   OVRPLTW: top1=0.487 mean_cost=10.1292 (sbs=10.1272) vs_sbs=+0.02%
   VRPBLTW: top1=0.424 mean_cost=19.0097 (sbs=19.5198) vs_sbs=-2.61%
  OVRPBLTW: top1=0.485 mean_cost=10.5362 (sbs=10.5412) vs_sbs=-0.05%
[epoch done 17] updates=4590 skipped_attempts_total=1 grad=0.4921 elapsed=7.0m
ep018 step004600 loss=0.50430 ce=1.18716 pair=0.56407 risk=1.61949 lr=0.000171 samples/s=8553 peak_GiB=18.68 time=7.0m
ep018 step004650 loss=0.49746 ce=1.16015 pair=0.59032 risk=1.61858 lr=0.000171 samples/s=7977 peak_GiB=18.68 time=7.1m
ep018 step004700 loss=0.50341 ce=1.16212 pair=0.61658 risk=1.75026 lr=0.000171 samples/s=8235 peak_GiB=18.68 time=7.1m
ep018 step004750 loss=0.50126 ce=1.16040 pair=0.60796 risk=1.71614 lr=0.000171 samples/s=8119 peak_GiB=18.68 time=7.2m
ep018 step004800 loss=0.49898 ce=1.15674 pair=0.60184 risk=1.69678 lr=0.000171 samples/s=8224 peak_GiB=18.68 time=7.3m
ep018 step004850 loss=0.50174 ce=1.16555 pair=0.60228 risk=1.67832 lr=0.000171 samples/s=8020 peak_GiB=18.68 time=7.3m
[eval epoch 18 classification] macro_top1=0.4584 top2=0.8021 top3=0.9122 vs_sbs=-0.954% vbs_closed=+24.78%
          classification_top1=0.4584 performance_top1=0.2075 classification_CE=1.14589 performance_MSE=0.91417
       TSP: top1=0.357 mean_cost=7.9311 (sbs=7.9578) vs_sbs=-0.34%
      CVRP: top1=0.349 mean_cost=18.2714 (sbs=18.2943) vs_sbs=-0.13%
      ATSP: top1=0.702 mean_cost=1.6378 (sbs=1.6735) vs_sbs=-2.13%
      OVRP: top1=0.323 mean_cost=7.4601 (sbs=7.4617) vs_sbs=-0.02%
      VRPB: top1=0.549 mean_cost=9.3339 (sbs=9.3403) vs_sbs=-0.07%
      VRPL: top1=0.293 mean_cost=12.4073 (sbs=12.4072) vs_sbs=+0.00%
     VRPTW: top1=0.403 mean_cost=17.9507 (sbs=18.6571) vs_sbs=-3.79%
    OVRPTW: top1=0.497 mean_cost=10.0437 (sbs=10.0484) vs_sbs=-0.05%
     OVRPB: top1=0.565 mean_cost=6.3186 (sbs=6.3220) vs_sbs=-0.05%
     OVRPL: top1=0.351 mean_cost=7.4352 (sbs=7.4376) vs_sbs=-0.03%
     VRPBL: top1=0.546 mean_cost=9.3543 (sbs=9.3593) vs_sbs=-0.05%
    VRPBTW: top1=0.422 mean_cost=19.0792 (sbs=19.6697) vs_sbs=-3.00%
    VRPLTW: top1=0.427 mean_cost=17.6782 (sbs=18.5091) vs_sbs=-4.49%
    OVRPBL: top1=0.546 mean_cost=6.3069 (sbs=6.3103) vs_sbs=-0.05%
   OVRPBTW: top1=0.514 mean_cost=10.4953 (sbs=10.5068) vs_sbs=-0.11%
   OVRPLTW: top1=0.484 mean_cost=10.1327 (sbs=10.1272) vs_sbs=+0.05%
   VRPBLTW: top1=0.420 mean_cost=18.9676 (sbs=19.5198) vs_sbs=-2.83%
  OVRPBLTW: top1=0.504 mean_cost=10.5323 (sbs=10.5412) vs_sbs=-0.08%
[save] best.pt epoch=18 val_vs_sbs=-0.95365%
[epoch done 18] updates=4860 skipped_attempts_total=1 grad=0.4762 elapsed=7.4m
ep019 step004900 loss=0.49295 ce=1.15002 pair=0.58221 risk=1.61106 lr=0.000167 samples/s=7708 peak_GiB=18.68 time=7.4m
ep019 step004950 loss=0.49523 ce=1.15294 pair=0.58919 risk=1.63933 lr=0.000167 samples/s=8163 peak_GiB=18.68 time=7.5m
ep019 step005000 loss=0.49335 ce=1.14945 pair=0.58410 risk=1.63144 lr=0.000167 samples/s=8306 peak_GiB=18.68 time=7.5m
ep019 step005050 loss=0.49535 ce=1.15208 pair=0.59084 risk=1.65167 lr=0.000167 samples/s=8185 peak_GiB=18.68 time=7.6m
ep019 step005100 loss=0.49558 ce=1.15226 pair=0.59074 risk=1.66108 lr=0.000167 samples/s=8118 peak_GiB=18.68 time=7.7m
[eval epoch 19 classification] macro_top1=0.4606 top2=0.8021 top3=0.9111 vs_sbs=-0.921% vbs_closed=+23.17%
          classification_top1=0.4606 performance_top1=0.1971 classification_CE=1.13990 performance_MSE=0.91640
       TSP: top1=0.363 mean_cost=7.9231 (sbs=7.9578) vs_sbs=-0.44%
      CVRP: top1=0.347 mean_cost=18.3134 (sbs=18.2943) vs_sbs=+0.10%
      ATSP: top1=0.707 mean_cost=1.6476 (sbs=1.6735) vs_sbs=-1.55%
      OVRP: top1=0.323 mean_cost=7.4589 (sbs=7.4617) vs_sbs=-0.04%
      VRPB: top1=0.546 mean_cost=9.3341 (sbs=9.3403) vs_sbs=-0.07%
      VRPL: top1=0.301 mean_cost=12.4050 (sbs=12.4072) vs_sbs=-0.02%
     VRPTW: top1=0.433 mean_cost=17.9241 (sbs=18.6571) vs_sbs=-3.93%
    OVRPTW: top1=0.502 mean_cost=10.0438 (sbs=10.0484) vs_sbs=-0.05%
     OVRPB: top1=0.559 mean_cost=6.3194 (sbs=6.3220) vs_sbs=-0.04%
     OVRPL: top1=0.354 mean_cost=7.4347 (sbs=7.4376) vs_sbs=-0.04%
     VRPBL: top1=0.546 mean_cost=9.3541 (sbs=9.3593) vs_sbs=-0.05%
    VRPBTW: top1=0.430 mean_cost=19.0743 (sbs=19.6697) vs_sbs=-3.03%
    VRPLTW: top1=0.437 mean_cost=17.6731 (sbs=18.5091) vs_sbs=-4.52%
    OVRPBL: top1=0.542 mean_cost=6.3080 (sbs=6.3103) vs_sbs=-0.04%
   OVRPBTW: top1=0.499 mean_cost=10.4986 (sbs=10.5068) vs_sbs=-0.08%
   OVRPLTW: top1=0.489 mean_cost=10.1274 (sbs=10.1272) vs_sbs=+0.00%
   VRPBLTW: top1=0.418 mean_cost=18.9813 (sbs=19.5198) vs_sbs=-2.76%
  OVRPBLTW: top1=0.495 mean_cost=10.5349 (sbs=10.5412) vs_sbs=-0.06%
[epoch done 19] updates=5130 skipped_attempts_total=1 grad=0.5068 elapsed=7.7m
ep020 step005150 loss=0.47994 ce=1.11796 pair=0.56376 risk=1.61371 lr=0.000163 samples/s=8575 peak_GiB=18.68 time=7.8m
ep020 step005200 loss=0.48848 ce=1.13781 pair=0.57560 risk=1.63406 lr=0.000163 samples/s=8037 peak_GiB=18.68 time=7.8m
ep020 step005250 loss=0.49326 ce=1.14967 pair=0.58292 risk=1.62928 lr=0.000163 samples/s=8242 peak_GiB=18.68 time=7.9m
ep020 step005300 loss=0.49483 ce=1.15200 pair=0.58684 risk=1.64732 lr=0.000163 samples/s=8119 peak_GiB=18.68 time=8.0m
ep020 step005350 loss=0.49203 ce=1.14559 pair=0.58276 risk=1.63969 lr=0.000163 samples/s=8216 peak_GiB=18.68 time=8.0m
ep020 step005400 loss=0.49191 ce=1.14645 pair=0.58074 risk=1.62874 lr=0.000163 samples/s=8135 peak_GiB=18.68 time=8.1m
[eval epoch 20 classification] macro_top1=0.4663 top2=0.8048 top3=0.9132 vs_sbs=-0.943% vbs_closed=+25.35%
          classification_top1=0.4663 performance_top1=0.2996 classification_CE=1.14074 performance_MSE=0.90016
       TSP: top1=0.347 mean_cost=7.9216 (sbs=7.9578) vs_sbs=-0.45%
      CVRP: top1=0.341 mean_cost=18.2766 (sbs=18.2943) vs_sbs=-0.10%
      ATSP: top1=0.749 mean_cost=1.6364 (sbs=1.6735) vs_sbs=-2.22%
      OVRP: top1=0.321 mean_cost=7.4600 (sbs=7.4617) vs_sbs=-0.02%
      VRPB: top1=0.544 mean_cost=9.3348 (sbs=9.3403) vs_sbs=-0.06%
      VRPL: top1=0.301 mean_cost=12.4068 (sbs=12.4072) vs_sbs=-0.00%
     VRPTW: top1=0.430 mean_cost=18.0250 (sbs=18.6571) vs_sbs=-3.39%
    OVRPTW: top1=0.504 mean_cost=10.0433 (sbs=10.0484) vs_sbs=-0.05%
     OVRPB: top1=0.572 mean_cost=6.3170 (sbs=6.3220) vs_sbs=-0.08%
     OVRPL: top1=0.353 mean_cost=7.4352 (sbs=7.4376) vs_sbs=-0.03%
     VRPBL: top1=0.549 mean_cost=9.3554 (sbs=9.3593) vs_sbs=-0.04%
    VRPBTW: top1=0.438 mean_cost=19.0685 (sbs=19.6697) vs_sbs=-3.06%
    VRPLTW: top1=0.456 mean_cost=17.6913 (sbs=18.5091) vs_sbs=-4.42%
    OVRPBL: top1=0.567 mean_cost=6.3062 (sbs=6.3103) vs_sbs=-0.06%
   OVRPBTW: top1=0.502 mean_cost=10.4972 (sbs=10.5068) vs_sbs=-0.09%
   OVRPLTW: top1=0.495 mean_cost=10.1268 (sbs=10.1272) vs_sbs=-0.00%
   VRPBLTW: top1=0.425 mean_cost=18.9681 (sbs=19.5198) vs_sbs=-2.83%
  OVRPBLTW: top1=0.500 mean_cost=10.5338 (sbs=10.5412) vs_sbs=-0.07%
[epoch done 20] updates=5400 skipped_attempts_total=1 grad=0.4442 elapsed=8.3m
[AMP retry] attempt=1 scale=131072->65536
ep021 step005450 loss=0.49234 ce=1.14725 pair=0.58383 risk=1.62119 lr=0.000158 samples/s=7694 peak_GiB=18.68 time=8.4m
ep021 step005500 loss=0.49586 ce=1.16081 pair=0.57833 risk=1.58718 lr=0.000158 samples/s=7781 peak_GiB=18.68 time=8.4m
ep021 step005550 loss=0.49452 ce=1.15491 pair=0.57990 risk=1.61554 lr=0.000158 samples/s=7807 peak_GiB=18.68 time=8.5m
