/public/home/shiys/miniconda3/envs/easynco/lib/python3.9/site-packages/lightning/fabric/__init__.py:40: pkg_resources is deprecated as an API. See https://setuptools.pypa.io/en/latest/pkg_resources.html. The pkg_resources package is slated for removal as early as 2025-11-30. Refrain from using this package or pin to Setuptools<81.
/public/home/shiys/miniconda3/envs/easynco/lib/python3.9/site-packages/pkg_resources/__init__.py:3146: DeprecationWarning: Deprecated call to `pkg_resources.declare_namespace('mpl_toolkits')`.
Implementing implicit namespace packages (as specified in PEP 420) is preferred to `pkg_resources.declare_namespace`. See https://setuptools.pypa.io/en/latest/references/keywords.html#keyword-namespace-packages
  declare_namespace(pkg)
/public/home/shiys/miniconda3/envs/easynco/lib/python3.9/site-packages/lightning/fabric/__init__.py:40: Deprecated call to `pkg_resources.declare_namespace('lightning.fabric')`.
Implementing implicit namespace packages (as specified in PEP 420) is preferred to `pkg_resources.declare_namespace`. See https://setuptools.pypa.io/en/latest/references/keywords.html#keyword-namespace-packages
/public/home/shiys/miniconda3/envs/easynco/lib/python3.9/site-packages/pkg_resources/__init__.py:2558: DeprecationWarning: Deprecated call to `pkg_resources.declare_namespace('lightning')`.
Implementing implicit namespace packages (as specified in PEP 420) is preferred to `pkg_resources.declare_namespace`. See https://setuptools.pypa.io/en/latest/references/keywords.html#keyword-namespace-packages
  declare_namespace(parent)
/public/home/shiys/miniconda3/envs/easynco/lib/python3.9/site-packages/matplotlib/_fontconfig_pattern.py:88: PyparsingDeprecationWarning: 'parseString' deprecated - use 'parse_string'
  parse = parser.parseString(pattern)
/public/home/shiys/miniconda3/envs/easynco/lib/python3.9/site-packages/matplotlib/_fontconfig_pattern.py:92: PyparsingDeprecationWarning: 'resetCache' deprecated - use 'reset_cache'
  parser.resetCache()
/public/home/shiys/miniconda3/envs/easynco/lib/python3.9/site-packages/matplotlib/_mathtext.py:30: PyparsingDeprecationWarning: 'enablePackrat' deprecated - use 'enable_packrat'
  ParserElement.enablePackrat()
In /public/home/shiys/miniconda3/envs/easynco/lib/python3.9/site-packages/matplotlib/mpl-data/stylelib/classic.mplstyle: 'parseString' deprecated - use 'parse_string'
In /public/home/shiys/miniconda3/envs/easynco/lib/python3.9/site-packages/matplotlib/mpl-data/stylelib/classic.mplstyle: 'resetCache' deprecated - use 'reset_cache'
/public/home/shiys/miniconda3/envs/easynco/lib/python3.9/site-packages/lightning/pytorch/__init__.py:37: Deprecated call to `pkg_resources.declare_namespace('lightning.pytorch')`.
Implementing implicit namespace packages (as specified in PEP 420) is preferred to `pkg_resources.declare_namespace`. See https://setuptools.pypa.io/en/latest/references/keywords.html#keyword-namespace-packages
/public/home/shiys/miniconda3/envs/easynco/lib/python3.9/site-packages/pkg_resources/__init__.py:2558: DeprecationWarning: Deprecated call to `pkg_resources.declare_namespace('lightning')`.
Implementing implicit namespace packages (as specified in PEP 420) is preferred to `pkg_resources.declare_namespace`. See https://setuptools.pypa.io/en/latest/references/keywords.html#keyword-namespace-packages
  declare_namespace(parent)
/public/home/shiys/miniconda3/envs/easynco/lib/python3.9/site-packages/lightning/fabric/utilities/cloud_io.py:55: You are using `torch.load` with `weights_only=False` (the current default value), which uses the default pickle module implicitly. It is possible to construct malicious pickle data which will execute arbitrary code during unpickling (See https://github.com/pytorch/pytorch/blob/main/SECURITY.md#untrusted-models for more details). In a future release, the default value for `weights_only` will be flipped to `True`. This limits the functions that could be executed during unpickling. Arbitrary objects will no longer be allowed to be loaded via this mode unless they are explicitly allowlisted by the user via `torch.serialization.add_safe_globals`. We recommend you start setting `weights_only=True` for any use case where you don't have full control of the loaded file. Please open an issue on GitHub for any issues related to this experimental feature.
/public/home/shiys/miniconda3/envs/easynco/lib/python3.9/site-packages/lightning/pytorch/utilities/migration/utils.py:55: The loaded checkpoint was produced with Lightning v2.1.3, which is newer than your current Lightning version: v2.1.0
/public/home/shiys/miniconda3/envs/easynco/lib/python3.9/site-packages/lightning/pytorch/utilities/parsing.py:198: Attribute 'env' is an instance of `nn.Module` and is already saved during checkpointing. It is recommended to ignore them using `self.save_hyperparameters(ignore=['env'])`.
/public/home/shiys/miniconda3/envs/easynco/lib/python3.9/site-packages/lightning/pytorch/utilities/parsing.py:198: Attribute 'policy' is an instance of `nn.Module` and is already saved during checkpointing. It is recommended to ignore them using `self.save_hyperparameters(ignore=['policy'])`.
Provided file name ['data/cvrp/val/50.npz', 'data/ovrp/val/50.npz', 'data/ovrpb/val/50.npz', 'data/ovrpbl/val/50.npz', 'data/ovrpbltw/val/50.npz', 'data/ovrpbtw/val/50.npz', 'data/ovrpl/val/50.npz', 'data/ovrpltw/val/50.npz', 'data/ovrptw/val/50.npz', 'data/vrpb/val/50.npz', 'data/vrpl/val/50.npz', 'data/vrpbltw/val/50.npz', 'data/vrpbtw/val/50.npz', 'data/vrpbl/val/50.npz', 'data/vrpltw/val/50.npz', 'data/vrptw/val/50.npz', 'data/cvrp/val/100.npz', 'data/vrptw/val/100.npz'] not found. Make sure to provide a file in the right path first or unset val_file to generate data automatically instead
Provided file name ['data/cvrp/test/50.npz', 'data/ovrp/test/50.npz', 'data/ovrpb/test/50.npz', 'data/ovrpbl/test/50.npz', 'data/ovrpbltw/test/50.npz', 'data/ovrpbtw/test/50.npz', 'data/ovrpl/test/50.npz', 'data/ovrpltw/test/50.npz', 'data/ovrptw/test/50.npz', 'data/vrpb/test/50.npz', 'data/vrpl/test/50.npz', 'data/vrpbltw/test/50.npz', 'data/vrpbtw/test/50.npz', 'data/vrpbl/test/50.npz', 'data/vrpltw/test/50.npz', 'data/vrptw/test/50.npz', 'data/cvrp/test/100.npz', 'data/vrptw/test/100.npz'] not found. Make sure to provide a file in the right path first or unset test_file to generate data automatically instead
/public/home/shiys/easynco_v3_bridge/exports/train_100k_20261002/python_compat/rl4co/models/rl/reinforce/reinforce.py:204: FutureWarning: You are using `torch.load` with `weights_only=False` (the current default value), which uses the default pickle module implicitly. It is possible to construct malicious pickle data which will execute arbitrary code during unpickling (See https://github.com/pytorch/pytorch/blob/main/SECURITY.md#untrusted-models for more details). In a future release, the default value for `weights_only` will be flipped to `True`. This limits the functions that could be executed during unpickling. Arbitrary objects will no longer be allowed to be loaded via this mode unless they are explicitly allowlisted by the user via `torch.serialization.add_safe_globals`. We recommend you start setting `weights_only=True` for any use case where you don't have full control of the loaded file. Please open an issue on GitHub for any issues related to this experimental feature.
  state_dict = torch.load(checkpoint_path, map_location=map_location)["state_dict"]
Provided file name ['data/cvrp/val/100.npz', 'data/ovrp/val/100.npz', 'data/ovrpb/val/100.npz', 'data/ovrpbl/val/100.npz', 'data/ovrpbltw/val/100.npz', 'data/ovrpbtw/val/100.npz', 'data/ovrpl/val/100.npz', 'data/ovrpltw/val/100.npz', 'data/ovrptw/val/100.npz', 'data/vrpb/val/100.npz', 'data/vrpl/val/100.npz', 'data/vrpbltw/val/100.npz', 'data/vrpbtw/val/100.npz', 'data/vrpbl/val/100.npz', 'data/vrpltw/val/100.npz', 'data/vrptw/val/100.npz', 'data/cvrp/val/50.npz', 'data/vrptw/val/50.npz'] not found. Make sure to provide a file in the right path first or unset val_file to generate data automatically instead
Provided file name ['data/cvrp/test/100.npz', 'data/ovrp/test/100.npz', 'data/ovrpb/test/100.npz', 'data/ovrpbl/test/100.npz', 'data/ovrpbltw/test/100.npz', 'data/ovrpbtw/test/100.npz', 'data/ovrpl/test/100.npz', 'data/ovrpltw/test/100.npz', 'data/ovrptw/test/100.npz', 'data/vrpb/test/100.npz', 'data/vrpl/test/100.npz', 'data/vrpbltw/test/100.npz', 'data/vrpbtw/test/100.npz', 'data/vrpbl/test/100.npz', 'data/vrpltw/test/100.npz', 'data/vrptw/test/100.npz', 'data/cvrp/test/50.npz', 'data/vrptw/test/50.npz'] not found. Make sure to provide a file in the right path first or unset test_file to generate data automatically instead
