[cache] TSP/train: 10000 instances, 45.0 MiB on cuda:0
[cache] CVRP/train: 10000 instances, 83.3 MiB on cuda:0
[cache] ATSP/train: 10000 instances, 384.5 MiB on cuda:0
[cache] OVRP/train: 10000 instances, 33.9 MiB on cuda:0
[cache] VRPB/train: 10000 instances, 33.9 MiB on cuda:0
[cache] VRPL/train: 10000 instances, 33.9 MiB on cuda:0
[cache] VRPTW/train: 10000 instances, 33.9 MiB on cuda:0
[cache] OVRPTW/train: 10000 instances, 33.9 MiB on cuda:0
[cache] OVRPB/train: 10000 instances, 33.9 MiB on cuda:0
[cache] OVRPL/train: 10000 instances, 33.9 MiB on cuda:0
[cache] VRPBL/train: 10000 instances, 33.9 MiB on cuda:0
[cache] VRPBTW/train: 10000 instances, 33.9 MiB on cuda:0
[cache] VRPLTW/train: 10000 instances, 33.9 MiB on cuda:0
[cache] OVRPBL/train: 10000 instances, 33.9 MiB on cuda:0
[cache] OVRPBTW/train: 10000 instances, 33.9 MiB on cuda:0
[cache] OVRPLTW/train: 10000 instances, 33.9 MiB on cuda:0
[cache] VRPBLTW/train: 10000 instances, 33.9 MiB on cuda:0
[cache] OVRPBLTW/train: 10000 instances, 33.9 MiB on cuda:0
[cache] TSP/val: 1000 instances, 4.5 MiB on cuda:0
[cache] CVRP/val: 1000 instances, 8.3 MiB on cuda:0
[cache] ATSP/val: 1000 instances, 38.4 MiB on cuda:0
[cache] OVRP/val: 1000 instances, 3.4 MiB on cuda:0
[cache] VRPB/val: 1000 instances, 3.4 MiB on cuda:0
[cache] VRPL/val: 1000 instances, 3.4 MiB on cuda:0
[cache] VRPTW/val: 1000 instances, 3.4 MiB on cuda:0
[cache] OVRPTW/val: 1000 instances, 3.4 MiB on cuda:0
[cache] OVRPB/val: 1000 instances, 3.4 MiB on cuda:0
[cache] OVRPL/val: 1000 instances, 3.4 MiB on cuda:0
[cache] VRPBL/val: 1000 instances, 3.4 MiB on cuda:0
[cache] VRPBTW/val: 1000 instances, 3.4 MiB on cuda:0
[cache] VRPLTW/val: 1000 instances, 3.4 MiB on cuda:0
[cache] OVRPBL/val: 1000 instances, 3.4 MiB on cuda:0
[cache] OVRPBTW/val: 1000 instances, 3.4 MiB on cuda:0
[cache] OVRPLTW/val: 1000 instances, 3.4 MiB on cuda:0
[cache] VRPBLTW/val: 1000 instances, 3.4 MiB on cuda:0
[cache] OVRPBLTW/val: 1000 instances, 3.4 MiB on cuda:0
wandb: Tracking run with wandb version 0.19.11
wandb: W&B syncing is set to `offline` in this directory. Run `wandb online` or set WANDB_MODE=online to enable cloud syncing.
[epoch 1] update=180/1422 total=180 loss=1.16350 KL=0.00283 lr=4.2e-06 samples/s=1917
[epoch 1] update=360/1422 total=360 loss=1.11415 KL=0.00395 lr=8.4e-06 samples/s=1930
[epoch 1] update=540/1422 total=540 loss=1.05900 KL=0.00605 lr=1.3e-05 samples/s=1905
[epoch 1] update=720/1422 total=720 loss=1.02286 KL=0.00840 lr=1.7e-05 samples/s=1829
[epoch 1] update=900/1422 total=900 loss=1.00065 KL=0.00987 lr=2.1e-05 samples/s=1780
[epoch 1] update=1080/1422 total=1080 loss=0.98470 KL=0.01065 lr=2.5e-05 samples/s=1784
[epoch 1] update=1260/1422 total=1260 loss=0.96710 KL=0.01108 lr=3e-05 samples/s=1806
[epoch 1] update=1422/1422 total=1422 loss=0.94840 KL=0.01160 lr=3.3e-05 samples/s=1806
[R45C val epoch 1] macro_top1=0.3992 top2=0.7075 top3=0.8245 vs_sbs=+0.104% vbs_closed=-13.99%
       TSP: top1=0.297 mean_cost=7.9953 (sbs=7.9578) vs_sbs=+0.47%
      CVRP: top1=0.210 mean_cost=18.3550 (sbs=18.2943) vs_sbs=+0.33%
      ATSP: top1=0.712 mean_cost=1.6378 (sbs=1.6735) vs_sbs=-2.13%
      OVRP: top1=0.085 mean_cost=7.5915 (sbs=7.4617) vs_sbs=+1.74%
      VRPB: top1=0.551 mean_cost=9.3337 (sbs=9.3403) vs_sbs=-0.07%
      VRPL: top1=0.283 mean_cost=12.4072 (sbs=12.4072) vs_sbs=+0.00%
     VRPTW: top1=0.236 mean_cost=18.8505 (sbs=18.6571) vs_sbs=+1.04%
    OVRPTW: top1=0.476 mean_cost=10.0470 (sbs=10.0484) vs_sbs=-0.01%
     OVRPB: top1=0.546 mean_cost=6.3225 (sbs=6.3220) vs_sbs=+0.01%
     OVRPL: top1=0.333 mean_cost=7.4458 (sbs=7.4376) vs_sbs=+0.11%
     VRPBL: top1=0.518 mean_cost=9.3668 (sbs=9.3593) vs_sbs=+0.08%
    VRPBTW: top1=0.372 mean_cost=19.6697 (sbs=19.6697) vs_sbs=+0.00%
    VRPLTW: top1=0.257 mean_cost=18.5770 (sbs=18.5091) vs_sbs=+0.37%
    OVRPBL: top1=0.533 mean_cost=6.3075 (sbs=6.3103) vs_sbs=-0.04%
   OVRPBTW: top1=0.460 mean_cost=10.5066 (sbs=10.5068) vs_sbs=-0.00%
   OVRPLTW: top1=0.497 mean_cost=10.1267 (sbs=10.1272) vs_sbs=-0.00%
   VRPBLTW: top1=0.347 mean_cost=19.5198 (sbs=19.5198) vs_sbs=+0.00%
  OVRPBLTW: top1=0.472 mean_cost=10.5408 (sbs=10.5412) vs_sbs=-0.00%
[epoch 2] update=180/1422 total=1602 loss=0.72470 KL=0.01790 lr=3.8e-05 samples/s=1925
[epoch 2] update=360/1422 total=1782 loss=0.71956 KL=0.01724 lr=4.2e-05 samples/s=1950
[epoch 2] update=540/1422 total=1962 loss=0.71121 KL=0.01672 lr=4.6e-05 samples/s=1958
[AMP retry] same batch; lower scale=65536.0
[epoch 2] update=720/1422 total=2142 loss=0.70685 KL=0.01627 lr=5e-05 samples/s=1955
[epoch 2] update=900/1422 total=2322 loss=0.70155 KL=0.01574 lr=5.4e-05 samples/s=1960
[epoch 2] update=1080/1422 total=2502 loss=0.69876 KL=0.01529 lr=5.9e-05 samples/s=1962
[epoch 2] update=1260/1422 total=2682 loss=0.69679 KL=0.01485 lr=6.3e-05 samples/s=1963
[epoch 2] update=1422/1422 total=2844 loss=0.69382 KL=0.01447 lr=6.7e-05 samples/s=1948
[R45C val epoch 2] macro_top1=0.4251 top2=0.7753 top3=0.8911 vs_sbs=-0.702% vbs_closed=+17.02%
       TSP: top1=0.298 mean_cost=7.9363 (sbs=7.9578) vs_sbs=-0.27%
      CVRP: top1=0.225 mean_cost=18.2926 (sbs=18.2943) vs_sbs=-0.01%
      ATSP: top1=0.745 mean_cost=1.6376 (sbs=1.6735) vs_sbs=-2.14%
      OVRP: top1=0.302 mean_cost=7.4617 (sbs=7.4617) vs_sbs=+0.00%
      VRPB: top1=0.514 mean_cost=9.3398 (sbs=9.3403) vs_sbs=-0.00%
      VRPL: top1=0.277 mean_cost=12.4084 (sbs=12.4072) vs_sbs=+0.01%
     VRPTW: top1=0.306 mean_cost=18.0993 (sbs=18.6571) vs_sbs=-2.99%
    OVRPTW: top1=0.483 mean_cost=10.0465 (sbs=10.0484) vs_sbs=-0.02%
     OVRPB: top1=0.531 mean_cost=6.3251 (sbs=6.3220) vs_sbs=+0.05%
     OVRPL: top1=0.334 mean_cost=7.4376 (sbs=7.4376) vs_sbs=+0.00%
     VRPBL: top1=0.528 mean_cost=9.3593 (sbs=9.3593) vs_sbs=+0.00%
    VRPBTW: top1=0.385 mean_cost=19.4019 (sbs=19.6697) vs_sbs=-1.36%
    VRPLTW: top1=0.306 mean_cost=17.8574 (sbs=18.5091) vs_sbs=-3.52%
    OVRPBL: top1=0.555 mean_cost=6.3103 (sbs=6.3103) vs_sbs=+0.00%
   OVRPBTW: top1=0.494 mean_cost=10.4990 (sbs=10.5068) vs_sbs=-0.07%
   OVRPLTW: top1=0.478 mean_cost=10.1286 (sbs=10.1272) vs_sbs=+0.01%
   VRPBLTW: top1=0.397 mean_cost=19.0775 (sbs=19.5198) vs_sbs=-2.27%
  OVRPBLTW: top1=0.493 mean_cost=10.5366 (sbs=10.5412) vs_sbs=-0.04%
[epoch 3] update=180/1422 total=3024 loss=0.67654 KL=0.01061 lr=7.1e-05 samples/s=1806
[epoch 3] update=360/1422 total=3204 loss=0.67231 KL=0.01086 lr=7.5e-05 samples/s=1819
[epoch 3] update=540/1422 total=3384 loss=0.67215 KL=0.01069 lr=7.9e-05 samples/s=1828
[epoch 3] update=720/1422 total=3564 loss=0.67084 KL=0.01036 lr=8.4e-05 samples/s=1823
[epoch 3] update=900/1422 total=3744 loss=0.66998 KL=0.01012 lr=8.8e-05 samples/s=1817
[epoch 3] update=1080/1422 total=3924 loss=0.66793 KL=0.01000 lr=9.2e-05 samples/s=1816
[epoch 3] update=1260/1422 total=4104 loss=0.66785 KL=0.00976 lr=9.6e-05 samples/s=1818
[AMP retry] same batch; lower scale=65536.0
[epoch 3] update=1422/1422 total=4266 loss=0.66643 KL=0.00967 lr=0.0001 samples/s=1804
[R45C val epoch 3] macro_top1=0.4332 top2=0.7690 top3=0.8793 vs_sbs=-0.434% vbs_closed=+8.68%
       TSP: top1=0.358 mean_cost=7.9303 (sbs=7.9578) vs_sbs=-0.35%
      CVRP: top1=0.296 mean_cost=18.3835 (sbs=18.2943) vs_sbs=+0.49%
      ATSP: top1=0.731 mean_cost=1.6435 (sbs=1.6735) vs_sbs=-1.80%
      OVRP: top1=0.323 mean_cost=7.4718 (sbs=7.4617) vs_sbs=+0.14%
      VRPB: top1=0.504 mean_cost=9.3403 (sbs=9.3403) vs_sbs=+0.00%
      VRPL: top1=0.307 mean_cost=12.4056 (sbs=12.4072) vs_sbs=-0.01%
     VRPTW: top1=0.328 mean_cost=18.1469 (sbs=18.6571) vs_sbs=-2.73%
    OVRPTW: top1=0.487 mean_cost=10.0450 (sbs=10.0484) vs_sbs=-0.03%
     OVRPB: top1=0.545 mean_cost=6.3220 (sbs=6.3220) vs_sbs=+0.00%
     OVRPL: top1=0.344 mean_cost=7.4446 (sbs=7.4376) vs_sbs=+0.09%
     VRPBL: top1=0.528 mean_cost=9.3593 (sbs=9.3593) vs_sbs=+0.00%
    VRPBTW: top1=0.383 mean_cost=19.5258 (sbs=19.6697) vs_sbs=-0.73%
    VRPLTW: top1=0.283 mean_cost=18.1969 (sbs=18.5091) vs_sbs=-1.69%
    OVRPBL: top1=0.555 mean_cost=6.3103 (sbs=6.3103) vs_sbs=+0.00%
   OVRPBTW: top1=0.472 mean_cost=10.5020 (sbs=10.5068) vs_sbs=-0.05%
   OVRPLTW: top1=0.504 mean_cost=10.1257 (sbs=10.1272) vs_sbs=-0.02%
   VRPBLTW: top1=0.365 mean_cost=19.3070 (sbs=19.5198) vs_sbs=-1.09%
  OVRPBLTW: top1=0.485 mean_cost=10.5375 (sbs=10.5412) vs_sbs=-0.03%
[epoch 4] update=180/1422 total=4446 loss=0.66322 KL=0.00801 lr=0.0001 samples/s=1718
[epoch 4] update=360/1422 total=4626 loss=0.65950 KL=0.00795 lr=0.0001 samples/s=1785
[epoch 4] update=540/1422 total=4806 loss=0.65573 KL=0.00804 lr=0.0001 samples/s=1810
[epoch 4] update=720/1422 total=4986 loss=0.65368 KL=0.00811 lr=0.0001 samples/s=1823
[epoch 4] update=900/1422 total=5166 loss=0.65119 KL=0.00813 lr=0.0001 samples/s=1831
[epoch 4] update=1080/1422 total=5346 loss=0.64998 KL=0.00808 lr=0.0001 samples/s=1837
[epoch 4] update=1260/1422 total=5526 loss=0.64947 KL=0.00802 lr=0.0001 samples/s=1841
[epoch 4] update=1422/1422 total=5688 loss=0.64902 KL=0.00796 lr=0.0001 samples/s=1827
[R45C val epoch 4] macro_top1=0.4439 top2=0.7912 top3=0.9034 vs_sbs=-0.797% vbs_closed=+16.44%
       TSP: top1=0.360 mean_cost=7.9256 (sbs=7.9578) vs_sbs=-0.40%
      CVRP: top1=0.317 mean_cost=18.3136 (sbs=18.2943) vs_sbs=+0.11%
      ATSP: top1=0.764 mean_cost=1.6386 (sbs=1.6735) vs_sbs=-2.09%
      OVRP: top1=0.307 mean_cost=7.4608 (sbs=7.4617) vs_sbs=-0.01%
      VRPB: top1=0.535 mean_cost=9.3404 (sbs=9.3403) vs_sbs=+0.00%
      VRPL: top1=0.276 mean_cost=12.4080 (sbs=12.4072) vs_sbs=+0.01%
     VRPTW: top1=0.375 mean_cost=18.0014 (sbs=18.6571) vs_sbs=-3.51%
    OVRPTW: top1=0.475 mean_cost=10.0604 (sbs=10.0484) vs_sbs=+0.12%
     OVRPB: top1=0.548 mean_cost=6.3251 (sbs=6.3220) vs_sbs=+0.05%
     OVRPL: top1=0.338 mean_cost=7.4371 (sbs=7.4376) vs_sbs=-0.01%
     VRPBL: top1=0.536 mean_cost=9.3573 (sbs=9.3593) vs_sbs=-0.02%
    VRPBTW: top1=0.395 mean_cost=19.1490 (sbs=19.6697) vs_sbs=-2.65%
    VRPLTW: top1=0.391 mean_cost=17.8190 (sbs=18.5091) vs_sbs=-3.73%
    OVRPBL: top1=0.530 mean_cost=6.3133 (sbs=6.3103) vs_sbs=+0.05%
   OVRPBTW: top1=0.472 mean_cost=10.5220 (sbs=10.5068) vs_sbs=+0.14%
   OVRPLTW: top1=0.466 mean_cost=10.1416 (sbs=10.1272) vs_sbs=+0.14%
   VRPBLTW: top1=0.421 mean_cost=19.0088 (sbs=19.5198) vs_sbs=-2.62%
  OVRPBLTW: top1=0.485 mean_cost=10.5485 (sbs=10.5412) vs_sbs=+0.07%
[epoch 5] update=180/1422 total=5868 loss=0.63094 KL=0.00805 lr=0.0001 samples/s=1802
[epoch 5] update=360/1422 total=6048 loss=0.63440 KL=0.00788 lr=0.0001 samples/s=1782
[AMP retry] same batch; lower scale=65536.0
[epoch 5] update=540/1422 total=6228 loss=0.63446 KL=0.00782 lr=0.0001 samples/s=1770
[epoch 5] update=720/1422 total=6408 loss=0.63628 KL=0.00769 lr=0.0001 samples/s=1760
[epoch 5] update=900/1422 total=6588 loss=0.63670 KL=0.00760 lr=0.0001 samples/s=1761
[epoch 5] update=1080/1422 total=6768 loss=0.63513 KL=0.00760 lr=0.0001 samples/s=1780
[epoch 5] update=1260/1422 total=6948 loss=0.63465 KL=0.00759 lr=0.0001 samples/s=1791
[epoch 5] update=1422/1422 total=7110 loss=0.63389 KL=0.00757 lr=0.0001 samples/s=1784
[R45C val epoch 5] macro_top1=0.4474 top2=0.8012 top3=0.9113 vs_sbs=-0.890% vbs_closed=+21.45%
       TSP: top1=0.358 mean_cost=7.9201 (sbs=7.9578) vs_sbs=-0.47%
      CVRP: top1=0.388 mean_cost=18.2539 (sbs=18.2943) vs_sbs=-0.22%
      ATSP: top1=0.732 mean_cost=1.6368 (sbs=1.6735) vs_sbs=-2.19%
      OVRP: top1=0.329 mean_cost=7.4655 (sbs=7.4617) vs_sbs=+0.05%
      VRPB: top1=0.504 mean_cost=9.3403 (sbs=9.3403) vs_sbs=+0.00%
      VRPL: top1=0.279 mean_cost=12.4072 (sbs=12.4072) vs_sbs=+0.00%
     VRPTW: top1=0.370 mean_cost=18.0033 (sbs=18.6571) vs_sbs=-3.50%
    OVRPTW: top1=0.476 mean_cost=10.0484 (sbs=10.0484) vs_sbs=+0.00%
     OVRPB: top1=0.545 mean_cost=6.3220 (sbs=6.3220) vs_sbs=+0.00%
     OVRPL: top1=0.335 mean_cost=7.4454 (sbs=7.4376) vs_sbs=+0.10%
     VRPBL: top1=0.528 mean_cost=9.3593 (sbs=9.3593) vs_sbs=+0.00%
    VRPBTW: top1=0.423 mean_cost=19.1290 (sbs=19.6697) vs_sbs=-2.75%
    VRPLTW: top1=0.408 mean_cost=17.6922 (sbs=18.5091) vs_sbs=-4.41%
    OVRPBL: top1=0.555 mean_cost=6.3103 (sbs=6.3103) vs_sbs=+0.00%
   OVRPBTW: top1=0.461 mean_cost=10.5068 (sbs=10.5068) vs_sbs=+0.00%
   OVRPLTW: top1=0.494 mean_cost=10.1272 (sbs=10.1272) vs_sbs=+0.00%
   VRPBLTW: top1=0.398 mean_cost=19.0066 (sbs=19.5198) vs_sbs=-2.63%
  OVRPBLTW: top1=0.471 mean_cost=10.5412 (sbs=10.5412) vs_sbs=+0.00%
[epoch 6] update=180/1422 total=7290 loss=0.62957 KL=0.00773 lr=0.0001 samples/s=1844
[epoch 6] update=360/1422 total=7470 loss=0.62897 KL=0.00749 lr=0.0001 samples/s=1852
[AMP retry] same batch; lower scale=32768.0
[epoch 6] update=540/1422 total=7650 loss=0.63235 KL=0.00725 lr=0.0001 samples/s=1857
[epoch 6] update=720/1422 total=7830 loss=0.63152 KL=0.00721 lr=0.0001 samples/s=1858
[epoch 6] update=900/1422 total=8010 loss=0.62997 KL=0.00718 lr=0.0001 samples/s=1857
[epoch 6] update=1080/1422 total=8190 loss=0.62855 KL=0.00716 lr=0.0001 samples/s=1858
[epoch 6] update=1260/1422 total=8370 loss=0.62891 KL=0.00710 lr=0.0001 samples/s=1846
[epoch 6] update=1422/1422 total=8532 loss=0.62864 KL=0.00708 lr=0.0001 samples/s=1818
[R45C val epoch 6] macro_top1=0.4603 top2=0.7994 top3=0.9092 vs_sbs=-0.896% vbs_closed=+23.42%
       TSP: top1=0.376 mean_cost=7.9171 (sbs=7.9578) vs_sbs=-0.51%
      CVRP: top1=0.413 mean_cost=18.2451 (sbs=18.2943) vs_sbs=-0.27%
      ATSP: top1=0.760 mean_cost=1.6397 (sbs=1.6735) vs_sbs=-2.02%
      OVRP: top1=0.302 mean_cost=7.4640 (sbs=7.4617) vs_sbs=+0.03%
      VRPB: top1=0.550 mean_cost=9.3339 (sbs=9.3403) vs_sbs=-0.07%
      VRPL: top1=0.303 mean_cost=12.4057 (sbs=12.4072) vs_sbs=-0.01%
     VRPTW: top1=0.388 mean_cost=17.9742 (sbs=18.6571) vs_sbs=-3.66%
    OVRPTW: top1=0.510 mean_cost=10.0417 (sbs=10.0484) vs_sbs=-0.07%
     OVRPB: top1=0.558 mean_cost=6.3209 (sbs=6.3220) vs_sbs=-0.02%
     OVRPL: top1=0.360 mean_cost=7.4432 (sbs=7.4376) vs_sbs=+0.08%
     VRPBL: top1=0.542 mean_cost=9.3567 (sbs=9.3593) vs_sbs=-0.03%
    VRPBTW: top1=0.430 mean_cost=19.1556 (sbs=19.6697) vs_sbs=-2.61%
    VRPLTW: top1=0.405 mean_cost=17.7154 (sbs=18.5091) vs_sbs=-4.29%
    OVRPBL: top1=0.530 mean_cost=6.3088 (sbs=6.3103) vs_sbs=-0.02%
   OVRPBTW: top1=0.473 mean_cost=10.5031 (sbs=10.5068) vs_sbs=-0.03%
   OVRPLTW: top1=0.501 mean_cost=10.1291 (sbs=10.1272) vs_sbs=+0.02%
   VRPBLTW: top1=0.406 mean_cost=19.0130 (sbs=19.5198) vs_sbs=-2.60%
  OVRPBLTW: top1=0.479 mean_cost=10.5370 (sbs=10.5412) vs_sbs=-0.04%
[epoch 7] update=180/1422 total=8712 loss=0.62123 KL=0.00741 lr=0.0001 samples/s=1700
[epoch 7] update=360/1422 total=8892 loss=0.61928 KL=0.00740 lr=0.0001 samples/s=1709
[epoch 7] update=540/1422 total=9072 loss=0.61985 KL=0.00714 lr=0.0001 samples/s=1741
[epoch 7] update=720/1422 total=9252 loss=0.61953 KL=0.00711 lr=0.0001 samples/s=1770
[epoch 7] update=900/1422 total=9432 loss=0.61993 KL=0.00704 lr=0.0001 samples/s=1788
[epoch 7] update=1080/1422 total=9612 loss=0.61996 KL=0.00700 lr=0.0001 samples/s=1799
[epoch 7] update=1260/1422 total=9792 loss=0.61997 KL=0.00698 lr=0.0001 samples/s=1805
[epoch 7] update=1422/1422 total=9954 loss=0.61987 KL=0.00696 lr=0.0001 samples/s=1798
[R45C val epoch 7] macro_top1=0.4455 top2=0.7906 top3=0.9021 vs_sbs=-0.759% vbs_closed=+17.65%
       TSP: top1=0.347 mean_cost=7.9327 (sbs=7.9578) vs_sbs=-0.32%
      CVRP: top1=0.349 mean_cost=18.2763 (sbs=18.2943) vs_sbs=-0.10%
      ATSP: top1=0.749 mean_cost=1.6390 (sbs=1.6735) vs_sbs=-2.07%
      OVRP: top1=0.306 mean_cost=7.4679 (sbs=7.4617) vs_sbs=+0.08%
      VRPB: top1=0.504 mean_cost=9.3403 (sbs=9.3403) vs_sbs=+0.00%
      VRPL: top1=0.306 mean_cost=12.4054 (sbs=12.4072) vs_sbs=-0.01%
     VRPTW: top1=0.401 mean_cost=17.9610 (sbs=18.6571) vs_sbs=-3.73%
    OVRPTW: top1=0.476 mean_cost=10.0484 (sbs=10.0484) vs_sbs=+0.00%
     OVRPB: top1=0.545 mean_cost=6.3220 (sbs=6.3220) vs_sbs=+0.00%
     OVRPL: top1=0.342 mean_cost=7.4453 (sbs=7.4376) vs_sbs=+0.10%
     VRPBL: top1=0.528 mean_cost=9.3593 (sbs=9.3593) vs_sbs=+0.00%
    VRPBTW: top1=0.403 mean_cost=19.2027 (sbs=19.6697) vs_sbs=-2.37%
    VRPLTW: top1=0.404 mean_cost=17.9663 (sbs=18.5091) vs_sbs=-2.93%
    OVRPBL: top1=0.555 mean_cost=6.3103 (sbs=6.3103) vs_sbs=+0.00%
   OVRPBTW: top1=0.460 mean_cost=10.5068 (sbs=10.5068) vs_sbs=+0.00%
   OVRPLTW: top1=0.494 mean_cost=10.1272 (sbs=10.1272) vs_sbs=+0.00%
   VRPBLTW: top1=0.379 mean_cost=19.0689 (sbs=19.5198) vs_sbs=-2.31%
  OVRPBLTW: top1=0.471 mean_cost=10.5412 (sbs=10.5412) vs_sbs=+0.00%
[epoch 8] update=180/1422 total=10134 loss=0.62919 KL=0.00657 lr=0.0001 samples/s=1856
[epoch 8] update=360/1422 total=10314 loss=0.62346 KL=0.00669 lr=0.0001 samples/s=1865
[AMP retry] same batch; lower scale=32768.0
[epoch 8] update=540/1422 total=10494 loss=0.62124 KL=0.00675 lr=0.0001 samples/s=1860
[epoch 8] update=720/1422 total=10674 loss=0.61965 KL=0.00672 lr=0.0001 samples/s=1851
[epoch 8] update=900/1422 total=10854 loss=0.61956 KL=0.00670 lr=0.0001 samples/s=1850
[epoch 8] update=1080/1422 total=11034 loss=0.61841 KL=0.00674 lr=0.0001 samples/s=1851
[epoch 8] update=1260/1422 total=11214 loss=0.61858 KL=0.00668 lr=0.0001 samples/s=1852
[epoch 8] update=1422/1422 total=11376 loss=0.61782 KL=0.00664 lr=0.0001 samples/s=1836
[R45C val epoch 8] macro_top1=0.4574 top2=0.7996 top3=0.9102 vs_sbs=-0.908% vbs_closed=+21.49%
       TSP: top1=0.331 mean_cost=7.9512 (sbs=7.9578) vs_sbs=-0.08%
      CVRP: top1=0.301 mean_cost=18.2943 (sbs=18.2943) vs_sbs=+0.00%
      ATSP: top1=0.751 mean_cost=1.6361 (sbs=1.6735) vs_sbs=-2.24%
      OVRP: top1=0.332 mean_cost=7.4641 (sbs=7.4617) vs_sbs=+0.03%
      VRPB: top1=0.548 mean_cost=9.3341 (sbs=9.3403) vs_sbs=-0.07%
      VRPL: top1=0.303 mean_cost=12.4061 (sbs=12.4072) vs_sbs=-0.01%
     VRPTW: top1=0.424 mean_cost=18.0091 (sbs=18.6571) vs_sbs=-3.47%
    OVRPTW: top1=0.486 mean_cost=10.0449 (sbs=10.0484) vs_sbs=-0.04%
     OVRPB: top1=0.557 mean_cost=6.3208 (sbs=6.3220) vs_sbs=-0.02%
     OVRPL: top1=0.369 mean_cost=7.4393 (sbs=7.4376) vs_sbs=+0.02%
     VRPBL: top1=0.546 mean_cost=9.3545 (sbs=9.3593) vs_sbs=-0.05%
    VRPBTW: top1=0.409 mean_cost=19.1015 (sbs=19.6697) vs_sbs=-2.89%
    VRPLTW: top1=0.443 mean_cost=17.6721 (sbs=18.5091) vs_sbs=-4.52%
    OVRPBL: top1=0.531 mean_cost=6.3084 (sbs=6.3103) vs_sbs=-0.03%
   OVRPBTW: top1=0.502 mean_cost=10.4980 (sbs=10.5068) vs_sbs=-0.08%
   OVRPLTW: top1=0.483 mean_cost=10.1292 (sbs=10.1272) vs_sbs=+0.02%
   VRPBLTW: top1=0.426 mean_cost=18.9591 (sbs=19.5198) vs_sbs=-2.87%
  OVRPBLTW: top1=0.492 mean_cost=10.5369 (sbs=10.5412) vs_sbs=-0.04%
[epoch 9] update=180/1422 total=11556 loss=0.61633 KL=0.00639 lr=0.0001 samples/s=1767
[epoch 9] update=360/1422 total=11736 loss=0.61593 KL=0.00643 lr=0.0001 samples/s=1815
[epoch 9] update=540/1422 total=11916 loss=0.61459 KL=0.00641 lr=0.0001 samples/s=1826
[epoch 9] update=720/1422 total=12096 loss=0.61358 KL=0.00642 lr=0.0001 samples/s=1833
[epoch 9] update=900/1422 total=12276 loss=0.61343 KL=0.00641 lr=0.0001 samples/s=1837
[epoch 9] update=1080/1422 total=12456 loss=0.61300 KL=0.00641 lr=0.0001 samples/s=1841
[epoch 9] update=1260/1422 total=12636 loss=0.61284 KL=0.00640 lr=0.0001 samples/s=1843
[epoch 9] update=1422/1422 total=12798 loss=0.61286 KL=0.00640 lr=0.0001 samples/s=1831
[R45C val epoch 9] macro_top1=0.4513 top2=0.7882 top3=0.8977 vs_sbs=-0.834% vbs_closed=+17.43%
       TSP: top1=0.365 mean_cost=7.9237 (sbs=7.9578) vs_sbs=-0.43%
      CVRP: top1=0.219 mean_cost=18.3399 (sbs=18.2943) vs_sbs=+0.25%
      ATSP: top1=0.771 mean_cost=1.6354 (sbs=1.6735) vs_sbs=-2.28%
      OVRP: top1=0.341 mean_cost=7.4607 (sbs=7.4617) vs_sbs=-0.01%
      VRPB: top1=0.551 mean_cost=9.3384 (sbs=9.3403) vs_sbs=-0.02%
      VRPL: top1=0.304 mean_cost=12.4064 (sbs=12.4072) vs_sbs=-0.01%
     VRPTW: top1=0.424 mean_cost=17.9801 (sbs=18.6571) vs_sbs=-3.63%
    OVRPTW: top1=0.501 mean_cost=10.0490 (sbs=10.0484) vs_sbs=+0.01%
     OVRPB: top1=0.566 mean_cost=6.3214 (sbs=6.3220) vs_sbs=-0.01%
     OVRPL: top1=0.361 mean_cost=7.4412 (sbs=7.4376) vs_sbs=+0.05%
     VRPBL: top1=0.511 mean_cost=9.3703 (sbs=9.3593) vs_sbs=+0.12%
    VRPBTW: top1=0.413 mean_cost=19.1361 (sbs=19.6697) vs_sbs=-2.71%
    VRPLTW: top1=0.420 mean_cost=17.7233 (sbs=18.5091) vs_sbs=-4.25%
    OVRPBL: top1=0.515 mean_cost=6.3162 (sbs=6.3103) vs_sbs=+0.09%
   OVRPBTW: top1=0.495 mean_cost=10.5078 (sbs=10.5068) vs_sbs=+0.01%
   OVRPLTW: top1=0.480 mean_cost=10.1355 (sbs=10.1272) vs_sbs=+0.08%
   VRPBLTW: top1=0.402 mean_cost=19.0704 (sbs=19.5198) vs_sbs=-2.30%
  OVRPBLTW: top1=0.485 mean_cost=10.5431 (sbs=10.5412) vs_sbs=+0.02%
[epoch 10] update=180/1422 total=12978 loss=0.61132 KL=0.00629 lr=0.0001 samples/s=1804
[epoch 10] update=360/1422 total=13158 loss=0.61099 KL=0.00634 lr=0.0001 samples/s=1813
[epoch 10] update=540/1422 total=13338 loss=0.61061 KL=0.00632 lr=0.0001 samples/s=1778
[epoch 10] update=720/1422 total=13518 loss=0.61089 KL=0.00633 lr=0.0001 samples/s=1798
[epoch 10] update=900/1422 total=13698 loss=0.61053 KL=0.00633 lr=0.0001 samples/s=1812
[epoch 10] update=1080/1422 total=13878 loss=0.61070 KL=0.00632 lr=0.0001 samples/s=1820
[epoch 10] update=1260/1422 total=14058 loss=0.61026 KL=0.00632 lr=0.0001 samples/s=1825
[epoch 10] update=1422/1422 total=14220 loss=0.61030 KL=0.00631 lr=0.0001 samples/s=1799
[R45C val epoch 10] macro_top1=0.4317 top2=0.7619 top3=0.8722 vs_sbs=-0.752% vbs_closed=+9.29%
       TSP: top1=0.373 mean_cost=7.9215 (sbs=7.9578) vs_sbs=-0.46%
      CVRP: top1=0.196 mean_cost=18.3440 (sbs=18.2943) vs_sbs=+0.27%
      ATSP: top1=0.751 mean_cost=1.6394 (sbs=1.6735) vs_sbs=-2.04%
      OVRP: top1=0.230 mean_cost=7.4974 (sbs=7.4617) vs_sbs=+0.48%
      VRPB: top1=0.536 mean_cost=9.3353 (sbs=9.3403) vs_sbs=-0.05%
      VRPL: top1=0.237 mean_cost=12.4403 (sbs=12.4072) vs_sbs=+0.27%
     VRPTW: top1=0.376 mean_cost=18.0250 (sbs=18.6571) vs_sbs=-3.39%
    OVRPTW: top1=0.505 mean_cost=10.0432 (sbs=10.0484) vs_sbs=-0.05%
     OVRPB: top1=0.562 mean_cost=6.3183 (sbs=6.3220) vs_sbs=-0.06%
     OVRPL: top1=0.253 mean_cost=7.4848 (sbs=7.4376) vs_sbs=+0.63%
     VRPBL: top1=0.542 mean_cost=9.3576 (sbs=9.3593) vs_sbs=-0.02%
    VRPBTW: top1=0.414 mean_cost=19.1615 (sbs=19.6697) vs_sbs=-2.58%
    VRPLTW: top1=0.371 mean_cost=17.7709 (sbs=18.5091) vs_sbs=-3.99%
    OVRPBL: top1=0.549 mean_cost=6.3094 (sbs=6.3103) vs_sbs=-0.01%
   OVRPBTW: top1=0.501 mean_cost=10.4980 (sbs=10.5068) vs_sbs=-0.08%
   OVRPLTW: top1=0.488 mean_cost=10.1309 (sbs=10.1272) vs_sbs=+0.04%
   VRPBLTW: top1=0.400 mean_cost=19.0457 (sbs=19.5198) vs_sbs=-2.43%
  OVRPBLTW: top1=0.487 mean_cost=10.5350 (sbs=10.5412) vs_sbs=-0.06%
[epoch 11] update=180/1422 total=14400 loss=0.61255 KL=0.00603 lr=0.0001 samples/s=1835
[AMP retry] same batch; lower scale=65536.0
[epoch 11] update=360/1422 total=14580 loss=0.60985 KL=0.00608 lr=0.0001 samples/s=1838
[epoch 11] update=540/1422 total=14760 loss=0.61163 KL=0.00607 lr=0.0001 samples/s=1844
[epoch 11] update=720/1422 total=14940 loss=0.61068 KL=0.00605 lr=0.0001 samples/s=1849
[AMP retry] same batch; lower scale=32768.0
[epoch 11] update=900/1422 total=15120 loss=0.61142 KL=0.00609 lr=0.0001 samples/s=1849
[epoch 11] update=1080/1422 total=15300 loss=0.61023 KL=0.00612 lr=0.0001 samples/s=1851
[epoch 11] update=1260/1422 total=15480 loss=0.60980 KL=0.00610 lr=0.0001 samples/s=1851
[epoch 11] update=1422/1422 total=15642 loss=0.60951 KL=0.00610 lr=0.0001 samples/s=1839
[R45C val epoch 11] macro_top1=0.4673 top2=0.8023 top3=0.9142 vs_sbs=-0.919% vbs_closed=+25.63%
       TSP: top1=0.384 mean_cost=7.9121 (sbs=7.9578) vs_sbs=-0.57%
      CVRP: top1=0.434 mean_cost=18.2247 (sbs=18.2943) vs_sbs=-0.38%
      ATSP: top1=0.764 mean_cost=1.6383 (sbs=1.6735) vs_sbs=-2.11%
      OVRP: top1=0.326 mean_cost=7.4578 (sbs=7.4617) vs_sbs=-0.05%
      VRPB: top1=0.543 mean_cost=9.3343 (sbs=9.3403) vs_sbs=-0.06%
      VRPL: top1=0.294 mean_cost=12.4120 (sbs=12.4072) vs_sbs=+0.04%
     VRPTW: top1=0.386 mean_cost=18.0154 (sbs=18.6571) vs_sbs=-3.44%
    OVRPTW: top1=0.506 mean_cost=10.0411 (sbs=10.0484) vs_sbs=-0.07%
     OVRPB: top1=0.566 mean_cost=6.3182 (sbs=6.3220) vs_sbs=-0.06%
     OVRPL: top1=0.352 mean_cost=7.4386 (sbs=7.4376) vs_sbs=+0.01%
     VRPBL: top1=0.553 mean_cost=9.3549 (sbs=9.3593) vs_sbs=-0.05%
    VRPBTW: top1=0.448 mean_cost=19.0869 (sbs=19.6697) vs_sbs=-2.96%
    VRPLTW: top1=0.419 mean_cost=17.7792 (sbs=18.5091) vs_sbs=-3.94%
    OVRPBL: top1=0.566 mean_cost=6.3051 (sbs=6.3103) vs_sbs=-0.08%
   OVRPBTW: top1=0.483 mean_cost=10.5027 (sbs=10.5068) vs_sbs=-0.04%
   OVRPLTW: top1=0.485 mean_cost=10.1322 (sbs=10.1272) vs_sbs=+0.05%
   VRPBLTW: top1=0.415 mean_cost=18.9776 (sbs=19.5198) vs_sbs=-2.78%
  OVRPBLTW: top1=0.488 mean_cost=10.5365 (sbs=10.5412) vs_sbs=-0.04%
[epoch 12] update=180/1422 total=15822 loss=0.60477 KL=0.00587 lr=0.0001 samples/s=1802
[epoch 12] update=360/1422 total=16002 loss=0.60394 KL=0.00606 lr=0.0001 samples/s=1751
[epoch 12] update=540/1422 total=16182 loss=0.60411 KL=0.00606 lr=0.0001 samples/s=1718
[epoch 12] update=720/1422 total=16362 loss=0.60427 KL=0.00608 lr=0.0001 samples/s=1714
[epoch 12] update=900/1422 total=16542 loss=0.60388 KL=0.00610 lr=0.0001 samples/s=1717
[epoch 12] update=1080/1422 total=16722 loss=0.60397 KL=0.00609 lr=0.0001 samples/s=1718
[epoch 12] update=1260/1422 total=16902 loss=0.60473 KL=0.00607 lr=0.0001 samples/s=1725
[epoch 12] update=1422/1422 total=17064 loss=0.60483 KL=0.00606 lr=0.0001 samples/s=1716
[R45C val epoch 12] macro_top1=0.4671 top2=0.8088 top3=0.9181 vs_sbs=-0.988% vbs_closed=+26.32%
       TSP: top1=0.362 mean_cost=7.9243 (sbs=7.9578) vs_sbs=-0.42%
      CVRP: top1=0.456 mean_cost=18.2122 (sbs=18.2943) vs_sbs=-0.45%
      ATSP: top1=0.773 mean_cost=1.6353 (sbs=1.6735) vs_sbs=-2.28%
      OVRP: top1=0.296 mean_cost=7.4676 (sbs=7.4617) vs_sbs=+0.08%
      VRPB: top1=0.512 mean_cost=9.3406 (sbs=9.3403) vs_sbs=+0.00%
      VRPL: top1=0.295 mean_cost=12.4062 (sbs=12.4072) vs_sbs=-0.01%
     VRPTW: top1=0.412 mean_cost=17.9365 (sbs=18.6571) vs_sbs=-3.86%
    OVRPTW: top1=0.508 mean_cost=10.0413 (sbs=10.0484) vs_sbs=-0.07%
     OVRPB: top1=0.567 mean_cost=6.3186 (sbs=6.3220) vs_sbs=-0.05%
     OVRPL: top1=0.387 mean_cost=7.4347 (sbs=7.4376) vs_sbs=-0.04%
     VRPBL: top1=0.535 mean_cost=9.3569 (sbs=9.3593) vs_sbs=-0.03%
    VRPBTW: top1=0.449 mean_cost=19.0615 (sbs=19.6697) vs_sbs=-3.09%
    VRPLTW: top1=0.423 mean_cost=17.6681 (sbs=18.5091) vs_sbs=-4.54%
    OVRPBL: top1=0.556 mean_cost=6.3079 (sbs=6.3103) vs_sbs=-0.04%
   OVRPBTW: top1=0.467 mean_cost=10.5027 (sbs=10.5068) vs_sbs=-0.04%
   OVRPLTW: top1=0.504 mean_cost=10.1252 (sbs=10.1272) vs_sbs=-0.02%
   VRPBLTW: top1=0.420 mean_cost=18.9556 (sbs=19.5198) vs_sbs=-2.89%
  OVRPBLTW: top1=0.485 mean_cost=10.5378 (sbs=10.5412) vs_sbs=-0.03%
[epoch 13] update=180/1422 total=17244 loss=0.60287 KL=0.00610 lr=0.0001 samples/s=1859
[epoch 13] update=360/1422 total=17424 loss=0.60187 KL=0.00613 lr=0.0001 samples/s=1861
[epoch 13] update=540/1422 total=17604 loss=0.60146 KL=0.00613 lr=0.0001 samples/s=1861
[epoch 13] update=720/1422 total=17784 loss=0.60201 KL=0.00611 lr=0.0001 samples/s=1858
[epoch 13] update=900/1422 total=17964 loss=0.60249 KL=0.00608 lr=0.0001 samples/s=1850
[epoch 13] update=1080/1422 total=18144 loss=0.60185 KL=0.00607 lr=0.0001 samples/s=1847
[epoch 13] update=1260/1422 total=18324 loss=0.60197 KL=0.00605 lr=0.0001 samples/s=1845
[epoch 13] update=1422/1422 total=18486 loss=0.60163 KL=0.00604 lr=0.0001 samples/s=1831
[R45C val epoch 13] macro_top1=0.4646 top2=0.7993 top3=0.9074 vs_sbs=-0.959% vbs_closed=+24.77%
       TSP: top1=0.294 mean_cost=7.9323 (sbs=7.9578) vs_sbs=-0.32%
      CVRP: top1=0.330 mean_cost=18.3183 (sbs=18.2943) vs_sbs=+0.13%
      ATSP: top1=0.773 mean_cost=1.6365 (sbs=1.6735) vs_sbs=-2.21%
      OVRP: top1=0.347 mean_cost=7.4562 (sbs=7.4617) vs_sbs=-0.07%
      VRPB: top1=0.551 mean_cost=9.3339 (sbs=9.3403) vs_sbs=-0.07%
      VRPL: top1=0.313 mean_cost=12.4037 (sbs=12.4072) vs_sbs=-0.03%
     VRPTW: top1=0.448 mean_cost=17.9197 (sbs=18.6571) vs_sbs=-3.95%
    OVRPTW: top1=0.497 mean_cost=10.0428 (sbs=10.0484) vs_sbs=-0.06%
     OVRPB: top1=0.572 mean_cost=6.3166 (sbs=6.3220) vs_sbs=-0.08%
     OVRPL: top1=0.343 mean_cost=7.4368 (sbs=7.4376) vs_sbs=-0.01%
     VRPBL: top1=0.544 mean_cost=9.3549 (sbs=9.3593) vs_sbs=-0.05%
    VRPBTW: top1=0.433 mean_cost=19.0806 (sbs=19.6697) vs_sbs=-3.00%
    VRPLTW: top1=0.446 mean_cost=17.6587 (sbs=18.5091) vs_sbs=-4.59%
    OVRPBL: top1=0.557 mean_cost=6.3057 (sbs=6.3103) vs_sbs=-0.07%
   OVRPBTW: top1=0.519 mean_cost=10.4923 (sbs=10.5068) vs_sbs=-0.14%
   OVRPLTW: top1=0.503 mean_cost=10.1269 (sbs=10.1272) vs_sbs=-0.00%
   VRPBLTW: top1=0.394 mean_cost=18.9959 (sbs=19.5198) vs_sbs=-2.68%
  OVRPBLTW: top1=0.499 mean_cost=10.5348 (sbs=10.5412) vs_sbs=-0.06%
[epoch 14] update=180/1422 total=18666 loss=0.60135 KL=0.00602 lr=0.0001 samples/s=1693
[epoch 14] update=360/1422 total=18846 loss=0.59946 KL=0.00607 lr=0.0001 samples/s=1689
[AMP retry] same batch; lower scale=65536.0
[epoch 14] update=540/1422 total=19026 loss=0.60127 KL=0.00604 lr=0.0001 samples/s=1729
[epoch 14] update=720/1422 total=19206 loss=0.60107 KL=0.00600 lr=0.0001 samples/s=1765
[epoch 14] update=900/1422 total=19386 loss=0.60030 KL=0.00601 lr=0.0001 samples/s=1763
[AMP retry] same batch; lower scale=32768.0
[epoch 14] update=1080/1422 total=19566 loss=0.60104 KL=0.00595 lr=0.0001 samples/s=1757
[epoch 14] update=1260/1422 total=19746 loss=0.60089 KL=0.00597 lr=0.0001 samples/s=1755
[epoch 14] update=1422/1422 total=19908 loss=0.60129 KL=0.00595 lr=0.0001 samples/s=1740
[R45C val epoch 14] macro_top1=0.4677 top2=0.8056 top3=0.9163 vs_sbs=-0.921% vbs_closed=+22.89%
       TSP: top1=0.356 mean_cost=7.9300 (sbs=7.9578) vs_sbs=-0.35%
      CVRP: top1=0.463 mean_cost=18.2143 (sbs=18.2943) vs_sbs=-0.44%
      ATSP: top1=0.689 mean_cost=1.6531 (sbs=1.6735) vs_sbs=-1.22%
      OVRP: top1=0.364 mean_cost=7.4569 (sbs=7.4617) vs_sbs=-0.06%
      VRPB: top1=0.548 mean_cost=9.3352 (sbs=9.3403) vs_sbs=-0.05%
      VRPL: top1=0.267 mean_cost=12.4205 (sbs=12.4072) vs_sbs=+0.11%
     VRPTW: top1=0.441 mean_cost=17.9084 (sbs=18.6571) vs_sbs=-4.01%
    OVRPTW: top1=0.499 mean_cost=10.0438 (sbs=10.0484) vs_sbs=-0.05%
     OVRPB: top1=0.548 mean_cost=6.3245 (sbs=6.3220) vs_sbs=+0.04%
     OVRPL: top1=0.380 mean_cost=7.4332 (sbs=7.4376) vs_sbs=-0.06%
     VRPBL: top1=0.519 mean_cost=9.3597 (sbs=9.3593) vs_sbs=+0.00%
    VRPBTW: top1=0.434 mean_cost=19.0453 (sbs=19.6697) vs_sbs=-3.17%
    VRPLTW: top1=0.423 mean_cost=17.6964 (sbs=18.5091) vs_sbs=-4.39%
    OVRPBL: top1=0.544 mean_cost=6.3094 (sbs=6.3103) vs_sbs=-0.01%
   OVRPBTW: top1=0.516 mean_cost=10.4966 (sbs=10.5068) vs_sbs=-0.10%
   OVRPLTW: top1=0.496 mean_cost=10.1307 (sbs=10.1272) vs_sbs=+0.03%
   VRPBLTW: top1=0.433 mean_cost=18.9703 (sbs=19.5198) vs_sbs=-2.82%
  OVRPBLTW: top1=0.498 mean_cost=10.5375 (sbs=10.5412) vs_sbs=-0.03%
[epoch 15] update=180/1422 total=20088 loss=0.59942 KL=0.00590 lr=0.0001 samples/s=1662
[epoch 15] update=360/1422 total=20268 loss=0.59816 KL=0.00597 lr=0.0001 samples/s=1674
[epoch 15] update=540/1422 total=20448 loss=0.59811 KL=0.00595 lr=0.0001 samples/s=1676
[epoch 15] update=720/1422 total=20628 loss=0.59831 KL=0.00590 lr=0.0001 samples/s=1694
[epoch 15] update=900/1422 total=20808 loss=0.59832 KL=0.00590 lr=0.0001 samples/s=1702
[epoch 15] update=1080/1422 total=20988 loss=0.59900 KL=0.00588 lr=0.0001 samples/s=1710
[epoch 15] update=1260/1422 total=21168 loss=0.59907 KL=0.00586 lr=0.0001 samples/s=1713
[epoch 15] update=1422/1422 total=21330 loss=0.59949 KL=0.00587 lr=0.0001 samples/s=1702
[R45C val epoch 15] macro_top1=0.4673 top2=0.8043 top3=0.9149 vs_sbs=-0.977% vbs_closed=+26.99%
       TSP: top1=0.366 mean_cost=7.9192 (sbs=7.9578) vs_sbs=-0.49%
      CVRP: top1=0.451 mean_cost=18.2154 (sbs=18.2943) vs_sbs=-0.43%
      ATSP: top1=0.659 mean_cost=1.6404 (sbs=1.6735) vs_sbs=-1.98%
      OVRP: top1=0.356 mean_cost=7.4548 (sbs=7.4617) vs_sbs=-0.09%
      VRPB: top1=0.551 mean_cost=9.3352 (sbs=9.3403) vs_sbs=-0.05%
      VRPL: top1=0.304 mean_cost=12.4064 (sbs=12.4072) vs_sbs=-0.01%
     VRPTW: top1=0.421 mean_cost=17.9169 (sbs=18.6571) vs_sbs=-3.97%
    OVRPTW: top1=0.504 mean_cost=10.0443 (sbs=10.0484) vs_sbs=-0.04%
     OVRPB: top1=0.559 mean_cost=6.3202 (sbs=6.3220) vs_sbs=-0.03%
     OVRPL: top1=0.344 mean_cost=7.4402 (sbs=7.4376) vs_sbs=+0.04%
     VRPBL: top1=0.541 mean_cost=9.3567 (sbs=9.3593) vs_sbs=-0.03%
    VRPBTW: top1=0.441 mean_cost=19.0778 (sbs=19.6697) vs_sbs=-3.01%
    VRPLTW: top1=0.425 mean_cost=17.6780 (sbs=18.5091) vs_sbs=-4.49%
    OVRPBL: top1=0.561 mean_cost=6.3048 (sbs=6.3103) vs_sbs=-0.09%
   OVRPBTW: top1=0.500 mean_cost=10.4997 (sbs=10.5068) vs_sbs=-0.07%
   OVRPLTW: top1=0.512 mean_cost=10.1270 (sbs=10.1272) vs_sbs=-0.00%
   VRPBLTW: top1=0.423 mean_cost=18.9801 (sbs=19.5198) vs_sbs=-2.76%
  OVRPBLTW: top1=0.493 mean_cost=10.5330 (sbs=10.5412) vs_sbs=-0.08%
[epoch 16] update=180/1422 total=21510 loss=0.59404 KL=0.00599 lr=5e-05 samples/s=1766
[epoch 16] update=360/1422 total=21690 loss=0.59126 KL=0.00608 lr=5e-05 samples/s=1758
[epoch 16] update=540/1422 total=21870 loss=0.59082 KL=0.00608 lr=5e-05 samples/s=1750
[epoch 16] update=720/1422 total=22050 loss=0.58987 KL=0.00613 lr=5e-05 samples/s=1742
[epoch 16] update=900/1422 total=22230 loss=0.59026 KL=0.00614 lr=5e-05 samples/s=1741
[epoch 16] update=1080/1422 total=22410 loss=0.59006 KL=0.00616 lr=5e-05 samples/s=1743
[epoch 16] update=1260/1422 total=22590 loss=0.58930 KL=0.00620 lr=5e-05 samples/s=1745
[epoch 16] update=1422/1422 total=22752 loss=0.58912 KL=0.00621 lr=5e-05 samples/s=1730
[R45C val epoch 16] macro_top1=0.4736 top2=0.8122 top3=0.9212 vs_sbs=-1.028% vbs_closed=+27.79%
       TSP: top1=0.338 mean_cost=7.9245 (sbs=7.9578) vs_sbs=-0.42%
      CVRP: top1=0.439 mean_cost=18.2323 (sbs=18.2943) vs_sbs=-0.34%
      ATSP: top1=0.787 mean_cost=1.6349 (sbs=1.6735) vs_sbs=-2.31%
      OVRP: top1=0.316 mean_cost=7.4587 (sbs=7.4617) vs_sbs=-0.04%
      VRPB: top1=0.538 mean_cost=9.3346 (sbs=9.3403) vs_sbs=-0.06%
      VRPL: top1=0.303 mean_cost=12.4077 (sbs=12.4072) vs_sbs=+0.00%
     VRPTW: top1=0.439 mean_cost=17.9034 (sbs=18.6571) vs_sbs=-4.04%
    OVRPTW: top1=0.503 mean_cost=10.0401 (sbs=10.0484) vs_sbs=-0.08%
     OVRPB: top1=0.580 mean_cost=6.3145 (sbs=6.3220) vs_sbs=-0.12%
     OVRPL: top1=0.373 mean_cost=7.4368 (sbs=7.4376) vs_sbs=-0.01%
     VRPBL: top1=0.558 mean_cost=9.3538 (sbs=9.3593) vs_sbs=-0.06%
    VRPBTW: top1=0.456 mean_cost=19.0277 (sbs=19.6697) vs_sbs=-3.26%
    VRPLTW: top1=0.453 mean_cost=17.6246 (sbs=18.5091) vs_sbs=-4.78%
    OVRPBL: top1=0.559 mean_cost=6.3065 (sbs=6.3103) vs_sbs=-0.06%
   OVRPBTW: top1=0.471 mean_cost=10.5065 (sbs=10.5068) vs_sbs=-0.00%
   OVRPLTW: top1=0.505 mean_cost=10.1298 (sbs=10.1272) vs_sbs=+0.03%
   VRPBLTW: top1=0.423 mean_cost=18.9519 (sbs=19.5198) vs_sbs=-2.91%
  OVRPBLTW: top1=0.483 mean_cost=10.5360 (sbs=10.5412) vs_sbs=-0.05%
[epoch 17] update=180/1422 total=22932 loss=0.58805 KL=0.00627 lr=5e-05 samples/s=1766
[epoch 17] update=360/1422 total=23112 loss=0.58838 KL=0.00628 lr=5e-05 samples/s=1808
[epoch 17] update=540/1422 total=23292 loss=0.58666 KL=0.00627 lr=5e-05 samples/s=1819
[epoch 17] update=720/1422 total=23472 loss=0.58671 KL=0.00631 lr=5e-05 samples/s=1822
[AMP retry] same batch; lower scale=65536.0
[epoch 17] update=900/1422 total=23652 loss=0.58708 KL=0.00632 lr=5e-05 samples/s=1824
[epoch 17] update=1080/1422 total=23832 loss=0.58726 KL=0.00635 lr=5e-05 samples/s=1822
[epoch 17] update=1260/1422 total=24012 loss=0.58705 KL=0.00639 lr=5e-05 samples/s=1827
[epoch 17] update=1422/1422 total=24174 loss=0.58714 KL=0.00640 lr=5e-05 samples/s=1816
[R45C val epoch 17] macro_top1=0.4789 top2=0.8151 top3=0.9239 vs_sbs=-0.946% vbs_closed=+27.80%
       TSP: top1=0.387 mean_cost=7.9157 (sbs=7.9578) vs_sbs=-0.53%
      CVRP: top1=0.475 mean_cost=18.2073 (sbs=18.2943) vs_sbs=-0.48%
      ATSP: top1=0.705 mean_cost=1.6460 (sbs=1.6735) vs_sbs=-1.64%
      OVRP: top1=0.354 mean_cost=7.4547 (sbs=7.4617) vs_sbs=-0.09%
      VRPB: top1=0.553 mean_cost=9.3326 (sbs=9.3403) vs_sbs=-0.08%
      VRPL: top1=0.307 mean_cost=12.4050 (sbs=12.4072) vs_sbs=-0.02%
     VRPTW: top1=0.432 mean_cost=17.9784 (sbs=18.6571) vs_sbs=-3.64%
    OVRPTW: top1=0.504 mean_cost=10.0442 (sbs=10.0484) vs_sbs=-0.04%
     OVRPB: top1=0.575 mean_cost=6.3193 (sbs=6.3220) vs_sbs=-0.04%
     OVRPL: top1=0.389 mean_cost=7.4333 (sbs=7.4376) vs_sbs=-0.06%
     VRPBL: top1=0.536 mean_cost=9.3570 (sbs=9.3593) vs_sbs=-0.02%
    VRPBTW: top1=0.433 mean_cost=19.0661 (sbs=19.6697) vs_sbs=-3.07%
    VRPLTW: top1=0.427 mean_cost=17.7477 (sbs=18.5091) vs_sbs=-4.11%
    OVRPBL: top1=0.571 mean_cost=6.3039 (sbs=6.3103) vs_sbs=-0.10%
   OVRPBTW: top1=0.517 mean_cost=10.4954 (sbs=10.5068) vs_sbs=-0.11%
   OVRPLTW: top1=0.504 mean_cost=10.1263 (sbs=10.1272) vs_sbs=-0.01%
   VRPBLTW: top1=0.436 mean_cost=18.9612 (sbs=19.5198) vs_sbs=-2.86%
  OVRPBLTW: top1=0.515 mean_cost=10.5283 (sbs=10.5412) vs_sbs=-0.12%
[epoch 18] update=180/1422 total=24354 loss=0.58480 KL=0.00651 lr=5e-05 samples/s=1822
[epoch 18] update=360/1422 total=24534 loss=0.58581 KL=0.00645 lr=5e-05 samples/s=1834
[epoch 18] update=540/1422 total=24714 loss=0.58700 KL=0.00639 lr=5e-05 samples/s=1845
[epoch 18] update=720/1422 total=24894 loss=0.58695 KL=0.00640 lr=5e-05 samples/s=1849
[epoch 18] update=900/1422 total=25074 loss=0.58640 KL=0.00638 lr=5e-05 samples/s=1854
[epoch 18] update=1080/1422 total=25254 loss=0.58626 KL=0.00637 lr=5e-05 samples/s=1855
[epoch 18] update=1260/1422 total=25434 loss=0.58653 KL=0.00637 lr=5e-05 samples/s=1829
[epoch 18] update=1422/1422 total=25596 loss=0.58654 KL=0.00639 lr=5e-05 samples/s=1801
[R45C val epoch 18] macro_top1=0.4783 top2=0.8150 top3=0.9244 vs_sbs=-1.009% vbs_closed=+29.12%
       TSP: top1=0.363 mean_cost=7.9194 (sbs=7.9578) vs_sbs=-0.48%
      CVRP: top1=0.465 mean_cost=18.2083 (sbs=18.2943) vs_sbs=-0.47%
      ATSP: top1=0.733 mean_cost=1.6435 (sbs=1.6735) vs_sbs=-1.79%
      OVRP: top1=0.332 mean_cost=7.4585 (sbs=7.4617) vs_sbs=-0.04%
      VRPB: top1=0.548 mean_cost=9.3345 (sbs=9.3403) vs_sbs=-0.06%
      VRPL: top1=0.331 mean_cost=12.4001 (sbs=12.4072) vs_sbs=-0.06%
     VRPTW: top1=0.460 mean_cost=17.9150 (sbs=18.6571) vs_sbs=-3.98%
    OVRPTW: top1=0.497 mean_cost=10.0436 (sbs=10.0484) vs_sbs=-0.05%
     OVRPB: top1=0.574 mean_cost=6.3190 (sbs=6.3220) vs_sbs=-0.05%
     OVRPL: top1=0.360 mean_cost=7.4330 (sbs=7.4376) vs_sbs=-0.06%
     VRPBL: top1=0.548 mean_cost=9.3544 (sbs=9.3593) vs_sbs=-0.05%
    VRPBTW: top1=0.430 mean_cost=19.0481 (sbs=19.6697) vs_sbs=-3.16%
    VRPLTW: top1=0.445 mean_cost=17.6415 (sbs=18.5091) vs_sbs=-4.69%
    OVRPBL: top1=0.566 mean_cost=6.3040 (sbs=6.3103) vs_sbs=-0.10%
   OVRPBTW: top1=0.523 mean_cost=10.4907 (sbs=10.5068) vs_sbs=-0.15%
   OVRPLTW: top1=0.501 mean_cost=10.1238 (sbs=10.1272) vs_sbs=-0.03%
   VRPBLTW: top1=0.436 mean_cost=18.9545 (sbs=19.5198) vs_sbs=-2.90%
  OVRPBLTW: top1=0.498 mean_cost=10.5360 (sbs=10.5412) vs_sbs=-0.05%
[AMP retry] same batch; lower scale=65536.0
[epoch 19] update=180/1422 total=25776 loss=0.58434 KL=0.00647 lr=5e-05 samples/s=1802
[epoch 19] update=360/1422 total=25956 loss=0.58560 KL=0.00649 lr=5e-05 samples/s=1814
[epoch 19] update=540/1422 total=26136 loss=0.58575 KL=0.00652 lr=5e-05 samples/s=1822
[epoch 19] update=720/1422 total=26316 loss=0.58546 KL=0.00654 lr=5e-05 samples/s=1831
[epoch 19] update=900/1422 total=26496 loss=0.58563 KL=0.00654 lr=5e-05 samples/s=1835
[epoch 19] update=1080/1422 total=26676 loss=0.58549 KL=0.00656 lr=5e-05 samples/s=1840
[epoch 19] update=1260/1422 total=26856 loss=0.58527 KL=0.00651 lr=5e-05 samples/s=1844
[epoch 19] update=1422/1422 total=27018 loss=0.58517 KL=0.00650 lr=5e-05 samples/s=1831
[R45C val epoch 19] macro_top1=0.4841 top2=0.8196 top3=0.9247 vs_sbs=-1.031% vbs_closed=+29.86%
       TSP: top1=0.378 mean_cost=7.9166 (sbs=7.9578) vs_sbs=-0.52%
      CVRP: top1=0.456 mean_cost=18.2163 (sbs=18.2943) vs_sbs=-0.43%
      ATSP: top1=0.786 mean_cost=1.6353 (sbs=1.6735) vs_sbs=-2.28%
      OVRP: top1=0.358 mean_cost=7.4546 (sbs=7.4617) vs_sbs=-0.09%
      VRPB: top1=0.546 mean_cost=9.3360 (sbs=9.3403) vs_sbs=-0.05%
      VRPL: top1=0.319 mean_cost=12.4015 (sbs=12.4072) vs_sbs=-0.05%
     VRPTW: top1=0.436 mean_cost=17.9055 (sbs=18.6571) vs_sbs=-4.03%
    OVRPTW: top1=0.512 mean_cost=10.0429 (sbs=10.0484) vs_sbs=-0.06%
     OVRPB: top1=0.561 mean_cost=6.3201 (sbs=6.3220) vs_sbs=-0.03%
     OVRPL: top1=0.382 mean_cost=7.4319 (sbs=7.4376) vs_sbs=-0.08%
     VRPBL: top1=0.537 mean_cost=9.3573 (sbs=9.3593) vs_sbs=-0.02%
    VRPBTW: top1=0.456 mean_cost=19.0371 (sbs=19.6697) vs_sbs=-3.22%
    VRPLTW: top1=0.458 mean_cost=17.6818 (sbs=18.5091) vs_sbs=-4.47%
    OVRPBL: top1=0.567 mean_cost=6.3030 (sbs=6.3103) vs_sbs=-0.12%
   OVRPBTW: top1=0.515 mean_cost=10.4951 (sbs=10.5068) vs_sbs=-0.11%
   OVRPLTW: top1=0.505 mean_cost=10.1277 (sbs=10.1272) vs_sbs=+0.00%
   VRPBLTW: top1=0.445 mean_cost=18.9438 (sbs=19.5198) vs_sbs=-2.95%
  OVRPBLTW: top1=0.497 mean_cost=10.5323 (sbs=10.5412) vs_sbs=-0.08%
[epoch 20] update=180/1422 total=27198 loss=0.58394 KL=0.00644 lr=5e-05 samples/s=1834
[epoch 20] update=360/1422 total=27378 loss=0.58509 KL=0.00644 lr=5e-05 samples/s=1834
[epoch 20] update=540/1422 total=27558 loss=0.58544 KL=0.00638 lr=5e-05 samples/s=1840
[AMP retry] same batch; lower scale=65536.0
[epoch 20] update=720/1422 total=27738 loss=0.58449 KL=0.00647 lr=5e-05 samples/s=1829
[epoch 20] update=900/1422 total=27918 loss=0.58426 KL=0.00648 lr=5e-05 samples/s=1808
[epoch 20] update=1080/1422 total=28098 loss=0.58473 KL=0.00649 lr=5e-05 samples/s=1811
[epoch 20] update=1260/1422 total=28278 loss=0.58476 KL=0.00651 lr=5e-05 samples/s=1816
[epoch 20] update=1422/1422 total=28440 loss=0.58424 KL=0.00654 lr=5e-05 samples/s=1786
[R45C val epoch 20] macro_top1=0.4809 top2=0.8132 top3=0.9246 vs_sbs=-1.049% vbs_closed=+29.07%
       TSP: top1=0.374 mean_cost=7.9157 (sbs=7.9578) vs_sbs=-0.53%
      CVRP: top1=0.475 mean_cost=18.2211 (sbs=18.2943) vs_sbs=-0.40%
      ATSP: top1=0.771 mean_cost=1.6355 (sbs=1.6735) vs_sbs=-2.27%
      OVRP: top1=0.320 mean_cost=7.4610 (sbs=7.4617) vs_sbs=-0.01%
      VRPB: top1=0.549 mean_cost=9.3328 (sbs=9.3403) vs_sbs=-0.08%
      VRPL: top1=0.295 mean_cost=12.4055 (sbs=12.4072) vs_sbs=-0.01%
     VRPTW: top1=0.470 mean_cost=17.8876 (sbs=18.6571) vs_sbs=-4.12%
    OVRPTW: top1=0.506 mean_cost=10.0402 (sbs=10.0484) vs_sbs=-0.08%
     OVRPB: top1=0.576 mean_cost=6.3185 (sbs=6.3220) vs_sbs=-0.05%
     OVRPL: top1=0.331 mean_cost=7.4409 (sbs=7.4376) vs_sbs=+0.05%
     VRPBL: top1=0.534 mean_cost=9.3576 (sbs=9.3593) vs_sbs=-0.02%
    VRPBTW: top1=0.437 mean_cost=19.0377 (sbs=19.6697) vs_sbs=-3.21%
    VRPLTW: top1=0.471 mean_cost=17.6137 (sbs=18.5091) vs_sbs=-4.84%
    OVRPBL: top1=0.574 mean_cost=6.3044 (sbs=6.3103) vs_sbs=-0.09%
   OVRPBTW: top1=0.519 mean_cost=10.4926 (sbs=10.5068) vs_sbs=-0.13%
   OVRPLTW: top1=0.505 mean_cost=10.1246 (sbs=10.1272) vs_sbs=-0.03%
   VRPBLTW: top1=0.441 mean_cost=18.9406 (sbs=19.5198) vs_sbs=-2.97%
  OVRPBLTW: top1=0.508 mean_cost=10.5329 (sbs=10.5412) vs_sbs=-0.08%
[epoch 21] update=180/1422 total=28620 loss=0.58327 KL=0.00668 lr=5e-05 samples/s=1708
[epoch 21] update=360/1422 total=28800 loss=0.58372 KL=0.00671 lr=5e-05 samples/s=1719
[AMP retry] same batch; lower scale=32768.0
[epoch 21] update=540/1422 total=28980 loss=0.58444 KL=0.00666 lr=5e-05 samples/s=1707
[epoch 21] update=720/1422 total=29160 loss=0.58365 KL=0.00664 lr=5e-05 samples/s=1707
[epoch 21] update=900/1422 total=29340 loss=0.58298 KL=0.00666 lr=5e-05 samples/s=1710
[epoch 21] update=1080/1422 total=29520 loss=0.58251 KL=0.00668 lr=5e-05 samples/s=1731
[epoch 21] update=1260/1422 total=29700 loss=0.58336 KL=0.00666 lr=5e-05 samples/s=1746
[epoch 21] update=1422/1422 total=29862 loss=0.58350 KL=0.00664 lr=5e-05 samples/s=1741
[R45C val epoch 21] macro_top1=0.4741 top2=0.8108 top3=0.9236 vs_sbs=-0.989% vbs_closed=+27.32%
       TSP: top1=0.379 mean_cost=7.9126 (sbs=7.9578) vs_sbs=-0.57%
      CVRP: top1=0.468 mean_cost=18.2102 (sbs=18.2943) vs_sbs=-0.46%
      ATSP: top1=0.715 mean_cost=1.6462 (sbs=1.6735) vs_sbs=-1.63%
      OVRP: top1=0.344 mean_cost=7.4567 (sbs=7.4617) vs_sbs=-0.07%
      VRPB: top1=0.542 mean_cost=9.3363 (sbs=9.3403) vs_sbs=-0.04%
      VRPL: top1=0.297 mean_cost=12.4079 (sbs=12.4072) vs_sbs=+0.01%
     VRPTW: top1=0.444 mean_cost=17.9075 (sbs=18.6571) vs_sbs=-4.02%
    OVRPTW: top1=0.490 mean_cost=10.0428 (sbs=10.0484) vs_sbs=-0.06%
     OVRPB: top1=0.580 mean_cost=6.3178 (sbs=6.3220) vs_sbs=-0.07%
     OVRPL: top1=0.343 mean_cost=7.4393 (sbs=7.4376) vs_sbs=+0.02%
     VRPBL: top1=0.546 mean_cost=9.3550 (sbs=9.3593) vs_sbs=-0.05%
    VRPBTW: top1=0.431 mean_cost=19.0588 (sbs=19.6697) vs_sbs=-3.11%
    VRPLTW: top1=0.453 mean_cost=17.6402 (sbs=18.5091) vs_sbs=-4.69%
    OVRPBL: top1=0.574 mean_cost=6.3052 (sbs=6.3103) vs_sbs=-0.08%
   OVRPBTW: top1=0.485 mean_cost=10.4999 (sbs=10.5068) vs_sbs=-0.07%
   OVRPLTW: top1=0.507 mean_cost=10.1295 (sbs=10.1272) vs_sbs=+0.02%
   VRPBLTW: top1=0.426 mean_cost=18.9621 (sbs=19.5198) vs_sbs=-2.86%
  OVRPBLTW: top1=0.509 mean_cost=10.5307 (sbs=10.5412) vs_sbs=-0.10%
[epoch 22] update=180/1422 total=30042 loss=0.58374 KL=0.00639 lr=5e-05 samples/s=1841
[epoch 22] update=360/1422 total=30222 loss=0.58328 KL=0.00652 lr=5e-05 samples/s=1830
[epoch 22] update=540/1422 total=30402 loss=0.58291 KL=0.00653 lr=5e-05 samples/s=1834
[epoch 22] update=720/1422 total=30582 loss=0.58246 KL=0.00655 lr=5e-05 samples/s=1837
[epoch 22] update=900/1422 total=30762 loss=0.58220 KL=0.00657 lr=5e-05 samples/s=1839
[epoch 22] update=1080/1422 total=30942 loss=0.58213 KL=0.00661 lr=5e-05 samples/s=1838
[epoch 22] update=1260/1422 total=31122 loss=0.58215 KL=0.00662 lr=5e-05 samples/s=1835
[epoch 22] update=1422/1422 total=31284 loss=0.58245 KL=0.00664 lr=5e-05 samples/s=1821
[R45C val epoch 22] macro_top1=0.4767 top2=0.8133 top3=0.9237 vs_sbs=-1.012% vbs_closed=+28.04%
       TSP: top1=0.379 mean_cost=7.9129 (sbs=7.9578) vs_sbs=-0.56%
      CVRP: top1=0.479 mean_cost=18.2067 (sbs=18.2943) vs_sbs=-0.48%
      ATSP: top1=0.751 mean_cost=1.6363 (sbs=1.6735) vs_sbs=-2.22%
      OVRP: top1=0.360 mean_cost=7.4526 (sbs=7.4617) vs_sbs=-0.12%
      VRPB: top1=0.557 mean_cost=9.3332 (sbs=9.3403) vs_sbs=-0.08%
      VRPL: top1=0.266 mean_cost=12.4181 (sbs=12.4072) vs_sbs=+0.09%
     VRPTW: top1=0.431 mean_cost=17.9119 (sbs=18.6571) vs_sbs=-3.99%
    OVRPTW: top1=0.497 mean_cost=10.0452 (sbs=10.0484) vs_sbs=-0.03%
     OVRPB: top1=0.578 mean_cost=6.3192 (sbs=6.3220) vs_sbs=-0.04%
     OVRPL: top1=0.342 mean_cost=7.4405 (sbs=7.4376) vs_sbs=+0.04%
     VRPBL: top1=0.539 mean_cost=9.3570 (sbs=9.3593) vs_sbs=-0.02%
    VRPBTW: top1=0.430 mean_cost=19.0562 (sbs=19.6697) vs_sbs=-3.12%
    VRPLTW: top1=0.447 mean_cost=17.6724 (sbs=18.5091) vs_sbs=-4.52%
    OVRPBL: top1=0.573 mean_cost=6.3053 (sbs=6.3103) vs_sbs=-0.08%
   OVRPBTW: top1=0.512 mean_cost=10.4914 (sbs=10.5068) vs_sbs=-0.15%
   OVRPLTW: top1=0.496 mean_cost=10.1269 (sbs=10.1272) vs_sbs=-0.00%
   VRPBLTW: top1=0.432 mean_cost=18.9615 (sbs=19.5198) vs_sbs=-2.86%
  OVRPBLTW: top1=0.511 mean_cost=10.5343 (sbs=10.5412) vs_sbs=-0.06%
[epoch 23] update=180/1422 total=31464 loss=0.58047 KL=0.00654 lr=5e-05 samples/s=1839
[epoch 23] update=360/1422 total=31644 loss=0.58096 KL=0.00672 lr=5e-05 samples/s=1831
[epoch 23] update=540/1422 total=31824 loss=0.58083 KL=0.00670 lr=5e-05 samples/s=1829
[epoch 23] update=720/1422 total=32004 loss=0.58135 KL=0.00677 lr=5e-05 samples/s=1807
[epoch 23] update=900/1422 total=32184 loss=0.58080 KL=0.00679 lr=5e-05 samples/s=1801
[epoch 23] update=1080/1422 total=32364 loss=0.58142 KL=0.00675 lr=5e-05 samples/s=1783
[epoch 23] update=1260/1422 total=32544 loss=0.58208 KL=0.00675 lr=5e-05 samples/s=1779
[epoch 23] update=1422/1422 total=32706 loss=0.58189 KL=0.00675 lr=5e-05 samples/s=1762
[R45C val epoch 23] macro_top1=0.4843 top2=0.8198 top3=0.9261 vs_sbs=-1.040% vbs_closed=+30.33%
       TSP: top1=0.373 mean_cost=7.9152 (sbs=7.9578) vs_sbs=-0.54%
      CVRP: top1=0.476 mean_cost=18.2094 (sbs=18.2943) vs_sbs=-0.46%
      ATSP: top1=0.779 mean_cost=1.6353 (sbs=1.6735) vs_sbs=-2.28%
      OVRP: top1=0.362 mean_cost=7.4530 (sbs=7.4617) vs_sbs=-0.12%
      VRPB: top1=0.546 mean_cost=9.3345 (sbs=9.3403) vs_sbs=-0.06%
      VRPL: top1=0.323 mean_cost=12.4028 (sbs=12.4072) vs_sbs=-0.04%
     VRPTW: top1=0.444 mean_cost=17.9256 (sbs=18.6571) vs_sbs=-3.92%
    OVRPTW: top1=0.500 mean_cost=10.0460 (sbs=10.0484) vs_sbs=-0.02%
     OVRPB: top1=0.581 mean_cost=6.3185 (sbs=6.3220) vs_sbs=-0.05%
     OVRPL: top1=0.395 mean_cost=7.4308 (sbs=7.4376) vs_sbs=-0.09%
     VRPBL: top1=0.533 mean_cost=9.3582 (sbs=9.3593) vs_sbs=-0.01%
    VRPBTW: top1=0.437 mean_cost=19.0442 (sbs=19.6697) vs_sbs=-3.18%
    VRPLTW: top1=0.457 mean_cost=17.6405 (sbs=18.5091) vs_sbs=-4.69%
    OVRPBL: top1=0.562 mean_cost=6.3046 (sbs=6.3103) vs_sbs=-0.09%
   OVRPBTW: top1=0.510 mean_cost=10.4920 (sbs=10.5068) vs_sbs=-0.14%
   OVRPLTW: top1=0.504 mean_cost=10.1289 (sbs=10.1272) vs_sbs=+0.02%
   VRPBLTW: top1=0.439 mean_cost=18.9473 (sbs=19.5198) vs_sbs=-2.93%
  OVRPBLTW: top1=0.496 mean_cost=10.5304 (sbs=10.5412) vs_sbs=-0.10%
[epoch 24] update=180/1422 total=32886 loss=0.57933 KL=0.00685 lr=2.5e-05 samples/s=1766
[epoch 24] update=360/1422 total=33066 loss=0.57743 KL=0.00699 lr=2.5e-05 samples/s=1752
[epoch 24] update=540/1422 total=33246 loss=0.57682 KL=0.00709 lr=2.5e-05 samples/s=1756
[epoch 24] update=720/1422 total=33426 loss=0.57711 KL=0.00704 lr=2.5e-05 samples/s=1748
[epoch 24] update=900/1422 total=33606 loss=0.57691 KL=0.00705 lr=2.5e-05 samples/s=1728
[epoch 24] update=1080/1422 total=33786 loss=0.57670 KL=0.00707 lr=2.5e-05 samples/s=1722
[epoch 24] update=1260/1422 total=33966 loss=0.57638 KL=0.00709 lr=2.5e-05 samples/s=1722
[epoch 24] update=1422/1422 total=34128 loss=0.57678 KL=0.00707 lr=2.5e-05 samples/s=1710
[R45C val epoch 24] macro_top1=0.4864 top2=0.8242 top3=0.9284 vs_sbs=-1.055% vbs_closed=+31.30%
       TSP: top1=0.368 mean_cost=7.9152 (sbs=7.9578) vs_sbs=-0.54%
      CVRP: top1=0.472 mean_cost=18.2054 (sbs=18.2943) vs_sbs=-0.49%
      ATSP: top1=0.779 mean_cost=1.6352 (sbs=1.6735) vs_sbs=-2.29%
      OVRP: top1=0.347 mean_cost=7.4563 (sbs=7.4617) vs_sbs=-0.07%
      VRPB: top1=0.544 mean_cost=9.3348 (sbs=9.3403) vs_sbs=-0.06%
      VRPL: top1=0.326 mean_cost=12.4008 (sbs=12.4072) vs_sbs=-0.05%
     VRPTW: top1=0.446 mean_cost=17.9116 (sbs=18.6571) vs_sbs=-4.00%
    OVRPTW: top1=0.505 mean_cost=10.0416 (sbs=10.0484) vs_sbs=-0.07%
     OVRPB: top1=0.583 mean_cost=6.3170 (sbs=6.3220) vs_sbs=-0.08%
     OVRPL: top1=0.414 mean_cost=7.4287 (sbs=7.4376) vs_sbs=-0.12%
     VRPBL: top1=0.540 mean_cost=9.3566 (sbs=9.3593) vs_sbs=-0.03%
    VRPBTW: top1=0.443 mean_cost=19.0258 (sbs=19.6697) vs_sbs=-3.27%
    VRPLTW: top1=0.464 mean_cost=17.6405 (sbs=18.5091) vs_sbs=-4.69%
    OVRPBL: top1=0.574 mean_cost=6.3027 (sbs=6.3103) vs_sbs=-0.12%
   OVRPBTW: top1=0.494 mean_cost=10.4979 (sbs=10.5068) vs_sbs=-0.08%
   OVRPLTW: top1=0.514 mean_cost=10.1260 (sbs=10.1272) vs_sbs=-0.01%
   VRPBLTW: top1=0.443 mean_cost=18.9480 (sbs=19.5198) vs_sbs=-2.93%
  OVRPBLTW: top1=0.500 mean_cost=10.5304 (sbs=10.5412) vs_sbs=-0.10%
[epoch 25] update=180/1422 total=34308 loss=0.57490 KL=0.00701 lr=2.5e-05 samples/s=1729
[epoch 25] update=360/1422 total=34488 loss=0.57655 KL=0.00713 lr=2.5e-05 samples/s=1706
[epoch 25] update=540/1422 total=34668 loss=0.57689 KL=0.00718 lr=2.5e-05 samples/s=1747
[epoch 25] update=720/1422 total=34848 loss=0.57598 KL=0.00728 lr=2.5e-05 samples/s=1765
[AMP retry] same batch; lower scale=131072.0
[epoch 25] update=900/1422 total=35028 loss=0.57595 KL=0.00728 lr=2.5e-05 samples/s=1762
[epoch 25] update=1080/1422 total=35208 loss=0.57614 KL=0.00726 lr=2.5e-05 samples/s=1764
[epoch 25] update=1260/1422 total=35388 loss=0.57591 KL=0.00730 lr=2.5e-05 samples/s=1731
[epoch 25] update=1422/1422 total=35550 loss=0.57615 KL=0.00732 lr=2.5e-05 samples/s=1685
[R45C val epoch 25] macro_top1=0.4867 top2=0.8195 top3=0.9257 vs_sbs=-1.039% vbs_closed=+30.70%
       TSP: top1=0.378 mean_cost=7.9142 (sbs=7.9578) vs_sbs=-0.55%
      CVRP: top1=0.435 mean_cost=18.2330 (sbs=18.2943) vs_sbs=-0.34%
      ATSP: top1=0.765 mean_cost=1.6369 (sbs=1.6735) vs_sbs=-2.19%
      OVRP: top1=0.379 mean_cost=7.4522 (sbs=7.4617) vs_sbs=-0.13%
      VRPB: top1=0.543 mean_cost=9.3346 (sbs=9.3403) vs_sbs=-0.06%
      VRPL: top1=0.318 mean_cost=12.4042 (sbs=12.4072) vs_sbs=-0.02%
     VRPTW: top1=0.434 mean_cost=17.9462 (sbs=18.6571) vs_sbs=-3.81%
    OVRPTW: top1=0.510 mean_cost=10.0393 (sbs=10.0484) vs_sbs=-0.09%
     OVRPB: top1=0.580 mean_cost=6.3185 (sbs=6.3220) vs_sbs=-0.05%
     OVRPL: top1=0.405 mean_cost=7.4295 (sbs=7.4376) vs_sbs=-0.11%
     VRPBL: top1=0.539 mean_cost=9.3566 (sbs=9.3593) vs_sbs=-0.03%
    VRPBTW: top1=0.452 mean_cost=19.0306 (sbs=19.6697) vs_sbs=-3.25%
    VRPLTW: top1=0.458 mean_cost=17.6429 (sbs=18.5091) vs_sbs=-4.68%
    OVRPBL: top1=0.586 mean_cost=6.3024 (sbs=6.3103) vs_sbs=-0.13%
   OVRPBTW: top1=0.503 mean_cost=10.4933 (sbs=10.5068) vs_sbs=-0.13%
   OVRPLTW: top1=0.520 mean_cost=10.1233 (sbs=10.1272) vs_sbs=-0.04%
   VRPBLTW: top1=0.449 mean_cost=18.9385 (sbs=19.5198) vs_sbs=-2.98%
  OVRPBLTW: top1=0.506 mean_cost=10.5279 (sbs=10.5412) vs_sbs=-0.13%
[AMP retry] same batch; lower scale=65536.0
[epoch 26] update=180/1422 total=35730 loss=0.57833 KL=0.00740 lr=2.5e-05 samples/s=1756
[epoch 26] update=360/1422 total=35910 loss=0.57554 KL=0.00739 lr=2.5e-05 samples/s=1772
[epoch 26] update=540/1422 total=36090 loss=0.57604 KL=0.00736 lr=2.5e-05 samples/s=1792
[epoch 26] update=720/1422 total=36270 loss=0.57573 KL=0.00740 lr=2.5e-05 samples/s=1804
[epoch 26] update=900/1422 total=36450 loss=0.57580 KL=0.00741 lr=2.5e-05 samples/s=1803
[epoch 26] update=1080/1422 total=36630 loss=0.57543 KL=0.00742 lr=2.5e-05 samples/s=1810
[epoch 26] update=1260/1422 total=36810 loss=0.57568 KL=0.00739 lr=2.5e-05 samples/s=1810
[AMP retry] same batch; lower scale=32768.0
[epoch 26] update=1422/1422 total=36972 loss=0.57584 KL=0.00739 lr=2.5e-05 samples/s=1797
[R45C val epoch 26] macro_top1=0.4843 top2=0.8183 top3=0.9257 vs_sbs=-1.044% vbs_closed=+29.54%
       TSP: top1=0.377 mean_cost=7.9177 (sbs=7.9578) vs_sbs=-0.50%
      CVRP: top1=0.481 mean_cost=18.2061 (sbs=18.2943) vs_sbs=-0.48%
      ATSP: top1=0.788 mean_cost=1.6346 (sbs=1.6735) vs_sbs=-2.32%
      OVRP: top1=0.368 mean_cost=7.4520 (sbs=7.4617) vs_sbs=-0.13%
      VRPB: top1=0.559 mean_cost=9.3323 (sbs=9.3403) vs_sbs=-0.09%
      VRPL: top1=0.307 mean_cost=12.4072 (sbs=12.4072) vs_sbs=-0.00%
     VRPTW: top1=0.458 mean_cost=17.9031 (sbs=18.6571) vs_sbs=-4.04%
    OVRPTW: top1=0.495 mean_cost=10.0490 (sbs=10.0484) vs_sbs=+0.01%
     OVRPB: top1=0.581 mean_cost=6.3179 (sbs=6.3220) vs_sbs=-0.06%
     OVRPL: top1=0.377 mean_cost=7.4333 (sbs=7.4376) vs_sbs=-0.06%
     VRPBL: top1=0.528 mean_cost=9.3598 (sbs=9.3593) vs_sbs=+0.01%
    VRPBTW: top1=0.432 mean_cost=19.0439 (sbs=19.6697) vs_sbs=-3.18%
    VRPLTW: top1=0.449 mean_cost=17.6260 (sbs=18.5091) vs_sbs=-4.77%
    OVRPBL: top1=0.569 mean_cost=6.3035 (sbs=6.3103) vs_sbs=-0.11%
   OVRPBTW: top1=0.503 mean_cost=10.4987 (sbs=10.5068) vs_sbs=-0.08%
   OVRPLTW: top1=0.492 mean_cost=10.1300 (sbs=10.1272) vs_sbs=+0.03%
   VRPBLTW: top1=0.447 mean_cost=18.9443 (sbs=19.5198) vs_sbs=-2.95%
  OVRPBLTW: top1=0.507 mean_cost=10.5341 (sbs=10.5412) vs_sbs=-0.07%
[epoch 27] update=180/1422 total=37152 loss=0.57458 KL=0.00755 lr=2.5e-05 samples/s=1726
[epoch 27] update=360/1422 total=37332 loss=0.57464 KL=0.00755 lr=2.5e-05 samples/s=1787
[epoch 27] update=540/1422 total=37512 loss=0.57453 KL=0.00756 lr=2.5e-05 samples/s=1805
[epoch 27] update=720/1422 total=37692 loss=0.57495 KL=0.00751 lr=2.5e-05 samples/s=1814
[epoch 27] update=900/1422 total=37872 loss=0.57462 KL=0.00750 lr=2.5e-05 samples/s=1821
[epoch 27] update=1080/1422 total=38052 loss=0.57475 KL=0.00753 lr=2.5e-05 samples/s=1825
[epoch 27] update=1260/1422 total=38232 loss=0.57488 KL=0.00752 lr=2.5e-05 samples/s=1826
[epoch 27] update=1422/1422 total=38394 loss=0.57498 KL=0.00751 lr=2.5e-05 samples/s=1814
[R45C val epoch 27] macro_top1=0.4840 top2=0.8216 top3=0.9237 vs_sbs=-1.031% vbs_closed=+30.34%
       TSP: top1=0.370 mean_cost=7.9183 (sbs=7.9578) vs_sbs=-0.50%
      CVRP: top1=0.479 mean_cost=18.2080 (sbs=18.2943) vs_sbs=-0.47%
      ATSP: top1=0.782 mean_cost=1.6355 (sbs=1.6735) vs_sbs=-2.27%
      OVRP: top1=0.350 mean_cost=7.4568 (sbs=7.4617) vs_sbs=-0.07%
      VRPB: top1=0.548 mean_cost=9.3339 (sbs=9.3403) vs_sbs=-0.07%
      VRPL: top1=0.326 mean_cost=12.4001 (sbs=12.4072) vs_sbs=-0.06%
     VRPTW: top1=0.430 mean_cost=17.9127 (sbs=18.6571) vs_sbs=-3.99%
    OVRPTW: top1=0.505 mean_cost=10.0439 (sbs=10.0484) vs_sbs=-0.05%
     OVRPB: top1=0.571 mean_cost=6.3201 (sbs=6.3220) vs_sbs=-0.03%
     OVRPL: top1=0.413 mean_cost=7.4296 (sbs=7.4376) vs_sbs=-0.11%
     VRPBL: top1=0.529 mean_cost=9.3578 (sbs=9.3593) vs_sbs=-0.02%
    VRPBTW: top1=0.434 mean_cost=19.0553 (sbs=19.6697) vs_sbs=-3.12%
    VRPLTW: top1=0.426 mean_cost=17.6635 (sbs=18.5091) vs_sbs=-4.57%
    OVRPBL: top1=0.577 mean_cost=6.3019 (sbs=6.3103) vs_sbs=-0.13%
   OVRPBTW: top1=0.516 mean_cost=10.4928 (sbs=10.5068) vs_sbs=-0.13%
   OVRPLTW: top1=0.512 mean_cost=10.1254 (sbs=10.1272) vs_sbs=-0.02%
   VRPBLTW: top1=0.441 mean_cost=18.9553 (sbs=19.5198) vs_sbs=-2.89%
  OVRPBLTW: top1=0.503 mean_cost=10.5335 (sbs=10.5412) vs_sbs=-0.07%
[epoch 28] update=180/1422 total=38574 loss=0.57537 KL=0.00755 lr=1.3e-05 samples/s=1694
[epoch 28] update=360/1422 total=38754 loss=0.57376 KL=0.00760 lr=1.3e-05 samples/s=1685
[epoch 28] update=540/1422 total=38934 loss=0.57276 KL=0.00768 lr=1.3e-05 samples/s=1682
[epoch 28] update=720/1422 total=39114 loss=0.57288 KL=0.00769 lr=1.3e-05 samples/s=1688
[epoch 28] update=900/1422 total=39294 loss=0.57237 KL=0.00770 lr=1.3e-05 samples/s=1682
[epoch 28] update=1080/1422 total=39474 loss=0.57249 KL=0.00773 lr=1.3e-05 samples/s=1673
[epoch 28] update=1260/1422 total=39654 loss=0.57246 KL=0.00772 lr=1.3e-05 samples/s=1668
[epoch 28] update=1422/1422 total=39816 loss=0.57264 KL=0.00774 lr=1.3e-05 samples/s=1659
[R45C val epoch 28] macro_top1=0.4898 top2=0.8229 top3=0.9275 vs_sbs=-1.071% vbs_closed=+32.29%
       TSP: top1=0.373 mean_cost=7.9141 (sbs=7.9578) vs_sbs=-0.55%
      CVRP: top1=0.473 mean_cost=18.2062 (sbs=18.2943) vs_sbs=-0.48%
      ATSP: top1=0.774 mean_cost=1.6359 (sbs=1.6735) vs_sbs=-2.25%
      OVRP: top1=0.379 mean_cost=7.4525 (sbs=7.4617) vs_sbs=-0.12%
      VRPB: top1=0.548 mean_cost=9.3325 (sbs=9.3403) vs_sbs=-0.08%
      VRPL: top1=0.332 mean_cost=12.4010 (sbs=12.4072) vs_sbs=-0.05%
     VRPTW: top1=0.445 mean_cost=17.9033 (sbs=18.6571) vs_sbs=-4.04%
    OVRPTW: top1=0.508 mean_cost=10.0430 (sbs=10.0484) vs_sbs=-0.05%
     OVRPB: top1=0.581 mean_cost=6.3173 (sbs=6.3220) vs_sbs=-0.07%
     OVRPL: top1=0.398 mean_cost=7.4303 (sbs=7.4376) vs_sbs=-0.10%
     VRPBL: top1=0.544 mean_cost=9.3544 (sbs=9.3593) vs_sbs=-0.05%
    VRPBTW: top1=0.452 mean_cost=19.0252 (sbs=19.6697) vs_sbs=-3.28%
    VRPLTW: top1=0.459 mean_cost=17.6239 (sbs=18.5091) vs_sbs=-4.78%
    OVRPBL: top1=0.577 mean_cost=6.3026 (sbs=6.3103) vs_sbs=-0.12%
   OVRPBTW: top1=0.505 mean_cost=10.4949 (sbs=10.5068) vs_sbs=-0.11%
   OVRPLTW: top1=0.524 mean_cost=10.1225 (sbs=10.1272) vs_sbs=-0.05%
   VRPBLTW: top1=0.442 mean_cost=18.9403 (sbs=19.5198) vs_sbs=-2.97%
  OVRPBLTW: top1=0.503 mean_cost=10.5289 (sbs=10.5412) vs_sbs=-0.12%
[epoch 29] update=180/1422 total=39996 loss=0.57350 KL=0.00793 lr=1.3e-05 samples/s=1787
[epoch 29] update=360/1422 total=40176 loss=0.57431 KL=0.00785 lr=1.3e-05 samples/s=1787
[epoch 29] update=540/1422 total=40356 loss=0.57229 KL=0.00782 lr=1.3e-05 samples/s=1803
[epoch 29] update=720/1422 total=40536 loss=0.57169 KL=0.00783 lr=1.3e-05 samples/s=1812
[epoch 29] update=900/1422 total=40716 loss=0.57160 KL=0.00790 lr=1.3e-05 samples/s=1815
[epoch 29] update=1080/1422 total=40896 loss=0.57159 KL=0.00793 lr=1.3e-05 samples/s=1818
[epoch 29] update=1260/1422 total=41076 loss=0.57172 KL=0.00791 lr=1.3e-05 samples/s=1821
[epoch 29] update=1422/1422 total=41238 loss=0.57204 KL=0.00790 lr=1.3e-05 samples/s=1808
[R45C val epoch 29] macro_top1=0.4893 top2=0.8222 top3=0.9254 vs_sbs=-1.060% vbs_closed=+31.39%
       TSP: top1=0.372 mean_cost=7.9198 (sbs=7.9578) vs_sbs=-0.48%
      CVRP: top1=0.481 mean_cost=18.2060 (sbs=18.2943) vs_sbs=-0.48%
      ATSP: top1=0.779 mean_cost=1.6358 (sbs=1.6735) vs_sbs=-2.26%
      OVRP: top1=0.383 mean_cost=7.4529 (sbs=7.4617) vs_sbs=-0.12%
      VRPB: top1=0.553 mean_cost=9.3323 (sbs=9.3403) vs_sbs=-0.09%
      VRPL: top1=0.322 mean_cost=12.4029 (sbs=12.4072) vs_sbs=-0.03%
     VRPTW: top1=0.441 mean_cost=17.8985 (sbs=18.6571) vs_sbs=-4.07%
    OVRPTW: top1=0.504 mean_cost=10.0450 (sbs=10.0484) vs_sbs=-0.03%
     OVRPB: top1=0.583 mean_cost=6.3169 (sbs=6.3220) vs_sbs=-0.08%
     OVRPL: top1=0.387 mean_cost=7.4312 (sbs=7.4376) vs_sbs=-0.08%
     VRPBL: top1=0.542 mean_cost=9.3547 (sbs=9.3593) vs_sbs=-0.05%
    VRPBTW: top1=0.451 mean_cost=19.0289 (sbs=19.6697) vs_sbs=-3.26%
    VRPLTW: top1=0.453 mean_cost=17.6346 (sbs=18.5091) vs_sbs=-4.72%
    OVRPBL: top1=0.573 mean_cost=6.3033 (sbs=6.3103) vs_sbs=-0.11%
   OVRPBTW: top1=0.512 mean_cost=10.4948 (sbs=10.5068) vs_sbs=-0.11%
   OVRPLTW: top1=0.519 mean_cost=10.1236 (sbs=10.1272) vs_sbs=-0.04%
   VRPBLTW: top1=0.442 mean_cost=18.9460 (sbs=19.5198) vs_sbs=-2.94%
  OVRPBLTW: top1=0.511 mean_cost=10.5282 (sbs=10.5412) vs_sbs=-0.12%
[epoch 30] update=180/1422 total=41418 loss=0.56821 KL=0.00781 lr=1.3e-05 samples/s=1854
[epoch 30] update=360/1422 total=41598 loss=0.57028 KL=0.00798 lr=1.3e-05 samples/s=1851
[epoch 30] update=540/1422 total=41778 loss=0.57206 KL=0.00803 lr=1.3e-05 samples/s=1849
[epoch 30] update=720/1422 total=41958 loss=0.57167 KL=0.00806 lr=1.3e-05 samples/s=1844
[epoch 30] update=900/1422 total=42138 loss=0.57209 KL=0.00804 lr=1.3e-05 samples/s=1847
[epoch 30] update=1080/1422 total=42318 loss=0.57192 KL=0.00801 lr=1.3e-05 samples/s=1847
[epoch 30] update=1260/1422 total=42498 loss=0.57197 KL=0.00801 lr=1.3e-05 samples/s=1842
[epoch 30] update=1422/1422 total=42660 loss=0.57167 KL=0.00800 lr=1.3e-05 samples/s=1830
[R45C val epoch 30] macro_top1=0.4859 top2=0.8222 top3=0.9267 vs_sbs=-1.045% vbs_closed=+31.21%
       TSP: top1=0.371 mean_cost=7.9149 (sbs=7.9578) vs_sbs=-0.54%
      CVRP: top1=0.476 mean_cost=18.2016 (sbs=18.2943) vs_sbs=-0.51%
      ATSP: top1=0.754 mean_cost=1.6408 (sbs=1.6735) vs_sbs=-1.96%
      OVRP: top1=0.371 mean_cost=7.4524 (sbs=7.4617) vs_sbs=-0.12%
      VRPB: top1=0.547 mean_cost=9.3317 (sbs=9.3403) vs_sbs=-0.09%
      VRPL: top1=0.327 mean_cost=12.4000 (sbs=12.4072) vs_sbs=-0.06%
     VRPTW: top1=0.453 mean_cost=17.8945 (sbs=18.6571) vs_sbs=-4.09%
    OVRPTW: top1=0.505 mean_cost=10.0440 (sbs=10.0484) vs_sbs=-0.04%
     OVRPB: top1=0.578 mean_cost=6.3179 (sbs=6.3220) vs_sbs=-0.06%
     OVRPL: top1=0.395 mean_cost=7.4306 (sbs=7.4376) vs_sbs=-0.09%
     VRPBL: top1=0.533 mean_cost=9.3558 (sbs=9.3593) vs_sbs=-0.04%
    VRPBTW: top1=0.435 mean_cost=19.0370 (sbs=19.6697) vs_sbs=-3.22%
    VRPLTW: top1=0.450 mean_cost=17.6354 (sbs=18.5091) vs_sbs=-4.72%
    OVRPBL: top1=0.577 mean_cost=6.3021 (sbs=6.3103) vs_sbs=-0.13%
   OVRPBTW: top1=0.513 mean_cost=10.4951 (sbs=10.5068) vs_sbs=-0.11%
   OVRPLTW: top1=0.507 mean_cost=10.1248 (sbs=10.1272) vs_sbs=-0.02%
   VRPBLTW: top1=0.446 mean_cost=18.9457 (sbs=19.5198) vs_sbs=-2.94%
  OVRPBLTW: top1=0.508 mean_cost=10.5342 (sbs=10.5412) vs_sbs=-0.07%
[epoch 31] update=180/1422 total=42840 loss=0.56899 KL=0.00805 lr=1.3e-05 samples/s=1857
[AMP retry] same batch; lower scale=131072.0
[epoch 31] update=360/1422 total=43020 loss=0.57141 KL=0.00804 lr=1.3e-05 samples/s=1805
[epoch 31] update=540/1422 total=43200 loss=0.57219 KL=0.00808 lr=1.3e-05 samples/s=1821
[epoch 31] update=720/1422 total=43380 loss=0.57149 KL=0.00805 lr=1.3e-05 samples/s=1830
[epoch 31] update=900/1422 total=43560 loss=0.57177 KL=0.00808 lr=1.3e-05 samples/s=1832
[epoch 31] update=1080/1422 total=43740 loss=0.57191 KL=0.00808 lr=1.3e-05 samples/s=1833
[epoch 31] update=1260/1422 total=43920 loss=0.57149 KL=0.00806 lr=1.3e-05 samples/s=1834
[AMP retry] same batch; lower scale=65536.0
[epoch 31] update=1422/1422 total=44082 loss=0.57148 KL=0.00807 lr=1.3e-05 samples/s=1816
[R45C val epoch 31] macro_top1=0.4874 top2=0.8234 top3=0.9266 vs_sbs=-1.046% vbs_closed=+30.84%
       TSP: top1=0.379 mean_cost=7.9173 (sbs=7.9578) vs_sbs=-0.51%
      CVRP: top1=0.475 mean_cost=18.2077 (sbs=18.2943) vs_sbs=-0.47%
      ATSP: top1=0.753 mean_cost=1.6389 (sbs=1.6735) vs_sbs=-2.07%
      OVRP: top1=0.382 mean_cost=7.4523 (sbs=7.4617) vs_sbs=-0.13%
      VRPB: top1=0.548 mean_cost=9.3330 (sbs=9.3403) vs_sbs=-0.08%
      VRPL: top1=0.323 mean_cost=12.4014 (sbs=12.4072) vs_sbs=-0.05%
     VRPTW: top1=0.458 mean_cost=17.8963 (sbs=18.6571) vs_sbs=-4.08%
    OVRPTW: top1=0.501 mean_cost=10.0461 (sbs=10.0484) vs_sbs=-0.02%
     OVRPB: top1=0.575 mean_cost=6.3185 (sbs=6.3220) vs_sbs=-0.06%
     OVRPL: top1=0.394 mean_cost=7.4308 (sbs=7.4376) vs_sbs=-0.09%
     VRPBL: top1=0.544 mean_cost=9.3556 (sbs=9.3593) vs_sbs=-0.04%
    VRPBTW: top1=0.437 mean_cost=19.0381 (sbs=19.6697) vs_sbs=-3.21%
    VRPLTW: top1=0.453 mean_cost=17.6260 (sbs=18.5091) vs_sbs=-4.77%
    OVRPBL: top1=0.588 mean_cost=6.3026 (sbs=6.3103) vs_sbs=-0.12%
   OVRPBTW: top1=0.507 mean_cost=10.4948 (sbs=10.5068) vs_sbs=-0.11%
   OVRPLTW: top1=0.513 mean_cost=10.1240 (sbs=10.1272) vs_sbs=-0.03%
   VRPBLTW: top1=0.435 mean_cost=18.9539 (sbs=19.5198) vs_sbs=-2.90%
  OVRPBLTW: top1=0.508 mean_cost=10.5315 (sbs=10.5412) vs_sbs=-0.09%
[epoch 32] update=180/1422 total=44262 loss=0.57245 KL=0.00824 lr=6.3e-06 samples/s=1748
[epoch 32] update=360/1422 total=44442 loss=0.57133 KL=0.00807 lr=6.3e-06 samples/s=1789
[epoch 32] update=540/1422 total=44622 loss=0.56992 KL=0.00808 lr=6.3e-06 samples/s=1806
[epoch 32] update=720/1422 total=44802 loss=0.56958 KL=0.00813 lr=6.3e-06 samples/s=1815
[epoch 32] update=900/1422 total=44982 loss=0.56923 KL=0.00818 lr=6.3e-06 samples/s=1820
[epoch 32] update=1080/1422 total=45162 loss=0.56927 KL=0.00818 lr=6.3e-06 samples/s=1823
[epoch 32] update=1260/1422 total=45342 loss=0.56963 KL=0.00821 lr=6.3e-06 samples/s=1824
[epoch 32] update=1422/1422 total=45504 loss=0.56999 KL=0.00821 lr=6.3e-06 samples/s=1810
[R45C val epoch 32] macro_top1=0.4895 top2=0.8243 top3=0.9272 vs_sbs=-1.067% vbs_closed=+31.95%
       TSP: top1=0.375 mean_cost=7.9152 (sbs=7.9578) vs_sbs=-0.54%
      CVRP: top1=0.479 mean_cost=18.2020 (sbs=18.2943) vs_sbs=-0.50%
      ATSP: top1=0.778 mean_cost=1.6356 (sbs=1.6735) vs_sbs=-2.26%
      OVRP: top1=0.379 mean_cost=7.4521 (sbs=7.4617) vs_sbs=-0.13%
      VRPB: top1=0.546 mean_cost=9.3339 (sbs=9.3403) vs_sbs=-0.07%
      VRPL: top1=0.330 mean_cost=12.4006 (sbs=12.4072) vs_sbs=-0.05%
     VRPTW: top1=0.449 mean_cost=17.8939 (sbs=18.6571) vs_sbs=-4.09%
    OVRPTW: top1=0.509 mean_cost=10.0450 (sbs=10.0484) vs_sbs=-0.03%
     OVRPB: top1=0.576 mean_cost=6.3180 (sbs=6.3220) vs_sbs=-0.06%
     OVRPL: top1=0.397 mean_cost=7.4305 (sbs=7.4376) vs_sbs=-0.10%
     VRPBL: top1=0.537 mean_cost=9.3557 (sbs=9.3593) vs_sbs=-0.04%
    VRPBTW: top1=0.436 mean_cost=19.0347 (sbs=19.6697) vs_sbs=-3.23%
    VRPLTW: top1=0.457 mean_cost=17.6251 (sbs=18.5091) vs_sbs=-4.78%
    OVRPBL: top1=0.586 mean_cost=6.3011 (sbs=6.3103) vs_sbs=-0.14%
   OVRPBTW: top1=0.505 mean_cost=10.4964 (sbs=10.5068) vs_sbs=-0.10%
   OVRPLTW: top1=0.523 mean_cost=10.1233 (sbs=10.1272) vs_sbs=-0.04%
   VRPBLTW: top1=0.444 mean_cost=18.9476 (sbs=19.5198) vs_sbs=-2.93%
  OVRPBLTW: top1=0.505 mean_cost=10.5303 (sbs=10.5412) vs_sbs=-0.10%
[epoch 33] update=180/1422 total=45684 loss=0.56824 KL=0.00845 lr=6.3e-06 samples/s=1834
[epoch 33] update=360/1422 total=45864 loss=0.56804 KL=0.00839 lr=6.3e-06 samples/s=1840
[epoch 33] update=540/1422 total=46044 loss=0.56846 KL=0.00837 lr=6.3e-06 samples/s=1842
[epoch 33] update=720/1422 total=46224 loss=0.56988 KL=0.00837 lr=6.3e-06 samples/s=1842
[epoch 33] update=900/1422 total=46404 loss=0.56929 KL=0.00838 lr=6.3e-06 samples/s=1815
[epoch 33] update=1080/1422 total=46584 loss=0.56946 KL=0.00839 lr=6.3e-06 samples/s=1796
[epoch 33] update=1260/1422 total=46764 loss=0.56949 KL=0.00836 lr=6.3e-06 samples/s=1791
[epoch 33] update=1422/1422 total=46926 loss=0.56977 KL=0.00838 lr=6.3e-06 samples/s=1763
[R45C val epoch 33] macro_top1=0.4891 top2=0.8233 top3=0.9273 vs_sbs=-1.054% vbs_closed=+31.43%
       TSP: top1=0.380 mean_cost=7.9139 (sbs=7.9578) vs_sbs=-0.55%
      CVRP: top1=0.480 mean_cost=18.2037 (sbs=18.2943) vs_sbs=-0.50%
      ATSP: top1=0.755 mean_cost=1.6404 (sbs=1.6735) vs_sbs=-1.98%
      OVRP: top1=0.376 mean_cost=7.4528 (sbs=7.4617) vs_sbs=-0.12%
      VRPB: top1=0.552 mean_cost=9.3322 (sbs=9.3403) vs_sbs=-0.09%
      VRPL: top1=0.328 mean_cost=12.4010 (sbs=12.4072) vs_sbs=-0.05%
     VRPTW: top1=0.458 mean_cost=17.8932 (sbs=18.6571) vs_sbs=-4.09%
    OVRPTW: top1=0.509 mean_cost=10.0445 (sbs=10.0484) vs_sbs=-0.04%
     OVRPB: top1=0.585 mean_cost=6.3170 (sbs=6.3220) vs_sbs=-0.08%
     OVRPL: top1=0.400 mean_cost=7.4303 (sbs=7.4376) vs_sbs=-0.10%
     VRPBL: top1=0.538 mean_cost=9.3556 (sbs=9.3593) vs_sbs=-0.04%
    VRPBTW: top1=0.435 mean_cost=19.0331 (sbs=19.6697) vs_sbs=-3.24%
    VRPLTW: top1=0.457 mean_cost=17.6226 (sbs=18.5091) vs_sbs=-4.79%
    OVRPBL: top1=0.577 mean_cost=6.3032 (sbs=6.3103) vs_sbs=-0.11%
   OVRPBTW: top1=0.508 mean_cost=10.4928 (sbs=10.5068) vs_sbs=-0.13%
   OVRPLTW: top1=0.512 mean_cost=10.1253 (sbs=10.1272) vs_sbs=-0.02%
   VRPBLTW: top1=0.450 mean_cost=18.9430 (sbs=19.5198) vs_sbs=-2.95%
  OVRPBLTW: top1=0.504 mean_cost=10.5310 (sbs=10.5412) vs_sbs=-0.10%
[epoch 34] update=180/1422 total=47106 loss=0.56787 KL=0.00832 lr=6.3e-06 samples/s=1641
[epoch 34] update=360/1422 total=47286 loss=0.56915 KL=0.00839 lr=6.3e-06 samples/s=1686
[epoch 34] update=540/1422 total=47466 loss=0.56947 KL=0.00840 lr=6.3e-06 samples/s=1695
[epoch 34] update=720/1422 total=47646 loss=0.56836 KL=0.00841 lr=6.3e-06 samples/s=1698
[epoch 34] update=900/1422 total=47826 loss=0.56921 KL=0.00842 lr=6.3e-06 samples/s=1702
[epoch 34] update=1080/1422 total=48006 loss=0.56960 KL=0.00840 lr=6.3e-06 samples/s=1723
[AMP retry] same batch; lower scale=131072.0
[epoch 34] update=1260/1422 total=48186 loss=0.56945 KL=0.00843 lr=6.3e-06 samples/s=1737
[AMP retry] same batch; lower scale=65536.0
[epoch 34] update=1422/1422 total=48348 loss=0.56958 KL=0.00839 lr=6.3e-06 samples/s=1734
[R45C val epoch 34] macro_top1=0.4903 top2=0.8237 top3=0.9274 vs_sbs=-1.067% vbs_closed=+32.36%
       TSP: top1=0.372 mean_cost=7.9156 (sbs=7.9578) vs_sbs=-0.53%
      CVRP: top1=0.484 mean_cost=18.2031 (sbs=18.2943) vs_sbs=-0.50%
      ATSP: top1=0.765 mean_cost=1.6381 (sbs=1.6735) vs_sbs=-2.12%
      OVRP: top1=0.374 mean_cost=7.4522 (sbs=7.4617) vs_sbs=-0.13%
      VRPB: top1=0.552 mean_cost=9.3314 (sbs=9.3403) vs_sbs=-0.10%
      VRPL: top1=0.332 mean_cost=12.4008 (sbs=12.4072) vs_sbs=-0.05%
     VRPTW: top1=0.436 mean_cost=17.9017 (sbs=18.6571) vs_sbs=-4.05%
    OVRPTW: top1=0.520 mean_cost=10.0392 (sbs=10.0484) vs_sbs=-0.09%
     OVRPB: top1=0.585 mean_cost=6.3166 (sbs=6.3220) vs_sbs=-0.09%
     OVRPL: top1=0.393 mean_cost=7.4304 (sbs=7.4376) vs_sbs=-0.10%
     VRPBL: top1=0.546 mean_cost=9.3549 (sbs=9.3593) vs_sbs=-0.05%
    VRPBTW: top1=0.452 mean_cost=19.0229 (sbs=19.6697) vs_sbs=-3.29%
    VRPLTW: top1=0.460 mean_cost=17.6251 (sbs=18.5091) vs_sbs=-4.78%
    OVRPBL: top1=0.577 mean_cost=6.3025 (sbs=6.3103) vs_sbs=-0.12%
   OVRPBTW: top1=0.497 mean_cost=10.4956 (sbs=10.5068) vs_sbs=-0.11%
   OVRPLTW: top1=0.524 mean_cost=10.1234 (sbs=10.1272) vs_sbs=-0.04%
   VRPBLTW: top1=0.452 mean_cost=18.9429 (sbs=19.5198) vs_sbs=-2.96%
  OVRPBLTW: top1=0.504 mean_cost=10.5283 (sbs=10.5412) vs_sbs=-0.12%
[epoch 35] update=180/1422 total=48528 loss=0.56781 KL=0.00836 lr=3.1e-06 samples/s=1596
[epoch 35] update=360/1422 total=48708 loss=0.56952 KL=0.00841 lr=3.1e-06 samples/s=1629
[epoch 35] update=540/1422 total=48888 loss=0.56955 KL=0.00847 lr=3.1e-06 samples/s=1640
[epoch 35] update=720/1422 total=49068 loss=0.56939 KL=0.00844 lr=3.1e-06 samples/s=1639
[epoch 35] update=900/1422 total=49248 loss=0.56901 KL=0.00842 lr=3.1e-06 samples/s=1627
[epoch 35] update=1080/1422 total=49428 loss=0.56883 KL=0.00843 lr=3.1e-06 samples/s=1626
[epoch 35] update=1260/1422 total=49608 loss=0.56908 KL=0.00844 lr=3.1e-06 samples/s=1654
[epoch 35] update=1422/1422 total=49770 loss=0.56882 KL=0.00849 lr=3.1e-06 samples/s=1661
[R45C val epoch 35] macro_top1=0.4886 top2=0.8238 top3=0.9274 vs_sbs=-1.065% vbs_closed=+32.14%
       TSP: top1=0.370 mean_cost=7.9166 (sbs=7.9578) vs_sbs=-0.52%
      CVRP: top1=0.476 mean_cost=18.2038 (sbs=18.2943) vs_sbs=-0.49%
      ATSP: top1=0.764 mean_cost=1.6376 (sbs=1.6735) vs_sbs=-2.14%
      OVRP: top1=0.379 mean_cost=7.4522 (sbs=7.4617) vs_sbs=-0.13%
      VRPB: top1=0.546 mean_cost=9.3335 (sbs=9.3403) vs_sbs=-0.07%
      VRPL: top1=0.332 mean_cost=12.3994 (sbs=12.4072) vs_sbs=-0.06%
     VRPTW: top1=0.451 mean_cost=17.8868 (sbs=18.6571) vs_sbs=-4.13%
    OVRPTW: top1=0.512 mean_cost=10.0413 (sbs=10.0484) vs_sbs=-0.07%
     OVRPB: top1=0.581 mean_cost=6.3170 (sbs=6.3220) vs_sbs=-0.08%
     OVRPL: top1=0.397 mean_cost=7.4308 (sbs=7.4376) vs_sbs=-0.09%
     VRPBL: top1=0.543 mean_cost=9.3546 (sbs=9.3593) vs_sbs=-0.05%
    VRPBTW: top1=0.433 mean_cost=19.0346 (sbs=19.6697) vs_sbs=-3.23%
    VRPLTW: top1=0.451 mean_cost=17.6258 (sbs=18.5091) vs_sbs=-4.77%
    OVRPBL: top1=0.584 mean_cost=6.3014 (sbs=6.3103) vs_sbs=-0.14%
   OVRPBTW: top1=0.504 mean_cost=10.4955 (sbs=10.5068) vs_sbs=-0.11%
   OVRPLTW: top1=0.523 mean_cost=10.1234 (sbs=10.1272) vs_sbs=-0.04%
   VRPBLTW: top1=0.443 mean_cost=18.9463 (sbs=19.5198) vs_sbs=-2.94%
  OVRPBLTW: top1=0.506 mean_cost=10.5295 (sbs=10.5412) vs_sbs=-0.11%
[epoch 36] update=180/1422 total=49950 loss=0.57078 KL=0.00873 lr=3.1e-06 samples/s=1811
[epoch 36] update=360/1422 total=50130 loss=0.56853 KL=0.00868 lr=3.1e-06 samples/s=1827
[epoch 36] update=540/1422 total=50310 loss=0.56708 KL=0.00875 lr=3.1e-06 samples/s=1832
[epoch 36] update=720/1422 total=50490 loss=0.56793 KL=0.00869 lr=3.1e-06 samples/s=1831
[epoch 36] update=900/1422 total=50670 loss=0.56818 KL=0.00865 lr=3.1e-06 samples/s=1831
[epoch 36] update=1080/1422 total=50850 loss=0.56868 KL=0.00862 lr=3.1e-06 samples/s=1831
[epoch 36] update=1260/1422 total=51030 loss=0.56932 KL=0.00863 lr=3.1e-06 samples/s=1831
[epoch 36] update=1422/1422 total=51192 loss=0.56896 KL=0.00862 lr=3.1e-06 samples/s=1817
[R45C val epoch 36] macro_top1=0.4892 top2=0.8246 top3=0.9275 vs_sbs=-1.061% vbs_closed=+31.99%
       TSP: top1=0.375 mean_cost=7.9152 (sbs=7.9578) vs_sbs=-0.54%
      CVRP: top1=0.479 mean_cost=18.2042 (sbs=18.2943) vs_sbs=-0.49%
      ATSP: top1=0.764 mean_cost=1.6381 (sbs=1.6735) vs_sbs=-2.12%
      OVRP: top1=0.374 mean_cost=7.4524 (sbs=7.4617) vs_sbs=-0.12%
      VRPB: top1=0.549 mean_cost=9.3332 (sbs=9.3403) vs_sbs=-0.08%
      VRPL: top1=0.338 mean_cost=12.3997 (sbs=12.4072) vs_sbs=-0.06%
     VRPTW: top1=0.442 mean_cost=17.8935 (sbs=18.6571) vs_sbs=-4.09%
    OVRPTW: top1=0.516 mean_cost=10.0409 (sbs=10.0484) vs_sbs=-0.07%
     OVRPB: top1=0.581 mean_cost=6.3172 (sbs=6.3220) vs_sbs=-0.08%
     OVRPL: top1=0.393 mean_cost=7.4305 (sbs=7.4376) vs_sbs=-0.10%
     VRPBL: top1=0.541 mean_cost=9.3550 (sbs=9.3593) vs_sbs=-0.05%
    VRPBTW: top1=0.443 mean_cost=19.0275 (sbs=19.6697) vs_sbs=-3.27%
    VRPLTW: top1=0.457 mean_cost=17.6260 (sbs=18.5091) vs_sbs=-4.77%
    OVRPBL: top1=0.583 mean_cost=6.3017 (sbs=6.3103) vs_sbs=-0.14%
   OVRPBTW: top1=0.498 mean_cost=10.4968 (sbs=10.5068) vs_sbs=-0.09%
   OVRPLTW: top1=0.525 mean_cost=10.1235 (sbs=10.1272) vs_sbs=-0.04%
   VRPBLTW: top1=0.445 mean_cost=18.9520 (sbs=19.5198) vs_sbs=-2.91%
  OVRPBLTW: top1=0.503 mean_cost=10.5297 (sbs=10.5412) vs_sbs=-0.11%
wandb:                                                                                
wandb: 
wandb: Run history:
wandb:                                    epoch ▁▁▁▂▂▂▂▂▃▃▃▃▃▄▄▄▄▄▅▅▅▅▅▆▆▆▆▆▇▇▇▇▇███
wandb:                   optimization/all_pairs █▄▃▃▂▂▂▂▂▂▂▂▂▂▂▁▁▁▁▁▁▁▁▁▁▁▁▁▁▁▁▁▁▁▁▁
wandb:                 optimization/amp_skipped ▁▁▂▂▂▂▂▃▃▃▃▃▃▄▄▄▅▅▅▅▆▆▆▆▆▇▇▇▇▇▇▇▇███
wandb:                          optimization/ce █▃▃▃▂▂▂▂▂▂▂▂▂▂▂▁▁▁▁▁▁▁▁▁▁▁▁▁▁▁▁▁▁▁▁▁
wandb:                         optimization/cmp █▄▄▃▃▃▂▂▂▂▂▂▂▂▂▂▂▁▁▁▁▁▁▁▁▁▁▁▁▁▁▁▁▁▁▁
wandb:          optimization/consistency_weight ▁▅██████████████████████████████████
wandb:                   optimization/grad_norm █▇▇▄▃▄▃▃▄▄▃▃▃▃▃▁▁▂▂▂▂▂▂▁▂▂▂▂▂▂▂▂▂▂▂▂
wandb:                          optimization/kl ▆█▄▃▂▂▂▂▁▁▁▁▁▁▁▁▁▁▂▂▂▂▂▂▂▂▂▃▃▃▃▃▃▃▃▃
wandb:                        optimization/loss █▃▃▂▂▂▂▂▂▂▂▂▂▂▂▁▁▁▁▁▁▁▁▁▁▁▁▁▁▁▁▁▁▁▁▁
wandb:                          optimization/lr ▃▆█████████████▄▄▄▄▄▄▄▄▃▃▃▃▂▂▂▂▁▁▁▁▁
wandb:             optimization/peak_memory_gib ▁▁▁▁▁▁▁▁▁▁▁▁▁▁▁▁▁▁▁▁▁▁▁▁▁▁▁▁▁▁█▁▁▁▁▁
wandb:                       optimization/pred3 █▄▄▃▃▃▃▃▂▂▂▂▂▂▂▂▂▂▂▂▂▂▁▁▁▁▁▁▁▁▁▁▁▁▁▁
wandb:                        optimization/risk █▃▂▂▂▂▁▁▁▁▁▁▁▁▁▁▁▁▁▁▁▁▁▁▁▁▁▁▁▁▁▁▁▁▁▁
wandb:                     optimization/samples ▁▁▁▁▁▁▁▁▁▁▁▁▁▁▁▁▁▁▁▁▁▁▁▁▁▁▁▁▁▁▁▁▁▁▁▁
wandb:                     optimization/seconds ▄▁▄▄▅▄▄▃▄▄▃▆▄▆▇▆▄▄▄▅▆▄▅▇▇▄▄█▄▄▄▄▅▆█▄
wandb:                       optimization/true3 █▅▄▄▃▃▃▃▃▃▃▂▂▂▂▂▂▂▂▂▂▂▂▁▁▁▁▁▁▁▁▁▁▁▁▁
wandb:                       successful_updates ▁▁▁▂▂▂▂▂▃▃▃▃▃▄▄▄▄▄▅▅▅▅▅▆▆▆▆▆▇▇▇▇▇███
wandb:       train_eval/macro_actual_regret_pct ▅█▃▂▂▁▁▁
wandb:                      train_eval/macro_ce ▅█▅▂▂▁▁▁
wandb:               train_eval/macro_mean_cost ▅█▃▂▂▁▁▁
wandb: train_eval/macro_reference_top2_accuracy ▂▁▃▆▇███
wandb:                    train_eval/macro_top1 ▂▁▅▆▇███
wandb:          train_eval/macro_top1_tie_aware ▂▁▅▆▇███
wandb:                    train_eval/macro_top2 ▅▁▆▇▇███
wandb:                    train_eval/macro_top3 ▅▁▆▇▇███
wandb:          train_eval/macro_true3_accuracy ▃▁▄▆▇███
wandb:      train_eval/macro_vbs_gap_closed_pct ▄▁▆▇▇███
wandb:           train_eval/macro_vs_oracle_pct ▅█▃▂▂▁▁▁
wandb:              train_eval/macro_vs_sbs_pct ▅█▃▂▂▁▁▁
wandb:              val/macro_actual_regret_pct █▃▅▃▂▂▃▂▂▃▂▂▂▂▂▁▂▁▁▁▂▁▁▁▁▁▁▁▁▁▁▁▁▁▁▁
wandb:                             val/macro_ce █▅▅▃▃▃▅▃▄▆▃▂▃▂▃▂▂▂▁▂▂▂▁▁▁▁▁▁▁▁▁▁▁▁▁▁
wandb:                      val/macro_mean_cost █▃▅▂▂▂▃▂▂▃▂▁▂▁▁▁▂▁▁▁▁▁▁▁▁▁▁▁▁▁▁▁▁▁▁▁
wandb:        val/macro_reference_top2_accuracy ▁▂▄▄▄▅▄▅▅▃▆▆▆▆▅▆▇▇▇▇▆▇████▇█████████
wandb:                           val/macro_top1 ▁▃▄▄▅▆▅▅▅▄▆▆▆▆▆▇▇▇█▇▇▇██████████████
wandb:                 val/macro_top1_tie_aware ▁▃▄▄▅▆▅▅▅▄▆▆▆▆▆▇▇▇█▇▇▇██████████████
wandb:                           val/macro_top2 ▁▅▅▆▇▆▆▇▆▄▇▇▆▇▇▇▇▇█▇▇▇██████████████
wandb:                           val/macro_top3 ▁▅▅▆▇▇▆▇▆▄▇▇▇▇▇█████████████████████
wandb:                 val/macro_true3_accuracy ▁▄▄▅▅▆▅▆▆▄▆▇▆▆▆▇▇▇█▇▇▇████▇█████████
wandb:             val/macro_vbs_gap_closed_pct ▁▆▄▆▆▇▆▆▆▅▇▇▇▇▇▇▇███▇▇██████████████
wandb:                  val/macro_vs_oracle_pct █▃▅▃▂▂▃▂▂▃▂▁▂▂▂▁▂▁▁▁▁▁▁▁▁▁▁▁▁▁▁▁▁▁▁▁
wandb:                     val/macro_vs_sbs_pct █▃▅▃▂▂▃▂▂▃▂▁▂▂▂▁▂▁▁▁▁▁▁▁▁▁▁▁▁▁▁▁▁▁▁▁
wandb: 
wandb: Run summary:
wandb:                                    epoch 36
wandb:                   optimization/all_pairs 0.3109
wandb:                 optimization/amp_skipped 20
wandb:                          optimization/ce 1.05658
wandb:                         optimization/cmp 0.48078
wandb:          optimization/consistency_weight 0.35
wandb:                   optimization/grad_norm 0.75146
wandb:                          optimization/kl 0.00862
wandb:                        optimization/loss 0.56896
wandb:                          optimization/lr 0.0
wandb:             optimization/peak_memory_gib 8.92794
wandb:                       optimization/pred3 0.52682
wandb:                        optimization/risk 1.39343
wandb:                     optimization/samples 180000
wandb:                     optimization/seconds 99.08091
wandb:                       optimization/true3 0.54257
wandb:                       successful_updates 51192
wandb:       train_eval/macro_actual_regret_pct 0.90214
wandb:                      train_eval/macro_ce 1.05385
wandb:               train_eval/macro_mean_cost 11.1696
wandb: train_eval/macro_reference_top2_accuracy 0.59688
wandb:                    train_eval/macro_top1 0.50009
wandb:          train_eval/macro_top1_tie_aware 0.50101
wandb:                    train_eval/macro_top2 0.82934
wandb:                    train_eval/macro_top3 0.93415
wandb:          train_eval/macro_true3_accuracy 0.71221
wandb:      train_eval/macro_vbs_gap_closed_pct 33.15174
wandb:           train_eval/macro_vs_oracle_pct 0.8735
wandb:              train_eval/macro_vs_sbs_pct -1.11505
wandb:              val/macro_actual_regret_pct 0.93806
wandb:                             val/macro_ce 1.09199
wandb:                      val/macro_mean_cost 11.16874
wandb:        val/macro_reference_top2_accuracy 0.58567
wandb:                           val/macro_top1 0.48922
wandb:                 val/macro_top1_tie_aware 0.49006
wandb:                           val/macro_top2 0.82461
wandb:                           val/macro_top3 0.9275
wandb:                 val/macro_true3_accuracy 0.70583
wandb:             val/macro_vbs_gap_closed_pct 31.98982
wandb:                  val/macro_vs_oracle_pct 0.90213
wandb:                     val/macro_vs_sbs_pct -1.06148
wandb: 
wandb: You can sync this run to the cloud by running:
wandb: wandb sync code/V4/runs/R45_solver_code_embeddings/C_shuffled_code_seed2/wandb/offline-run-20261008_221322-i0w373wl
wandb: Find logs at: code/V4/runs/R45_solver_code_embeddings/C_shuffled_code_seed2/wandb/offline-run-20261008_221322-i0w373wl/logs
