[embedding] 80 pending chunks / 159923 tokens; batch<=16, RPM<=2000, TPM<=8000000
[embedding] 16/80 uncached chunks
[embedding] 32/80 uncached chunks
[embedding] 48/80 uncached chunks
[embedding] 64/80 uncached chunks
[embedding] 80/80 uncached chunks
{
  "total_chunks": 80,
  "uncached_chunks": 80,
  "uncached_tokens": 159923,
  "settings": {
    "model": "voyage-code-4",
    "output_dimension": 1024,
    "output_dtype": "float",
    "input_type": null,
    "truncation": false
  },
  "ready": true,
  "provider": "mongodb_atlas",
  "endpoint": "https://ai.mongodb.com/v1/embeddings",
  "context_tokens": 32000,
  "requests_per_minute": 2000,
  "tokens_per_minute": 8000000,
  "semantic_views": 104,
  "split_views": 0,
  "largest_view_tokens": 29754,
  "uses_assumptions": true,
  "historical_bindings_verified": false,
  "preserved_historical_gaps": 26
}
Locked offline vectors: code/V4/runs/R45_solver_code_embeddings/solver_code_vectors_atlas.pt, shape=(22, 4, 1024)
