[R45] Started 2026-10-08T22:11:33+08:00 on gpu03
index, name, memory.total [MiB], memory.used [MiB]
0, NVIDIA GeForce RTX 3090, 24576 MiB, 2 MiB
1, NVIDIA GeForce RTX 3090, 24576 MiB, 2 MiB
<unknown>:27: DeprecationWarning: invalid escape sequence \i
<unknown>:27: DeprecationWarning: invalid escape sequence \i
<unknown>:27: DeprecationWarning: invalid escape sequence \i
<unknown>:27: DeprecationWarning: invalid escape sequence \i
<unknown>:27: DeprecationWarning: invalid escape sequence \i
<unknown>:27: DeprecationWarning: invalid escape sequence \i
----------------------------------------------------------------------
Ran 36 tests in 10.287s

OK
[cache] TSP/train: 10000 instances, 45.0 MiB on cuda:0
[cache] CVRP/train: 10000 instances, 83.3 MiB on cuda:0
[cache] ATSP/train: 10000 instances, 384.5 MiB on cuda:0
[cache] OVRP/train: 10000 instances, 33.9 MiB on cuda:0
[cache] VRPB/train: 10000 instances, 33.9 MiB on cuda:0
[cache] VRPL/train: 10000 instances, 33.9 MiB on cuda:0
[cache] VRPTW/train: 10000 instances, 33.9 MiB on cuda:0
[cache] OVRPTW/train: 10000 instances, 33.9 MiB on cuda:0
[cache] OVRPB/train: 10000 instances, 33.9 MiB on cuda:0
[cache] OVRPL/train: 10000 instances, 33.9 MiB on cuda:0
[cache] VRPBL/train: 10000 instances, 33.9 MiB on cuda:0
[cache] VRPBTW/train: 10000 instances, 33.9 MiB on cuda:0
[cache] VRPLTW/train: 10000 instances, 33.9 MiB on cuda:0
[cache] OVRPBL/train: 10000 instances, 33.9 MiB on cuda:0
[cache] OVRPBTW/train: 10000 instances, 33.9 MiB on cuda:0
[cache] OVRPLTW/train: 10000 instances, 33.9 MiB on cuda:0
[cache] VRPBLTW/train: 10000 instances, 33.9 MiB on cuda:0
[cache] OVRPBLTW/train: 10000 instances, 33.9 MiB on cuda:0
[cache] TSP/val: 1000 instances, 4.5 MiB on cuda:0
[cache] CVRP/val: 1000 instances, 8.3 MiB on cuda:0
[cache] ATSP/val: 1000 instances, 38.4 MiB on cuda:0
[cache] OVRP/val: 1000 instances, 3.4 MiB on cuda:0
[cache] VRPB/val: 1000 instances, 3.4 MiB on cuda:0
[cache] VRPL/val: 1000 instances, 3.4 MiB on cuda:0
[cache] VRPTW/val: 1000 instances, 3.4 MiB on cuda:0
[cache] OVRPTW/val: 1000 instances, 3.4 MiB on cuda:0
[cache] OVRPB/val: 1000 instances, 3.4 MiB on cuda:0
[cache] OVRPL/val: 1000 instances, 3.4 MiB on cuda:0
[cache] VRPBL/val: 1000 instances, 3.4 MiB on cuda:0
[cache] VRPBTW/val: 1000 instances, 3.4 MiB on cuda:0
[cache] VRPLTW/val: 1000 instances, 3.4 MiB on cuda:0
[cache] OVRPBL/val: 1000 instances, 3.4 MiB on cuda:0
[cache] OVRPBTW/val: 1000 instances, 3.4 MiB on cuda:0
[cache] OVRPLTW/val: 1000 instances, 3.4 MiB on cuda:0
[cache] VRPBLTW/val: 1000 instances, 3.4 MiB on cuda:0
[cache] OVRPBLTW/val: 1000 instances, 3.4 MiB on cuda:0
[preflight A] {"problem": "TSP", "batch": 128, "max_nodes": 499, "seconds": 0.6306100869551301, "loss": 1.016797423362732, "kl": 0.00261890422552824, "ce": 2.0655319690704346, "cmp": 0.6868164539337158, "risk": 2.6279475688934326, "true3": 0.6817535758018494, "pred3": 0.6803102493286133, "all_pairs": 0.703448474407196, "grad_norm": 0.7616764307022095, "skipped": 0, "peak_memory_gib": 8.858061790466309}
[preflight A] {"problem": "CVRP", "batch": 128, "max_nodes": 500, "seconds": 0.21059686690568924, "loss": 1.2778500318527222, "kl": 0.0026244577020406723, "ce": 2.3249146938323975, "cmp": 0.7019922733306885, "risk": 10.87570571899414, "true3": 0.6980561017990112, "pred3": 0.7009409070014954, "all_pairs": 0.7109159231185913, "grad_norm": 1.1299796104431152, "skipped": 0, "peak_memory_gib": 8.887596607208252}
[preflight A] {"problem": "ATSP", "batch": 128, "max_nodes": 100, "seconds": 0.04564878158271313, "loss": 1.0129897594451904, "kl": 0.0021787513978779316, "ce": 1.580554485321045, "cmp": 0.6914733648300171, "risk": 10.850873947143555, "true3": 0.7023330330848694, "pred3": 0.6981989145278931, "all_pairs": 0.6630284786224365, "grad_norm": 2.285550832748413, "skipped": 0, "peak_memory_gib": 3.3895764350891113}
[preflight A] {"problem": "OVRPTW", "batch": 128, "max_nodes": 101, "seconds": 0.04753645695745945, "loss": 1.3335909843444824, "kl": 0.0023760106414556503, "ce": 1.8743001222610474, "cmp": 0.6807329654693604, "risk": 21.924888610839844, "true3": 0.6920888423919678, "pred3": 0.668053388595581, "all_pairs": 0.6707009077072144, "grad_norm": 2.0438926219940186, "skipped": 0, "peak_memory_gib": 3.4129600524902344}
[preflight B] {"problem": "TSP", "batch": 128, "max_nodes": 499, "seconds": 0.21444031316787004, "loss": 1.019299030303955, "kl": 0.0026814360171556473, "ce": 2.0705199241638184, "cmp": 0.6885173320770264, "risk": 2.6348748207092285, "true3": 0.6843296885490417, "pred3": 0.6808942556381226, "all_pairs": 0.7045156955718994, "grad_norm": 0.7683372497558594, "skipped": 0, "peak_memory_gib": 8.894426345825195}
[preflight B] {"problem": "CVRP", "batch": 128, "max_nodes": 500, "seconds": 0.21072756685316563, "loss": 1.2729195356369019, "kl": 0.0024307300336658955, "ce": 2.314629554748535, "cmp": 0.7005296349525452, "risk": 10.838153839111328, "true3": 0.6945570707321167, "pred3": 0.7050328254699707, "all_pairs": 0.7079715728759766, "grad_norm": 1.1377615928649902, "skipped": 0, "peak_memory_gib": 8.931630611419678}
[preflight B] {"problem": "ATSP", "batch": 128, "max_nodes": 100, "seconds": 0.048591628670692444, "loss": 1.013791799545288, "kl": 0.0023460700176656246, "ce": 1.5822265148162842, "cmp": 0.6926000118255615, "risk": 10.839067459106445, "true3": 0.7056334018707275, "pred3": 0.6967394351959229, "all_pairs": 0.6623936295509338, "grad_norm": 2.287630081176758, "skipped": 0, "peak_memory_gib": 3.4147238731384277}
[preflight B] {"problem": "OVRPTW", "batch": 128, "max_nodes": 101, "seconds": 0.047859227284789085, "loss": 1.3343240022659302, "kl": 0.002373464871197939, "ce": 1.873902440071106, "cmp": 0.6821402311325073, "risk": 21.94391632080078, "true3": 0.6935153007507324, "pred3": 0.6699255704879761, "all_pairs": 0.6716048717498779, "grad_norm": 1.982718825340271, "skipped": 0, "peak_memory_gib": 3.443553924560547}
[preflight C] {"problem": "TSP", "batch": 128, "max_nodes": 499, "seconds": 0.22479978576302528, "loss": 1.0205590724945068, "kl": 0.002685233484953642, "ce": 2.0728213787078857, "cmp": 0.6893569231033325, "risk": 2.642845630645752, "true3": 0.6841245889663696, "pred3": 0.6829180717468262, "all_pairs": 0.7062605619430542, "grad_norm": 0.7795531749725342, "skipped": 0, "peak_memory_gib": 8.894519805908203}
[preflight C] {"problem": "CVRP", "batch": 128, "max_nodes": 500, "seconds": 0.2103132214397192, "loss": 1.2724523544311523, "kl": 0.0024162752088159323, "ce": 2.3147048950195312, "cmp": 0.700538158416748, "risk": 10.813579559326172, "true3": 0.6949226260185242, "pred3": 0.705134391784668, "all_pairs": 0.7071731090545654, "grad_norm": 1.141024112701416, "skipped": 0, "peak_memory_gib": 8.931630611419678}
[preflight C] {"problem": "ATSP", "batch": 128, "max_nodes": 100, "seconds": 0.04904607869684696, "loss": 1.0173979997634888, "kl": 0.0023483361583203077, "ce": 1.588046908378601, "cmp": 0.6945829391479492, "risk": 10.882776260375977, "true3": 0.7076884508132935, "pred3": 0.6978269815444946, "all_pairs": 0.6651279926300049, "grad_norm": 2.277735948562622, "skipped": 0, "peak_memory_gib": 3.4147238731384277}
[preflight C] {"problem": "OVRPTW", "batch": 128, "max_nodes": 101, "seconds": 0.049011790193617344, "loss": 1.3350416421890259, "kl": 0.002386032836511731, "ce": 1.8741800785064697, "cmp": 0.6823786497116089, "risk": 21.970544815063477, "true3": 0.6934399604797363, "pred3": 0.6700700521469116, "all_pairs": 0.6725646257400513, "grad_norm": 2.01959490776062, "skipped": 0, "peak_memory_gib": 3.443553924560547}
[prepared] Disposable full-batch update witnesses passed; training starts fresh; no test or API read
[R45] Launching C on GPU 1 at 2026-10-08T22:12:35+08:00
[R45] Launching B on GPU 0 at 2026-10-08T22:12:35+08:00
[R45] Launching A on GPU 1 at 2026-10-08T23:19:45+08:00
[cache] TSP/test: 1000 instances, 4.5 MiB on cuda:0
[cache] CVRP/test: 1000 instances, 8.3 MiB on cuda:0
[cache] ATSP/test: 1000 instances, 38.4 MiB on cuda:0
[cache] OVRP/test: 1000 instances, 3.4 MiB on cuda:0
[cache] VRPB/test: 1000 instances, 3.4 MiB on cuda:0
[cache] VRPL/test: 1000 instances, 3.4 MiB on cuda:0
[cache] VRPTW/test: 1000 instances, 3.4 MiB on cuda:0
[cache] OVRPTW/test: 1000 instances, 3.4 MiB on cuda:0
[cache] OVRPB/test: 1000 instances, 3.4 MiB on cuda:0
[cache] OVRPL/test: 1000 instances, 3.4 MiB on cuda:0
[cache] VRPBL/test: 1000 instances, 3.4 MiB on cuda:0
[cache] VRPBTW/test: 1000 instances, 3.4 MiB on cuda:0
[cache] VRPLTW/test: 1000 instances, 3.4 MiB on cuda:0
[cache] OVRPBL/test: 1000 instances, 3.4 MiB on cuda:0
[cache] OVRPBTW/test: 1000 instances, 3.4 MiB on cuda:0
[cache] OVRPLTW/test: 1000 instances, 3.4 MiB on cuda:0
[cache] VRPBLTW/test: 1000 instances, 3.4 MiB on cuda:0
[cache] OVRPBLTW/test: 1000 instances, 3.4 MiB on cuda:0
[R45] All three arms, locked-checkpoint test, and analysis completed 2026-10-09T00:45:06+08:00
