
COMMAND ["/public/home/shiys/miniconda3/envs/easynco/bin/python", "-m", "code.V4.solver_code_corpus", "--draft", "--output", "code/V4/runs/R45_solver_code_embeddings/corpus_reviewed"]
{
  "solvers": 22,
  "chunks": 85,
  "unique_tokens": 154398,
  "ready": false,
  "output": "code/V4/runs/R45_solver_code_embeddings/corpus_reviewed"
}

COMMAND ["/public/home/shiys/miniconda3/envs/easynco/bin/python", "-m", "code.V4.solver_code_embeddings", "--stage", "plan", "--corpus", "code/V4/runs/R45_solver_code_embeddings/corpus_reviewed/corpus.json"]
{
  "total_chunks": 85,
  "uncached_chunks": 85,
  "uncached_tokens": 154398,
  "settings": {
    "model": "voyage-code-4",
    "output_dimension": 1024,
    "output_dtype": "float",
    "input_type": null,
    "truncation": false
  },
  "ready": false
}

COMMAND ["/public/home/shiys/miniconda3/envs/easynco/bin/python", "-m", "unittest", "code.V4.test_r45", "-v"]
test_absent_role_is_masked_after_projection (code.V4.test_r45.R45Tests) ... ok
test_api_key_is_external_private_and_missing_is_not_silent (code.V4.test_r45.R45Tests) ... ok
test_ast_extraction_preserves_complete_function_and_scrubs_paths (code.V4.test_r45.R45Tests) ... ok
test_budget_is_checked_before_any_paid_request (code.V4.test_r45.R45Tests) ... <unknown>:27: DeprecationWarning: invalid escape sequence \i
<unknown>:27: DeprecationWarning: invalid escape sequence \i
ok
test_cache_invalidates_changed_source_and_preprocessing (code.V4.test_r45.R45Tests) ... ok
test_checkpoint_is_self_contained_without_api_or_bundle (code.V4.test_r45.R45Tests) ... ok
test_chunk_boundaries_retain_long_tail (code.V4.test_r45.R45Tests) ... ok
test_common_initial_values_and_shuffled_ownership (code.V4.test_r45.R45Tests) ... ok
test_draft_corpus_and_budget_refuse_upload_before_network (code.V4.test_r45.R45Tests) ... <unknown>:27: DeprecationWarning: invalid escape sequence \i
<unknown>:27: DeprecationWarning: invalid escape sequence \i
ok
test_gradients_live_and_buffers_fixed (code.V4.test_r45.R45Tests) ... ok
test_http_payload_response_order_and_error_redaction (code.V4.test_r45.R45Tests) ... ok
test_manifest_identity_and_real_source_symbols (code.V4.test_r45.R45Tests) ... <unknown>:27: DeprecationWarning: invalid escape sequence \i
<unknown>:27: DeprecationWarning: invalid escape sequence \i
ok
test_mask_permutation_padding_and_single_solver (code.V4.test_r45.R45Tests) ... ok
test_no_labels_and_full_registered_pools (code.V4.test_r45.R45Tests) ... ok
test_original_handcrafted_path_is_unchanged (code.V4.test_r45.R45Tests) ... ok
test_production_refuses_fake_or_misaligned_embeddings (code.V4.test_r45.R45Tests) ... ok
test_saved_prediction_metrics_replay (code.V4.test_r45.R45Tests) ... ok

----------------------------------------------------------------------
Ran 17 tests in 8.873s

OK

COMMAND ["/public/home/shiys/miniconda3/envs/easynco/bin/python", "code/V4/runs/R45_solver_code_embeddings/validate_source_completion.py"]
Traceback (most recent call last):
  File "/public/home/shiys/0selection2/code/V4/runs/R45_solver_code_embeddings/validate_source_completion.py", line 10, in <module>
    from code.unified_selector.registry import GLOBAL_SOLVERS, POOLS, PROBLEMS
ModuleNotFoundError: No module named 'code.unified_selector'; 'code' is not a package

FINAL VALIDATION: run the local validator as a project module

COMMAND ["/public/home/shiys/miniconda3/envs/easynco/bin/python", "-m", "code.V4.solver_code_corpus", "--draft", "--output", "code/V4/runs/R45_solver_code_embeddings/corpus_reviewed"]
{
  "solvers": 22,
  "chunks": 85,
  "unique_tokens": 154398,
  "ready": false,
  "output": "code/V4/runs/R45_solver_code_embeddings/corpus_reviewed"
}

COMMAND ["/public/home/shiys/miniconda3/envs/easynco/bin/python", "-m", "code.V4.solver_code_embeddings", "--stage", "plan", "--corpus", "code/V4/runs/R45_solver_code_embeddings/corpus_reviewed/corpus.json"]
{
  "total_chunks": 85,
  "uncached_chunks": 85,
  "uncached_tokens": 154398,
  "settings": {
    "model": "voyage-code-4",
    "output_dimension": 1024,
    "output_dtype": "float",
    "input_type": null,
    "truncation": false
  },
  "ready": false
}

COMMAND ["/public/home/shiys/miniconda3/envs/easynco/bin/python", "-m", "unittest", "code.V4.test_r45", "-v"]
test_absent_role_is_masked_after_projection (code.V4.test_r45.R45Tests) ... ok
test_api_key_is_external_private_and_missing_is_not_silent (code.V4.test_r45.R45Tests) ... ok
test_ast_extraction_preserves_complete_function_and_scrubs_paths (code.V4.test_r45.R45Tests) ... ok
test_budget_is_checked_before_any_paid_request (code.V4.test_r45.R45Tests) ... <unknown>:27: DeprecationWarning: invalid escape sequence \i
<unknown>:27: DeprecationWarning: invalid escape sequence \i
ok
test_cache_invalidates_changed_source_and_preprocessing (code.V4.test_r45.R45Tests) ... ok
test_checkpoint_is_self_contained_without_api_or_bundle (code.V4.test_r45.R45Tests) ... ok
test_chunk_boundaries_retain_long_tail (code.V4.test_r45.R45Tests) ... ok
test_common_initial_values_and_shuffled_ownership (code.V4.test_r45.R45Tests) ... ok
test_draft_corpus_and_budget_refuse_upload_before_network (code.V4.test_r45.R45Tests) ... <unknown>:27: DeprecationWarning: invalid escape sequence \i
<unknown>:27: DeprecationWarning: invalid escape sequence \i
ok
test_gradients_live_and_buffers_fixed (code.V4.test_r45.R45Tests) ... ok
test_http_payload_response_order_and_error_redaction (code.V4.test_r45.R45Tests) ... ok
test_manifest_identity_and_real_source_symbols (code.V4.test_r45.R45Tests) ... <unknown>:27: DeprecationWarning: invalid escape sequence \i
<unknown>:27: DeprecationWarning: invalid escape sequence \i
ok
test_mask_permutation_padding_and_single_solver (code.V4.test_r45.R45Tests) ... ok
test_no_labels_and_full_registered_pools (code.V4.test_r45.R45Tests) ... ok
test_original_handcrafted_path_is_unchanged (code.V4.test_r45.R45Tests) ... ok
test_production_refuses_fake_or_misaligned_embeddings (code.V4.test_r45.R45Tests) ... ok
test_saved_prediction_metrics_replay (code.V4.test_r45.R45Tests) ... ok

----------------------------------------------------------------------
Ran 17 tests in 8.802s

OK

COMMAND ["/public/home/shiys/miniconda3/envs/easynco/bin/python", "-m", "code.V4.runs.R45_solver_code_embeddings.validate_source_completion"]
{
  "passed": true,
  "checks": 17,
  "output": "/public/home/shiys/0selection2/code/V4/runs/R45_solver_code_embeddings/补全验收.json",
  "failed": []
}
