[2026-04-02 02:40:28] GPU 检查: util=41% | used=3749MB/24576MB | free=20827MB | 连续空闲次数=0/3
[2026-04-02 02:42:28] GPU 检查: util=26% | used=2586MB/24576MB | free=21990MB | 连续空闲次数=0/3
[2026-04-02 02:44:28] GPU 检查: util=100% | used=4402MB/24576MB | free=20174MB | 连续空闲次数=1/3
[2026-04-02 02:46:29] GPU 检查: util=100% | used=3793MB/24576MB | free=20783MB | 连续空闲次数=0/3
[2026-04-02 02:48:29] GPU 检查: util=46% | used=2955MB/24576MB | free=21621MB | 连续空闲次数=0/3
[2026-04-02 02:50:29] GPU 检查: util=100% | used=3805MB/24576MB | free=20771MB | 连续空闲次数=0/3
[2026-04-02 02:52:29] GPU 检查: util=100% | used=3815MB/24576MB | free=20761MB | 连续空闲次数=0/3
[2026-04-02 02:54:30] GPU 检查: util=100% | used=3825MB/24576MB | free=20751MB | 连续空闲次数=0/3
[2026-04-02 02:56:30] GPU 检查: util=100% | used=3825MB/24576MB | free=20751MB | 连续空闲次数=0/3
[2026-04-02 02:58:30] GPU 检查: util=100% | used=3835MB/24576MB | free=20741MB | 连续空闲次数=0/3
[2026-04-02 03:00:30] GPU 检查: util=100% | used=3843MB/24576MB | free=20733MB | 连续空闲次数=0/3
[2026-04-02 03:02:30] GPU 检查: util=85% | used=3847MB/24576MB | free=20729MB | 连续空闲次数=0/3
[2026-04-02 03:04:30] GPU 检查: util=75% | used=3863MB/24576MB | free=20713MB | 连续空闲次数=0/3
[2026-04-02 03:06:31] GPU 检查: util=99% | used=1288MB/24576MB | free=23288MB | 连续空闲次数=0/3
[2026-04-02 03:08:31] GPU 检查: util=88% | used=17601MB/24576MB | free=6975MB | 连续空闲次数=0/3
[2026-04-02 03:10:31] GPU 检查: util=100% | used=17924MB/24576MB | free=6652MB | 连续空闲次数=0/3
[2026-04-02 03:12:31] GPU 检查: util=100% | used=18238MB/24576MB | free=6338MB | 连续空闲次数=0/3
[2026-04-02 03:14:31] GPU 检查: util=100% | used=18250MB/24576MB | free=6326MB | 连续空闲次数=0/3
[2026-04-02 03:16:32] GPU 检查: util=79% | used=16304MB/24576MB | free=8272MB | 连续空闲次数=0/3
[2026-04-02 03:18:32] GPU 检查: util=100% | used=17643MB/24576MB | free=6933MB | 连续空闲次数=0/3
[2026-04-02 03:20:32] GPU 检查: util=100% | used=17655MB/24576MB | free=6921MB | 连续空闲次数=0/3
[2026-04-02 03:22:32] GPU 检查: util=100% | used=17665MB/24576MB | free=6911MB | 连续空闲次数=0/3
[2026-04-02 03:24:32] GPU 检查: util=100% | used=17673MB/24576MB | free=6903MB | 连续空闲次数=0/3
[2026-04-02 03:26:32] GPU 检查: util=100% | used=17683MB/24576MB | free=6893MB | 连续空闲次数=0/3
[2026-04-02 03:28:33] GPU 检查: util=100% | used=17687MB/24576MB | free=6889MB | 连续空闲次数=0/3
[2026-04-02 03:30:33] GPU 检查: util=97% | used=17703MB/24576MB | free=6873MB | 连续空闲次数=0/3
[2026-04-02 03:32:33] GPU 检查: util=100% | used=17695MB/24576MB | free=6881MB | 连续空闲次数=0/3
[2026-04-02 03:34:33] GPU 检查: util=100% | used=17715MB/24576MB | free=6861MB | 连续空闲次数=0/3
[2026-04-02 03:36:33] GPU 检查: util=100% | used=17723MB/24576MB | free=6853MB | 连续空闲次数=0/3
[2026-04-02 03:38:34] GPU 检查: util=100% | used=17723MB/24576MB | free=6853MB | 连续空闲次数=0/3
[2026-04-02 03:40:34] GPU 检查: util=100% | used=17729MB/24576MB | free=6847MB | 连续空闲次数=0/3
[2026-04-02 03:42:34] GPU 检查: util=100% | used=17759MB/24576MB | free=6817MB | 连续空闲次数=0/3
[2026-04-02 03:44:34] GPU 检查: util=100% | used=17753MB/24576MB | free=6823MB | 连续空闲次数=0/3
[2026-04-02 03:46:34] GPU 检查: util=100% | used=18382MB/24576MB | free=6194MB | 连续空闲次数=0/3
[2026-04-02 03:48:35] GPU 检查: util=96% | used=17315MB/24576MB | free=7261MB | 连续空闲次数=0/3
[2026-04-02 03:50:35] GPU 检查: util=99% | used=17321MB/24576MB | free=7255MB | 连续空闲次数=0/3
[2026-04-02 03:52:35] GPU 检查: util=98% | used=17323MB/24576MB | free=7253MB | 连续空闲次数=0/3
[2026-04-02 03:54:35] GPU 检查: util=99% | used=17944MB/24576MB | free=6632MB | 连续空闲次数=0/3
[2026-04-02 03:56:36] GPU 检查: util=98% | used=17683MB/24576MB | free=6893MB | 连续空闲次数=0/3
[2026-04-02 03:58:36] GPU 检查: util=85% | used=17683MB/24576MB | free=6893MB | 连续空闲次数=0/3
[2026-04-02 04:00:36] GPU 检查: util=90% | used=17683MB/24576MB | free=6893MB | 连续空闲次数=0/3
[2026-04-02 04:02:36] GPU 检查: util=87% | used=17683MB/24576MB | free=6893MB | 连续空闲次数=0/3
[2026-04-02 04:04:36] GPU 检查: util=97% | used=17683MB/24576MB | free=6893MB | 连续空闲次数=0/3
[2026-04-02 04:06:37] GPU 检查: util=96% | used=17683MB/24576MB | free=6893MB | 连续空闲次数=0/3
[2026-04-02 04:08:37] GPU 检查: util=97% | used=17685MB/24576MB | free=6891MB | 连续空闲次数=0/3
[2026-04-02 04:10:37] GPU 检查: util=89% | used=17685MB/24576MB | free=6891MB | 连续空闲次数=0/3
[2026-04-02 04:12:37] GPU 检查: util=75% | used=17685MB/24576MB | free=6891MB | 连续空闲次数=0/3
[2026-04-02 04:14:37] GPU 检查: util=91% | used=17685MB/24576MB | free=6891MB | 连续空闲次数=0/3
[2026-04-02 04:16:38] GPU 检查: util=91% | used=17685MB/24576MB | free=6891MB | 连续空闲次数=0/3
[2026-04-02 04:18:38] GPU 检查: util=92% | used=17685MB/24576MB | free=6891MB | 连续空闲次数=0/3
[2026-04-02 04:20:38] GPU 检查: util=99% | used=17685MB/24576MB | free=6891MB | 连续空闲次数=0/3
[2026-04-02 04:22:38] GPU 检查: util=98% | used=17685MB/24576MB | free=6891MB | 连续空闲次数=0/3
[2026-04-02 04:24:38] GPU 检查: util=98% | used=17685MB/24576MB | free=6891MB | 连续空闲次数=0/3
[2026-04-02 04:26:39] GPU 检查: util=93% | used=17685MB/24576MB | free=6891MB | 连续空闲次数=0/3
[2026-04-02 04:28:39] GPU 检查: util=96% | used=17685MB/24576MB | free=6891MB | 连续空闲次数=0/3
[2026-04-02 04:30:39] GPU 检查: util=98% | used=17685MB/24576MB | free=6891MB | 连续空闲次数=0/3
[2026-04-02 04:32:39] GPU 检查: util=93% | used=17685MB/24576MB | free=6891MB | 连续空闲次数=0/3
[2026-04-02 04:34:39] GPU 检查: util=97% | used=17685MB/24576MB | free=6891MB | 连续空闲次数=0/3
[2026-04-02 04:36:39] GPU 检查: util=92% | used=17685MB/24576MB | free=6891MB | 连续空闲次数=0/3
[2026-04-02 04:38:40] GPU 检查: util=86% | used=17685MB/24576MB | free=6891MB | 连续空闲次数=0/3
[2026-04-02 04:40:40] GPU 检查: util=92% | used=17685MB/24576MB | free=6891MB | 连续空闲次数=0/3
[2026-04-02 04:42:40] GPU 检查: util=95% | used=17685MB/24576MB | free=6891MB | 连续空闲次数=0/3
[2026-04-02 04:44:40] GPU 检查: util=71% | used=17685MB/24576MB | free=6891MB | 连续空闲次数=0/3
[2026-04-02 04:46:40] GPU 检查: util=93% | used=17685MB/24576MB | free=6891MB | 连续空闲次数=0/3
[2026-04-02 04:48:41] GPU 检查: util=90% | used=17685MB/24576MB | free=6891MB | 连续空闲次数=0/3
[2026-04-02 04:50:41] GPU 检查: util=98% | used=17685MB/24576MB | free=6891MB | 连续空闲次数=0/3
[2026-04-02 04:52:41] GPU 检查: util=96% | used=17685MB/24576MB | free=6891MB | 连续空闲次数=0/3
[2026-04-02 04:54:41] GPU 检查: util=98% | used=17685MB/24576MB | free=6891MB | 连续空闲次数=0/3
[2026-04-02 04:56:41] GPU 检查: util=94% | used=17685MB/24576MB | free=6891MB | 连续空闲次数=0/3
[2026-04-02 04:58:41] GPU 检查: util=98% | used=17685MB/24576MB | free=6891MB | 连续空闲次数=0/3
[2026-04-02 05:00:42] GPU 检查: util=91% | used=17685MB/24576MB | free=6891MB | 连续空闲次数=0/3
[2026-04-02 05:02:42] GPU 检查: util=98% | used=17685MB/24576MB | free=6891MB | 连续空闲次数=0/3
[2026-04-02 05:04:42] GPU 检查: util=93% | used=17685MB/24576MB | free=6891MB | 连续空闲次数=0/3
[2026-04-02 05:06:42] GPU 检查: util=89% | used=17685MB/24576MB | free=6891MB | 连续空闲次数=0/3
[2026-04-02 05:08:42] GPU 检查: util=87% | used=17685MB/24576MB | free=6891MB | 连续空闲次数=0/3
[2026-04-02 05:10:43] GPU 检查: util=96% | used=17685MB/24576MB | free=6891MB | 连续空闲次数=0/3
[2026-04-02 05:12:43] GPU 检查: util=81% | used=17685MB/24576MB | free=6891MB | 连续空闲次数=0/3
[2026-04-02 05:14:43] GPU 检查: util=72% | used=17685MB/24576MB | free=6891MB | 连续空闲次数=0/3
[2026-04-02 05:16:43] GPU 检查: util=97% | used=17685MB/24576MB | free=6891MB | 连续空闲次数=0/3
[2026-04-02 05:18:44] GPU 检查: util=97% | used=17685MB/24576MB | free=6891MB | 连续空闲次数=0/3
[2026-04-02 05:20:44] GPU 检查: util=96% | used=17685MB/24576MB | free=6891MB | 连续空闲次数=0/3
[2026-04-02 05:22:44] GPU 检查: util=97% | used=17685MB/24576MB | free=6891MB | 连续空闲次数=0/3
[2026-04-02 05:24:44] GPU 检查: util=98% | used=17685MB/24576MB | free=6891MB | 连续空闲次数=0/3
[2026-04-02 05:26:44] GPU 检查: util=97% | used=17685MB/24576MB | free=6891MB | 连续空闲次数=0/3
[2026-04-02 05:28:44] GPU 检查: util=98% | used=17685MB/24576MB | free=6891MB | 连续空闲次数=0/3
[2026-04-02 05:30:45] GPU 检查: util=98% | used=17685MB/24576MB | free=6891MB | 连续空闲次数=0/3
[2026-04-02 05:32:45] GPU 检查: util=96% | used=17685MB/24576MB | free=6891MB | 连续空闲次数=0/3
[2026-04-02 05:34:45] GPU 检查: util=98% | used=17685MB/24576MB | free=6891MB | 连续空闲次数=0/3
[2026-04-02 05:36:45] GPU 检查: util=97% | used=17685MB/24576MB | free=6891MB | 连续空闲次数=0/3
[2026-04-02 05:38:45] GPU 检查: util=98% | used=17685MB/24576MB | free=6891MB | 连续空闲次数=0/3
[2026-04-02 05:40:45] GPU 检查: util=97% | used=17685MB/24576MB | free=6891MB | 连续空闲次数=0/3
[2026-04-02 05:42:46] GPU 检查: util=97% | used=17685MB/24576MB | free=6891MB | 连续空闲次数=0/3
[2026-04-02 05:44:46] GPU 检查: util=94% | used=17685MB/24576MB | free=6891MB | 连续空闲次数=0/3
[2026-04-02 05:46:46] GPU 检查: util=97% | used=17685MB/24576MB | free=6891MB | 连续空闲次数=0/3
[2026-04-02 05:48:46] GPU 检查: util=98% | used=17685MB/24576MB | free=6891MB | 连续空闲次数=0/3
[2026-04-02 05:50:46] GPU 检查: util=98% | used=17685MB/24576MB | free=6891MB | 连续空闲次数=0/3
[2026-04-02 05:52:47] GPU 检查: util=97% | used=17685MB/24576MB | free=6891MB | 连续空闲次数=0/3
[2026-04-02 05:54:47] GPU 检查: util=93% | used=17685MB/24576MB | free=6891MB | 连续空闲次数=0/3
[2026-04-02 05:56:47] GPU 检查: util=97% | used=17685MB/24576MB | free=6891MB | 连续空闲次数=0/3
[2026-04-02 05:58:47] GPU 检查: util=98% | used=17685MB/24576MB | free=6891MB | 连续空闲次数=0/3
[2026-04-02 06:00:47] GPU 检查: util=98% | used=17685MB/24576MB | free=6891MB | 连续空闲次数=0/3
[2026-04-02 06:02:47] GPU 检查: util=98% | used=17685MB/24576MB | free=6891MB | 连续空闲次数=0/3
[2026-04-02 06:04:48] GPU 检查: util=96% | used=17685MB/24576MB | free=6891MB | 连续空闲次数=0/3
[2026-04-02 06:06:48] GPU 检查: util=98% | used=17685MB/24576MB | free=6891MB | 连续空闲次数=0/3
[2026-04-02 06:08:48] GPU 检查: util=96% | used=17685MB/24576MB | free=6891MB | 连续空闲次数=0/3
[2026-04-02 06:10:48] GPU 检查: util=95% | used=17685MB/24576MB | free=6891MB | 连续空闲次数=0/3
[2026-04-02 06:12:48] GPU 检查: util=97% | used=17685MB/24576MB | free=6891MB | 连续空闲次数=0/3
[2026-04-02 06:14:49] GPU 检查: util=97% | used=17685MB/24576MB | free=6891MB | 连续空闲次数=0/3
[2026-04-02 06:16:49] GPU 检查: util=97% | used=17685MB/24576MB | free=6891MB | 连续空闲次数=0/3
[2026-04-02 06:18:49] GPU 检查: util=98% | used=17685MB/24576MB | free=6891MB | 连续空闲次数=0/3
[2026-04-02 06:20:49] GPU 检查: util=95% | used=17685MB/24576MB | free=6891MB | 连续空闲次数=0/3
[2026-04-02 06:22:49] GPU 检查: util=97% | used=17685MB/24576MB | free=6891MB | 连续空闲次数=0/3
[2026-04-02 06:24:50] GPU 检查: util=95% | used=17685MB/24576MB | free=6891MB | 连续空闲次数=0/3
[2026-04-02 06:26:50] GPU 检查: util=95% | used=17685MB/24576MB | free=6891MB | 连续空闲次数=0/3
[2026-04-02 06:28:50] GPU 检查: util=96% | used=17685MB/24576MB | free=6891MB | 连续空闲次数=0/3
[2026-04-02 06:30:50] GPU 检查: util=98% | used=17685MB/24576MB | free=6891MB | 连续空闲次数=0/3
[2026-04-02 06:32:50] GPU 检查: util=96% | used=17685MB/24576MB | free=6891MB | 连续空闲次数=0/3
[2026-04-02 06:34:50] GPU 检查: util=96% | used=17685MB/24576MB | free=6891MB | 连续空闲次数=0/3
[2026-04-02 06:36:50] GPU 检查: util=98% | used=17685MB/24576MB | free=6891MB | 连续空闲次数=0/3
[2026-04-02 06:38:51] GPU 检查: util=98% | used=17685MB/24576MB | free=6891MB | 连续空闲次数=0/3
[2026-04-02 06:40:51] GPU 检查: util=97% | used=17685MB/24576MB | free=6891MB | 连续空闲次数=0/3
[2026-04-02 06:42:51] GPU 检查: util=96% | used=17685MB/24576MB | free=6891MB | 连续空闲次数=0/3
[2026-04-02 06:44:51] GPU 检查: util=98% | used=17685MB/24576MB | free=6891MB | 连续空闲次数=0/3
[2026-04-02 06:46:51] GPU 检查: util=97% | used=17685MB/24576MB | free=6891MB | 连续空闲次数=0/3
[2026-04-02 06:48:51] GPU 检查: util=97% | used=17685MB/24576MB | free=6891MB | 连续空闲次数=0/3
[2026-04-02 06:50:52] GPU 检查: util=97% | used=17685MB/24576MB | free=6891MB | 连续空闲次数=0/3
[2026-04-02 06:52:52] GPU 检查: util=97% | used=17685MB/24576MB | free=6891MB | 连续空闲次数=0/3
[2026-04-02 06:54:52] GPU 检查: util=97% | used=17685MB/24576MB | free=6891MB | 连续空闲次数=0/3
[2026-04-02 06:56:52] GPU 检查: util=97% | used=17685MB/24576MB | free=6891MB | 连续空闲次数=0/3
[2026-04-02 06:58:52] GPU 检查: util=96% | used=17685MB/24576MB | free=6891MB | 连续空闲次数=0/3
[2026-04-02 07:00:53] GPU 检查: util=98% | used=17685MB/24576MB | free=6891MB | 连续空闲次数=0/3
[2026-04-02 07:02:53] GPU 检查: util=98% | used=17685MB/24576MB | free=6891MB | 连续空闲次数=0/3
[2026-04-02 07:04:53] GPU 检查: util=98% | used=17685MB/24576MB | free=6891MB | 连续空闲次数=0/3
[2026-04-02 07:06:53] GPU 检查: util=95% | used=17685MB/24576MB | free=6891MB | 连续空闲次数=0/3
[2026-04-02 07:08:53] GPU 检查: util=97% | used=17685MB/24576MB | free=6891MB | 连续空闲次数=0/3
[2026-04-02 07:10:53] GPU 检查: util=96% | used=17685MB/24576MB | free=6891MB | 连续空闲次数=0/3
[2026-04-02 07:12:54] GPU 检查: util=96% | used=17685MB/24576MB | free=6891MB | 连续空闲次数=0/3
[2026-04-02 07:14:54] GPU 检查: util=97% | used=17685MB/24576MB | free=6891MB | 连续空闲次数=0/3
[2026-04-02 07:16:54] GPU 检查: util=98% | used=17685MB/24576MB | free=6891MB | 连续空闲次数=0/3
[2026-04-02 07:18:54] GPU 检查: util=95% | used=17685MB/24576MB | free=6891MB | 连续空闲次数=0/3
[2026-04-02 07:20:54] GPU 检查: util=98% | used=17685MB/24576MB | free=6891MB | 连续空闲次数=0/3
[2026-04-02 07:22:54] GPU 检查: util=97% | used=17685MB/24576MB | free=6891MB | 连续空闲次数=0/3
[2026-04-02 07:24:55] GPU 检查: util=97% | used=17685MB/24576MB | free=6891MB | 连续空闲次数=0/3
[2026-04-02 07:26:55] GPU 检查: util=95% | used=17685MB/24576MB | free=6891MB | 连续空闲次数=0/3
[2026-04-02 07:28:55] GPU 检查: util=98% | used=17685MB/24576MB | free=6891MB | 连续空闲次数=0/3
[2026-04-02 07:30:55] GPU 检查: util=98% | used=17685MB/24576MB | free=6891MB | 连续空闲次数=0/3
[2026-04-02 07:32:55] GPU 检查: util=94% | used=17685MB/24576MB | free=6891MB | 连续空闲次数=0/3
[2026-04-02 07:34:56] GPU 检查: util=93% | used=17685MB/24576MB | free=6891MB | 连续空闲次数=0/3
[2026-04-02 07:36:56] GPU 检查: util=98% | used=17685MB/24576MB | free=6891MB | 连续空闲次数=0/3
[2026-04-02 07:38:56] GPU 检查: util=97% | used=17685MB/24576MB | free=6891MB | 连续空闲次数=0/3
[2026-04-02 07:40:56] GPU 检查: util=98% | used=17685MB/24576MB | free=6891MB | 连续空闲次数=0/3
[2026-04-02 07:42:56] GPU 检查: util=97% | used=17685MB/24576MB | free=6891MB | 连续空闲次数=0/3
[2026-04-02 07:44:56] GPU 检查: util=97% | used=17685MB/24576MB | free=6891MB | 连续空闲次数=0/3
[2026-04-02 07:46:57] GPU 检查: util=98% | used=17685MB/24576MB | free=6891MB | 连续空闲次数=0/3
[2026-04-02 07:48:57] GPU 检查: util=97% | used=17685MB/24576MB | free=6891MB | 连续空闲次数=0/3
[2026-04-02 07:50:57] GPU 检查: util=97% | used=17685MB/24576MB | free=6891MB | 连续空闲次数=0/3
[2026-04-02 07:52:57] GPU 检查: util=97% | used=17685MB/24576MB | free=6891MB | 连续空闲次数=0/3
[2026-04-02 07:54:57] GPU 检查: util=97% | used=17685MB/24576MB | free=6891MB | 连续空闲次数=0/3
[2026-04-02 07:56:58] GPU 检查: util=99% | used=17685MB/24576MB | free=6891MB | 连续空闲次数=0/3
[2026-04-02 07:58:58] GPU 检查: util=95% | used=17685MB/24576MB | free=6891MB | 连续空闲次数=0/3
[2026-04-02 08:00:58] GPU 检查: util=98% | used=17685MB/24576MB | free=6891MB | 连续空闲次数=0/3
[2026-04-02 08:02:58] GPU 检查: util=95% | used=17685MB/24576MB | free=6891MB | 连续空闲次数=0/3
[2026-04-02 08:04:58] GPU 检查: util=98% | used=17685MB/24576MB | free=6891MB | 连续空闲次数=0/3
[2026-04-02 08:06:58] GPU 检查: util=93% | used=17685MB/24576MB | free=6891MB | 连续空闲次数=0/3
[2026-04-02 08:08:59] GPU 检查: util=98% | used=17685MB/24576MB | free=6891MB | 连续空闲次数=0/3
[2026-04-02 08:10:59] GPU 检查: util=98% | used=17685MB/24576MB | free=6891MB | 连续空闲次数=0/3
[2026-04-02 08:12:59] GPU 检查: util=98% | used=17685MB/24576MB | free=6891MB | 连续空闲次数=0/3
[2026-04-02 08:14:59] GPU 检查: util=95% | used=17685MB/24576MB | free=6891MB | 连续空闲次数=0/3
[2026-04-02 08:16:59] GPU 检查: util=97% | used=17685MB/24576MB | free=6891MB | 连续空闲次数=0/3
[2026-04-02 08:19:00] GPU 检查: util=93% | used=17685MB/24576MB | free=6891MB | 连续空闲次数=0/3
[2026-04-02 08:21:00] GPU 检查: util=98% | used=17685MB/24576MB | free=6891MB | 连续空闲次数=0/3
[2026-04-02 08:23:00] GPU 检查: util=97% | used=17685MB/24576MB | free=6891MB | 连续空闲次数=0/3
[2026-04-02 08:25:00] GPU 检查: util=97% | used=17685MB/24576MB | free=6891MB | 连续空闲次数=0/3
[2026-04-02 08:27:00] GPU 检查: util=98% | used=17685MB/24576MB | free=6891MB | 连续空闲次数=0/3
[2026-04-02 08:29:01] GPU 检查: util=97% | used=17685MB/24576MB | free=6891MB | 连续空闲次数=0/3
[2026-04-02 08:31:01] GPU 检查: util=97% | used=17685MB/24576MB | free=6891MB | 连续空闲次数=0/3
[2026-04-02 08:33:01] GPU 检查: util=97% | used=17685MB/24576MB | free=6891MB | 连续空闲次数=0/3
[2026-04-02 08:35:01] GPU 检查: util=94% | used=17685MB/24576MB | free=6891MB | 连续空闲次数=0/3
[2026-04-02 08:37:01] GPU 检查: util=97% | used=17685MB/24576MB | free=6891MB | 连续空闲次数=0/3
[2026-04-02 08:39:02] GPU 检查: util=96% | used=17685MB/24576MB | free=6891MB | 连续空闲次数=0/3
[2026-04-02 08:41:02] GPU 检查: util=96% | used=17685MB/24576MB | free=6891MB | 连续空闲次数=0/3
[2026-04-02 08:43:02] GPU 检查: util=95% | used=17685MB/24576MB | free=6891MB | 连续空闲次数=0/3
[2026-04-02 08:45:02] GPU 检查: util=96% | used=17685MB/24576MB | free=6891MB | 连续空闲次数=0/3
[2026-04-02 08:47:02] GPU 检查: util=96% | used=17685MB/24576MB | free=6891MB | 连续空闲次数=0/3
[2026-04-02 08:49:03] GPU 检查: util=96% | used=17685MB/24576MB | free=6891MB | 连续空闲次数=0/3
[2026-04-02 08:51:03] GPU 检查: util=96% | used=17685MB/24576MB | free=6891MB | 连续空闲次数=0/3
[2026-04-02 08:53:03] GPU 检查: util=99% | used=17685MB/24576MB | free=6891MB | 连续空闲次数=0/3
[2026-04-02 08:55:03] GPU 检查: util=96% | used=17685MB/24576MB | free=6891MB | 连续空闲次数=0/3
[2026-04-02 08:57:03] GPU 检查: util=97% | used=17685MB/24576MB | free=6891MB | 连续空闲次数=0/3
[2026-04-02 08:59:04] GPU 检查: util=98% | used=17685MB/24576MB | free=6891MB | 连续空闲次数=0/3
[2026-04-02 09:01:04] GPU 检查: util=97% | used=17685MB/24576MB | free=6891MB | 连续空闲次数=0/3
[2026-04-02 09:03:04] GPU 检查: util=98% | used=17685MB/24576MB | free=6891MB | 连续空闲次数=0/3
[2026-04-02 09:05:04] GPU 检查: util=97% | used=17685MB/24576MB | free=6891MB | 连续空闲次数=0/3
[2026-04-02 09:07:04] GPU 检查: util=98% | used=17685MB/24576MB | free=6891MB | 连续空闲次数=0/3
[2026-04-02 09:09:05] GPU 检查: util=97% | used=17685MB/24576MB | free=6891MB | 连续空闲次数=0/3
[2026-04-02 09:11:05] GPU 检查: util=95% | used=17685MB/24576MB | free=6891MB | 连续空闲次数=0/3
[2026-04-02 09:13:05] GPU 检查: util=96% | used=17685MB/24576MB | free=6891MB | 连续空闲次数=0/3
[2026-04-02 09:15:05] GPU 检查: util=98% | used=17685MB/24576MB | free=6891MB | 连续空闲次数=0/3
[2026-04-02 09:17:05] GPU 检查: util=98% | used=17685MB/24576MB | free=6891MB | 连续空闲次数=0/3
[2026-04-02 09:19:06] GPU 检查: util=95% | used=17685MB/24576MB | free=6891MB | 连续空闲次数=0/3
[2026-04-02 09:21:06] GPU 检查: util=98% | used=17685MB/24576MB | free=6891MB | 连续空闲次数=0/3
[2026-04-02 09:23:06] GPU 检查: util=97% | used=17685MB/24576MB | free=6891MB | 连续空闲次数=0/3
[2026-04-02 09:25:06] GPU 检查: util=93% | used=17685MB/24576MB | free=6891MB | 连续空闲次数=0/3
[2026-04-02 09:27:06] GPU 检查: util=98% | used=17685MB/24576MB | free=6891MB | 连续空闲次数=0/3
[2026-04-02 09:29:07] GPU 检查: util=94% | used=17685MB/24576MB | free=6891MB | 连续空闲次数=0/3
[2026-04-02 09:31:07] GPU 检查: util=96% | used=17685MB/24576MB | free=6891MB | 连续空闲次数=0/3
[2026-04-02 09:33:07] GPU 检查: util=90% | used=17685MB/24576MB | free=6891MB | 连续空闲次数=0/3
[2026-04-02 09:35:07] GPU 检查: util=97% | used=17685MB/24576MB | free=6891MB | 连续空闲次数=0/3
[2026-04-02 09:37:07] GPU 检查: util=98% | used=17685MB/24576MB | free=6891MB | 连续空闲次数=0/3
[2026-04-02 09:39:07] GPU 检查: util=94% | used=17685MB/24576MB | free=6891MB | 连续空闲次数=0/3
[2026-04-02 09:41:08] GPU 检查: util=97% | used=17685MB/24576MB | free=6891MB | 连续空闲次数=0/3
[2026-04-02 09:43:08] GPU 检查: util=95% | used=17685MB/24576MB | free=6891MB | 连续空闲次数=0/3
[2026-04-02 09:45:08] GPU 检查: util=98% | used=17685MB/24576MB | free=6891MB | 连续空闲次数=0/3
[2026-04-02 09:47:08] GPU 检查: util=97% | used=17685MB/24576MB | free=6891MB | 连续空闲次数=0/3
[2026-04-02 09:49:08] GPU 检查: util=98% | used=17685MB/24576MB | free=6891MB | 连续空闲次数=0/3
[2026-04-02 09:51:09] GPU 检查: util=100% | used=18382MB/24576MB | free=6194MB | 连续空闲次数=0/3
[2026-04-02 09:53:09] GPU 检查: util=97% | used=18628MB/24576MB | free=5948MB | 连续空闲次数=0/3
[2026-04-02 09:55:09] GPU 检查: util=81% | used=19056MB/24576MB | free=5520MB | 连续空闲次数=0/3
[2026-04-02 09:57:09] GPU 检查: util=96% | used=19358MB/24576MB | free=5218MB | 连续空闲次数=0/3
[2026-04-02 09:59:09] GPU 检查: util=96% | used=19564MB/24576MB | free=5012MB | 连续空闲次数=0/3
[2026-04-02 10:01:10] GPU 检查: util=94% | used=19752MB/24576MB | free=4824MB | 连续空闲次数=0/3
[2026-04-02 10:03:10] GPU 检查: util=85% | used=19920MB/24576MB | free=4656MB | 连续空闲次数=0/3
[2026-04-02 10:05:10] GPU 检查: util=95% | used=20042MB/24576MB | free=4534MB | 连续空闲次数=0/3
[2026-04-02 10:07:10] GPU 检查: util=94% | used=20042MB/24576MB | free=4534MB | 连续空闲次数=0/3
[2026-04-02 10:09:10] GPU 检查: util=96% | used=20042MB/24576MB | free=4534MB | 连续空闲次数=0/3
[2026-04-02 10:11:11] GPU 检查: util=95% | used=20042MB/24576MB | free=4534MB | 连续空闲次数=0/3
[2026-04-02 10:13:11] GPU 检查: util=94% | used=20042MB/24576MB | free=4534MB | 连续空闲次数=0/3
[2026-04-02 10:15:11] GPU 检查: util=96% | used=20158MB/24576MB | free=4418MB | 连续空闲次数=0/3
[2026-04-02 10:17:11] GPU 检查: util=96% | used=20158MB/24576MB | free=4418MB | 连续空闲次数=0/3
[2026-04-02 10:19:11] GPU 检查: util=24% | used=20158MB/24576MB | free=4418MB | 连续空闲次数=0/3
[2026-04-02 10:21:11] GPU 检查: util=26% | used=20214MB/24576MB | free=4362MB | 连续空闲次数=0/3
[2026-04-02 10:23:12] GPU 检查: util=25% | used=3915MB/24576MB | free=20661MB | 连续空闲次数=0/3
[2026-04-02 10:25:12] GPU 检查: util=17% | used=3915MB/24576MB | free=20661MB | 连续空闲次数=1/3
[2026-04-02 10:27:12] GPU 检查: util=21% | used=3915MB/24576MB | free=20661MB | 连续空闲次数=2/3
[2026-04-02 10:27:12] GPU 已满足启动条件，开始后续实验。
[2026-04-02 10:27:12] ======================================================================
[2026-04-02 10:27:12] START ph5k_a05_e005
[2026-04-02 10:27:12] out_dir=/public/home/zhoucl/shiys/2cmab2/outputs/tuning_2026-04-02_problem_heads_5k_queue/ph5k_a05_e005
[2026-04-02 10:27:12] extra_args=--alpha 0.5 --train-epsilon 0.05
[2026-04-02 10:27:12] ======================================================================
[10:27:14] 实验开始，输出目录: /public/home/zhoucl/shiys/2cmab2/outputs/tuning_2026-04-02_problem_heads_5k_queue/ph5k_a05_e005
[10:27:14] 开始构建共享数据集
[10:27:14] 扫描结果目录: /public/home/zhoucl/shiys/EasyNCO/results/test
[10:27:14] 已找到最新 runs 数量: 20
[10:27:14] 开始解析原始 .pt 数据集路径
[10:27:14] TSP 数据集: /public/home/zhoucl/shiys/EasyNCO/data/datasets/test_dataset_tsp_uniform/test_tsp100_nums10000_uniform.pt
[10:27:14] CVRP 数据集: /public/home/zhoucl/shiys/EasyNCO/data/datasets/test_dataset_vrp_uniform/test_vrp100_capacity50_nums10000_uniform.pt
[10:27:14] 开始加载原始实例张量
[10:27:15] 实例加载完成: tsp=10000, cvrp=10000
[10:27:15] 开始聚合问题 tsp，候选方法数=12
[10:27:15] tsp 可用实例数=5000
[10:27:29] 问题 tsp 聚合完成，当前累计样本数=5000
[10:27:29] 开始聚合问题 cvrp，候选方法数=8
[10:27:29] cvrp 可用实例数=5000
[10:27:43] 问题 cvrp 聚合完成，当前累计样本数=10000
[10:27:43] 全部样本构建完成，最终样本数=10000
[10:27:43] 数据集构建完成，样本总数=10000
[10:27:43] 开始做 train/val/test 分层切分
[10:27:43] 数据切分完成: train=7000, val=1500, test=1500
[10:27:43] 开始构造 selector: neural_linucb
[10:27:44] selector 构造完成: NeuralLinUCB
[10:27:44] 已开启 checkpoint 自动保存: 每 500 个 step 保存一次
[10:27:44] 已开启周期性验证: 每 500 个 step 在 val 集评测一次
[10:27:44] 开始训练 epoch 1/1 [NeuralLinUCB]
[10:28:15] checkpoint 已保存: /public/home/zhoucl/shiys/2cmab2/outputs/tuning_2026-04-02_problem_heads_5k_queue/ph5k_a05_e005/checkpoints/step_0000500.pt
[10:28:32] step=500 | periodic val_greedy | mean_reward=0.842771 | top1=0.287333 | mean_regret=0.050078 | mean_cost=11.765366 || val_ucb: mean_reward=0.850390 | top1=0.384667 | mean_regret=0.050368 | mean_cost=11.765656
[10:28:32] best checkpoint 已刷新: step=500 | metric=val_greedy.overall.mean_cost=11.765366 | path=/public/home/zhoucl/shiys/2cmab2/outputs/tuning_2026-04-02_problem_heads_5k_queue/ph5k_a05_e005/checkpoints/best.pt
[10:29:45] checkpoint 已保存: /public/home/zhoucl/shiys/2cmab2/outputs/tuning_2026-04-02_problem_heads_5k_queue/ph5k_a05_e005/checkpoints/step_0001000.pt
[10:30:04] step=1000 | periodic val_greedy | mean_reward=0.842636 | top1=0.228000 | mean_regret=0.050854 | mean_cost=11.766143 || val_ucb: mean_reward=0.835030 | top1=0.239333 | mean_regret=0.057563 | mean_cost=11.772851
[10:31:56] checkpoint 已保存: /public/home/zhoucl/shiys/2cmab2/outputs/tuning_2026-04-02_problem_heads_5k_queue/ph5k_a05_e005/checkpoints/step_0001500.pt
[10:32:14] step=1500 | periodic val_greedy | mean_reward=0.843472 | top1=0.216000 | mean_regret=0.048825 | mean_cost=11.764114 || val_ucb: mean_reward=0.840645 | top1=0.244000 | mean_regret=0.052109 | mean_cost=11.767398
[10:32:14] best checkpoint 已刷新: step=1500 | metric=val_greedy.overall.mean_cost=11.764114 | path=/public/home/zhoucl/shiys/2cmab2/outputs/tuning_2026-04-02_problem_heads_5k_queue/ph5k_a05_e005/checkpoints/best.pt
[10:34:38] checkpoint 已保存: /public/home/zhoucl/shiys/2cmab2/outputs/tuning_2026-04-02_problem_heads_5k_queue/ph5k_a05_e005/checkpoints/step_0002000.pt
[10:34:54] step=2000 | periodic val_greedy | mean_reward=0.843771 | top1=0.233333 | mean_regret=0.049542 | mean_cost=11.764830 || val_ucb: mean_reward=0.838035 | top1=0.320000 | mean_regret=0.050723 | mean_cost=11.766012
[10:37:55] checkpoint 已保存: /public/home/zhoucl/shiys/2cmab2/outputs/tuning_2026-04-02_problem_heads_5k_queue/ph5k_a05_e005/checkpoints/step_0002500.pt
[10:38:22] step=2500 | periodic val_greedy | mean_reward=0.841346 | top1=0.220667 | mean_regret=0.049736 | mean_cost=11.765024 || val_ucb: mean_reward=0.838212 | top1=0.277333 | mean_regret=0.051380 | mean_cost=11.766668
[10:42:11] checkpoint 已保存: /public/home/zhoucl/shiys/2cmab2/outputs/tuning_2026-04-02_problem_heads_5k_queue/ph5k_a05_e005/checkpoints/step_0003000.pt
[10:42:32] step=3000 | periodic val_greedy | mean_reward=0.842623 | top1=0.238000 | mean_regret=0.049344 | mean_cost=11.764633 || val_ucb: mean_reward=0.835688 | top1=0.253333 | mean_regret=0.052921 | mean_cost=11.768209
[10:46:36] checkpoint 已保存: /public/home/zhoucl/shiys/2cmab2/outputs/tuning_2026-04-02_problem_heads_5k_queue/ph5k_a05_e005/checkpoints/step_0003500.pt
[10:46:55] step=3500 | periodic val_greedy | mean_reward=0.839779 | top1=0.233333 | mean_regret=0.050628 | mean_cost=11.765916 || val_ucb: mean_reward=0.837273 | top1=0.255333 | mean_regret=0.050320 | mean_cost=11.765608
[10:51:06] checkpoint 已保存: /public/home/zhoucl/shiys/2cmab2/outputs/tuning_2026-04-02_problem_heads_5k_queue/ph5k_a05_e005/checkpoints/step_0004000.pt
[10:51:21] step=4000 | periodic val_greedy | mean_reward=0.841805 | top1=0.260000 | mean_regret=0.049865 | mean_cost=11.765153 || val_ucb: mean_reward=0.837277 | top1=0.286000 | mean_regret=0.053842 | mean_cost=11.769131
[10:58:06] checkpoint 已保存: /public/home/zhoucl/shiys/2cmab2/outputs/tuning_2026-04-02_problem_heads_5k_queue/ph5k_a05_e005/checkpoints/step_0004500.pt
[10:58:19] step=4500 | periodic val_greedy | mean_reward=0.842407 | top1=0.278000 | mean_regret=0.049969 | mean_cost=11.765258 || val_ucb: mean_reward=0.843701 | top1=0.301333 | mean_regret=0.050135 | mean_cost=11.765423
[11:03:19] checkpoint 已保存: /public/home/zhoucl/shiys/2cmab2/outputs/tuning_2026-04-02_problem_heads_5k_queue/ph5k_a05_e005/checkpoints/step_0005000.pt
[11:03:32] step=5000 | periodic val_greedy | mean_reward=0.844398 | top1=0.274667 | mean_regret=0.048041 | mean_cost=11.763329 || val_ucb: mean_reward=0.842957 | top1=0.272667 | mean_regret=0.049293 | mean_cost=11.764581
[11:03:32] best checkpoint 已刷新: step=5000 | metric=val_greedy.overall.mean_cost=11.763329 | path=/public/home/zhoucl/shiys/2cmab2/outputs/tuning_2026-04-02_problem_heads_5k_queue/ph5k_a05_e005/checkpoints/best.pt
[11:08:47] checkpoint 已保存: /public/home/zhoucl/shiys/2cmab2/outputs/tuning_2026-04-02_problem_heads_5k_queue/ph5k_a05_e005/checkpoints/step_0005500.pt
[11:08:59] step=5500 | periodic val_greedy | mean_reward=0.842095 | top1=0.278000 | mean_regret=0.049945 | mean_cost=11.765234 || val_ucb: mean_reward=0.845706 | top1=0.309333 | mean_regret=0.048460 | mean_cost=11.763749
