[2026-04-02 01:21:08] 顺序训练开始：schemeA -> schemeB
[2026-04-02 01:21:08] 检查 GPU 0 是否空闲...
[2026-04-02 01:21:08] 当前 GPU 0: memory.used=16516 MiB, utilization=99%
[2026-04-02 01:21:08] GPU 仍较忙，60s 后继续检查。
[2026-04-02 01:22:08] 当前 GPU 0: memory.used=17296 MiB, utilization=100%
[2026-04-02 01:22:08] GPU 仍较忙，60s 后继续检查。
[2026-04-02 01:23:08] 当前 GPU 0: memory.used=11638 MiB, utilization=99%
[2026-04-02 01:23:08] GPU 仍较忙，60s 后继续检查。
[2026-04-02 01:24:08] 当前 GPU 0: memory.used=11022 MiB, utilization=100%
[2026-04-02 01:24:08] GPU 仍较忙，60s 后继续检查。
[2026-04-02 01:25:08] 当前 GPU 0: memory.used=11598 MiB, utilization=100%
[2026-04-02 01:25:08] GPU 仍较忙，60s 后继续检查。
[2026-04-02 01:26:08] 当前 GPU 0: memory.used=11596 MiB, utilization=100%
[2026-04-02 01:26:08] GPU 仍较忙，60s 后继续检查。
[2026-04-02 01:27:08] 当前 GPU 0: memory.used=11608 MiB, utilization=100%
[2026-04-02 01:27:08] GPU 仍较忙，60s 后继续检查。
[2026-04-02 01:28:08] 当前 GPU 0: memory.used=11164 MiB, utilization=97%
[2026-04-02 01:28:08] GPU 仍较忙，60s 后继续检查。
[2026-04-02 01:29:08] 当前 GPU 0: memory.used=11608 MiB, utilization=100%
[2026-04-02 01:29:08] GPU 仍较忙，60s 后继续检查。
[2026-04-02 01:30:08] 当前 GPU 0: memory.used=11624 MiB, utilization=100%
[2026-04-02 01:30:08] GPU 仍较忙，60s 后继续检查。
[2026-04-02 01:31:08] 当前 GPU 0: memory.used=11618 MiB, utilization=100%
[2026-04-02 01:31:08] GPU 仍较忙，60s 后继续检查。
[2026-04-02 01:32:08] 当前 GPU 0: memory.used=11622 MiB, utilization=100%
[2026-04-02 01:32:08] GPU 仍较忙，60s 后继续检查。
[2026-04-02 01:33:08] 当前 GPU 0: memory.used=12302 MiB, utilization=100%
[2026-04-02 01:33:08] GPU 仍较忙，60s 后继续检查。
[2026-04-02 01:34:08] 当前 GPU 0: memory.used=11706 MiB, utilization=100%
[2026-04-02 01:34:08] GPU 仍较忙，60s 后继续检查。
[2026-04-02 01:35:08] 当前 GPU 0: memory.used=12340 MiB, utilization=100%
[2026-04-02 01:35:08] GPU 仍较忙，60s 后继续检查。
[2026-04-02 01:36:08] 当前 GPU 0: memory.used=12342 MiB, utilization=99%
[2026-04-02 01:36:08] GPU 仍较忙，60s 后继续检查。
[2026-04-02 01:37:08] 当前 GPU 0: memory.used=12352 MiB, utilization=100%
[2026-04-02 01:37:08] GPU 仍较忙，60s 后继续检查。
[2026-04-02 01:38:09] 当前 GPU 0: memory.used=11732 MiB, utilization=100%
[2026-04-02 01:38:09] GPU 仍较忙，60s 后继续检查。
[2026-04-02 01:39:09] 当前 GPU 0: memory.used=11728 MiB, utilization=100%
[2026-04-02 01:39:09] GPU 仍较忙，60s 后继续检查。
[2026-04-02 01:40:09] 当前 GPU 0: memory.used=11744 MiB, utilization=100%
[2026-04-02 01:40:09] GPU 仍较忙，60s 后继续检查。
[2026-04-02 01:41:09] 当前 GPU 0: memory.used=11742 MiB, utilization=100%
[2026-04-02 01:41:09] GPU 仍较忙，60s 后继续检查。
[2026-04-02 01:42:09] 当前 GPU 0: memory.used=10865 MiB, utilization=96%
[2026-04-02 01:42:09] GPU 仍较忙，60s 后继续检查。
[2026-04-02 01:43:09] 当前 GPU 0: memory.used=11754 MiB, utilization=100%
[2026-04-02 01:43:09] GPU 仍较忙，60s 后继续检查。
[2026-04-02 01:44:09] 当前 GPU 0: memory.used=10865 MiB, utilization=94%
[2026-04-02 01:44:09] GPU 仍较忙，60s 后继续检查。
[2026-04-02 01:45:09] 当前 GPU 0: memory.used=11764 MiB, utilization=100%
[2026-04-02 01:45:09] GPU 仍较忙，60s 后继续检查。
[2026-04-02 01:46:09] 当前 GPU 0: memory.used=11766 MiB, utilization=97%
[2026-04-02 01:46:09] GPU 仍较忙，60s 后继续检查。
[2026-04-02 01:47:09] 当前 GPU 0: memory.used=11441 MiB, utilization=82%
[2026-04-02 01:47:09] GPU 仍较忙，60s 后继续检查。
[2026-04-02 01:48:09] 当前 GPU 0: memory.used=3501 MiB, utilization=100%
[2026-04-02 01:48:09] GPU 仍较忙，60s 后继续检查。
[2026-04-02 01:49:09] 当前 GPU 0: memory.used=5728 MiB, utilization=92%
[2026-04-02 01:49:09] GPU 仍较忙，60s 后继续检查。
[2026-04-02 01:50:09] 当前 GPU 0: memory.used=10142 MiB, utilization=100%
[2026-04-02 01:50:09] GPU 仍较忙，60s 后继续检查。
[2026-04-02 01:51:09] 当前 GPU 0: memory.used=9217 MiB, utilization=95%
[2026-04-02 01:51:09] GPU 仍较忙，60s 后继续检查。
[2026-04-02 01:52:09] 当前 GPU 0: memory.used=10696 MiB, utilization=100%
[2026-04-02 01:52:09] GPU 仍较忙，60s 后继续检查。
[2026-04-02 01:53:09] 当前 GPU 0: memory.used=11246 MiB, utilization=95%
[2026-04-02 01:53:09] GPU 仍较忙，60s 后继续检查。
[2026-04-02 01:54:09] 当前 GPU 0: memory.used=11264 MiB, utilization=100%
[2026-04-02 01:54:09] GPU 仍较忙，60s 后继续检查。
[2026-04-02 01:55:09] 当前 GPU 0: memory.used=11840 MiB, utilization=100%
[2026-04-02 01:55:09] GPU 仍较忙，60s 后继续检查。
[2026-04-02 01:56:10] 当前 GPU 0: memory.used=12452 MiB, utilization=100%
[2026-04-02 01:56:10] GPU 仍较忙，60s 后继续检查。
[2026-04-02 01:57:10] 当前 GPU 0: memory.used=11848 MiB, utilization=100%
[2026-04-02 01:57:10] GPU 仍较忙，60s 后继续检查。
[2026-04-02 01:58:10] 当前 GPU 0: memory.used=11850 MiB, utilization=100%
[2026-04-02 01:58:10] GPU 仍较忙，60s 后继续检查。
[2026-04-02 01:59:10] 当前 GPU 0: memory.used=3547 MiB, utilization=100%
[2026-04-02 01:59:10] GPU 仍较忙，60s 后继续检查。
[2026-04-02 02:00:10] 当前 GPU 0: memory.used=3563 MiB, utilization=100%
[2026-04-02 02:00:10] GPU 仍较忙，60s 后继续检查。
[2026-04-02 02:01:10] 当前 GPU 0: memory.used=2586 MiB, utilization=20%
[2026-04-02 02:01:10] GPU 仍较忙，60s 后继续检查。
[2026-04-02 02:02:10] 当前 GPU 0: memory.used=3575 MiB, utilization=100%
[2026-04-02 02:02:10] GPU 仍较忙，60s 后继续检查。
[2026-04-02 02:03:10] 当前 GPU 0: memory.used=2586 MiB, utilization=24%
[2026-04-02 02:03:10] GPU 仍较忙，60s 后继续检查。
[2026-04-02 02:04:10] 当前 GPU 0: memory.used=3583 MiB, utilization=88%
[2026-04-02 02:04:10] GPU 仍较忙，60s 后继续检查。
[2026-04-02 02:05:10] 当前 GPU 0: memory.used=3585 MiB, utilization=100%
[2026-04-02 02:05:10] GPU 仍较忙，60s 后继续检查。
[2026-04-02 02:06:10] 当前 GPU 0: memory.used=2586 MiB, utilization=26%
[2026-04-02 02:06:10] GPU 仍较忙，60s 后继续检查。
[2026-04-02 02:07:10] 当前 GPU 0: memory.used=2889 MiB, utilization=38%
[2026-04-02 02:07:10] GPU 仍较忙，60s 后继续检查。
[2026-04-02 02:08:10] 当前 GPU 0: memory.used=3601 MiB, utilization=100%
[2026-04-02 02:08:10] GPU 仍较忙，60s 后继续检查。
[2026-04-02 02:09:10] 当前 GPU 0: memory.used=2935 MiB, utilization=35%
[2026-04-02 02:09:10] GPU 仍较忙，60s 后继续检查。
[2026-04-02 02:10:10] 当前 GPU 0: memory.used=3611 MiB, utilization=100%
[2026-04-02 02:10:10] GPU 仍较忙，60s 后继续检查。
[2026-04-02 02:11:10] 当前 GPU 0: memory.used=2935 MiB, utilization=25%
[2026-04-02 02:11:10] GPU 仍较忙，60s 后继续检查。
[2026-04-02 02:12:11] 当前 GPU 0: memory.used=4248 MiB, utilization=100%
[2026-04-02 02:12:11] GPU 仍较忙，60s 后继续检查。
[2026-04-02 02:13:11] 当前 GPU 0: memory.used=4244 MiB, utilization=100%
[2026-04-02 02:13:11] GPU 仍较忙，60s 后继续检查。
[2026-04-02 02:14:11] 当前 GPU 0: memory.used=4260 MiB, utilization=100%
[2026-04-02 02:14:11] GPU 仍较忙，60s 后继续检查。
[2026-04-02 02:15:11] 当前 GPU 0: memory.used=3639 MiB, utilization=83%
[2026-04-02 02:15:11] GPU 仍较忙，60s 后继续检查。
[2026-04-02 02:16:11] 当前 GPU 0: memory.used=3645 MiB, utilization=47%
[2026-04-02 02:16:11] GPU 仍较忙，60s 后继续检查。
[2026-04-02 02:17:11] 当前 GPU 0: memory.used=3649 MiB, utilization=100%
[2026-04-02 02:17:11] GPU 仍较忙，60s 后继续检查。
[2026-04-02 02:18:11] 当前 GPU 0: memory.used=3651 MiB, utilization=100%
[2026-04-02 02:18:11] GPU 仍较忙，60s 后继续检查。
[2026-04-02 02:19:11] 当前 GPU 0: memory.used=3657 MiB, utilization=100%
[2026-04-02 02:19:11] GPU 仍较忙，60s 后继续检查。
[2026-04-02 02:20:11] 当前 GPU 0: memory.used=3663 MiB, utilization=100%
[2026-04-02 02:20:11] GPU 仍较忙，60s 后继续检查。
[2026-04-02 02:21:11] 当前 GPU 0: memory.used=3677 MiB, utilization=100%
[2026-04-02 02:21:11] GPU 仍较忙，60s 后继续检查。
[2026-04-02 02:22:11] 当前 GPU 0: memory.used=2586 MiB, utilization=23%
[2026-04-02 02:22:11] GPU 仍较忙，60s 后继续检查。
[2026-04-02 02:23:11] 当前 GPU 0: memory.used=3681 MiB, utilization=100%
[2026-04-02 02:23:11] GPU 仍较忙，60s 后继续检查。
[2026-04-02 02:24:11] 当前 GPU 0: memory.used=3683 MiB, utilization=100%
[2026-04-02 02:24:11] GPU 仍较忙，60s 后继续检查。
[2026-04-02 02:25:11] 当前 GPU 0: memory.used=3683 MiB, utilization=100%
[2026-04-02 02:25:11] GPU 仍较忙，60s 后继续检查。
[2026-04-02 02:26:11] 当前 GPU 0: memory.used=3699 MiB, utilization=86%
[2026-04-02 02:26:11] GPU 仍较忙，60s 后继续检查。
[2026-04-02 02:27:11] 当前 GPU 0: memory.used=3701 MiB, utilization=100%
[2026-04-02 02:27:11] GPU 仍较忙，60s 后继续检查。
[2026-04-02 02:28:11] 当前 GPU 0: memory.used=3701 MiB, utilization=100%
[2026-04-02 02:28:11] GPU 仍较忙，60s 后继续检查。
[2026-04-02 02:29:11] 当前 GPU 0: memory.used=2586 MiB, utilization=45%
[2026-04-02 02:29:11] GPU 仍较忙，60s 后继续检查。
[2026-04-02 02:30:12] 当前 GPU 0: memory.used=3705 MiB, utilization=100%
[2026-04-02 02:30:12] GPU 仍较忙，60s 后继续检查。
[2026-04-02 02:31:12] 当前 GPU 0: memory.used=3721 MiB, utilization=81%
[2026-04-02 02:31:12] GPU 仍较忙，60s 后继续检查。
[2026-04-02 02:32:12] 当前 GPU 0: memory.used=3725 MiB, utilization=100%
[2026-04-02 02:32:12] GPU 仍较忙，60s 后继续检查。
[2026-04-02 02:33:12] 当前 GPU 0: memory.used=3725 MiB, utilization=82%
[2026-04-02 02:33:12] GPU 仍较忙，60s 后继续检查。
[2026-04-02 02:34:12] 当前 GPU 0: memory.used=3857 MiB, utilization=100%
[2026-04-02 02:34:12] GPU 仍较忙，60s 后继续检查。
[2026-04-02 02:35:12] 当前 GPU 0: memory.used=3861 MiB, utilization=100%
[2026-04-02 02:35:12] GPU 仍较忙，60s 后继续检查。
[2026-04-02 02:36:12] 当前 GPU 0: memory.used=2586 MiB, utilization=49%
[2026-04-02 02:36:12] GPU 仍较忙，60s 后继续检查。
[2026-04-02 02:37:12] 当前 GPU 0: memory.used=3871 MiB, utilization=100%
[2026-04-02 02:37:12] GPU 仍较忙，60s 后继续检查。
[2026-04-02 02:38:12] 当前 GPU 0: memory.used=3753 MiB, utilization=100%
[2026-04-02 02:38:12] GPU 仍较忙，60s 后继续检查。
[2026-04-02 02:39:12] 当前 GPU 0: memory.used=3753 MiB, utilization=99%
[2026-04-02 02:39:12] GPU 仍较忙，60s 后继续检查。
[2026-04-02 02:40:12] 当前 GPU 0: memory.used=3757 MiB, utilization=85%
[2026-04-02 02:40:12] GPU 仍较忙，60s 后继续检查。
[2026-04-02 02:41:12] 当前 GPU 0: memory.used=3205 MiB, utilization=95%
[2026-04-02 02:41:12] GPU 仍较忙，60s 后继续检查。
[2026-04-02 02:42:12] 当前 GPU 0: memory.used=4390 MiB, utilization=100%
[2026-04-02 02:42:12] GPU 仍较忙，60s 后继续检查。
[2026-04-02 02:43:12] 当前 GPU 0: memory.used=4378 MiB, utilization=100%
[2026-04-02 02:43:12] GPU 仍较忙，60s 后继续检查。
[2026-04-02 02:44:12] 当前 GPU 0: memory.used=4400 MiB, utilization=100%
[2026-04-02 02:44:12] GPU 仍较忙，60s 后继续检查。
[2026-04-02 02:45:12] 当前 GPU 0: memory.used=4398 MiB, utilization=100%
[2026-04-02 02:45:12] GPU 仍较忙，60s 后继续检查。
[2026-04-02 02:46:12] 当前 GPU 0: memory.used=3789 MiB, utilization=80%
[2026-04-02 02:46:12] GPU 仍较忙，60s 后继续检查。
[2026-04-02 02:47:12] 当前 GPU 0: memory.used=3789 MiB, utilization=100%
[2026-04-02 02:47:12] GPU 仍较忙，60s 后继续检查。
[2026-04-02 02:48:13] 当前 GPU 0: memory.used=3789 MiB, utilization=100%
[2026-04-02 02:48:13] GPU 仍较忙，60s 后继续检查。
[2026-04-02 02:49:13] 当前 GPU 0: memory.used=3805 MiB, utilization=76%
[2026-04-02 02:49:13] GPU 仍较忙，60s 后继续检查。
[2026-04-02 02:50:13] 当前 GPU 0: memory.used=3801 MiB, utilization=100%
[2026-04-02 02:50:13] GPU 仍较忙，60s 后继续检查。
[2026-04-02 02:51:13] 当前 GPU 0: memory.used=3799 MiB, utilization=100%
[2026-04-02 02:51:13] GPU 仍较忙，60s 后继续检查。
[2026-04-02 02:52:13] 当前 GPU 0: memory.used=3811 MiB, utilization=100%
[2026-04-02 02:52:13] GPU 仍较忙，60s 后继续检查。
[2026-04-02 02:53:13] 当前 GPU 0: memory.used=3813 MiB, utilization=100%
[2026-04-02 02:53:13] GPU 仍较忙，60s 后继续检查。
[2026-04-02 02:54:13] 当前 GPU 0: memory.used=3821 MiB, utilization=100%
[2026-04-02 02:54:13] GPU 仍较忙，60s 后继续检查。
[2026-04-02 02:55:13] 当前 GPU 0: memory.used=3821 MiB, utilization=100%
[2026-04-02 02:55:13] GPU 仍较忙，60s 后继续检查。
[2026-04-02 02:56:13] 当前 GPU 0: memory.used=3819 MiB, utilization=100%
[2026-04-02 02:56:13] GPU 仍较忙，60s 后继续检查。
[2026-04-02 02:57:13] 当前 GPU 0: memory.used=3833 MiB, utilization=83%
[2026-04-02 02:57:13] GPU 仍较忙，60s 后继续检查。
[2026-04-02 02:58:13] 当前 GPU 0: memory.used=2586 MiB, utilization=26%
[2026-04-02 02:58:13] GPU 仍较忙，60s 后继续检查。
[2026-04-02 02:59:13] 当前 GPU 0: memory.used=2586 MiB, utilization=22%
[2026-04-02 02:59:13] GPU 仍较忙，60s 后继续检查。
[2026-04-02 03:00:13] 当前 GPU 0: memory.used=3843 MiB, utilization=100%
[2026-04-02 03:00:13] GPU 仍较忙，60s 后继续检查。
[2026-04-02 03:01:13] 当前 GPU 0: memory.used=3853 MiB, utilization=100%
[2026-04-02 03:01:13] GPU 仍较忙，60s 后继续检查。
[2026-04-02 03:02:13] 当前 GPU 0: memory.used=3843 MiB, utilization=100%
[2026-04-02 03:02:13] GPU 仍较忙，60s 后继续检查。
[2026-04-02 03:03:13] 当前 GPU 0: memory.used=3859 MiB, utilization=73%
[2026-04-02 03:03:13] GPU 仍较忙，60s 后继续检查。
[2026-04-02 03:04:13] 当前 GPU 0: memory.used=3857 MiB, utilization=100%
[2026-04-02 03:04:13] GPU 仍较忙，60s 后继续检查。
[2026-04-02 03:05:13] 当前 GPU 0: memory.used=2961 MiB, utilization=23%
[2026-04-02 03:05:13] GPU 仍较忙，60s 后继续检查。
[2026-04-02 03:06:14] 当前 GPU 0: memory.used=1296 MiB, utilization=99%
[2026-04-02 03:06:14] GPU 仍较忙，60s 后继续检查。
[2026-04-02 03:07:14] 当前 GPU 0: memory.used=308 MiB, utilization=2%
[2026-04-02 03:07:14] GPU 0 已达到启动阈值，开始训练。
[2026-04-02 03:07:14] 开始训练 schemeA
