wandb: Tracking run with wandb version 0.19.11
wandb: W&B syncing is set to `offline` in this directory. Run `wandb online` or set WANDB_MODE=online to enable cloud syncing.
[start] geometry_seed3 updates=1000 batch=640 optimizer=fresh base_frozen=True base_lr=0 geometry_lr=2e-4 model_hash=a514fd32be670c4c79f564887321f6ab3c8bfaaac37ba00460d30c6030af43d8
[train updates 0000] top1=0.3934 ce=1.533871 mean_cost=8.008346 vs_sbs=-0.4963% regret=0.6373% expected_regret=0.9589% gap>0.1_top1=0.4190 gap>0.5_top1=0.4773
[val updates 0000] top1=0.3630 ce=1.657517 mean_cost=7.917969 vs_sbs=-0.5006% regret=0.6118% expected_regret=0.9326% gap>0.1_top1=0.3893 gap>0.5_top1=0.4360
[train updates 0050] loss=0.61090 grad=0.1041 skipped_total=0 lr_geometry=0.0002 elapsed=15.4s
[train updates 0050] top1=0.3942 ce=1.530952 mean_cost=8.008195 vs_sbs=-0.4981% regret=0.6362% expected_regret=0.9530% gap>0.1_top1=0.4206 gap>0.5_top1=0.4776
[val updates 0050] top1=0.3640 ce=1.652426 mean_cost=7.917287 vs_sbs=-0.5091% regret=0.6059% expected_regret=0.9269% gap>0.1_top1=0.3906 gap>0.5_top1=0.4360
[train updates 0100] loss=0.60855 grad=0.1189 skipped_total=0 lr_geometry=0.000199 elapsed=30.3s
[train updates 0100] top1=0.3958 ce=1.527753 mean_cost=8.008049 vs_sbs=-0.4999% regret=0.6340% expected_regret=0.9512% gap>0.1_top1=0.4223 gap>0.5_top1=0.4789
[val updates 0100] top1=0.3680 ce=1.652192 mean_cost=7.917657 vs_sbs=-0.5045% regret=0.6122% expected_regret=0.9270% gap>0.1_top1=0.3945 gap>0.5_top1=0.4394
[train updates 0150] loss=0.60752 grad=0.1214 skipped_total=0 lr_geometry=0.000195 elapsed=45.2s
[train updates 0150] top1=0.3968 ce=1.526198 mean_cost=8.008054 vs_sbs=-0.4999% regret=0.6329% expected_regret=0.9457% gap>0.1_top1=0.4229 gap>0.5_top1=0.4789
[val updates 0150] top1=0.3690 ce=1.649928 mean_cost=7.917896 vs_sbs=-0.5015% regret=0.6174% expected_regret=0.9217% gap>0.1_top1=0.3945 gap>0.5_top1=0.4429
[train updates 0200] loss=0.60760 grad=0.1218 skipped_total=0 lr_geometry=0.000189 elapsed=60.1s
[train updates 0200] top1=0.3967 ce=1.524951 mean_cost=8.008292 vs_sbs=-0.4969% regret=0.6366% expected_regret=0.9449% gap>0.1_top1=0.4224 gap>0.5_top1=0.4782
[val updates 0200] top1=0.3710 ce=1.649161 mean_cost=7.917524 vs_sbs=-0.5062% regret=0.6116% expected_regret=0.9206% gap>0.1_top1=0.3958 gap>0.5_top1=0.4498
[train updates 0250] loss=0.60594 grad=0.1297 skipped_total=0 lr_geometry=0.000181 elapsed=75.0s
[train updates 0250] top1=0.3967 ce=1.524197 mean_cost=8.008395 vs_sbs=-0.4956% regret=0.6385% expected_regret=0.9435% gap>0.1_top1=0.4217 gap>0.5_top1=0.4770
[val updates 0250] top1=0.3760 ce=1.648976 mean_cost=7.917858 vs_sbs=-0.5020% regret=0.6183% expected_regret=0.9207% gap>0.1_top1=0.3984 gap>0.5_top1=0.4498
[train updates 0300] loss=0.60707 grad=0.1351 skipped_total=0 lr_geometry=0.000171 elapsed=89.9s
[train updates 0300] top1=0.3971 ce=1.522795 mean_cost=8.007940 vs_sbs=-0.5013% regret=0.6307% expected_regret=0.9407% gap>0.1_top1=0.4229 gap>0.5_top1=0.4776
[val updates 0300] top1=0.3730 ce=1.648761 mean_cost=7.917395 vs_sbs=-0.5078% regret=0.6083% expected_regret=0.9171% gap>0.1_top1=0.3997 gap>0.5_top1=0.4533
[train updates 0350] loss=0.60597 grad=0.1324 skipped_total=0 lr_geometry=0.000159 elapsed=104.7s
[train updates 0350] top1=0.3969 ce=1.521123 mean_cost=8.007725 vs_sbs=-0.5040% regret=0.6288% expected_regret=0.9440% gap>0.1_top1=0.4225 gap>0.5_top1=0.4801
[val updates 0350] top1=0.3800 ce=1.651376 mean_cost=7.917487 vs_sbs=-0.5066% regret=0.6080% expected_regret=0.9231% gap>0.1_top1=0.4010 gap>0.5_top1=0.4533
[train updates 0400] loss=0.60560 grad=0.1348 skipped_total=0 lr_geometry=0.000146 elapsed=119.7s
[train updates 0400] top1=0.3970 ce=1.520895 mean_cost=8.008332 vs_sbs=-0.4964% regret=0.6375% expected_regret=0.9418% gap>0.1_top1=0.4225 gap>0.5_top1=0.4767
[val updates 0400] top1=0.3760 ce=1.649022 mean_cost=7.917972 vs_sbs=-0.5005% regret=0.6172% expected_regret=0.9199% gap>0.1_top1=0.4010 gap>0.5_top1=0.4533
[train updates 0450] loss=0.60500 grad=0.1323 skipped_total=0 lr_geometry=0.000132 elapsed=134.6s
[train updates 0450] top1=0.3967 ce=1.519792 mean_cost=8.008094 vs_sbs=-0.4994% regret=0.6338% expected_regret=0.9416% gap>0.1_top1=0.4225 gap>0.5_top1=0.4779
[val updates 0450] top1=0.3770 ce=1.648245 mean_cost=7.918773 vs_sbs=-0.4905% regret=0.6271% expected_regret=0.9207% gap>0.1_top1=0.3997 gap>0.5_top1=0.4533
[train updates 0500] loss=0.60471 grad=0.1333 skipped_total=0 lr_geometry=0.000117 elapsed=149.5s
[train updates 0500] top1=0.3974 ce=1.519695 mean_cost=8.007888 vs_sbs=-0.5020% regret=0.6302% expected_regret=0.9362% gap>0.1_top1=0.4230 gap>0.5_top1=0.4785
[val updates 0500] top1=0.3770 ce=1.649050 mean_cost=7.917338 vs_sbs=-0.5085% regret=0.6069% expected_regret=0.9146% gap>0.1_top1=0.4010 gap>0.5_top1=0.4533
[train updates 0550] loss=0.60532 grad=0.1317 skipped_total=0 lr_geometry=0.000103 elapsed=164.4s
[train updates 0550] top1=0.3969 ce=1.519360 mean_cost=8.007851 vs_sbs=-0.5024% regret=0.6301% expected_regret=0.9363% gap>0.1_top1=0.4221 gap>0.5_top1=0.4776
[val updates 0550] top1=0.3780 ce=1.648274 mean_cost=7.917370 vs_sbs=-0.5081% regret=0.6050% expected_regret=0.9152% gap>0.1_top1=0.3997 gap>0.5_top1=0.4533
[train updates 0600] loss=0.60329 grad=0.1367 skipped_total=0 lr_geometry=8.79e-05 elapsed=179.3s
[train updates 0600] top1=0.3974 ce=1.518515 mean_cost=8.007874 vs_sbs=-0.5021% regret=0.6310% expected_regret=0.9378% gap>0.1_top1=0.4226 gap>0.5_top1=0.4798
[val updates 0600] top1=0.3790 ce=1.650392 mean_cost=7.918086 vs_sbs=-0.4991% regret=0.6183% expected_regret=0.9173% gap>0.1_top1=0.4010 gap>0.5_top1=0.4533
[train updates 0650] loss=0.60320 grad=0.1332 skipped_total=0 lr_geometry=7.38e-05 elapsed=194.1s
[train updates 0650] top1=0.3974 ce=1.518284 mean_cost=8.007958 vs_sbs=-0.5011% regret=0.6316% expected_regret=0.9367% gap>0.1_top1=0.4220 gap>0.5_top1=0.4773
[val updates 0650] top1=0.3790 ce=1.650214 mean_cost=7.917467 vs_sbs=-0.5069% regret=0.6059% expected_regret=0.9159% gap>0.1_top1=0.4024 gap>0.5_top1=0.4567
[train updates 0700] loss=0.60487 grad=0.1303 skipped_total=0 lr_geometry=6.08e-05 elapsed=209.0s
[train updates 0700] top1=0.3978 ce=1.517932 mean_cost=8.007693 vs_sbs=-0.5044% regret=0.6284% expected_regret=0.9357% gap>0.1_top1=0.4223 gap>0.5_top1=0.4792
[val updates 0700] top1=0.3770 ce=1.650593 mean_cost=7.918891 vs_sbs=-0.4890% regret=0.6271% expected_regret=0.9157% gap>0.1_top1=0.3984 gap>0.5_top1=0.4498
[train updates 0750] loss=0.60365 grad=0.1386 skipped_total=0 lr_geometry=4.9e-05 elapsed=223.9s
[train updates 0750] top1=0.3974 ce=1.517681 mean_cost=8.007808 vs_sbs=-0.5029% regret=0.6297% expected_regret=0.9366% gap>0.1_top1=0.4224 gap>0.5_top1=0.4779
[val updates 0750] top1=0.3780 ce=1.650008 mean_cost=7.917741 vs_sbs=-0.5034% regret=0.6087% expected_regret=0.9163% gap>0.1_top1=0.3997 gap>0.5_top1=0.4567
[train updates 0800] loss=0.60403 grad=0.1387 skipped_total=0 lr_geometry=3.9e-05 elapsed=238.8s
[train updates 0800] top1=0.3972 ce=1.517652 mean_cost=8.007769 vs_sbs=-0.5034% regret=0.6289% expected_regret=0.9345% gap>0.1_top1=0.4224 gap>0.5_top1=0.4779
[val updates 0800] top1=0.3760 ce=1.650254 mean_cost=7.917835 vs_sbs=-0.5022% regret=0.6109% expected_regret=0.9141% gap>0.1_top1=0.3997 gap>0.5_top1=0.4533
[train updates 0850] loss=0.60309 grad=0.1382 skipped_total=0 lr_geometry=3.08e-05 elapsed=253.7s
[train updates 0850] top1=0.3968 ce=1.517436 mean_cost=8.007869 vs_sbs=-0.5022% regret=0.6305% expected_regret=0.9355% gap>0.1_top1=0.4220 gap>0.5_top1=0.4776
[val updates 0850] top1=0.3790 ce=1.650283 mean_cost=7.917654 vs_sbs=-0.5045% regret=0.6078% expected_regret=0.9156% gap>0.1_top1=0.3997 gap>0.5_top1=0.4533
[train updates 0900] loss=0.60378 grad=0.1382 skipped_total=0 lr_geometry=2.49e-05 elapsed=268.6s
[train updates 0900] top1=0.3968 ce=1.517322 mean_cost=8.007824 vs_sbs=-0.5027% regret=0.6297% expected_regret=0.9353% gap>0.1_top1=0.4219 gap>0.5_top1=0.4776
[val updates 0900] top1=0.3790 ce=1.650145 mean_cost=7.917441 vs_sbs=-0.5072% regret=0.6057% expected_regret=0.9150% gap>0.1_top1=0.4024 gap>0.5_top1=0.4567
[train updates 0950] loss=0.60240 grad=0.1346 skipped_total=0 lr_geometry=2.12e-05 elapsed=283.5s
[train updates 0950] top1=0.3971 ce=1.517264 mean_cost=8.007814 vs_sbs=-0.5029% regret=0.6294% expected_regret=0.9349% gap>0.1_top1=0.4223 gap>0.5_top1=0.4782
[val updates 0950] top1=0.3790 ce=1.650033 mean_cost=7.917700 vs_sbs=-0.5039% regret=0.6086% expected_regret=0.9144% gap>0.1_top1=0.4024 gap>0.5_top1=0.4533
[train updates 1000] loss=0.60418 grad=0.1382 skipped_total=0 lr_geometry=2e-05 elapsed=298.3s
[train updates 1000] top1=0.3970 ce=1.517238 mean_cost=8.007834 vs_sbs=-0.5026% regret=0.6299% expected_regret=0.9350% gap>0.1_top1=0.4217 gap>0.5_top1=0.4776
[val updates 1000] top1=0.3780 ce=1.649680 mean_cost=7.917357 vs_sbs=-0.5083% regret=0.6053% expected_regret=0.9143% gap>0.1_top1=0.4010 gap>0.5_top1=0.4567
wandb:                                                                                
wandb: 
wandb: Run history:
wandb:            train/actual_regret_pct ▇▆▅▄▇█▃▁▇▅▂▂▃▃▁▂▁▃▂▂▂
wandb:                           train/ce █▇▅▅▄▄▃▃▃▂▂▂▂▁▁▁▁▁▁▁▁
wandb:           train/expected_mean_cost █▆▆▄▄▃▃▄▃▃▂▂▂▂▁▂▁▁▁▁▁
wandb:          train/expected_regret_pct █▆▆▄▄▄▃▄▃▃▁▁▂▂▁▂▁▁▁▁▁
wandb: train/gap_gt_0_1_actual_regret_pct ▆█▅▄▇▇▂▁▇▄▁▂▂▃▁▂▁▂▂▁▂
wandb:              train/gap_gt_0_1_top1 ▁▄▇█▇▆█▇▇▇█▆▇▆▇▇▇▆▆▇▆
wandb: train/gap_gt_0_5_actual_regret_pct ▆▆▅▃▅▇▄▁█▅▂▃▃▄▂▃▃▄▂▃▃
wandb:              train/gap_gt_0_5_top1 ▂▃▅▅▄▂▃█▁▄▅▃▇▂▆▄▄▃▃▄▃
wandb:                    train/mean_cost █▆▅▅▇█▃▁▇▅▃▃▃▄▁▂▂▃▂▂▂
wandb:                         train/top1 ▁▂▅▆▆▆▇▇▇▆▇▇▇▇█▇▇▆▆▇▇
wandb:                   train/vs_sbs_pct █▆▅▅▇█▃▁▇▅▃▃▃▄▁▂▂▃▂▂▂
wandb:              val/actual_regret_pct ▃▁▃▅▃▅▂▂▅█▂▁▅▁█▂▃▂▁▂▁
wandb:                             val/ce █▄▄▂▂▂▁▃▂▁▂▁▃▂▃▂▃▃▂▂▂
wandb:             val/expected_mean_cost █▆▆▄▄▃▃▄▃▃▁▁▂▂▁▂▁▁▁▁▁
wandb:            val/expected_regret_pct █▆▆▄▃▄▂▄▃▄▁▁▂▂▂▂▁▂▁▁▁
wandb:   val/gap_gt_0_1_actual_regret_pct ▆▃▅▇▅▅▃▁▃▇▃▄▄▃█▄▄▄▃▄▂
wandb:                val/gap_gt_0_1_top1 ▁▂▄▄▄▆▇▇▇▇▇▇▇█▆▇▇▇██▇
wandb:   val/gap_gt_0_5_actual_regret_pct ▂▂▅█▅▆▆▁▅▇▅▄▅▄▇▄▅▅▃▅▃
wandb:                val/gap_gt_0_5_top1 ▁▁▂▃▆▆▇▇▇▇▇▇▇█▆█▇▇█▇█
wandb:                      val/mean_cost ▄▁▃▄▂▃▁▂▄▇▁▁▄▂█▃▃▃▂▃▁
wandb:                           val/top1 ▁▁▃▃▄▆▅█▆▇▇▇██▇▇▆███▇
wandb:                     val/vs_sbs_pct ▄▁▃▄▂▃▁▂▄▇▁▁▄▂█▃▃▃▂▃▁
wandb: 
wandb: Run summary:
wandb:                     final_val_top1 0.378
wandb:            train/actual_regret_pct 0.62994
wandb:                           train/ce 1.51724
wandb:           train/expected_mean_cost 8.03108
wandb:          train/expected_regret_pct 0.93502
wandb: train/gap_gt_0_1_actual_regret_pct 0.71099
wandb:              train/gap_gt_0_1_top1 0.42175
wandb: train/gap_gt_0_5_actual_regret_pct 0.88472
wandb:              train/gap_gt_0_5_top1 0.47761
wandb:                    train/mean_cost 8.00783
wandb:                         train/top1 0.397
wandb:                   train/vs_sbs_pct -0.50261
wandb:                            updates 1000
wandb:              val/actual_regret_pct 0.60533
wandb:                             val/ce 1.64968
wandb:             val/expected_mean_cost 7.93983
wandb:            val/expected_regret_pct 0.91432
wandb:   val/gap_gt_0_1_actual_regret_pct 0.70604
wandb:                val/gap_gt_0_1_top1 0.40105
wandb:   val/gap_gt_0_5_actual_regret_pct 0.91368
wandb:                val/gap_gt_0_5_top1 0.45675
wandb:                      val/mean_cost 7.91736
wandb:                           val/top1 0.378
wandb:                     val/vs_sbs_pct -0.50825
wandb: 
wandb: You can sync this run to the cloud by running:
wandb: wandb sync code/V4/runs/R38_tsp_frozen_geometry/geometry_seed3/wandb/offline-run-20260930_161909-e1a20h0y
wandb: Find logs at: code/V4/runs/R38_tsp_frozen_geometry/geometry_seed3/wandb/offline-run-20260930_161909-e1a20h0y/logs
[done] geometry_seed3 updates=1000 val_top1=0.3780
