[R46A] 2026-10-09T16:23:47+08:00 on gpu03; only GPU GPU-cb24f168-9f18-f0d5-6f4a-6d2406958f50; R46B disabled
----------------------------------------------------------------------
Ran 9 tests in 1.515s

OK
[cache] TSP/train: 10000 instances, 45.0 MiB on cuda:0
[cache] CVRP/train: 10000 instances, 83.3 MiB on cuda:0
[cache] ATSP/train: 10000 instances, 384.5 MiB on cuda:0
[cache] OVRP/train: 10000 instances, 33.9 MiB on cuda:0
[cache] VRPB/train: 10000 instances, 33.9 MiB on cuda:0
[cache] VRPL/train: 10000 instances, 33.9 MiB on cuda:0
[cache] VRPTW/train: 10000 instances, 33.9 MiB on cuda:0
[cache] OVRPTW/train: 10000 instances, 33.9 MiB on cuda:0
[cache] OVRPB/train: 10000 instances, 33.9 MiB on cuda:0
[cache] OVRPL/train: 10000 instances, 33.9 MiB on cuda:0
[cache] VRPBL/train: 10000 instances, 33.9 MiB on cuda:0
[cache] VRPBTW/train: 10000 instances, 33.9 MiB on cuda:0
[cache] VRPLTW/train: 10000 instances, 33.9 MiB on cuda:0
[cache] OVRPBL/train: 10000 instances, 33.9 MiB on cuda:0
[cache] OVRPBTW/train: 10000 instances, 33.9 MiB on cuda:0
[cache] OVRPLTW/train: 10000 instances, 33.9 MiB on cuda:0
[cache] VRPBLTW/train: 10000 instances, 33.9 MiB on cuda:0
[cache] OVRPBLTW/train: 10000 instances, 33.9 MiB on cuda:0
[cache] TSP/val: 1000 instances, 4.5 MiB on cuda:0
[cache] CVRP/val: 1000 instances, 8.3 MiB on cuda:0
[cache] ATSP/val: 1000 instances, 38.4 MiB on cuda:0
[cache] OVRP/val: 1000 instances, 3.4 MiB on cuda:0
[cache] VRPB/val: 1000 instances, 3.4 MiB on cuda:0
[cache] VRPL/val: 1000 instances, 3.4 MiB on cuda:0
[cache] VRPTW/val: 1000 instances, 3.4 MiB on cuda:0
[cache] OVRPTW/val: 1000 instances, 3.4 MiB on cuda:0
[cache] OVRPB/val: 1000 instances, 3.4 MiB on cuda:0
[cache] OVRPL/val: 1000 instances, 3.4 MiB on cuda:0
[cache] VRPBL/val: 1000 instances, 3.4 MiB on cuda:0
[cache] VRPBTW/val: 1000 instances, 3.4 MiB on cuda:0
[cache] VRPLTW/val: 1000 instances, 3.4 MiB on cuda:0
[cache] OVRPBL/val: 1000 instances, 3.4 MiB on cuda:0
[cache] OVRPBTW/val: 1000 instances, 3.4 MiB on cuda:0
[cache] OVRPLTW/val: 1000 instances, 3.4 MiB on cuda:0
[cache] VRPBLTW/val: 1000 instances, 3.4 MiB on cuda:0
[cache] OVRPBLTW/val: 1000 instances, 3.4 MiB on cuda:0
[source packages] {"token_counts": {"BQ": 4, "DIFUSCO": 4, "DIFUSCO500": 4, "ELG": 4, "GLOP": 4, "ICAM": 4, "ICAM_ATSP": 4, "LEHD": 4, "MATNET": 4, "MATPOENET": 4, "MTPOMO": 4, "MVMOE": 8, "MoSES_CaDA": 4, "MoSES_RF": 4, "OMNI": 8, "RELD_CVRP": 4, "RELD_MOEL": 4, "RELD_MTL": 4, "RouteFinder": 4, "T2T": 4, "T2T500": 4, "UNICO_MatPOENet": 8}, "global_slots": 8, "identical_packages": [["DIFUSCO", "DIFUSCO500"], ["T2T", "T2T500"]], "identical_in_pool": {"TSP": [["DIFUSCO", "DIFUSCO500"], ["T2T", "T2T500"]]}, "limitation": "Identical role/vector packages cannot be distinguished without solver-specific inputs; exact score ties use ascending global solver ID. No identity or position is added."}
[preflight] {"problem": "TSP", "batch": 128, "max_nodes": 499, "seconds": 0.6971104331314564, "gradients": {"solver_encoder.projection": 56.07255935668945, "source_pool": 1.475795865058899, "joint_layers": 29.150320053100586, "instance_encoder": 16.98627281188965}, "loss": 1.0233564376831055, "kl": 0.002254593651741743, "ce": 2.0793211460113525, "cmp": 0.693802535533905, "risk": 2.598701238632202, "true3": 0.6938408613204956, "pred3": 0.6940822005271912, "all_pairs": 0.693446159362793, "grad_norm": 0.3209017515182495, "skipped": 0, "peak_memory_gib": 9.014112949371338}
[preflight] {"problem": "CVRP", "batch": 128, "max_nodes": 500, "seconds": 0.23355986177921295, "gradients": {"solver_encoder.projection": 100.46000671386719, "source_pool": 3.488753080368042, "joint_layers": 42.47322082519531, "instance_encoder": 24.466676712036133}, "loss": 1.2744237184524536, "kl": 0.002319660969078541, "ce": 2.321117401123047, "cmp": 0.6968779563903809, "risk": 10.865669250488281, "true3": 0.6940516233444214, "pred3": 0.6958369016647339, "all_pairs": 0.7035716772079468, "grad_norm": 0.54776930809021, "skipped": 0, "peak_memory_gib": 9.09941291809082}
[preflight] {"problem": "ATSP", "batch": 128, "max_nodes": 100, "seconds": 0.07145202904939651, "gradients": {"solver_encoder.projection": 105.0156478881836, "source_pool": 2.9777817726135254, "joint_layers": 43.93257141113281, "instance_encoder": 24.426937103271484}, "loss": 1.025039553642273, "kl": 0.0019137380877509713, "ce": 1.5960242748260498, "cmp": 0.6896155476570129, "risk": 11.219786643981934, "true3": 0.6874444484710693, "pred3": 0.6917662620544434, "all_pairs": 0.6918070912361145, "grad_norm": 0.5695011615753174, "skipped": 0, "peak_memory_gib": 3.518399715423584}
[preflight] {"problem": "OVRPTW", "batch": 128, "max_nodes": 101, "seconds": 0.06163823790848255, "gradients": {"solver_encoder.projection": 135.4635772705078, "source_pool": 4.392810821533203, "joint_layers": 67.60344696044922, "instance_encoder": 40.48615646362305}, "loss": 1.374541163444519, "kl": 0.002082384657114744, "ce": 1.9362664222717285, "cmp": 0.6892017126083374, "risk": 22.744922637939453, "true3": 0.6872326731681824, "pred3": 0.6915189027786255, "all_pairs": 0.6908226609230042, "grad_norm": 0.816265344619751, "skipped": 0, "peak_memory_gib": 3.579312324523926}
wandb: Tracking run with wandb version 0.19.11
wandb: W&B syncing is set to `offline` in this directory. Run `wandb online` or set WANDB_MODE=online to enable cloud syncing.
[R46A initial val] macro_top1=0.0878 top2=0.1887 top3=0.2241 vs_sbs=+13.001% vbs_closed=-1158.98%
       TSP: top1=0.066 mean_cost=8.0894 (sbs=7.9578) vs_sbs=+1.65%
      CVRP: top1=0.040 mean_cost=20.6096 (sbs=18.2943) vs_sbs=+12.66%
      ATSP: top1=0.139 mean_cost=2.3231 (sbs=1.6735) vs_sbs=+38.82%
      OVRP: top1=0.302 mean_cost=7.4617 (sbs=7.4617) vs_sbs=+0.00%
      VRPB: top1=0.000 mean_cost=11.3627 (sbs=9.3403) vs_sbs=+21.65%
      VRPL: top1=0.276 mean_cost=12.4085 (sbs=12.4072) vs_sbs=+0.01%
     VRPTW: top1=0.169 mean_cost=18.6571 (sbs=18.6571) vs_sbs=+0.00%
    OVRPTW: top1=0.000 mean_cost=12.0392 (sbs=10.0484) vs_sbs=+19.81%
     OVRPB: top1=0.002 mean_cost=7.4675 (sbs=6.3220) vs_sbs=+18.12%
     OVRPL: top1=0.334 mean_cost=7.4376 (sbs=7.4376) vs_sbs=+0.00%
     VRPBL: top1=0.000 mean_cost=11.3467 (sbs=9.3593) vs_sbs=+21.23%
    VRPBTW: top1=0.080 mean_cost=20.6275 (sbs=19.6697) vs_sbs=+4.87%
    VRPLTW: top1=0.118 mean_cost=18.6120 (sbs=18.5091) vs_sbs=+0.56%
    OVRPBL: top1=0.000 mean_cost=7.4775 (sbs=6.3103) vs_sbs=+18.50%
   OVRPBTW: top1=0.000 mean_cost=13.1946 (sbs=10.5068) vs_sbs=+25.58%
   OVRPLTW: top1=0.000 mean_cost=12.0771 (sbs=10.1272) vs_sbs=+19.25%
   VRPBLTW: top1=0.054 mean_cost=20.8206 (sbs=19.5198) vs_sbs=+6.66%
  OVRPBLTW: top1=0.001 mean_cost=13.1379 (sbs=10.5412) vs_sbs=+24.63%
[epoch 1] update=180/1422 total=180 loss=1.18196 KL=0.00214 lr=4.2e-06 samples/s=1910
[epoch 1] update=360/1422 total=360 loss=1.11163 KL=0.00424 lr=8.4e-06 samples/s=1905
[epoch 1] update=540/1422 total=540 loss=1.04949 KL=0.00724 lr=1.3e-05 samples/s=1904
[epoch 1] update=720/1422 total=720 loss=1.01599 KL=0.00923 lr=1.7e-05 samples/s=1900
[epoch 1] update=900/1422 total=900 loss=0.99611 KL=0.01044 lr=2.1e-05 samples/s=1898
[epoch 1] update=1080/1422 total=1080 loss=0.98056 KL=0.01114 lr=2.5e-05 samples/s=1898
[epoch 1] update=1260/1422 total=1260 loss=0.96121 KL=0.01161 lr=3e-05 samples/s=1897
[epoch 1] update=1422/1422 total=1422 loss=0.94212 KL=0.01220 lr=3.3e-05 samples/s=1880
[R46A val epoch 1] macro_top1=0.4109 top2=0.7354 top3=0.8392 vs_sbs=+0.013% vbs_closed=-1.87%
       TSP: top1=0.297 mean_cost=7.9953 (sbs=7.9578) vs_sbs=+0.47%
      CVRP: top1=0.223 mean_cost=18.3296 (sbs=18.2943) vs_sbs=+0.19%
      ATSP: top1=0.684 mean_cost=1.6400 (sbs=1.6735) vs_sbs=-2.00%
      OVRP: top1=0.327 mean_cost=7.4676 (sbs=7.4617) vs_sbs=+0.08%
      VRPB: top1=0.504 mean_cost=9.3403 (sbs=9.3403) vs_sbs=+0.00%
      VRPL: top1=0.283 mean_cost=12.4072 (sbs=12.4072) vs_sbs=+0.00%
     VRPTW: top1=0.236 mean_cost=18.8505 (sbs=18.6571) vs_sbs=+1.04%
    OVRPTW: top1=0.476 mean_cost=10.0484 (sbs=10.0484) vs_sbs=+0.00%
     OVRPB: top1=0.545 mean_cost=6.3220 (sbs=6.3220) vs_sbs=+0.00%
     OVRPL: top1=0.333 mean_cost=7.4458 (sbs=7.4376) vs_sbs=+0.11%
     VRPBL: top1=0.528 mean_cost=9.3593 (sbs=9.3593) vs_sbs=+0.00%
    VRPBTW: top1=0.372 mean_cost=19.6697 (sbs=19.6697) vs_sbs=+0.00%
    VRPLTW: top1=0.257 mean_cost=18.5770 (sbs=18.5091) vs_sbs=+0.37%
    OVRPBL: top1=0.558 mean_cost=6.3093 (sbs=6.3103) vs_sbs=-0.01%
   OVRPBTW: top1=0.461 mean_cost=10.5068 (sbs=10.5068) vs_sbs=+0.00%
   OVRPLTW: top1=0.494 mean_cost=10.1272 (sbs=10.1272) vs_sbs=+0.00%
   VRPBLTW: top1=0.347 mean_cost=19.5198 (sbs=19.5198) vs_sbs=+0.00%
  OVRPBLTW: top1=0.471 mean_cost=10.5412 (sbs=10.5412) vs_sbs=+0.00%
[epoch 2] update=180/1422 total=1602 loss=0.73658 KL=0.01928 lr=3.8e-05 samples/s=1892
[epoch 2] update=360/1422 total=1782 loss=0.72769 KL=0.01811 lr=4.2e-05 samples/s=1902
[epoch 2] update=540/1422 total=1962 loss=0.71982 KL=0.01681 lr=4.6e-05 samples/s=1903
[AMP retry] same batch; lower scale=32768.0
[epoch 2] update=720/1422 total=2142 loss=0.71492 KL=0.01579 lr=5e-05 samples/s=1900
[epoch 2] update=900/1422 total=2322 loss=0.70984 KL=0.01492 lr=5.4e-05 samples/s=1901
[epoch 2] update=1080/1422 total=2502 loss=0.70735 KL=0.01411 lr=5.9e-05 samples/s=1900
[epoch 2] update=1260/1422 total=2682 loss=0.70434 KL=0.01349 lr=6.3e-05 samples/s=1897
[epoch 2] update=1422/1422 total=2844 loss=0.70219 KL=0.01298 lr=6.7e-05 samples/s=1881
[R46A val epoch 2] macro_top1=0.4219 top2=0.7616 top3=0.8789 vs_sbs=-0.626% vbs_closed=+11.57%
       TSP: top1=0.198 mean_cost=7.9521 (sbs=7.9578) vs_sbs=-0.07%
      CVRP: top1=0.301 mean_cost=18.3900 (sbs=18.2943) vs_sbs=+0.52%
      ATSP: top1=0.651 mean_cost=1.6438 (sbs=1.6735) vs_sbs=-1.77%
      OVRP: top1=0.341 mean_cost=7.4634 (sbs=7.4617) vs_sbs=+0.02%
      VRPB: top1=0.552 mean_cost=9.3332 (sbs=9.3403) vs_sbs=-0.08%
      VRPL: top1=0.268 mean_cost=12.4189 (sbs=12.4072) vs_sbs=+0.09%
     VRPTW: top1=0.297 mean_cost=18.1368 (sbs=18.6571) vs_sbs=-2.79%
    OVRPTW: top1=0.490 mean_cost=10.0454 (sbs=10.0484) vs_sbs=-0.03%
     OVRPB: top1=0.537 mean_cost=6.3227 (sbs=6.3220) vs_sbs=+0.01%
     OVRPL: top1=0.354 mean_cost=7.4425 (sbs=7.4376) vs_sbs=+0.07%
     VRPBL: top1=0.519 mean_cost=9.3590 (sbs=9.3593) vs_sbs=-0.00%
    VRPBTW: top1=0.409 mean_cost=19.1960 (sbs=19.6697) vs_sbs=-2.41%
    VRPLTW: top1=0.281 mean_cost=17.9178 (sbs=18.5091) vs_sbs=-3.20%
    OVRPBL: top1=0.555 mean_cost=6.3103 (sbs=6.3103) vs_sbs=+0.00%
   OVRPBTW: top1=0.489 mean_cost=10.4999 (sbs=10.5068) vs_sbs=-0.07%
   OVRPLTW: top1=0.493 mean_cost=10.1264 (sbs=10.1272) vs_sbs=-0.01%
   VRPBLTW: top1=0.354 mean_cost=19.2291 (sbs=19.5198) vs_sbs=-1.49%
  OVRPBLTW: top1=0.506 mean_cost=10.5330 (sbs=10.5412) vs_sbs=-0.08%
[epoch 3] update=180/1422 total=3024 loss=0.67999 KL=0.00854 lr=7.1e-05 samples/s=1878
[epoch 3] update=360/1422 total=3204 loss=0.67728 KL=0.00859 lr=7.5e-05 samples/s=1881
[epoch 3] update=540/1422 total=3384 loss=0.67952 KL=0.00837 lr=7.9e-05 samples/s=1878
[epoch 3] update=720/1422 total=3564 loss=0.67868 KL=0.00826 lr=8.4e-05 samples/s=1881
[epoch 3] update=900/1422 total=3744 loss=0.67628 KL=0.00811 lr=8.8e-05 samples/s=1882
[epoch 3] update=1080/1422 total=3924 loss=0.67356 KL=0.00807 lr=9.2e-05 samples/s=1882
[AMP retry] same batch; lower scale=32768.0
[epoch 3] update=1260/1422 total=4104 loss=0.67283 KL=0.00795 lr=9.6e-05 samples/s=1882
[epoch 3] update=1422/1422 total=4266 loss=0.67173 KL=0.00789 lr=0.0001 samples/s=1870
[R46A val epoch 3] macro_top1=0.4160 top2=0.7440 top3=0.8544 vs_sbs=-0.067% vbs_closed=-3.43%
       TSP: top1=0.325 mean_cost=7.9311 (sbs=7.9578) vs_sbs=-0.34%
      CVRP: top1=0.339 mean_cost=18.3384 (sbs=18.2943) vs_sbs=+0.24%
      ATSP: top1=0.739 mean_cost=1.6378 (sbs=1.6735) vs_sbs=-2.14%
      OVRP: top1=0.262 mean_cost=7.4903 (sbs=7.4617) vs_sbs=+0.38%
      VRPB: top1=0.504 mean_cost=9.3403 (sbs=9.3403) vs_sbs=+0.00%
      VRPL: top1=0.206 mean_cost=12.4567 (sbs=12.4072) vs_sbs=+0.40%
     VRPTW: top1=0.262 mean_cost=18.6228 (sbs=18.6571) vs_sbs=-0.18%
    OVRPTW: top1=0.478 mean_cost=10.0484 (sbs=10.0484) vs_sbs=-0.00%
     OVRPB: top1=0.545 mean_cost=6.3220 (sbs=6.3220) vs_sbs=+0.00%
     OVRPL: top1=0.317 mean_cost=7.4508 (sbs=7.4376) vs_sbs=+0.18%
     VRPBL: top1=0.528 mean_cost=9.3593 (sbs=9.3593) vs_sbs=+0.00%
    VRPBTW: top1=0.375 mean_cost=19.6698 (sbs=19.6697) vs_sbs=+0.00%
    VRPLTW: top1=0.269 mean_cost=18.5575 (sbs=18.5091) vs_sbs=+0.26%
    OVRPBL: top1=0.555 mean_cost=6.3103 (sbs=6.3103) vs_sbs=+0.00%
   OVRPBTW: top1=0.462 mean_cost=10.5063 (sbs=10.5068) vs_sbs=-0.00%
   OVRPLTW: top1=0.503 mean_cost=10.1262 (sbs=10.1272) vs_sbs=-0.01%
   VRPBLTW: top1=0.346 mean_cost=19.5215 (sbs=19.5198) vs_sbs=+0.01%
  OVRPBLTW: top1=0.473 mean_cost=10.5407 (sbs=10.5412) vs_sbs=-0.00%
[epoch 4] update=180/1422 total=4446 loss=0.67234 KL=0.00756 lr=0.0001 samples/s=1899
[epoch 4] update=360/1422 total=4626 loss=0.66924 KL=0.00725 lr=0.0001 samples/s=1893
[epoch 4] update=540/1422 total=4806 loss=0.66469 KL=0.00713 lr=0.0001 samples/s=1900
[epoch 4] update=720/1422 total=4986 loss=0.66084 KL=0.00709 lr=0.0001 samples/s=1901
[epoch 4] update=900/1422 total=5166 loss=0.65686 KL=0.00706 lr=0.0001 samples/s=1900
[epoch 4] update=1080/1422 total=5346 loss=0.65495 KL=0.00703 lr=0.0001 samples/s=1900
[epoch 4] update=1260/1422 total=5526 loss=0.65378 KL=0.00695 lr=0.0001 samples/s=1901
[epoch 4] update=1422/1422 total=5688 loss=0.65278 KL=0.00691 lr=0.0001 samples/s=1885
[R46A val epoch 4] macro_top1=0.4497 top2=0.7919 top3=0.9038 vs_sbs=-0.783% vbs_closed=+18.51%
       TSP: top1=0.316 mean_cost=7.9281 (sbs=7.9578) vs_sbs=-0.37%
      CVRP: top1=0.338 mean_cost=18.3290 (sbs=18.2943) vs_sbs=+0.19%
      ATSP: top1=0.729 mean_cost=1.6370 (sbs=1.6735) vs_sbs=-2.18%
      OVRP: top1=0.335 mean_cost=7.4586 (sbs=7.4617) vs_sbs=-0.04%
      VRPB: top1=0.549 mean_cost=9.3362 (sbs=9.3403) vs_sbs=-0.04%
      VRPL: top1=0.283 mean_cost=12.4066 (sbs=12.4072) vs_sbs=-0.01%
     VRPTW: top1=0.406 mean_cost=17.9700 (sbs=18.6571) vs_sbs=-3.68%
    OVRPTW: top1=0.503 mean_cost=10.0492 (sbs=10.0484) vs_sbs=+0.01%
     OVRPB: top1=0.556 mean_cost=6.3218 (sbs=6.3220) vs_sbs=-0.00%
     OVRPL: top1=0.366 mean_cost=7.4419 (sbs=7.4376) vs_sbs=+0.06%
     VRPBL: top1=0.547 mean_cost=9.3543 (sbs=9.3593) vs_sbs=-0.05%
    VRPBTW: top1=0.410 mean_cost=19.1361 (sbs=19.6697) vs_sbs=-2.71%
    VRPLTW: top1=0.380 mean_cost=17.9825 (sbs=18.5091) vs_sbs=-2.85%
    OVRPBL: top1=0.524 mean_cost=6.3087 (sbs=6.3103) vs_sbs=-0.02%
   OVRPBTW: top1=0.494 mean_cost=10.5109 (sbs=10.5068) vs_sbs=+0.04%
   OVRPLTW: top1=0.474 mean_cost=10.1356 (sbs=10.1272) vs_sbs=+0.08%
   VRPBLTW: top1=0.383 mean_cost=19.0427 (sbs=19.5198) vs_sbs=-2.44%
  OVRPBLTW: top1=0.501 mean_cost=10.5345 (sbs=10.5412) vs_sbs=-0.06%
[epoch 5] update=180/1422 total=5868 loss=0.63482 KL=0.00690 lr=0.0001 samples/s=1904
[epoch 5] update=360/1422 total=6048 loss=0.63472 KL=0.00676 lr=0.0001 samples/s=1903
[epoch 5] update=540/1422 total=6228 loss=0.63528 KL=0.00668 lr=0.0001 samples/s=1901
[epoch 5] update=720/1422 total=6408 loss=0.63797 KL=0.00649 lr=0.0001 samples/s=1900
[epoch 5] update=900/1422 total=6588 loss=0.63867 KL=0.00638 lr=0.0001 samples/s=1900
[epoch 5] update=1080/1422 total=6768 loss=0.63726 KL=0.00637 lr=0.0001 samples/s=1899
[epoch 5] update=1260/1422 total=6948 loss=0.63711 KL=0.00636 lr=0.0001 samples/s=1897
[epoch 5] update=1422/1422 total=7110 loss=0.63663 KL=0.00635 lr=0.0001 samples/s=1883
[R46A val epoch 5] macro_top1=0.4427 top2=0.7977 top3=0.9081 vs_sbs=-0.843% vbs_closed=+18.05%
       TSP: top1=0.313 mean_cost=7.9402 (sbs=7.9578) vs_sbs=-0.22%
      CVRP: top1=0.313 mean_cost=18.3167 (sbs=18.2943) vs_sbs=+0.12%
      ATSP: top1=0.712 mean_cost=1.6380 (sbs=1.6735) vs_sbs=-2.13%
      OVRP: top1=0.327 mean_cost=7.4663 (sbs=7.4617) vs_sbs=+0.06%
      VRPB: top1=0.505 mean_cost=9.3402 (sbs=9.3403) vs_sbs=-0.00%
      VRPL: top1=0.287 mean_cost=12.4066 (sbs=12.4072) vs_sbs=-0.01%
     VRPTW: top1=0.390 mean_cost=18.0371 (sbs=18.6571) vs_sbs=-3.32%
    OVRPTW: top1=0.479 mean_cost=10.0477 (sbs=10.0484) vs_sbs=-0.01%
     OVRPB: top1=0.545 mean_cost=6.3220 (sbs=6.3220) vs_sbs=+0.00%
     OVRPL: top1=0.335 mean_cost=7.4454 (sbs=7.4376) vs_sbs=+0.11%
     VRPBL: top1=0.528 mean_cost=9.3592 (sbs=9.3593) vs_sbs=-0.00%
    VRPBTW: top1=0.431 mean_cost=19.1148 (sbs=19.6697) vs_sbs=-2.82%
    VRPLTW: top1=0.418 mean_cost=17.7290 (sbs=18.5091) vs_sbs=-4.22%
    OVRPBL: top1=0.555 mean_cost=6.3103 (sbs=6.3103) vs_sbs=+0.00%
   OVRPBTW: top1=0.460 mean_cost=10.5068 (sbs=10.5068) vs_sbs=+0.00%
   OVRPLTW: top1=0.494 mean_cost=10.1272 (sbs=10.1272) vs_sbs=+0.00%
   VRPBLTW: top1=0.405 mean_cost=18.9831 (sbs=19.5198) vs_sbs=-2.75%
  OVRPBLTW: top1=0.471 mean_cost=10.5412 (sbs=10.5412) vs_sbs=+0.00%
[epoch 6] update=180/1422 total=7290 loss=0.63303 KL=0.00619 lr=0.0001 samples/s=1888
[epoch 6] update=360/1422 total=7470 loss=0.63227 KL=0.00605 lr=0.0001 samples/s=1877
[epoch 6] update=540/1422 total=7650 loss=0.63138 KL=0.00602 lr=0.0001 samples/s=1877
[epoch 6] update=720/1422 total=7830 loss=0.63303 KL=0.00595 lr=0.0001 samples/s=1877
[epoch 6] update=900/1422 total=8010 loss=0.63112 KL=0.00598 lr=0.0001 samples/s=1875
[AMP retry] same batch; lower scale=65536.0
[epoch 6] update=1080/1422 total=8190 loss=0.63050 KL=0.00597 lr=0.0001 samples/s=1875
[epoch 6] update=1260/1422 total=8370 loss=0.62989 KL=0.00595 lr=0.0001 samples/s=1876
[epoch 6] update=1422/1422 total=8532 loss=0.62988 KL=0.00595 lr=0.0001 samples/s=1861
[R46A val epoch 6] macro_top1=0.4557 top2=0.8001 top3=0.9045 vs_sbs=-0.901% vbs_closed=+21.14%
       TSP: top1=0.321 mean_cost=7.9197 (sbs=7.9578) vs_sbs=-0.48%
      CVRP: top1=0.326 mean_cost=18.3458 (sbs=18.2943) vs_sbs=+0.28%
      ATSP: top1=0.763 mean_cost=1.6369 (sbs=1.6735) vs_sbs=-2.19%
      OVRP: top1=0.317 mean_cost=7.4603 (sbs=7.4617) vs_sbs=-0.02%
      VRPB: top1=0.543 mean_cost=9.3367 (sbs=9.3403) vs_sbs=-0.04%
      VRPL: top1=0.289 mean_cost=12.4069 (sbs=12.4072) vs_sbs=-0.00%
     VRPTW: top1=0.430 mean_cost=17.9552 (sbs=18.6571) vs_sbs=-3.76%
    OVRPTW: top1=0.510 mean_cost=10.0396 (sbs=10.0484) vs_sbs=-0.09%
     OVRPB: top1=0.554 mean_cost=6.3218 (sbs=6.3220) vs_sbs=-0.00%
     OVRPL: top1=0.354 mean_cost=7.4430 (sbs=7.4376) vs_sbs=+0.07%
     VRPBL: top1=0.541 mean_cost=9.3562 (sbs=9.3593) vs_sbs=-0.03%
    VRPBTW: top1=0.431 mean_cost=19.0929 (sbs=19.6697) vs_sbs=-2.93%
    VRPLTW: top1=0.402 mean_cost=17.7143 (sbs=18.5091) vs_sbs=-4.29%
    OVRPBL: top1=0.527 mean_cost=6.3115 (sbs=6.3103) vs_sbs=+0.02%
   OVRPBTW: top1=0.494 mean_cost=10.5002 (sbs=10.5068) vs_sbs=-0.06%
   OVRPLTW: top1=0.489 mean_cost=10.1308 (sbs=10.1272) vs_sbs=+0.04%
   VRPBLTW: top1=0.412 mean_cost=18.9972 (sbs=19.5198) vs_sbs=-2.68%
  OVRPBLTW: top1=0.500 mean_cost=10.5358 (sbs=10.5412) vs_sbs=-0.05%
[epoch 7] update=180/1422 total=8712 loss=0.62499 KL=0.00586 lr=0.0001 samples/s=1893
[epoch 7] update=360/1422 total=8892 loss=0.62198 KL=0.00584 lr=0.0001 samples/s=1887
[epoch 7] update=540/1422 total=9072 loss=0.62127 KL=0.00575 lr=0.0001 samples/s=1886
[epoch 7] update=720/1422 total=9252 loss=0.62152 KL=0.00571 lr=0.0001 samples/s=1883
[epoch 7] update=900/1422 total=9432 loss=0.62161 KL=0.00567 lr=0.0001 samples/s=1882
[epoch 7] update=1080/1422 total=9612 loss=0.62167 KL=0.00562 lr=0.0001 samples/s=1883
[epoch 7] update=1260/1422 total=9792 loss=0.62241 KL=0.00559 lr=0.0001 samples/s=1878
[epoch 7] update=1422/1422 total=9954 loss=0.62263 KL=0.00557 lr=0.0001 samples/s=1864
[R46A val epoch 7] macro_top1=0.4497 top2=0.8010 top3=0.9097 vs_sbs=-0.887% vbs_closed=+20.50%
       TSP: top1=0.339 mean_cost=7.9260 (sbs=7.9578) vs_sbs=-0.40%
      CVRP: top1=0.366 mean_cost=18.2721 (sbs=18.2943) vs_sbs=-0.12%
      ATSP: top1=0.728 mean_cost=1.6383 (sbs=1.6735) vs_sbs=-2.11%
      OVRP: top1=0.303 mean_cost=7.4680 (sbs=7.4617) vs_sbs=+0.08%
      VRPB: top1=0.504 mean_cost=9.3403 (sbs=9.3403) vs_sbs=+0.00%
      VRPL: top1=0.291 mean_cost=12.4077 (sbs=12.4072) vs_sbs=+0.00%
     VRPTW: top1=0.408 mean_cost=17.9750 (sbs=18.6571) vs_sbs=-3.66%
    OVRPTW: top1=0.476 mean_cost=10.0487 (sbs=10.0484) vs_sbs=+0.00%
     OVRPB: top1=0.545 mean_cost=6.3220 (sbs=6.3220) vs_sbs=+0.00%
     OVRPL: top1=0.362 mean_cost=7.4428 (sbs=7.4376) vs_sbs=+0.07%
     VRPBL: top1=0.528 mean_cost=9.3593 (sbs=9.3593) vs_sbs=+0.00%
    VRPBTW: top1=0.420 mean_cost=19.1263 (sbs=19.6697) vs_sbs=-2.76%
    VRPLTW: top1=0.438 mean_cost=17.6926 (sbs=18.5091) vs_sbs=-4.41%
    OVRPBL: top1=0.555 mean_cost=6.3103 (sbs=6.3103) vs_sbs=+0.00%
   OVRPBTW: top1=0.459 mean_cost=10.5074 (sbs=10.5068) vs_sbs=+0.01%
   OVRPLTW: top1=0.494 mean_cost=10.1272 (sbs=10.1272) vs_sbs=+0.00%
   VRPBLTW: top1=0.407 mean_cost=18.9987 (sbs=19.5198) vs_sbs=-2.67%
  OVRPBLTW: top1=0.471 mean_cost=10.5412 (sbs=10.5412) vs_sbs=+0.00%
[epoch 8] update=180/1422 total=10134 loss=0.62250 KL=0.00562 lr=0.0001 samples/s=1876
[AMP retry] same batch; lower scale=65536.0
[epoch 8] update=360/1422 total=10314 loss=0.62126 KL=0.00555 lr=0.0001 samples/s=1861
[epoch 8] update=540/1422 total=10494 loss=0.61978 KL=0.00558 lr=0.0001 samples/s=1868
[epoch 8] update=720/1422 total=10674 loss=0.61827 KL=0.00551 lr=0.0001 samples/s=1869
[epoch 8] update=900/1422 total=10854 loss=0.61877 KL=0.00550 lr=0.0001 samples/s=1870
[epoch 8] update=1080/1422 total=11034 loss=0.61789 KL=0.00548 lr=0.0001 samples/s=1869
[epoch 8] update=1260/1422 total=11214 loss=0.61776 KL=0.00547 lr=0.0001 samples/s=1868
[epoch 8] update=1422/1422 total=11376 loss=0.61753 KL=0.00546 lr=0.0001 samples/s=1856
[R46A val epoch 8] macro_top1=0.4499 top2=0.7974 top3=0.9081 vs_sbs=-0.878% vbs_closed=+19.53%
       TSP: top1=0.336 mean_cost=7.9385 (sbs=7.9578) vs_sbs=-0.24%
      CVRP: top1=0.230 mean_cost=18.3074 (sbs=18.2943) vs_sbs=+0.07%
      ATSP: top1=0.724 mean_cost=1.6467 (sbs=1.6735) vs_sbs=-1.60%
      OVRP: top1=0.289 mean_cost=7.4688 (sbs=7.4617) vs_sbs=+0.10%
      VRPB: top1=0.544 mean_cost=9.3364 (sbs=9.3403) vs_sbs=-0.04%
      VRPL: top1=0.294 mean_cost=12.4055 (sbs=12.4072) vs_sbs=-0.01%
     VRPTW: top1=0.436 mean_cost=17.9505 (sbs=18.6571) vs_sbs=-3.79%
    OVRPTW: top1=0.487 mean_cost=10.0468 (sbs=10.0484) vs_sbs=-0.02%
     OVRPB: top1=0.560 mean_cost=6.3206 (sbs=6.3220) vs_sbs=-0.02%
     OVRPL: top1=0.344 mean_cost=7.4441 (sbs=7.4376) vs_sbs=+0.09%
     VRPBL: top1=0.549 mean_cost=9.3543 (sbs=9.3593) vs_sbs=-0.05%
    VRPBTW: top1=0.420 mean_cost=19.0753 (sbs=19.6697) vs_sbs=-3.02%
    VRPLTW: top1=0.459 mean_cost=17.6867 (sbs=18.5091) vs_sbs=-4.44%
    OVRPBL: top1=0.531 mean_cost=6.3077 (sbs=6.3103) vs_sbs=-0.04%
   OVRPBTW: top1=0.496 mean_cost=10.5015 (sbs=10.5068) vs_sbs=-0.05%
   OVRPLTW: top1=0.489 mean_cost=10.1296 (sbs=10.1272) vs_sbs=+0.02%
   VRPBLTW: top1=0.413 mean_cost=18.9924 (sbs=19.5198) vs_sbs=-2.70%
  OVRPBLTW: top1=0.498 mean_cost=10.5362 (sbs=10.5412) vs_sbs=-0.05%
[AMP retry] same batch; lower scale=32768.0
[epoch 9] update=180/1422 total=11556 loss=0.62107 KL=0.00537 lr=0.0001 samples/s=1840
[epoch 9] update=360/1422 total=11736 loss=0.61813 KL=0.00541 lr=0.0001 samples/s=1857
[epoch 9] update=540/1422 total=11916 loss=0.61699 KL=0.00538 lr=0.0001 samples/s=1864
[epoch 9] update=720/1422 total=12096 loss=0.61579 KL=0.00540 lr=0.0001 samples/s=1865
[epoch 9] update=900/1422 total=12276 loss=0.61565 KL=0.00540 lr=0.0001 samples/s=1865
[epoch 9] update=1080/1422 total=12456 loss=0.61507 KL=0.00539 lr=0.0001 samples/s=1866
[epoch 9] update=1260/1422 total=12636 loss=0.61506 KL=0.00535 lr=0.0001 samples/s=1866
[epoch 9] update=1422/1422 total=12798 loss=0.61457 KL=0.00534 lr=0.0001 samples/s=1854
[R46A val epoch 9] macro_top1=0.4684 top2=0.8077 top3=0.9143 vs_sbs=-0.966% vbs_closed=+24.54%
       TSP: top1=0.342 mean_cost=7.9221 (sbs=7.9578) vs_sbs=-0.45%
      CVRP: top1=0.428 mean_cost=18.2282 (sbs=18.2943) vs_sbs=-0.36%
      ATSP: top1=0.771 mean_cost=1.6355 (sbs=1.6735) vs_sbs=-2.27%
      OVRP: top1=0.302 mean_cost=7.4665 (sbs=7.4617) vs_sbs=+0.07%
      VRPB: top1=0.552 mean_cost=9.3352 (sbs=9.3403) vs_sbs=-0.05%
      VRPL: top1=0.290 mean_cost=12.4089 (sbs=12.4072) vs_sbs=+0.01%
     VRPTW: top1=0.443 mean_cost=17.9197 (sbs=18.6571) vs_sbs=-3.95%
    OVRPTW: top1=0.508 mean_cost=10.0450 (sbs=10.0484) vs_sbs=-0.03%
     OVRPB: top1=0.562 mean_cost=6.3210 (sbs=6.3220) vs_sbs=-0.01%
     OVRPL: top1=0.352 mean_cost=7.4420 (sbs=7.4376) vs_sbs=+0.06%
     VRPBL: top1=0.544 mean_cost=9.3561 (sbs=9.3593) vs_sbs=-0.03%
    VRPBTW: top1=0.438 mean_cost=19.0708 (sbs=19.6697) vs_sbs=-3.04%
    VRPLTW: top1=0.455 mean_cost=17.6603 (sbs=18.5091) vs_sbs=-4.59%
    OVRPBL: top1=0.531 mean_cost=6.3088 (sbs=6.3103) vs_sbs=-0.02%
   OVRPBTW: top1=0.506 mean_cost=10.4987 (sbs=10.5068) vs_sbs=-0.08%
   OVRPLTW: top1=0.485 mean_cost=10.1323 (sbs=10.1272) vs_sbs=+0.05%
   VRPBLTW: top1=0.423 mean_cost=19.0025 (sbs=19.5198) vs_sbs=-2.65%
  OVRPBLTW: top1=0.499 mean_cost=10.5390 (sbs=10.5412) vs_sbs=-0.02%
[epoch 10] update=180/1422 total=12978 loss=0.61376 KL=0.00517 lr=0.0001 samples/s=1885
[epoch 10] update=360/1422 total=13158 loss=0.61257 KL=0.00522 lr=0.0001 samples/s=1882
[epoch 10] update=540/1422 total=13338 loss=0.61211 KL=0.00525 lr=0.0001 samples/s=1882
[AMP retry] same batch; lower scale=32768.0
[epoch 10] update=720/1422 total=13518 loss=0.61188 KL=0.00527 lr=0.0001 samples/s=1871
[epoch 10] update=900/1422 total=13698 loss=0.61151 KL=0.00526 lr=0.0001 samples/s=1874
[epoch 10] update=1080/1422 total=13878 loss=0.61161 KL=0.00526 lr=0.0001 samples/s=1875
[epoch 10] update=1260/1422 total=14058 loss=0.61105 KL=0.00525 lr=0.0001 samples/s=1877
[epoch 10] update=1422/1422 total=14220 loss=0.61090 KL=0.00524 lr=0.0001 samples/s=1864
[R46A val epoch 10] macro_top1=0.4468 top2=0.7708 top3=0.8879 vs_sbs=-0.833% vbs_closed=+10.94%
       TSP: top1=0.330 mean_cost=7.9232 (sbs=7.9578) vs_sbs=-0.44%
      CVRP: top1=0.381 mean_cost=18.2614 (sbs=18.2943) vs_sbs=-0.18%
      ATSP: top1=0.777 mean_cost=1.6352 (sbs=1.6735) vs_sbs=-2.29%
      OVRP: top1=0.219 mean_cost=7.5059 (sbs=7.4617) vs_sbs=+0.59%
      VRPB: top1=0.545 mean_cost=9.3332 (sbs=9.3403) vs_sbs=-0.08%
      VRPL: top1=0.197 mean_cost=12.4640 (sbs=12.4072) vs_sbs=+0.46%
     VRPTW: top1=0.398 mean_cost=17.9769 (sbs=18.6571) vs_sbs=-3.65%
    OVRPTW: top1=0.526 mean_cost=10.0384 (sbs=10.0484) vs_sbs=-0.10%
     OVRPB: top1=0.573 mean_cost=6.3162 (sbs=6.3220) vs_sbs=-0.09%
     OVRPL: top1=0.250 mean_cost=7.4900 (sbs=7.4376) vs_sbs=+0.70%
     VRPBL: top1=0.555 mean_cost=9.3553 (sbs=9.3593) vs_sbs=-0.04%
    VRPBTW: top1=0.422 mean_cost=19.1026 (sbs=19.6697) vs_sbs=-2.88%
    VRPLTW: top1=0.401 mean_cost=17.7230 (sbs=18.5091) vs_sbs=-4.25%
    OVRPBL: top1=0.562 mean_cost=6.3076 (sbs=6.3103) vs_sbs=-0.04%
   OVRPBTW: top1=0.504 mean_cost=10.4952 (sbs=10.5068) vs_sbs=-0.11%
   OVRPLTW: top1=0.497 mean_cost=10.1304 (sbs=10.1272) vs_sbs=+0.03%
   VRPBLTW: top1=0.404 mean_cost=19.0154 (sbs=19.5198) vs_sbs=-2.58%
  OVRPBLTW: top1=0.502 mean_cost=10.5361 (sbs=10.5412) vs_sbs=-0.05%
[epoch 11] update=180/1422 total=14400 loss=0.60876 KL=0.00508 lr=0.0001 samples/s=1874
[epoch 11] update=360/1422 total=14580 loss=0.60922 KL=0.00515 lr=0.0001 samples/s=1871
[epoch 11] update=540/1422 total=14760 loss=0.61237 KL=0.00507 lr=0.0001 samples/s=1869
[epoch 11] update=720/1422 total=14940 loss=0.61136 KL=0.00513 lr=0.0001 samples/s=1872
[epoch 11] update=900/1422 total=15120 loss=0.61130 KL=0.00516 lr=0.0001 samples/s=1871
[epoch 11] update=1080/1422 total=15300 loss=0.61041 KL=0.00519 lr=0.0001 samples/s=1870
[epoch 11] update=1260/1422 total=15480 loss=0.61033 KL=0.00515 lr=0.0001 samples/s=1870
[epoch 11] update=1422/1422 total=15642 loss=0.61024 KL=0.00513 lr=0.0001 samples/s=1857
[R46A val epoch 11] macro_top1=0.4659 top2=0.8063 top3=0.9137 vs_sbs=-0.943% vbs_closed=+26.65%
       TSP: top1=0.344 mean_cost=7.9244 (sbs=7.9578) vs_sbs=-0.42%
      CVRP: top1=0.458 mean_cost=18.2085 (sbs=18.2943) vs_sbs=-0.47%
      ATSP: top1=0.773 mean_cost=1.6364 (sbs=1.6735) vs_sbs=-2.22%
      OVRP: top1=0.311 mean_cost=7.4607 (sbs=7.4617) vs_sbs=-0.01%
      VRPB: top1=0.551 mean_cost=9.3327 (sbs=9.3403) vs_sbs=-0.08%
      VRPL: top1=0.294 mean_cost=12.4050 (sbs=12.4072) vs_sbs=-0.02%
     VRPTW: top1=0.386 mean_cost=18.0055 (sbs=18.6571) vs_sbs=-3.49%
    OVRPTW: top1=0.498 mean_cost=10.0428 (sbs=10.0484) vs_sbs=-0.06%
     OVRPB: top1=0.573 mean_cost=6.3176 (sbs=6.3220) vs_sbs=-0.07%
     OVRPL: top1=0.356 mean_cost=7.4352 (sbs=7.4376) vs_sbs=-0.03%
     VRPBL: top1=0.544 mean_cost=9.3560 (sbs=9.3593) vs_sbs=-0.03%
    VRPBTW: top1=0.432 mean_cost=19.0779 (sbs=19.6697) vs_sbs=-3.01%
    VRPLTW: top1=0.425 mean_cost=17.7415 (sbs=18.5091) vs_sbs=-4.15%
    OVRPBL: top1=0.577 mean_cost=6.3042 (sbs=6.3103) vs_sbs=-0.10%
   OVRPBTW: top1=0.478 mean_cost=10.5039 (sbs=10.5068) vs_sbs=-0.03%
   OVRPLTW: top1=0.482 mean_cost=10.1303 (sbs=10.1272) vs_sbs=+0.03%
   VRPBLTW: top1=0.421 mean_cost=18.9750 (sbs=19.5198) vs_sbs=-2.79%
  OVRPBLTW: top1=0.484 mean_cost=10.5377 (sbs=10.5412) vs_sbs=-0.03%
[AMP retry] same batch; lower scale=32768.0
[epoch 12] update=180/1422 total=15822 loss=0.60972 KL=0.00488 lr=0.0001 samples/s=1859
[epoch 12] update=360/1422 total=16002 loss=0.60705 KL=0.00495 lr=0.0001 samples/s=1872
[epoch 12] update=540/1422 total=16182 loss=0.60648 KL=0.00501 lr=0.0001 samples/s=1882
[epoch 12] update=720/1422 total=16362 loss=0.60661 KL=0.00502 lr=0.0001 samples/s=1883
[epoch 12] update=900/1422 total=16542 loss=0.60634 KL=0.00502 lr=0.0001 samples/s=1883
[epoch 12] update=1080/1422 total=16722 loss=0.60623 KL=0.00506 lr=0.0001 samples/s=1877
[epoch 12] update=1260/1422 total=16902 loss=0.60641 KL=0.00508 lr=0.0001 samples/s=1878
[epoch 12] update=1422/1422 total=17064 loss=0.60652 KL=0.00509 lr=0.0001 samples/s=1865
[R46A val epoch 12] macro_top1=0.4638 top2=0.8094 top3=0.9171 vs_sbs=-0.987% vbs_closed=+26.04%
       TSP: top1=0.345 mean_cost=7.9230 (sbs=7.9578) vs_sbs=-0.44%
      CVRP: top1=0.439 mean_cost=18.2160 (sbs=18.2943) vs_sbs=-0.43%
      ATSP: top1=0.754 mean_cost=1.6399 (sbs=1.6735) vs_sbs=-2.01%
      OVRP: top1=0.297 mean_cost=7.4662 (sbs=7.4617) vs_sbs=+0.06%
      VRPB: top1=0.522 mean_cost=9.3372 (sbs=9.3403) vs_sbs=-0.03%
      VRPL: top1=0.305 mean_cost=12.4048 (sbs=12.4072) vs_sbs=-0.02%
     VRPTW: top1=0.418 mean_cost=17.9036 (sbs=18.6571) vs_sbs=-4.04%
    OVRPTW: top1=0.496 mean_cost=10.0442 (sbs=10.0484) vs_sbs=-0.04%
     OVRPB: top1=0.569 mean_cost=6.3179 (sbs=6.3220) vs_sbs=-0.06%
     OVRPL: top1=0.367 mean_cost=7.4364 (sbs=7.4376) vs_sbs=-0.02%
     VRPBL: top1=0.545 mean_cost=9.3561 (sbs=9.3593) vs_sbs=-0.03%
    VRPBTW: top1=0.448 mean_cost=19.0410 (sbs=19.6697) vs_sbs=-3.20%
    VRPLTW: top1=0.423 mean_cost=17.6669 (sbs=18.5091) vs_sbs=-4.55%
    OVRPBL: top1=0.540 mean_cost=6.3089 (sbs=6.3103) vs_sbs=-0.02%
   OVRPBTW: top1=0.465 mean_cost=10.5042 (sbs=10.5068) vs_sbs=-0.02%
   OVRPLTW: top1=0.500 mean_cost=10.1281 (sbs=10.1272) vs_sbs=+0.01%
   VRPBLTW: top1=0.426 mean_cost=18.9574 (sbs=19.5198) vs_sbs=-2.88%
  OVRPBLTW: top1=0.490 mean_cost=10.5360 (sbs=10.5412) vs_sbs=-0.05%
[epoch 13] update=180/1422 total=17244 loss=0.60279 KL=0.00498 lr=0.0001 samples/s=1878
[epoch 13] update=360/1422 total=17424 loss=0.60276 KL=0.00503 lr=0.0001 samples/s=1876
[epoch 13] update=540/1422 total=17604 loss=0.60224 KL=0.00511 lr=0.0001 samples/s=1876
[AMP retry] same batch; lower scale=32768.0
[epoch 13] update=720/1422 total=17784 loss=0.60357 KL=0.00508 lr=0.0001 samples/s=1871
[epoch 13] update=900/1422 total=17964 loss=0.60355 KL=0.00508 lr=0.0001 samples/s=1873
[epoch 13] update=1080/1422 total=18144 loss=0.60314 KL=0.00506 lr=0.0001 samples/s=1877
[epoch 13] update=1260/1422 total=18324 loss=0.60295 KL=0.00506 lr=0.0001 samples/s=1880
[epoch 13] update=1422/1422 total=18486 loss=0.60273 KL=0.00506 lr=0.0001 samples/s=1870
[R46A val epoch 13] macro_top1=0.4705 top2=0.8061 top3=0.9151 vs_sbs=-1.002% vbs_closed=+27.82%
       TSP: top1=0.304 mean_cost=7.9242 (sbs=7.9578) vs_sbs=-0.42%
      CVRP: top1=0.435 mean_cost=18.2194 (sbs=18.2943) vs_sbs=-0.41%
      ATSP: top1=0.776 mean_cost=1.6350 (sbs=1.6735) vs_sbs=-2.30%
      OVRP: top1=0.326 mean_cost=7.4587 (sbs=7.4617) vs_sbs=-0.04%
      VRPB: top1=0.541 mean_cost=9.3365 (sbs=9.3403) vs_sbs=-0.04%
      VRPL: top1=0.291 mean_cost=12.4062 (sbs=12.4072) vs_sbs=-0.01%
     VRPTW: top1=0.436 mean_cost=17.9129 (sbs=18.6571) vs_sbs=-3.99%
    OVRPTW: top1=0.519 mean_cost=10.0391 (sbs=10.0484) vs_sbs=-0.09%
     OVRPB: top1=0.573 mean_cost=6.3160 (sbs=6.3220) vs_sbs=-0.10%
     OVRPL: top1=0.378 mean_cost=7.4344 (sbs=7.4376) vs_sbs=-0.04%
     VRPBL: top1=0.532 mean_cost=9.3576 (sbs=9.3593) vs_sbs=-0.02%
    VRPBTW: top1=0.422 mean_cost=19.0788 (sbs=19.6697) vs_sbs=-3.00%
    VRPLTW: top1=0.443 mean_cost=17.6572 (sbs=18.5091) vs_sbs=-4.60%
    OVRPBL: top1=0.567 mean_cost=6.3071 (sbs=6.3103) vs_sbs=-0.05%
   OVRPBTW: top1=0.504 mean_cost=10.4991 (sbs=10.5068) vs_sbs=-0.07%
   OVRPLTW: top1=0.500 mean_cost=10.1298 (sbs=10.1272) vs_sbs=+0.03%
   VRPBLTW: top1=0.420 mean_cost=18.9762 (sbs=19.5198) vs_sbs=-2.78%
  OVRPBLTW: top1=0.502 mean_cost=10.5318 (sbs=10.5412) vs_sbs=-0.09%
[epoch 14] update=180/1422 total=18666 loss=0.60246 KL=0.00503 lr=0.0001 samples/s=1890
[epoch 14] update=360/1422 total=18846 loss=0.59972 KL=0.00513 lr=0.0001 samples/s=1872
[epoch 14] update=540/1422 total=19026 loss=0.60154 KL=0.00515 lr=0.0001 samples/s=1865
[epoch 14] update=720/1422 total=19206 loss=0.60170 KL=0.00511 lr=0.0001 samples/s=1861
[epoch 14] update=900/1422 total=19386 loss=0.60108 KL=0.00512 lr=0.0001 samples/s=1858
[epoch 14] update=1080/1422 total=19566 loss=0.60158 KL=0.00508 lr=0.0001 samples/s=1857
[epoch 14] update=1260/1422 total=19746 loss=0.60114 KL=0.00509 lr=0.0001 samples/s=1843
[AMP retry] same batch; lower scale=32768.0
[epoch 14] update=1422/1422 total=19908 loss=0.60164 KL=0.00507 lr=0.0001 samples/s=1818
[R46A val epoch 14] macro_top1=0.4664 top2=0.8046 top3=0.9121 vs_sbs=-0.977% vbs_closed=+25.00%
       TSP: top1=0.344 mean_cost=7.9302 (sbs=7.9578) vs_sbs=-0.35%
      CVRP: top1=0.485 mean_cost=18.1984 (sbs=18.2943) vs_sbs=-0.52%
      ATSP: top1=0.757 mean_cost=1.6399 (sbs=1.6735) vs_sbs=-2.01%
      OVRP: top1=0.309 mean_cost=7.4605 (sbs=7.4617) vs_sbs=-0.02%
      VRPB: top1=0.553 mean_cost=9.3325 (sbs=9.3403) vs_sbs=-0.08%
      VRPL: top1=0.251 mean_cost=12.4262 (sbs=12.4072) vs_sbs=+0.15%
     VRPTW: top1=0.442 mean_cost=17.8944 (sbs=18.6571) vs_sbs=-4.09%
    OVRPTW: top1=0.493 mean_cost=10.0432 (sbs=10.0484) vs_sbs=-0.05%
     OVRPB: top1=0.559 mean_cost=6.3210 (sbs=6.3220) vs_sbs=-0.02%
     OVRPL: top1=0.365 mean_cost=7.4350 (sbs=7.4376) vs_sbs=-0.03%
     VRPBL: top1=0.540 mean_cost=9.3575 (sbs=9.3593) vs_sbs=-0.02%
    VRPBTW: top1=0.423 mean_cost=19.0564 (sbs=19.6697) vs_sbs=-3.12%
    VRPLTW: top1=0.434 mean_cost=17.6785 (sbs=18.5091) vs_sbs=-4.49%
    OVRPBL: top1=0.542 mean_cost=6.3068 (sbs=6.3103) vs_sbs=-0.06%
   OVRPBTW: top1=0.490 mean_cost=10.5005 (sbs=10.5068) vs_sbs=-0.06%
   OVRPLTW: top1=0.502 mean_cost=10.1293 (sbs=10.1272) vs_sbs=+0.02%
   VRPBLTW: top1=0.419 mean_cost=18.9723 (sbs=19.5198) vs_sbs=-2.80%
  OVRPBLTW: top1=0.487 mean_cost=10.5372 (sbs=10.5412) vs_sbs=-0.04%
[epoch 15] update=180/1422 total=20088 loss=0.59906 KL=0.00514 lr=0.0001 samples/s=1879
[epoch 15] update=360/1422 total=20268 loss=0.59857 KL=0.00507 lr=0.0001 samples/s=1881
[epoch 15] update=540/1422 total=20448 loss=0.59851 KL=0.00504 lr=0.0001 samples/s=1882
[epoch 15] update=720/1422 total=20628 loss=0.59962 KL=0.00497 lr=0.0001 samples/s=1884
[epoch 15] update=900/1422 total=20808 loss=0.59902 KL=0.00497 lr=0.0001 samples/s=1886
[epoch 15] update=1080/1422 total=20988 loss=0.59994 KL=0.00494 lr=0.0001 samples/s=1886
[epoch 15] update=1260/1422 total=21168 loss=0.60001 KL=0.00494 lr=0.0001 samples/s=1886
[epoch 15] update=1422/1422 total=21330 loss=0.60028 KL=0.00492 lr=0.0001 samples/s=1873
[R46A val epoch 15] macro_top1=0.4572 top2=0.8032 top3=0.9103 vs_sbs=-0.966% vbs_closed=+25.74%
       TSP: top1=0.311 mean_cost=7.9222 (sbs=7.9578) vs_sbs=-0.45%
      CVRP: top1=0.413 mean_cost=18.2265 (sbs=18.2943) vs_sbs=-0.37%
      ATSP: top1=0.668 mean_cost=1.6398 (sbs=1.6735) vs_sbs=-2.02%
      OVRP: top1=0.362 mean_cost=7.4552 (sbs=7.4617) vs_sbs=-0.09%
      VRPB: top1=0.546 mean_cost=9.3344 (sbs=9.3403) vs_sbs=-0.06%
      VRPL: top1=0.291 mean_cost=12.4058 (sbs=12.4072) vs_sbs=-0.01%
     VRPTW: top1=0.420 mean_cost=17.9513 (sbs=18.6571) vs_sbs=-3.78%
    OVRPTW: top1=0.492 mean_cost=10.0428 (sbs=10.0484) vs_sbs=-0.06%
     OVRPB: top1=0.560 mean_cost=6.3206 (sbs=6.3220) vs_sbs=-0.02%
     OVRPL: top1=0.339 mean_cost=7.4406 (sbs=7.4376) vs_sbs=+0.04%
     VRPBL: top1=0.544 mean_cost=9.3565 (sbs=9.3593) vs_sbs=-0.03%
    VRPBTW: top1=0.449 mean_cost=19.0569 (sbs=19.6697) vs_sbs=-3.12%
    VRPLTW: top1=0.431 mean_cost=17.6668 (sbs=18.5091) vs_sbs=-4.55%
    OVRPBL: top1=0.534 mean_cost=6.3101 (sbs=6.3103) vs_sbs=-0.00%
   OVRPBTW: top1=0.467 mean_cost=10.5042 (sbs=10.5068) vs_sbs=-0.02%
   OVRPLTW: top1=0.504 mean_cost=10.1286 (sbs=10.1272) vs_sbs=+0.01%
   VRPBLTW: top1=0.419 mean_cost=18.9644 (sbs=19.5198) vs_sbs=-2.85%
  OVRPBLTW: top1=0.480 mean_cost=10.5383 (sbs=10.5412) vs_sbs=-0.03%
[epoch 16] update=180/1422 total=21510 loss=0.59963 KL=0.00507 lr=0.0001 samples/s=1897
[epoch 16] update=360/1422 total=21690 loss=0.59859 KL=0.00497 lr=0.0001 samples/s=1900
[AMP retry] same batch; lower scale=32768.0
[epoch 16] update=540/1422 total=21870 loss=0.59924 KL=0.00494 lr=0.0001 samples/s=1892
[epoch 16] update=720/1422 total=22050 loss=0.59884 KL=0.00491 lr=0.0001 samples/s=1894
[epoch 16] update=900/1422 total=22230 loss=0.59996 KL=0.00490 lr=0.0001 samples/s=1896
[epoch 16] update=1080/1422 total=22410 loss=0.59979 KL=0.00490 lr=0.0001 samples/s=1894
[epoch 16] update=1260/1422 total=22590 loss=0.59879 KL=0.00495 lr=0.0001 samples/s=1892
[epoch 16] update=1422/1422 total=22752 loss=0.59852 KL=0.00496 lr=0.0001 samples/s=1878
[R46A val epoch 16] macro_top1=0.4605 top2=0.8017 top3=0.9154 vs_sbs=-0.983% vbs_closed=+26.09%
       TSP: top1=0.344 mean_cost=7.9232 (sbs=7.9578) vs_sbs=-0.44%
      CVRP: top1=0.454 mean_cost=18.2151 (sbs=18.2943) vs_sbs=-0.43%
      ATSP: top1=0.629 mean_cost=1.6423 (sbs=1.6735) vs_sbs=-1.87%
      OVRP: top1=0.301 mean_cost=7.4639 (sbs=7.4617) vs_sbs=+0.03%
      VRPB: top1=0.546 mean_cost=9.3341 (sbs=9.3403) vs_sbs=-0.07%
      VRPL: top1=0.286 mean_cost=12.4083 (sbs=12.4072) vs_sbs=+0.01%
     VRPTW: top1=0.438 mean_cost=17.9052 (sbs=18.6571) vs_sbs=-4.03%
    OVRPTW: top1=0.507 mean_cost=10.0431 (sbs=10.0484) vs_sbs=-0.05%
     OVRPB: top1=0.574 mean_cost=6.3156 (sbs=6.3220) vs_sbs=-0.10%
     OVRPL: top1=0.345 mean_cost=7.4399 (sbs=7.4376) vs_sbs=+0.03%
     VRPBL: top1=0.548 mean_cost=9.3537 (sbs=9.3593) vs_sbs=-0.06%
    VRPBTW: top1=0.433 mean_cost=19.0704 (sbs=19.6697) vs_sbs=-3.05%
    VRPLTW: top1=0.444 mean_cost=17.6454 (sbs=18.5091) vs_sbs=-4.67%
    OVRPBL: top1=0.564 mean_cost=6.3073 (sbs=6.3103) vs_sbs=-0.05%
   OVRPBTW: top1=0.463 mean_cost=10.5063 (sbs=10.5068) vs_sbs=-0.01%
   OVRPLTW: top1=0.507 mean_cost=10.1271 (sbs=10.1272) vs_sbs=-0.00%
   VRPBLTW: top1=0.423 mean_cost=18.9541 (sbs=19.5198) vs_sbs=-2.90%
  OVRPBLTW: top1=0.483 mean_cost=10.5361 (sbs=10.5412) vs_sbs=-0.05%
[epoch 17] update=180/1422 total=22932 loss=0.59089 KL=0.00512 lr=5e-05 samples/s=1878
[epoch 17] update=360/1422 total=23112 loss=0.58947 KL=0.00528 lr=5e-05 samples/s=1878
[epoch 17] update=540/1422 total=23292 loss=0.58790 KL=0.00528 lr=5e-05 samples/s=1878
[epoch 17] update=720/1422 total=23472 loss=0.58756 KL=0.00528 lr=5e-05 samples/s=1880
[epoch 17] update=900/1422 total=23652 loss=0.58775 KL=0.00526 lr=5e-05 samples/s=1878
[epoch 17] update=1080/1422 total=23832 loss=0.58784 KL=0.00529 lr=5e-05 samples/s=1879
[epoch 17] update=1260/1422 total=24012 loss=0.58759 KL=0.00530 lr=5e-05 samples/s=1880
[epoch 17] update=1422/1422 total=24174 loss=0.58760 KL=0.00530 lr=5e-05 samples/s=1866
[R46A val epoch 17] macro_top1=0.4816 top2=0.8154 top3=0.9200 vs_sbs=-1.012% vbs_closed=+29.16%
       TSP: top1=0.344 mean_cost=7.9205 (sbs=7.9578) vs_sbs=-0.47%
      CVRP: top1=0.477 mean_cost=18.2008 (sbs=18.2943) vs_sbs=-0.51%
      ATSP: top1=0.763 mean_cost=1.6373 (sbs=1.6735) vs_sbs=-2.17%
      OVRP: top1=0.355 mean_cost=7.4559 (sbs=7.4617) vs_sbs=-0.08%
      VRPB: top1=0.549 mean_cost=9.3347 (sbs=9.3403) vs_sbs=-0.06%
      VRPL: top1=0.294 mean_cost=12.4058 (sbs=12.4072) vs_sbs=-0.01%
     VRPTW: top1=0.440 mean_cost=17.9068 (sbs=18.6571) vs_sbs=-4.02%
    OVRPTW: top1=0.512 mean_cost=10.0431 (sbs=10.0484) vs_sbs=-0.05%
     OVRPB: top1=0.572 mean_cost=6.3176 (sbs=6.3220) vs_sbs=-0.07%
     OVRPL: top1=0.373 mean_cost=7.4348 (sbs=7.4376) vs_sbs=-0.04%
     VRPBL: top1=0.562 mean_cost=9.3527 (sbs=9.3593) vs_sbs=-0.07%
    VRPBTW: top1=0.451 mean_cost=19.0442 (sbs=19.6697) vs_sbs=-3.18%
    VRPLTW: top1=0.448 mean_cost=17.7003 (sbs=18.5091) vs_sbs=-4.37%
    OVRPBL: top1=0.559 mean_cost=6.3067 (sbs=6.3103) vs_sbs=-0.06%
   OVRPBTW: top1=0.517 mean_cost=10.4971 (sbs=10.5068) vs_sbs=-0.09%
   OVRPLTW: top1=0.518 mean_cost=10.1260 (sbs=10.1272) vs_sbs=-0.01%
   VRPBLTW: top1=0.424 mean_cost=18.9591 (sbs=19.5198) vs_sbs=-2.87%
  OVRPBLTW: top1=0.510 mean_cost=10.5325 (sbs=10.5412) vs_sbs=-0.08%
[epoch 18] update=180/1422 total=24354 loss=0.58572 KL=0.00528 lr=5e-05 samples/s=1883
[epoch 18] update=360/1422 total=24534 loss=0.58596 KL=0.00528 lr=5e-05 samples/s=1881
[epoch 18] update=540/1422 total=24714 loss=0.58683 KL=0.00530 lr=5e-05 samples/s=1881
[epoch 18] update=720/1422 total=24894 loss=0.58663 KL=0.00531 lr=5e-05 samples/s=1880
[epoch 18] update=900/1422 total=25074 loss=0.58615 KL=0.00534 lr=5e-05 samples/s=1881
[epoch 18] update=1080/1422 total=25254 loss=0.58601 KL=0.00533 lr=5e-05 samples/s=1878
[epoch 18] update=1260/1422 total=25434 loss=0.58628 KL=0.00533 lr=5e-05 samples/s=1874
[epoch 18] update=1422/1422 total=25596 loss=0.58624 KL=0.00535 lr=5e-05 samples/s=1861
[R46A val epoch 18] macro_top1=0.4777 top2=0.8147 top3=0.9204 vs_sbs=-1.018% vbs_closed=+29.01%
       TSP: top1=0.329 mean_cost=7.9194 (sbs=7.9578) vs_sbs=-0.48%
      CVRP: top1=0.477 mean_cost=18.2021 (sbs=18.2943) vs_sbs=-0.50%
      ATSP: top1=0.766 mean_cost=1.6383 (sbs=1.6735) vs_sbs=-2.11%
      OVRP: top1=0.335 mean_cost=7.4587 (sbs=7.4617) vs_sbs=-0.04%
      VRPB: top1=0.560 mean_cost=9.3328 (sbs=9.3403) vs_sbs=-0.08%
      VRPL: top1=0.323 mean_cost=12.4015 (sbs=12.4072) vs_sbs=-0.05%
     VRPTW: top1=0.459 mean_cost=17.8996 (sbs=18.6571) vs_sbs=-4.06%
    OVRPTW: top1=0.513 mean_cost=10.0421 (sbs=10.0484) vs_sbs=-0.06%
     OVRPB: top1=0.567 mean_cost=6.3196 (sbs=6.3220) vs_sbs=-0.04%
     OVRPL: top1=0.367 mean_cost=7.4331 (sbs=7.4376) vs_sbs=-0.06%
     VRPBL: top1=0.539 mean_cost=9.3558 (sbs=9.3593) vs_sbs=-0.04%
    VRPBTW: top1=0.425 mean_cost=19.0534 (sbs=19.6697) vs_sbs=-3.13%
    VRPLTW: top1=0.448 mean_cost=17.6414 (sbs=18.5091) vs_sbs=-4.69%
    OVRPBL: top1=0.537 mean_cost=6.3098 (sbs=6.3103) vs_sbs=-0.01%
   OVRPBTW: top1=0.524 mean_cost=10.4956 (sbs=10.5068) vs_sbs=-0.11%
   OVRPLTW: top1=0.497 mean_cost=10.1261 (sbs=10.1272) vs_sbs=-0.01%
   VRPBLTW: top1=0.428 mean_cost=18.9716 (sbs=19.5198) vs_sbs=-2.81%
  OVRPBLTW: top1=0.505 mean_cost=10.5353 (sbs=10.5412) vs_sbs=-0.06%
[epoch 19] update=180/1422 total=25776 loss=0.58415 KL=0.00551 lr=5e-05 samples/s=1858
[AMP retry] same batch; lower scale=65536.0
[epoch 19] update=360/1422 total=25956 loss=0.58583 KL=0.00550 lr=5e-05 samples/s=1841
[epoch 19] update=540/1422 total=26136 loss=0.58590 KL=0.00549 lr=5e-05 samples/s=1845
[epoch 19] update=720/1422 total=26316 loss=0.58569 KL=0.00550 lr=5e-05 samples/s=1850
[epoch 19] update=900/1422 total=26496 loss=0.58585 KL=0.00548 lr=5e-05 samples/s=1855
[epoch 19] update=1080/1422 total=26676 loss=0.58557 KL=0.00547 lr=5e-05 samples/s=1858
[AMP retry] same batch; lower scale=32768.0
[epoch 19] update=1260/1422 total=26856 loss=0.58530 KL=0.00545 lr=5e-05 samples/s=1856
[epoch 19] update=1422/1422 total=27018 loss=0.58522 KL=0.00545 lr=5e-05 samples/s=1844
[R46A val epoch 19] macro_top1=0.4788 top2=0.8186 top3=0.9223 vs_sbs=-1.027% vbs_closed=+29.09%
       TSP: top1=0.343 mean_cost=7.9177 (sbs=7.9578) vs_sbs=-0.50%
      CVRP: top1=0.491 mean_cost=18.2001 (sbs=18.2943) vs_sbs=-0.52%
      ATSP: top1=0.774 mean_cost=1.6356 (sbs=1.6735) vs_sbs=-2.26%
      OVRP: top1=0.305 mean_cost=7.4599 (sbs=7.4617) vs_sbs=-0.02%
      VRPB: top1=0.550 mean_cost=9.3343 (sbs=9.3403) vs_sbs=-0.06%
      VRPL: top1=0.296 mean_cost=12.4028 (sbs=12.4072) vs_sbs=-0.04%
     VRPTW: top1=0.449 mean_cost=17.9006 (sbs=18.6571) vs_sbs=-4.05%
    OVRPTW: top1=0.504 mean_cost=10.0461 (sbs=10.0484) vs_sbs=-0.02%
     OVRPB: top1=0.565 mean_cost=6.3194 (sbs=6.3220) vs_sbs=-0.04%
     OVRPL: top1=0.389 mean_cost=7.4318 (sbs=7.4376) vs_sbs=-0.08%
     VRPBL: top1=0.529 mean_cost=9.3615 (sbs=9.3593) vs_sbs=+0.02%
    VRPBTW: top1=0.453 mean_cost=19.0462 (sbs=19.6697) vs_sbs=-3.17%
    VRPLTW: top1=0.459 mean_cost=17.6557 (sbs=18.5091) vs_sbs=-4.61%
    OVRPBL: top1=0.558 mean_cost=6.3057 (sbs=6.3103) vs_sbs=-0.07%
   OVRPBTW: top1=0.494 mean_cost=10.5008 (sbs=10.5068) vs_sbs=-0.06%
   OVRPLTW: top1=0.521 mean_cost=10.1238 (sbs=10.1272) vs_sbs=-0.03%
   VRPBLTW: top1=0.427 mean_cost=18.9567 (sbs=19.5198) vs_sbs=-2.88%
  OVRPBLTW: top1=0.512 mean_cost=10.5323 (sbs=10.5412) vs_sbs=-0.08%
[epoch 20] update=180/1422 total=27198 loss=0.58374 KL=0.00560 lr=5e-05 samples/s=1897
[epoch 20] update=360/1422 total=27378 loss=0.58469 KL=0.00552 lr=5e-05 samples/s=1888
[epoch 20] update=540/1422 total=27558 loss=0.58505 KL=0.00546 lr=5e-05 samples/s=1881
[epoch 20] update=720/1422 total=27738 loss=0.58390 KL=0.00549 lr=5e-05 samples/s=1879
[epoch 20] update=900/1422 total=27918 loss=0.58379 KL=0.00551 lr=5e-05 samples/s=1879
[epoch 20] update=1080/1422 total=28098 loss=0.58416 KL=0.00551 lr=5e-05 samples/s=1879
[epoch 20] update=1260/1422 total=28278 loss=0.58448 KL=0.00549 lr=5e-05 samples/s=1879
[epoch 20] update=1422/1422 total=28440 loss=0.58403 KL=0.00550 lr=5e-05 samples/s=1864
[R46A val epoch 20] macro_top1=0.4793 top2=0.8142 top3=0.9211 vs_sbs=-1.039% vbs_closed=+29.12%
       TSP: top1=0.349 mean_cost=7.9205 (sbs=7.9578) vs_sbs=-0.47%
      CVRP: top1=0.495 mean_cost=18.2046 (sbs=18.2943) vs_sbs=-0.49%
      ATSP: top1=0.778 mean_cost=1.6349 (sbs=1.6735) vs_sbs=-2.31%
      OVRP: top1=0.321 mean_cost=7.4598 (sbs=7.4617) vs_sbs=-0.02%
      VRPB: top1=0.552 mean_cost=9.3353 (sbs=9.3403) vs_sbs=-0.05%
      VRPL: top1=0.297 mean_cost=12.4040 (sbs=12.4072) vs_sbs=-0.03%
     VRPTW: top1=0.452 mean_cost=17.8913 (sbs=18.6571) vs_sbs=-4.10%
    OVRPTW: top1=0.499 mean_cost=10.0416 (sbs=10.0484) vs_sbs=-0.07%
     OVRPB: top1=0.580 mean_cost=6.3163 (sbs=6.3220) vs_sbs=-0.09%
     OVRPL: top1=0.342 mean_cost=7.4406 (sbs=7.4376) vs_sbs=+0.04%
     VRPBL: top1=0.556 mean_cost=9.3532 (sbs=9.3593) vs_sbs=-0.07%
    VRPBTW: top1=0.434 mean_cost=19.0556 (sbs=19.6697) vs_sbs=-3.12%
    VRPLTW: top1=0.479 mean_cost=17.6170 (sbs=18.5091) vs_sbs=-4.82%
    OVRPBL: top1=0.569 mean_cost=6.3057 (sbs=6.3103) vs_sbs=-0.07%
   OVRPBTW: top1=0.502 mean_cost=10.4989 (sbs=10.5068) vs_sbs=-0.08%
   OVRPLTW: top1=0.505 mean_cost=10.1238 (sbs=10.1272) vs_sbs=-0.03%
   VRPBLTW: top1=0.424 mean_cost=18.9593 (sbs=19.5198) vs_sbs=-2.87%
  OVRPBLTW: top1=0.493 mean_cost=10.5367 (sbs=10.5412) vs_sbs=-0.04%
[epoch 21] update=180/1422 total=28620 loss=0.58376 KL=0.00549 lr=5e-05 samples/s=1887
[epoch 21] update=360/1422 total=28800 loss=0.58401 KL=0.00564 lr=5e-05 samples/s=1878
[epoch 21] update=540/1422 total=28980 loss=0.58453 KL=0.00554 lr=5e-05 samples/s=1873
[epoch 21] update=720/1422 total=29160 loss=0.58370 KL=0.00552 lr=5e-05 samples/s=1864
[epoch 21] update=900/1422 total=29340 loss=0.58295 KL=0.00555 lr=5e-05 samples/s=1858
[AMP retry] same batch; lower scale=32768.0
[epoch 21] update=1080/1422 total=29520 loss=0.58252 KL=0.00556 lr=5e-05 samples/s=1850
[epoch 21] update=1260/1422 total=29700 loss=0.58311 KL=0.00556 lr=5e-05 samples/s=1849
[epoch 21] update=1422/1422 total=29862 loss=0.58322 KL=0.00556 lr=5e-05 samples/s=1834
[R46A val epoch 21] macro_top1=0.4776 top2=0.8157 top3=0.9194 vs_sbs=-1.020% vbs_closed=+29.40%
       TSP: top1=0.335 mean_cost=7.9184 (sbs=7.9578) vs_sbs=-0.50%
      CVRP: top1=0.494 mean_cost=18.1951 (sbs=18.2943) vs_sbs=-0.54%
      ATSP: top1=0.761 mean_cost=1.6383 (sbs=1.6735) vs_sbs=-2.10%
      OVRP: top1=0.342 mean_cost=7.4568 (sbs=7.4617) vs_sbs=-0.06%
      VRPB: top1=0.561 mean_cost=9.3328 (sbs=9.3403) vs_sbs=-0.08%
      VRPL: top1=0.315 mean_cost=12.4019 (sbs=12.4072) vs_sbs=-0.04%
     VRPTW: top1=0.450 mean_cost=17.9041 (sbs=18.6571) vs_sbs=-4.04%
    OVRPTW: top1=0.504 mean_cost=10.0383 (sbs=10.0484) vs_sbs=-0.10%
     OVRPB: top1=0.578 mean_cost=6.3174 (sbs=6.3220) vs_sbs=-0.07%
     OVRPL: top1=0.374 mean_cost=7.4353 (sbs=7.4376) vs_sbs=-0.03%
     VRPBL: top1=0.543 mean_cost=9.3586 (sbs=9.3593) vs_sbs=-0.01%
    VRPBTW: top1=0.432 mean_cost=19.0656 (sbs=19.6697) vs_sbs=-3.07%
    VRPLTW: top1=0.431 mean_cost=17.6545 (sbs=18.5091) vs_sbs=-4.62%
    OVRPBL: top1=0.566 mean_cost=6.3040 (sbs=6.3103) vs_sbs=-0.10%
   OVRPBTW: top1=0.482 mean_cost=10.5046 (sbs=10.5068) vs_sbs=-0.02%
   OVRPLTW: top1=0.492 mean_cost=10.1306 (sbs=10.1272) vs_sbs=+0.03%
   VRPBLTW: top1=0.430 mean_cost=18.9535 (sbs=19.5198) vs_sbs=-2.90%
  OVRPBLTW: top1=0.507 mean_cost=10.5306 (sbs=10.5412) vs_sbs=-0.10%
[epoch 22] update=180/1422 total=30042 loss=0.58393 KL=0.00547 lr=5e-05 samples/s=1853
[epoch 22] update=360/1422 total=30222 loss=0.58376 KL=0.00552 lr=5e-05 samples/s=1870
[epoch 22] update=540/1422 total=30402 loss=0.58295 KL=0.00556 lr=5e-05 samples/s=1876
[epoch 22] update=720/1422 total=30582 loss=0.58247 KL=0.00563 lr=5e-05 samples/s=1880
[epoch 22] update=900/1422 total=30762 loss=0.58218 KL=0.00565 lr=5e-05 samples/s=1882
[epoch 22] update=1080/1422 total=30942 loss=0.58214 KL=0.00564 lr=5e-05 samples/s=1870
[epoch 22] update=1260/1422 total=31122 loss=0.58199 KL=0.00564 lr=5e-05 samples/s=1855
[epoch 22] update=1422/1422 total=31284 loss=0.58224 KL=0.00564 lr=5e-05 samples/s=1833
[R46A val epoch 22] macro_top1=0.4775 top2=0.8136 top3=0.9201 vs_sbs=-1.008% vbs_closed=+27.84%
       TSP: top1=0.336 mean_cost=7.9193 (sbs=7.9578) vs_sbs=-0.48%
      CVRP: top1=0.467 mean_cost=18.2155 (sbs=18.2943) vs_sbs=-0.43%
      ATSP: top1=0.749 mean_cost=1.6363 (sbs=1.6735) vs_sbs=-2.22%
      OVRP: top1=0.342 mean_cost=7.4561 (sbs=7.4617) vs_sbs=-0.07%
      VRPB: top1=0.551 mean_cost=9.3330 (sbs=9.3403) vs_sbs=-0.08%
      VRPL: top1=0.285 mean_cost=12.4103 (sbs=12.4072) vs_sbs=+0.02%
     VRPTW: top1=0.447 mean_cost=17.9108 (sbs=18.6571) vs_sbs=-4.00%
    OVRPTW: top1=0.518 mean_cost=10.0434 (sbs=10.0484) vs_sbs=-0.05%
     OVRPB: top1=0.589 mean_cost=6.3154 (sbs=6.3220) vs_sbs=-0.10%
     OVRPL: top1=0.351 mean_cost=7.4386 (sbs=7.4376) vs_sbs=+0.01%
     VRPBL: top1=0.555 mean_cost=9.3562 (sbs=9.3593) vs_sbs=-0.03%
    VRPBTW: top1=0.451 mean_cost=19.0533 (sbs=19.6697) vs_sbs=-3.13%
    VRPLTW: top1=0.443 mean_cost=17.6676 (sbs=18.5091) vs_sbs=-4.55%
    OVRPBL: top1=0.560 mean_cost=6.3087 (sbs=6.3103) vs_sbs=-0.03%
   OVRPBTW: top1=0.513 mean_cost=10.4970 (sbs=10.5068) vs_sbs=-0.09%
   OVRPLTW: top1=0.503 mean_cost=10.1296 (sbs=10.1272) vs_sbs=+0.02%
   VRPBLTW: top1=0.428 mean_cost=18.9634 (sbs=19.5198) vs_sbs=-2.85%
  OVRPBLTW: top1=0.507 mean_cost=10.5325 (sbs=10.5412) vs_sbs=-0.08%
[epoch 23] update=180/1422 total=31464 loss=0.58050 KL=0.00546 lr=5e-05 samples/s=1750
[epoch 23] update=360/1422 total=31644 loss=0.58110 KL=0.00557 lr=5e-05 samples/s=1752
[epoch 23] update=540/1422 total=31824 loss=0.58122 KL=0.00567 lr=5e-05 samples/s=1755
[epoch 23] update=720/1422 total=32004 loss=0.58199 KL=0.00571 lr=5e-05 samples/s=1769
[epoch 23] update=900/1422 total=32184 loss=0.58135 KL=0.00572 lr=5e-05 samples/s=1794
[epoch 23] update=1080/1422 total=32364 loss=0.58187 KL=0.00568 lr=5e-05 samples/s=1809
[epoch 23] update=1260/1422 total=32544 loss=0.58244 KL=0.00565 lr=5e-05 samples/s=1820
[epoch 23] update=1422/1422 total=32706 loss=0.58214 KL=0.00564 lr=5e-05 samples/s=1813
[R46A val epoch 23] macro_top1=0.4872 top2=0.8208 top3=0.9232 vs_sbs=-1.044% vbs_closed=+30.08%
       TSP: top1=0.347 mean_cost=7.9185 (sbs=7.9578) vs_sbs=-0.49%
      CVRP: top1=0.487 mean_cost=18.2110 (sbs=18.2943) vs_sbs=-0.46%
      ATSP: top1=0.788 mean_cost=1.6351 (sbs=1.6735) vs_sbs=-2.29%
      OVRP: top1=0.356 mean_cost=7.4555 (sbs=7.4617) vs_sbs=-0.08%
      VRPB: top1=0.557 mean_cost=9.3344 (sbs=9.3403) vs_sbs=-0.06%
      VRPL: top1=0.315 mean_cost=12.4032 (sbs=12.4072) vs_sbs=-0.03%
     VRPTW: top1=0.465 mean_cost=17.8875 (sbs=18.6571) vs_sbs=-4.13%
    OVRPTW: top1=0.505 mean_cost=10.0470 (sbs=10.0484) vs_sbs=-0.01%
     OVRPB: top1=0.581 mean_cost=6.3179 (sbs=6.3220) vs_sbs=-0.06%
     OVRPL: top1=0.404 mean_cost=7.4309 (sbs=7.4376) vs_sbs=-0.09%
     VRPBL: top1=0.549 mean_cost=9.3534 (sbs=9.3593) vs_sbs=-0.06%
    VRPBTW: top1=0.442 mean_cost=19.0400 (sbs=19.6697) vs_sbs=-3.20%
    VRPLTW: top1=0.454 mean_cost=17.6449 (sbs=18.5091) vs_sbs=-4.67%
    OVRPBL: top1=0.558 mean_cost=6.3077 (sbs=6.3103) vs_sbs=-0.04%
   OVRPBTW: top1=0.507 mean_cost=10.4999 (sbs=10.5068) vs_sbs=-0.07%
   OVRPLTW: top1=0.514 mean_cost=10.1248 (sbs=10.1272) vs_sbs=-0.02%
   VRPBLTW: top1=0.425 mean_cost=18.9561 (sbs=19.5198) vs_sbs=-2.89%
  OVRPBLTW: top1=0.516 mean_cost=10.5282 (sbs=10.5412) vs_sbs=-0.12%
[epoch 24] update=180/1422 total=32886 loss=0.58264 KL=0.00585 lr=5e-05 samples/s=1879
[epoch 24] update=360/1422 total=33066 loss=0.58095 KL=0.00582 lr=5e-05 samples/s=1878
[epoch 24] update=540/1422 total=33246 loss=0.58066 KL=0.00582 lr=5e-05 samples/s=1880
[epoch 24] update=720/1422 total=33426 loss=0.58118 KL=0.00577 lr=5e-05 samples/s=1878
[epoch 24] update=900/1422 total=33606 loss=0.58093 KL=0.00581 lr=5e-05 samples/s=1878
[AMP retry] same batch; lower scale=65536.0
[epoch 24] update=1080/1422 total=33786 loss=0.58089 KL=0.00583 lr=5e-05 samples/s=1875
[epoch 24] update=1260/1422 total=33966 loss=0.58065 KL=0.00580 lr=5e-05 samples/s=1875
[AMP retry] same batch; lower scale=32768.0
[epoch 24] update=1422/1422 total=34128 loss=0.58123 KL=0.00578 lr=5e-05 samples/s=1857
[R46A val epoch 24] macro_top1=0.4755 top2=0.8171 top3=0.9209 vs_sbs=-0.966% vbs_closed=+27.53%
       TSP: top1=0.331 mean_cost=7.9199 (sbs=7.9578) vs_sbs=-0.48%
      CVRP: top1=0.483 mean_cost=18.2085 (sbs=18.2943) vs_sbs=-0.47%
      ATSP: top1=0.736 mean_cost=1.6369 (sbs=1.6735) vs_sbs=-2.19%
      OVRP: top1=0.340 mean_cost=7.4583 (sbs=7.4617) vs_sbs=-0.05%
      VRPB: top1=0.539 mean_cost=9.3366 (sbs=9.3403) vs_sbs=-0.04%
      VRPL: top1=0.315 mean_cost=12.4027 (sbs=12.4072) vs_sbs=-0.04%
     VRPTW: top1=0.427 mean_cost=17.9738 (sbs=18.6571) vs_sbs=-3.66%
    OVRPTW: top1=0.506 mean_cost=10.0412 (sbs=10.0484) vs_sbs=-0.07%
     OVRPB: top1=0.575 mean_cost=6.3171 (sbs=6.3220) vs_sbs=-0.08%
     OVRPL: top1=0.405 mean_cost=7.4332 (sbs=7.4376) vs_sbs=-0.06%
     VRPBL: top1=0.515 mean_cost=9.3653 (sbs=9.3593) vs_sbs=+0.06%
    VRPBTW: top1=0.459 mean_cost=19.0473 (sbs=19.6697) vs_sbs=-3.16%
    VRPLTW: top1=0.443 mean_cost=17.7657 (sbs=18.5091) vs_sbs=-4.02%
    OVRPBL: top1=0.579 mean_cost=6.3035 (sbs=6.3103) vs_sbs=-0.11%
   OVRPBTW: top1=0.481 mean_cost=10.5033 (sbs=10.5068) vs_sbs=-0.03%
   OVRPLTW: top1=0.505 mean_cost=10.1280 (sbs=10.1272) vs_sbs=+0.01%
   VRPBLTW: top1=0.433 mean_cost=18.9484 (sbs=19.5198) vs_sbs=-2.93%
  OVRPBLTW: top1=0.487 mean_cost=10.5323 (sbs=10.5412) vs_sbs=-0.08%
[epoch 25] update=180/1422 total=34308 loss=0.58160 KL=0.00562 lr=5e-05 samples/s=1886
[epoch 25] update=360/1422 total=34488 loss=0.58148 KL=0.00569 lr=5e-05 samples/s=1882
[epoch 25] update=540/1422 total=34668 loss=0.58142 KL=0.00577 lr=5e-05 samples/s=1882
[epoch 25] update=720/1422 total=34848 loss=0.58045 KL=0.00586 lr=5e-05 samples/s=1862
[epoch 25] update=900/1422 total=35028 loss=0.58044 KL=0.00587 lr=5e-05 samples/s=1867
[epoch 25] update=1080/1422 total=35208 loss=0.58049 KL=0.00584 lr=5e-05 samples/s=1871
[epoch 25] update=1260/1422 total=35388 loss=0.58009 KL=0.00590 lr=5e-05 samples/s=1875
[epoch 25] update=1422/1422 total=35550 loss=0.58024 KL=0.00592 lr=5e-05 samples/s=1862
[R46A val epoch 25] macro_top1=0.4828 top2=0.8189 top3=0.9224 vs_sbs=-1.000% vbs_closed=+29.33%
       TSP: top1=0.346 mean_cost=7.9216 (sbs=7.9578) vs_sbs=-0.45%
      CVRP: top1=0.485 mean_cost=18.2136 (sbs=18.2943) vs_sbs=-0.44%
      ATSP: top1=0.771 mean_cost=1.6364 (sbs=1.6735) vs_sbs=-2.22%
      OVRP: top1=0.350 mean_cost=7.4570 (sbs=7.4617) vs_sbs=-0.06%
      VRPB: top1=0.555 mean_cost=9.3313 (sbs=9.3403) vs_sbs=-0.10%
      VRPL: top1=0.312 mean_cost=12.4020 (sbs=12.4072) vs_sbs=-0.04%
     VRPTW: top1=0.447 mean_cost=17.9585 (sbs=18.6571) vs_sbs=-3.74%
    OVRPTW: top1=0.520 mean_cost=10.0397 (sbs=10.0484) vs_sbs=-0.09%
     OVRPB: top1=0.586 mean_cost=6.3152 (sbs=6.3220) vs_sbs=-0.11%
     OVRPL: top1=0.403 mean_cost=7.4324 (sbs=7.4376) vs_sbs=-0.07%
     VRPBL: top1=0.540 mean_cost=9.3560 (sbs=9.3593) vs_sbs=-0.04%
    VRPBTW: top1=0.434 mean_cost=19.0693 (sbs=19.6697) vs_sbs=-3.05%
    VRPLTW: top1=0.442 mean_cost=17.6810 (sbs=18.5091) vs_sbs=-4.47%
    OVRPBL: top1=0.581 mean_cost=6.3060 (sbs=6.3103) vs_sbs=-0.07%
   OVRPBTW: top1=0.484 mean_cost=10.4996 (sbs=10.5068) vs_sbs=-0.07%
   OVRPLTW: top1=0.524 mean_cost=10.1253 (sbs=10.1272) vs_sbs=-0.02%
   VRPBLTW: top1=0.417 mean_cost=18.9528 (sbs=19.5198) vs_sbs=-2.90%
  OVRPBLTW: top1=0.494 mean_cost=10.5343 (sbs=10.5412) vs_sbs=-0.07%
[epoch 26] update=180/1422 total=35730 loss=0.58314 KL=0.00593 lr=5e-05 samples/s=1898
[epoch 26] update=360/1422 total=35910 loss=0.57972 KL=0.00591 lr=5e-05 samples/s=1886
[epoch 26] update=540/1422 total=36090 loss=0.58005 KL=0.00588 lr=5e-05 samples/s=1882
[epoch 26] update=720/1422 total=36270 loss=0.57960 KL=0.00593 lr=5e-05 samples/s=1881
[epoch 26] update=900/1422 total=36450 loss=0.57973 KL=0.00593 lr=5e-05 samples/s=1880
[epoch 26] update=1080/1422 total=36630 loss=0.57935 KL=0.00593 lr=5e-05 samples/s=1880
[epoch 26] update=1260/1422 total=36810 loss=0.57953 KL=0.00592 lr=5e-05 samples/s=1880
[epoch 26] update=1422/1422 total=36972 loss=0.57991 KL=0.00592 lr=5e-05 samples/s=1866
[R46A val epoch 26] macro_top1=0.4792 top2=0.8142 top3=0.9197 vs_sbs=-1.021% vbs_closed=+27.57%
       TSP: top1=0.350 mean_cost=7.9219 (sbs=7.9578) vs_sbs=-0.45%
      CVRP: top1=0.477 mean_cost=18.2127 (sbs=18.2943) vs_sbs=-0.45%
      ATSP: top1=0.783 mean_cost=1.6348 (sbs=1.6735) vs_sbs=-2.31%
      OVRP: top1=0.343 mean_cost=7.4568 (sbs=7.4617) vs_sbs=-0.06%
      VRPB: top1=0.557 mean_cost=9.3335 (sbs=9.3403) vs_sbs=-0.07%
      VRPL: top1=0.282 mean_cost=12.4115 (sbs=12.4072) vs_sbs=+0.03%
     VRPTW: top1=0.455 mean_cost=17.9283 (sbs=18.6571) vs_sbs=-3.91%
    OVRPTW: top1=0.519 mean_cost=10.0462 (sbs=10.0484) vs_sbs=-0.02%
     OVRPB: top1=0.573 mean_cost=6.3179 (sbs=6.3220) vs_sbs=-0.06%
     OVRPL: top1=0.382 mean_cost=7.4326 (sbs=7.4376) vs_sbs=-0.07%
     VRPBL: top1=0.527 mean_cost=9.3616 (sbs=9.3593) vs_sbs=+0.02%
    VRPBTW: top1=0.414 mean_cost=19.0584 (sbs=19.6697) vs_sbs=-3.11%
    VRPLTW: top1=0.482 mean_cost=17.6163 (sbs=18.5091) vs_sbs=-4.82%
    OVRPBL: top1=0.553 mean_cost=6.3075 (sbs=6.3103) vs_sbs=-0.04%
   OVRPBTW: top1=0.509 mean_cost=10.5005 (sbs=10.5068) vs_sbs=-0.06%
   OVRPLTW: top1=0.478 mean_cost=10.1331 (sbs=10.1272) vs_sbs=+0.06%
   VRPBLTW: top1=0.433 mean_cost=18.9434 (sbs=19.5198) vs_sbs=-2.95%
  OVRPBLTW: top1=0.508 mean_cost=10.5313 (sbs=10.5412) vs_sbs=-0.09%
[epoch 27] update=180/1422 total=37152 loss=0.57617 KL=0.00596 lr=2.5e-05 samples/s=1887
[epoch 27] update=360/1422 total=37332 loss=0.57549 KL=0.00601 lr=2.5e-05 samples/s=1872
[epoch 27] update=540/1422 total=37512 loss=0.57487 KL=0.00610 lr=2.5e-05 samples/s=1856
[epoch 27] update=720/1422 total=37692 loss=0.57489 KL=0.00614 lr=2.5e-05 samples/s=1822
[epoch 27] update=900/1422 total=37872 loss=0.57438 KL=0.00618 lr=2.5e-05 samples/s=1795
[epoch 27] update=1080/1422 total=38052 loss=0.57454 KL=0.00624 lr=2.5e-05 samples/s=1782
[epoch 27] update=1260/1422 total=38232 loss=0.57448 KL=0.00624 lr=2.5e-05 samples/s=1774
[epoch 27] update=1422/1422 total=38394 loss=0.57447 KL=0.00625 lr=2.5e-05 samples/s=1763
[R46A val epoch 27] macro_top1=0.4857 top2=0.8207 top3=0.9220 vs_sbs=-1.032% vbs_closed=+30.14%
       TSP: top1=0.345 mean_cost=7.9224 (sbs=7.9578) vs_sbs=-0.44%
      CVRP: top1=0.482 mean_cost=18.2155 (sbs=18.2943) vs_sbs=-0.43%
      ATSP: top1=0.787 mean_cost=1.6346 (sbs=1.6735) vs_sbs=-2.32%
      OVRP: top1=0.345 mean_cost=7.4573 (sbs=7.4617) vs_sbs=-0.06%
      VRPB: top1=0.558 mean_cost=9.3304 (sbs=9.3403) vs_sbs=-0.11%
      VRPL: top1=0.319 mean_cost=12.4009 (sbs=12.4072) vs_sbs=-0.05%
     VRPTW: top1=0.459 mean_cost=17.9108 (sbs=18.6571) vs_sbs=-4.00%
    OVRPTW: top1=0.515 mean_cost=10.0413 (sbs=10.0484) vs_sbs=-0.07%
     OVRPB: top1=0.570 mean_cost=6.3185 (sbs=6.3220) vs_sbs=-0.06%
     OVRPL: top1=0.419 mean_cost=7.4302 (sbs=7.4376) vs_sbs=-0.10%
     VRPBL: top1=0.545 mean_cost=9.3544 (sbs=9.3593) vs_sbs=-0.05%
    VRPBTW: top1=0.426 mean_cost=19.0554 (sbs=19.6697) vs_sbs=-3.12%
    VRPLTW: top1=0.459 mean_cost=17.6457 (sbs=18.5091) vs_sbs=-4.66%
    OVRPBL: top1=0.566 mean_cost=6.3042 (sbs=6.3103) vs_sbs=-0.10%
   OVRPBTW: top1=0.515 mean_cost=10.4987 (sbs=10.5068) vs_sbs=-0.08%
   OVRPLTW: top1=0.506 mean_cost=10.1247 (sbs=10.1272) vs_sbs=-0.02%
   VRPBLTW: top1=0.421 mean_cost=18.9627 (sbs=19.5198) vs_sbs=-2.85%
  OVRPBLTW: top1=0.505 mean_cost=10.5361 (sbs=10.5412) vs_sbs=-0.05%
[epoch 28] update=180/1422 total=38574 loss=0.57399 KL=0.00637 lr=2.5e-05 samples/s=1908
[epoch 28] update=360/1422 total=38754 loss=0.57340 KL=0.00641 lr=2.5e-05 samples/s=1907
[epoch 28] update=540/1422 total=38934 loss=0.57303 KL=0.00656 lr=2.5e-05 samples/s=1908
[epoch 28] update=720/1422 total=39114 loss=0.57339 KL=0.00651 lr=2.5e-05 samples/s=1909
[epoch 28] update=900/1422 total=39294 loss=0.57313 KL=0.00650 lr=2.5e-05 samples/s=1906
[epoch 28] update=1080/1422 total=39474 loss=0.57330 KL=0.00652 lr=2.5e-05 samples/s=1888
[epoch 28] update=1260/1422 total=39654 loss=0.57332 KL=0.00651 lr=2.5e-05 samples/s=1874
[epoch 28] update=1422/1422 total=39816 loss=0.57351 KL=0.00651 lr=2.5e-05 samples/s=1851
[R46A val epoch 28] macro_top1=0.4857 top2=0.8186 top3=0.9221 vs_sbs=-1.049% vbs_closed=+31.06%
       TSP: top1=0.344 mean_cost=7.9186 (sbs=7.9578) vs_sbs=-0.49%
      CVRP: top1=0.481 mean_cost=18.2045 (sbs=18.2943) vs_sbs=-0.49%
      ATSP: top1=0.783 mean_cost=1.6347 (sbs=1.6735) vs_sbs=-2.32%
      OVRP: top1=0.375 mean_cost=7.4542 (sbs=7.4617) vs_sbs=-0.10%
      VRPB: top1=0.559 mean_cost=9.3311 (sbs=9.3403) vs_sbs=-0.10%
      VRPL: top1=0.311 mean_cost=12.4040 (sbs=12.4072) vs_sbs=-0.03%
     VRPTW: top1=0.441 mean_cost=17.9188 (sbs=18.6571) vs_sbs=-3.96%
    OVRPTW: top1=0.494 mean_cost=10.0419 (sbs=10.0484) vs_sbs=-0.06%
     OVRPB: top1=0.589 mean_cost=6.3156 (sbs=6.3220) vs_sbs=-0.10%
     OVRPL: top1=0.387 mean_cost=7.4318 (sbs=7.4376) vs_sbs=-0.08%
     VRPBL: top1=0.557 mean_cost=9.3535 (sbs=9.3593) vs_sbs=-0.06%
    VRPBTW: top1=0.447 mean_cost=19.0440 (sbs=19.6697) vs_sbs=-3.18%
    VRPLTW: top1=0.455 mean_cost=17.6365 (sbs=18.5091) vs_sbs=-4.71%
    OVRPBL: top1=0.580 mean_cost=6.3047 (sbs=6.3103) vs_sbs=-0.09%
   OVRPBTW: top1=0.492 mean_cost=10.5027 (sbs=10.5068) vs_sbs=-0.04%
   OVRPLTW: top1=0.511 mean_cost=10.1263 (sbs=10.1272) vs_sbs=-0.01%
   VRPBLTW: top1=0.431 mean_cost=18.9493 (sbs=19.5198) vs_sbs=-2.92%
  OVRPBLTW: top1=0.505 mean_cost=10.5264 (sbs=10.5412) vs_sbs=-0.14%
[epoch 29] update=180/1422 total=39996 loss=0.57382 KL=0.00642 lr=2.5e-05 samples/s=1887
[AMP retry] same batch; lower scale=131072.0
[epoch 29] update=360/1422 total=40176 loss=0.57469 KL=0.00653 lr=2.5e-05 samples/s=1875
[epoch 29] update=540/1422 total=40356 loss=0.57269 KL=0.00652 lr=2.5e-05 samples/s=1882
[epoch 29] update=720/1422 total=40536 loss=0.57228 KL=0.00659 lr=2.5e-05 samples/s=1885
[epoch 29] update=900/1422 total=40716 loss=0.57210 KL=0.00664 lr=2.5e-05 samples/s=1886
[epoch 29] update=1080/1422 total=40896 loss=0.57225 KL=0.00663 lr=2.5e-05 samples/s=1888
[epoch 29] update=1260/1422 total=41076 loss=0.57264 KL=0.00661 lr=2.5e-05 samples/s=1875
[epoch 29] update=1422/1422 total=41238 loss=0.57292 KL=0.00661 lr=2.5e-05 samples/s=1857
[R46A val epoch 29] macro_top1=0.4875 top2=0.8218 top3=0.9231 vs_sbs=-1.047% vbs_closed=+29.88%
       TSP: top1=0.349 mean_cost=7.9264 (sbs=7.9578) vs_sbs=-0.39%
      CVRP: top1=0.486 mean_cost=18.2067 (sbs=18.2943) vs_sbs=-0.48%
      ATSP: top1=0.779 mean_cost=1.6355 (sbs=1.6735) vs_sbs=-2.27%
      OVRP: top1=0.363 mean_cost=7.4554 (sbs=7.4617) vs_sbs=-0.08%
      VRPB: top1=0.552 mean_cost=9.3335 (sbs=9.3403) vs_sbs=-0.07%
      VRPL: top1=0.299 mean_cost=12.4063 (sbs=12.4072) vs_sbs=-0.01%
     VRPTW: top1=0.449 mean_cost=17.8954 (sbs=18.6571) vs_sbs=-4.08%
    OVRPTW: top1=0.502 mean_cost=10.0455 (sbs=10.0484) vs_sbs=-0.03%
     OVRPB: top1=0.593 mean_cost=6.3151 (sbs=6.3220) vs_sbs=-0.11%
     OVRPL: top1=0.415 mean_cost=7.4275 (sbs=7.4376) vs_sbs=-0.13%
     VRPBL: top1=0.528 mean_cost=9.3610 (sbs=9.3593) vs_sbs=+0.02%
    VRPBTW: top1=0.451 mean_cost=19.0335 (sbs=19.6697) vs_sbs=-3.23%
    VRPLTW: top1=0.461 mean_cost=17.6375 (sbs=18.5091) vs_sbs=-4.71%
    OVRPBL: top1=0.587 mean_cost=6.3032 (sbs=6.3103) vs_sbs=-0.11%
   OVRPBTW: top1=0.508 mean_cost=10.5019 (sbs=10.5068) vs_sbs=-0.05%
   OVRPLTW: top1=0.517 mean_cost=10.1242 (sbs=10.1272) vs_sbs=-0.03%
   VRPBLTW: top1=0.431 mean_cost=18.9391 (sbs=19.5198) vs_sbs=-2.97%
  OVRPBLTW: top1=0.505 mean_cost=10.5325 (sbs=10.5412) vs_sbs=-0.08%
[epoch 30] update=180/1422 total=41418 loss=0.56820 KL=0.00684 lr=2.5e-05 samples/s=1817
[epoch 30] update=360/1422 total=41598 loss=0.57086 KL=0.00696 lr=2.5e-05 samples/s=1806
[epoch 30] update=540/1422 total=41778 loss=0.57289 KL=0.00694 lr=2.5e-05 samples/s=1789
[epoch 30] update=720/1422 total=41958 loss=0.57268 KL=0.00690 lr=2.5e-05 samples/s=1783
[epoch 30] update=900/1422 total=42138 loss=0.57287 KL=0.00689 lr=2.5e-05 samples/s=1809
[AMP retry] same batch; lower scale=131072.0
[epoch 30] update=1080/1422 total=42318 loss=0.57275 KL=0.00685 lr=2.5e-05 samples/s=1823
[epoch 30] update=1260/1422 total=42498 loss=0.57279 KL=0.00684 lr=2.5e-05 samples/s=1834
[epoch 30] update=1422/1422 total=42660 loss=0.57251 KL=0.00683 lr=2.5e-05 samples/s=1829
[R46A val epoch 30] macro_top1=0.4883 top2=0.8181 top3=0.9216 vs_sbs=-1.048% vbs_closed=+30.82%
       TSP: top1=0.342 mean_cost=7.9195 (sbs=7.9578) vs_sbs=-0.48%
      CVRP: top1=0.482 mean_cost=18.2060 (sbs=18.2943) vs_sbs=-0.48%
      ATSP: top1=0.788 mean_cost=1.6346 (sbs=1.6735) vs_sbs=-2.33%
      OVRP: top1=0.360 mean_cost=7.4542 (sbs=7.4617) vs_sbs=-0.10%
      VRPB: top1=0.565 mean_cost=9.3300 (sbs=9.3403) vs_sbs=-0.11%
      VRPL: top1=0.321 mean_cost=12.4034 (sbs=12.4072) vs_sbs=-0.03%
     VRPTW: top1=0.470 mean_cost=17.8900 (sbs=18.6571) vs_sbs=-4.11%
    OVRPTW: top1=0.514 mean_cost=10.0437 (sbs=10.0484) vs_sbs=-0.05%
     OVRPB: top1=0.597 mean_cost=6.3141 (sbs=6.3220) vs_sbs=-0.13%
     OVRPL: top1=0.390 mean_cost=7.4316 (sbs=7.4376) vs_sbs=-0.08%
     VRPBL: top1=0.540 mean_cost=9.3566 (sbs=9.3593) vs_sbs=-0.03%
    VRPBTW: top1=0.426 mean_cost=19.0632 (sbs=19.6697) vs_sbs=-3.08%
    VRPLTW: top1=0.456 mean_cost=17.6375 (sbs=18.5091) vs_sbs=-4.71%
    OVRPBL: top1=0.578 mean_cost=6.3041 (sbs=6.3103) vs_sbs=-0.10%
   OVRPBTW: top1=0.517 mean_cost=10.4992 (sbs=10.5068) vs_sbs=-0.07%
   OVRPLTW: top1=0.502 mean_cost=10.1266 (sbs=10.1272) vs_sbs=-0.01%
   VRPBLTW: top1=0.425 mean_cost=18.9549 (sbs=19.5198) vs_sbs=-2.89%
  OVRPBLTW: top1=0.516 mean_cost=10.5332 (sbs=10.5412) vs_sbs=-0.08%
[AMP retry] same batch; lower scale=65536.0
[epoch 31] update=180/1422 total=42840 loss=0.56983 KL=0.00682 lr=2.5e-05 samples/s=1850
[epoch 31] update=360/1422 total=43020 loss=0.57186 KL=0.00690 lr=2.5e-05 samples/s=1867
[epoch 31] update=540/1422 total=43200 loss=0.57275 KL=0.00690 lr=2.5e-05 samples/s=1875
[epoch 31] update=720/1422 total=43380 loss=0.57207 KL=0.00688 lr=2.5e-05 samples/s=1881
[epoch 31] update=900/1422 total=43560 loss=0.57222 KL=0.00689 lr=2.5e-05 samples/s=1883
[epoch 31] update=1080/1422 total=43740 loss=0.57244 KL=0.00690 lr=2.5e-05 samples/s=1885
[epoch 31] update=1260/1422 total=43920 loss=0.57211 KL=0.00690 lr=2.5e-05 samples/s=1887
[epoch 31] update=1422/1422 total=44082 loss=0.57218 KL=0.00690 lr=2.5e-05 samples/s=1877
[R46A val epoch 31] macro_top1=0.4868 top2=0.8217 top3=0.9226 vs_sbs=-1.058% vbs_closed=+30.72%
       TSP: top1=0.344 mean_cost=7.9213 (sbs=7.9578) vs_sbs=-0.46%
      CVRP: top1=0.494 mean_cost=18.2070 (sbs=18.2943) vs_sbs=-0.48%
      ATSP: top1=0.783 mean_cost=1.6353 (sbs=1.6735) vs_sbs=-2.29%
      OVRP: top1=0.358 mean_cost=7.4557 (sbs=7.4617) vs_sbs=-0.08%
      VRPB: top1=0.559 mean_cost=9.3290 (sbs=9.3403) vs_sbs=-0.12%
      VRPL: top1=0.320 mean_cost=12.4041 (sbs=12.4072) vs_sbs=-0.02%
     VRPTW: top1=0.464 mean_cost=17.8887 (sbs=18.6571) vs_sbs=-4.12%
    OVRPTW: top1=0.507 mean_cost=10.0447 (sbs=10.0484) vs_sbs=-0.04%
     OVRPB: top1=0.590 mean_cost=6.3156 (sbs=6.3220) vs_sbs=-0.10%
     OVRPL: top1=0.400 mean_cost=7.4309 (sbs=7.4376) vs_sbs=-0.09%
     VRPBL: top1=0.548 mean_cost=9.3541 (sbs=9.3593) vs_sbs=-0.06%
    VRPBTW: top1=0.443 mean_cost=19.0361 (sbs=19.6697) vs_sbs=-3.22%
    VRPLTW: top1=0.447 mean_cost=17.6305 (sbs=18.5091) vs_sbs=-4.75%
    OVRPBL: top1=0.579 mean_cost=6.3047 (sbs=6.3103) vs_sbs=-0.09%
   OVRPBTW: top1=0.505 mean_cost=10.4985 (sbs=10.5068) vs_sbs=-0.08%
   OVRPLTW: top1=0.483 mean_cost=10.1321 (sbs=10.1272) vs_sbs=+0.05%
   VRPBLTW: top1=0.432 mean_cost=18.9400 (sbs=19.5198) vs_sbs=-2.97%
  OVRPBLTW: top1=0.507 mean_cost=10.5268 (sbs=10.5412) vs_sbs=-0.14%
[epoch 32] update=180/1422 total=44262 loss=0.57364 KL=0.00696 lr=2.5e-05 samples/s=1901
[epoch 32] update=360/1422 total=44442 loss=0.57273 KL=0.00691 lr=2.5e-05 samples/s=1899
[epoch 32] update=540/1422 total=44622 loss=0.57148 KL=0.00697 lr=2.5e-05 samples/s=1901
[epoch 32] update=720/1422 total=44802 loss=0.57100 KL=0.00697 lr=2.5e-05 samples/s=1902
[epoch 32] update=900/1422 total=44982 loss=0.57054 KL=0.00700 lr=2.5e-05 samples/s=1902
[epoch 32] update=1080/1422 total=45162 loss=0.57085 KL=0.00705 lr=2.5e-05 samples/s=1903
[epoch 32] update=1260/1422 total=45342 loss=0.57113 KL=0.00704 lr=2.5e-05 samples/s=1901
[epoch 32] update=1422/1422 total=45504 loss=0.57153 KL=0.00703 lr=2.5e-05 samples/s=1886
[R46A val epoch 32] macro_top1=0.4884 top2=0.8215 top3=0.9235 vs_sbs=-1.051% vbs_closed=+30.65%
       TSP: top1=0.346 mean_cost=7.9214 (sbs=7.9578) vs_sbs=-0.46%
      CVRP: top1=0.481 mean_cost=18.2116 (sbs=18.2943) vs_sbs=-0.45%
      ATSP: top1=0.780 mean_cost=1.6350 (sbs=1.6735) vs_sbs=-2.30%
      OVRP: top1=0.359 mean_cost=7.4550 (sbs=7.4617) vs_sbs=-0.09%
      VRPB: top1=0.558 mean_cost=9.3327 (sbs=9.3403) vs_sbs=-0.08%
      VRPL: top1=0.327 mean_cost=12.4015 (sbs=12.4072) vs_sbs=-0.05%
     VRPTW: top1=0.461 mean_cost=17.9036 (sbs=18.6571) vs_sbs=-4.04%
    OVRPTW: top1=0.512 mean_cost=10.0427 (sbs=10.0484) vs_sbs=-0.06%
     OVRPB: top1=0.591 mean_cost=6.3145 (sbs=6.3220) vs_sbs=-0.12%
     OVRPL: top1=0.402 mean_cost=7.4304 (sbs=7.4376) vs_sbs=-0.10%
     VRPBL: top1=0.557 mean_cost=9.3554 (sbs=9.3593) vs_sbs=-0.04%
    VRPBTW: top1=0.415 mean_cost=19.0435 (sbs=19.6697) vs_sbs=-3.18%
    VRPLTW: top1=0.479 mean_cost=17.6201 (sbs=18.5091) vs_sbs=-4.80%
    OVRPBL: top1=0.573 mean_cost=6.3038 (sbs=6.3103) vs_sbs=-0.10%
   OVRPBTW: top1=0.513 mean_cost=10.4987 (sbs=10.5068) vs_sbs=-0.08%
   OVRPLTW: top1=0.506 mean_cost=10.1259 (sbs=10.1272) vs_sbs=-0.01%
   VRPBLTW: top1=0.439 mean_cost=18.9455 (sbs=19.5198) vs_sbs=-2.94%
  OVRPBLTW: top1=0.492 mean_cost=10.5387 (sbs=10.5412) vs_sbs=-0.02%
[epoch 33] update=180/1422 total=45684 loss=0.57035 KL=0.00696 lr=2.5e-05 samples/s=1898
[epoch 33] update=360/1422 total=45864 loss=0.56955 KL=0.00702 lr=2.5e-05 samples/s=1902
[epoch 33] update=540/1422 total=46044 loss=0.56973 KL=0.00714 lr=2.5e-05 samples/s=1904
[epoch 33] update=720/1422 total=46224 loss=0.57100 KL=0.00712 lr=2.5e-05 samples/s=1904
[epoch 33] update=900/1422 total=46404 loss=0.57053 KL=0.00712 lr=2.5e-05 samples/s=1904
[epoch 33] update=1080/1422 total=46584 loss=0.57085 KL=0.00712 lr=2.5e-05 samples/s=1900
[epoch 33] update=1260/1422 total=46764 loss=0.57099 KL=0.00714 lr=2.5e-05 samples/s=1899
[AMP retry] same batch; lower scale=131072.0
[AMP retry] same batch; lower scale=65536.0
[epoch 33] update=1422/1422 total=46926 loss=0.57121 KL=0.00713 lr=2.5e-05 samples/s=1876
[R46A val epoch 33] macro_top1=0.4864 top2=0.8161 top3=0.9173 vs_sbs=-1.028% vbs_closed=+30.41%
       TSP: top1=0.322 mean_cost=7.9184 (sbs=7.9578) vs_sbs=-0.49%
      CVRP: top1=0.481 mean_cost=18.2176 (sbs=18.2943) vs_sbs=-0.42%
      ATSP: top1=0.785 mean_cost=1.6350 (sbs=1.6735) vs_sbs=-2.30%
      OVRP: top1=0.369 mean_cost=7.4539 (sbs=7.4617) vs_sbs=-0.10%
      VRPB: top1=0.555 mean_cost=9.3331 (sbs=9.3403) vs_sbs=-0.08%
      VRPL: top1=0.332 mean_cost=12.4023 (sbs=12.4072) vs_sbs=-0.04%
     VRPTW: top1=0.456 mean_cost=17.9127 (sbs=18.6571) vs_sbs=-3.99%
    OVRPTW: top1=0.497 mean_cost=10.0465 (sbs=10.0484) vs_sbs=-0.02%
     OVRPB: top1=0.601 mean_cost=6.3134 (sbs=6.3220) vs_sbs=-0.14%
     OVRPL: top1=0.417 mean_cost=7.4294 (sbs=7.4376) vs_sbs=-0.11%
     VRPBL: top1=0.544 mean_cost=9.3540 (sbs=9.3593) vs_sbs=-0.06%
    VRPBTW: top1=0.435 mean_cost=19.0762 (sbs=19.6697) vs_sbs=-3.02%
    VRPLTW: top1=0.451 mean_cost=17.6486 (sbs=18.5091) vs_sbs=-4.65%
    OVRPBL: top1=0.571 mean_cost=6.3029 (sbs=6.3103) vs_sbs=-0.12%
   OVRPBTW: top1=0.506 mean_cost=10.5008 (sbs=10.5068) vs_sbs=-0.06%
   OVRPLTW: top1=0.512 mean_cost=10.1255 (sbs=10.1272) vs_sbs=-0.02%
   VRPBLTW: top1=0.425 mean_cost=18.9664 (sbs=19.5198) vs_sbs=-2.84%
  OVRPBLTW: top1=0.497 mean_cost=10.5339 (sbs=10.5412) vs_sbs=-0.07%
[epoch 34] update=180/1422 total=47106 loss=0.56828 KL=0.00727 lr=2.5e-05 samples/s=1863
[epoch 34] update=360/1422 total=47286 loss=0.56972 KL=0.00734 lr=2.5e-05 samples/s=1876
[epoch 34] update=540/1422 total=47466 loss=0.57019 KL=0.00733 lr=2.5e-05 samples/s=1885
[epoch 34] update=720/1422 total=47646 loss=0.56940 KL=0.00735 lr=2.5e-05 samples/s=1885
[epoch 34] update=900/1422 total=47826 loss=0.57017 KL=0.00731 lr=2.5e-05 samples/s=1886
[epoch 34] update=1080/1422 total=48006 loss=0.57053 KL=0.00731 lr=2.5e-05 samples/s=1889
[epoch 34] update=1260/1422 total=48186 loss=0.57040 KL=0.00729 lr=2.5e-05 samples/s=1886
[epoch 34] update=1422/1422 total=48348 loss=0.57057 KL=0.00727 lr=2.5e-05 samples/s=1870
[R46A val epoch 34] macro_top1=0.4871 top2=0.8207 top3=0.9222 vs_sbs=-1.050% vbs_closed=+31.28%
       TSP: top1=0.350 mean_cost=7.9203 (sbs=7.9578) vs_sbs=-0.47%
      CVRP: top1=0.491 mean_cost=18.2049 (sbs=18.2943) vs_sbs=-0.49%
      ATSP: top1=0.788 mean_cost=1.6347 (sbs=1.6735) vs_sbs=-2.32%
      OVRP: top1=0.360 mean_cost=7.4554 (sbs=7.4617) vs_sbs=-0.08%
      VRPB: top1=0.559 mean_cost=9.3284 (sbs=9.3403) vs_sbs=-0.13%
      VRPL: top1=0.314 mean_cost=12.4040 (sbs=12.4072) vs_sbs=-0.03%
     VRPTW: top1=0.437 mean_cost=17.9125 (sbs=18.6571) vs_sbs=-3.99%
    OVRPTW: top1=0.502 mean_cost=10.0419 (sbs=10.0484) vs_sbs=-0.07%
     OVRPB: top1=0.593 mean_cost=6.3137 (sbs=6.3220) vs_sbs=-0.13%
     OVRPL: top1=0.420 mean_cost=7.4279 (sbs=7.4376) vs_sbs=-0.13%
     VRPBL: top1=0.537 mean_cost=9.3575 (sbs=9.3593) vs_sbs=-0.02%
    VRPBTW: top1=0.438 mean_cost=19.0577 (sbs=19.6697) vs_sbs=-3.11%
    VRPLTW: top1=0.465 mean_cost=17.6287 (sbs=18.5091) vs_sbs=-4.76%
    OVRPBL: top1=0.585 mean_cost=6.3028 (sbs=6.3103) vs_sbs=-0.12%
   OVRPBTW: top1=0.488 mean_cost=10.5014 (sbs=10.5068) vs_sbs=-0.05%
   OVRPLTW: top1=0.506 mean_cost=10.1279 (sbs=10.1272) vs_sbs=+0.01%
   VRPBLTW: top1=0.433 mean_cost=18.9538 (sbs=19.5198) vs_sbs=-2.90%
  OVRPBLTW: top1=0.501 mean_cost=10.5288 (sbs=10.5412) vs_sbs=-0.12%
[epoch 35] update=180/1422 total=48528 loss=0.56659 KL=0.00739 lr=1.3e-05 samples/s=1889
[epoch 35] update=360/1422 total=48708 loss=0.56841 KL=0.00736 lr=1.3e-05 samples/s=1891
[epoch 35] update=540/1422 total=48888 loss=0.56858 KL=0.00741 lr=1.3e-05 samples/s=1894
[epoch 35] update=720/1422 total=49068 loss=0.56841 KL=0.00744 lr=1.3e-05 samples/s=1893
[epoch 35] update=900/1422 total=49248 loss=0.56795 KL=0.00750 lr=1.3e-05 samples/s=1896
[epoch 35] update=1080/1422 total=49428 loss=0.56778 KL=0.00754 lr=1.3e-05 samples/s=1894
[epoch 35] update=1260/1422 total=49608 loss=0.56800 KL=0.00757 lr=1.3e-05 samples/s=1891
[AMP retry] same batch; lower scale=65536.0
[epoch 35] update=1422/1422 total=49770 loss=0.56789 KL=0.00761 lr=1.3e-05 samples/s=1874
[R46A val epoch 35] macro_top1=0.4899 top2=0.8225 top3=0.9242 vs_sbs=-1.068% vbs_closed=+31.80%
       TSP: top1=0.349 mean_cost=7.9209 (sbs=7.9578) vs_sbs=-0.46%
      CVRP: top1=0.491 mean_cost=18.2044 (sbs=18.2943) vs_sbs=-0.49%
      ATSP: top1=0.784 mean_cost=1.6347 (sbs=1.6735) vs_sbs=-2.32%
      OVRP: top1=0.366 mean_cost=7.4555 (sbs=7.4617) vs_sbs=-0.08%
      VRPB: top1=0.561 mean_cost=9.3290 (sbs=9.3403) vs_sbs=-0.12%
      VRPL: top1=0.319 mean_cost=12.4049 (sbs=12.4072) vs_sbs=-0.02%
     VRPTW: top1=0.454 mean_cost=17.8977 (sbs=18.6571) vs_sbs=-4.07%
    OVRPTW: top1=0.514 mean_cost=10.0405 (sbs=10.0484) vs_sbs=-0.08%
     OVRPB: top1=0.594 mean_cost=6.3136 (sbs=6.3220) vs_sbs=-0.13%
     OVRPL: top1=0.414 mean_cost=7.4280 (sbs=7.4376) vs_sbs=-0.13%
     VRPBL: top1=0.548 mean_cost=9.3545 (sbs=9.3593) vs_sbs=-0.05%
    VRPBTW: top1=0.439 mean_cost=19.0373 (sbs=19.6697) vs_sbs=-3.22%
    VRPLTW: top1=0.479 mean_cost=17.6157 (sbs=18.5091) vs_sbs=-4.83%
    OVRPBL: top1=0.583 mean_cost=6.3023 (sbs=6.3103) vs_sbs=-0.13%
   OVRPBTW: top1=0.499 mean_cost=10.5014 (sbs=10.5068) vs_sbs=-0.05%
   OVRPLTW: top1=0.504 mean_cost=10.1272 (sbs=10.1272) vs_sbs=-0.00%
   VRPBLTW: top1=0.431 mean_cost=18.9462 (sbs=19.5198) vs_sbs=-2.94%
  OVRPBLTW: top1=0.489 mean_cost=10.5294 (sbs=10.5412) vs_sbs=-0.11%
[epoch 36] update=180/1422 total=49950 loss=0.56804 KL=0.00780 lr=1.3e-05 samples/s=1873
[epoch 36] update=360/1422 total=50130 loss=0.56621 KL=0.00784 lr=1.3e-05 samples/s=1874
[epoch 36] update=540/1422 total=50310 loss=0.56447 KL=0.00793 lr=1.3e-05 samples/s=1879
[epoch 36] update=720/1422 total=50490 loss=0.56566 KL=0.00784 lr=1.3e-05 samples/s=1880
[epoch 36] update=900/1422 total=50670 loss=0.56579 KL=0.00779 lr=1.3e-05 samples/s=1880
[epoch 36] update=1080/1422 total=50850 loss=0.56656 KL=0.00778 lr=1.3e-05 samples/s=1880
[epoch 36] update=1260/1422 total=51030 loss=0.56732 KL=0.00776 lr=1.3e-05 samples/s=1880
[epoch 36] update=1422/1422 total=51192 loss=0.56716 KL=0.00778 lr=1.3e-05 samples/s=1866
[R46A val epoch 36] macro_top1=0.4886 top2=0.8221 top3=0.9247 vs_sbs=-1.058% vbs_closed=+31.33%
       TSP: top1=0.348 mean_cost=7.9198 (sbs=7.9578) vs_sbs=-0.48%
      CVRP: top1=0.495 mean_cost=18.2066 (sbs=18.2943) vs_sbs=-0.48%
      ATSP: top1=0.790 mean_cost=1.6346 (sbs=1.6735) vs_sbs=-2.33%
      OVRP: top1=0.358 mean_cost=7.4548 (sbs=7.4617) vs_sbs=-0.09%
      VRPB: top1=0.561 mean_cost=9.3283 (sbs=9.3403) vs_sbs=-0.13%
      VRPL: top1=0.317 mean_cost=12.4035 (sbs=12.4072) vs_sbs=-0.03%
     VRPTW: top1=0.453 mean_cost=17.8916 (sbs=18.6571) vs_sbs=-4.10%
    OVRPTW: top1=0.507 mean_cost=10.0441 (sbs=10.0484) vs_sbs=-0.04%
     OVRPB: top1=0.600 mean_cost=6.3130 (sbs=6.3220) vs_sbs=-0.14%
     OVRPL: top1=0.403 mean_cost=7.4286 (sbs=7.4376) vs_sbs=-0.12%
     VRPBL: top1=0.533 mean_cost=9.3561 (sbs=9.3593) vs_sbs=-0.03%
    VRPBTW: top1=0.444 mean_cost=19.0361 (sbs=19.6697) vs_sbs=-3.22%
    VRPLTW: top1=0.480 mean_cost=17.6433 (sbs=18.5091) vs_sbs=-4.68%
    OVRPBL: top1=0.582 mean_cost=6.3026 (sbs=6.3103) vs_sbs=-0.12%
   OVRPBTW: top1=0.493 mean_cost=10.5043 (sbs=10.5068) vs_sbs=-0.02%
   OVRPLTW: top1=0.505 mean_cost=10.1277 (sbs=10.1272) vs_sbs=+0.01%
   VRPBLTW: top1=0.431 mean_cost=18.9435 (sbs=19.5198) vs_sbs=-2.95%
  OVRPBLTW: top1=0.495 mean_cost=10.5321 (sbs=10.5412) vs_sbs=-0.09%
[epoch 37] update=180/1422 total=51372 loss=0.56849 KL=0.00762 lr=1.3e-05 samples/s=1885
[epoch 37] update=360/1422 total=51552 loss=0.56704 KL=0.00773 lr=1.3e-05 samples/s=1890
[epoch 37] update=540/1422 total=51732 loss=0.56603 KL=0.00778 lr=1.3e-05 samples/s=1888
[epoch 37] update=720/1422 total=51912 loss=0.56711 KL=0.00785 lr=1.3e-05 samples/s=1887
[epoch 37] update=900/1422 total=52092 loss=0.56668 KL=0.00791 lr=1.3e-05 samples/s=1886
[epoch 37] update=1080/1422 total=52272 loss=0.56672 KL=0.00790 lr=1.3e-05 samples/s=1885
[epoch 37] update=1260/1422 total=52452 loss=0.56702 KL=0.00788 lr=1.3e-05 samples/s=1885
[AMP retry] same batch; lower scale=65536.0
[epoch 37] update=1422/1422 total=52614 loss=0.56703 KL=0.00786 lr=1.3e-05 samples/s=1869
[R46A val epoch 37] macro_top1=0.4900 top2=0.8224 top3=0.9236 vs_sbs=-1.055% vbs_closed=+31.44%
       TSP: top1=0.342 mean_cost=7.9191 (sbs=7.9578) vs_sbs=-0.49%
      CVRP: top1=0.483 mean_cost=18.2093 (sbs=18.2943) vs_sbs=-0.46%
      ATSP: top1=0.786 mean_cost=1.6345 (sbs=1.6735) vs_sbs=-2.33%
      OVRP: top1=0.367 mean_cost=7.4551 (sbs=7.4617) vs_sbs=-0.09%
      VRPB: top1=0.567 mean_cost=9.3287 (sbs=9.3403) vs_sbs=-0.12%
      VRPL: top1=0.319 mean_cost=12.4031 (sbs=12.4072) vs_sbs=-0.03%
     VRPTW: top1=0.455 mean_cost=17.9093 (sbs=18.6571) vs_sbs=-4.01%
    OVRPTW: top1=0.501 mean_cost=10.0456 (sbs=10.0484) vs_sbs=-0.03%
     OVRPB: top1=0.597 mean_cost=6.3130 (sbs=6.3220) vs_sbs=-0.14%
     OVRPL: top1=0.404 mean_cost=7.4287 (sbs=7.4376) vs_sbs=-0.12%
     VRPBL: top1=0.549 mean_cost=9.3532 (sbs=9.3593) vs_sbs=-0.06%
    VRPBTW: top1=0.444 mean_cost=19.0481 (sbs=19.6697) vs_sbs=-3.16%
    VRPLTW: top1=0.480 mean_cost=17.6262 (sbs=18.5091) vs_sbs=-4.77%
    OVRPBL: top1=0.585 mean_cost=6.3028 (sbs=6.3103) vs_sbs=-0.12%
   OVRPBTW: top1=0.501 mean_cost=10.5037 (sbs=10.5068) vs_sbs=-0.03%
   OVRPLTW: top1=0.517 mean_cost=10.1259 (sbs=10.1272) vs_sbs=-0.01%
   VRPBLTW: top1=0.428 mean_cost=18.9503 (sbs=19.5198) vs_sbs=-2.92%
  OVRPBLTW: top1=0.495 mean_cost=10.5310 (sbs=10.5412) vs_sbs=-0.10%
[epoch 38] update=180/1422 total=52794 loss=0.56692 KL=0.00773 lr=1.3e-05 samples/s=1871
[epoch 38] update=360/1422 total=52974 loss=0.56642 KL=0.00789 lr=1.3e-05 samples/s=1878
[epoch 38] update=540/1422 total=53154 loss=0.56560 KL=0.00799 lr=1.3e-05 samples/s=1878
[epoch 38] update=720/1422 total=53334 loss=0.56615 KL=0.00799 lr=1.3e-05 samples/s=1878
[epoch 38] update=900/1422 total=53514 loss=0.56651 KL=0.00798 lr=1.3e-05 samples/s=1879
[epoch 38] update=1080/1422 total=53694 loss=0.56645 KL=0.00799 lr=1.3e-05 samples/s=1875
[epoch 38] update=1260/1422 total=53874 loss=0.56674 KL=0.00799 lr=1.3e-05 samples/s=1873
[epoch 38] update=1422/1422 total=54036 loss=0.56650 KL=0.00800 lr=1.3e-05 samples/s=1859
[R46A val epoch 38] macro_top1=0.4891 top2=0.8211 top3=0.9232 vs_sbs=-1.064% vbs_closed=+31.61%
       TSP: top1=0.344 mean_cost=7.9180 (sbs=7.9578) vs_sbs=-0.50%
      CVRP: top1=0.499 mean_cost=18.2003 (sbs=18.2943) vs_sbs=-0.51%
      ATSP: top1=0.789 mean_cost=1.6345 (sbs=1.6735) vs_sbs=-2.33%
      OVRP: top1=0.372 mean_cost=7.4539 (sbs=7.4617) vs_sbs=-0.10%
      VRPB: top1=0.561 mean_cost=9.3297 (sbs=9.3403) vs_sbs=-0.11%
      VRPL: top1=0.314 mean_cost=12.4045 (sbs=12.4072) vs_sbs=-0.02%
     VRPTW: top1=0.456 mean_cost=17.8907 (sbs=18.6571) vs_sbs=-4.11%
    OVRPTW: top1=0.507 mean_cost=10.0422 (sbs=10.0484) vs_sbs=-0.06%
     OVRPB: top1=0.601 mean_cost=6.3128 (sbs=6.3220) vs_sbs=-0.15%
     OVRPL: top1=0.398 mean_cost=7.4299 (sbs=7.4376) vs_sbs=-0.10%
     VRPBL: top1=0.533 mean_cost=9.3560 (sbs=9.3593) vs_sbs=-0.04%
    VRPBTW: top1=0.436 mean_cost=19.0514 (sbs=19.6697) vs_sbs=-3.14%
    VRPLTW: top1=0.482 mean_cost=17.6221 (sbs=18.5091) vs_sbs=-4.79%
    OVRPBL: top1=0.581 mean_cost=6.3031 (sbs=6.3103) vs_sbs=-0.11%
   OVRPBTW: top1=0.495 mean_cost=10.5023 (sbs=10.5068) vs_sbs=-0.04%
   OVRPLTW: top1=0.501 mean_cost=10.1283 (sbs=10.1272) vs_sbs=+0.01%
   VRPBLTW: top1=0.437 mean_cost=18.9465 (sbs=19.5198) vs_sbs=-2.94%
  OVRPBLTW: top1=0.497 mean_cost=10.5308 (sbs=10.5412) vs_sbs=-0.10%
[epoch 39] update=180/1422 total=54216 loss=0.56299 KL=0.00824 lr=6.3e-06 samples/s=1900
[epoch 39] update=360/1422 total=54396 loss=0.56550 KL=0.00814 lr=6.3e-06 samples/s=1904
[epoch 39] update=540/1422 total=54576 loss=0.56592 KL=0.00815 lr=6.3e-06 samples/s=1906
[epoch 39] update=720/1422 total=54756 loss=0.56596 KL=0.00814 lr=6.3e-06 samples/s=1906
[epoch 39] update=900/1422 total=54936 loss=0.56620 KL=0.00815 lr=6.3e-06 samples/s=1903
[epoch 39] update=1080/1422 total=55116 loss=0.56575 KL=0.00812 lr=6.3e-06 samples/s=1896
[epoch 39] update=1260/1422 total=55296 loss=0.56543 KL=0.00811 lr=6.3e-06 samples/s=1888
[epoch 39] update=1422/1422 total=55458 loss=0.56525 KL=0.00812 lr=6.3e-06 samples/s=1867
[R46A val epoch 39] macro_top1=0.4889 top2=0.8232 top3=0.9248 vs_sbs=-1.065% vbs_closed=+31.56%
       TSP: top1=0.353 mean_cost=7.9205 (sbs=7.9578) vs_sbs=-0.47%
      CVRP: top1=0.490 mean_cost=18.2041 (sbs=18.2943) vs_sbs=-0.49%
      ATSP: top1=0.782 mean_cost=1.6348 (sbs=1.6735) vs_sbs=-2.32%
      OVRP: top1=0.364 mean_cost=7.4553 (sbs=7.4617) vs_sbs=-0.09%
      VRPB: top1=0.564 mean_cost=9.3287 (sbs=9.3403) vs_sbs=-0.12%
      VRPL: top1=0.319 mean_cost=12.4037 (sbs=12.4072) vs_sbs=-0.03%
     VRPTW: top1=0.452 mean_cost=17.8930 (sbs=18.6571) vs_sbs=-4.10%
    OVRPTW: top1=0.516 mean_cost=10.0403 (sbs=10.0484) vs_sbs=-0.08%
     OVRPB: top1=0.596 mean_cost=6.3130 (sbs=6.3220) vs_sbs=-0.14%
     OVRPL: top1=0.403 mean_cost=7.4284 (sbs=7.4376) vs_sbs=-0.12%
     VRPBL: top1=0.544 mean_cost=9.3567 (sbs=9.3593) vs_sbs=-0.03%
    VRPBTW: top1=0.443 mean_cost=19.0375 (sbs=19.6697) vs_sbs=-3.21%
    VRPLTW: top1=0.468 mean_cost=17.6244 (sbs=18.5091) vs_sbs=-4.78%
    OVRPBL: top1=0.583 mean_cost=6.3034 (sbs=6.3103) vs_sbs=-0.11%
   OVRPBTW: top1=0.495 mean_cost=10.5043 (sbs=10.5068) vs_sbs=-0.02%
   OVRPLTW: top1=0.506 mean_cost=10.1276 (sbs=10.1272) vs_sbs=+0.00%
   VRPBLTW: top1=0.427 mean_cost=18.9413 (sbs=19.5198) vs_sbs=-2.96%
  OVRPBLTW: top1=0.495 mean_cost=10.5304 (sbs=10.5412) vs_sbs=-0.10%
[epoch 40] update=180/1422 total=55638 loss=0.56732 KL=0.00828 lr=6.3e-06 samples/s=1832
[epoch 40] update=360/1422 total=55818 loss=0.56539 KL=0.00830 lr=6.3e-06 samples/s=1829
[epoch 40] update=540/1422 total=55998 loss=0.56516 KL=0.00831 lr=6.3e-06 samples/s=1842
[epoch 40] update=720/1422 total=56178 loss=0.56486 KL=0.00839 lr=6.3e-06 samples/s=1850
[epoch 40] update=900/1422 total=56358 loss=0.56470 KL=0.00836 lr=6.3e-06 samples/s=1855
[epoch 40] update=1080/1422 total=56538 loss=0.56426 KL=0.00835 lr=6.3e-06 samples/s=1858
[AMP retry] same batch; lower scale=131072.0
[epoch 40] update=1260/1422 total=56718 loss=0.56468 KL=0.00836 lr=6.3e-06 samples/s=1861
[AMP retry] same batch; lower scale=65536.0
[epoch 40] update=1422/1422 total=56880 loss=0.56497 KL=0.00835 lr=6.3e-06 samples/s=1847
[R46A val epoch 40] macro_top1=0.4884 top2=0.8226 top3=0.9241 vs_sbs=-1.054% vbs_closed=+30.71%
       TSP: top1=0.346 mean_cost=7.9209 (sbs=7.9578) vs_sbs=-0.46%
      CVRP: top1=0.491 mean_cost=18.2053 (sbs=18.2943) vs_sbs=-0.49%
      ATSP: top1=0.784 mean_cost=1.6346 (sbs=1.6735) vs_sbs=-2.33%
      OVRP: top1=0.367 mean_cost=7.4552 (sbs=7.4617) vs_sbs=-0.09%
      VRPB: top1=0.562 mean_cost=9.3300 (sbs=9.3403) vs_sbs=-0.11%
      VRPL: top1=0.308 mean_cost=12.4042 (sbs=12.4072) vs_sbs=-0.02%
     VRPTW: top1=0.468 mean_cost=17.8875 (sbs=18.6571) vs_sbs=-4.12%
    OVRPTW: top1=0.509 mean_cost=10.0443 (sbs=10.0484) vs_sbs=-0.04%
     OVRPB: top1=0.600 mean_cost=6.3125 (sbs=6.3220) vs_sbs=-0.15%
     OVRPL: top1=0.391 mean_cost=7.4300 (sbs=7.4376) vs_sbs=-0.10%
     VRPBL: top1=0.529 mean_cost=9.3587 (sbs=9.3593) vs_sbs=-0.01%
    VRPBTW: top1=0.444 mean_cost=19.0437 (sbs=19.6697) vs_sbs=-3.18%
    VRPLTW: top1=0.474 mean_cost=17.6382 (sbs=18.5091) vs_sbs=-4.71%
    OVRPBL: top1=0.586 mean_cost=6.3039 (sbs=6.3103) vs_sbs=-0.10%
   OVRPBTW: top1=0.499 mean_cost=10.5027 (sbs=10.5068) vs_sbs=-0.04%
   OVRPLTW: top1=0.498 mean_cost=10.1295 (sbs=10.1272) vs_sbs=+0.02%
   VRPBLTW: top1=0.429 mean_cost=18.9480 (sbs=19.5198) vs_sbs=-2.93%
  OVRPBLTW: top1=0.506 mean_cost=10.5295 (sbs=10.5412) vs_sbs=-0.11%
wandb:                                                                                
wandb: 
wandb: Run history:
wandb:                                    epoch ▁▁▁▂▂▂▂▂▂▃▃▃▃▃▄▄▄▄▄▄▅▅▅▅▅▅▆▆▆▆▆▇▇▇▇▇▇███
wandb:                   optimization/all_pairs █▄▃▃▂▂▂▂▂▂▂▂▂▂▂▂▁▁▁▁▁▁▁▁▁▁▁▁▁▁▁▁▁▁▁▁▁▁▁▁
wandb:                 optimization/amp_skipped ▁▁▂▂▂▂▂▂▂▃▃▃▃▄▄▄▄▄▅▅▅▅▅▅▅▅▅▅▆▆▆▆▇▇▇▇▇▇▇█
wandb:                          optimization/ce █▄▃▃▂▂▂▂▂▂▂▂▂▂▂▂▂▁▁▁▁▁▁▁▁▁▁▁▁▁▁▁▁▁▁▁▁▁▁▁
wandb:                         optimization/cmp █▅▄▃▃▃▃▂▂▂▂▂▂▂▂▂▂▂▂▂▂▁▁▁▁▁▁▁▁▁▁▁▁▁▁▁▁▁▁▁
wandb:          optimization/consistency_weight ▁▅██████████████████████████████████████
wandb:                   optimization/grad_norm █▇▅▃▃▂▂▂▂▂▃▂▂▂▂▂▁▁▂▁▁▂▂▂▂▂▁▂▂▂▂▂▂▂▂▂▂▂▂▂
wandb:                          optimization/kl ▇█▄▃▂▂▂▁▁▁▁▁▁▁▁▁▁▁▁▂▂▂▂▂▂▂▂▂▂▃▃▃▃▃▃▃▄▄▄▄
wandb:                        optimization/loss █▄▃▃▂▂▂▂▂▂▂▂▂▂▂▂▁▁▁▁▁▁▁▁▁▁▁▁▁▁▁▁▁▁▁▁▁▁▁▁
wandb:                          optimization/lr ▃▆██████████████▄▄▄▄▄▄▄▄▄▄▂▂▂▂▂▂▂▂▁▁▁▁▁▁
wandb:             optimization/peak_memory_gib ▁▁▁▁▁▁▁▁▁█▁▁▁▁▁▁▁▁▁▁█▁▁█▁▁▁▁▁▁▁▁▁▁▁▁▁▁▁▁
wandb:                       optimization/pred3 █▆▅▅▄▄▄▄▃▃▃▃▃▃▃▃▂▂▂▂▂▂▂▂▂▂▁▁▁▁▁▁▁▁▁▁▁▁▁▁
wandb:                        optimization/risk █▃▂▂▂▂▂▁▁▁▁▁▁▁▁▁▁▁▁▁▁▁▁▁▁▁▁▁▁▁▁▁▁▁▁▁▁▁▁▁
wandb:                     optimization/samples ▁▁▁▁▁▁▁▁▁▁▁▁▁▁▁▁▁▁▁▁▁▁▁▁▁▁▁▁▁▁▁▁▁▁▁▁▁▁▁▁
wandb:                     optimization/seconds ▁▁▂▁▁▂▂▃▃▂▃▂▂▅▂▁▂▂▃▂▄▄▅▃▂▂█▃▃▄▁▁▂▂▂▂▂▂▂▃
wandb:                       optimization/true3 █▅▄▄▃▃▃▃▃▃▃▂▂▂▂▂▂▂▂▂▂▂▂▂▂▂▁▁▁▁▁▁▁▁▁▁▁▁▁▁
wandb:                       successful_updates ▁▁▁▂▂▂▂▂▂▃▃▃▃▃▄▄▄▄▄▄▅▅▅▅▅▅▆▆▆▆▆▇▇▇▇▇▇███
wandb:       train_eval/macro_actual_regret_pct ▇█▄▂▃▂▁▁
wandb:                      train_eval/macro_ce ▇█▆▃▃▂▁▁
wandb:               train_eval/macro_mean_cost ██▄▂▄▂▁▁
wandb: train_eval/macro_reference_top2_accuracy ▁▃▃▅▆▇██
wandb:                    train_eval/macro_top1 ▁▂▃▆▆▇██
wandb:          train_eval/macro_top1_tie_aware ▁▂▃▆▆▇██
wandb:                    train_eval/macro_top2 ▄▁▅▇▇▇██
wandb:                    train_eval/macro_top3 ▄▁▅▇▇▇██
wandb:          train_eval/macro_true3_accuracy ▁▂▃▅▆▇██
wandb:      train_eval/macro_vbs_gap_closed_pct ▃▁▆▇▇███
wandb:           train_eval/macro_vs_oracle_pct ██▅▂▃▂▁▁
wandb:              train_eval/macro_vs_sbs_pct ██▄▂▃▂▁▁
wandb:              val/macro_actual_regret_pct █▅█▃▃▂▂▂▂▃▂▂▁▂▂▂▁▁▁▁▁▁▁▂▁▁▁▁▁▁▁▁▁▁▁▁▁▁▁▁
wandb:                             val/macro_ce ▇▅█▃▃▃▃▃▂▄▃▂▂▂▃▂▁▁▁▁▁▁▁▂▁▁▁▁▁▁▁▁▂▁▁▁▁▁▁▁
wandb:                      val/macro_mean_cost █▄█▃▂▂▂▂▂▂▂▁▁▁▁▁▁▁▁▁▁▁▁▂▁▁▁▁▁▁▁▁▁▁▁▁▁▁▁▁
wandb:        val/macro_reference_top2_accuracy ▁▄▃▄▄▅▄▄▆▅▆▅▆▅▅▅▇▇▇▇▇▆█▆▇▇▇▇██▇█▇▇██████
wandb:                           val/macro_top1 ▁▂▁▄▄▅▄▄▆▄▆▆▆▆▅▅▇▇▇▇▇▇█▇▇▇██████████████
wandb:                 val/macro_top1_tie_aware ▁▂▁▄▄▅▄▄▆▄▆▆▆▆▅▅▇▇▇▇▇▇█▇▇▇██████████████
wandb:                           val/macro_top2 ▁▃▂▆▆▆▆▆▇▄▇▇▇▇▆▆▇▇█▇▇▇███▇██████▇███████
wandb:                           val/macro_top3 ▁▄▂▆▇▆▇▇▇▅▇▇▇▇▇▇████████████████▇███████
wandb:                 val/macro_true3_accuracy ▁▃▃▅▅▅▅▆▇▅▆▆▆▆▅▅▇▇▇▇▇▇█▇█▇█▇████▇███████
wandb:             val/macro_vbs_gap_closed_pct ▁▄▁▅▅▆▆▆▇▄▇▇▇▇▇▇▇▇▇▇█▇█▇█▇██████████████
wandb:                  val/macro_vs_oracle_pct █▄▇▃▂▂▂▂▂▂▂▂▁▂▂▂▁▁▁▁▁▁▁▂▁▁▁▁▁▁▁▁▁▁▁▁▁▁▁▁
wandb:                     val/macro_vs_sbs_pct █▄▇▃▂▂▂▂▂▃▂▂▁▂▂▂▁▁▁▁▁▁▁▂▁▁▁▁▁▁▁▁▁▁▁▁▁▁▁▁
wandb: 
wandb: Run summary:
wandb:                                    epoch 40
wandb:                   optimization/all_pairs 0.30973
wandb:                 optimization/amp_skipped 24
wandb:                          optimization/ce 1.04948
wandb:                         optimization/cmp 0.47837
wandb:          optimization/consistency_weight 0.35
wandb:                   optimization/grad_norm 0.81737
wandb:                          optimization/kl 0.00835
wandb:                        optimization/loss 0.56497
wandb:                          optimization/lr 1e-05
wandb:             optimization/peak_memory_gib 9.09153
wandb:                       optimization/pred3 0.52368
wandb:                        optimization/risk 1.36519
wandb:                     optimization/samples 180000
wandb:                     optimization/seconds 97.44212
wandb:                       optimization/true3 0.5399
wandb:                       successful_updates 56880
wandb:       train_eval/macro_actual_regret_pct 0.88793
wandb:                      train_eval/macro_ce 1.0437
wandb:               train_eval/macro_mean_cost 11.16907
wandb: train_eval/macro_reference_top2_accuracy 0.60085
wandb:                    train_eval/macro_top1 0.50454
wandb:          train_eval/macro_top1_tie_aware 0.50537
wandb:                    train_eval/macro_top2 0.82906
wandb:                    train_eval/macro_top3 0.93192
wandb:          train_eval/macro_true3_accuracy 0.71114
wandb:      train_eval/macro_vbs_gap_closed_pct 33.769
wandb:           train_eval/macro_vs_oracle_pct 0.86021
wandb:              train_eval/macro_vs_sbs_pct -1.12802
wandb:              val/macro_actual_regret_pct 0.94811
wandb:                             val/macro_ce 1.09192
wandb:                      val/macro_mean_cost 11.17104
wandb:        val/macro_reference_top2_accuracy 0.58639
wandb:                           val/macro_top1 0.48839
wandb:                 val/macro_top1_tie_aware 0.48894
wandb:                           val/macro_top2 0.82261
wandb:                           val/macro_top3 0.92411
wandb:                 val/macro_true3_accuracy 0.70282
wandb:             val/macro_vbs_gap_closed_pct 30.70937
wandb:                  val/macro_vs_oracle_pct 0.91006
wandb:                     val/macro_vs_sbs_pct -1.05368
wandb: 
wandb: You can sync this run to the cloud by running:
wandb: wandb sync code/V4/runs/R46_code_token_interaction/A_code_tokens_seed2/wandb/offline-run-20261009_162440-1jkvi244
wandb: Find logs at: code/V4/runs/R46_code_token_interaction/A_code_tokens_seed2/wandb/offline-run-20261009_162440-1jkvi244/logs
[cache] TSP/test: 1000 instances, 4.5 MiB on cuda:0
[cache] CVRP/test: 1000 instances, 8.3 MiB on cuda:0
[cache] ATSP/test: 1000 instances, 38.4 MiB on cuda:0
[cache] OVRP/test: 1000 instances, 3.4 MiB on cuda:0
[cache] VRPB/test: 1000 instances, 3.4 MiB on cuda:0
[cache] VRPL/test: 1000 instances, 3.4 MiB on cuda:0
[cache] VRPTW/test: 1000 instances, 3.4 MiB on cuda:0
[cache] OVRPTW/test: 1000 instances, 3.4 MiB on cuda:0
[cache] OVRPB/test: 1000 instances, 3.4 MiB on cuda:0
[cache] OVRPL/test: 1000 instances, 3.4 MiB on cuda:0
[cache] VRPBL/test: 1000 instances, 3.4 MiB on cuda:0
[cache] VRPBTW/test: 1000 instances, 3.4 MiB on cuda:0
[cache] VRPLTW/test: 1000 instances, 3.4 MiB on cuda:0
[cache] OVRPBL/test: 1000 instances, 3.4 MiB on cuda:0
[cache] OVRPBTW/test: 1000 instances, 3.4 MiB on cuda:0
[cache] OVRPLTW/test: 1000 instances, 3.4 MiB on cuda:0
[cache] VRPBLTW/test: 1000 instances, 3.4 MiB on cuda:0
[cache] OVRPBLTW/test: 1000 instances, 3.4 MiB on cuda:0
[R46A locked best test] macro_top1=0.4776 top2=0.8158 top3=0.9209 vs_sbs=-1.029% vbs_closed=+30.06%
       TSP: top1=0.333 mean_cost=8.0492 (sbs=8.0829) vs_sbs=-0.42%
      CVRP: top1=0.472 mean_cost=18.2553 (sbs=18.3323) vs_sbs=-0.42%
      ATSP: top1=0.768 mean_cost=1.6300 (sbs=1.6697) vs_sbs=-2.37%
      OVRP: top1=0.371 mean_cost=7.4611 (sbs=7.4695) vs_sbs=-0.11%
      VRPB: top1=0.509 mean_cost=9.2872 (sbs=9.2951) vs_sbs=-0.08%
      VRPL: top1=0.291 mean_cost=12.3574 (sbs=12.3607) vs_sbs=-0.03%
     VRPTW: top1=0.450 mean_cost=17.6461 (sbs=18.4357) vs_sbs=-4.28%
    OVRPTW: top1=0.484 mean_cost=10.1181 (sbs=10.1233) vs_sbs=-0.05%
     OVRPB: top1=0.580 mean_cost=6.2903 (sbs=6.2963) vs_sbs=-0.09%
     OVRPL: top1=0.365 mean_cost=7.4451 (sbs=7.4537) vs_sbs=-0.11%
     VRPBL: top1=0.544 mean_cost=9.2487 (sbs=9.2492) vs_sbs=-0.01%
    VRPBTW: top1=0.417 mean_cost=18.9962 (sbs=19.5263) vs_sbs=-2.71%
    VRPLTW: top1=0.457 mean_cost=17.6018 (sbs=18.4269) vs_sbs=-4.48%
    OVRPBL: top1=0.576 mean_cost=6.2990 (sbs=6.3068) vs_sbs=-0.12%
   OVRPBTW: top1=0.520 mean_cost=10.6046 (sbs=10.6090) vs_sbs=-0.04%
   OVRPLTW: top1=0.508 mean_cost=10.0969 (sbs=10.1036) vs_sbs=-0.07%
   VRPBLTW: top1=0.461 mean_cost=19.0652 (sbs=19.6770) vs_sbs=-3.11%
  OVRPBLTW: top1=0.490 mean_cost=10.5928 (sbs=10.5928) vs_sbs=+0.00%
[R46A] Training, locked-checkpoint test and analysis finished 2026-10-09T17:35:43+08:00
