[R53 gate budget] {"baseline": {"top1": 0.49116666666666664, "top2": 0.8244444444444444, "top3": 0.927611111111111, "mean_cost": 11.168516567489828, "vs_sbs_pct": -1.0700411390867897, "vs_oracle_pct": 0.8930994484085198, "actual_regret_pct": 0.9260483583286789}, "triggered": 10639, "n": 18000, "correctable_errors": 4177, "all_pair_errors": 4207, "gated_pair_errors": 4177, "diagnostic_top1_recovery_pp": 23.205555555555556, "diagnostic_regret_recovery_pp": 0.5142497339285419, "diagnostic_only": true, "gate_uses_labels": false, "diagnostic_regret_recovery_relative_pct": 55.53162848392213}
[R53 gate budget] {"baseline": {"top1": 0.49116666666666664, "top2": 0.8244444444444444, "top3": 0.927611111111111, "mean_cost": 11.168516567489828, "vs_sbs_pct": -1.0700411390867897, "vs_oracle_pct": 0.8930994484085198, "actual_regret_pct": 0.9260483583286789}, "triggered": 10639, "n": 18000, "correctable_errors": 4177, "all_pair_errors": 4207, "gated_pair_errors": 4177, "diagnostic_top1_recovery_pp": 23.205555555555556, "diagnostic_regret_recovery_pp": 0.5142497339285419, "diagnostic_only": true, "gate_uses_labels": false, "diagnostic_regret_recovery_relative_pct": 55.53162848392213}
[cache] OVRP/train: 10000 instances, 33.9 MiB on cuda
[cache] VRPB/train: 10000 instances, 33.9 MiB on cuda
[cache] VRPL/train: 10000 instances, 33.9 MiB on cuda
[cache] VRPTW/train: 10000 instances, 33.9 MiB on cuda
[cache] OVRPTW/train: 10000 instances, 33.9 MiB on cuda
[cache] OVRPB/train: 10000 instances, 33.9 MiB on cuda
[cache] OVRPL/train: 10000 instances, 33.9 MiB on cuda
[cache] VRPBL/train: 10000 instances, 33.9 MiB on cuda
[cache] VRPBTW/train: 10000 instances, 33.9 MiB on cuda
[cache] VRPLTW/train: 10000 instances, 33.9 MiB on cuda
[cache] OVRPBL/train: 10000 instances, 33.9 MiB on cuda
[cache] OVRPBTW/train: 10000 instances, 33.9 MiB on cuda
[cache] OVRPLTW/train: 10000 instances, 33.9 MiB on cuda
[cache] VRPBLTW/train: 10000 instances, 33.9 MiB on cuda
[cache] OVRPBLTW/train: 10000 instances, 33.9 MiB on cuda
[cache] OVRP/val: 1000 instances, 3.4 MiB on cuda
[cache] VRPB/val: 1000 instances, 3.4 MiB on cuda
[cache] VRPL/val: 1000 instances, 3.4 MiB on cuda
[cache] VRPTW/val: 1000 instances, 3.4 MiB on cuda
[cache] OVRPTW/val: 1000 instances, 3.4 MiB on cuda
[cache] OVRPB/val: 1000 instances, 3.4 MiB on cuda
[cache] OVRPL/val: 1000 instances, 3.4 MiB on cuda
[cache] VRPBL/val: 1000 instances, 3.4 MiB on cuda
[cache] VRPBTW/val: 1000 instances, 3.4 MiB on cuda
[cache] VRPLTW/val: 1000 instances, 3.4 MiB on cuda
[cache] OVRPBL/val: 1000 instances, 3.4 MiB on cuda
[cache] OVRPBTW/val: 1000 instances, 3.4 MiB on cuda
[cache] OVRPLTW/val: 1000 instances, 3.4 MiB on cuda
[cache] VRPBLTW/val: 1000 instances, 3.4 MiB on cuda
[cache] OVRPBLTW/val: 1000 instances, 3.4 MiB on cuda
wandb: Tracking run with wandb version 0.19.11
wandb: W&B syncing is set to `offline` in this directory. Run `wandb online` or set WANDB_MODE=online to enable cloud syncing.
[R53A] epoch=1 successful_update=200 lr=5.63e-06 loss=0.69834
[R53A] epoch=1 successful_update=400 lr=1.13e-05 loss=0.70552
[R53A] epoch=1 successful_update=600 lr=1.69e-05 loss=0.68782
[R53A] epoch=1 successful_update=800 lr=2.25e-05 loss=0.70010
[R53A] epoch=1 successful_update=1000 lr=2.81e-05 loss=0.69155
[R53A] epoch=1 val Top1=47.7056% actual_regret=0.960530% binary_acc=54.490% best=0.960530% time=16.3s stop=False
[R53A] epoch=2 successful_update=1200 lr=3.38e-05 loss=0.69978
[R53A] epoch=2 successful_update=1400 lr=3.94e-05 loss=0.68443
[R53A] epoch=2 successful_update=1600 lr=4.5e-05 loss=0.69914
[R53A] epoch=2 successful_update=1800 lr=5.06e-05 loss=0.70317
[R53A] epoch=2 successful_update=2000 lr=5.63e-05 loss=0.71158
[R53A] epoch=2 successful_update=2200 lr=6.19e-05 loss=0.69635
[R53A] epoch=2 val Top1=48.2556% actual_regret=0.946111% binary_acc=54.910% best=0.946111% time=16.0s stop=False
[R53A] epoch=3 successful_update=2400 lr=6.75e-05 loss=0.67110
[R53A] epoch=3 successful_update=2600 lr=7.31e-05 loss=0.69178
[R53A] epoch=3 successful_update=2800 lr=7.88e-05 loss=0.68330
[R53A] epoch=3 successful_update=3000 lr=8.44e-05 loss=0.69041
[R53A] epoch=3 successful_update=3200 lr=9e-05 loss=0.68129
[R53A] epoch=3 successful_update=3400 lr=9.56e-05 loss=0.66503
[R53A] epoch=3 val Top1=47.4389% actual_regret=1.042109% binary_acc=52.530% best=0.946111% time=16.1s stop=False
[R53A] epoch=4 successful_update=3600 lr=0.0001 loss=0.68382
[R53A] epoch=4 successful_update=3800 lr=0.0001 loss=0.67816
[R53A] epoch=4 successful_update=4000 lr=0.0001 loss=0.67130
[R53A] epoch=4 successful_update=4200 lr=0.0001 loss=0.68485
[R53A] epoch=4 successful_update=4400 lr=0.0001 loss=0.69292
[R53A] epoch=4 successful_update=4600 lr=0.0001 loss=0.67441
[R53A] epoch=4 val Top1=47.9778% actual_regret=0.963041% binary_acc=54.644% best=0.946111% time=16.2s stop=False
[R53A] epoch=5 successful_update=4800 lr=0.0001 loss=0.65760
[R53A] epoch=5 successful_update=5000 lr=0.0001 loss=0.65166
[R53A] epoch=5 successful_update=5200 lr=0.0001 loss=0.65672
[R53A] epoch=5 successful_update=5400 lr=0.0001 loss=0.64735
[R53A] epoch=5 successful_update=5600 lr=0.0001 loss=0.70655
[R53A] epoch=5 successful_update=5800 lr=0.0001 loss=0.69544
[R53A] epoch=5 val Top1=48.4000% actual_regret=0.939679% binary_acc=55.137% best=0.939679% time=21.4s stop=False
[R53A] epoch=6 successful_update=6000 lr=0.0001 loss=0.68080
[R53A] epoch=6 successful_update=6200 lr=0.0001 loss=0.65949
[R53A] epoch=6 successful_update=6400 lr=0.0001 loss=0.67239
[R53A] epoch=6 successful_update=6600 lr=0.0001 loss=0.64735
[R53A] epoch=6 successful_update=6800 lr=0.0001 loss=0.68132
[R53A] epoch=6 successful_update=7000 lr=0.0001 loss=0.65136
[R53A] epoch=6 val Top1=48.7167% actual_regret=0.942773% binary_acc=55.877% best=0.939679% time=16.2s stop=False
[R53A] epoch=7 successful_update=7200 lr=0.0001 loss=0.67400
[R53A] epoch=7 successful_update=7400 lr=0.0001 loss=0.67118
[R53A] epoch=7 successful_update=7600 lr=0.0001 loss=0.66514
[R53A] epoch=7 successful_update=7800 lr=0.0001 loss=0.69235
[R53A] epoch=7 successful_update=8000 lr=0.0001 loss=0.68606
[R53A] epoch=7 successful_update=8200 lr=0.0001 loss=0.67900
[R53A] epoch=7 val Top1=47.9222% actual_regret=0.946527% binary_acc=54.737% best=0.939679% time=16.2s stop=False
[R53A] epoch=8 successful_update=8400 lr=0.0001 loss=0.67684
[R53A] epoch=8 successful_update=8600 lr=0.0001 loss=0.67800
[R53A] epoch=8 successful_update=8800 lr=0.0001 loss=0.68374
[R53A] epoch=8 successful_update=9000 lr=0.0001 loss=0.67235
[R53A] epoch=8 successful_update=9200 lr=0.0001 loss=0.66406
[R53A] epoch=8 successful_update=9400 lr=0.0001 loss=0.68143
[R53A] epoch=8 val Top1=48.7556% actual_regret=0.944912% binary_acc=55.990% best=0.939679% time=15.9s stop=False
[R53A] epoch=9 successful_update=9600 lr=5e-05 loss=0.68125
[R53A] epoch=9 successful_update=9800 lr=5e-05 loss=0.67620
[R53A] epoch=9 successful_update=10000 lr=5e-05 loss=0.67801
[R53A] epoch=9 successful_update=10200 lr=5e-05 loss=0.68343
[R53A] epoch=9 successful_update=10400 lr=5e-05 loss=0.65430
[R53A] epoch=9 successful_update=10600 lr=5e-05 loss=0.67652
[R53A] epoch=9 val Top1=48.7167% actual_regret=0.927652% binary_acc=55.850% best=0.927652% time=16.1s stop=False
[R53A] epoch=10 successful_update=10800 lr=5e-05 loss=0.68487
[R53A] epoch=10 successful_update=11000 lr=5e-05 loss=0.66168
[R53A] epoch=10 successful_update=11200 lr=5e-05 loss=0.70162
[R53A] epoch=10 successful_update=11400 lr=5e-05 loss=0.67605
[R53A] epoch=10 successful_update=11600 lr=5e-05 loss=0.64332
[R53A] epoch=10 successful_update=11800 lr=5e-05 loss=0.67307
[R53A] epoch=10 val Top1=48.8389% actual_regret=0.925574% binary_acc=56.364% best=0.925574% time=21.3s stop=False
[R53A] epoch=11 successful_update=12000 lr=5e-05 loss=0.67083
[R53A] epoch=11 successful_update=12200 lr=5e-05 loss=0.66142
[R53A] epoch=11 successful_update=12400 lr=5e-05 loss=0.64054
[R53A] epoch=11 successful_update=12600 lr=5e-05 loss=0.65797
[R53A] epoch=11 successful_update=12800 lr=5e-05 loss=0.68035
[R53A] epoch=11 successful_update=13000 lr=5e-05 loss=0.70170
[R53A] epoch=11 val Top1=49.0722% actual_regret=0.927734% binary_acc=56.464% best=0.925574% time=16.1s stop=False
[R53A] epoch=12 successful_update=13200 lr=5e-05 loss=0.66469
[R53A] epoch=12 successful_update=13400 lr=5e-05 loss=0.63467
[R53A] epoch=12 successful_update=13600 lr=5e-05 loss=0.65009
[R53A] epoch=12 successful_update=13800 lr=5e-05 loss=0.64083
[R53A] epoch=12 successful_update=14000 lr=5e-05 loss=0.66900
[R53A] epoch=12 successful_update=14200 lr=5e-05 loss=0.70575
[R53A] epoch=12 val Top1=48.9611% actual_regret=0.938516% binary_acc=56.324% best=0.925574% time=16.2s stop=False
[R53A] epoch=13 successful_update=14400 lr=5e-05 loss=0.63905
[R53A] epoch=13 successful_update=14600 lr=5e-05 loss=0.68583
[R53A] epoch=13 successful_update=14800 lr=5e-05 loss=0.64322
[R53A] epoch=13 successful_update=15000 lr=5e-05 loss=0.64324
[R53A] epoch=13 successful_update=15200 lr=5e-05 loss=0.65296
[R53A] epoch=13 successful_update=15400 lr=5e-05 loss=0.66223
[R53A] epoch=13 val Top1=48.9222% actual_regret=0.937586% binary_acc=56.177% best=0.925574% time=16.1s stop=False
[R53A] epoch=14 successful_update=15600 lr=2.5e-05 loss=0.68108
[R53A] epoch=14 successful_update=15800 lr=2.5e-05 loss=0.68481
[R53A] epoch=14 successful_update=16000 lr=2.5e-05 loss=0.59787
[R53A] epoch=14 successful_update=16200 lr=2.5e-05 loss=0.68073
[R53A] epoch=14 successful_update=16400 lr=2.5e-05 loss=0.68996
[AMP retry] same batch, scale 262144.0->131072.0
[R53A] epoch=14 val Top1=49.1667% actual_regret=0.935587% binary_acc=56.664% best=0.925574% time=16.2s stop=False
[R53A] epoch=15 successful_update=16600 lr=2.5e-05 loss=0.67170
[R53A] epoch=15 successful_update=16800 lr=2.5e-05 loss=0.63130
[R53A] epoch=15 successful_update=17000 lr=2.5e-05 loss=0.68434
[R53A] epoch=15 successful_update=17200 lr=2.5e-05 loss=0.67843
[R53A] epoch=15 successful_update=17400 lr=2.5e-05 loss=0.62218
[R53A] epoch=15 successful_update=17600 lr=2.5e-05 loss=0.67864
[R53A] epoch=15 val Top1=49.1056% actual_regret=0.934536% binary_acc=56.444% best=0.925574% time=21.4s stop=False
[R53A] epoch=16 successful_update=17800 lr=2.5e-05 loss=0.67141
[R53A] epoch=16 successful_update=18000 lr=2.5e-05 loss=0.65015
[R53A] epoch=16 successful_update=18200 lr=2.5e-05 loss=0.67931
[R53A] epoch=16 successful_update=18400 lr=2.5e-05 loss=0.68176
[R53A] epoch=16 successful_update=18600 lr=2.5e-05 loss=0.66137
[R53A] epoch=16 successful_update=18800 lr=2.5e-05 loss=0.65092
[R53A] epoch=16 val Top1=48.9333% actual_regret=0.930530% binary_acc=56.457% best=0.925574% time=16.2s stop=False
[R53A] epoch=17 successful_update=19000 lr=1.25e-05 loss=0.66583
[R53A] epoch=17 successful_update=19200 lr=1.25e-05 loss=0.69883
[R53A] epoch=17 successful_update=19400 lr=1.25e-05 loss=0.66298
[R53A] epoch=17 successful_update=19600 lr=1.25e-05 loss=0.63812
[R53A] epoch=17 successful_update=19800 lr=1.25e-05 loss=0.64295
[R53A] epoch=17 successful_update=20000 lr=1.25e-05 loss=0.67890
[AMP retry] same batch, scale 262144.0->131072.0
[R53A] epoch=17 val Top1=49.1556% actual_regret=0.932520% binary_acc=56.557% best=0.925574% time=16.2s stop=False
[R53A] epoch=18 successful_update=20200 lr=1.25e-05 loss=0.64924
[R53A] epoch=18 successful_update=20400 lr=1.25e-05 loss=0.66108
[R53A] epoch=18 successful_update=20600 lr=1.25e-05 loss=0.67990
[R53A] epoch=18 successful_update=20800 lr=1.25e-05 loss=0.65949
[R53A] epoch=18 successful_update=21000 lr=1.25e-05 loss=0.66897
[R53A] epoch=18 successful_update=21200 lr=1.25e-05 loss=0.64780
[R53A] epoch=18 val Top1=49.2667% actual_regret=0.922663% binary_acc=56.457% best=0.922663% time=16.2s stop=False
[R53A] epoch=19 successful_update=21400 lr=1.25e-05 loss=0.71971
[R53A] epoch=19 successful_update=21600 lr=1.25e-05 loss=0.66295
[R53A] epoch=19 successful_update=21800 lr=1.25e-05 loss=0.64768
[R53A] epoch=19 successful_update=22000 lr=1.25e-05 loss=0.65332
[R53A] epoch=19 successful_update=22200 lr=1.25e-05 loss=0.66839
[R53A] epoch=19 successful_update=22400 lr=1.25e-05 loss=0.67100
[R53A] epoch=19 val Top1=49.1278% actual_regret=0.938389% binary_acc=56.724% best=0.922663% time=16.1s stop=False
[R53A] epoch=20 successful_update=22600 lr=1.25e-05 loss=0.64020
[R53A] epoch=20 successful_update=22800 lr=1.25e-05 loss=0.65465
[R53A] epoch=20 successful_update=23000 lr=1.25e-05 loss=0.65695
[R53A] epoch=20 successful_update=23200 lr=1.25e-05 loss=0.65298
[R53A] epoch=20 successful_update=23400 lr=1.25e-05 loss=0.70091
[R53A] epoch=20 successful_update=23600 lr=1.25e-05 loss=0.64395
[AMP retry] same batch, scale 262144.0->131072.0
[R53A] epoch=20 val Top1=49.2222% actual_regret=0.930898% binary_acc=56.697% best=0.922663% time=21.4s stop=False
[R53A] epoch=21 successful_update=23800 lr=1.25e-05 loss=0.68363
[R53A] epoch=21 successful_update=24000 lr=1.25e-05 loss=0.65593
[R53A] epoch=21 successful_update=24200 lr=1.25e-05 loss=0.63958
[R53A] epoch=21 successful_update=24400 lr=1.25e-05 loss=0.66560
[R53A] epoch=21 successful_update=24600 lr=1.25e-05 loss=0.66634
[R53A] epoch=21 successful_update=24800 lr=1.25e-05 loss=0.67241
[R53A] epoch=21 val Top1=49.1667% actual_regret=0.936018% binary_acc=56.670% best=0.922663% time=16.1s stop=False
[R53A] epoch=22 successful_update=25000 lr=6.25e-06 loss=0.67517
[R53A] epoch=22 successful_update=25200 lr=6.25e-06 loss=0.63617
[R53A] epoch=22 successful_update=25400 lr=6.25e-06 loss=0.66176
[R53A] epoch=22 successful_update=25600 lr=6.25e-06 loss=0.64054
[R53A] epoch=22 successful_update=25800 lr=6.25e-06 loss=0.69362
[R53A] epoch=22 successful_update=26000 lr=6.25e-06 loss=0.65957
[R53A] epoch=22 val Top1=49.1444% actual_regret=0.933844% binary_acc=56.704% best=0.922663% time=16.2s stop=False
[R53A] epoch=23 successful_update=26200 lr=6.25e-06 loss=0.61978
[R53A] epoch=23 successful_update=26400 lr=6.25e-06 loss=0.68998
[R53A] epoch=23 successful_update=26600 lr=6.25e-06 loss=0.68812
[R53A] epoch=23 successful_update=26800 lr=6.25e-06 loss=0.63921
[R53A] epoch=23 successful_update=27000 lr=6.25e-06 loss=0.61699
[R53A] epoch=23 successful_update=27200 lr=6.25e-06 loss=0.66739
[AMP retry] same batch, scale 262144.0->131072.0
[R53A] epoch=23 val Top1=49.1111% actual_regret=0.931900% binary_acc=56.564% best=0.922663% time=16.1s stop=False
[R53A] epoch=24 successful_update=27400 lr=6.25e-06 loss=0.66174
[R53A] epoch=24 successful_update=27600 lr=6.25e-06 loss=0.64771
[R53A] epoch=24 successful_update=27800 lr=6.25e-06 loss=0.66167
[R53A] epoch=24 successful_update=28000 lr=6.25e-06 loss=0.63863
[R53A] epoch=24 successful_update=28200 lr=6.25e-06 loss=0.67851
[R53A] epoch=24 successful_update=28400 lr=6.25e-06 loss=0.66604
[R53A] epoch=24 val Top1=49.1222% actual_regret=0.940224% binary_acc=56.724% best=0.922663% time=16.1s stop=False
[R53A] epoch=25 successful_update=28600 lr=3.13e-06 loss=0.67197
[R53A] epoch=25 successful_update=28800 lr=3.13e-06 loss=0.65067
[R53A] epoch=25 successful_update=29000 lr=3.13e-06 loss=0.69035
[R53A] epoch=25 successful_update=29200 lr=3.13e-06 loss=0.69606
[R53A] epoch=25 successful_update=29400 lr=3.13e-06 loss=0.65522
[R53A] epoch=25 successful_update=29600 lr=3.13e-06 loss=0.67456
[AMP retry] same batch, scale 262144.0->131072.0
[R53A] epoch=25 val Top1=49.0444% actual_regret=0.935024% binary_acc=56.490% best=0.922663% time=21.4s stop=False
[R53A] epoch=26 successful_update=29800 lr=3.13e-06 loss=0.63877
[R53A] epoch=26 successful_update=30000 lr=3.13e-06 loss=0.65425
[R53A] epoch=26 successful_update=30200 lr=3.13e-06 loss=0.67295
[R53A] epoch=26 successful_update=30400 lr=3.13e-06 loss=0.65361
[R53A] epoch=26 successful_update=30600 lr=3.13e-06 loss=0.68501
[R53A] epoch=26 successful_update=30800 lr=3.13e-06 loss=0.69760
[R53A] epoch=26 val Top1=49.1833% actual_regret=0.931401% binary_acc=56.710% best=0.922663% time=21.4s stop=True
wandb:
wandb:
wandb: Run history:
wandb:                   epoch ▁▁▂▂▂▂▃▃▃▄▄▄▄▅▅▅▅▆▆▆▇▇▇▇██
wandb:               grad_norm █▅▃▁▁▁▁▁▁▂▃▃▃▄▄▅▅▆▆▆▆▇▇▇▇▇
wandb:           learning_rate ▃▆██████▄▄▄▄▄▃▃▃▂▂▂▂▂▁▁▁▁▁
wandb:                    loss █▆▅▅▅▄▄▄▃▃▃▃▃▂▂▂▂▂▁▁▁▁▁▁▁▁
wandb: specialist_val_accuracy ▄▅▁▅▅▇▅▇▇▇█▇▇█████████████
wandb:       specialist_val_ce ▇▄█▅▃▄▄▂▂▂▂▂▂▁▁▂▁▁▁▁▁▁▁▁▁▁
wandb:      successful_updates ▁▁▂▂▂▂▃▃▃▄▄▄▄▅▅▅▅▆▆▆▇▇▇▇██
wandb:   val_actual_regret_pct ▃▂█▃▂▂▂▂▁▁▁▂▂▂▂▁▂▁▂▁▂▂▂▂▂▂
wandb:                val_top1 ▂▄▁▃▅▆▃▆▆▆▇▇▇█▇▇██▇███▇▇▇█
wandb:
wandb: Run summary:
wandb:                 best_epoch 18
wandb: best_val_actual_regret_pct 0.92266
wandb:                      epoch 26
wandb:                final_epoch 26
wandb:                  grad_norm 0.45204
wandb:              learning_rate 0.0
wandb:                       loss 0.66287
wandb:    specialist_val_accuracy 0.5671
wandb:          specialist_val_ce 0.66951
wandb:         successful_updates 30810
wandb:      val_actual_regret_pct 0.9314
wandb:                   val_top1 0.49183
wandb:
wandb: You can sync this run to the cloud by running:
wandb: wandb sync /public/home/shiys/0selection2/code/V4/runs/R53_pair_specialist/A_ce_seed2/wandb/offline-run-20261010_155038-i0m3ryde
wandb: Find logs at: ./code/V4/runs/R53_pair_specialist/A_ce_seed2/wandb/offline-run-20261010_155038-i0m3ryde/logs
wandb: Tracking run with wandb version 0.19.11
wandb: W&B syncing is set to `offline` in this directory. Run `wandb online` or set WANDB_MODE=online to enable cloud syncing.
[R53B] epoch=1 successful_update=200 lr=5.63e-06 loss=1.00811
[R53B] epoch=1 successful_update=400 lr=1.13e-05 loss=0.66046
[R53B] epoch=1 successful_update=600 lr=1.69e-05 loss=0.51678
[R53B] epoch=1 successful_update=800 lr=2.25e-05 loss=0.56702
[R53B] epoch=1 successful_update=1000 lr=2.81e-05 loss=0.58604
[R53B] epoch=1 val Top1=47.8278% actual_regret=0.960661% binary_acc=54.677% best=0.960661% time=16.3s stop=False
[R53B] epoch=2 successful_update=1200 lr=3.38e-05 loss=0.86869
[R53B] epoch=2 successful_update=1400 lr=3.94e-05 loss=0.85645
[R53B] epoch=2 successful_update=1600 lr=4.5e-05 loss=0.46914
[R53B] epoch=2 successful_update=1800 lr=5.06e-05 loss=0.57590
[R53B] epoch=2 successful_update=2000 lr=5.63e-05 loss=0.65101
[R53B] epoch=2 successful_update=2200 lr=6.19e-05 loss=0.74577
[R53B] epoch=2 val Top1=48.4611% actual_regret=0.941648% binary_acc=55.030% best=0.941648% time=16.2s stop=False
[R53B] epoch=3 successful_update=2400 lr=6.75e-05 loss=0.57507
[R53B] epoch=3 successful_update=2600 lr=7.31e-05 loss=0.72517
[R53B] epoch=3 successful_update=2800 lr=7.88e-05 loss=0.69858
[R53B] epoch=3 successful_update=3000 lr=8.44e-05 loss=0.81498
[R53B] epoch=3 successful_update=3200 lr=9e-05 loss=0.40011
[R53B] epoch=3 successful_update=3400 lr=9.56e-05 loss=0.70247
[R53B] epoch=3 val Top1=48.4778% actual_regret=0.939863% binary_acc=55.743% best=0.939863% time=16.3s stop=False
[R53B] epoch=4 successful_update=3600 lr=0.0001 loss=0.60928
[R53B] epoch=4 successful_update=3800 lr=0.0001 loss=0.47693
[R53B] epoch=4 successful_update=4000 lr=0.0001 loss=0.34789
[R53B] epoch=4 successful_update=4200 lr=0.0001 loss=0.52853
[R53B] epoch=4 successful_update=4400 lr=0.0001 loss=0.59546
[R53B] epoch=4 successful_update=4600 lr=0.0001 loss=0.52961
[R53B] epoch=4 val Top1=48.2667% actual_regret=0.960098% binary_acc=55.250% best=0.939863% time=16.3s stop=False
[R53B] epoch=5 successful_update=4800 lr=0.0001 loss=0.80266
[R53B] epoch=5 successful_update=5000 lr=0.0001 loss=0.49405
[R53B] epoch=5 successful_update=5200 lr=0.0001 loss=0.66355
[R53B] epoch=5 successful_update=5400 lr=0.0001 loss=0.71100
[R53B] epoch=5 successful_update=5600 lr=0.0001 loss=0.58638
[R53B] epoch=5 successful_update=5800 lr=0.0001 loss=0.77588
[R53B] epoch=5 val Top1=48.7056% actual_regret=0.930058% binary_acc=55.917% best=0.930058% time=21.6s stop=False
[R53B] epoch=6 successful_update=6000 lr=0.0001 loss=0.50323
[R53B] epoch=6 successful_update=6200 lr=0.0001 loss=0.35948
[R53B] epoch=6 successful_update=6400 lr=0.0001 loss=0.48813
[R53B] epoch=6 successful_update=6600 lr=0.0001 loss=0.54059
[R53B] epoch=6 successful_update=6800 lr=0.0001 loss=0.67721
[R53B] epoch=6 successful_update=7000 lr=0.0001 loss=0.68693
[R53B] epoch=6 val Top1=49.0111% actual_regret=0.931171% binary_acc=56.257% best=0.930058% time=16.2s stop=False
[R53B] epoch=7 successful_update=7200 lr=0.0001 loss=0.75011
[R53B] epoch=7 successful_update=7400 lr=0.0001 loss=0.54646
[R53B] epoch=7 successful_update=7600 lr=0.0001 loss=0.54694
[R53B] epoch=7 successful_update=7800 lr=0.0001 loss=0.61402
[R53B] epoch=7 successful_update=8000 lr=0.0001 loss=0.41373
[R53B] epoch=7 successful_update=8200 lr=0.0001 loss=0.62582
[R53B] epoch=7 val Top1=47.8389% actual_regret=0.947870% binary_acc=54.624% best=0.930058% time=16.3s stop=False
[R53B] epoch=8 successful_update=8400 lr=0.0001 loss=0.51802
[R53B] epoch=8 successful_update=8600 lr=0.0001 loss=0.54721
[R53B] epoch=8 successful_update=8800 lr=0.0001 loss=0.63996
[R53B] epoch=8 successful_update=9000 lr=0.0001 loss=0.65475
[R53B] epoch=8 successful_update=9200 lr=0.0001 loss=0.57214
[R53B] epoch=8 successful_update=9400 lr=0.0001 loss=0.51188
[R53B] epoch=8 val Top1=48.7333% actual_regret=0.949755% binary_acc=56.083% best=0.930058% time=16.3s stop=False
[R53B] epoch=9 successful_update=9600 lr=5e-05 loss=0.51605
[R53B] epoch=9 successful_update=9800 lr=5e-05 loss=0.69045
[R53B] epoch=9 successful_update=10000 lr=5e-05 loss=0.89023
[R53B] epoch=9 successful_update=10200 lr=5e-05 loss=0.55685
[R53B] epoch=9 successful_update=10400 lr=5e-05 loss=0.51248
[R53B] epoch=9 successful_update=10600 lr=5e-05 loss=0.60046
[R53B] epoch=9 val Top1=48.7444% actual_regret=0.927196% binary_acc=55.764% best=0.927196% time=16.2s stop=False
[R53B] epoch=10 successful_update=10800 lr=5e-05 loss=0.54094
[R53B] epoch=10 successful_update=11000 lr=5e-05 loss=0.40034
[R53B] epoch=10 successful_update=11200 lr=5e-05 loss=0.86708
[R53B] epoch=10 successful_update=11400 lr=5e-05 loss=0.71719
[R53B] epoch=10 successful_update=11600 lr=5e-05 loss=0.61427
[R53B] epoch=10 successful_update=11800 lr=5e-05 loss=0.64944
[R53B] epoch=10 val Top1=48.7667% actual_regret=0.922454% binary_acc=56.677% best=0.922454% time=21.5s stop=False
[R53B] epoch=11 successful_update=12000 lr=5e-05 loss=0.54580
[R53B] epoch=11 successful_update=12200 lr=5e-05 loss=0.58290
[R53B] epoch=11 successful_update=12400 lr=5e-05 loss=0.55293
[R53B] epoch=11 successful_update=12600 lr=5e-05 loss=0.72271
[R53B] epoch=11 successful_update=12800 lr=5e-05 loss=0.51869
[R53B] epoch=11 successful_update=13000 lr=5e-05 loss=0.65641
[R53B] epoch=11 val Top1=48.8556% actual_regret=0.923238% binary_acc=56.104% best=0.922454% time=16.0s stop=False
[R53B] epoch=12 successful_update=13200 lr=5e-05 loss=0.59623
[R53B] epoch=12 successful_update=13400 lr=5e-05 loss=0.50223
[R53B] epoch=12 successful_update=13600 lr=5e-05 loss=0.48447
[R53B] epoch=12 successful_update=13800 lr=5e-05 loss=0.76071
[R53B] epoch=12 successful_update=14000 lr=5e-05 loss=0.66790
[R53B] epoch=12 successful_update=14200 lr=5e-05 loss=0.57900
[R53B] epoch=12 val Top1=49.0389% actual_regret=0.921408% binary_acc=56.670% best=0.921408% time=16.2s stop=False
[R53B] epoch=13 successful_update=14400 lr=5e-05 loss=0.45981
[R53B] epoch=13 successful_update=14600 lr=5e-05 loss=0.65575
[R53B] epoch=13 successful_update=14800 lr=5e-05 loss=0.66369
[R53B] epoch=13 successful_update=15000 lr=5e-05 loss=0.70130
[R53B] epoch=13 successful_update=15200 lr=5e-05 loss=0.57012
[R53B] epoch=13 successful_update=15400 lr=5e-05 loss=0.27756
[R53B] epoch=13 val Top1=48.8111% actual_regret=0.943015% binary_acc=56.277% best=0.921408% time=16.2s stop=False
[R53B] epoch=14 successful_update=15600 lr=5e-05 loss=0.64615
[R53B] epoch=14 successful_update=15800 lr=5e-05 loss=0.53301
[R53B] epoch=14 successful_update=16000 lr=5e-05 loss=0.46314
[R53B] epoch=14 successful_update=16200 lr=5e-05 loss=0.58027
[R53B] epoch=14 successful_update=16400 lr=5e-05 loss=0.53177
[AMP retry] same batch, scale 262144.0->131072.0
[AMP retry] same batch, scale 131072.0->65536.0
[R53B] epoch=14 val Top1=48.6944% actual_regret=0.941728% binary_acc=56.377% best=0.921408% time=16.3s stop=False
[R53B] epoch=15 successful_update=16600 lr=5e-05 loss=0.69732
[R53B] epoch=15 successful_update=16800 lr=5e-05 loss=0.60212
[R53B] epoch=15 successful_update=17000 lr=5e-05 loss=0.44102
[R53B] epoch=15 successful_update=17200 lr=5e-05 loss=0.72172
[R53B] epoch=15 successful_update=17400 lr=5e-05 loss=0.61060
[R53B] epoch=15 successful_update=17600 lr=5e-05 loss=0.39686
[R53B] epoch=15 val Top1=49.1278% actual_regret=0.926543% binary_acc=57.070% best=0.921408% time=21.5s stop=False
[R53B] epoch=16 successful_update=17800 lr=2.5e-05 loss=0.71686
[R53B] epoch=16 successful_update=18000 lr=2.5e-05 loss=0.53518
[R53B] epoch=16 successful_update=18200 lr=2.5e-05 loss=0.72313
[R53B] epoch=16 successful_update=18400 lr=2.5e-05 loss=0.78920
[R53B] epoch=16 successful_update=18600 lr=2.5e-05 loss=0.39196
[R53B] epoch=16 successful_update=18800 lr=2.5e-05 loss=0.75695
[R53B] epoch=16 val Top1=49.0389% actual_regret=0.928245% binary_acc=56.750% best=0.921408% time=16.3s stop=False
[R53B] epoch=17 successful_update=19000 lr=2.5e-05 loss=0.52296
[R53B] epoch=17 successful_update=19200 lr=2.5e-05 loss=0.56711
[R53B] epoch=17 successful_update=19400 lr=2.5e-05 loss=0.47145
[R53B] epoch=17 successful_update=19600 lr=2.5e-05 loss=0.50467
[R53B] epoch=17 successful_update=19800 lr=2.5e-05 loss=0.77575
[R53B] epoch=17 successful_update=20000 lr=2.5e-05 loss=0.68759
[R53B] epoch=17 val Top1=48.9944% actual_regret=0.930647% binary_acc=56.884% best=0.921408% time=16.3s stop=False
[R53B] epoch=18 successful_update=20200 lr=2.5e-05 loss=0.40654
[R53B] epoch=18 successful_update=20400 lr=2.5e-05 loss=0.52830
[R53B] epoch=18 successful_update=20600 lr=2.5e-05 loss=0.44494
[AMP retry] same batch, scale 262144.0->131072.0
[R53B] epoch=18 successful_update=20800 lr=2.5e-05 loss=0.53888
[R53B] epoch=18 successful_update=21000 lr=2.5e-05 loss=0.46984
[R53B] epoch=18 successful_update=21200 lr=2.5e-05 loss=0.31947
[R53B] epoch=18 val Top1=48.7667% actual_regret=0.931105% binary_acc=56.384% best=0.921408% time=16.1s stop=False
[R53B] epoch=19 successful_update=21400 lr=1.25e-05 loss=0.81282
[R53B] epoch=19 successful_update=21600 lr=1.25e-05 loss=0.52044
[R53B] epoch=19 successful_update=21800 lr=1.25e-05 loss=0.67263
[R53B] epoch=19 successful_update=22000 lr=1.25e-05 loss=0.44559
[R53B] epoch=19 successful_update=22200 lr=1.25e-05 loss=0.75172
[R53B] epoch=19 successful_update=22400 lr=1.25e-05 loss=0.74137
[R53B] epoch=19 val Top1=49.2833% actual_regret=0.922223% binary_acc=57.370% best=0.921408% time=16.3s stop=False
[R53B] epoch=20 successful_update=22600 lr=1.25e-05 loss=0.76331
[R53B] epoch=20 successful_update=22800 lr=1.25e-05 loss=0.55794
[R53B] epoch=20 successful_update=23000 lr=1.25e-05 loss=0.66299
[R53B] epoch=20 successful_update=23200 lr=1.25e-05 loss=0.75972
[AMP retry] same batch, scale 262144.0->131072.0
[R53B] epoch=20 successful_update=23400 lr=1.25e-05 loss=0.77644
[R53B] epoch=20 successful_update=23600 lr=1.25e-05 loss=0.51335
[AMP retry] same batch, scale 131072.0->65536.0
[R53B] epoch=20 val Top1=49.0500% actual_regret=0.929421% binary_acc=57.110% best=0.921408% time=21.6s stop=True
wandb:
wandb:
wandb: Run history:
wandb:                   epoch ▁▁▂▂▂▃▃▄▄▄▅▅▅▆▆▇▇▇██
wandb:               grad_norm ▄▅▃▂▁▁▁▁▂▃▃▄▄▅▅▆▆▇██
wandb:           learning_rate ▃▅██████▄▄▄▄▄▄▄▂▂▂▁▁
wandb:                    loss █▆▅▅▄▄▄▄▃▃▃▃▂▂▂▂▂▁▁▁
wandb: specialist_val_accuracy ▁▂▄▃▄▅▁▅▄▆▅▆▅▅▇▆▇▅█▇
wandb:       specialist_val_ce ▅▃▁▁█▂▆▂▄▃▃▄▂▃▂▆▃▄▃▃
wandb:      successful_updates ▁▁▂▂▂▃▃▄▄▄▅▅▅▆▆▇▇▇██
wandb:   val_actual_regret_pct █▅▄█▃▃▆▆▂▁▁▁▅▅▂▂▃▃▁▂
wandb:                val_top1 ▁▄▄▃▅▇▁▅▅▆▆▇▆▅▇▇▇▆█▇
wandb:
wandb: Run summary:
wandb:                 best_epoch 12
wandb: best_val_actual_regret_pct 0.92141
wandb:                      epoch 20
wandb:                final_epoch 20
wandb:                  grad_norm 1.04084
wandb:              learning_rate 1e-05
wandb:                       loss 0.58534
wandb:    specialist_val_accuracy 0.5711
wandb:          specialist_val_ce 0.68458
wandb:         successful_updates 23700
wandb:      val_actual_regret_pct 0.92942
wandb:                   val_top1 0.4905
wandb:
wandb: You can sync this run to the cloud by running:
wandb: wandb sync /public/home/shiys/0selection2/code/V4/runs/R53_pair_specialist/B_cost_sensitive_seed2/wandb/offline-run-20261010_155818-na1j9r66
wandb: Find logs at: ./code/V4/runs/R53_pair_specialist/B_cost_sensitive_seed2/wandb/offline-run-20261010_155818-na1j9r66/logs
[cache] OVRP/test: 1000 instances, 3.4 MiB on cuda
[cache] VRPB/test: 1000 instances, 3.4 MiB on cuda
[cache] VRPL/test: 1000 instances, 3.4 MiB on cuda
[cache] VRPTW/test: 1000 instances, 3.4 MiB on cuda
[cache] OVRPTW/test: 1000 instances, 3.4 MiB on cuda
[cache] OVRPB/test: 1000 instances, 3.4 MiB on cuda
[cache] OVRPL/test: 1000 instances, 3.4 MiB on cuda
[cache] VRPBL/test: 1000 instances, 3.4 MiB on cuda
[cache] VRPBTW/test: 1000 instances, 3.4 MiB on cuda
[cache] VRPLTW/test: 1000 instances, 3.4 MiB on cuda
[cache] OVRPBL/test: 1000 instances, 3.4 MiB on cuda
[cache] OVRPBTW/test: 1000 instances, 3.4 MiB on cuda
[cache] OVRPLTW/test: 1000 instances, 3.4 MiB on cuda
[cache] VRPBLTW/test: 1000 instances, 3.4 MiB on cuda
[cache] OVRPBLTW/test: 1000 instances, 3.4 MiB on cuda
{
  "screens": {
    "val": {
      "A": {
        "top1_delta_pp": 0.14999999999999458,
        "regret_relative_reduction_pct": 0.365604324431819,
        "meets_predeclared_screen": false
      },
      "B": {
        "top1_delta_pp": -0.07777777777776551,
        "regret_relative_reduction_pct": 0.5011383521053726,
        "meets_predeclared_screen": false
      }
    },
    "test": {
      "A": {
        "top1_delta_pp": -0.14999999999999458,
        "regret_relative_reduction_pct": -0.6899924379944441,
        "meets_predeclared_screen": false
      },
      "B": {
        "top1_delta_pp": -0.20000000000000018,
        "regret_relative_reduction_pct": -0.729510786842166,
        "meets_predeclared_screen": false
      }
    }
  },
  "initialization_matched": true,
  "prediction_replay": true
}
