/public/home/shiys/0selection2/code/V4/evaluate.py:33: FutureWarning: You are using `torch.load` with `weights_only=False` (the current default value), which uses the default pickle module implicitly. It is possible to construct malicious pickle data which will execute arbitrary code during unpickling (See https://github.com/pytorch/pytorch/blob/main/SECURITY.md#untrusted-models for more details). In a future release, the default value for `weights_only` will be flipped to `True`. This limits the functions that could be executed during unpickling. Arbitrary objects will no longer be allowed to be loaded via this mode unless they are explicitly allowlisted by the user via `torch.serialization.add_safe_globals`. We recommend you start setting `weights_only=True` for any use case where you don't have full control of the loaded file. Please open an issue on GitHub for any issues related to this experimental feature.
  ckpt = torch.load(ckpt_path, map_location=device)
R32e/best TSP train 0.3817000091075897
R32e/last TSP train 0.3801000118255615
R33a/best TSP train 0.37860000133514404
R33a/last TSP train 0.3824999928474426
R32e/best TSP val 0.3499999940395355
R32e/last TSP val 0.3700000047683716
R33a/best TSP val 0.35199999809265137
R33a/last TSP val 0.367000013589859
R32e/best CVRP train 0.33230000734329224
R32e/last CVRP train 0.33730000257492065
R33a/best CVRP train 0.33629998564720154
R33a/last CVRP train 0.34360000491142273
R32e/best CVRP val 0.3529999852180481
R32e/last CVRP val 0.3580000102519989
R33a/best CVRP val 0.35499998927116394
R33a/last CVRP val 0.35899999737739563
R32e/best ATSP train 0.7383999824523926
R32e/last ATSP train 0.7433000206947327
R33a/best ATSP train 0.7461000084877014
R33a/last ATSP train 0.7361000180244446
R32e/best ATSP val 0.7609999775886536
R32e/last ATSP val 0.7620000243186951
R33a/best ATSP val 0.7670000195503235
R33a/last ATSP val 0.7609999775886536
R32e/best OVRP train 0.3788999915122986
R32e/last OVRP train 0.3758000135421753
R33a/best OVRP train 0.3707999885082245
R33a/last OVRP train 0.37310001254081726
R32e/best OVRP val 0.33799999952316284
R32e/last OVRP val 0.35100001096725464
R33a/best OVRP val 0.35499998927116394
R33a/last OVRP val 0.3610000014305115
R32e/best VRPB train 0.5475999712944031
R32e/last VRPB train 0.5479999780654907
R33a/best VRPB train 0.5424000024795532
R33a/last VRPB train 0.5442000031471252
R32e/best VRPB val 0.5609999895095825
R32e/last VRPB val 0.5600000023841858
R33a/best VRPB val 0.5429999828338623
R33a/last VRPB val 0.546999990940094
R32e/best VRPL train 0.3328999876976013
R32e/last VRPL train 0.3345000147819519
R33a/best VRPL train 0.3336000144481659
R33a/last VRPL train 0.33250001072883606
R32e/best VRPL val 0.32199999690055847
R32e/last VRPL val 0.3230000138282776
R33a/best VRPL val 0.3179999887943268
R33a/last VRPL val 0.31299999356269836
R32e/best VRPTW train 0.4530999958515167
R32e/last VRPTW train 0.4542999863624573
R33a/best VRPTW train 0.46000000834465027
R33a/last VRPTW train 0.4564000070095062
R32e/best VRPTW val 0.4490000009536743
R32e/last VRPTW val 0.44699999690055847
R33a/best VRPTW val 0.4490000009536743
R33a/last VRPTW val 0.4189999997615814
R32e/best OVRPTW train 0.508400022983551
R32e/last OVRPTW train 0.504800021648407
R33a/best OVRPTW train 0.5019999742507935
R33a/last OVRPTW train 0.5055999755859375
R32e/best OVRPTW val 0.49300000071525574
R32e/last OVRPTW val 0.503000020980835
R33a/best OVRPTW val 0.503000020980835
R33a/last OVRPTW val 0.503000020980835
R32e/best OVRPB train 0.554099977016449
R32e/last OVRPB train 0.5565000176429749
R33a/best OVRPB train 0.5597000122070312
R33a/last OVRPB train 0.5590000152587891
R32e/best OVRPB val 0.5559999942779541
R32e/last OVRPB val 0.5460000038146973
R33a/best OVRPB val 0.5529999732971191
R33a/last OVRPB val 0.5580000281333923
R32e/best OVRPL train 0.3756999969482422
R32e/last OVRPL train 0.37450000643730164
R33a/best OVRPL train 0.3799999952316284
R33a/last OVRPL train 0.3783999979496002
R32e/best OVRPL val 0.3840000033378601
R32e/last OVRPL val 0.3790000081062317
R33a/best OVRPL val 0.38100001215934753
R33a/last OVRPL val 0.3790000081062317
R32e/best VRPBL train 0.5351999998092651
R32e/last VRPBL train 0.5360000133514404
R33a/best VRPBL train 0.5353999733924866
R33a/last VRPBL train 0.5364999771118164
R32e/best VRPBL val 0.5329999923706055
R32e/last VRPBL val 0.5450000166893005
R33a/best VRPBL val 0.5410000085830688
R33a/last VRPBL val 0.550000011920929
R32e/best VRPBTW train 0.42899999022483826
R32e/last VRPBTW train 0.4334000051021576
R33a/best VRPBTW train 0.42480000853538513
R33a/last VRPBTW train 0.43529999256134033
R32e/best VRPBTW val 0.4429999887943268
R32e/last VRPBTW val 0.4169999957084656
R33a/best VRPBTW val 0.41999998688697815
R33a/last VRPBTW val 0.3959999978542328
R32e/best VRPLTW train 0.4521999955177307
R32e/last VRPLTW train 0.4392000138759613
R33a/best VRPLTW train 0.43790000677108765
R33a/last VRPLTW train 0.44020000100135803
R32e/best VRPLTW val 0.4480000138282776
R32e/last VRPLTW val 0.4339999854564667
R33a/best VRPLTW val 0.44600000977516174
R33a/last VRPLTW val 0.42899999022483826
R32e/best OVRPBL train 0.5483999848365784
R32e/last OVRPBL train 0.5548999905586243
R33a/best OVRPBL train 0.5526000261306763
R33a/last OVRPBL train 0.5508999824523926
R32e/best OVRPBL val 0.531000018119812
R32e/last OVRPBL val 0.5339999794960022
R33a/best OVRPBL val 0.5379999876022339
R33a/last OVRPBL val 0.5450000166893005
R32e/best OVRPBTW train 0.4867999851703644
R32e/last OVRPBTW train 0.4900999963283539
R33a/best OVRPBTW train 0.48420000076293945
R33a/last OVRPBTW train 0.4781000018119812
R32e/best OVRPBTW val 0.5009999871253967
R32e/last OVRPBTW val 0.503000020980835
R33a/best OVRPBTW val 0.5049999952316284
R33a/last OVRPBTW val 0.48399999737739563
R32e/best OVRPLTW train 0.5108000040054321
R32e/last OVRPLTW train 0.5074999928474426
R33a/best OVRPLTW train 0.4997999966144562
R33a/last OVRPLTW train 0.5033000111579895
R32e/best OVRPLTW val 0.4970000088214874
R32e/last OVRPLTW val 0.4830000102519989
R33a/best OVRPLTW val 0.4950000047683716
R33a/last OVRPLTW val 0.49399998784065247
R32e/best VRPBLTW train 0.44760000705718994
R32e/last VRPBLTW train 0.4336000084877014
R33a/best VRPBLTW train 0.4350000023841858
R33a/last VRPBLTW train 0.4388999938964844
R32e/best VRPBLTW val 0.4090000092983246
R32e/last VRPBLTW val 0.3869999945163727
R33a/best VRPBLTW val 0.4050000011920929
R33a/last VRPBLTW val 0.38999998569488525
R32e/best OVRPBLTW train 0.5060999989509583
R32e/last OVRPBLTW train 0.499099999666214
R33a/best OVRPBLTW train 0.4966999888420105
R33a/last OVRPBLTW train 0.49540001153945923
R32e/best OVRPBLTW val 0.4950000047683716
R32e/last OVRPBLTW val 0.4740000069141388
R33a/best OVRPBLTW val 0.5059999823570251
R33a/last OVRPBLTW val 0.47600001096725464
DIAGNOSTICS COMPLETE
