       TSP: top1=0.350 top2=0.594 top3=0.732 mean_cost=8.0513 vs_sbs=-0.391% pre=0.350 gap=0.307 util=0.350
      CVRP: top1=0.377 top2=0.599 top3=0.762 mean_cost=18.3165 vs_sbs=-0.086% pre=0.371 gap=0.344 util=0.362
      ATSP: top1=0.766 top2=0.958 top3=0.995 mean_cost=1.6358 vs_sbs=-2.029% pre=0.756 gap=0.768 util=0.768
      OVRP: top1=0.353 top2=0.647 top3=0.820 mean_cost=7.4668 vs_sbs=-0.037% pre=0.339 gap=0.344 util=0.342
      VRPB: top1=0.512 top2=0.880 top3=0.985 mean_cost=9.3114 vs_sbs=+0.176% pre=0.495 gap=0.511 util=0.505
      VRPL: top1=0.299 top2=0.521 top3=0.694 mean_cost=12.3575 vs_sbs=-0.025% pre=0.277 gap=0.274 util=0.293
     VRPTW: top1=0.410 top2=0.738 top3=0.905 mean_cost=17.6653 vs_sbs=-4.179% pre=0.411 gap=0.430 util=0.419
    OVRPTW: top1=0.454 top2=0.903 top3=0.999 mean_cost=10.1224 vs_sbs=-0.009% pre=0.436 gap=0.459 util=0.463
     OVRPB: top1=0.540 top2=0.963 top3=0.987 mean_cost=6.2993 vs_sbs=+0.048% pre=0.541 gap=0.526 util=0.525
     OVRPL: top1=0.376 top2=0.675 top3=0.841 mean_cost=7.4452 vs_sbs=-0.114% pre=0.362 gap=0.358 util=0.367
     VRPBL: top1=0.533 top2=0.880 top3=0.990 mean_cost=9.2508 vs_sbs=+0.018% pre=0.491 gap=0.522 util=0.532
    VRPBTW: top1=0.412 top2=0.756 top3=0.927 mean_cost=19.0352 vs_sbs=-2.515% pre=0.389 gap=0.436 util=0.400
    VRPLTW: top1=0.433 top2=0.743 top3=0.908 mean_cost=17.6385 vs_sbs=-4.278% pre=0.418 gap=0.432 util=0.427
    OVRPBL: top1=0.569 top2=0.970 top3=0.991 mean_cost=6.3039 vs_sbs=-0.047% pre=0.563 gap=0.580 util=0.575
   OVRPBTW: top1=0.496 top2=0.875 top3=0.999 mean_cost=10.6165 vs_sbs=+0.071% pre=0.481 gap=0.507 util=0.508
   OVRPLTW: top1=0.476 top2=0.891 top3=1.000 mean_cost=10.1097 vs_sbs=+0.061% pre=0.448 gap=0.483 util=0.481
   VRPBLTW: top1=0.442 top2=0.756 top3=0.931 mean_cost=19.1044 vs_sbs=-2.910% pre=0.393 gap=0.425 util=0.435
  OVRPBLTW: top1=0.490 top2=0.870 top3=0.999 mean_cost=10.5918 vs_sbs=-0.009% pre=0.436 gap=0.478 util=0.495

| **ALL** | **0.4604** | **0.7899** | **0.9147** | **11.1846** | **—** | **11.3339 (-0.903%)** | **11.0567 (+1.048%)** |
Saved code/V4/runs/R32c_evalmask_r32b_best_top3_safe/test_summary.md
