[cache] TSP/train: 10000 instances, 45.0 MiB on cuda:0
[cache] CVRP/train: 10000 instances, 83.3 MiB on cuda:0
[cache] ATSP/train: 10000 instances, 384.5 MiB on cuda:0
[cache] OVRP/train: 10000 instances, 33.9 MiB on cuda:0
[cache] VRPB/train: 10000 instances, 33.9 MiB on cuda:0
[cache] VRPL/train: 10000 instances, 33.9 MiB on cuda:0
[cache] VRPTW/train: 10000 instances, 33.9 MiB on cuda:0
[cache] OVRPTW/train: 10000 instances, 33.9 MiB on cuda:0
[cache] OVRPB/train: 10000 instances, 33.9 MiB on cuda:0
[cache] OVRPL/train: 10000 instances, 33.9 MiB on cuda:0
[cache] VRPBL/train: 10000 instances, 33.9 MiB on cuda:0
[cache] VRPBTW/train: 10000 instances, 33.9 MiB on cuda:0
[cache] VRPLTW/train: 10000 instances, 33.9 MiB on cuda:0
[cache] OVRPBL/train: 10000 instances, 33.9 MiB on cuda:0
[cache] OVRPBTW/train: 10000 instances, 33.9 MiB on cuda:0
[cache] OVRPLTW/train: 10000 instances, 33.9 MiB on cuda:0
[cache] VRPBLTW/train: 10000 instances, 33.9 MiB on cuda:0
[cache] OVRPBLTW/train: 10000 instances, 33.9 MiB on cuda:0
[cache] TSP/val: 1000 instances, 4.5 MiB on cuda:0
[cache] CVRP/val: 1000 instances, 8.3 MiB on cuda:0
[cache] ATSP/val: 1000 instances, 38.4 MiB on cuda:0
[cache] OVRP/val: 1000 instances, 3.4 MiB on cuda:0
[cache] VRPB/val: 1000 instances, 3.4 MiB on cuda:0
[cache] VRPL/val: 1000 instances, 3.4 MiB on cuda:0
[cache] VRPTW/val: 1000 instances, 3.4 MiB on cuda:0
[cache] OVRPTW/val: 1000 instances, 3.4 MiB on cuda:0
[cache] OVRPB/val: 1000 instances, 3.4 MiB on cuda:0
[cache] OVRPL/val: 1000 instances, 3.4 MiB on cuda:0
[cache] VRPBL/val: 1000 instances, 3.4 MiB on cuda:0
[cache] VRPBTW/val: 1000 instances, 3.4 MiB on cuda:0
[cache] VRPLTW/val: 1000 instances, 3.4 MiB on cuda:0
[cache] OVRPBL/val: 1000 instances, 3.4 MiB on cuda:0
[cache] OVRPBTW/val: 1000 instances, 3.4 MiB on cuda:0
[cache] OVRPLTW/val: 1000 instances, 3.4 MiB on cuda:0
[cache] VRPBLTW/val: 1000 instances, 3.4 MiB on cuda:0
[cache] OVRPBLTW/val: 1000 instances, 3.4 MiB on cuda:0
[witness] {"group": "A", "problem": "TSP", "batch": 64, "seconds": 0.47746245097368956, "peak_memory_gib": 4.006629943847656, "loss": 0.9497065544128418, "grad_norm": 0.9448426961898804, "skipped": 0, "amp_scale": 65536.0, "ce": 2.050323486328125, "pair": 1.772289514541626, "risk": 2.7432196140289307}
[witness] {"group": "A", "problem": "CVRP", "batch": 64, "seconds": 0.047345038037747145, "peak_memory_gib": 4.023719787597656, "loss": 1.286019206047058, "grad_norm": 1.2970362901687622, "skipped": 0, "amp_scale": 65536.0, "ce": 2.32012939453125, "pair": 2.66117262840271, "risk": 10.392830848693848}
[witness] {"group": "A", "problem": "ATSP", "batch": 64, "seconds": 0.032620460726320744, "peak_memory_gib": 2.634822368621826, "loss": 1.0522425174713135, "grad_norm": 2.233962297439575, "skipped": 0, "amp_scale": 65536.0, "ce": 1.57666015625, "pair": 2.8219027519226074, "risk": 10.911056518554688}
[witness] {"group": "B", "problem": "TSP", "batch": 64, "seconds": 0.041340482886880636, "peak_memory_gib": 3.894418716430664, "loss": 0.9571645259857178, "grad_norm": 0.8951717019081116, "skipped": 0, "amp_scale": 65536.0, "ce": 2.077301025390625, "pair": 1.7686563730239868, "risk": 2.6621766090393066}
[witness] {"group": "B", "problem": "CVRP", "batch": 64, "seconds": 0.03787810215726495, "peak_memory_gib": 3.9084434509277344, "loss": 1.274799108505249, "grad_norm": 1.3215264081954956, "skipped": 0, "amp_scale": 65536.0, "ce": 2.311187744140625, "pair": 2.6322357654571533, "risk": 10.132990837097168}
[witness] {"group": "B", "problem": "ATSP", "batch": 64, "seconds": 0.01966097205877304, "peak_memory_gib": 2.559833526611328, "loss": 1.1178776025772095, "grad_norm": 2.371370553970337, "skipped": 0, "amp_scale": 65536.0, "ce": 1.664154052734375, "pair": 3.0743980407714844, "risk": 11.399192810058594}
[prepared] two seed2 runs; 162000 successful updates each; no test access
----------------------------------------------------------------------
Ran 8 tests in 1.450s

OK
