[watch] {"timestamp": "2026-09-30T21:56:19", "gpu_util_pct": 0.0, "memory_mib": 2.0, "power_w": 19.05, "completed": 0, "group": "A", "epoch": 0, "updates": 0, "ce": "", "top1": "", "vs_sbs_pct": ""}
[watch] {"timestamp": "2026-09-30T21:56:19", "gpu_util_pct": 0.0, "memory_mib": 2.0, "power_w": 19.05, "completed": 0, "group": "B", "epoch": 0, "updates": 0, "ce": "", "top1": "", "vs_sbs_pct": ""}
[watch] {"timestamp": "2026-09-30T21:56:49", "gpu_util_pct": 0.0, "memory_mib": 2400.0, "power_w": 58.33, "completed": 0, "group": "A", "epoch": 0, "updates": 0, "ce": "", "top1": "", "vs_sbs_pct": ""}
[watch] {"timestamp": "2026-09-30T21:56:49", "gpu_util_pct": 0.0, "memory_mib": 2400.0, "power_w": 58.33, "completed": 0, "group": "B", "epoch": 0, "updates": 0, "ce": "", "top1": "", "vs_sbs_pct": ""}
[watch] {"timestamp": "2026-09-30T21:57:19", "gpu_util_pct": 100.0, "memory_mib": 23544.0, "power_w": 295.34, "completed": 0, "group": "A", "epoch": 0, "updates": 0, "ce": "", "top1": "", "vs_sbs_pct": ""}
[watch] {"timestamp": "2026-09-30T21:57:19", "gpu_util_pct": 100.0, "memory_mib": 23544.0, "power_w": 295.34, "completed": 0, "group": "B", "epoch": 0, "updates": 0, "ce": "", "top1": "", "vs_sbs_pct": ""}
[watch] {"timestamp": "2026-09-30T21:57:49", "gpu_util_pct": 91.0, "memory_mib": 20322.0, "power_w": 177.46, "completed": 0, "group": "A", "epoch": 0, "updates": 0, "ce": "", "top1": "", "vs_sbs_pct": ""}
[watch] {"timestamp": "2026-09-30T21:57:49", "gpu_util_pct": 91.0, "memory_mib": 20322.0, "power_w": 177.46, "completed": 0, "group": "B", "epoch": 0, "updates": 0, "ce": "", "top1": "", "vs_sbs_pct": ""}
[watch] {"timestamp": "2026-09-30T21:58:19", "gpu_util_pct": 88.0, "memory_mib": 20322.0, "power_w": 166.95, "completed": 0, "group": "A", "epoch": 0, "updates": 0, "ce": "", "top1": "", "vs_sbs_pct": ""}
[watch] {"timestamp": "2026-09-30T21:58:19", "gpu_util_pct": 88.0, "memory_mib": 20322.0, "power_w": 166.95, "completed": 0, "group": "B", "epoch": 0, "updates": 0, "ce": "", "top1": "", "vs_sbs_pct": ""}
[watch] {"timestamp": "2026-09-30T21:58:49", "gpu_util_pct": 88.0, "memory_mib": 20324.0, "power_w": 175.45, "completed": 0, "group": "A", "epoch": 0, "updates": 0, "ce": "", "top1": "", "vs_sbs_pct": ""}
[watch] {"timestamp": "2026-09-30T21:58:49", "gpu_util_pct": 88.0, "memory_mib": 20324.0, "power_w": 175.45, "completed": 0, "group": "B", "epoch": 1, "updates": 2700, "ce": 1.1986255049705505, "top1": 0.4405, "vs_sbs_pct": -0.7501976270907788}
[watch] {"timestamp": "2026-09-30T21:59:19", "gpu_util_pct": 87.0, "memory_mib": 20324.0, "power_w": 173.41, "completed": 0, "group": "A", "epoch": 1, "updates": 2700, "ce": 1.23619611064593, "top1": 0.4295, "vs_sbs_pct": -0.5384980879282821}
[watch] {"timestamp": "2026-09-30T21:59:19", "gpu_util_pct": 87.0, "memory_mib": 20324.0, "power_w": 173.41, "completed": 0, "group": "B", "epoch": 1, "updates": 2700, "ce": 1.1986255049705505, "top1": 0.4405, "vs_sbs_pct": -0.7501976270907788}
[watch] {"timestamp": "2026-09-30T21:59:49", "gpu_util_pct": 92.0, "memory_mib": 20324.0, "power_w": 172.56, "completed": 0, "group": "A", "epoch": 1, "updates": 2700, "ce": 1.23619611064593, "top1": 0.4295, "vs_sbs_pct": -0.5384980879282821}
[watch] {"timestamp": "2026-09-30T21:59:49", "gpu_util_pct": 92.0, "memory_mib": 20324.0, "power_w": 172.56, "completed": 0, "group": "B", "epoch": 1, "updates": 2700, "ce": 1.1986255049705505, "top1": 0.4405, "vs_sbs_pct": -0.7501976270907788}
[watch] {"timestamp": "2026-09-30T22:00:19", "gpu_util_pct": 93.0, "memory_mib": 20324.0, "power_w": 175.51, "completed": 0, "group": "A", "epoch": 1, "updates": 2700, "ce": 1.23619611064593, "top1": 0.4295, "vs_sbs_pct": -0.5384980879282821}
[watch] {"timestamp": "2026-09-30T22:00:19", "gpu_util_pct": 93.0, "memory_mib": 20324.0, "power_w": 175.51, "completed": 0, "group": "B", "epoch": 2, "updates": 5400, "ce": 1.193975438674291, "top1": 0.44366666666666665, "vs_sbs_pct": -0.7834814712590116}
[watch] {"timestamp": "2026-09-30T22:00:50", "gpu_util_pct": 96.0, "memory_mib": 20324.0, "power_w": 231.47, "completed": 0, "group": "A", "epoch": 1, "updates": 2700, "ce": 1.23619611064593, "top1": 0.4295, "vs_sbs_pct": -0.5384980879282821}
[watch] {"timestamp": "2026-09-30T22:00:50", "gpu_util_pct": 96.0, "memory_mib": 20324.0, "power_w": 231.47, "completed": 0, "group": "B", "epoch": 2, "updates": 5400, "ce": 1.193975438674291, "top1": 0.44366666666666665, "vs_sbs_pct": -0.7834814712590116}
[watch] {"timestamp": "2026-09-30T22:01:20", "gpu_util_pct": 90.0, "memory_mib": 20324.0, "power_w": 169.34, "completed": 0, "group": "A", "epoch": 2, "updates": 5400, "ce": 1.2149559491210513, "top1": 0.43994444444444447, "vs_sbs_pct": -0.7606343713510884}
[watch] {"timestamp": "2026-09-30T22:01:20", "gpu_util_pct": 90.0, "memory_mib": 20324.0, "power_w": 169.34, "completed": 0, "group": "B", "epoch": 3, "updates": 8100, "ce": 1.1827715668413374, "top1": 0.44633333333333336, "vs_sbs_pct": -0.8663631865629581}
[watch] {"timestamp": "2026-09-30T22:01:50", "gpu_util_pct": 89.0, "memory_mib": 20324.0, "power_w": 173.19, "completed": 0, "group": "A", "epoch": 2, "updates": 5400, "ce": 1.2149559491210513, "top1": 0.43994444444444447, "vs_sbs_pct": -0.7606343713510884}
[watch] {"timestamp": "2026-09-30T22:01:50", "gpu_util_pct": 89.0, "memory_mib": 20324.0, "power_w": 173.19, "completed": 0, "group": "B", "epoch": 3, "updates": 8100, "ce": 1.1827715668413374, "top1": 0.44633333333333336, "vs_sbs_pct": -0.8663631865629581}
[watch] {"timestamp": "2026-09-30T22:02:20", "gpu_util_pct": 88.0, "memory_mib": 20324.0, "power_w": 175.1, "completed": 0, "group": "A", "epoch": 2, "updates": 5400, "ce": 1.2149559491210513, "top1": 0.43994444444444447, "vs_sbs_pct": -0.7606343713510884}
[watch] {"timestamp": "2026-09-30T22:02:20", "gpu_util_pct": 88.0, "memory_mib": 20324.0, "power_w": 175.1, "completed": 0, "group": "B", "epoch": 4, "updates": 10800, "ce": 1.1777766048908234, "top1": 0.4529444444444445, "vs_sbs_pct": -0.7848240247246704}
[watch] {"timestamp": "2026-09-30T22:02:50", "gpu_util_pct": 91.0, "memory_mib": 20324.0, "power_w": 177.83, "completed": 0, "group": "A", "epoch": 3, "updates": 8100, "ce": 1.1923305193583171, "top1": 0.4487777777777777, "vs_sbs_pct": -0.8154945879011697}
[watch] {"timestamp": "2026-09-30T22:02:50", "gpu_util_pct": 91.0, "memory_mib": 20324.0, "power_w": 177.83, "completed": 0, "group": "B", "epoch": 4, "updates": 10800, "ce": 1.1777766048908234, "top1": 0.4529444444444445, "vs_sbs_pct": -0.7848240247246704}
[watch] {"timestamp": "2026-09-30T22:03:20", "gpu_util_pct": 86.0, "memory_mib": 20324.0, "power_w": 174.21, "completed": 0, "group": "A", "epoch": 3, "updates": 8100, "ce": 1.1923305193583171, "top1": 0.4487777777777777, "vs_sbs_pct": -0.8154945879011697}
[watch] {"timestamp": "2026-09-30T22:03:20", "gpu_util_pct": 86.0, "memory_mib": 20324.0, "power_w": 174.21, "completed": 0, "group": "B", "epoch": 4, "updates": 10800, "ce": 1.1777766048908234, "top1": 0.4529444444444445, "vs_sbs_pct": -0.7848240247246704}
[watch] {"timestamp": "2026-09-30T22:03:50", "gpu_util_pct": 91.0, "memory_mib": 20326.0, "power_w": 173.72, "completed": 0, "group": "A", "epoch": 3, "updates": 8100, "ce": 1.1923305193583171, "top1": 0.4487777777777777, "vs_sbs_pct": -0.8154945879011697}
[watch] {"timestamp": "2026-09-30T22:03:50", "gpu_util_pct": 91.0, "memory_mib": 20326.0, "power_w": 173.72, "completed": 0, "group": "B", "epoch": 5, "updates": 13500, "ce": 1.1412267684936523, "top1": 0.4627777777777779, "vs_sbs_pct": -0.9674513996042707}
[watch] {"timestamp": "2026-09-30T22:04:20", "gpu_util_pct": 87.0, "memory_mib": 20326.0, "power_w": 170.6, "completed": 0, "group": "A", "epoch": 4, "updates": 10800, "ce": 1.156103531519572, "top1": 0.45855555555555555, "vs_sbs_pct": -0.9389383666657386}
[watch] {"timestamp": "2026-09-30T22:04:20", "gpu_util_pct": 87.0, "memory_mib": 20326.0, "power_w": 170.6, "completed": 0, "group": "B", "epoch": 5, "updates": 13500, "ce": 1.1412267684936523, "top1": 0.4627777777777779, "vs_sbs_pct": -0.9674513996042707}
[watch] {"timestamp": "2026-09-30T22:04:50", "gpu_util_pct": 90.0, "memory_mib": 20326.0, "power_w": 177.02, "completed": 0, "group": "A", "epoch": 4, "updates": 10800, "ce": 1.156103531519572, "top1": 0.45855555555555555, "vs_sbs_pct": -0.9389383666657386}
[watch] {"timestamp": "2026-09-30T22:04:50", "gpu_util_pct": 90.0, "memory_mib": 20326.0, "power_w": 177.02, "completed": 0, "group": "B", "epoch": 5, "updates": 13500, "ce": 1.1412267684936523, "top1": 0.4627777777777779, "vs_sbs_pct": -0.9674513996042707}
[watch] {"timestamp": "2026-09-30T22:05:20", "gpu_util_pct": 90.0, "memory_mib": 20326.0, "power_w": 177.16, "completed": 0, "group": "A", "epoch": 4, "updates": 10800, "ce": 1.156103531519572, "top1": 0.45855555555555555, "vs_sbs_pct": -0.9389383666657386}
[watch] {"timestamp": "2026-09-30T22:05:20", "gpu_util_pct": 90.0, "memory_mib": 20326.0, "power_w": 177.16, "completed": 0, "group": "B", "epoch": 6, "updates": 16200, "ce": 1.1303420166174571, "top1": 0.4669444444444445, "vs_sbs_pct": -0.9941311482235705}
[watch] {"timestamp": "2026-09-30T22:05:50", "gpu_util_pct": 99.0, "memory_mib": 20326.0, "power_w": 284.68, "completed": 0, "group": "A", "epoch": 4, "updates": 10800, "ce": 1.156103531519572, "top1": 0.45855555555555555, "vs_sbs_pct": -0.9389383666657386}
[watch] {"timestamp": "2026-09-30T22:05:50", "gpu_util_pct": 99.0, "memory_mib": 20326.0, "power_w": 284.68, "completed": 0, "group": "B", "epoch": 6, "updates": 16200, "ce": 1.1303420166174571, "top1": 0.4669444444444445, "vs_sbs_pct": -0.9941311482235705}
[watch] {"timestamp": "2026-09-30T22:06:20", "gpu_util_pct": 88.0, "memory_mib": 20326.0, "power_w": 171.7, "completed": 0, "group": "A", "epoch": 5, "updates": 13500, "ce": 1.1492230395476024, "top1": 0.46661111111111114, "vs_sbs_pct": -0.9132306117728866}
[watch] {"timestamp": "2026-09-30T22:06:20", "gpu_util_pct": 88.0, "memory_mib": 20326.0, "power_w": 171.7, "completed": 0, "group": "B", "epoch": 7, "updates": 18900, "ce": 1.123723179101944, "top1": 0.4701111111111111, "vs_sbs_pct": -0.9569840165098586}
[watch] {"timestamp": "2026-09-30T22:06:50", "gpu_util_pct": 87.0, "memory_mib": 20326.0, "power_w": 171.7, "completed": 0, "group": "A", "epoch": 5, "updates": 13500, "ce": 1.1492230395476024, "top1": 0.46661111111111114, "vs_sbs_pct": -0.9132306117728866}
[watch] {"timestamp": "2026-09-30T22:06:50", "gpu_util_pct": 87.0, "memory_mib": 20326.0, "power_w": 171.7, "completed": 0, "group": "B", "epoch": 7, "updates": 18900, "ce": 1.123723179101944, "top1": 0.4701111111111111, "vs_sbs_pct": -0.9569840165098586}
[watch] {"timestamp": "2026-09-30T22:07:20", "gpu_util_pct": 87.0, "memory_mib": 20326.0, "power_w": 176.39, "completed": 0, "group": "A", "epoch": 5, "updates": 13500, "ce": 1.1492230395476024, "top1": 0.46661111111111114, "vs_sbs_pct": -0.9132306117728866}
[watch] {"timestamp": "2026-09-30T22:07:20", "gpu_util_pct": 87.0, "memory_mib": 20326.0, "power_w": 176.39, "completed": 0, "group": "B", "epoch": 8, "updates": 21600, "ce": 1.1601001355383131, "top1": 0.4688333333333333, "vs_sbs_pct": -0.9653066933405019}
[watch] {"timestamp": "2026-09-30T22:07:51", "gpu_util_pct": 88.0, "memory_mib": 20326.0, "power_w": 175.41, "completed": 0, "group": "A", "epoch": 6, "updates": 16200, "ce": 1.1405508021513622, "top1": 0.4690555555555556, "vs_sbs_pct": -0.9924588794991851}
[watch] {"timestamp": "2026-09-30T22:07:51", "gpu_util_pct": 88.0, "memory_mib": 20326.0, "power_w": 175.41, "completed": 0, "group": "B", "epoch": 8, "updates": 21600, "ce": 1.1601001355383131, "top1": 0.4688333333333333, "vs_sbs_pct": -0.9653066933405019}
[watch] {"timestamp": "2026-09-30T22:08:21", "gpu_util_pct": 90.0, "memory_mib": 20326.0, "power_w": 172.1, "completed": 0, "group": "A", "epoch": 6, "updates": 16200, "ce": 1.1405508021513622, "top1": 0.4690555555555556, "vs_sbs_pct": -0.9924588794991851}
[watch] {"timestamp": "2026-09-30T22:08:21", "gpu_util_pct": 90.0, "memory_mib": 20326.0, "power_w": 172.1, "completed": 0, "group": "B", "epoch": 8, "updates": 21600, "ce": 1.1601001355383131, "top1": 0.4688333333333333, "vs_sbs_pct": -0.9653066933405019}
[watch] {"timestamp": "2026-09-30T22:08:51", "gpu_util_pct": 86.0, "memory_mib": 20326.0, "power_w": 175.65, "completed": 0, "group": "A", "epoch": 6, "updates": 16200, "ce": 1.1405508021513622, "top1": 0.4690555555555556, "vs_sbs_pct": -0.9924588794991851}
[watch] {"timestamp": "2026-09-30T22:08:51", "gpu_util_pct": 86.0, "memory_mib": 20326.0, "power_w": 175.65, "completed": 0, "group": "B", "epoch": 9, "updates": 24300, "ce": 1.1264174216323428, "top1": 0.4705555555555556, "vs_sbs_pct": -0.9995137290901894}
[watch] {"timestamp": "2026-09-30T22:09:21", "gpu_util_pct": 86.0, "memory_mib": 20326.0, "power_w": 176.75, "completed": 0, "group": "A", "epoch": 7, "updates": 18900, "ce": 1.1302725871404011, "top1": 0.46661111111111114, "vs_sbs_pct": -0.9384919827178541}
[watch] {"timestamp": "2026-09-30T22:09:21", "gpu_util_pct": 86.0, "memory_mib": 20326.0, "power_w": 176.75, "completed": 0, "group": "B", "epoch": 9, "updates": 24300, "ce": 1.1264174216323428, "top1": 0.4705555555555556, "vs_sbs_pct": -0.9995137290901894}
[watch] {"timestamp": "2026-09-30T22:09:51", "gpu_util_pct": 88.0, "memory_mib": 20326.0, "power_w": 170.84, "completed": 0, "group": "A", "epoch": 7, "updates": 18900, "ce": 1.1302725871404011, "top1": 0.46661111111111114, "vs_sbs_pct": -0.9384919827178541}
[watch] {"timestamp": "2026-09-30T22:09:51", "gpu_util_pct": 88.0, "memory_mib": 20326.0, "power_w": 170.84, "completed": 0, "group": "B", "epoch": 10, "updates": 27000, "ce": 1.1070874896314409, "top1": 0.4791666666666667, "vs_sbs_pct": -1.0138555688747497}
[watch] {"timestamp": "2026-09-30T22:10:21", "gpu_util_pct": 88.0, "memory_mib": 20326.0, "power_w": 172.42, "completed": 0, "group": "A", "epoch": 7, "updates": 18900, "ce": 1.1302725871404011, "top1": 0.46661111111111114, "vs_sbs_pct": -0.9384919827178541}
[watch] {"timestamp": "2026-09-30T22:10:21", "gpu_util_pct": 88.0, "memory_mib": 20326.0, "power_w": 172.42, "completed": 0, "group": "B", "epoch": 10, "updates": 27000, "ce": 1.1070874896314409, "top1": 0.4791666666666667, "vs_sbs_pct": -1.0138555688747497}
[watch] {"timestamp": "2026-09-30T22:10:51", "gpu_util_pct": 88.0, "memory_mib": 20326.0, "power_w": 178.83, "completed": 0, "group": "A", "epoch": 7, "updates": 18900, "ce": 1.1302725871404011, "top1": 0.46661111111111114, "vs_sbs_pct": -0.9384919827178541}
[watch] {"timestamp": "2026-09-30T22:10:51", "gpu_util_pct": 88.0, "memory_mib": 20326.0, "power_w": 178.83, "completed": 0, "group": "B", "epoch": 10, "updates": 27000, "ce": 1.1070874896314409, "top1": 0.4791666666666667, "vs_sbs_pct": -1.0138555688747497}
[watch] {"timestamp": "2026-09-30T22:11:21", "gpu_util_pct": 82.0, "memory_mib": 20326.0, "power_w": 167.1, "completed": 0, "group": "A", "epoch": 8, "updates": 21600, "ce": 1.1668987803988986, "top1": 0.47344444444444445, "vs_sbs_pct": -0.9942898360019135}
[watch] {"timestamp": "2026-09-30T22:11:21", "gpu_util_pct": 82.0, "memory_mib": 20326.0, "power_w": 167.1, "completed": 0, "group": "B", "epoch": 11, "updates": 29700, "ce": 1.117987765206231, "top1": 0.4702777777777778, "vs_sbs_pct": -0.9858791430975641}
[watch] {"timestamp": "2026-09-30T22:11:52", "gpu_util_pct": 88.0, "memory_mib": 20326.0, "power_w": 163.98, "completed": 0, "group": "A", "epoch": 8, "updates": 21600, "ce": 1.1668987803988986, "top1": 0.47344444444444445, "vs_sbs_pct": -0.9942898360019135}
[watch] {"timestamp": "2026-09-30T22:11:52", "gpu_util_pct": 88.0, "memory_mib": 20326.0, "power_w": 163.98, "completed": 0, "group": "B", "epoch": 11, "updates": 29700, "ce": 1.117987765206231, "top1": 0.4702777777777778, "vs_sbs_pct": -0.9858791430975641}
[watch] {"timestamp": "2026-09-30T22:12:22", "gpu_util_pct": 91.0, "memory_mib": 20326.0, "power_w": 174.71, "completed": 0, "group": "A", "epoch": 8, "updates": 21600, "ce": 1.1668987803988986, "top1": 0.47344444444444445, "vs_sbs_pct": -0.9942898360019135}
[watch] {"timestamp": "2026-09-30T22:12:22", "gpu_util_pct": 91.0, "memory_mib": 20326.0, "power_w": 174.71, "completed": 0, "group": "B", "epoch": 12, "updates": 32400, "ce": 1.1092431512143877, "top1": 0.4762777777777778, "vs_sbs_pct": -0.9851062496550996}
[watch] {"timestamp": "2026-09-30T22:12:52", "gpu_util_pct": 87.0, "memory_mib": 20326.0, "power_w": 171.71, "completed": 0, "group": "A", "epoch": 9, "updates": 24300, "ce": 1.1304804682731628, "top1": 0.47633333333333333, "vs_sbs_pct": -1.0046691643741112}
[watch] {"timestamp": "2026-09-30T22:12:52", "gpu_util_pct": 87.0, "memory_mib": 20326.0, "power_w": 171.71, "completed": 0, "group": "B", "epoch": 12, "updates": 32400, "ce": 1.1092431512143877, "top1": 0.4762777777777778, "vs_sbs_pct": -0.9851062496550996}
[watch] {"timestamp": "2026-09-30T22:13:22", "gpu_util_pct": 69.0, "memory_mib": 20326.0, "power_w": 229.22, "completed": 0, "group": "A", "epoch": 9, "updates": 24300, "ce": 1.1304804682731628, "top1": 0.47633333333333333, "vs_sbs_pct": -1.0046691643741112}
[watch] {"timestamp": "2026-09-30T22:13:22", "gpu_util_pct": 69.0, "memory_mib": 20326.0, "power_w": 229.22, "completed": 0, "group": "B", "epoch": 12, "updates": 32400, "ce": 1.1092431512143877, "top1": 0.4762777777777778, "vs_sbs_pct": -0.9851062496550996}
[watch] {"timestamp": "2026-09-30T22:13:52", "gpu_util_pct": 91.0, "memory_mib": 20326.0, "power_w": 171.34, "completed": 0, "group": "A", "epoch": 9, "updates": 24300, "ce": 1.1304804682731628, "top1": 0.47633333333333333, "vs_sbs_pct": -1.0046691643741112}
[watch] {"timestamp": "2026-09-30T22:13:52", "gpu_util_pct": 91.0, "memory_mib": 20326.0, "power_w": 171.34, "completed": 0, "group": "B", "epoch": 13, "updates": 35100, "ce": 1.110397219657898, "top1": 0.47594444444444434, "vs_sbs_pct": -1.0222793591336425}
[watch] {"timestamp": "2026-09-30T22:14:22", "gpu_util_pct": 100.0, "memory_mib": 20326.0, "power_w": 285.43, "completed": 0, "group": "A", "epoch": 9, "updates": 24300, "ce": 1.1304804682731628, "top1": 0.47633333333333333, "vs_sbs_pct": -1.0046691643741112}
[watch] {"timestamp": "2026-09-30T22:14:22", "gpu_util_pct": 100.0, "memory_mib": 20326.0, "power_w": 285.43, "completed": 0, "group": "B", "epoch": 13, "updates": 35100, "ce": 1.110397219657898, "top1": 0.47594444444444434, "vs_sbs_pct": -1.0222793591336425}
[watch] {"timestamp": "2026-09-30T22:14:52", "gpu_util_pct": 93.0, "memory_mib": 20326.0, "power_w": 179.23, "completed": 0, "group": "A", "epoch": 10, "updates": 27000, "ce": 1.1139041880766551, "top1": 0.4766666666666667, "vs_sbs_pct": -1.0125030775348876}
[watch] {"timestamp": "2026-09-30T22:14:52", "gpu_util_pct": 93.0, "memory_mib": 20326.0, "power_w": 179.23, "completed": 0, "group": "B", "epoch": 14, "updates": 37800, "ce": 1.102892557779948, "top1": 0.47677777777777774, "vs_sbs_pct": -0.975278752277439}
[watch] {"timestamp": "2026-09-30T22:15:22", "gpu_util_pct": 90.0, "memory_mib": 20326.0, "power_w": 176.33, "completed": 0, "group": "A", "epoch": 10, "updates": 27000, "ce": 1.1139041880766551, "top1": 0.4766666666666667, "vs_sbs_pct": -1.0125030775348876}
[watch] {"timestamp": "2026-09-30T22:15:22", "gpu_util_pct": 90.0, "memory_mib": 20326.0, "power_w": 176.33, "completed": 0, "group": "B", "epoch": 14, "updates": 37800, "ce": 1.102892557779948, "top1": 0.47677777777777774, "vs_sbs_pct": -0.975278752277439}
[watch] {"timestamp": "2026-09-30T22:15:52", "gpu_util_pct": 92.0, "memory_mib": 20326.0, "power_w": 224.89, "completed": 0, "group": "A", "epoch": 10, "updates": 27000, "ce": 1.1139041880766551, "top1": 0.4766666666666667, "vs_sbs_pct": -1.0125030775348876}
[watch] {"timestamp": "2026-09-30T22:15:52", "gpu_util_pct": 92.0, "memory_mib": 20326.0, "power_w": 224.89, "completed": 0, "group": "B", "epoch": 14, "updates": 37800, "ce": 1.102892557779948, "top1": 0.47677777777777774, "vs_sbs_pct": -0.975278752277439}
[watch] {"timestamp": "2026-09-30T22:16:22", "gpu_util_pct": 90.0, "memory_mib": 20326.0, "power_w": 175.2, "completed": 0, "group": "A", "epoch": 11, "updates": 29700, "ce": 1.1336618032720354, "top1": 0.47516666666666674, "vs_sbs_pct": -0.9828618265819957}
[watch] {"timestamp": "2026-09-30T22:16:22", "gpu_util_pct": 90.0, "memory_mib": 20326.0, "power_w": 175.2, "completed": 0, "group": "B", "epoch": 15, "updates": 40500, "ce": 1.1026897761556838, "top1": 0.47872222222222227, "vs_sbs_pct": -1.0206896574733917}
[watch] {"timestamp": "2026-09-30T22:16:52", "gpu_util_pct": 89.0, "memory_mib": 20326.0, "power_w": 175.66, "completed": 0, "group": "A", "epoch": 11, "updates": 29700, "ce": 1.1336618032720354, "top1": 0.47516666666666674, "vs_sbs_pct": -0.9828618265819957}
[watch] {"timestamp": "2026-09-30T22:16:52", "gpu_util_pct": 89.0, "memory_mib": 20326.0, "power_w": 175.66, "completed": 0, "group": "B", "epoch": 15, "updates": 40500, "ce": 1.1026897761556838, "top1": 0.47872222222222227, "vs_sbs_pct": -1.0206896574733917}
[watch] {"timestamp": "2026-09-30T22:17:22", "gpu_util_pct": 84.0, "memory_mib": 20326.0, "power_w": 170.9, "completed": 0, "group": "A", "epoch": 11, "updates": 29700, "ce": 1.1336618032720354, "top1": 0.47516666666666674, "vs_sbs_pct": -0.9828618265819957}
[watch] {"timestamp": "2026-09-30T22:17:22", "gpu_util_pct": 84.0, "memory_mib": 20326.0, "power_w": 170.9, "completed": 0, "group": "B", "epoch": 16, "updates": 43200, "ce": 1.1115425361527338, "top1": 0.48011111111111116, "vs_sbs_pct": -1.0299129886913092}
[watch] {"timestamp": "2026-09-30T22:17:52", "gpu_util_pct": 88.0, "memory_mib": 20326.0, "power_w": 180.29, "completed": 0, "group": "A", "epoch": 12, "updates": 32400, "ce": 1.1139897770351834, "top1": 0.4769444444444445, "vs_sbs_pct": -1.022212575367375}
[watch] {"timestamp": "2026-09-30T22:17:52", "gpu_util_pct": 88.0, "memory_mib": 20326.0, "power_w": 180.29, "completed": 0, "group": "B", "epoch": 16, "updates": 43200, "ce": 1.1115425361527338, "top1": 0.48011111111111116, "vs_sbs_pct": -1.0299129886913092}
[watch] {"timestamp": "2026-09-30T22:18:23", "gpu_util_pct": 92.0, "memory_mib": 20326.0, "power_w": 176.73, "completed": 0, "group": "A", "epoch": 12, "updates": 32400, "ce": 1.1139897770351834, "top1": 0.4769444444444445, "vs_sbs_pct": -1.022212575367375}
[watch] {"timestamp": "2026-09-30T22:18:23", "gpu_util_pct": 92.0, "memory_mib": 20326.0, "power_w": 176.73, "completed": 0, "group": "B", "epoch": 17, "updates": 45900, "ce": 1.1170664959483676, "top1": 0.4803333333333333, "vs_sbs_pct": -0.999883822851355}
[watch] {"timestamp": "2026-09-30T22:18:53", "gpu_util_pct": 88.0, "memory_mib": 20326.0, "power_w": 176.03, "completed": 0, "group": "A", "epoch": 12, "updates": 32400, "ce": 1.1139897770351834, "top1": 0.4769444444444445, "vs_sbs_pct": -1.022212575367375}
[watch] {"timestamp": "2026-09-30T22:18:53", "gpu_util_pct": 88.0, "memory_mib": 20326.0, "power_w": 176.03, "completed": 0, "group": "B", "epoch": 17, "updates": 45900, "ce": 1.1170664959483676, "top1": 0.4803333333333333, "vs_sbs_pct": -0.999883822851355}
[watch] {"timestamp": "2026-09-30T22:19:23", "gpu_util_pct": 90.0, "memory_mib": 20326.0, "power_w": 178.8, "completed": 0, "group": "A", "epoch": 12, "updates": 32400, "ce": 1.1139897770351834, "top1": 0.4769444444444445, "vs_sbs_pct": -1.022212575367375}
[watch] {"timestamp": "2026-09-30T22:19:23", "gpu_util_pct": 90.0, "memory_mib": 20326.0, "power_w": 178.8, "completed": 0, "group": "B", "epoch": 17, "updates": 45900, "ce": 1.1170664959483676, "top1": 0.4803333333333333, "vs_sbs_pct": -0.999883822851355}
[watch] {"timestamp": "2026-09-30T22:19:53", "gpu_util_pct": 87.0, "memory_mib": 20326.0, "power_w": 171.24, "completed": 0, "group": "A", "epoch": 13, "updates": 35100, "ce": 1.1125342945257823, "top1": 0.4792777777777778, "vs_sbs_pct": -1.0391962721597745}
[watch] {"timestamp": "2026-09-30T22:19:53", "gpu_util_pct": 87.0, "memory_mib": 20326.0, "power_w": 171.24, "completed": 0, "group": "B", "epoch": 18, "updates": 48600, "ce": 1.1122159990999434, "top1": 0.4801666666666667, "vs_sbs_pct": -1.0135254620625478}
[watch] {"timestamp": "2026-09-30T22:20:23", "gpu_util_pct": 88.0, "memory_mib": 20326.0, "power_w": 174.97, "completed": 0, "group": "A", "epoch": 13, "updates": 35100, "ce": 1.1125342945257823, "top1": 0.4792777777777778, "vs_sbs_pct": -1.0391962721597745}
[watch] {"timestamp": "2026-09-30T22:20:23", "gpu_util_pct": 88.0, "memory_mib": 20326.0, "power_w": 174.97, "completed": 0, "group": "B", "epoch": 18, "updates": 48600, "ce": 1.1122159990999434, "top1": 0.4801666666666667, "vs_sbs_pct": -1.0135254620625478}
[watch] {"timestamp": "2026-09-30T22:20:53", "gpu_util_pct": 87.0, "memory_mib": 20326.0, "power_w": 172.97, "completed": 0, "group": "A", "epoch": 13, "updates": 35100, "ce": 1.1125342945257823, "top1": 0.4792777777777778, "vs_sbs_pct": -1.0391962721597745}
[watch] {"timestamp": "2026-09-30T22:20:53", "gpu_util_pct": 87.0, "memory_mib": 20326.0, "power_w": 172.97, "completed": 0, "group": "B", "epoch": 19, "updates": 51300, "ce": 1.1123708486557007, "top1": 0.4778888888888888, "vs_sbs_pct": -1.0071445200092863}
[watch] {"timestamp": "2026-09-30T22:21:23", "gpu_util_pct": 90.0, "memory_mib": 20326.0, "power_w": 180.72, "completed": 0, "group": "A", "epoch": 14, "updates": 37800, "ce": 1.103943622774548, "top1": 0.479, "vs_sbs_pct": -1.0283153355986008}
[watch] {"timestamp": "2026-09-30T22:21:23", "gpu_util_pct": 90.0, "memory_mib": 20326.0, "power_w": 180.72, "completed": 0, "group": "B", "epoch": 19, "updates": 51300, "ce": 1.1123708486557007, "top1": 0.4778888888888888, "vs_sbs_pct": -1.0071445200092863}
[watch] {"timestamp": "2026-09-30T22:21:53", "gpu_util_pct": 90.0, "memory_mib": 20326.0, "power_w": 225.25, "completed": 0, "group": "A", "epoch": 14, "updates": 37800, "ce": 1.103943622774548, "top1": 0.479, "vs_sbs_pct": -1.0283153355986008}
[watch] {"timestamp": "2026-09-30T22:21:53", "gpu_util_pct": 90.0, "memory_mib": 20326.0, "power_w": 225.25, "completed": 0, "group": "B", "epoch": 19, "updates": 51300, "ce": 1.1123708486557007, "top1": 0.4778888888888888, "vs_sbs_pct": -1.0071445200092863}
[watch] {"timestamp": "2026-09-30T22:22:23", "gpu_util_pct": 91.0, "memory_mib": 20326.0, "power_w": 179.04, "completed": 0, "group": "A", "epoch": 14, "updates": 37800, "ce": 1.103943622774548, "top1": 0.479, "vs_sbs_pct": -1.0283153355986008}
[watch] {"timestamp": "2026-09-30T22:22:23", "gpu_util_pct": 91.0, "memory_mib": 20326.0, "power_w": 179.04, "completed": 0, "group": "B", "epoch": 20, "updates": 54000, "ce": 1.1237768166595035, "top1": 0.48255555555555557, "vs_sbs_pct": -0.9924580078857398}
[watch] {"timestamp": "2026-09-30T22:22:53", "gpu_util_pct": 100.0, "memory_mib": 20326.0, "power_w": 285.36, "completed": 0, "group": "A", "epoch": 14, "updates": 37800, "ce": 1.103943622774548, "top1": 0.479, "vs_sbs_pct": -1.0283153355986008}
[watch] {"timestamp": "2026-09-30T22:22:53", "gpu_util_pct": 100.0, "memory_mib": 20326.0, "power_w": 285.36, "completed": 0, "group": "B", "epoch": 20, "updates": 54000, "ce": 1.1237768166595035, "top1": 0.48255555555555557, "vs_sbs_pct": -0.9924580078857398}
[watch] {"timestamp": "2026-09-30T22:23:23", "gpu_util_pct": 87.0, "memory_mib": 20326.0, "power_w": 168.11, "completed": 0, "group": "A", "epoch": 15, "updates": 40500, "ce": 1.1116708583301969, "top1": 0.48238888888888887, "vs_sbs_pct": -1.026597738445332}
[watch] {"timestamp": "2026-09-30T22:23:23", "gpu_util_pct": 87.0, "memory_mib": 20326.0, "power_w": 168.11, "completed": 0, "group": "B", "epoch": 21, "updates": 56700, "ce": 1.1251051657729678, "top1": 0.4782777777777778, "vs_sbs_pct": -1.0013774256605725}
[watch] {"timestamp": "2026-09-30T22:23:53", "gpu_util_pct": 90.0, "memory_mib": 20326.0, "power_w": 174.62, "completed": 0, "group": "A", "epoch": 15, "updates": 40500, "ce": 1.1116708583301969, "top1": 0.48238888888888887, "vs_sbs_pct": -1.026597738445332}
[watch] {"timestamp": "2026-09-30T22:23:54", "gpu_util_pct": 90.0, "memory_mib": 20326.0, "power_w": 174.62, "completed": 0, "group": "B", "epoch": 21, "updates": 56700, "ce": 1.1251051657729678, "top1": 0.4782777777777778, "vs_sbs_pct": -1.0013774256605725}
[watch] {"timestamp": "2026-09-30T22:24:24", "gpu_util_pct": 91.0, "memory_mib": 20326.0, "power_w": 179.47, "completed": 0, "group": "A", "epoch": 15, "updates": 40500, "ce": 1.1116708583301969, "top1": 0.48238888888888887, "vs_sbs_pct": -1.026597738445332}
[watch] {"timestamp": "2026-09-30T22:24:24", "gpu_util_pct": 91.0, "memory_mib": 20326.0, "power_w": 179.47, "completed": 0, "group": "B", "epoch": 22, "updates": 59400, "ce": 1.121442437171936, "top1": 0.4821666666666667, "vs_sbs_pct": -1.008146773529721}
[watch] {"timestamp": "2026-09-30T22:24:54", "gpu_util_pct": 84.0, "memory_mib": 20326.0, "power_w": 167.73, "completed": 0, "group": "A", "epoch": 16, "updates": 43200, "ce": 1.1094486547840967, "top1": 0.47938888888888886, "vs_sbs_pct": -1.0212931367263902}
[watch] {"timestamp": "2026-09-30T22:24:54", "gpu_util_pct": 84.0, "memory_mib": 20326.0, "power_w": 167.73, "completed": 0, "group": "B", "epoch": 22, "updates": 59400, "ce": 1.121442437171936, "top1": 0.4821666666666667, "vs_sbs_pct": -1.008146773529721}
[watch] {"timestamp": "2026-09-30T22:25:24", "gpu_util_pct": 90.0, "memory_mib": 20326.0, "power_w": 173.27, "completed": 0, "group": "A", "epoch": 16, "updates": 43200, "ce": 1.1094486547840967, "top1": 0.47938888888888886, "vs_sbs_pct": -1.0212931367263902}
[watch] {"timestamp": "2026-09-30T22:25:24", "gpu_util_pct": 90.0, "memory_mib": 20326.0, "power_w": 173.27, "completed": 0, "group": "B", "epoch": 22, "updates": 59400, "ce": 1.121442437171936, "top1": 0.4821666666666667, "vs_sbs_pct": -1.008146773529721}
[watch] {"timestamp": "2026-09-30T22:25:54", "gpu_util_pct": 87.0, "memory_mib": 20326.0, "power_w": 171.3, "completed": 0, "group": "A", "epoch": 16, "updates": 43200, "ce": 1.1094486547840967, "top1": 0.47938888888888886, "vs_sbs_pct": -1.0212931367263902}
[watch] {"timestamp": "2026-09-30T22:25:54", "gpu_util_pct": 87.0, "memory_mib": 20326.0, "power_w": 171.3, "completed": 0, "group": "B", "epoch": 23, "updates": 62100, "ce": 1.127942727671729, "top1": 0.4808333333333333, "vs_sbs_pct": -1.0101459593845883}
[watch] {"timestamp": "2026-09-30T22:26:24", "gpu_util_pct": 89.0, "memory_mib": 20326.0, "power_w": 167.2, "completed": 0, "group": "A", "epoch": 17, "updates": 45900, "ce": 1.1075633731153276, "top1": 0.48644444444444446, "vs_sbs_pct": -1.0313998796673693}
[watch] {"timestamp": "2026-09-30T22:26:24", "gpu_util_pct": 89.0, "memory_mib": 20326.0, "power_w": 167.2, "completed": 0, "group": "B", "epoch": 23, "updates": 62100, "ce": 1.127942727671729, "top1": 0.4808333333333333, "vs_sbs_pct": -1.0101459593845883}
[watch] {"timestamp": "2026-09-30T22:26:54", "gpu_util_pct": 87.0, "memory_mib": 20326.0, "power_w": 167.62, "completed": 0, "group": "A", "epoch": 17, "updates": 45900, "ce": 1.1075633731153276, "top1": 0.48644444444444446, "vs_sbs_pct": -1.0313998796673693}
[watch] {"timestamp": "2026-09-30T22:26:54", "gpu_util_pct": 87.0, "memory_mib": 20326.0, "power_w": 167.62, "completed": 0, "group": "B", "epoch": 24, "updates": 64800, "ce": 1.1302566395865545, "top1": 0.48111111111111104, "vs_sbs_pct": -1.0351378824529465}
[watch] {"timestamp": "2026-09-30T22:27:24", "gpu_util_pct": 90.0, "memory_mib": 20326.0, "power_w": 177.71, "completed": 0, "group": "A", "epoch": 17, "updates": 45900, "ce": 1.1075633731153276, "top1": 0.48644444444444446, "vs_sbs_pct": -1.0313998796673693}
[watch] {"timestamp": "2026-09-30T22:27:24", "gpu_util_pct": 90.0, "memory_mib": 20326.0, "power_w": 177.71, "completed": 0, "group": "B", "epoch": 24, "updates": 64800, "ce": 1.1302566395865545, "top1": 0.48111111111111104, "vs_sbs_pct": -1.0351378824529465}
[watch] {"timestamp": "2026-09-30T22:27:54", "gpu_util_pct": 95.0, "memory_mib": 20326.0, "power_w": 226.32, "completed": 0, "group": "A", "epoch": 17, "updates": 45900, "ce": 1.1075633731153276, "top1": 0.48644444444444446, "vs_sbs_pct": -1.0313998796673693}
[watch] {"timestamp": "2026-09-30T22:27:54", "gpu_util_pct": 95.0, "memory_mib": 20326.0, "power_w": 226.32, "completed": 0, "group": "B", "epoch": 24, "updates": 64800, "ce": 1.1302566395865545, "top1": 0.48111111111111104, "vs_sbs_pct": -1.0351378824529465}
[watch] {"timestamp": "2026-09-30T22:28:24", "gpu_util_pct": 88.0, "memory_mib": 20326.0, "power_w": 177.74, "completed": 0, "group": "A", "epoch": 18, "updates": 48600, "ce": 1.123518943786621, "top1": 0.4774444444444445, "vs_sbs_pct": -1.0113664304323637}
[watch] {"timestamp": "2026-09-30T22:28:24", "gpu_util_pct": 88.0, "memory_mib": 20326.0, "power_w": 177.74, "completed": 0, "group": "B", "epoch": 25, "updates": 67500, "ce": 1.1363619201713138, "top1": 0.4783333333333333, "vs_sbs_pct": -1.0138600034563954}
[watch] {"timestamp": "2026-09-30T22:28:54", "gpu_util_pct": 91.0, "memory_mib": 20326.0, "power_w": 170.44, "completed": 0, "group": "A", "epoch": 18, "updates": 48600, "ce": 1.123518943786621, "top1": 0.4774444444444445, "vs_sbs_pct": -1.0113664304323637}
[watch] {"timestamp": "2026-09-30T22:28:54", "gpu_util_pct": 91.0, "memory_mib": 20326.0, "power_w": 170.44, "completed": 0, "group": "B", "epoch": 25, "updates": 67500, "ce": 1.1363619201713138, "top1": 0.4783333333333333, "vs_sbs_pct": -1.0138600034563954}
[watch] {"timestamp": "2026-09-30T22:29:25", "gpu_util_pct": 90.0, "memory_mib": 20326.0, "power_w": 173.75, "completed": 0, "group": "A", "epoch": 18, "updates": 48600, "ce": 1.123518943786621, "top1": 0.4774444444444445, "vs_sbs_pct": -1.0113664304323637}
[watch] {"timestamp": "2026-09-30T22:29:25", "gpu_util_pct": 90.0, "memory_mib": 20326.0, "power_w": 173.75, "completed": 0, "group": "B", "epoch": 26, "updates": 70200, "ce": 1.1493424938784704, "top1": 0.4760555555555556, "vs_sbs_pct": -0.9994737786617426}
[watch] {"timestamp": "2026-09-30T22:29:55", "gpu_util_pct": 92.0, "memory_mib": 20326.0, "power_w": 176.1, "completed": 0, "group": "A", "epoch": 19, "updates": 51300, "ce": 1.1144822074307337, "top1": 0.4820555555555555, "vs_sbs_pct": -1.0083075975841698}
[watch] {"timestamp": "2026-09-30T22:29:55", "gpu_util_pct": 92.0, "memory_mib": 20326.0, "power_w": 176.1, "completed": 0, "group": "B", "epoch": 26, "updates": 70200, "ce": 1.1493424938784704, "top1": 0.4760555555555556, "vs_sbs_pct": -0.9994737786617426}
[watch] {"timestamp": "2026-09-30T22:30:25", "gpu_util_pct": 86.0, "memory_mib": 20326.0, "power_w": 167.41, "completed": 0, "group": "A", "epoch": 19, "updates": 51300, "ce": 1.1144822074307337, "top1": 0.4820555555555555, "vs_sbs_pct": -1.0083075975841698}
[watch] {"timestamp": "2026-09-30T22:30:25", "gpu_util_pct": 86.0, "memory_mib": 20326.0, "power_w": 167.41, "completed": 0, "group": "B", "epoch": 27, "updates": 72900, "ce": 1.1672895782523685, "top1": 0.4776111111111111, "vs_sbs_pct": -0.9850633986354403}
[watch] {"timestamp": "2026-09-30T22:30:55", "gpu_util_pct": 90.0, "memory_mib": 20326.0, "power_w": 172.4, "completed": 0, "group": "A", "epoch": 19, "updates": 51300, "ce": 1.1144822074307337, "top1": 0.4820555555555555, "vs_sbs_pct": -1.0083075975841698}
[watch] {"timestamp": "2026-09-30T22:30:55", "gpu_util_pct": 90.0, "memory_mib": 20326.0, "power_w": 172.4, "completed": 0, "group": "B", "epoch": 27, "updates": 72900, "ce": 1.1672895782523685, "top1": 0.4776111111111111, "vs_sbs_pct": -0.9850633986354403}
[watch] {"timestamp": "2026-09-30T22:31:25", "gpu_util_pct": 100.0, "memory_mib": 20326.0, "power_w": 286.29, "completed": 0, "group": "A", "epoch": 19, "updates": 51300, "ce": 1.1144822074307337, "top1": 0.4820555555555555, "vs_sbs_pct": -1.0083075975841698}
[watch] {"timestamp": "2026-09-30T22:31:25", "gpu_util_pct": 100.0, "memory_mib": 20326.0, "power_w": 286.29, "completed": 0, "group": "B", "epoch": 27, "updates": 72900, "ce": 1.1672895782523685, "top1": 0.4776111111111111, "vs_sbs_pct": -0.9850633986354403}
[watch] {"timestamp": "2026-09-30T22:31:55", "gpu_util_pct": 91.0, "memory_mib": 20326.0, "power_w": 171.58, "completed": 0, "group": "A", "epoch": 20, "updates": 54000, "ce": 1.125917888349957, "top1": 0.48066666666666674, "vs_sbs_pct": -0.9836761481676071}
[watch] {"timestamp": "2026-09-30T22:31:55", "gpu_util_pct": 91.0, "memory_mib": 20326.0, "power_w": 171.58, "completed": 0, "group": "B", "epoch": 28, "updates": 75600, "ce": 1.1781390176879034, "top1": 0.4766666666666667, "vs_sbs_pct": -0.9988454161497788}
[watch] {"timestamp": "2026-09-30T22:32:25", "gpu_util_pct": 88.0, "memory_mib": 20326.0, "power_w": 174.85, "completed": 0, "group": "A", "epoch": 20, "updates": 54000, "ce": 1.125917888349957, "top1": 0.48066666666666674, "vs_sbs_pct": -0.9836761481676071}
[watch] {"timestamp": "2026-09-30T22:32:25", "gpu_util_pct": 88.0, "memory_mib": 20326.0, "power_w": 174.85, "completed": 0, "group": "B", "epoch": 28, "updates": 75600, "ce": 1.1781390176879034, "top1": 0.4766666666666667, "vs_sbs_pct": -0.9988454161497788}
[watch] {"timestamp": "2026-09-30T22:32:55", "gpu_util_pct": 89.0, "memory_mib": 20326.0, "power_w": 174.56, "completed": 0, "group": "A", "epoch": 20, "updates": 54000, "ce": 1.125917888349957, "top1": 0.48066666666666674, "vs_sbs_pct": -0.9836761481676071}
[watch] {"timestamp": "2026-09-30T22:32:55", "gpu_util_pct": 89.0, "memory_mib": 20326.0, "power_w": 174.56, "completed": 0, "group": "B", "epoch": 29, "updates": 78300, "ce": 1.1934203041924372, "top1": 0.4746111111111111, "vs_sbs_pct": -0.9713196736860547}
[watch] {"timestamp": "2026-09-30T22:33:25", "gpu_util_pct": 86.0, "memory_mib": 20326.0, "power_w": 173.95, "completed": 0, "group": "A", "epoch": 21, "updates": 56700, "ce": 1.134464055299759, "top1": 0.48144444444444445, "vs_sbs_pct": -1.0175442713942173}
[watch] {"timestamp": "2026-09-30T22:33:25", "gpu_util_pct": 86.0, "memory_mib": 20326.0, "power_w": 173.95, "completed": 0, "group": "B", "epoch": 29, "updates": 78300, "ce": 1.1934203041924372, "top1": 0.4746111111111111, "vs_sbs_pct": -0.9713196736860547}
[watch] {"timestamp": "2026-09-30T22:33:55", "gpu_util_pct": 100.0, "memory_mib": 20326.0, "power_w": 278.78, "completed": 0, "group": "A", "epoch": 21, "updates": 56700, "ce": 1.134464055299759, "top1": 0.48144444444444445, "vs_sbs_pct": -1.0175442713942173}
[watch] {"timestamp": "2026-09-30T22:33:55", "gpu_util_pct": 100.0, "memory_mib": 20326.0, "power_w": 278.78, "completed": 0, "group": "B", "epoch": 29, "updates": 78300, "ce": 1.1934203041924372, "top1": 0.4746111111111111, "vs_sbs_pct": -0.9713196736860547}
[watch] {"timestamp": "2026-09-30T22:34:25", "gpu_util_pct": 90.0, "memory_mib": 20326.0, "power_w": 176.54, "completed": 0, "group": "A", "epoch": 21, "updates": 56700, "ce": 1.134464055299759, "top1": 0.48144444444444445, "vs_sbs_pct": -1.0175442713942173}
[watch] {"timestamp": "2026-09-30T22:34:25", "gpu_util_pct": 90.0, "memory_mib": 20326.0, "power_w": 176.54, "completed": 0, "group": "B", "epoch": 30, "updates": 81000, "ce": 1.2216371993223827, "top1": 0.4739444444444445, "vs_sbs_pct": -0.9892730533973437}
[watch] {"timestamp": "2026-09-30T22:34:56", "gpu_util_pct": 88.0, "memory_mib": 20326.0, "power_w": 182.31, "completed": 0, "group": "A", "epoch": 22, "updates": 59400, "ce": 1.1339585681756337, "top1": 0.47883333333333333, "vs_sbs_pct": -0.9933739679279032}
[watch] {"timestamp": "2026-09-30T22:34:56", "gpu_util_pct": 88.0, "memory_mib": 20326.0, "power_w": 182.31, "completed": 0, "group": "B", "epoch": 30, "updates": 81000, "ce": 1.2216371993223827, "top1": 0.4739444444444445, "vs_sbs_pct": -0.9892730533973437}
[watch] {"timestamp": "2026-09-30T22:35:26", "gpu_util_pct": 91.0, "memory_mib": 20326.0, "power_w": 171.29, "completed": 0, "group": "A", "epoch": 22, "updates": 59400, "ce": 1.1339585681756337, "top1": 0.47883333333333333, "vs_sbs_pct": -0.9933739679279032}
[watch] {"timestamp": "2026-09-30T22:35:26", "gpu_util_pct": 91.0, "memory_mib": 20326.0, "power_w": 171.29, "completed": 0, "group": "B", "epoch": 31, "updates": 83700, "ce": 1.212907463312149, "top1": 0.4719444444444444, "vs_sbs_pct": -0.983887993135715}
[watch] {"timestamp": "2026-09-30T22:35:56", "gpu_util_pct": 89.0, "memory_mib": 20326.0, "power_w": 171.01, "completed": 0, "group": "A", "epoch": 22, "updates": 59400, "ce": 1.1339585681756337, "top1": 0.47883333333333333, "vs_sbs_pct": -0.9933739679279032}
[watch] {"timestamp": "2026-09-30T22:35:56", "gpu_util_pct": 89.0, "memory_mib": 20326.0, "power_w": 171.01, "completed": 0, "group": "B", "epoch": 31, "updates": 83700, "ce": 1.212907463312149, "top1": 0.4719444444444444, "vs_sbs_pct": -0.983887993135715}
[watch] {"timestamp": "2026-09-30T22:36:26", "gpu_util_pct": 89.0, "memory_mib": 20326.0, "power_w": 175.58, "completed": 0, "group": "A", "epoch": 22, "updates": 59400, "ce": 1.1339585681756337, "top1": 0.47883333333333333, "vs_sbs_pct": -0.9933739679279032}
[watch] {"timestamp": "2026-09-30T22:36:26", "gpu_util_pct": 89.0, "memory_mib": 20326.0, "power_w": 175.58, "completed": 0, "group": "B", "epoch": 31, "updates": 83700, "ce": 1.212907463312149, "top1": 0.4719444444444444, "vs_sbs_pct": -0.983887993135715}
[watch] {"timestamp": "2026-09-30T22:36:56", "gpu_util_pct": 91.0, "memory_mib": 20326.0, "power_w": 175.91, "completed": 0, "group": "A", "epoch": 23, "updates": 62100, "ce": 1.1359201007419162, "top1": 0.4822777777777778, "vs_sbs_pct": -1.017854601741856}
[watch] {"timestamp": "2026-09-30T22:36:56", "gpu_util_pct": 91.0, "memory_mib": 20326.0, "power_w": 175.91, "completed": 0, "group": "B", "epoch": 32, "updates": 86400, "ce": 1.2374899784723918, "top1": 0.4696111111111111, "vs_sbs_pct": -0.9663284894804602}
[watch] {"timestamp": "2026-09-30T22:37:26", "gpu_util_pct": 88.0, "memory_mib": 20326.0, "power_w": 174.53, "completed": 0, "group": "A", "epoch": 23, "updates": 62100, "ce": 1.1359201007419162, "top1": 0.4822777777777778, "vs_sbs_pct": -1.017854601741856}
[watch] {"timestamp": "2026-09-30T22:37:26", "gpu_util_pct": 88.0, "memory_mib": 20326.0, "power_w": 174.53, "completed": 0, "group": "B", "epoch": 32, "updates": 86400, "ce": 1.2374899784723918, "top1": 0.4696111111111111, "vs_sbs_pct": -0.9663284894804602}
[watch] {"timestamp": "2026-09-30T22:37:56", "gpu_util_pct": 90.0, "memory_mib": 20326.0, "power_w": 178.11, "completed": 0, "group": "A", "epoch": 23, "updates": 62100, "ce": 1.1359201007419162, "top1": 0.4822777777777778, "vs_sbs_pct": -1.017854601741856}
[watch] {"timestamp": "2026-09-30T22:37:56", "gpu_util_pct": 90.0, "memory_mib": 20326.0, "power_w": 178.11, "completed": 0, "group": "B", "epoch": 33, "updates": 89100, "ce": 1.2500909169514973, "top1": 0.46455555555555555, "vs_sbs_pct": -0.938098823870512}
[watch] {"timestamp": "2026-09-30T22:38:26", "gpu_util_pct": 89.0, "memory_mib": 20326.0, "power_w": 174.07, "completed": 0, "group": "A", "epoch": 24, "updates": 64800, "ce": 1.1469097071223788, "top1": 0.4741666666666667, "vs_sbs_pct": -1.0058486893229788}
[watch] {"timestamp": "2026-09-30T22:38:26", "gpu_util_pct": 89.0, "memory_mib": 20326.0, "power_w": 174.07, "completed": 0, "group": "B", "epoch": 33, "updates": 89100, "ce": 1.2500909169514973, "top1": 0.46455555555555555, "vs_sbs_pct": -0.938098823870512}
[watch] {"timestamp": "2026-09-30T22:38:56", "gpu_util_pct": 91.0, "memory_mib": 20326.0, "power_w": 168.15, "completed": 0, "group": "A", "epoch": 24, "updates": 64800, "ce": 1.1469097071223788, "top1": 0.4741666666666667, "vs_sbs_pct": -1.0058486893229788}
[watch] {"timestamp": "2026-09-30T22:38:56", "gpu_util_pct": 91.0, "memory_mib": 20326.0, "power_w": 168.15, "completed": 0, "group": "B", "epoch": 34, "updates": 91800, "ce": 1.265500866704517, "top1": 0.46705555555555556, "vs_sbs_pct": -0.9472912657250778}
[watch] {"timestamp": "2026-09-30T22:39:26", "gpu_util_pct": 87.0, "memory_mib": 20326.0, "power_w": 172.88, "completed": 0, "group": "A", "epoch": 24, "updates": 64800, "ce": 1.1469097071223788, "top1": 0.4741666666666667, "vs_sbs_pct": -1.0058486893229788}
[watch] {"timestamp": "2026-09-30T22:39:26", "gpu_util_pct": 87.0, "memory_mib": 20326.0, "power_w": 172.88, "completed": 0, "group": "B", "epoch": 34, "updates": 91800, "ce": 1.265500866704517, "top1": 0.46705555555555556, "vs_sbs_pct": -0.9472912657250778}
[watch] {"timestamp": "2026-09-30T22:39:57", "gpu_util_pct": 100.0, "memory_mib": 20326.0, "power_w": 287.08, "completed": 0, "group": "A", "epoch": 24, "updates": 64800, "ce": 1.1469097071223788, "top1": 0.4741666666666667, "vs_sbs_pct": -1.0058486893229788}
[watch] {"timestamp": "2026-09-30T22:39:57", "gpu_util_pct": 100.0, "memory_mib": 20326.0, "power_w": 287.08, "completed": 0, "group": "B", "epoch": 34, "updates": 91800, "ce": 1.265500866704517, "top1": 0.46705555555555556, "vs_sbs_pct": -0.9472912657250778}
[watch] {"timestamp": "2026-09-30T22:40:27", "gpu_util_pct": 88.0, "memory_mib": 20326.0, "power_w": 169.71, "completed": 0, "group": "A", "epoch": 25, "updates": 67500, "ce": 1.166127473115921, "top1": 0.4726666666666666, "vs_sbs_pct": -0.9891921264307109}
[watch] {"timestamp": "2026-09-30T22:40:27", "gpu_util_pct": 88.0, "memory_mib": 20326.0, "power_w": 169.71, "completed": 0, "group": "B", "epoch": 35, "updates": 94500, "ce": 1.3102184931437175, "top1": 0.4694444444444444, "vs_sbs_pct": -0.9646200207893251}
[watch] {"timestamp": "2026-09-30T22:40:57", "gpu_util_pct": 91.0, "memory_mib": 20326.0, "power_w": 179.37, "completed": 0, "group": "A", "epoch": 25, "updates": 67500, "ce": 1.166127473115921, "top1": 0.4726666666666666, "vs_sbs_pct": -0.9891921264307109}
[watch] {"timestamp": "2026-09-30T22:40:57", "gpu_util_pct": 91.0, "memory_mib": 20326.0, "power_w": 179.37, "completed": 0, "group": "B", "epoch": 35, "updates": 94500, "ce": 1.3102184931437175, "top1": 0.4694444444444444, "vs_sbs_pct": -0.9646200207893251}
[watch] {"timestamp": "2026-09-30T22:41:27", "gpu_util_pct": 90.0, "memory_mib": 20326.0, "power_w": 173.04, "completed": 0, "group": "A", "epoch": 25, "updates": 67500, "ce": 1.166127473115921, "top1": 0.4726666666666666, "vs_sbs_pct": -0.9891921264307109}
[watch] {"timestamp": "2026-09-30T22:41:27", "gpu_util_pct": 90.0, "memory_mib": 20326.0, "power_w": 173.04, "completed": 0, "group": "B", "epoch": 36, "updates": 97200, "ce": 1.3296129438612196, "top1": 0.46416666666666667, "vs_sbs_pct": -0.9557606800529391}
[watch] {"timestamp": "2026-09-30T22:41:57", "gpu_util_pct": 90.0, "memory_mib": 20326.0, "power_w": 176.89, "completed": 0, "group": "A", "epoch": 26, "updates": 70200, "ce": 1.1639620264371235, "top1": 0.4746666666666667, "vs_sbs_pct": -0.9920815477424552}
[watch] {"timestamp": "2026-09-30T22:41:57", "gpu_util_pct": 90.0, "memory_mib": 20326.0, "power_w": 176.89, "completed": 0, "group": "B", "epoch": 36, "updates": 97200, "ce": 1.3296129438612196, "top1": 0.46416666666666667, "vs_sbs_pct": -0.9557606800529391}
[watch] {"timestamp": "2026-09-30T22:42:27", "gpu_util_pct": 85.0, "memory_mib": 20326.0, "power_w": 169.58, "completed": 0, "group": "A", "epoch": 26, "updates": 70200, "ce": 1.1639620264371235, "top1": 0.4746666666666667, "vs_sbs_pct": -0.9920815477424552}
[watch] {"timestamp": "2026-09-30T22:42:27", "gpu_util_pct": 85.0, "memory_mib": 20326.0, "power_w": 169.58, "completed": 0, "group": "B", "epoch": 36, "updates": 97200, "ce": 1.3296129438612196, "top1": 0.46416666666666667, "vs_sbs_pct": -0.9557606800529391}
[watch] {"timestamp": "2026-09-30T22:42:57", "gpu_util_pct": 89.0, "memory_mib": 20326.0, "power_w": 168.96, "completed": 0, "group": "A", "epoch": 26, "updates": 70200, "ce": 1.1639620264371235, "top1": 0.4746666666666667, "vs_sbs_pct": -0.9920815477424552}
[watch] {"timestamp": "2026-09-30T22:42:57", "gpu_util_pct": 89.0, "memory_mib": 20326.0, "power_w": 168.96, "completed": 0, "group": "B", "epoch": 37, "updates": 99900, "ce": 1.3622413443194494, "top1": 0.46483333333333327, "vs_sbs_pct": -0.9303448562958054}
[watch] {"timestamp": "2026-09-30T22:43:27", "gpu_util_pct": 87.0, "memory_mib": 20326.0, "power_w": 168.9, "completed": 0, "group": "A", "epoch": 27, "updates": 72900, "ce": 1.2129423088497586, "top1": 0.47566666666666674, "vs_sbs_pct": -0.978261970871594}
[watch] {"timestamp": "2026-09-30T22:43:27", "gpu_util_pct": 87.0, "memory_mib": 20326.0, "power_w": 168.9, "completed": 0, "group": "B", "epoch": 37, "updates": 99900, "ce": 1.3622413443194494, "top1": 0.46483333333333327, "vs_sbs_pct": -0.9303448562958054}
[watch] {"timestamp": "2026-09-30T22:43:57", "gpu_util_pct": 94.0, "memory_mib": 20326.0, "power_w": 178.63, "completed": 0, "group": "A", "epoch": 27, "updates": 72900, "ce": 1.2129423088497586, "top1": 0.47566666666666674, "vs_sbs_pct": -0.978261970871594}
[watch] {"timestamp": "2026-09-30T22:43:57", "gpu_util_pct": 94.0, "memory_mib": 20326.0, "power_w": 178.63, "completed": 0, "group": "B", "epoch": 38, "updates": 102600, "ce": 1.3728679252995386, "top1": 0.46549999999999997, "vs_sbs_pct": -0.9338662513208287}
[watch] {"timestamp": "2026-09-30T22:44:27", "gpu_util_pct": 89.0, "memory_mib": 20326.0, "power_w": 179.85, "completed": 0, "group": "A", "epoch": 27, "updates": 72900, "ce": 1.2129423088497586, "top1": 0.47566666666666674, "vs_sbs_pct": -0.978261970871594}
[watch] {"timestamp": "2026-09-30T22:44:27", "gpu_util_pct": 89.0, "memory_mib": 20326.0, "power_w": 179.85, "completed": 0, "group": "B", "epoch": 38, "updates": 102600, "ce": 1.3728679252995386, "top1": 0.46549999999999997, "vs_sbs_pct": -0.9338662513208287}
[watch] {"timestamp": "2026-09-30T22:44:58", "gpu_util_pct": 91.0, "memory_mib": 20326.0, "power_w": 172.65, "completed": 0, "group": "A", "epoch": 27, "updates": 72900, "ce": 1.2129423088497586, "top1": 0.47566666666666674, "vs_sbs_pct": -0.978261970871594}
[watch] {"timestamp": "2026-09-30T22:44:58", "gpu_util_pct": 91.0, "memory_mib": 20326.0, "power_w": 172.65, "completed": 0, "group": "B", "epoch": 39, "updates": 105300, "ce": 1.4298730194568634, "top1": 0.4669444444444444, "vs_sbs_pct": -0.956139119313478}
[watch] {"timestamp": "2026-09-30T22:45:28", "gpu_util_pct": 86.0, "memory_mib": 20326.0, "power_w": 169.87, "completed": 0, "group": "A", "epoch": 28, "updates": 75600, "ce": 1.208002378543218, "top1": 0.47505555555555556, "vs_sbs_pct": -0.9644811080779525}
[watch] {"timestamp": "2026-09-30T22:45:28", "gpu_util_pct": 86.0, "memory_mib": 20326.0, "power_w": 169.87, "completed": 0, "group": "B", "epoch": 39, "updates": 105300, "ce": 1.4298730194568634, "top1": 0.4669444444444444, "vs_sbs_pct": -0.956139119313478}
[watch] {"timestamp": "2026-09-30T22:45:58", "gpu_util_pct": 90.0, "memory_mib": 20326.0, "power_w": 176.88, "completed": 0, "group": "A", "epoch": 28, "updates": 75600, "ce": 1.208002378543218, "top1": 0.47505555555555556, "vs_sbs_pct": -0.9644811080779525}
[watch] {"timestamp": "2026-09-30T22:45:58", "gpu_util_pct": 90.0, "memory_mib": 20326.0, "power_w": 176.88, "completed": 0, "group": "B", "epoch": 39, "updates": 105300, "ce": 1.4298730194568634, "top1": 0.4669444444444444, "vs_sbs_pct": -0.956139119313478}
[watch] {"timestamp": "2026-09-30T22:46:28", "gpu_util_pct": 90.0, "memory_mib": 20326.0, "power_w": 177.54, "completed": 0, "group": "A", "epoch": 28, "updates": 75600, "ce": 1.208002378543218, "top1": 0.47505555555555556, "vs_sbs_pct": -0.9644811080779525}
[watch] {"timestamp": "2026-09-30T22:46:28", "gpu_util_pct": 90.0, "memory_mib": 20326.0, "power_w": 177.54, "completed": 0, "group": "B", "epoch": 40, "updates": 108000, "ce": 1.4426835974057515, "top1": 0.4646111111111112, "vs_sbs_pct": -0.9278541126956443}
[watch] {"timestamp": "2026-09-30T22:46:58", "gpu_util_pct": 91.0, "memory_mib": 20326.0, "power_w": 175.24, "completed": 0, "group": "A", "epoch": 29, "updates": 78300, "ce": 1.2342222564750247, "top1": 0.4633333333333333, "vs_sbs_pct": -0.9306170574131214}
[watch] {"timestamp": "2026-09-30T22:46:58", "gpu_util_pct": 91.0, "memory_mib": 20326.0, "power_w": 175.24, "completed": 0, "group": "B", "epoch": 40, "updates": 108000, "ce": 1.4426835974057515, "top1": 0.4646111111111112, "vs_sbs_pct": -0.9278541126956443}
[watch] {"timestamp": "2026-09-30T22:47:28", "gpu_util_pct": 100.0, "memory_mib": 20326.0, "power_w": 219.86, "completed": 0, "group": "A", "epoch": 29, "updates": 78300, "ce": 1.2342222564750247, "top1": 0.4633333333333333, "vs_sbs_pct": -0.9306170574131214}
[watch] {"timestamp": "2026-09-30T22:47:28", "gpu_util_pct": 100.0, "memory_mib": 20326.0, "power_w": 219.86, "completed": 0, "group": "B", "epoch": 40, "updates": 108000, "ce": 1.4426835974057515, "top1": 0.4646111111111112, "vs_sbs_pct": -0.9278541126956443}
[watch] {"timestamp": "2026-09-30T22:47:58", "gpu_util_pct": 87.0, "memory_mib": 20326.0, "power_w": 171.87, "completed": 0, "group": "A", "epoch": 29, "updates": 78300, "ce": 1.2342222564750247, "top1": 0.4633333333333333, "vs_sbs_pct": -0.9306170574131214}
[watch] {"timestamp": "2026-09-30T22:47:58", "gpu_util_pct": 87.0, "memory_mib": 20326.0, "power_w": 171.87, "completed": 0, "group": "B", "epoch": 41, "updates": 110700, "ce": 1.463132467534807, "top1": 0.46455555555555555, "vs_sbs_pct": -0.9266994045646675}
[watch] {"timestamp": "2026-09-30T22:48:28", "gpu_util_pct": 100.0, "memory_mib": 20326.0, "power_w": 284.36, "completed": 0, "group": "A", "epoch": 29, "updates": 78300, "ce": 1.2342222564750247, "top1": 0.4633333333333333, "vs_sbs_pct": -0.9306170574131214}
[watch] {"timestamp": "2026-09-30T22:48:28", "gpu_util_pct": 100.0, "memory_mib": 20326.0, "power_w": 284.36, "completed": 0, "group": "B", "epoch": 41, "updates": 110700, "ce": 1.463132467534807, "top1": 0.46455555555555555, "vs_sbs_pct": -0.9266994045646675}
[watch] {"timestamp": "2026-09-30T22:48:58", "gpu_util_pct": 90.0, "memory_mib": 20326.0, "power_w": 177.83, "completed": 0, "group": "A", "epoch": 30, "updates": 81000, "ce": 1.25685735212432, "top1": 0.46427777777777784, "vs_sbs_pct": -0.9522300047313428}
[watch] {"timestamp": "2026-09-30T22:48:58", "gpu_util_pct": 90.0, "memory_mib": 20326.0, "power_w": 177.83, "completed": 0, "group": "B", "epoch": 42, "updates": 113400, "ce": 1.4998765620920393, "top1": 0.46155555555555555, "vs_sbs_pct": -0.9279705674122574}
[watch] {"timestamp": "2026-09-30T22:49:29", "gpu_util_pct": 89.0, "memory_mib": 20326.0, "power_w": 169.49, "completed": 0, "group": "A", "epoch": 30, "updates": 81000, "ce": 1.25685735212432, "top1": 0.46427777777777784, "vs_sbs_pct": -0.9522300047313428}
[watch] {"timestamp": "2026-09-30T22:49:29", "gpu_util_pct": 89.0, "memory_mib": 20326.0, "power_w": 169.49, "completed": 0, "group": "B", "epoch": 42, "updates": 113400, "ce": 1.4998765620920393, "top1": 0.46155555555555555, "vs_sbs_pct": -0.9279705674122574}
[watch] {"timestamp": "2026-09-30T22:49:59", "gpu_util_pct": 89.0, "memory_mib": 20326.0, "power_w": 168.91, "completed": 0, "group": "A", "epoch": 30, "updates": 81000, "ce": 1.25685735212432, "top1": 0.46427777777777784, "vs_sbs_pct": -0.9522300047313428}
[watch] {"timestamp": "2026-09-30T22:49:59", "gpu_util_pct": 89.0, "memory_mib": 20326.0, "power_w": 168.91, "completed": 0, "group": "B", "epoch": 43, "updates": 116100, "ce": 1.515041364563836, "top1": 0.46294444444444444, "vs_sbs_pct": -0.9207753962136171}
[watch] {"timestamp": "2026-09-30T22:50:29", "gpu_util_pct": 91.0, "memory_mib": 20326.0, "power_w": 179.28, "completed": 0, "group": "A", "epoch": 31, "updates": 83700, "ce": 1.2619919644461737, "top1": 0.4718888888888888, "vs_sbs_pct": -0.9543249812166581}
[watch] {"timestamp": "2026-09-30T22:50:29", "gpu_util_pct": 91.0, "memory_mib": 20326.0, "power_w": 179.28, "completed": 0, "group": "B", "epoch": 43, "updates": 116100, "ce": 1.515041364563836, "top1": 0.46294444444444444, "vs_sbs_pct": -0.9207753962136171}
[watch] {"timestamp": "2026-09-30T22:50:59", "gpu_util_pct": 83.0, "memory_mib": 20326.0, "power_w": 193.41, "completed": 0, "group": "A", "epoch": 31, "updates": 83700, "ce": 1.2619919644461737, "top1": 0.4718888888888888, "vs_sbs_pct": -0.9543249812166581}
[watch] {"timestamp": "2026-09-30T22:50:59", "gpu_util_pct": 83.0, "memory_mib": 20326.0, "power_w": 193.41, "completed": 0, "group": "B", "epoch": 43, "updates": 116100, "ce": 1.515041364563836, "top1": 0.46294444444444444, "vs_sbs_pct": -0.9207753962136171}
[watch] {"timestamp": "2026-09-30T22:51:29", "gpu_util_pct": 91.0, "memory_mib": 20326.0, "power_w": 177.8, "completed": 0, "group": "A", "epoch": 31, "updates": 83700, "ce": 1.2619919644461737, "top1": 0.4718888888888888, "vs_sbs_pct": -0.9543249812166581}
[watch] {"timestamp": "2026-09-30T22:51:29", "gpu_util_pct": 91.0, "memory_mib": 20326.0, "power_w": 177.8, "completed": 0, "group": "B", "epoch": 44, "updates": 118800, "ce": 1.5439208878411188, "top1": 0.4626111111111111, "vs_sbs_pct": -0.9135873318233505}
[watch] {"timestamp": "2026-09-30T22:51:59", "gpu_util_pct": 88.0, "memory_mib": 20326.0, "power_w": 176.14, "completed": 0, "group": "A", "epoch": 32, "updates": 86400, "ce": 1.2933654189109802, "top1": 0.471, "vs_sbs_pct": -0.9203581375492342}
[watch] {"timestamp": "2026-09-30T22:51:59", "gpu_util_pct": 88.0, "memory_mib": 20326.0, "power_w": 176.14, "completed": 0, "group": "B", "epoch": 44, "updates": 118800, "ce": 1.5439208878411188, "top1": 0.4626111111111111, "vs_sbs_pct": -0.9135873318233505}
[watch] {"timestamp": "2026-09-30T22:52:29", "gpu_util_pct": 91.0, "memory_mib": 20326.0, "power_w": 179.92, "completed": 0, "group": "A", "epoch": 32, "updates": 86400, "ce": 1.2933654189109802, "top1": 0.471, "vs_sbs_pct": -0.9203581375492342}
[watch] {"timestamp": "2026-09-30T22:52:29", "gpu_util_pct": 91.0, "memory_mib": 20326.0, "power_w": 179.92, "completed": 0, "group": "B", "epoch": 45, "updates": 121500, "ce": 1.570792602168189, "top1": 0.46316666666666667, "vs_sbs_pct": -0.9311464769753081}
[watch] {"timestamp": "2026-09-30T22:52:59", "gpu_util_pct": 88.0, "memory_mib": 20326.0, "power_w": 172.12, "completed": 0, "group": "A", "epoch": 32, "updates": 86400, "ce": 1.2933654189109802, "top1": 0.471, "vs_sbs_pct": -0.9203581375492342}
[watch] {"timestamp": "2026-09-30T22:52:59", "gpu_util_pct": 88.0, "memory_mib": 20326.0, "power_w": 172.12, "completed": 0, "group": "B", "epoch": 45, "updates": 121500, "ce": 1.570792602168189, "top1": 0.46316666666666667, "vs_sbs_pct": -0.9311464769753081}
[watch] {"timestamp": "2026-09-30T22:53:29", "gpu_util_pct": 100.0, "memory_mib": 20326.0, "power_w": 230.79, "completed": 0, "group": "A", "epoch": 32, "updates": 86400, "ce": 1.2933654189109802, "top1": 0.471, "vs_sbs_pct": -0.9203581375492342}
[watch] {"timestamp": "2026-09-30T22:53:29", "gpu_util_pct": 100.0, "memory_mib": 20326.0, "power_w": 230.79, "completed": 0, "group": "B", "epoch": 45, "updates": 121500, "ce": 1.570792602168189, "top1": 0.46316666666666667, "vs_sbs_pct": -0.9311464769753081}
[watch] {"timestamp": "2026-09-30T22:54:00", "gpu_util_pct": 87.0, "memory_mib": 20326.0, "power_w": 174.3, "completed": 0, "group": "A", "epoch": 33, "updates": 89100, "ce": 1.3445200555854373, "top1": 0.4667222222222222, "vs_sbs_pct": -0.9454698671230461}
[watch] {"timestamp": "2026-09-30T22:54:00", "gpu_util_pct": 87.0, "memory_mib": 20326.0, "power_w": 174.3, "completed": 0, "group": "B", "epoch": 46, "updates": 124200, "ce": 1.58947045273251, "top1": 0.46105555555555555, "vs_sbs_pct": -0.9187909424637876}
[watch] {"timestamp": "2026-09-30T22:54:30", "gpu_util_pct": 92.0, "memory_mib": 20326.0, "power_w": 174.67, "completed": 0, "group": "A", "epoch": 33, "updates": 89100, "ce": 1.3445200555854373, "top1": 0.4667222222222222, "vs_sbs_pct": -0.9454698671230461}
[watch] {"timestamp": "2026-09-30T22:54:30", "gpu_util_pct": 92.0, "memory_mib": 20326.0, "power_w": 174.67, "completed": 0, "group": "B", "epoch": 46, "updates": 124200, "ce": 1.58947045273251, "top1": 0.46105555555555555, "vs_sbs_pct": -0.9187909424637876}
[watch] {"timestamp": "2026-09-30T22:55:00", "gpu_util_pct": 87.0, "memory_mib": 20326.0, "power_w": 167.82, "completed": 0, "group": "A", "epoch": 33, "updates": 89100, "ce": 1.3445200555854373, "top1": 0.4667222222222222, "vs_sbs_pct": -0.9454698671230461}
[watch] {"timestamp": "2026-09-30T22:55:00", "gpu_util_pct": 87.0, "memory_mib": 20326.0, "power_w": 167.82, "completed": 0, "group": "B", "epoch": 47, "updates": 126900, "ce": 1.6138516796959772, "top1": 0.4601666666666666, "vs_sbs_pct": -0.9001604161421706}
[watch] {"timestamp": "2026-09-30T22:55:30", "gpu_util_pct": 88.0, "memory_mib": 20326.0, "power_w": 172.87, "completed": 0, "group": "A", "epoch": 34, "updates": 91800, "ce": 1.339608434173796, "top1": 0.464, "vs_sbs_pct": -0.9292275615327689}
[watch] {"timestamp": "2026-09-30T22:55:30", "gpu_util_pct": 88.0, "memory_mib": 20326.0, "power_w": 172.87, "completed": 0, "group": "B", "epoch": 47, "updates": 126900, "ce": 1.6138516796959772, "top1": 0.4601666666666666, "vs_sbs_pct": -0.9001604161421706}
[watch] {"timestamp": "2026-09-30T22:56:00", "gpu_util_pct": 86.0, "memory_mib": 20326.0, "power_w": 168.39, "completed": 0, "group": "A", "epoch": 34, "updates": 91800, "ce": 1.339608434173796, "top1": 0.464, "vs_sbs_pct": -0.9292275615327689}
[watch] {"timestamp": "2026-09-30T22:56:00", "gpu_util_pct": 86.0, "memory_mib": 20326.0, "power_w": 168.39, "completed": 0, "group": "B", "epoch": 48, "updates": 129600, "ce": 1.6531212661001418, "top1": 0.46044444444444443, "vs_sbs_pct": -0.9182458291631299}
[watch] {"timestamp": "2026-09-30T22:56:30", "gpu_util_pct": 89.0, "memory_mib": 20326.0, "power_w": 177.38, "completed": 0, "group": "A", "epoch": 34, "updates": 91800, "ce": 1.339608434173796, "top1": 0.464, "vs_sbs_pct": -0.9292275615327689}
[watch] {"timestamp": "2026-09-30T22:56:30", "gpu_util_pct": 89.0, "memory_mib": 20326.0, "power_w": 177.38, "completed": 0, "group": "B", "epoch": 48, "updates": 129600, "ce": 1.6531212661001418, "top1": 0.46044444444444443, "vs_sbs_pct": -0.9182458291631299}
[watch] {"timestamp": "2026-09-30T22:57:00", "gpu_util_pct": 100.0, "memory_mib": 20326.0, "power_w": 286.66, "completed": 0, "group": "A", "epoch": 34, "updates": 91800, "ce": 1.339608434173796, "top1": 0.464, "vs_sbs_pct": -0.9292275615327689}
[watch] {"timestamp": "2026-09-30T22:57:00", "gpu_util_pct": 100.0, "memory_mib": 20326.0, "power_w": 286.66, "completed": 0, "group": "B", "epoch": 49, "updates": 132300, "ce": 1.660460674100452, "top1": 0.4610555555555556, "vs_sbs_pct": -0.9167441141830379}
[watch] {"timestamp": "2026-09-30T22:57:30", "gpu_util_pct": 92.0, "memory_mib": 20326.0, "power_w": 179.16, "completed": 0, "group": "A", "epoch": 35, "updates": 94500, "ce": 1.39069382680787, "top1": 0.4622777777777778, "vs_sbs_pct": -0.9287656781566288}
[watch] {"timestamp": "2026-09-30T22:57:30", "gpu_util_pct": 92.0, "memory_mib": 20326.0, "power_w": 179.16, "completed": 0, "group": "B", "epoch": 49, "updates": 132300, "ce": 1.660460674100452, "top1": 0.4610555555555556, "vs_sbs_pct": -0.9167441141830379}
[watch] {"timestamp": "2026-09-30T22:58:00", "gpu_util_pct": 89.0, "memory_mib": 20326.0, "power_w": 178.01, "completed": 0, "group": "A", "epoch": 35, "updates": 94500, "ce": 1.39069382680787, "top1": 0.4622777777777778, "vs_sbs_pct": -0.9287656781566288}
[watch] {"timestamp": "2026-09-30T22:58:00", "gpu_util_pct": 89.0, "memory_mib": 20326.0, "power_w": 178.01, "completed": 0, "group": "B", "epoch": 49, "updates": 132300, "ce": 1.660460674100452, "top1": 0.4610555555555556, "vs_sbs_pct": -0.9167441141830379}
[watch] {"timestamp": "2026-09-30T22:58:31", "gpu_util_pct": 89.0, "memory_mib": 20326.0, "power_w": 176.28, "completed": 0, "group": "A", "epoch": 35, "updates": 94500, "ce": 1.39069382680787, "top1": 0.4622777777777778, "vs_sbs_pct": -0.9287656781566288}
[watch] {"timestamp": "2026-09-30T22:58:31", "gpu_util_pct": 89.0, "memory_mib": 20326.0, "power_w": 176.28, "completed": 0, "group": "B", "epoch": 50, "updates": 135000, "ce": 1.6748695572217305, "top1": 0.45944444444444443, "vs_sbs_pct": -0.9145768768081006}
[watch] {"timestamp": "2026-09-30T22:59:01", "gpu_util_pct": 87.0, "memory_mib": 20326.0, "power_w": 173.55, "completed": 0, "group": "A", "epoch": 36, "updates": 97200, "ce": 1.429134961631563, "top1": 0.4603333333333333, "vs_sbs_pct": -0.9251973253603458}
[watch] {"timestamp": "2026-09-30T22:59:01", "gpu_util_pct": 87.0, "memory_mib": 20326.0, "power_w": 173.55, "completed": 0, "group": "B", "epoch": 50, "updates": 135000, "ce": 1.6748695572217305, "top1": 0.45944444444444443, "vs_sbs_pct": -0.9145768768081006}
[watch] {"timestamp": "2026-09-30T22:59:31", "gpu_util_pct": 89.0, "memory_mib": 20326.0, "power_w": 171.6, "completed": 0, "group": "A", "epoch": 36, "updates": 97200, "ce": 1.429134961631563, "top1": 0.4603333333333333, "vs_sbs_pct": -0.9251973253603458}
[watch] {"timestamp": "2026-09-30T22:59:31", "gpu_util_pct": 89.0, "memory_mib": 20326.0, "power_w": 171.6, "completed": 0, "group": "B", "epoch": 51, "updates": 137700, "ce": 1.7003210849232144, "top1": 0.45999999999999996, "vs_sbs_pct": -0.9020409645705902}
[watch] {"timestamp": "2026-09-30T23:00:01", "gpu_util_pct": 90.0, "memory_mib": 20326.0, "power_w": 178.46, "completed": 0, "group": "A", "epoch": 36, "updates": 97200, "ce": 1.429134961631563, "top1": 0.4603333333333333, "vs_sbs_pct": -0.9251973253603458}
[watch] {"timestamp": "2026-09-30T23:00:01", "gpu_util_pct": 90.0, "memory_mib": 20326.0, "power_w": 178.46, "completed": 0, "group": "B", "epoch": 51, "updates": 137700, "ce": 1.7003210849232144, "top1": 0.45999999999999996, "vs_sbs_pct": -0.9020409645705902}
[watch] {"timestamp": "2026-09-30T23:00:31", "gpu_util_pct": 91.0, "memory_mib": 20326.0, "power_w": 179.23, "completed": 0, "group": "A", "epoch": 37, "updates": 99900, "ce": 1.470269610484441, "top1": 0.4625555555555556, "vs_sbs_pct": -0.9176711857200809}
[watch] {"timestamp": "2026-09-30T23:00:31", "gpu_util_pct": 91.0, "memory_mib": 20326.0, "power_w": 179.23, "completed": 0, "group": "B", "epoch": 51, "updates": 137700, "ce": 1.7003210849232144, "top1": 0.45999999999999996, "vs_sbs_pct": -0.9020409645705902}
[watch] {"timestamp": "2026-09-30T23:01:01", "gpu_util_pct": 90.0, "memory_mib": 20326.0, "power_w": 172.95, "completed": 0, "group": "A", "epoch": 37, "updates": 99900, "ce": 1.470269610484441, "top1": 0.4625555555555556, "vs_sbs_pct": -0.9176711857200809}
[watch] {"timestamp": "2026-09-30T23:01:01", "gpu_util_pct": 90.0, "memory_mib": 20326.0, "power_w": 172.95, "completed": 0, "group": "B", "epoch": 52, "updates": 140400, "ce": 1.7121455404493544, "top1": 0.4588888888888889, "vs_sbs_pct": -0.884331499275482}
[watch] {"timestamp": "2026-09-30T23:01:31", "gpu_util_pct": 89.0, "memory_mib": 20326.0, "power_w": 172.04, "completed": 0, "group": "A", "epoch": 37, "updates": 99900, "ce": 1.470269610484441, "top1": 0.4625555555555556, "vs_sbs_pct": -0.9176711857200809}
[watch] {"timestamp": "2026-09-30T23:01:31", "gpu_util_pct": 89.0, "memory_mib": 20326.0, "power_w": 172.04, "completed": 0, "group": "B", "epoch": 52, "updates": 140400, "ce": 1.7121455404493544, "top1": 0.4588888888888889, "vs_sbs_pct": -0.884331499275482}
[watch] {"timestamp": "2026-09-30T23:02:01", "gpu_util_pct": 87.0, "memory_mib": 20326.0, "power_w": 172.98, "completed": 0, "group": "A", "epoch": 37, "updates": 99900, "ce": 1.470269610484441, "top1": 0.4625555555555556, "vs_sbs_pct": -0.9176711857200809}
[watch] {"timestamp": "2026-09-30T23:02:01", "gpu_util_pct": 87.0, "memory_mib": 20326.0, "power_w": 172.98, "completed": 0, "group": "B", "epoch": 53, "updates": 143100, "ce": 1.7300801012251112, "top1": 0.4591666666666667, "vs_sbs_pct": -0.892294854901913}
[watch] {"timestamp": "2026-09-30T23:02:31", "gpu_util_pct": 76.0, "memory_mib": 20326.0, "power_w": 172.46, "completed": 0, "group": "A", "epoch": 38, "updates": 102600, "ce": 1.4955814878145854, "top1": 0.4571111111111111, "vs_sbs_pct": -0.9023374058079175}
[watch] {"timestamp": "2026-09-30T23:02:31", "gpu_util_pct": 76.0, "memory_mib": 20326.0, "power_w": 172.46, "completed": 0, "group": "B", "epoch": 53, "updates": 143100, "ce": 1.7300801012251112, "top1": 0.4591666666666667, "vs_sbs_pct": -0.892294854901913}
[watch] {"timestamp": "2026-09-30T23:03:02", "gpu_util_pct": 91.0, "memory_mib": 20326.0, "power_w": 177.6, "completed": 0, "group": "A", "epoch": 38, "updates": 102600, "ce": 1.4955814878145854, "top1": 0.4571111111111111, "vs_sbs_pct": -0.9023374058079175}
[watch] {"timestamp": "2026-09-30T23:03:02", "gpu_util_pct": 91.0, "memory_mib": 20326.0, "power_w": 177.6, "completed": 0, "group": "B", "epoch": 54, "updates": 145800, "ce": 1.7347778313689761, "top1": 0.4602777777777778, "vs_sbs_pct": -0.9016225283535151}
[watch] {"timestamp": "2026-09-30T23:03:32", "gpu_util_pct": 91.0, "memory_mib": 20326.0, "power_w": 176.22, "completed": 0, "group": "A", "epoch": 38, "updates": 102600, "ce": 1.4955814878145854, "top1": 0.4571111111111111, "vs_sbs_pct": -0.9023374058079175}
[watch] {"timestamp": "2026-09-30T23:03:32", "gpu_util_pct": 91.0, "memory_mib": 20326.0, "power_w": 176.22, "completed": 0, "group": "B", "epoch": 54, "updates": 145800, "ce": 1.7347778313689761, "top1": 0.4602777777777778, "vs_sbs_pct": -0.9016225283535151}
[watch] {"timestamp": "2026-09-30T23:04:02", "gpu_util_pct": 89.0, "memory_mib": 20326.0, "power_w": 176.67, "completed": 0, "group": "A", "epoch": 39, "updates": 105300, "ce": 1.5577206446064844, "top1": 0.46222222222222226, "vs_sbs_pct": -0.9069227462431767}
[watch] {"timestamp": "2026-09-30T23:04:02", "gpu_util_pct": 89.0, "memory_mib": 20326.0, "power_w": 176.67, "completed": 0, "group": "B", "epoch": 54, "updates": 145800, "ce": 1.7347778313689761, "top1": 0.4602777777777778, "vs_sbs_pct": -0.9016225283535151}
[watch] {"timestamp": "2026-09-30T23:04:32", "gpu_util_pct": 89.0, "memory_mib": 20326.0, "power_w": 173.54, "completed": 0, "group": "A", "epoch": 39, "updates": 105300, "ce": 1.5577206446064844, "top1": 0.46222222222222226, "vs_sbs_pct": -0.9069227462431767}
[watch] {"timestamp": "2026-09-30T23:04:32", "gpu_util_pct": 89.0, "memory_mib": 20326.0, "power_w": 173.54, "completed": 0, "group": "B", "epoch": 55, "updates": 148500, "ce": 1.746581905417972, "top1": 0.4607222222222222, "vs_sbs_pct": -0.8986686154282528}
[watch] {"timestamp": "2026-09-30T23:05:02", "gpu_util_pct": 86.0, "memory_mib": 20326.0, "power_w": 168.64, "completed": 0, "group": "A", "epoch": 39, "updates": 105300, "ce": 1.5577206446064844, "top1": 0.46222222222222226, "vs_sbs_pct": -0.9069227462431767}
[watch] {"timestamp": "2026-09-30T23:05:02", "gpu_util_pct": 86.0, "memory_mib": 20326.0, "power_w": 168.64, "completed": 0, "group": "B", "epoch": 55, "updates": 148500, "ce": 1.746581905417972, "top1": 0.4607222222222222, "vs_sbs_pct": -0.8986686154282528}
[watch] {"timestamp": "2026-09-30T23:05:32", "gpu_util_pct": 99.0, "memory_mib": 20326.0, "power_w": 285.89, "completed": 0, "group": "A", "epoch": 39, "updates": 105300, "ce": 1.5577206446064844, "top1": 0.46222222222222226, "vs_sbs_pct": -0.9069227462431767}
[watch] {"timestamp": "2026-09-30T23:05:32", "gpu_util_pct": 99.0, "memory_mib": 20326.0, "power_w": 285.89, "completed": 0, "group": "B", "epoch": 55, "updates": 148500, "ce": 1.746581905417972, "top1": 0.4607222222222222, "vs_sbs_pct": -0.8986686154282528}
[watch] {"timestamp": "2026-09-30T23:06:02", "gpu_util_pct": 86.0, "memory_mib": 20326.0, "power_w": 165.32, "completed": 0, "group": "A", "epoch": 40, "updates": 108000, "ce": 1.6270678672525618, "top1": 0.4598888888888889, "vs_sbs_pct": -0.8935941464439687}
[watch] {"timestamp": "2026-09-30T23:06:02", "gpu_util_pct": 86.0, "memory_mib": 20326.0, "power_w": 165.32, "completed": 0, "group": "B", "epoch": 56, "updates": 151200, "ce": 1.7492134041256375, "top1": 0.4595, "vs_sbs_pct": -0.8969899762786621}
[watch] {"timestamp": "2026-09-30T23:06:32", "gpu_util_pct": 88.0, "memory_mib": 20326.0, "power_w": 171.5, "completed": 0, "group": "A", "epoch": 40, "updates": 108000, "ce": 1.6270678672525618, "top1": 0.4598888888888889, "vs_sbs_pct": -0.8935941464439687}
[watch] {"timestamp": "2026-09-30T23:06:32", "gpu_util_pct": 88.0, "memory_mib": 20326.0, "power_w": 171.5, "completed": 0, "group": "B", "epoch": 56, "updates": 151200, "ce": 1.7492134041256375, "top1": 0.4595, "vs_sbs_pct": -0.8969899762786621}
[watch] {"timestamp": "2026-09-30T23:07:03", "gpu_util_pct": 88.0, "memory_mib": 20326.0, "power_w": 172.27, "completed": 0, "group": "A", "epoch": 40, "updates": 108000, "ce": 1.6270678672525618, "top1": 0.4598888888888889, "vs_sbs_pct": -0.8935941464439687}
[watch] {"timestamp": "2026-09-30T23:07:03", "gpu_util_pct": 88.0, "memory_mib": 20326.0, "power_w": 172.27, "completed": 0, "group": "B", "epoch": 57, "updates": 153900, "ce": 1.758728990952174, "top1": 0.4596111111111111, "vs_sbs_pct": -0.9008079106666406}
[watch] {"timestamp": "2026-09-30T23:07:33", "gpu_util_pct": 87.0, "memory_mib": 20326.0, "power_w": 168.42, "completed": 0, "group": "A", "epoch": 41, "updates": 110700, "ce": 1.6099484231736925, "top1": 0.4575555555555556, "vs_sbs_pct": -0.9001709081043905}
[watch] {"timestamp": "2026-09-30T23:07:33", "gpu_util_pct": 87.0, "memory_mib": 20326.0, "power_w": 168.42, "completed": 0, "group": "B", "epoch": 57, "updates": 153900, "ce": 1.758728990952174, "top1": 0.4596111111111111, "vs_sbs_pct": -0.9008079106666406}
[watch] {"timestamp": "2026-09-30T23:08:03", "gpu_util_pct": 91.0, "memory_mib": 20326.0, "power_w": 173.94, "completed": 0, "group": "A", "epoch": 41, "updates": 110700, "ce": 1.6099484231736925, "top1": 0.4575555555555556, "vs_sbs_pct": -0.9001709081043905}
[watch] {"timestamp": "2026-09-30T23:08:03", "gpu_util_pct": 91.0, "memory_mib": 20326.0, "power_w": 173.94, "completed": 0, "group": "B", "epoch": 58, "updates": 156600, "ce": 1.7587929732269711, "top1": 0.4591111111111111, "vs_sbs_pct": -0.8930385177107504}
[watch] {"timestamp": "2026-09-30T23:08:33", "gpu_util_pct": 87.0, "memory_mib": 20326.0, "power_w": 173.39, "completed": 0, "group": "A", "epoch": 41, "updates": 110700, "ce": 1.6099484231736925, "top1": 0.4575555555555556, "vs_sbs_pct": -0.9001709081043905}
[watch] {"timestamp": "2026-09-30T23:08:33", "gpu_util_pct": 87.0, "memory_mib": 20326.0, "power_w": 173.39, "completed": 0, "group": "B", "epoch": 58, "updates": 156600, "ce": 1.7587929732269711, "top1": 0.4591111111111111, "vs_sbs_pct": -0.8930385177107504}
[watch] {"timestamp": "2026-09-30T23:09:03", "gpu_util_pct": 90.0, "memory_mib": 20326.0, "power_w": 177.31, "completed": 0, "group": "A", "epoch": 42, "updates": 113400, "ce": 1.7331409222549863, "top1": 0.45933333333333337, "vs_sbs_pct": -0.8914559059437153}
[watch] {"timestamp": "2026-09-30T23:09:03", "gpu_util_pct": 90.0, "memory_mib": 20326.0, "power_w": 177.31, "completed": 0, "group": "B", "epoch": 58, "updates": 156600, "ce": 1.7587929732269711, "top1": 0.4591111111111111, "vs_sbs_pct": -0.8930385177107504}
[watch] {"timestamp": "2026-09-30T23:09:33", "gpu_util_pct": 87.0, "memory_mib": 20326.0, "power_w": 166.95, "completed": 0, "group": "A", "epoch": 42, "updates": 113400, "ce": 1.7331409222549863, "top1": 0.45933333333333337, "vs_sbs_pct": -0.8914559059437153}
[watch] {"timestamp": "2026-09-30T23:09:33", "gpu_util_pct": 87.0, "memory_mib": 20326.0, "power_w": 166.95, "completed": 0, "group": "B", "epoch": 59, "updates": 159300, "ce": 1.7658092081546783, "top1": 0.45905555555555555, "vs_sbs_pct": -0.8937741438282889}
[watch] {"timestamp": "2026-09-30T23:10:03", "gpu_util_pct": 90.0, "memory_mib": 20326.0, "power_w": 163.72, "completed": 0, "group": "A", "epoch": 42, "updates": 113400, "ce": 1.7331409222549863, "top1": 0.45933333333333337, "vs_sbs_pct": -0.8914559059437153}
[watch] {"timestamp": "2026-09-30T23:10:03", "gpu_util_pct": 90.0, "memory_mib": 20326.0, "power_w": 163.72, "completed": 0, "group": "B", "epoch": 59, "updates": 159300, "ce": 1.7658092081546783, "top1": 0.45905555555555555, "vs_sbs_pct": -0.8937741438282889}
[watch] {"timestamp": "2026-09-30T23:10:33", "gpu_util_pct": 17.0, "memory_mib": 20326.0, "power_w": 115.46, "completed": 0, "group": "A", "epoch": 42, "updates": 113400, "ce": 1.7331409222549863, "top1": 0.45933333333333337, "vs_sbs_pct": -0.8914559059437153}
[watch] {"timestamp": "2026-09-30T23:10:33", "gpu_util_pct": 17.0, "memory_mib": 20326.0, "power_w": 115.46, "completed": 0, "group": "B", "epoch": 60, "updates": 162000, "ce": 1.760242975420422, "top1": 0.45883333333333337, "vs_sbs_pct": -0.8936867115281429}
[watch] {"timestamp": "2026-09-30T23:11:03", "gpu_util_pct": 18.0, "memory_mib": 6542.0, "power_w": 109.85, "completed": 1, "group": "A", "epoch": 43, "updates": 116100, "ce": 1.7073491381274328, "top1": 0.45761111111111114, "vs_sbs_pct": -0.8998180341602454}
[watch] {"timestamp": "2026-09-30T23:11:03", "gpu_util_pct": 18.0, "memory_mib": 6542.0, "power_w": 109.85, "completed": 1, "group": "B", "epoch": 60, "updates": 162000, "ce": 1.760242975420422, "top1": 0.45883333333333337, "vs_sbs_pct": -0.8936867115281429}
[watch] {"timestamp": "2026-09-30T23:11:34", "gpu_util_pct": 17.0, "memory_mib": 6542.0, "power_w": 114.92, "completed": 1, "group": "A", "epoch": 43, "updates": 116100, "ce": 1.7073491381274328, "top1": 0.45761111111111114, "vs_sbs_pct": -0.8998180341602454}
[watch] {"timestamp": "2026-09-30T23:11:34", "gpu_util_pct": 17.0, "memory_mib": 6542.0, "power_w": 114.92, "completed": 1, "group": "B", "epoch": 60, "updates": 162000, "ce": 1.760242975420422, "top1": 0.45883333333333337, "vs_sbs_pct": -0.8936867115281429}
[watch] {"timestamp": "2026-09-30T23:12:04", "gpu_util_pct": 44.0, "memory_mib": 6542.0, "power_w": 120.88, "completed": 1, "group": "A", "epoch": 43, "updates": 116100, "ce": 1.7073491381274328, "top1": 0.45761111111111114, "vs_sbs_pct": -0.8998180341602454}
[watch] {"timestamp": "2026-09-30T23:12:04", "gpu_util_pct": 44.0, "memory_mib": 6542.0, "power_w": 120.88, "completed": 1, "group": "B", "epoch": 60, "updates": 162000, "ce": 1.760242975420422, "top1": 0.45883333333333337, "vs_sbs_pct": -0.8936867115281429}
[watch] {"timestamp": "2026-09-30T23:12:34", "gpu_util_pct": 32.0, "memory_mib": 6542.0, "power_w": 105.8, "completed": 1, "group": "A", "epoch": 44, "updates": 118800, "ce": 1.8027935955259535, "top1": 0.45327777777777783, "vs_sbs_pct": -0.8593758930857578}
[watch] {"timestamp": "2026-09-30T23:12:34", "gpu_util_pct": 32.0, "memory_mib": 6542.0, "power_w": 105.8, "completed": 1, "group": "B", "epoch": 60, "updates": 162000, "ce": 1.760242975420422, "top1": 0.45883333333333337, "vs_sbs_pct": -0.8936867115281429}
[watch] {"timestamp": "2026-09-30T23:13:04", "gpu_util_pct": 31.0, "memory_mib": 6542.0, "power_w": 105.66, "completed": 1, "group": "A", "epoch": 44, "updates": 118800, "ce": 1.8027935955259535, "top1": 0.45327777777777783, "vs_sbs_pct": -0.8593758930857578}
[watch] {"timestamp": "2026-09-30T23:13:04", "gpu_util_pct": 31.0, "memory_mib": 6542.0, "power_w": 105.66, "completed": 1, "group": "B", "epoch": 60, "updates": 162000, "ce": 1.760242975420422, "top1": 0.45883333333333337, "vs_sbs_pct": -0.8936867115281429}
[watch] {"timestamp": "2026-09-30T23:13:34", "gpu_util_pct": 17.0, "memory_mib": 6542.0, "power_w": 110.93, "completed": 1, "group": "A", "epoch": 44, "updates": 118800, "ce": 1.8027935955259535, "top1": 0.45327777777777783, "vs_sbs_pct": -0.8593758930857578}
[watch] {"timestamp": "2026-09-30T23:13:34", "gpu_util_pct": 17.0, "memory_mib": 6542.0, "power_w": 110.93, "completed": 1, "group": "B", "epoch": 60, "updates": 162000, "ce": 1.760242975420422, "top1": 0.45883333333333337, "vs_sbs_pct": -0.8936867115281429}
[watch] {"timestamp": "2026-09-30T23:14:04", "gpu_util_pct": 44.0, "memory_mib": 6542.0, "power_w": 105.79, "completed": 1, "group": "A", "epoch": 45, "updates": 121500, "ce": 1.8212805853949652, "top1": 0.45311111111111113, "vs_sbs_pct": -0.8723236445974076}
[watch] {"timestamp": "2026-09-30T23:14:04", "gpu_util_pct": 44.0, "memory_mib": 6542.0, "power_w": 105.79, "completed": 1, "group": "B", "epoch": 60, "updates": 162000, "ce": 1.760242975420422, "top1": 0.45883333333333337, "vs_sbs_pct": -0.8936867115281429}
[watch] {"timestamp": "2026-09-30T23:14:34", "gpu_util_pct": 30.0, "memory_mib": 6542.0, "power_w": 100.47, "completed": 1, "group": "A", "epoch": 45, "updates": 121500, "ce": 1.8212805853949652, "top1": 0.45311111111111113, "vs_sbs_pct": -0.8723236445974076}
[watch] {"timestamp": "2026-09-30T23:14:34", "gpu_util_pct": 30.0, "memory_mib": 6542.0, "power_w": 100.47, "completed": 1, "group": "B", "epoch": 60, "updates": 162000, "ce": 1.760242975420422, "top1": 0.45883333333333337, "vs_sbs_pct": -0.8936867115281429}
[watch] {"timestamp": "2026-09-30T23:15:04", "gpu_util_pct": 16.0, "memory_mib": 6542.0, "power_w": 112.6, "completed": 1, "group": "A", "epoch": 45, "updates": 121500, "ce": 1.8212805853949652, "top1": 0.45311111111111113, "vs_sbs_pct": -0.8723236445974076}
[watch] {"timestamp": "2026-09-30T23:15:04", "gpu_util_pct": 16.0, "memory_mib": 6542.0, "power_w": 112.6, "completed": 1, "group": "B", "epoch": 60, "updates": 162000, "ce": 1.760242975420422, "top1": 0.45883333333333337, "vs_sbs_pct": -0.8936867115281429}
[watch] {"timestamp": "2026-09-30T23:15:35", "gpu_util_pct": 16.0, "memory_mib": 6542.0, "power_w": 119.9, "completed": 1, "group": "A", "epoch": 46, "updates": 124200, "ce": 1.9081521961424086, "top1": 0.4535, "vs_sbs_pct": -0.8542968349350156}
[watch] {"timestamp": "2026-09-30T23:15:35", "gpu_util_pct": 16.0, "memory_mib": 6542.0, "power_w": 119.9, "completed": 1, "group": "B", "epoch": 60, "updates": 162000, "ce": 1.760242975420422, "top1": 0.45883333333333337, "vs_sbs_pct": -0.8936867115281429}
[watch] {"timestamp": "2026-09-30T23:16:05", "gpu_util_pct": 17.0, "memory_mib": 6542.0, "power_w": 103.54, "completed": 1, "group": "A", "epoch": 46, "updates": 124200, "ce": 1.9081521961424086, "top1": 0.4535, "vs_sbs_pct": -0.8542968349350156}
[watch] {"timestamp": "2026-09-30T23:16:05", "gpu_util_pct": 17.0, "memory_mib": 6542.0, "power_w": 103.54, "completed": 1, "group": "B", "epoch": 60, "updates": 162000, "ce": 1.760242975420422, "top1": 0.45883333333333337, "vs_sbs_pct": -0.8936867115281429}
[watch] {"timestamp": "2026-09-30T23:16:35", "gpu_util_pct": 30.0, "memory_mib": 6542.0, "power_w": 105.75, "completed": 1, "group": "A", "epoch": 46, "updates": 124200, "ce": 1.9081521961424086, "top1": 0.4535, "vs_sbs_pct": -0.8542968349350156}
[watch] {"timestamp": "2026-09-30T23:16:35", "gpu_util_pct": 30.0, "memory_mib": 6542.0, "power_w": 105.75, "completed": 1, "group": "B", "epoch": 60, "updates": 162000, "ce": 1.760242975420422, "top1": 0.45883333333333337, "vs_sbs_pct": -0.8936867115281429}
[watch] {"timestamp": "2026-09-30T23:17:05", "gpu_util_pct": 32.0, "memory_mib": 6542.0, "power_w": 106.42, "completed": 1, "group": "A", "epoch": 47, "updates": 126900, "ce": 1.9265620476669736, "top1": 0.4522777777777778, "vs_sbs_pct": -0.8595180553485904}
[watch] {"timestamp": "2026-09-30T23:17:05", "gpu_util_pct": 32.0, "memory_mib": 6542.0, "power_w": 106.42, "completed": 1, "group": "B", "epoch": 60, "updates": 162000, "ce": 1.760242975420422, "top1": 0.45883333333333337, "vs_sbs_pct": -0.8936867115281429}
[watch] {"timestamp": "2026-09-30T23:17:35", "gpu_util_pct": 31.0, "memory_mib": 6542.0, "power_w": 106.12, "completed": 1, "group": "A", "epoch": 47, "updates": 126900, "ce": 1.9265620476669736, "top1": 0.4522777777777778, "vs_sbs_pct": -0.8595180553485904}
[watch] {"timestamp": "2026-09-30T23:17:35", "gpu_util_pct": 31.0, "memory_mib": 6542.0, "power_w": 106.12, "completed": 1, "group": "B", "epoch": 60, "updates": 162000, "ce": 1.760242975420422, "top1": 0.45883333333333337, "vs_sbs_pct": -0.8936867115281429}
[watch] {"timestamp": "2026-09-30T23:18:05", "gpu_util_pct": 32.0, "memory_mib": 6542.0, "power_w": 105.78, "completed": 1, "group": "A", "epoch": 47, "updates": 126900, "ce": 1.9265620476669736, "top1": 0.4522777777777778, "vs_sbs_pct": -0.8595180553485904}
[watch] {"timestamp": "2026-09-30T23:18:05", "gpu_util_pct": 32.0, "memory_mib": 6542.0, "power_w": 105.78, "completed": 1, "group": "B", "epoch": 60, "updates": 162000, "ce": 1.760242975420422, "top1": 0.45883333333333337, "vs_sbs_pct": -0.8936867115281429}
[watch] {"timestamp": "2026-09-30T23:18:35", "gpu_util_pct": 17.0, "memory_mib": 6542.0, "power_w": 103.89, "completed": 1, "group": "A", "epoch": 48, "updates": 129600, "ce": 1.9753493103716109, "top1": 0.45266666666666666, "vs_sbs_pct": -0.8520056551484968}
[watch] {"timestamp": "2026-09-30T23:18:35", "gpu_util_pct": 17.0, "memory_mib": 6542.0, "power_w": 103.89, "completed": 1, "group": "B", "epoch": 60, "updates": 162000, "ce": 1.760242975420422, "top1": 0.45883333333333337, "vs_sbs_pct": -0.8936867115281429}
[watch] {"timestamp": "2026-09-30T23:19:05", "gpu_util_pct": 17.0, "memory_mib": 6542.0, "power_w": 102.96, "completed": 1, "group": "A", "epoch": 48, "updates": 129600, "ce": 1.9753493103716109, "top1": 0.45266666666666666, "vs_sbs_pct": -0.8520056551484968}
[watch] {"timestamp": "2026-09-30T23:19:05", "gpu_util_pct": 17.0, "memory_mib": 6542.0, "power_w": 102.96, "completed": 1, "group": "B", "epoch": 60, "updates": 162000, "ce": 1.760242975420422, "top1": 0.45883333333333337, "vs_sbs_pct": -0.8936867115281429}
[watch] {"timestamp": "2026-09-30T23:19:35", "gpu_util_pct": 18.0, "memory_mib": 6542.0, "power_w": 102.05, "completed": 1, "group": "A", "epoch": 48, "updates": 129600, "ce": 1.9753493103716109, "top1": 0.45266666666666666, "vs_sbs_pct": -0.8520056551484968}
[watch] {"timestamp": "2026-09-30T23:19:36", "gpu_util_pct": 18.0, "memory_mib": 6542.0, "power_w": 102.05, "completed": 1, "group": "B", "epoch": 60, "updates": 162000, "ce": 1.760242975420422, "top1": 0.45883333333333337, "vs_sbs_pct": -0.8936867115281429}
[watch] {"timestamp": "2026-09-30T23:20:06", "gpu_util_pct": 21.0, "memory_mib": 6542.0, "power_w": 102.18, "completed": 1, "group": "A", "epoch": 49, "updates": 132300, "ce": 2.002518206834793, "top1": 0.4521666666666667, "vs_sbs_pct": -0.8640299372291809}
[watch] {"timestamp": "2026-09-30T23:20:06", "gpu_util_pct": 21.0, "memory_mib": 6542.0, "power_w": 102.18, "completed": 1, "group": "B", "epoch": 60, "updates": 162000, "ce": 1.760242975420422, "top1": 0.45883333333333337, "vs_sbs_pct": -0.8936867115281429}
[watch] {"timestamp": "2026-09-30T23:20:36", "gpu_util_pct": 30.0, "memory_mib": 6542.0, "power_w": 114.83, "completed": 1, "group": "A", "epoch": 49, "updates": 132300, "ce": 2.002518206834793, "top1": 0.4521666666666667, "vs_sbs_pct": -0.8640299372291809}
[watch] {"timestamp": "2026-09-30T23:20:36", "gpu_util_pct": 30.0, "memory_mib": 6542.0, "power_w": 114.83, "completed": 1, "group": "B", "epoch": 60, "updates": 162000, "ce": 1.760242975420422, "top1": 0.45883333333333337, "vs_sbs_pct": -0.8936867115281429}
[watch] {"timestamp": "2026-09-30T23:21:06", "gpu_util_pct": 31.0, "memory_mib": 6542.0, "power_w": 105.29, "completed": 1, "group": "A", "epoch": 49, "updates": 132300, "ce": 2.002518206834793, "top1": 0.4521666666666667, "vs_sbs_pct": -0.8640299372291809}
[watch] {"timestamp": "2026-09-30T23:21:06", "gpu_util_pct": 31.0, "memory_mib": 6542.0, "power_w": 105.29, "completed": 1, "group": "B", "epoch": 60, "updates": 162000, "ce": 1.760242975420422, "top1": 0.45883333333333337, "vs_sbs_pct": -0.8936867115281429}
[watch] {"timestamp": "2026-09-30T23:21:36", "gpu_util_pct": 49.0, "memory_mib": 6542.0, "power_w": 198.95, "completed": 1, "group": "A", "epoch": 49, "updates": 132300, "ce": 2.002518206834793, "top1": 0.4521666666666667, "vs_sbs_pct": -0.8640299372291809}
[watch] {"timestamp": "2026-09-30T23:21:36", "gpu_util_pct": 49.0, "memory_mib": 6542.0, "power_w": 198.95, "completed": 1, "group": "B", "epoch": 60, "updates": 162000, "ce": 1.760242975420422, "top1": 0.45883333333333337, "vs_sbs_pct": -0.8936867115281429}
[watch] {"timestamp": "2026-09-30T23:22:06", "gpu_util_pct": 16.0, "memory_mib": 6542.0, "power_w": 99.92, "completed": 1, "group": "A", "epoch": 50, "updates": 135000, "ce": 2.0679076082176633, "top1": 0.45038888888888884, "vs_sbs_pct": -0.8444966154306413}
[watch] {"timestamp": "2026-09-30T23:22:06", "gpu_util_pct": 16.0, "memory_mib": 6542.0, "power_w": 99.92, "completed": 1, "group": "B", "epoch": 60, "updates": 162000, "ce": 1.760242975420422, "top1": 0.45883333333333337, "vs_sbs_pct": -0.8936867115281429}
[watch] {"timestamp": "2026-09-30T23:22:36", "gpu_util_pct": 31.0, "memory_mib": 6542.0, "power_w": 104.35, "completed": 1, "group": "A", "epoch": 50, "updates": 135000, "ce": 2.0679076082176633, "top1": 0.45038888888888884, "vs_sbs_pct": -0.8444966154306413}
[watch] {"timestamp": "2026-09-30T23:22:36", "gpu_util_pct": 31.0, "memory_mib": 6542.0, "power_w": 104.35, "completed": 1, "group": "B", "epoch": 60, "updates": 162000, "ce": 1.760242975420422, "top1": 0.45883333333333337, "vs_sbs_pct": -0.8936867115281429}
[watch] {"timestamp": "2026-09-30T23:23:07", "gpu_util_pct": 30.0, "memory_mib": 6542.0, "power_w": 99.18, "completed": 1, "group": "A", "epoch": 50, "updates": 135000, "ce": 2.0679076082176633, "top1": 0.45038888888888884, "vs_sbs_pct": -0.8444966154306413}
[watch] {"timestamp": "2026-09-30T23:23:07", "gpu_util_pct": 30.0, "memory_mib": 6542.0, "power_w": 99.18, "completed": 1, "group": "B", "epoch": 60, "updates": 162000, "ce": 1.760242975420422, "top1": 0.45883333333333337, "vs_sbs_pct": -0.8936867115281429}
[watch] {"timestamp": "2026-09-30T23:23:37", "gpu_util_pct": 17.0, "memory_mib": 6542.0, "power_w": 114.16, "completed": 1, "group": "A", "epoch": 51, "updates": 137700, "ce": 2.1110859447055392, "top1": 0.44988888888888895, "vs_sbs_pct": -0.8502396107766965}
[watch] {"timestamp": "2026-09-30T23:23:37", "gpu_util_pct": 17.0, "memory_mib": 6542.0, "power_w": 114.16, "completed": 1, "group": "B", "epoch": 60, "updates": 162000, "ce": 1.760242975420422, "top1": 0.45883333333333337, "vs_sbs_pct": -0.8936867115281429}
[watch] {"timestamp": "2026-09-30T23:24:07", "gpu_util_pct": 32.0, "memory_mib": 6542.0, "power_w": 105.96, "completed": 1, "group": "A", "epoch": 51, "updates": 137700, "ce": 2.1110859447055392, "top1": 0.44988888888888895, "vs_sbs_pct": -0.8502396107766965}
[watch] {"timestamp": "2026-09-30T23:24:07", "gpu_util_pct": 32.0, "memory_mib": 6542.0, "power_w": 105.96, "completed": 1, "group": "B", "epoch": 60, "updates": 162000, "ce": 1.760242975420422, "top1": 0.45883333333333337, "vs_sbs_pct": -0.8936867115281429}
[watch] {"timestamp": "2026-09-30T23:24:37", "gpu_util_pct": 18.0, "memory_mib": 6542.0, "power_w": 101.33, "completed": 1, "group": "A", "epoch": 51, "updates": 137700, "ce": 2.1110859447055392, "top1": 0.44988888888888895, "vs_sbs_pct": -0.8502396107766965}
[watch] {"timestamp": "2026-09-30T23:24:37", "gpu_util_pct": 18.0, "memory_mib": 6542.0, "power_w": 101.33, "completed": 1, "group": "B", "epoch": 60, "updates": 162000, "ce": 1.760242975420422, "top1": 0.45883333333333337, "vs_sbs_pct": -0.8936867115281429}
[watch] {"timestamp": "2026-09-30T23:25:07", "gpu_util_pct": 32.0, "memory_mib": 6542.0, "power_w": 106.71, "completed": 1, "group": "A", "epoch": 52, "updates": 140400, "ce": 2.118623197078705, "top1": 0.45133333333333336, "vs_sbs_pct": -0.8506036376300146}
[watch] {"timestamp": "2026-09-30T23:25:07", "gpu_util_pct": 32.0, "memory_mib": 6542.0, "power_w": 106.71, "completed": 1, "group": "B", "epoch": 60, "updates": 162000, "ce": 1.760242975420422, "top1": 0.45883333333333337, "vs_sbs_pct": -0.8936867115281429}
[watch] {"timestamp": "2026-09-30T23:25:37", "gpu_util_pct": 20.0, "memory_mib": 6542.0, "power_w": 101.9, "completed": 1, "group": "A", "epoch": 52, "updates": 140400, "ce": 2.118623197078705, "top1": 0.45133333333333336, "vs_sbs_pct": -0.8506036376300146}
[watch] {"timestamp": "2026-09-30T23:25:37", "gpu_util_pct": 20.0, "memory_mib": 6542.0, "power_w": 101.9, "completed": 1, "group": "B", "epoch": 60, "updates": 162000, "ce": 1.760242975420422, "top1": 0.45883333333333337, "vs_sbs_pct": -0.8936867115281429}
[watch] {"timestamp": "2026-09-30T23:26:07", "gpu_util_pct": 31.0, "memory_mib": 6542.0, "power_w": 106.27, "completed": 1, "group": "A", "epoch": 52, "updates": 140400, "ce": 2.118623197078705, "top1": 0.45133333333333336, "vs_sbs_pct": -0.8506036376300146}
[watch] {"timestamp": "2026-09-30T23:26:07", "gpu_util_pct": 31.0, "memory_mib": 6542.0, "power_w": 106.27, "completed": 1, "group": "B", "epoch": 60, "updates": 162000, "ce": 1.760242975420422, "top1": 0.45883333333333337, "vs_sbs_pct": -0.8936867115281429}
[watch] {"timestamp": "2026-09-30T23:26:37", "gpu_util_pct": 18.0, "memory_mib": 6542.0, "power_w": 105.01, "completed": 1, "group": "A", "epoch": 53, "updates": 143100, "ce": 2.1618747446272106, "top1": 0.4516666666666666, "vs_sbs_pct": -0.8574430517715652}
[watch] {"timestamp": "2026-09-30T23:26:37", "gpu_util_pct": 18.0, "memory_mib": 6542.0, "power_w": 105.01, "completed": 1, "group": "B", "epoch": 60, "updates": 162000, "ce": 1.760242975420422, "top1": 0.45883333333333337, "vs_sbs_pct": -0.8936867115281429}
[watch] {"timestamp": "2026-09-30T23:27:08", "gpu_util_pct": 17.0, "memory_mib": 6542.0, "power_w": 121.65, "completed": 1, "group": "A", "epoch": 53, "updates": 143100, "ce": 2.1618747446272106, "top1": 0.4516666666666666, "vs_sbs_pct": -0.8574430517715652}
[watch] {"timestamp": "2026-09-30T23:27:08", "gpu_util_pct": 17.0, "memory_mib": 6542.0, "power_w": 121.65, "completed": 1, "group": "B", "epoch": 60, "updates": 162000, "ce": 1.760242975420422, "top1": 0.45883333333333337, "vs_sbs_pct": -0.8936867115281429}
[watch] {"timestamp": "2026-09-30T23:27:38", "gpu_util_pct": 31.0, "memory_mib": 6542.0, "power_w": 102.53, "completed": 1, "group": "A", "epoch": 53, "updates": 143100, "ce": 2.1618747446272106, "top1": 0.4516666666666666, "vs_sbs_pct": -0.8574430517715652}
[watch] {"timestamp": "2026-09-30T23:27:38", "gpu_util_pct": 31.0, "memory_mib": 6542.0, "power_w": 102.53, "completed": 1, "group": "B", "epoch": 60, "updates": 162000, "ce": 1.760242975420422, "top1": 0.45883333333333337, "vs_sbs_pct": -0.8936867115281429}
[watch] {"timestamp": "2026-09-30T23:28:08", "gpu_util_pct": 16.0, "memory_mib": 6542.0, "power_w": 107.01, "completed": 1, "group": "A", "epoch": 54, "updates": 145800, "ce": 2.1888971063825817, "top1": 0.4495555555555556, "vs_sbs_pct": -0.8435848896143165}
[watch] {"timestamp": "2026-09-30T23:28:08", "gpu_util_pct": 16.0, "memory_mib": 6542.0, "power_w": 107.01, "completed": 1, "group": "B", "epoch": 60, "updates": 162000, "ce": 1.760242975420422, "top1": 0.45883333333333337, "vs_sbs_pct": -0.8936867115281429}
[watch] {"timestamp": "2026-09-30T23:28:38", "gpu_util_pct": 17.0, "memory_mib": 6542.0, "power_w": 99.43, "completed": 1, "group": "A", "epoch": 54, "updates": 145800, "ce": 2.1888971063825817, "top1": 0.4495555555555556, "vs_sbs_pct": -0.8435848896143165}
[watch] {"timestamp": "2026-09-30T23:28:38", "gpu_util_pct": 17.0, "memory_mib": 6542.0, "power_w": 99.43, "completed": 1, "group": "B", "epoch": 60, "updates": 162000, "ce": 1.760242975420422, "top1": 0.45883333333333337, "vs_sbs_pct": -0.8936867115281429}
[watch] {"timestamp": "2026-09-30T23:29:08", "gpu_util_pct": 17.0, "memory_mib": 6542.0, "power_w": 103.59, "completed": 1, "group": "A", "epoch": 54, "updates": 145800, "ce": 2.1888971063825817, "top1": 0.4495555555555556, "vs_sbs_pct": -0.8435848896143165}
[watch] {"timestamp": "2026-09-30T23:29:08", "gpu_util_pct": 17.0, "memory_mib": 6542.0, "power_w": 103.59, "completed": 1, "group": "B", "epoch": 60, "updates": 162000, "ce": 1.760242975420422, "top1": 0.45883333333333337, "vs_sbs_pct": -0.8936867115281429}
[watch] {"timestamp": "2026-09-30T23:29:38", "gpu_util_pct": 16.0, "memory_mib": 6542.0, "power_w": 113.81, "completed": 1, "group": "A", "epoch": 55, "updates": 148500, "ce": 2.202526970042123, "top1": 0.45061111111111113, "vs_sbs_pct": -0.8461529774415382}
[watch] {"timestamp": "2026-09-30T23:29:38", "gpu_util_pct": 16.0, "memory_mib": 6542.0, "power_w": 113.81, "completed": 1, "group": "B", "epoch": 60, "updates": 162000, "ce": 1.760242975420422, "top1": 0.45883333333333337, "vs_sbs_pct": -0.8936867115281429}
[watch] {"timestamp": "2026-09-30T23:30:08", "gpu_util_pct": 18.0, "memory_mib": 6542.0, "power_w": 103.9, "completed": 1, "group": "A", "epoch": 55, "updates": 148500, "ce": 2.202526970042123, "top1": 0.45061111111111113, "vs_sbs_pct": -0.8461529774415382}
[watch] {"timestamp": "2026-09-30T23:30:08", "gpu_util_pct": 18.0, "memory_mib": 6542.0, "power_w": 103.9, "completed": 1, "group": "B", "epoch": 60, "updates": 162000, "ce": 1.760242975420422, "top1": 0.45883333333333337, "vs_sbs_pct": -0.8936867115281429}
[watch] {"timestamp": "2026-09-30T23:30:38", "gpu_util_pct": 31.0, "memory_mib": 6542.0, "power_w": 104.48, "completed": 1, "group": "A", "epoch": 55, "updates": 148500, "ce": 2.202526970042123, "top1": 0.45061111111111113, "vs_sbs_pct": -0.8461529774415382}
[watch] {"timestamp": "2026-09-30T23:30:39", "gpu_util_pct": 31.0, "memory_mib": 6542.0, "power_w": 104.48, "completed": 1, "group": "B", "epoch": 60, "updates": 162000, "ce": 1.760242975420422, "top1": 0.45883333333333337, "vs_sbs_pct": -0.8936867115281429}
[watch] {"timestamp": "2026-09-30T23:31:09", "gpu_util_pct": 16.0, "memory_mib": 6542.0, "power_w": 118.27, "completed": 1, "group": "A", "epoch": 56, "updates": 151200, "ce": 2.2259285317526922, "top1": 0.45011111111111113, "vs_sbs_pct": -0.8526787057331354}
[watch] {"timestamp": "2026-09-30T23:31:09", "gpu_util_pct": 16.0, "memory_mib": 6542.0, "power_w": 118.27, "completed": 1, "group": "B", "epoch": 60, "updates": 162000, "ce": 1.760242975420422, "top1": 0.45883333333333337, "vs_sbs_pct": -0.8936867115281429}
[watch] {"timestamp": "2026-09-30T23:31:39", "gpu_util_pct": 17.0, "memory_mib": 6542.0, "power_w": 107.09, "completed": 1, "group": "A", "epoch": 56, "updates": 151200, "ce": 2.2259285317526922, "top1": 0.45011111111111113, "vs_sbs_pct": -0.8526787057331354}
[watch] {"timestamp": "2026-09-30T23:31:39", "gpu_util_pct": 17.0, "memory_mib": 6542.0, "power_w": 107.09, "completed": 1, "group": "B", "epoch": 60, "updates": 162000, "ce": 1.760242975420422, "top1": 0.45883333333333337, "vs_sbs_pct": -0.8936867115281429}
[watch] {"timestamp": "2026-09-30T23:32:09", "gpu_util_pct": 0.0, "memory_mib": 2.0, "power_w": 22.88, "completed": 1, "group": "A", "epoch": 56, "updates": 151200, "ce": 2.2259285317526922, "top1": 0.45011111111111113, "vs_sbs_pct": -0.8526787057331354}
[watch] {"timestamp": "2026-09-30T23:32:09", "gpu_util_pct": 0.0, "memory_mib": 2.0, "power_w": 22.88, "completed": 1, "group": "B", "epoch": 60, "updates": 162000, "ce": 1.760242975420422, "top1": 0.45883333333333337, "vs_sbs_pct": -0.8936867115281429}
[queue exit] code=1 completed=1/2
