[cache] TSP/train: 10000 instances, 45.0 MiB on cuda:0
[cache] CVRP/train: 10000 instances, 83.3 MiB on cuda:0
[cache] ATSP/train: 10000 instances, 384.5 MiB on cuda:0
[cache] OVRP/train: 10000 instances, 33.9 MiB on cuda:0
[cache] VRPB/train: 10000 instances, 33.9 MiB on cuda:0
[cache] VRPL/train: 10000 instances, 33.9 MiB on cuda:0
[cache] VRPTW/train: 10000 instances, 33.9 MiB on cuda:0
[cache] OVRPTW/train: 10000 instances, 33.9 MiB on cuda:0
[cache] OVRPB/train: 10000 instances, 33.9 MiB on cuda:0
[cache] OVRPL/train: 10000 instances, 33.9 MiB on cuda:0
[cache] VRPBL/train: 10000 instances, 33.9 MiB on cuda:0
[cache] VRPBTW/train: 10000 instances, 33.9 MiB on cuda:0
[cache] VRPLTW/train: 10000 instances, 33.9 MiB on cuda:0
[cache] OVRPBL/train: 10000 instances, 33.9 MiB on cuda:0
[cache] OVRPBTW/train: 10000 instances, 33.9 MiB on cuda:0
[cache] OVRPLTW/train: 10000 instances, 33.9 MiB on cuda:0
[cache] VRPBLTW/train: 10000 instances, 33.9 MiB on cuda:0
[cache] OVRPBLTW/train: 10000 instances, 33.9 MiB on cuda:0
[cache] TSP/val: 1000 instances, 4.5 MiB on cuda:0
[cache] CVRP/val: 1000 instances, 8.3 MiB on cuda:0
[cache] ATSP/val: 1000 instances, 38.4 MiB on cuda:0
[cache] OVRP/val: 1000 instances, 3.4 MiB on cuda:0
[cache] VRPB/val: 1000 instances, 3.4 MiB on cuda:0
[cache] VRPL/val: 1000 instances, 3.4 MiB on cuda:0
[cache] VRPTW/val: 1000 instances, 3.4 MiB on cuda:0
[cache] OVRPTW/val: 1000 instances, 3.4 MiB on cuda:0
[cache] OVRPB/val: 1000 instances, 3.4 MiB on cuda:0
[cache] OVRPL/val: 1000 instances, 3.4 MiB on cuda:0
[cache] VRPBL/val: 1000 instances, 3.4 MiB on cuda:0
[cache] VRPBTW/val: 1000 instances, 3.4 MiB on cuda:0
[cache] VRPLTW/val: 1000 instances, 3.4 MiB on cuda:0
[cache] OVRPBL/val: 1000 instances, 3.4 MiB on cuda:0
[cache] OVRPBTW/val: 1000 instances, 3.4 MiB on cuda:0
[cache] OVRPLTW/val: 1000 instances, 3.4 MiB on cuda:0
[cache] VRPBLTW/val: 1000 instances, 3.4 MiB on cuda:0
[cache] OVRPBLTW/val: 1000 instances, 3.4 MiB on cuda:0
wandb: Tracking run with wandb version 0.19.11
wandb: W&B syncing is set to `offline` in this directory. Run `wandb online` or set WANDB_MODE=online to enable cloud syncing.
[best] update=0 vs_sbs=-1.066516% top1=0.48828
[eval initial] macro_top1=0.4883 top2=0.8224 top3=0.9278 vs_sbs=-1.067% vbs_closed=+31.73%
       TSP: top1=0.374 mean_cost=7.9170 (sbs=7.9578) vs_sbs=-0.51%
      CVRP: top1=0.483 mean_cost=18.2024 (sbs=18.2943) vs_sbs=-0.50%
      ATSP: top1=0.785 mean_cost=1.6348 (sbs=1.6735) vs_sbs=-2.31%
      OVRP: top1=0.364 mean_cost=7.4532 (sbs=7.4617) vs_sbs=-0.11%
      VRPB: top1=0.551 mean_cost=9.3356 (sbs=9.3403) vs_sbs=-0.05%
      VRPL: top1=0.318 mean_cost=12.4019 (sbs=12.4072) vs_sbs=-0.04%
     VRPTW: top1=0.462 mean_cost=17.8896 (sbs=18.6571) vs_sbs=-4.11%
    OVRPTW: top1=0.521 mean_cost=10.0390 (sbs=10.0484) vs_sbs=-0.09%
     OVRPB: top1=0.577 mean_cost=6.3184 (sbs=6.3220) vs_sbs=-0.06%
     OVRPL: top1=0.406 mean_cost=7.4302 (sbs=7.4376) vs_sbs=-0.10%
     VRPBL: top1=0.542 mean_cost=9.3556 (sbs=9.3593) vs_sbs=-0.04%
    VRPBTW: top1=0.430 mean_cost=19.0374 (sbs=19.6697) vs_sbs=-3.21%
    VRPLTW: top1=0.456 mean_cost=17.6222 (sbs=18.5091) vs_sbs=-4.79%
    OVRPBL: top1=0.584 mean_cost=6.3026 (sbs=6.3103) vs_sbs=-0.12%
   OVRPBTW: top1=0.497 mean_cost=10.4972 (sbs=10.5068) vs_sbs=-0.09%
   OVRPLTW: top1=0.509 mean_cost=10.1231 (sbs=10.1272) vs_sbs=-0.04%
   VRPBLTW: top1=0.422 mean_cost=18.9521 (sbs=19.5198) vs_sbs=-2.91%
  OVRPBLTW: top1=0.508 mean_cost=10.5316 (sbs=10.5412) vs_sbs=-0.09%
[train epoch 1] update=180/14220 loss=0.57547 KL=0.00824 base_lr=2.53e-06 samples/s=1896
[train epoch 1] update=360/14220 loss=0.57452 KL=0.00835 base_lr=5.06e-06 samples/s=1914
[train epoch 1] update=540/14220 loss=0.57395 KL=0.00839 base_lr=7.59e-06 samples/s=1920
[train epoch 1] update=720/14220 loss=0.57382 KL=0.00840 base_lr=1e-05 samples/s=1918
[train epoch 1] update=900/14220 loss=0.57345 KL=0.00843 base_lr=1e-05 samples/s=1921
[train epoch 1] update=1080/14220 loss=0.57365 KL=0.00844 base_lr=9.98e-06 samples/s=1923
[train epoch 1] update=1260/14220 loss=0.57423 KL=0.00845 base_lr=9.96e-06 samples/s=1924
[train epoch 1] update=1422/14220 loss=0.57415 KL=0.00847 base_lr=9.94e-06 samples/s=1908
[eval epoch 1] macro_top1=0.4848 top2=0.8217 top3=0.9260 vs_sbs=-1.046% vbs_closed=+30.72%
       TSP: top1=0.370 mean_cost=7.9167 (sbs=7.9578) vs_sbs=-0.52%
      CVRP: top1=0.478 mean_cost=18.2064 (sbs=18.2943) vs_sbs=-0.48%
      ATSP: top1=0.780 mean_cost=1.6348 (sbs=1.6735) vs_sbs=-2.31%
      OVRP: top1=0.361 mean_cost=7.4542 (sbs=7.4617) vs_sbs=-0.10%
      VRPB: top1=0.549 mean_cost=9.3347 (sbs=9.3403) vs_sbs=-0.06%
      VRPL: top1=0.323 mean_cost=12.4018 (sbs=12.4072) vs_sbs=-0.04%
     VRPTW: top1=0.463 mean_cost=17.8946 (sbs=18.6571) vs_sbs=-4.09%
    OVRPTW: top1=0.516 mean_cost=10.0401 (sbs=10.0484) vs_sbs=-0.08%
     OVRPB: top1=0.580 mean_cost=6.3173 (sbs=6.3220) vs_sbs=-0.07%
     OVRPL: top1=0.404 mean_cost=7.4316 (sbs=7.4376) vs_sbs=-0.08%
     VRPBL: top1=0.530 mean_cost=9.3572 (sbs=9.3593) vs_sbs=-0.02%
    VRPBTW: top1=0.416 mean_cost=19.0520 (sbs=19.6697) vs_sbs=-3.14%
    VRPLTW: top1=0.451 mean_cost=17.6393 (sbs=18.5091) vs_sbs=-4.70%
    OVRPBL: top1=0.566 mean_cost=6.3057 (sbs=6.3103) vs_sbs=-0.07%
   OVRPBTW: top1=0.494 mean_cost=10.4993 (sbs=10.5068) vs_sbs=-0.07%
   OVRPLTW: top1=0.517 mean_cost=10.1242 (sbs=10.1272) vs_sbs=-0.03%
   VRPBLTW: top1=0.423 mean_cost=18.9600 (sbs=19.5198) vs_sbs=-2.87%
  OVRPBLTW: top1=0.505 mean_cost=10.5313 (sbs=10.5412) vs_sbs=-0.09%
[train epoch 2] update=1602/14220 loss=0.57625 KL=0.00867 base_lr=9.9e-06 samples/s=1921
[train epoch 2] update=1782/14220 loss=0.57600 KL=0.00859 base_lr=9.86e-06 samples/s=1926
[train epoch 2] update=1962/14220 loss=0.57601 KL=0.00862 base_lr=9.81e-06 samples/s=1929
[train epoch 2] update=2142/14220 loss=0.57588 KL=0.00861 base_lr=9.75e-06 samples/s=1931
[train epoch 2] update=2322/14220 loss=0.57560 KL=0.00862 base_lr=9.69e-06 samples/s=1934
[train epoch 2] update=2502/14220 loss=0.57589 KL=0.00857 base_lr=9.62e-06 samples/s=1935
[train epoch 2] update=2682/14220 loss=0.57584 KL=0.00856 base_lr=9.54e-06 samples/s=1932
[train epoch 2] update=2844/14220 loss=0.57551 KL=0.00856 base_lr=9.46e-06 samples/s=1916
[eval epoch 2] macro_top1=0.4867 top2=0.8223 top3=0.9281 vs_sbs=-1.057% vbs_closed=+31.04%
       TSP: top1=0.377 mean_cost=7.9160 (sbs=7.9578) vs_sbs=-0.52%
      CVRP: top1=0.481 mean_cost=18.2052 (sbs=18.2943) vs_sbs=-0.49%
      ATSP: top1=0.777 mean_cost=1.6353 (sbs=1.6735) vs_sbs=-2.28%
      OVRP: top1=0.346 mean_cost=7.4546 (sbs=7.4617) vs_sbs=-0.09%
      VRPB: top1=0.551 mean_cost=9.3362 (sbs=9.3403) vs_sbs=-0.04%
      VRPL: top1=0.320 mean_cost=12.4004 (sbs=12.4072) vs_sbs=-0.05%
     VRPTW: top1=0.461 mean_cost=17.8925 (sbs=18.6571) vs_sbs=-4.10%
    OVRPTW: top1=0.516 mean_cost=10.0415 (sbs=10.0484) vs_sbs=-0.07%
     OVRPB: top1=0.577 mean_cost=6.3176 (sbs=6.3220) vs_sbs=-0.07%
     OVRPL: top1=0.417 mean_cost=7.4301 (sbs=7.4376) vs_sbs=-0.10%
     VRPBL: top1=0.537 mean_cost=9.3579 (sbs=9.3593) vs_sbs=-0.01%
    VRPBTW: top1=0.437 mean_cost=19.0356 (sbs=19.6697) vs_sbs=-3.22%
    VRPLTW: top1=0.456 mean_cost=17.6257 (sbs=18.5091) vs_sbs=-4.77%
    OVRPBL: top1=0.581 mean_cost=6.3039 (sbs=6.3103) vs_sbs=-0.10%
   OVRPBTW: top1=0.489 mean_cost=10.5003 (sbs=10.5068) vs_sbs=-0.06%
   OVRPLTW: top1=0.514 mean_cost=10.1235 (sbs=10.1272) vs_sbs=-0.04%
   VRPBLTW: top1=0.419 mean_cost=18.9545 (sbs=19.5198) vs_sbs=-2.90%
  OVRPBLTW: top1=0.504 mean_cost=10.5314 (sbs=10.5412) vs_sbs=-0.09%
[train epoch 3] update=3024/14220 loss=0.57708 KL=0.00850 base_lr=9.36e-06 samples/s=1931
[train epoch 3] update=3204/14220 loss=0.57635 KL=0.00845 base_lr=9.26e-06 samples/s=1929
[train epoch 3] update=3384/14220 loss=0.57607 KL=0.00861 base_lr=9.16e-06 samples/s=1928
[train epoch 3] update=3564/14220 loss=0.57678 KL=0.00857 base_lr=9.05e-06 samples/s=1925
[AMP retry] same batch; lower scale=65536.0
[train epoch 3] update=3744/14220 loss=0.57618 KL=0.00852 base_lr=8.93e-06 samples/s=1919
[train epoch 3] update=3924/14220 loss=0.57596 KL=0.00850 base_lr=8.8e-06 samples/s=1921
[train epoch 3] update=4104/14220 loss=0.57623 KL=0.00850 base_lr=8.67e-06 samples/s=1922
[AMP retry] same batch; lower scale=32768.0
[train epoch 3] update=4266/14220 loss=0.57614 KL=0.00850 base_lr=8.55e-06 samples/s=1901
[eval epoch 3] macro_top1=0.4888 top2=0.8227 top3=0.9272 vs_sbs=-1.062% vbs_closed=+31.73%
       TSP: top1=0.374 mean_cost=7.9170 (sbs=7.9578) vs_sbs=-0.51%
      CVRP: top1=0.482 mean_cost=18.2026 (sbs=18.2943) vs_sbs=-0.50%
      ATSP: top1=0.791 mean_cost=1.6346 (sbs=1.6735) vs_sbs=-2.33%
      OVRP: top1=0.378 mean_cost=7.4518 (sbs=7.4617) vs_sbs=-0.13%
      VRPB: top1=0.555 mean_cost=9.3351 (sbs=9.3403) vs_sbs=-0.06%
      VRPL: top1=0.325 mean_cost=12.4004 (sbs=12.4072) vs_sbs=-0.05%
     VRPTW: top1=0.460 mean_cost=17.8964 (sbs=18.6571) vs_sbs=-4.08%
    OVRPTW: top1=0.516 mean_cost=10.0404 (sbs=10.0484) vs_sbs=-0.08%
     OVRPB: top1=0.578 mean_cost=6.3182 (sbs=6.3220) vs_sbs=-0.06%
     OVRPL: top1=0.410 mean_cost=7.4302 (sbs=7.4376) vs_sbs=-0.10%
     VRPBL: top1=0.536 mean_cost=9.3575 (sbs=9.3593) vs_sbs=-0.02%
    VRPBTW: top1=0.426 mean_cost=19.0375 (sbs=19.6697) vs_sbs=-3.21%
    VRPLTW: top1=0.456 mean_cost=17.6267 (sbs=18.5091) vs_sbs=-4.77%
    OVRPBL: top1=0.582 mean_cost=6.3031 (sbs=6.3103) vs_sbs=-0.11%
   OVRPBTW: top1=0.491 mean_cost=10.4966 (sbs=10.5068) vs_sbs=-0.10%
   OVRPLTW: top1=0.516 mean_cost=10.1226 (sbs=10.1272) vs_sbs=-0.05%
   VRPBLTW: top1=0.420 mean_cost=18.9571 (sbs=19.5198) vs_sbs=-2.88%
  OVRPBLTW: top1=0.502 mean_cost=10.5324 (sbs=10.5412) vs_sbs=-0.08%
[train epoch 4] update=4446/14220 loss=0.57735 KL=0.00824 base_lr=8.41e-06 samples/s=1911
[train epoch 4] update=4626/14220 loss=0.57677 KL=0.00826 base_lr=8.26e-06 samples/s=1921
[train epoch 4] update=4806/14220 loss=0.57672 KL=0.00826 base_lr=8.11e-06 samples/s=1923
[train epoch 4] update=4986/14220 loss=0.57726 KL=0.00828 base_lr=7.95e-06 samples/s=1923
[train epoch 4] update=5166/14220 loss=0.57683 KL=0.00828 base_lr=7.79e-06 samples/s=1923
[train epoch 4] update=5346/14220 loss=0.57719 KL=0.00828 base_lr=7.63e-06 samples/s=1922
[train epoch 4] update=5526/14220 loss=0.57613 KL=0.00829 base_lr=7.46e-06 samples/s=1922
[train epoch 4] update=5688/14220 loss=0.57611 KL=0.00829 base_lr=7.31e-06 samples/s=1908
[eval epoch 4] macro_top1=0.4880 top2=0.8226 top3=0.9271 vs_sbs=-1.059% vbs_closed=+31.00%
       TSP: top1=0.378 mean_cost=7.9157 (sbs=7.9578) vs_sbs=-0.53%
      CVRP: top1=0.477 mean_cost=18.2050 (sbs=18.2943) vs_sbs=-0.49%
      ATSP: top1=0.788 mean_cost=1.6347 (sbs=1.6735) vs_sbs=-2.32%
      OVRP: top1=0.366 mean_cost=7.4528 (sbs=7.4617) vs_sbs=-0.12%
      VRPB: top1=0.556 mean_cost=9.3341 (sbs=9.3403) vs_sbs=-0.07%
      VRPL: top1=0.322 mean_cost=12.4018 (sbs=12.4072) vs_sbs=-0.04%
     VRPTW: top1=0.469 mean_cost=17.8921 (sbs=18.6571) vs_sbs=-4.10%
    OVRPTW: top1=0.512 mean_cost=10.0435 (sbs=10.0484) vs_sbs=-0.05%
     OVRPB: top1=0.575 mean_cost=6.3185 (sbs=6.3220) vs_sbs=-0.06%
     OVRPL: top1=0.406 mean_cost=7.4308 (sbs=7.4376) vs_sbs=-0.09%
     VRPBL: top1=0.524 mean_cost=9.3583 (sbs=9.3593) vs_sbs=-0.01%
    VRPBTW: top1=0.424 mean_cost=19.0393 (sbs=19.6697) vs_sbs=-3.20%
    VRPLTW: top1=0.465 mean_cost=17.6159 (sbs=18.5091) vs_sbs=-4.83%
    OVRPBL: top1=0.574 mean_cost=6.3050 (sbs=6.3103) vs_sbs=-0.08%
   OVRPBTW: top1=0.509 mean_cost=10.4965 (sbs=10.5068) vs_sbs=-0.10%
   OVRPLTW: top1=0.506 mean_cost=10.1247 (sbs=10.1272) vs_sbs=-0.02%
   VRPBLTW: top1=0.425 mean_cost=18.9584 (sbs=19.5198) vs_sbs=-2.88%
  OVRPBLTW: top1=0.508 mean_cost=10.5327 (sbs=10.5412) vs_sbs=-0.08%
[train epoch 5] update=5868/14220 loss=0.57238 KL=0.00817 base_lr=7.13e-06 samples/s=1946
[train epoch 5] update=6048/14220 loss=0.57393 KL=0.00827 base_lr=6.96e-06 samples/s=1944
[train epoch 5] update=6228/14220 loss=0.57494 KL=0.00826 base_lr=6.78e-06 samples/s=1936
[train epoch 5] update=6408/14220 loss=0.57591 KL=0.00829 base_lr=6.6e-06 samples/s=1934
[train epoch 5] update=6588/14220 loss=0.57589 KL=0.00833 base_lr=6.41e-06 samples/s=1935
[train epoch 5] update=6768/14220 loss=0.57588 KL=0.00836 base_lr=6.23e-06 samples/s=1936
[train epoch 5] update=6948/14220 loss=0.57573 KL=0.00834 base_lr=6.04e-06 samples/s=1936
[train epoch 5] update=7110/14220 loss=0.57562 KL=0.00833 base_lr=5.87e-06 samples/s=1920
[eval epoch 5] macro_top1=0.4871 top2=0.8237 top3=0.9269 vs_sbs=-1.062% vbs_closed=+31.24%
       TSP: top1=0.375 mean_cost=7.9175 (sbs=7.9578) vs_sbs=-0.51%
      CVRP: top1=0.484 mean_cost=18.2011 (sbs=18.2943) vs_sbs=-0.51%
      ATSP: top1=0.784 mean_cost=1.6349 (sbs=1.6735) vs_sbs=-2.31%
      OVRP: top1=0.363 mean_cost=7.4538 (sbs=7.4617) vs_sbs=-0.11%
      VRPB: top1=0.548 mean_cost=9.3362 (sbs=9.3403) vs_sbs=-0.04%
      VRPL: top1=0.326 mean_cost=12.4003 (sbs=12.4072) vs_sbs=-0.06%
     VRPTW: top1=0.466 mean_cost=17.8916 (sbs=18.6571) vs_sbs=-4.10%
    OVRPTW: top1=0.519 mean_cost=10.0380 (sbs=10.0484) vs_sbs=-0.10%
     OVRPB: top1=0.568 mean_cost=6.3199 (sbs=6.3220) vs_sbs=-0.03%
     OVRPL: top1=0.404 mean_cost=7.4313 (sbs=7.4376) vs_sbs=-0.08%
     VRPBL: top1=0.542 mean_cost=9.3566 (sbs=9.3593) vs_sbs=-0.03%
    VRPBTW: top1=0.443 mean_cost=19.0289 (sbs=19.6697) vs_sbs=-3.26%
    VRPLTW: top1=0.458 mean_cost=17.6262 (sbs=18.5091) vs_sbs=-4.77%
    OVRPBL: top1=0.586 mean_cost=6.3024 (sbs=6.3103) vs_sbs=-0.12%
   OVRPBTW: top1=0.488 mean_cost=10.4971 (sbs=10.5068) vs_sbs=-0.09%
   OVRPLTW: top1=0.497 mean_cost=10.1272 (sbs=10.1272) vs_sbs=-0.00%
   VRPBLTW: top1=0.417 mean_cost=18.9518 (sbs=19.5198) vs_sbs=-2.91%
  OVRPBLTW: top1=0.500 mean_cost=10.5328 (sbs=10.5412) vs_sbs=-0.08%
[train epoch 6] update=7290/14220 loss=0.57120 KL=0.00845 base_lr=5.68e-06 samples/s=1941
[train epoch 6] update=7470/14220 loss=0.57514 KL=0.00843 base_lr=5.5e-06 samples/s=1934
[train epoch 6] update=7650/14220 loss=0.57522 KL=0.00833 base_lr=5.31e-06 samples/s=1927
[train epoch 6] update=7830/14220 loss=0.57504 KL=0.00831 base_lr=5.12e-06 samples/s=1922
[train epoch 6] update=8010/14220 loss=0.57457 KL=0.00837 base_lr=4.93e-06 samples/s=1919
[train epoch 6] update=8190/14220 loss=0.57435 KL=0.00837 base_lr=4.75e-06 samples/s=1919
[train epoch 6] update=8370/14220 loss=0.57486 KL=0.00838 base_lr=4.56e-06 samples/s=1921
[train epoch 6] update=8532/14220 loss=0.57516 KL=0.00836 base_lr=4.4e-06 samples/s=1908
[eval epoch 6] macro_top1=0.4883 top2=0.8219 top3=0.9268 vs_sbs=-1.063% vbs_closed=+31.50%
       TSP: top1=0.377 mean_cost=7.9156 (sbs=7.9578) vs_sbs=-0.53%
      CVRP: top1=0.480 mean_cost=18.2035 (sbs=18.2943) vs_sbs=-0.50%
      ATSP: top1=0.784 mean_cost=1.6346 (sbs=1.6735) vs_sbs=-2.33%
      OVRP: top1=0.363 mean_cost=7.4527 (sbs=7.4617) vs_sbs=-0.12%
      VRPB: top1=0.550 mean_cost=9.3357 (sbs=9.3403) vs_sbs=-0.05%
      VRPL: top1=0.330 mean_cost=12.4019 (sbs=12.4072) vs_sbs=-0.04%
     VRPTW: top1=0.462 mean_cost=17.8875 (sbs=18.6571) vs_sbs=-4.13%
    OVRPTW: top1=0.520 mean_cost=10.0394 (sbs=10.0484) vs_sbs=-0.09%
     OVRPB: top1=0.579 mean_cost=6.3182 (sbs=6.3220) vs_sbs=-0.06%
     OVRPL: top1=0.404 mean_cost=7.4316 (sbs=7.4376) vs_sbs=-0.08%
     VRPBL: top1=0.532 mean_cost=9.3583 (sbs=9.3593) vs_sbs=-0.01%
    VRPBTW: top1=0.429 mean_cost=19.0393 (sbs=19.6697) vs_sbs=-3.20%
    VRPLTW: top1=0.457 mean_cost=17.6269 (sbs=18.5091) vs_sbs=-4.77%
    OVRPBL: top1=0.584 mean_cost=6.3021 (sbs=6.3103) vs_sbs=-0.13%
   OVRPBTW: top1=0.497 mean_cost=10.4981 (sbs=10.5068) vs_sbs=-0.08%
   OVRPLTW: top1=0.517 mean_cost=10.1226 (sbs=10.1272) vs_sbs=-0.05%
   VRPBLTW: top1=0.421 mean_cost=18.9558 (sbs=19.5198) vs_sbs=-2.89%
  OVRPBLTW: top1=0.503 mean_cost=10.5316 (sbs=10.5412) vs_sbs=-0.09%
[train epoch 7] update=8712/14220 loss=0.57492 KL=0.00828 base_lr=4.21e-06 samples/s=1920
[train epoch 7] update=8892/14220 loss=0.57372 KL=0.00835 base_lr=4.03e-06 samples/s=1927
[train epoch 7] update=9072/14220 loss=0.57424 KL=0.00843 base_lr=3.86e-06 samples/s=1929
[train epoch 7] update=9252/14220 loss=0.57394 KL=0.00845 base_lr=3.68e-06 samples/s=1931
[train epoch 7] update=9432/14220 loss=0.57422 KL=0.00847 base_lr=3.51e-06 samples/s=1932
[train epoch 7] update=9612/14220 loss=0.57447 KL=0.00845 base_lr=3.35e-06 samples/s=1929
[train epoch 7] update=9792/14220 loss=0.57478 KL=0.00842 base_lr=3.18e-06 samples/s=1927
[AMP retry] same batch; lower scale=65536.0
[train epoch 7] update=9954/14220 loss=0.57481 KL=0.00841 base_lr=3.04e-06 samples/s=1911
[eval epoch 7] macro_top1=0.4865 top2=0.8234 top3=0.9284 vs_sbs=-1.061% vbs_closed=+31.38%
       TSP: top1=0.374 mean_cost=7.9173 (sbs=7.9578) vs_sbs=-0.51%
      CVRP: top1=0.475 mean_cost=18.2040 (sbs=18.2943) vs_sbs=-0.49%
      ATSP: top1=0.785 mean_cost=1.6348 (sbs=1.6735) vs_sbs=-2.31%
      OVRP: top1=0.367 mean_cost=7.4525 (sbs=7.4617) vs_sbs=-0.12%
      VRPB: top1=0.555 mean_cost=9.3348 (sbs=9.3403) vs_sbs=-0.06%
      VRPL: top1=0.329 mean_cost=12.4014 (sbs=12.4072) vs_sbs=-0.05%
     VRPTW: top1=0.461 mean_cost=17.8958 (sbs=18.6571) vs_sbs=-4.08%
    OVRPTW: top1=0.518 mean_cost=10.0391 (sbs=10.0484) vs_sbs=-0.09%
     OVRPB: top1=0.572 mean_cost=6.3191 (sbs=6.3220) vs_sbs=-0.04%
     OVRPL: top1=0.395 mean_cost=7.4315 (sbs=7.4376) vs_sbs=-0.08%
     VRPBL: top1=0.540 mean_cost=9.3563 (sbs=9.3593) vs_sbs=-0.03%
    VRPBTW: top1=0.437 mean_cost=19.0334 (sbs=19.6697) vs_sbs=-3.24%
    VRPLTW: top1=0.451 mean_cost=17.6241 (sbs=18.5091) vs_sbs=-4.78%
    OVRPBL: top1=0.588 mean_cost=6.3014 (sbs=6.3103) vs_sbs=-0.14%
   OVRPBTW: top1=0.493 mean_cost=10.4987 (sbs=10.5068) vs_sbs=-0.08%
   OVRPLTW: top1=0.503 mean_cost=10.1262 (sbs=10.1272) vs_sbs=-0.01%
   VRPBLTW: top1=0.417 mean_cost=18.9547 (sbs=19.5198) vs_sbs=-2.89%
  OVRPBLTW: top1=0.497 mean_cost=10.5321 (sbs=10.5412) vs_sbs=-0.09%
[train epoch 8] update=10134/14220 loss=0.57616 KL=0.00834 base_lr=2.88e-06 samples/s=1925
[train epoch 8] update=10314/14220 loss=0.57592 KL=0.00836 base_lr=2.73e-06 samples/s=1923
[train epoch 8] update=10494/14220 loss=0.57500 KL=0.00841 base_lr=2.59e-06 samples/s=1922
[train epoch 8] update=10674/14220 loss=0.57473 KL=0.00841 base_lr=2.45e-06 samples/s=1922
[train epoch 8] update=10854/14220 loss=0.57444 KL=0.00842 base_lr=2.31e-06 samples/s=1923
[train epoch 8] update=11034/14220 loss=0.57422 KL=0.00845 base_lr=2.18e-06 samples/s=1924
[train epoch 8] update=11214/14220 loss=0.57474 KL=0.00844 base_lr=2.06e-06 samples/s=1926
[train epoch 8] update=11376/14220 loss=0.57443 KL=0.00844 base_lr=1.95e-06 samples/s=1912
[eval epoch 8] macro_top1=0.4887 top2=0.8232 top3=0.9281 vs_sbs=-1.066% vbs_closed=+31.80%
       TSP: top1=0.374 mean_cost=7.9167 (sbs=7.9578) vs_sbs=-0.52%
      CVRP: top1=0.480 mean_cost=18.2002 (sbs=18.2943) vs_sbs=-0.51%
      ATSP: top1=0.787 mean_cost=1.6347 (sbs=1.6735) vs_sbs=-2.32%
      OVRP: top1=0.366 mean_cost=7.4531 (sbs=7.4617) vs_sbs=-0.11%
      VRPB: top1=0.554 mean_cost=9.3354 (sbs=9.3403) vs_sbs=-0.05%
      VRPL: top1=0.320 mean_cost=12.4011 (sbs=12.4072) vs_sbs=-0.05%
     VRPTW: top1=0.469 mean_cost=17.8826 (sbs=18.6571) vs_sbs=-4.15%
    OVRPTW: top1=0.519 mean_cost=10.0402 (sbs=10.0484) vs_sbs=-0.08%
     OVRPB: top1=0.577 mean_cost=6.3182 (sbs=6.3220) vs_sbs=-0.06%
     OVRPL: top1=0.407 mean_cost=7.4308 (sbs=7.4376) vs_sbs=-0.09%
     VRPBL: top1=0.540 mean_cost=9.3564 (sbs=9.3593) vs_sbs=-0.03%
    VRPBTW: top1=0.431 mean_cost=19.0363 (sbs=19.6697) vs_sbs=-3.22%
    VRPLTW: top1=0.450 mean_cost=17.6296 (sbs=18.5091) vs_sbs=-4.75%
    OVRPBL: top1=0.589 mean_cost=6.3018 (sbs=6.3103) vs_sbs=-0.13%
   OVRPBTW: top1=0.497 mean_cost=10.4990 (sbs=10.5068) vs_sbs=-0.07%
   OVRPLTW: top1=0.513 mean_cost=10.1224 (sbs=10.1272) vs_sbs=-0.05%
   VRPBLTW: top1=0.416 mean_cost=18.9588 (sbs=19.5198) vs_sbs=-2.87%
  OVRPBLTW: top1=0.507 mean_cost=10.5304 (sbs=10.5412) vs_sbs=-0.10%
[train epoch 9] update=11556/14220 loss=0.57560 KL=0.00850 base_lr=1.84e-06 samples/s=1921
[train epoch 9] update=11736/14220 loss=0.57459 KL=0.00853 base_lr=1.73e-06 samples/s=1927
[train epoch 9] update=11916/14220 loss=0.57500 KL=0.00850 base_lr=1.63e-06 samples/s=1929
[train epoch 9] update=12096/14220 loss=0.57468 KL=0.00850 base_lr=1.54e-06 samples/s=1930
[train epoch 9] update=12276/14220 loss=0.57416 KL=0.00854 base_lr=1.45e-06 samples/s=1929
[train epoch 9] update=12456/14220 loss=0.57396 KL=0.00855 base_lr=1.37e-06 samples/s=1926
[train epoch 9] update=12636/14220 loss=0.57419 KL=0.00856 base_lr=1.3e-06 samples/s=1927
[AMP retry] same batch; lower scale=65536.0
[train epoch 9] update=12798/14220 loss=0.57415 KL=0.00852 base_lr=1.24e-06 samples/s=1913
[eval epoch 9] macro_top1=0.4887 top2=0.8229 top3=0.9277 vs_sbs=-1.065% vbs_closed=+31.58%
       TSP: top1=0.375 mean_cost=7.9159 (sbs=7.9578) vs_sbs=-0.53%
      CVRP: top1=0.479 mean_cost=18.2027 (sbs=18.2943) vs_sbs=-0.50%
      ATSP: top1=0.786 mean_cost=1.6346 (sbs=1.6735) vs_sbs=-2.32%
      OVRP: top1=0.370 mean_cost=7.4527 (sbs=7.4617) vs_sbs=-0.12%
      VRPB: top1=0.554 mean_cost=9.3356 (sbs=9.3403) vs_sbs=-0.05%
      VRPL: top1=0.325 mean_cost=12.4013 (sbs=12.4072) vs_sbs=-0.05%
     VRPTW: top1=0.469 mean_cost=17.8899 (sbs=18.6571) vs_sbs=-4.11%
    OVRPTW: top1=0.517 mean_cost=10.0405 (sbs=10.0484) vs_sbs=-0.08%
     OVRPB: top1=0.573 mean_cost=6.3189 (sbs=6.3220) vs_sbs=-0.05%
     OVRPL: top1=0.412 mean_cost=7.4300 (sbs=7.4376) vs_sbs=-0.10%
     VRPBL: top1=0.533 mean_cost=9.3579 (sbs=9.3593) vs_sbs=-0.02%
    VRPBTW: top1=0.428 mean_cost=19.0372 (sbs=19.6697) vs_sbs=-3.22%
    VRPLTW: top1=0.458 mean_cost=17.6184 (sbs=18.5091) vs_sbs=-4.81%
    OVRPBL: top1=0.583 mean_cost=6.3025 (sbs=6.3103) vs_sbs=-0.12%
   OVRPBTW: top1=0.496 mean_cost=10.4979 (sbs=10.5068) vs_sbs=-0.08%
   OVRPLTW: top1=0.510 mean_cost=10.1230 (sbs=10.1272) vs_sbs=-0.04%
   VRPBLTW: top1=0.418 mean_cost=18.9566 (sbs=19.5198) vs_sbs=-2.88%
  OVRPBLTW: top1=0.510 mean_cost=10.5321 (sbs=10.5412) vs_sbs=-0.09%
[train epoch 10] update=12978/14220 loss=0.57320 KL=0.00854 base_lr=1.19e-06 samples/s=1922
[train epoch 10] update=13158/14220 loss=0.57427 KL=0.00858 base_lr=1.14e-06 samples/s=1920
[train epoch 10] update=13338/14220 loss=0.57394 KL=0.00856 base_lr=1.09e-06 samples/s=1915
[train epoch 10] update=13518/14220 loss=0.57437 KL=0.00855 base_lr=1.06e-06 samples/s=1916
[train epoch 10] update=13698/14220 loss=0.57414 KL=0.00854 base_lr=1.03e-06 samples/s=1918
[train epoch 10] update=13878/14220 loss=0.57426 KL=0.00854 base_lr=1.01e-06 samples/s=1918
[train epoch 10] update=14058/14220 loss=0.57396 KL=0.00854 base_lr=1e-06 samples/s=1922
[train epoch 10] update=14220/14220 loss=0.57417 KL=0.00853 base_lr=1e-06 samples/s=1905
[eval epoch 10] macro_top1=0.4881 top2=0.8228 top3=0.9284 vs_sbs=-1.063% vbs_closed=+31.37%
       TSP: top1=0.374 mean_cost=7.9169 (sbs=7.9578) vs_sbs=-0.51%
      CVRP: top1=0.474 mean_cost=18.2038 (sbs=18.2943) vs_sbs=-0.49%
      ATSP: top1=0.786 mean_cost=1.6348 (sbs=1.6735) vs_sbs=-2.32%
      OVRP: top1=0.366 mean_cost=7.4528 (sbs=7.4617) vs_sbs=-0.12%
      VRPB: top1=0.553 mean_cost=9.3360 (sbs=9.3403) vs_sbs=-0.05%
      VRPL: top1=0.321 mean_cost=12.4019 (sbs=12.4072) vs_sbs=-0.04%
     VRPTW: top1=0.462 mean_cost=17.8957 (sbs=18.6571) vs_sbs=-4.08%
    OVRPTW: top1=0.515 mean_cost=10.0404 (sbs=10.0484) vs_sbs=-0.08%
     OVRPB: top1=0.572 mean_cost=6.3191 (sbs=6.3220) vs_sbs=-0.05%
     OVRPL: top1=0.410 mean_cost=7.4306 (sbs=7.4376) vs_sbs=-0.09%
     VRPBL: top1=0.533 mean_cost=9.3578 (sbs=9.3593) vs_sbs=-0.02%
    VRPBTW: top1=0.437 mean_cost=19.0312 (sbs=19.6697) vs_sbs=-3.25%
    VRPLTW: top1=0.457 mean_cost=17.6218 (sbs=18.5091) vs_sbs=-4.79%
    OVRPBL: top1=0.584 mean_cost=6.3025 (sbs=6.3103) vs_sbs=-0.12%
   OVRPBTW: top1=0.498 mean_cost=10.4984 (sbs=10.5068) vs_sbs=-0.08%
   OVRPLTW: top1=0.513 mean_cost=10.1228 (sbs=10.1272) vs_sbs=-0.04%
   VRPBLTW: top1=0.421 mean_cost=18.9553 (sbs=19.5198) vs_sbs=-2.89%
  OVRPBLTW: top1=0.509 mean_cost=10.5302 (sbs=10.5412) vs_sbs=-0.10%
wandb:                                                                                
wandb: 
wandb: Run history:
wandb:                           epoch ▁▂▂▃▄▅▅▆▇▇█
wandb:         optimization/adapter_lr ██▇▆▅▄▃▂▁▁
wandb:          optimization/all_pairs ▇█▇▅▄▃▂▂▁▁
wandb:        optimization/amp_skipped ▁▁▅▅▅▅▆▆██
wandb:            optimization/base_lr ██▇▆▅▄▃▂▁▁
wandb:                 optimization/ce ▇█▇▆▅▄▃▂▁▁
wandb:                optimization/cmp ▇█▇▆▄▃▃▂▁▁
wandb: optimization/consistency_weight ▁▅████████
wandb:                 optimization/kl ▆█▆▁▂▃▄▅▇▇
wandb:               optimization/loss ▁▆██▆▅▃▂▁▁
wandb:              optimization/pred3 ▇█▆▇▄▂▄▂▂▁
wandb:               optimization/risk ▆█▇█▆▄▅▂▂▁
wandb:            optimization/samples ▁▁▁▁▁▁▁▁▁▁
wandb:            optimization/seconds ▅▂█▅▁▅▄▄▄▆
wandb:              optimization/true3 ▇█▇▆▅▃▃▂▁▁
wandb:              successful_updates ▁▂▂▃▄▅▅▆▇▇█
wandb:   train/macro_actual_regret_pct ▅█▁
wandb:                  train/macro_ce ▅█▁
wandb:           train/macro_mean_cost ▅█▁
wandb:                train/macro_top1 ▁▂█
wandb:      train/macro_top1_tie_aware ▁▂█
wandb:                train/macro_top2 ▅▁█
wandb:                train/macro_top3 ▃▁█
wandb:  train/macro_vbs_gap_closed_pct ▃▁█
wandb:       train/macro_vs_oracle_pct ▅█▁
wandb:          train/macro_vs_sbs_pct ▅█▁
wandb:     val/macro_actual_regret_pct ▁█▅▃▃▃▂▃▂▂▃
wandb:                    val/macro_ce ▃▆▇▅▁█▁▂▂▃▂
wandb:             val/macro_mean_cost ▁█▃▃▃▁▂▃▁▁▂
wandb:                  val/macro_top1 ▇▁▄█▇▅▇▄██▇
wandb:        val/macro_top1_tie_aware ▇▁▄█▇▅▇▄██▇
wandb:                  val/macro_top2 ▄▁▃▄▄█▂▇▆▅▅
wandb:                  val/macro_top3 ▆▁▇▄▄▄▃█▇▆█
wandb:    val/macro_vbs_gap_closed_pct █▁▃█▃▄▆▅█▇▅
wandb:         val/macro_vs_oracle_pct ▁█▄▃▄▃▂▃▁▁▂
wandb:            val/macro_vs_sbs_pct ▁█▄▂▄▃▂▃▁▁▂
wandb: 
wandb: Run summary:
wandb:                           epoch 10
wandb:         optimization/adapter_lr 1e-05
wandb:          optimization/all_pairs 0.3129
wandb:        optimization/amp_skipped 4
wandb:            optimization/base_lr 0.0
wandb:                 optimization/ce 1.06718
wandb:                optimization/cmp 0.48374
wandb: optimization/consistency_weight 0.35
wandb:                 optimization/kl 0.00853
wandb:               optimization/loss 0.57417
wandb:              optimization/pred3 0.52926
wandb:               optimization/risk 1.41835
wandb:            optimization/samples 180000
wandb:            optimization/seconds 94.46859
wandb:              optimization/true3 0.54626
wandb:              successful_updates 14220
wandb:   train/macro_actual_regret_pct 0.90185
wandb:                  train/macro_ce 1.06297
wandb:           train/macro_mean_cost 11.17094
wandb:                train/macro_top1 0.4974
wandb:      train/macro_top1_tie_aware 0.49831
wandb:                train/macro_top2 0.82674
wandb:                train/macro_top3 0.93252
wandb:  train/macro_vbs_gap_closed_pct 33.01175
wandb:       train/macro_vs_oracle_pct 0.87215
wandb:          train/macro_vs_sbs_pct -1.11642
wandb:     val/macro_actual_regret_pct 0.93326
wandb:                    val/macro_ce 1.08886
wandb:             val/macro_mean_cost 11.16956
wandb:                  val/macro_top1 0.48806
wandb:        val/macro_top1_tie_aware 0.48889
wandb:                  val/macro_top2 0.82278
wandb:                  val/macro_top3 0.92844
wandb:    val/macro_vbs_gap_closed_pct 31.37343
wandb:         val/macro_vs_oracle_pct 0.90062
wandb:            val/macro_vs_sbs_pct -1.06282
wandb: 
wandb: You can sync this run to the cloud by running:
wandb: wandb sync code/V4/runs/R44_conditional_node_adapter/C2_seed2/wandb/offline-run-20261008_012801-2zu06roc
wandb: Find logs at: code/V4/runs/R44_conditional_node_adapter/C2_seed2/wandb/offline-run-20261008_012801-2zu06roc/logs
[complete] C2_seed2, best_update=0, successful=14220
