20:20:53 | epoch=1 | TRAIN[0] | CVRP | select arm=0(lehd) | reason=warm_start
     0(lehd            ): pulls=   0 | mean=-0.4325 | bonus=5.9983 | score=+5.5658 <--
     1(elg             ): pulls=   0 | mean=-0.4473 | bonus=6.0577 | score=+5.6103
     2(invit           ): pulls=   0 | mean=-0.4315 | bonus=5.9849 | score=+5.5534
     3(icam            ): pulls=   0 | mean=-0.4225 | bonus=6.0135 | score=+5.5910
     4(dact            ): pulls=   0 | mean=-0.4279 | bonus=5.9954 | score=+5.5675
     5(lih             ): pulls=   0 | mean=-0.4130 | bonus=5.9795 | score=+5.5666
     6(udc             ): pulls=   0 | mean=-0.3874 | bonus=5.9444 | score=+5.5570
     7(omni            ): pulls=   0 | mean=-0.4147 | bonus=6.0167 | score=+5.6020
20:20:56 | t=1 | UPDATE | problem=CVRP | uid=cvrp:6704 | global_index=6704 | arm=0(lehd)
    outcome: reward=0.8571 | selected_cost=14.0181 | best_cost=13.9950 | regret=0.0230
    result: record_global_index=6704 | name=None | aug_score=14.0181
    arm_stats: pulls=1 | avg_reward=0.8571
    state: history=1 | U_norm=219.5358 | U_mean=1.007951 | U_min=1.000000 | U_max=28.198778
20:20:56 | t=1 | TRAIN | module=reward_net | trigger=warmup(<= 12)
    optimize: epochs=3 | steps=3 | batch_size=1 | history=1 | lr=0.001
    loss: avg=0.629393 | min=0.037562 | max=1.663100 | last=0.037562
    state: U_norm=219.5358 | U_mean=1.007951 | U_min=1.000000 | U_max=28.198778
20:20:57 | epoch=1 | TRAIN[1] | CVRP | select arm=1(elg) | reason=warm_start
     0(lehd            ): pulls=   1 | mean=+0.7348 | bonus=3.6643 | score=+4.3991
     1(elg             ): pulls=   0 | mean=+0.7292 | bonus=3.6908 | score=+4.4200 <--
     2(invit           ): pulls=   0 | mean=+0.7277 | bonus=3.6617 | score=+4.3894
     3(icam            ): pulls=   0 | mean=+0.7438 | bonus=3.7036 | score=+4.4474
     4(dact            ): pulls=   0 | mean=+0.7328 | bonus=3.6520 | score=+4.3847
     5(lih             ): pulls=   0 | mean=+0.7391 | bonus=3.6266 | score=+4.3656
     6(udc             ): pulls=   0 | mean=+0.7538 | bonus=3.6474 | score=+4.4011
     7(omni            ): pulls=   0 | mean=+0.7401 | bonus=3.6386 | score=+4.3788
20:21:01 | t=2 | UPDATE | problem=CVRP | uid=cvrp:5542 | global_index=5542 | arm=1(elg)
    outcome: reward=0.7143 | selected_cost=14.7811 | best_cost=14.4502 | regret=0.3310
    result: record_global_index=5542 | name=None | aug_score=14.7811
    arm_stats: pulls=1 | avg_reward=0.7143
    state: history=2 | U_norm=228.7321 | U_mean=1.014283 | U_min=1.000000 | U_max=39.471954
20:21:01 | t=2 | TRAIN | module=reward_net | trigger=warmup(<= 12)
    optimize: epochs=3 | steps=3 | batch_size=2 | history=2 | lr=0.001
    loss: avg=0.003210 | min=0.002722 | max=0.003954 | last=0.002722
    state: U_norm=228.7321 | U_mean=1.014283 | U_min=1.000000 | U_max=39.471954
20:21:04 | epoch=1 | TRAIN[2] | CVRP | select arm=2(invit) | reason=warm_start
     0(lehd            ): pulls=   1 | mean=+0.7744 | bonus=3.1527 | score=+3.9271
     1(elg             ): pulls=   1 | mean=+0.7686 | bonus=3.1689 | score=+3.9375
     2(invit           ): pulls=   0 | mean=+0.7673 | bonus=3.1444 | score=+3.9117 <--
     3(icam            ): pulls=   0 | mean=+0.7829 | bonus=3.1823 | score=+3.9652
     4(dact            ): pulls=   0 | mean=+0.7722 | bonus=3.1465 | score=+3.9186
     5(lih             ): pulls=   0 | mean=+0.7787 | bonus=3.1271 | score=+3.9059
     6(udc             ): pulls=   0 | mean=+0.7925 | bonus=3.1379 | score=+3.9303
     7(omni            ): pulls=   0 | mean=+0.7790 | bonus=3.1428 | score=+3.9217
20:21:08 | t=3 | UPDATE | problem=CVRP | uid=cvrp:2771 | global_index=2771 | arm=2(invit)
    outcome: reward=0.4286 | selected_cost=15.1558 | best_cost=14.5186 | regret=0.6372
    result: record_global_index=2771 | name=None | aug_score=15.1558
    arm_stats: pulls=1 | avg_reward=0.4286
    state: history=3 | U_norm=241.2215 | U_mean=1.020401 | U_min=1.000000 | U_max=48.562927
20:21:08 | t=3 | TRAIN | module=reward_net | trigger=warmup(<= 12)
    optimize: epochs=3 | steps=3 | batch_size=3 | history=3 | lr=0.001
    loss: avg=0.033016 | min=0.028610 | max=0.040027 | last=0.028610
    state: U_norm=241.2215 | U_mean=1.020401 | U_min=1.000000 | U_max=48.562927
20:21:10 | epoch=1 | TRAIN[3] | CVRP | select arm=3(icam) | reason=warm_start
     0(lehd            ): pulls=   1 | mean=+0.6974 | bonus=2.9012 | score=+3.5986
     1(elg             ): pulls=   1 | mean=+0.6914 | bonus=2.9224 | score=+3.6138
     2(invit           ): pulls=   1 | mean=+0.6906 | bonus=2.8962 | score=+3.5868
     3(icam            ): pulls=   0 | mean=+0.7061 | bonus=2.9342 | score=+3.6402 <--
     4(dact            ): pulls=   0 | mean=+0.6954 | bonus=2.9006 | score=+3.5960
     5(lih             ): pulls=   0 | mean=+0.7047 | bonus=2.8782 | score=+3.5829
     6(udc             ): pulls=   0 | mean=+0.7168 | bonus=2.8880 | score=+3.6048
     7(omni            ): pulls=   0 | mean=+0.7016 | bonus=2.8986 | score=+3.6003
20:21:18 | t=4 | UPDATE | problem=CVRP | uid=cvrp:8152 | global_index=8152 | arm=3(icam)
    outcome: reward=1.0000 | selected_cost=13.2974 | best_cost=13.2974 | regret=0.0000
    result: record_global_index=8152 | name=None | aug_score=13.2974
    arm_stats: pulls=1 | avg_reward=1.0000
    state: history=4 | U_norm=256.5419 | U_mean=1.026475 | U_min=1.000000 | U_max=57.771225
20:21:18 | t=4 | TRAIN | module=reward_net | trigger=warmup(<= 12)
    optimize: epochs=3 | steps=3 | batch_size=4 | history=4 | lr=0.001
    loss: avg=0.040065 | min=0.038263 | max=0.042802 | last=0.038263
    state: U_norm=256.5419 | U_mean=1.026475 | U_min=1.000000 | U_max=57.771225
20:21:20 | epoch=1 | TRAIN[4] | CVRP | select arm=4(dact) | reason=warm_start
     0(lehd            ): pulls=   1 | mean=+0.7650 | bonus=2.7550 | score=+3.5200
     1(elg             ): pulls=   1 | mean=+0.7596 | bonus=2.7740 | score=+3.5337
     2(invit           ): pulls=   1 | mean=+0.7579 | bonus=2.7508 | score=+3.5087
     3(icam            ): pulls=   1 | mean=+0.7743 | bonus=2.7832 | score=+3.5575
     4(dact            ): pulls=   0 | mean=+0.7627 | bonus=2.7556 | score=+3.5184 <--
     5(lih             ): pulls=   0 | mean=+0.7719 | bonus=2.7355 | score=+3.5074
     6(udc             ): pulls=   0 | mean=+0.7831 | bonus=2.7440 | score=+3.5271
     7(omni            ): pulls=   0 | mean=+0.7676 | bonus=2.7550 | score=+3.5226
20:21:27 | t=5 | UPDATE | problem=CVRP | uid=cvrp:7648 | global_index=7648 | arm=4(dact)
    outcome: reward=0.1429 | selected_cost=22.1490 | best_cost=17.0493 | regret=5.0997
    result: record_global_index=7648 | name=None | aug_score=22.1490
    arm_stats: pulls=1 | avg_reward=0.1429
    state: history=5 | U_norm=274.1835 | U_mean=1.032451 | U_min=1.000000 | U_max=67.120575
20:21:27 | t=5 | TRAIN | module=reward_net | trigger=warmup(<= 12)
    optimize: epochs=3 | steps=3 | batch_size=5 | history=5 | lr=0.001
    loss: avg=0.099293 | min=0.094199 | max=0.107256 | last=0.094199
    state: U_norm=274.1835 | U_mean=1.032451 | U_min=1.000000 | U_max=67.120575
20:21:30 | epoch=1 | TRAIN[5] | TSP | select arm=5(lih) | reason=warm_start
     0(lehd            ): pulls=   1 | mean=+0.6670 | bonus=2.7383 | score=+3.4052
     1(elg             ): pulls=   1 | mean=+0.6658 | bonus=2.7354 | score=+3.4012
     2(invit           ): pulls=   1 | mean=+0.6639 | bonus=2.7148 | score=+3.3787
     3(icam            ): pulls=   1 | mean=+0.6824 | bonus=2.7456 | score=+3.4280
     4(dact            ): pulls=   1 | mean=+0.6686 | bonus=2.7368 | score=+3.4054
     5(lih             ): pulls=   0 | mean=+0.6808 | bonus=2.7137 | score=+3.3945 <--
     6(udc             ): pulls=   0 | mean=+0.6920 | bonus=2.7065 | score=+3.3985
     7(omni            ): pulls=   0 | mean=+0.6733 | bonus=2.7339 | score=+3.4072
     8(pointerformer   ): pulls=   0 | mean=+0.6596 | bonus=2.7058 | score=+3.3654
     9(difusco         ): pulls=   0 | mean=+0.6856 | bonus=2.6972 | score=+3.3829
    10(t2t             ): pulls=   0 | mean=+0.6781 | bonus=2.7575 | score=+3.4357
    11(glop            ): pulls=   0 | mean=+0.6736 | bonus=2.7142 | score=+3.3878
20:21:38 | t=6 | UPDATE | problem=TSP | uid=tsp:165 | global_index=165 | arm=5(lih)
    outcome: reward=0.0000 | selected_cost=47.1512 | best_cost=8.0608 | regret=39.0904
    result: record_global_index=165 | name=None | aug_score=47.1512
    arm_stats: pulls=1 | avg_reward=0.0000
    state: history=6 | U_norm=294.2359 | U_mean=1.038476 | U_min=1.000000 | U_max=77.640244
20:21:38 | t=6 | TRAIN | module=reward_net | trigger=warmup(<= 12)
    optimize: epochs=3 | steps=3 | batch_size=6 | history=6 | lr=0.001
    loss: avg=0.146235 | min=0.140153 | max=0.155328 | last=0.140153
    state: U_norm=294.2359 | U_mean=1.038476 | U_min=1.000000 | U_max=77.640244
20:21:40 | epoch=1 | TRAIN[6] | TSP | select arm=6(udc) | reason=warm_start
     0(lehd            ): pulls=   1 | mean=+0.5299 | bonus=2.6183 | score=+3.1482
     1(elg             ): pulls=   1 | mean=+0.5272 | bonus=2.6155 | score=+3.1427
     2(invit           ): pulls=   1 | mean=+0.5271 | bonus=2.5940 | score=+3.1211
     3(icam            ): pulls=   1 | mean=+0.5449 | bonus=2.6205 | score=+3.1654
     4(dact            ): pulls=   1 | mean=+0.5312 | bonus=2.6148 | score=+3.1460
     5(lih             ): pulls=   1 | mean=+0.5405 | bonus=2.5980 | score=+3.1386
     6(udc             ): pulls=   0 | mean=+0.5554 | bonus=2.5823 | score=+3.1377 <--
     7(omni            ): pulls=   0 | mean=+0.5369 | bonus=2.6148 | score=+3.1516
     8(pointerformer   ): pulls=   0 | mean=+0.5225 | bonus=2.5858 | score=+3.1083
     9(difusco         ): pulls=   0 | mean=+0.5494 | bonus=2.5797 | score=+3.1291
    10(t2t             ): pulls=   0 | mean=+0.5394 | bonus=2.6285 | score=+3.1679
    11(glop            ): pulls=   0 | mean=+0.5351 | bonus=2.6008 | score=+3.1359
20:21:51 | t=7 | UPDATE | problem=TSP | uid=tsp:8498 | global_index=8498 | arm=6(udc)
    outcome: reward=0.1818 | selected_cost=9.8078 | best_cost=7.7430 | regret=2.0649
    result: record_global_index=8498 | name=None | aug_score=9.8078
    arm_stats: pulls=1 | avg_reward=0.1818
    state: history=7 | U_norm=315.1148 | U_mean=1.044312 | U_min=1.000000 | U_max=87.721619
20:21:51 | t=7 | TRAIN | module=reward_net | trigger=warmup(<= 12)
    optimize: epochs=3 | steps=3 | batch_size=7 | history=7 | lr=0.001
    loss: avg=0.136062 | min=0.133823 | max=0.139119 | last=0.133823
    state: U_norm=315.1148 | U_mean=1.044312 | U_min=1.000000 | U_max=87.721619
20:21:54 | epoch=1 | TRAIN[7] | TSP | select arm=7(omni) | reason=warm_start
     0(lehd            ): pulls=   1 | mean=+0.5112 | bonus=2.5828 | score=+3.0940
     1(elg             ): pulls=   1 | mean=+0.5119 | bonus=2.5765 | score=+3.0884
     2(invit           ): pulls=   1 | mean=+0.5100 | bonus=2.5596 | score=+3.0696
     3(icam            ): pulls=   1 | mean=+0.5284 | bonus=2.5841 | score=+3.1125
     4(dact            ): pulls=   1 | mean=+0.5121 | bonus=2.5813 | score=+3.0934
     5(lih             ): pulls=   1 | mean=+0.5275 | bonus=2.5539 | score=+3.0814
     6(udc             ): pulls=   1 | mean=+0.5387 | bonus=2.5450 | score=+3.0837
     7(omni            ): pulls=   0 | mean=+0.5153 | bonus=2.5848 | score=+3.1001 <--
     8(pointerformer   ): pulls=   0 | mean=+0.5054 | bonus=2.5512 | score=+3.0566
     9(difusco         ): pulls=   0 | mean=+0.5318 | bonus=2.5397 | score=+3.0715
    10(t2t             ): pulls=   0 | mean=+0.5227 | bonus=2.5962 | score=+3.1189
    11(glop            ): pulls=   0 | mean=+0.5235 | bonus=2.5476 | score=+3.0711
20:22:04 | t=8 | UPDATE | problem=TSP | uid=tsp:2696 | global_index=2696 | arm=7(omni)
    outcome: reward=0.5455 | selected_cost=7.9388 | best_cost=7.8428 | regret=0.0960
    result: record_global_index=2696 | name=None | aug_score=7.9388
    arm_stats: pulls=1 | avg_reward=0.5455
    state: history=8 | U_norm=336.5277 | U_mean=1.050236 | U_min=1.000000 | U_max=98.329292
20:22:04 | t=8 | TRAIN | module=reward_net | trigger=warmup(<= 12)
    optimize: epochs=3 | steps=3 | batch_size=8 | history=8 | lr=0.001
    loss: avg=0.115965 | min=0.115474 | max=0.116461 | last=0.115474
    state: U_norm=336.5277 | U_mean=1.050236 | U_min=1.000000 | U_max=98.329292
20:22:06 | epoch=1 | TRAIN[8] | TSP | select arm=8(pointerformer) | reason=warm_start
     0(lehd            ): pulls=   1 | mean=+0.4962 | bonus=2.4966 | score=+2.9928
     1(elg             ): pulls=   1 | mean=+0.4975 | bonus=2.4903 | score=+2.9878
     2(invit           ): pulls=   1 | mean=+0.4955 | bonus=2.4724 | score=+2.9678
     3(icam            ): pulls=   1 | mean=+0.5138 | bonus=2.4973 | score=+3.0111
     4(dact            ): pulls=   1 | mean=+0.4968 | bonus=2.4927 | score=+2.9895
     5(lih             ): pulls=   1 | mean=+0.5103 | bonus=2.4696 | score=+2.9799
     6(udc             ): pulls=   1 | mean=+0.5233 | bonus=2.4590 | score=+2.9823
     7(omni            ): pulls=   1 | mean=+0.4996 | bonus=2.4959 | score=+2.9955
     8(pointerformer   ): pulls=   0 | mean=+0.4902 | bonus=2.4622 | score=+2.9524 <--
     9(difusco         ): pulls=   0 | mean=+0.5165 | bonus=2.4547 | score=+2.9712
    10(t2t             ): pulls=   0 | mean=+0.5082 | bonus=2.5062 | score=+3.0144
    11(glop            ): pulls=   0 | mean=+0.5071 | bonus=2.4661 | score=+2.9733
20:22:18 | t=9 | UPDATE | problem=TSP | uid=tsp:5107 | global_index=5107 | arm=8(pointerformer)
    outcome: reward=0.9545 | selected_cost=7.9928 | best_cost=7.9928 | regret=0.0000
    result: record_global_index=5107 | name=None | aug_score=7.9928
    arm_stats: pulls=1 | avg_reward=0.9545
    state: history=9 | U_norm=359.1789 | U_mean=1.056053 | U_min=1.000000 | U_max=109.633560
20:22:18 | t=9 | TRAIN | module=reward_net | trigger=warmup(<= 12)
    optimize: epochs=2 | steps=3 | batch_size=8 | history=9 | lr=0.001
    loss: avg=0.109431 | min=0.065395 | max=0.132955 | last=0.129944
    state: U_norm=359.1789 | U_mean=1.056053 | U_min=1.000000 | U_max=109.633560
20:22:21 | epoch=1 | TRAIN[9] | CVRP | select arm=3(icam) | reason=score
     0(lehd            ): pulls=   1 | mean=+0.5423 | bonus=2.2398 | score=+2.7822
     1(elg             ): pulls=   1 | mean=+0.5397 | bonus=2.2529 | score=+2.7926
     2(invit           ): pulls=   1 | mean=+0.5370 | bonus=2.2316 | score=+2.7685
     3(icam            ): pulls=   1 | mean=+0.5550 | bonus=2.2542 | score=+2.8092 <--
     4(dact            ): pulls=   1 | mean=+0.5386 | bonus=2.2344 | score=+2.7731
     5(lih             ): pulls=   1 | mean=+0.5457 | bonus=2.2206 | score=+2.7663
     6(udc             ): pulls=   1 | mean=+0.5622 | bonus=2.2206 | score=+2.7828
     7(omni            ): pulls=   1 | mean=+0.5428 | bonus=2.2419 | score=+2.7846
20:22:30 | t=10 | UPDATE | problem=CVRP | uid=cvrp:9342 | global_index=9342 | arm=3(icam)
    outcome: reward=0.8571 | selected_cost=17.4274 | best_cost=17.2518 | regret=0.1756
    result: record_global_index=9342 | name=None | aug_score=17.4274
    arm_stats: pulls=2 | avg_reward=0.9286
    state: history=10 | U_norm=381.9140 | U_mean=1.061582 | U_min=1.000000 | U_max=119.861984
20:22:30 | t=10 | TRAIN | module=reward_net | trigger=warmup(<= 12)
    optimize: epochs=2 | steps=3 | batch_size=8 | history=10 | lr=0.001
    loss: avg=0.136654 | min=0.114134 | max=0.169406 | last=0.126421
    state: U_norm=381.9140 | U_mean=1.061582 | U_min=1.000000 | U_max=119.861984
20:22:33 | epoch=1 | TRAIN[10] | TSP | select arm=9(difusco) | reason=warm_start
     0(lehd            ): pulls=   1 | mean=+0.6090 | bonus=2.3390 | score=+2.9480
     1(elg             ): pulls=   1 | mean=+0.6111 | bonus=2.3277 | score=+2.9388
     2(invit           ): pulls=   1 | mean=+0.6070 | bonus=2.3129 | score=+2.9199
     3(icam            ): pulls=   2 | mean=+0.6280 | bonus=2.3299 | score=+2.9579
     4(dact            ): pulls=   1 | mean=+0.6088 | bonus=2.3302 | score=+2.9390
     5(lih             ): pulls=   1 | mean=+0.6155 | bonus=2.3202 | score=+2.9357
     6(udc             ): pulls=   1 | mean=+0.6318 | bonus=2.3040 | score=+2.9359
     7(omni            ): pulls=   1 | mean=+0.6112 | bonus=2.3348 | score=+2.9461
     8(pointerformer   ): pulls=   1 | mean=+0.6008 | bonus=2.2996 | score=+2.9005
     9(difusco         ): pulls=   0 | mean=+0.6247 | bonus=2.3019 | score=+2.9266 <--
    10(t2t             ): pulls=   0 | mean=+0.6240 | bonus=2.3342 | score=+2.9581
    11(glop            ): pulls=   0 | mean=+0.6112 | bonus=2.3222 | score=+2.9334
20:22:39 | t=11 | UPDATE | problem=TSP | uid=tsp:1752 | global_index=1752 | arm=9(difusco)
    outcome: reward=0.6364 | selected_cost=7.2083 | best_cost=7.2081 | regret=0.0002
    result: record_global_index=1752 | name=None | aug_score=7.2083
    arm_stats: pulls=1 | avg_reward=0.6364
    state: history=11 | U_norm=405.5041 | U_mean=1.067188 | U_min=1.000000 | U_max=128.880524
20:22:39 | t=11 | TRAIN | module=reward_net | trigger=warmup(<= 12)
    optimize: epochs=2 | steps=3 | batch_size=8 | history=11 | lr=0.001
    loss: avg=0.107873 | min=0.048744 | max=0.140971 | last=0.133903
    state: U_norm=405.5041 | U_mean=1.067188 | U_min=1.000000 | U_max=128.880524
20:22:42 | epoch=1 | TRAIN[11] | TSP | select arm=10(t2t) | reason=warm_start
     0(lehd            ): pulls=   1 | mean=+0.5445 | bonus=2.2735 | score=+2.8180
     1(elg             ): pulls=   1 | mean=+0.5466 | bonus=2.2634 | score=+2.8099
     2(invit           ): pulls=   1 | mean=+0.5431 | bonus=2.2476 | score=+2.7907
     3(icam            ): pulls=   2 | mean=+0.5632 | bonus=2.2653 | score=+2.8284
     4(dact            ): pulls=   1 | mean=+0.5442 | bonus=2.2646 | score=+2.8088
     5(lih             ): pulls=   1 | mean=+0.5512 | bonus=2.2545 | score=+2.8057
     6(udc             ): pulls=   1 | mean=+0.5676 | bonus=2.2393 | score=+2.8069
     7(omni            ): pulls=   1 | mean=+0.5463 | bonus=2.2697 | score=+2.8160
     8(pointerformer   ): pulls=   1 | mean=+0.5370 | bonus=2.2348 | score=+2.7718
     9(difusco         ): pulls=   1 | mean=+0.5607 | bonus=2.2365 | score=+2.7973
    10(t2t             ): pulls=   0 | mean=+0.5588 | bonus=2.2695 | score=+2.8282 <--
    11(glop            ): pulls=   0 | mean=+0.5478 | bonus=2.2565 | score=+2.8044
20:22:53 | t=12 | UPDATE | problem=TSP | uid=tsp:8132 | global_index=8132 | arm=10(t2t)
    outcome: reward=0.2727 | selected_cost=9.1234 | best_cost=7.8557 | regret=1.2676
    result: record_global_index=8132 | name=None | aug_score=9.1234
    arm_stats: pulls=1 | avg_reward=0.2727
    state: history=12 | U_norm=431.0213 | U_mean=1.073003 | U_min=1.000000 | U_max=140.943924
20:22:53 | t=12 | TRAIN | module=reward_net | trigger=warmup(<= 12)
    optimize: epochs=2 | steps=3 | batch_size=8 | history=12 | lr=0.001
    loss: avg=0.112373 | min=0.093728 | max=0.129712 | last=0.113679
    state: U_norm=431.0213 | U_mean=1.073003 | U_min=1.000000 | U_max=140.943924
20:22:56 | epoch=1 | TRAIN[12] | TSP | select arm=11(glop) | reason=warm_start
     0(lehd            ): pulls=   1 | mean=+0.5160 | bonus=2.2503 | score=+2.7662
     1(elg             ): pulls=   1 | mean=+0.5202 | bonus=2.2368 | score=+2.7570
     2(invit           ): pulls=   1 | mean=+0.5160 | bonus=2.2242 | score=+2.7401
     3(icam            ): pulls=   2 | mean=+0.5365 | bonus=2.2410 | score=+2.7775
     4(dact            ): pulls=   1 | mean=+0.5158 | bonus=2.2417 | score=+2.7576
     5(lih             ): pulls=   1 | mean=+0.5270 | bonus=2.2239 | score=+2.7509
     6(udc             ): pulls=   1 | mean=+0.5408 | bonus=2.2143 | score=+2.7551
     7(omni            ): pulls=   1 | mean=+0.5164 | bonus=2.2484 | score=+2.7647
     8(pointerformer   ): pulls=   1 | mean=+0.5102 | bonus=2.2101 | score=+2.7203
     9(difusco         ): pulls=   1 | mean=+0.5338 | bonus=2.2093 | score=+2.7431
    10(t2t             ): pulls=   1 | mean=+0.5311 | bonus=2.2468 | score=+2.7780
    11(glop            ): pulls=   0 | mean=+0.5250 | bonus=2.2214 | score=+2.7464 <--
20:22:56 | t=13 | UPDATE | problem=TSP | uid=tsp:752 | global_index=752 | arm=11(glop)
    outcome: reward=0.3636 | selected_cost=8.7575 | best_cost=8.0873 | regret=0.6702
    result: record_global_index=752 | name=None | aug_score=8.7575
    arm_stats: pulls=1 | avg_reward=0.3636
    state: history=13 | U_norm=454.5969 | U_mean=1.078490 | U_min=1.000000 | U_max=151.148270
20:22:58 | epoch=1 | TRAIN[13] | CVRP | select arm=3(icam) | reason=score
     0(lehd            ): pulls=   1 | mean=+0.5474 | bonus=2.0874 | score=+2.6348
     1(elg             ): pulls=   1 | mean=+0.5487 | bonus=2.0958 | score=+2.6444
     2(invit           ): pulls=   1 | mean=+0.5446 | bonus=2.0804 | score=+2.6249
     3(icam            ): pulls=   2 | mean=+0.5644 | bonus=2.0976 | score=+2.6620 <--
     4(dact            ): pulls=   1 | mean=+0.5445 | bonus=2.0828 | score=+2.6273
     5(lih             ): pulls=   1 | mean=+0.5542 | bonus=2.0652 | score=+2.6194
     6(udc             ): pulls=   1 | mean=+0.5685 | bonus=2.0689 | score=+2.6374
     7(omni            ): pulls=   1 | mean=+0.5452 | bonus=2.0934 | score=+2.6385
20:22:58 | t=14 | UPDATE | problem=CVRP | uid=cvrp:3939 | global_index=3939 | arm=3(icam)
    outcome: reward=1.0000 | selected_cost=17.1498 | best_cost=17.1498 | regret=0.0000
    result: record_global_index=3939 | name=None | aug_score=17.1498
    arm_stats: pulls=3 | avg_reward=0.9524
    state: history=14 | U_norm=476.9539 | U_mean=1.083833 | U_min=1.000000 | U_max=159.698090
20:23:00 | VAL[0] | CVRP | select arm=6(udc) | reason=score
     0(lehd            ): pulls=   1 | mean=+0.4979 | bonus=None | score=+0.4979
     1(elg             ): pulls=   1 | mean=+0.4968 | bonus=None | score=+0.4968
     2(invit           ): pulls=   1 | mean=+0.4932 | bonus=None | score=+0.4932
     3(icam            ): pulls=   3 | mean=+0.5125 | bonus=None | score=+0.5125
     4(dact            ): pulls=   1 | mean=+0.4937 | bonus=None | score=+0.4937
     5(lih             ): pulls=   1 | mean=+0.4983 | bonus=None | score=+0.4983
     6(udc             ): pulls=   1 | mean=+0.5169 | bonus=None | score=+0.5169 <--
     7(omni            ): pulls=   1 | mean=+0.4965 | bonus=None | score=+0.4965
20:23:02 | VAL[1] | CVRP | select arm=6(udc) | reason=score
     0(lehd            ): pulls=   1 | mean=+0.5284 | bonus=None | score=+0.5284
     1(elg             ): pulls=   1 | mean=+0.5287 | bonus=None | score=+0.5287
     2(invit           ): pulls=   1 | mean=+0.5249 | bonus=None | score=+0.5249
     3(icam            ): pulls=   3 | mean=+0.5441 | bonus=None | score=+0.5441
     4(dact            ): pulls=   1 | mean=+0.5249 | bonus=None | score=+0.5249
     5(lih             ): pulls=   1 | mean=+0.5325 | bonus=None | score=+0.5325
     6(udc             ): pulls=   1 | mean=+0.5485 | bonus=None | score=+0.5485 <--
     7(omni            ): pulls=   1 | mean=+0.5266 | bonus=None | score=+0.5266
20:23:03 | VAL[2] | TSP | select arm=6(udc) | reason=score
     0(lehd            ): pulls=   1 | mean=+0.4755 | bonus=None | score=+0.4755
     1(elg             ): pulls=   1 | mean=+0.4777 | bonus=None | score=+0.4777
     2(invit           ): pulls=   1 | mean=+0.4747 | bonus=None | score=+0.4747
     3(icam            ): pulls=   3 | mean=+0.4952 | bonus=None | score=+0.4952
     4(dact            ): pulls=   1 | mean=+0.4754 | bonus=None | score=+0.4754
     5(lih             ): pulls=   1 | mean=+0.4826 | bonus=None | score=+0.4826
     6(udc             ): pulls=   1 | mean=+0.4997 | bonus=None | score=+0.4997 <--
     7(omni            ): pulls=   1 | mean=+0.4779 | bonus=None | score=+0.4779
     8(pointerformer   ): pulls=   1 | mean=+0.4694 | bonus=None | score=+0.4694
     9(difusco         ): pulls=   1 | mean=+0.4930 | bonus=None | score=+0.4930
    10(t2t             ): pulls=   1 | mean=+0.4899 | bonus=None | score=+0.4899
    11(glop            ): pulls=   1 | mean=+0.4799 | bonus=None | score=+0.4799
20:23:04 | VAL[3] | TSP | select arm=6(udc) | reason=score
     0(lehd            ): pulls=   1 | mean=+0.4840 | bonus=None | score=+0.4840
     1(elg             ): pulls=   1 | mean=+0.4864 | bonus=None | score=+0.4864
     2(invit           ): pulls=   1 | mean=+0.4832 | bonus=None | score=+0.4832
     3(icam            ): pulls=   3 | mean=+0.5035 | bonus=None | score=+0.5035
     4(dact            ): pulls=   1 | mean=+0.4838 | bonus=None | score=+0.4838
     5(lih             ): pulls=   1 | mean=+0.4913 | bonus=None | score=+0.4913
     6(udc             ): pulls=   1 | mean=+0.5080 | bonus=None | score=+0.5080 <--
     7(omni            ): pulls=   1 | mean=+0.4859 | bonus=None | score=+0.4859
     8(pointerformer   ): pulls=   1 | mean=+0.4777 | bonus=None | score=+0.4777
     9(difusco         ): pulls=   1 | mean=+0.5013 | bonus=None | score=+0.5013
    10(t2t             ): pulls=   1 | mean=+0.4984 | bonus=None | score=+0.4984
    11(glop            ): pulls=   1 | mean=+0.4888 | bonus=None | score=+0.4888
20:23:06 | TEST[0] | CVRP | select arm=6(udc) | reason=score
     0(lehd            ): pulls=   1 | mean=+0.5001 | bonus=None | score=+0.5001
     1(elg             ): pulls=   1 | mean=+0.4993 | bonus=None | score=+0.4993
     2(invit           ): pulls=   1 | mean=+0.4955 | bonus=None | score=+0.4955
     3(icam            ): pulls=   3 | mean=+0.5151 | bonus=None | score=+0.5151
     4(dact            ): pulls=   1 | mean=+0.4959 | bonus=None | score=+0.4959
     5(lih             ): pulls=   1 | mean=+0.5011 | bonus=None | score=+0.5011
     6(udc             ): pulls=   1 | mean=+0.5192 | bonus=None | score=+0.5192 <--
     7(omni            ): pulls=   1 | mean=+0.4985 | bonus=None | score=+0.4985
20:23:07 | TEST[1] | TSP | select arm=6(udc) | reason=score
     0(lehd            ): pulls=   1 | mean=+0.5215 | bonus=None | score=+0.5215
     1(elg             ): pulls=   1 | mean=+0.5260 | bonus=None | score=+0.5260
     2(invit           ): pulls=   1 | mean=+0.5217 | bonus=None | score=+0.5217
     3(icam            ): pulls=   3 | mean=+0.5420 | bonus=None | score=+0.5420
     4(dact            ): pulls=   1 | mean=+0.5213 | bonus=None | score=+0.5213
     5(lih             ): pulls=   1 | mean=+0.5331 | bonus=None | score=+0.5331
     6(udc             ): pulls=   1 | mean=+0.5466 | bonus=None | score=+0.5466 <--
     7(omni            ): pulls=   1 | mean=+0.5217 | bonus=None | score=+0.5217
     8(pointerformer   ): pulls=   1 | mean=+0.5158 | bonus=None | score=+0.5158
     9(difusco         ): pulls=   1 | mean=+0.5394 | bonus=None | score=+0.5394
    10(t2t             ): pulls=   1 | mean=+0.5369 | bonus=None | score=+0.5369
    11(glop            ): pulls=   1 | mean=+0.5313 | bonus=None | score=+0.5313
20:23:09 | VAL[0] | CVRP | select arm=3(icam) | reason=score
     0(lehd            ): pulls=   1 | mean=+0.4979 | bonus=2.0045 | score=+2.5024
     1(elg             ): pulls=   1 | mean=+0.4968 | bonus=2.0122 | score=+2.5090
     2(invit           ): pulls=   1 | mean=+0.4932 | bonus=1.9929 | score=+2.4861
     3(icam            ): pulls=   3 | mean=+0.5125 | bonus=2.0078 | score=+2.5203 <--
     4(dact            ): pulls=   1 | mean=+0.4937 | bonus=1.9951 | score=+2.4888
     5(lih             ): pulls=   1 | mean=+0.4983 | bonus=1.9908 | score=+2.4891
     6(udc             ): pulls=   1 | mean=+0.5169 | bonus=1.9875 | score=+2.5044
     7(omni            ): pulls=   1 | mean=+0.4965 | bonus=2.0083 | score=+2.5048
20:23:11 | VAL[1] | CVRP | select arm=3(icam) | reason=score
     0(lehd            ): pulls=   1 | mean=+0.5284 | bonus=2.0115 | score=+2.5400
     1(elg             ): pulls=   1 | mean=+0.5287 | bonus=2.0184 | score=+2.5471
     2(invit           ): pulls=   1 | mean=+0.5249 | bonus=2.0026 | score=+2.5276
     3(icam            ): pulls=   3 | mean=+0.5441 | bonus=2.0182 | score=+2.5622 <--
     4(dact            ): pulls=   1 | mean=+0.5249 | bonus=2.0052 | score=+2.5301
     5(lih             ): pulls=   1 | mean=+0.5325 | bonus=1.9937 | score=+2.5263
     6(udc             ): pulls=   1 | mean=+0.5485 | bonus=1.9949 | score=+2.5434
     7(omni            ): pulls=   1 | mean=+0.5266 | bonus=2.0183 | score=+2.5449
20:23:12 | VAL[2] | TSP | select arm=3(icam) | reason=score
     0(lehd            ): pulls=   1 | mean=+0.4755 | bonus=2.1669 | score=+2.6425
     1(elg             ): pulls=   1 | mean=+0.4777 | bonus=2.1534 | score=+2.6311
     2(invit           ): pulls=   1 | mean=+0.4747 | bonus=2.1404 | score=+2.6150
     3(icam            ): pulls=   3 | mean=+0.4952 | bonus=2.1521 | score=+2.6473 <--
     4(dact            ): pulls=   1 | mean=+0.4754 | bonus=2.1567 | score=+2.6321
     5(lih             ): pulls=   1 | mean=+0.4826 | bonus=2.1490 | score=+2.6316
     6(udc             ): pulls=   1 | mean=+0.4997 | bonus=2.1301 | score=+2.6298
     7(omni            ): pulls=   1 | mean=+0.4779 | bonus=2.1643 | score=+2.6422
     8(pointerformer   ): pulls=   1 | mean=+0.4694 | bonus=2.1288 | score=+2.5982
     9(difusco         ): pulls=   1 | mean=+0.4930 | bonus=2.1300 | score=+2.6231
    10(t2t             ): pulls=   1 | mean=+0.4899 | bonus=2.1551 | score=+2.6450
    11(glop            ): pulls=   1 | mean=+0.4799 | bonus=2.1507 | score=+2.6305
20:23:13 | VAL[3] | TSP | select arm=3(icam) | reason=score
     0(lehd            ): pulls=   1 | mean=+0.4840 | bonus=2.1647 | score=+2.6486
     1(elg             ): pulls=   1 | mean=+0.4864 | bonus=2.1526 | score=+2.6390
     2(invit           ): pulls=   1 | mean=+0.4832 | bonus=2.1384 | score=+2.6217
     3(icam            ): pulls=   3 | mean=+0.5035 | bonus=2.1518 | score=+2.6553 <--
     4(dact            ): pulls=   1 | mean=+0.4838 | bonus=2.1548 | score=+2.6386
     5(lih             ): pulls=   1 | mean=+0.4913 | bonus=2.1461 | score=+2.6374
     6(udc             ): pulls=   1 | mean=+0.5080 | bonus=2.1292 | score=+2.6372
     7(omni            ): pulls=   1 | mean=+0.4859 | bonus=2.1618 | score=+2.6477
     8(pointerformer   ): pulls=   1 | mean=+0.4777 | bonus=2.1263 | score=+2.6040
     9(difusco         ): pulls=   1 | mean=+0.5013 | bonus=2.1278 | score=+2.6290
    10(t2t             ): pulls=   1 | mean=+0.4984 | bonus=2.1557 | score=+2.6541
    11(glop            ): pulls=   1 | mean=+0.4888 | bonus=2.1472 | score=+2.6360
20:23:14 | TEST[0] | CVRP | select arm=3(icam) | reason=score
     0(lehd            ): pulls=   1 | mean=+0.5001 | bonus=1.9994 | score=+2.4994
     1(elg             ): pulls=   1 | mean=+0.4993 | bonus=2.0076 | score=+2.5068
     2(invit           ): pulls=   1 | mean=+0.4955 | bonus=1.9883 | score=+2.4838
     3(icam            ): pulls=   3 | mean=+0.5151 | bonus=2.0032 | score=+2.5183 <--
     4(dact            ): pulls=   1 | mean=+0.4959 | bonus=1.9902 | score=+2.4861
     5(lih             ): pulls=   1 | mean=+0.5011 | bonus=1.9843 | score=+2.4854
     6(udc             ): pulls=   1 | mean=+0.5192 | bonus=1.9821 | score=+2.5014
     7(omni            ): pulls=   1 | mean=+0.4985 | bonus=2.0033 | score=+2.5017
20:23:17 | TEST[1] | TSP | select arm=10(t2t) | reason=score
     0(lehd            ): pulls=   1 | mean=+0.5215 | bonus=2.1793 | score=+2.7008
     1(elg             ): pulls=   1 | mean=+0.5260 | bonus=2.1673 | score=+2.6934
     2(invit           ): pulls=   1 | mean=+0.5217 | bonus=2.1542 | score=+2.6759
     3(icam            ): pulls=   3 | mean=+0.5420 | bonus=2.1707 | score=+2.7127
     4(dact            ): pulls=   1 | mean=+0.5213 | bonus=2.1708 | score=+2.6921
     5(lih             ): pulls=   1 | mean=+0.5331 | bonus=2.1530 | score=+2.6861
     6(udc             ): pulls=   1 | mean=+0.5466 | bonus=2.1446 | score=+2.6912
     7(omni            ): pulls=   1 | mean=+0.5217 | bonus=2.1769 | score=+2.6986
     8(pointerformer   ): pulls=   1 | mean=+0.5158 | bonus=2.1407 | score=+2.6566
     9(difusco         ): pulls=   1 | mean=+0.5394 | bonus=2.1385 | score=+2.6779
    10(t2t             ): pulls=   1 | mean=+0.5369 | bonus=2.1781 | score=+2.7150 <--
    11(glop            ): pulls=   1 | mean=+0.5313 | bonus=2.1498 | score=+2.6810
