[02:11:37] 开始构建共享数据集
[02:11:37] 扫描结果目录: /public/home/zhoucl/shiys/EasyNCO/results/test
[02:11:37] 已找到最新 runs 数量: 20
[02:11:37] 开始解析原始 .pt 数据集路径
[02:11:37] TSP 数据集: /public/home/zhoucl/shiys/EasyNCO/data/datasets/test_dataset_tsp_uniform/test_tsp100_nums10000_uniform.pt
[02:11:37] CVRP 数据集: /public/home/zhoucl/shiys/EasyNCO/data/datasets/test_dataset_vrp_uniform/test_vrp100_capacity50_nums10000_uniform.pt
[02:11:37] 开始加载原始实例张量
[02:11:38] 实例加载完成: tsp=10000, cvrp=10000
[02:11:38] 开始聚合问题 tsp，候选方法数=12
[02:11:38] tsp 可用实例数=500
[02:11:39] 问题 tsp 聚合完成，当前累计样本数=500
[02:11:39] 开始聚合问题 cvrp，候选方法数=8
[02:11:40] cvrp 可用实例数=500
[02:11:41] 问题 cvrp 聚合完成，当前累计样本数=1000
[02:11:41] 全部样本构建完成，最终样本数=1000
[02:11:41] 数据集构建完成，样本总数=1000
[02:11:41] 开始做 train/val/test 分层切分
[02:11:41] 数据切分完成: train=700, val=150, test=150
[02:11:41] 训练集 baseline 拟合完成 | single_best_global=pointerformer | single_best_per_problem={'cvrp': 'lehd', 'tsp': 'icam'}
[02:11:41] 训练集 hardness 参考均值 | cvrp=0.005709 | tsp=0.001280
[02:11:41] cvrp one-vs-default candidates = ['icam', 'elg', 'omni']
[02:11:41] cvrp one-vs-default gain priors = icam:0.7402, elg:0.7108, omni:0.3355
[02:11:41] tsp one-vs-default candidates = ['lehd', 'pointerformer', 'elg', 'difusco']
[02:11:41] tsp one-vs-default gain priors = lehd:0.7609, pointerformer:0.5055, difusco:0.4727, elg:0.3876
[02:11:41] val 参考 baseline 已计算 | sbp_tsp_cost=7.736413 | sbp_cvrp_cost=16.259549
[02:11:42] 模型构造完成: OneVsDefaultMarginRanker
[02:11:42] margin policy 使用固定决策边界: score > 0 才切换
[02:11:42] 开始监督排序训练: epochs=5 | batch_size=32 | loss=one_vs_default_hard_rank | hard_alpha=2.0 | prior=none | switch_scale=1.0 | select_by=gain_vs_single_best_per_problem
[02:11:53] epoch=1 | step=20 | batch=20/22 | loss=19.590923 | mean_loss=14.884207 | mean_sample_weight=12.6527 | positive_rate=0.339286 | hard_rate=0.250000
[02:11:54] epoch=1 | step=22 | batch=22/22 | loss=16.269329 | mean_loss=14.917017 | mean_sample_weight=10.2022 | positive_rate=0.397959 | hard_rate=0.357143
[02:11:54] 完成 epoch 1/5 | train_mean_loss=14.917017 | pair_count=0 | mean_epoch_sample_weight=9.6118
[02:11:54] checkpoint 已保存: 2l2r/outputs/2026-04-02_ovd_hardrank_smoke_500/checkpoints/epoch_0001.pt
[02:11:54] 在 val 集上评测 (150 实例)...
[02:11:55]     已评测 150/150...
[02:11:55] val 评测完成 | mean_reward=0.832078 | top1_accuracy=0.273333 | mean_regret=0.044929 | mean_cost=12.005193
[02:11:55] epoch=1 | val | tsp_cost=7.737137 | cvrp_cost=16.273249 | gain_vs_sbp_macro=-0.007212
[02:11:55] 发现新的 best val | metric=gain_vs_single_best_per_problem | selection_score=-0.007212 | overall_mean_cost=12.005193 | checkpoint=2l2r/outputs/2026-04-02_ovd_hardrank_smoke_500/checkpoints/best.pt
[02:12:04] epoch=2 | step=42 | batch=20/22 | loss=6.100039 | mean_loss=12.140399 | mean_sample_weight=7.3930 | positive_rate=0.396396 | hard_rate=0.406250
[02:12:05] epoch=2 | step=44 | batch=22/22 | loss=21.201130 | mean_loss=13.056939 | mean_sample_weight=11.0538 | positive_rate=0.272727 | hard_rate=0.285714
[02:12:05] 完成 epoch 2/5 | train_mean_loss=13.056939 | pair_count=0 | mean_epoch_sample_weight=9.6118
[02:12:05] checkpoint 已保存: 2l2r/outputs/2026-04-02_ovd_hardrank_smoke_500/checkpoints/epoch_0002.pt
[02:12:05] 在 val 集上评测 (150 实例)...
[02:12:05]     已评测 150/150...
[02:12:05] val 评测完成 | mean_reward=0.832078 | top1_accuracy=0.273333 | mean_regret=0.044929 | mean_cost=12.005193
[02:12:05] epoch=2 | val | tsp_cost=7.737137 | cvrp_cost=16.273249 | gain_vs_sbp_macro=-0.007212
[02:12:05] val 未提升 | metric=gain_vs_single_best_per_problem | best_selection_score=-0.007212 | current_selection_score=-0.007212 | best_cost=12.005193 | current_cost=12.005193 | patience=1/5
[02:12:13] epoch=3 | step=64 | batch=20/22 | loss=15.131415 | mean_loss=12.992871 | mean_sample_weight=9.1343 | positive_rate=0.302752 | hard_rate=0.281250
[02:12:13] epoch=3 | step=66 | batch=22/22 | loss=11.667563 | mean_loss=12.502107 | mean_sample_weight=8.4404 | positive_rate=0.163265 | hard_rate=0.214286
[02:12:13] 完成 epoch 3/5 | train_mean_loss=12.502107 | pair_count=0 | mean_epoch_sample_weight=9.6118
[02:12:13] checkpoint 已保存: 2l2r/outputs/2026-04-02_ovd_hardrank_smoke_500/checkpoints/epoch_0003.pt
[02:12:13] 在 val 集上评测 (150 实例)...
[02:12:14]     已评测 150/150...
[02:12:14] val 评测完成 | mean_reward=0.832078 | top1_accuracy=0.273333 | mean_regret=0.044929 | mean_cost=12.005193
[02:12:14] epoch=3 | val | tsp_cost=7.737137 | cvrp_cost=16.273249 | gain_vs_sbp_macro=-0.007212
[02:12:14] val 未提升 | metric=gain_vs_single_best_per_problem | best_selection_score=-0.007212 | current_selection_score=-0.007212 | best_cost=12.005193 | current_cost=12.005193 | patience=2/5
[02:12:15] epoch=4 | step=86 | batch=20/22 | loss=8.598999 | mean_loss=13.296904 | mean_sample_weight=7.0206 | positive_rate=0.318182 | hard_rate=0.343750
[02:12:15] epoch=4 | step=88 | batch=22/22 | loss=10.933615 | mean_loss=12.833020 | mean_sample_weight=7.6033 | positive_rate=0.295918 | hard_rate=0.285714
[02:12:15] 完成 epoch 4/5 | train_mean_loss=12.833020 | pair_count=0 | mean_epoch_sample_weight=9.6118
[02:12:16] checkpoint 已保存: 2l2r/outputs/2026-04-02_ovd_hardrank_smoke_500/checkpoints/epoch_0004.pt
[02:12:16] 在 val 集上评测 (150 实例)...
[02:12:16]     已评测 150/150...
[02:12:16] val 评测完成 | mean_reward=0.832078 | top1_accuracy=0.273333 | mean_regret=0.044929 | mean_cost=12.005193
[02:12:16] epoch=4 | val | tsp_cost=7.737137 | cvrp_cost=16.273249 | gain_vs_sbp_macro=-0.007212
[02:12:16] val 未提升 | metric=gain_vs_single_best_per_problem | best_selection_score=-0.007212 | current_selection_score=-0.007212 | best_cost=12.005193 | current_cost=12.005193 | patience=3/5
[02:12:17] epoch=5 | step=108 | batch=20/22 | loss=12.243263 | mean_loss=13.236810 | mean_sample_weight=10.7427 | positive_rate=0.435897 | hard_rate=0.406250
[02:12:18] epoch=5 | step=110 | batch=22/22 | loss=17.829935 | mean_loss=13.279888 | mean_sample_weight=17.6777 | positive_rate=0.330000 | hard_rate=0.321429
[02:12:18] 完成 epoch 5/5 | train_mean_loss=13.279888 | pair_count=0 | mean_epoch_sample_weight=9.6118
[02:12:18] checkpoint 已保存: 2l2r/outputs/2026-04-02_ovd_hardrank_smoke_500/checkpoints/epoch_0005.pt
[02:12:18] 在 val 集上评测 (150 实例)...
[02:12:18]     已评测 150/150...
[02:12:18] val 评测完成 | mean_reward=0.832078 | top1_accuracy=0.273333 | mean_regret=0.044929 | mean_cost=12.005193
[02:12:18] epoch=5 | val | tsp_cost=7.737137 | cvrp_cost=16.273249 | gain_vs_sbp_macro=-0.007212
[02:12:18] val 未提升 | metric=gain_vs_single_best_per_problem | best_selection_score=-0.007212 | current_selection_score=-0.007212 | best_cost=12.005193 | current_cost=12.005193 | patience=4/5
[02:12:18] 最终 checkpoint 已保存: 2l2r/outputs/2026-04-02_ovd_hardrank_smoke_500/checkpoints/final.pt
[02:12:18] 载入 best checkpoint 做最终评测: 2l2r/outputs/2026-04-02_ovd_hardrank_smoke_500/checkpoints/best.pt
[02:12:18] 最终评测使用固定 margin 边界: score > 0 才切换
[02:12:18] 在 val 集上评测 (150 实例)...
[02:12:18]     已评测 150/150...
[02:12:18] val 评测完成 | mean_reward=0.832078 | top1_accuracy=0.273333 | mean_regret=0.044929 | mean_cost=12.005193
[02:12:18] 在 test 集上评测 (150 实例)...
[02:12:18]     已评测 150/150...
[02:12:18] test 评测完成 | mean_reward=0.844892 | top1_accuracy=0.366667 | mean_regret=0.050634 | mean_cost=11.755819
[02:12:18] 开始计算 baseline 对比
[02:12:18] baseline 对比完成
[02:12:18] 
======================================================================
  评测结果 | OneVsDefaultMarginRanker
======================================================================

  ALL (150 实例):
    mean_reward:    0.8449
    mean_rank:      2.39
    top1_hit_rate:    0.3067  (46/150)
    top2_hit_rate:    0.5667  (85/150)
    top3_hit_rate:    0.7867  (118/150)
    regret:         0.0506
    mean_cost:      11.7558  (模型选择)
    oracle_cost:    11.7052  (每个实例选最好的)

  TSP (75 实例):
    mean_reward:    0.8479
    mean_rank:      2.67
    top1_hit_rate:    0.2533  (19/75)
    top2_hit_rate:    0.5067  (38/75)
    top3_hit_rate:    0.6667  (50/75)
    regret:         0.0090
    mean_cost:      7.8011  (模型选择)
    oracle_cost:    7.7920  (每个实例选最好的)

  CVRP (75 实例):
    mean_reward:    0.8419
    mean_rank:      2.11
    top1_hit_rate:    0.3600  (27/75)
    top2_hit_rate:    0.6267  (47/75)
    top3_hit_rate:    0.9067  (68/75)
    regret:         0.0922
    mean_cost:      15.7106  (模型选择)
    oracle_cost:    15.6183  (每个实例选最好的)

======================================================================
  Baseline 对比 (在同一 test 集上)
======================================================================

  TSP (75 实例):
    oracle mean_cost:                7.7920  (每实例选最好的, 上界)
    模型选择 mean_cost:              7.8011
    single_best_per_problem:         7.8054
    gain vs single_best_per_problem: +0.0043
    single_best_global:              7.8007
    random mean_cost:                10.7566  (均匀随机的期望)

  CVRP (75 实例):
    oracle mean_cost:                15.6183  (每实例选最好的, 上界)
    模型选择 mean_cost:              15.7106
    single_best_per_problem:         15.6997
    gain vs single_best_per_problem: -0.0109
    single_best_global:              15.6997
    random mean_cost:                18.3355  (均匀随机的期望)

======================================================================
  各臂选择分布
======================================================================

  TSP (75 实例):
     0(lehd            ):    75 次 (100.0%)

  CVRP (75 实例):
     3(icam            ):    75 次 (100.0%)

  ALL (150 实例):
     0(lehd            ):    75 次 ( 50.0%)
     3(icam            ):    75 次 ( 50.0%)

======================================================================
  各臂被选后的真实效果
======================================================================

  TSP:
    arm                   count  mean_cost  mean_reward  top1_rate  mean_rank
    ────────────────────────────────────────────────────────────────────
     0(lehd            )       75     7.8011       0.8479     0.2533       2.67

  CVRP:
    arm                   count  mean_cost  mean_reward  top1_rate  mean_rank
    ────────────────────────────────────────────────────────────────────
     3(icam            )       75    15.7106       0.8419     0.3600       2.11

======================================================================
  Oracle 最优臂分布 (test 集上哪个方法最常是最优的)
======================================================================

  TSP (75 实例):
     0(lehd            ):    28 次 ( 37.3%)
     8(pointerformer   ):    21 次 ( 28.0%)
     3(icam            ):    17 次 ( 22.7%)
     1(elg             ):     7 次 (  9.3%)
     9(difusco         ):     2 次 (  2.7%)

  CVRP (75 实例):
     0(lehd            ):    29 次 ( 38.7%)
     3(icam            ):    27 次 ( 36.0%)
     1(elg             ):    16 次 ( 21.3%)
     7(omni            ):     3 次 (  4.0%)

[02:12:18] summary 已写出: 2l2r/outputs/2026-04-02_ovd_hardrank_smoke_500/summary.json

