Traceback (most recent call last):
  File "/public/home/shiys/0selection2/code/V4/r57_probe.py", line 391, in <module>
    worker(args)
  File "/public/home/shiys/0selection2/code/V4/r57_probe.py", line 213, in worker
    runner = EasyReplay(args.solver)
  File "/public/home/shiys/0selection2/code/V4/r57_probe.py", line 143, in __init__
    torchrl_compat()
  File "/public/home/shiys/0selection2/code/V4/r57_probe.py", line 109, in torchrl_compat
    import torchrl.data.tensor_specs as specs
  File "/public/home/shiys/miniconda3/envs/easynco/lib/python3.9/site-packages/torchrl/__init__.py", line 32, in <module>
    import torchrl.collectors
  File "/public/home/shiys/miniconda3/envs/easynco/lib/python3.9/site-packages/torchrl/collectors/__init__.py", line 6, in <module>
    from .collectors import (
  File "/public/home/shiys/miniconda3/envs/easynco/lib/python3.9/site-packages/torchrl/collectors/collectors.py", line 38, in <module>
    from torchrl.data.tensor_specs import TensorSpec
  File "/public/home/shiys/miniconda3/envs/easynco/lib/python3.9/site-packages/torchrl/data/__init__.py", line 6, in <module>
    from . import datasets
  File "/public/home/shiys/miniconda3/envs/easynco/lib/python3.9/site-packages/torchrl/data/datasets/__init__.py", line 1, in <module>
    from .d4rl import D4RLExperienceReplay
  File "/public/home/shiys/miniconda3/envs/easynco/lib/python3.9/site-packages/torchrl/data/datasets/d4rl.py", line 14, in <module>
    from torchrl.data.replay_buffers import TensorDictReplayBuffer
  File "/public/home/shiys/miniconda3/envs/easynco/lib/python3.9/site-packages/torchrl/data/replay_buffers/__init__.py", line 6, in <module>
    from .replay_buffers import (
  File "/public/home/shiys/miniconda3/envs/easynco/lib/python3.9/site-packages/torchrl/data/replay_buffers/replay_buffers.py", line 25, in <module>
    from torchrl.data.replay_buffers.samplers import (
  File "/public/home/shiys/miniconda3/envs/easynco/lib/python3.9/site-packages/torchrl/data/replay_buffers/samplers.py", line 13, in <module>
    from torchrl._torchrl import (
ImportError: /public/home/shiys/miniconda3/envs/easynco/lib/python3.9/site-packages/torchrl/_torchrl.so: undefined symbol: _ZN2at4_ops5clamp4callERKNS_6TensorERKN3c108optionalINS5_6ScalarEEESA_
