[R36A train] top1=0.3934 size_prior=0.3090 wrong=6066 errors_regret<=0.1%=13.27%
[R36A val] top1=0.3630 size_prior=0.2990 wrong=637 errors_regret<=0.1%=13.66%
[cache] TSP/train: 10000 instances, 45.0 MiB on cuda:0
wandb: Tracking run with wandb version 0.19.11
wandb: W&B syncing is set to `offline` in this directory. Run `wandb online` or set WANDB_MODE=online to enable cloud syncing.
[start] 128_ce_seed2 model_hash=28bb37f8bc10fcd32ef6cfb20c3babebf68b1edebca1f09e857bbd68b141d6cc fresh_optimizer=True lr=0.0002 dropout=0 AMP=False
[eval updates 0000] top1=0.2344 ce=2.285473 mean_cost=7.297368 vs_sbs=-0.1799% streak=0/3 elapsed=4.5s
[eval updates 0050] top1=0.7734 ce=0.547733 mean_cost=7.260089 vs_sbs=-0.6898% streak=0/3 elapsed=6.5s
[eval updates 0100] top1=0.9844 ce=0.088166 mean_cost=7.241897 vs_sbs=-0.9386% streak=0/3 elapsed=8.4s
[eval updates 0150] top1=0.9766 ce=0.084405 mean_cost=7.242269 vs_sbs=-0.9336% streak=0/3 elapsed=10.3s
[eval updates 0200] top1=1.0000 ce=0.000775 mean_cost=7.240975 vs_sbs=-0.9513% streak=1/3 elapsed=12.1s
[eval updates 0250] top1=0.9922 ce=0.011213 mean_cost=7.242740 vs_sbs=-0.9271% streak=2/3 elapsed=14.0s
[eval updates 0300] top1=1.0000 ce=0.002289 mean_cost=7.240975 vs_sbs=-0.9513% streak=3/3 elapsed=15.9s
Traceback (most recent call last):
  File "/public/home/shiys/miniconda3/envs/easynco/lib/python3.9/runpy.py", line 197, in _run_module_as_main
    return _run_code(code, main_globals, None,
  File "/public/home/shiys/miniconda3/envs/easynco/lib/python3.9/runpy.py", line 87, in _run_code
    exec(code, run_globals)
  File "/public/home/shiys/0selection2/code/V4/tsp_learnability.py", line 506, in <module>
    main()
  File "/public/home/shiys/0selection2/code/V4/tsp_learnability.py", line 478, in main
    results.append(run_fit(recipe, indices128, loader, data["train"], checkpoint, args))
  File "/public/home/shiys/0selection2/code/V4/tsp_learnability.py", line 277, in run_fit
    return _run_fit(recipe, indices, loader, raw, checkpoint, args, directory)
  File "/public/home/shiys/0selection2/code/V4/tsp_learnability.py", line 374, in _run_fit
    wandb_run.summary.update(passed=result["passed"], updates=result["updates"], best_ce=result["best_ce"])
TypeError: update() got an unexpected keyword argument 'passed'
Traceback (most recent call last):
  File "/public/home/shiys/miniconda3/envs/easynco/lib/python3.9/runpy.py", line 197, in _run_module_as_main
    return _run_code(code, main_globals, None,
  File "/public/home/shiys/miniconda3/envs/easynco/lib/python3.9/runpy.py", line 87, in _run_code
    exec(code, run_globals)
  File "/public/home/shiys/0selection2/code/V4/tsp_learnability.py", line 506, in <module>
    main()
  File "/public/home/shiys/0selection2/code/V4/tsp_learnability.py", line 478, in main
    results.append(run_fit(recipe, indices128, loader, data["train"], checkpoint, args))
  File "/public/home/shiys/0selection2/code/V4/tsp_learnability.py", line 277, in run_fit
    return _run_fit(recipe, indices, loader, raw, checkpoint, args, directory)
  File "/public/home/shiys/0selection2/code/V4/tsp_learnability.py", line 374, in _run_fit
    wandb_run.summary.update(passed=result["passed"], updates=result["updates"], best_ce=result["best_ce"])
TypeError: update() got an unexpected keyword argument 'passed'
[1;34mwandb[0m: 
[1;34mwandb[0m: You can sync this run to the cloud by running:
[1;34mwandb[0m: [1mwandb sync code/V4/runs/R36_tsp_learnability/128_ce_seed2/wandb/offline-run-20260930_131059-50ndxh9y[0m
