wandb: Tracking run with wandb version 0.19.11
wandb: W&B syncing is set to `offline` in this directory. Run `wandb online` or set WANDB_MODE=online to enable cloud syncing.
[start] redundant_seed3 updates=1000 batch=640 optimizer=fresh base_lr=2e-5 geometry_lr=2e-4 model_hash=a514fd32be670c4c79f564887321f6ab3c8bfaaac37ba00460d30c6030af43d8
[train updates 0000] top1=0.3934 ce=1.533871 mean_cost=8.008346 vs_sbs=-0.4963% regret=0.6373% gap>0.1_top1=0.4190 gap>0.5_top1=0.4773
[val updates 0000] top1=0.3630 ce=1.657517 mean_cost=7.917969 vs_sbs=-0.5006% regret=0.6118% gap>0.1_top1=0.3893 gap>0.5_top1=0.4360
[train updates 0050] loss=0.61131 grad=0.2563 skipped_total=0 lr_base=2e-05 elapsed=22.7s
[train updates 0050] top1=0.3939 ce=1.532006 mean_cost=8.008016 vs_sbs=-0.5004% regret=0.6335% gap>0.1_top1=0.4193 gap>0.5_top1=0.4773
[val updates 0050] top1=0.3630 ce=1.655702 mean_cost=7.918348 vs_sbs=-0.4958% regret=0.6185% gap>0.1_top1=0.3866 gap>0.5_top1=0.4291
[train updates 0100] loss=0.60980 grad=0.3042 skipped_total=0 lr_base=1.99e-05 elapsed=45.1s
[train updates 0100] top1=0.3965 ce=1.529666 mean_cost=8.008565 vs_sbs=-0.4935% regret=0.6429% gap>0.1_top1=0.4208 gap>0.5_top1=0.4792
[val updates 0100] top1=0.3620 ce=1.661208 mean_cost=7.918389 vs_sbs=-0.4953% regret=0.6255% gap>0.1_top1=0.3866 gap>0.5_top1=0.4256
[train updates 0150] loss=0.60858 grad=0.3010 skipped_total=0 lr_base=1.95e-05 elapsed=67.4s
[train updates 0150] top1=0.3970 ce=1.527193 mean_cost=8.007689 vs_sbs=-0.5044% regret=0.6289% gap>0.1_top1=0.4224 gap>0.5_top1=0.4826
[val updates 0150] top1=0.3630 ce=1.662111 mean_cost=7.917358 vs_sbs=-0.5082% regret=0.6077% gap>0.1_top1=0.3853 gap>0.5_top1=0.4325
[train updates 0200] loss=0.60795 grad=0.2947 skipped_total=0 lr_base=1.89e-05 elapsed=89.7s
[train updates 0200] top1=0.3981 ce=1.523618 mean_cost=8.008510 vs_sbs=-0.4942% regret=0.6415% gap>0.1_top1=0.4226 gap>0.5_top1=0.4804
[val updates 0200] top1=0.3630 ce=1.654256 mean_cost=7.918282 vs_sbs=-0.4966% regret=0.6202% gap>0.1_top1=0.3879 gap>0.5_top1=0.4325
[train updates 0250] loss=0.60585 grad=0.3089 skipped_total=0 lr_base=1.81e-05 elapsed=112.0s
[train updates 0250] top1=0.3979 ce=1.522114 mean_cost=8.008567 vs_sbs=-0.4935% regret=0.6442% gap>0.1_top1=0.4228 gap>0.5_top1=0.4817
[val updates 0250] top1=0.3630 ce=1.660014 mean_cost=7.918991 vs_sbs=-0.4877% regret=0.6308% gap>0.1_top1=0.3840 gap>0.5_top1=0.4221
[train updates 0300] loss=0.60625 grad=0.3176 skipped_total=0 lr_base=1.71e-05 elapsed=134.3s
[train updates 0300] top1=0.3991 ce=1.518830 mean_cost=8.008613 vs_sbs=-0.4929% regret=0.6424% gap>0.1_top1=0.4245 gap>0.5_top1=0.4810
[val updates 0300] top1=0.3620 ce=1.658435 mean_cost=7.919685 vs_sbs=-0.4790% regret=0.6372% gap>0.1_top1=0.3853 gap>0.5_top1=0.4325
[train updates 0350] loss=0.60476 grad=0.3106 skipped_total=0 lr_base=1.59e-05 elapsed=156.8s
[train updates 0350] top1=0.3990 ce=1.518124 mean_cost=8.008500 vs_sbs=-0.4943% regret=0.6429% gap>0.1_top1=0.4243 gap>0.5_top1=0.4848
[val updates 0350] top1=0.3690 ce=1.666544 mean_cost=7.918884 vs_sbs=-0.4891% regret=0.6293% gap>0.1_top1=0.3906 gap>0.5_top1=0.4291
[train updates 0400] loss=0.60372 grad=0.3403 skipped_total=0 lr_base=1.46e-05 elapsed=179.1s
[train updates 0400] top1=0.4015 ce=1.515625 mean_cost=8.007852 vs_sbs=-0.5024% regret=0.6317% gap>0.1_top1=0.4260 gap>0.5_top1=0.4826
[val updates 0400] top1=0.3560 ce=1.666166 mean_cost=7.920972 vs_sbs=-0.4628% regret=0.6526% gap>0.1_top1=0.3788 gap>0.5_top1=0.4152
[train updates 0450] loss=0.60268 grad=0.3188 skipped_total=0 lr_base=1.32e-05 elapsed=201.5s
[train updates 0450] top1=0.4011 ce=1.513222 mean_cost=8.008430 vs_sbs=-0.4952% regret=0.6419% gap>0.1_top1=0.4259 gap>0.5_top1=0.4857
[val updates 0450] top1=0.3680 ce=1.662573 mean_cost=7.919379 vs_sbs=-0.4828% regret=0.6350% gap>0.1_top1=0.3893 gap>0.5_top1=0.4291
[train updates 0500] loss=0.60213 grad=0.3272 skipped_total=0 lr_base=1.17e-05 elapsed=223.8s
[train updates 0500] top1=0.4020 ce=1.511109 mean_cost=8.008107 vs_sbs=-0.4992% regret=0.6361% gap>0.1_top1=0.4270 gap>0.5_top1=0.4851
[val updates 0500] top1=0.3660 ce=1.663459 mean_cost=7.919701 vs_sbs=-0.4788% regret=0.6356% gap>0.1_top1=0.3906 gap>0.5_top1=0.4291
[train updates 0550] loss=0.60221 grad=0.3404 skipped_total=0 lr_base=1.03e-05 elapsed=246.1s
[train updates 0550] top1=0.4011 ce=1.510726 mean_cost=8.007984 vs_sbs=-0.5007% regret=0.6333% gap>0.1_top1=0.4261 gap>0.5_top1=0.4851
[val updates 0550] top1=0.3610 ce=1.662670 mean_cost=7.918953 vs_sbs=-0.4882% regret=0.6268% gap>0.1_top1=0.3879 gap>0.5_top1=0.4221
[train updates 0600] loss=0.59972 grad=0.3418 skipped_total=0 lr_base=8.79e-06 elapsed=268.4s
[train updates 0600] top1=0.4032 ce=1.509783 mean_cost=8.008134 vs_sbs=-0.4989% regret=0.6389% gap>0.1_top1=0.4287 gap>0.5_top1=0.4891
[val updates 0600] top1=0.3680 ce=1.667502 mean_cost=7.918805 vs_sbs=-0.4901% regret=0.6274% gap>0.1_top1=0.3879 gap>0.5_top1=0.4221
[train updates 0650] loss=0.59959 grad=0.3397 skipped_total=0 lr_base=7.38e-06 elapsed=290.7s
[train updates 0650] top1=0.4037 ce=1.508142 mean_cost=8.007948 vs_sbs=-0.5012% regret=0.6338% gap>0.1_top1=0.4286 gap>0.5_top1=0.4876
[val updates 0650] top1=0.3620 ce=1.666383 mean_cost=7.919772 vs_sbs=-0.4779% regret=0.6384% gap>0.1_top1=0.3853 gap>0.5_top1=0.4256
[train updates 0700] loss=0.60081 grad=0.3373 skipped_total=0 lr_base=6.08e-06 elapsed=313.0s
[train updates 0700] top1=0.4028 ce=1.507774 mean_cost=8.008362 vs_sbs=-0.4961% regret=0.6395% gap>0.1_top1=0.4276 gap>0.5_top1=0.4866
[val updates 0700] top1=0.3620 ce=1.669600 mean_cost=7.920060 vs_sbs=-0.4743% regret=0.6381% gap>0.1_top1=0.3853 gap>0.5_top1=0.4152
[train updates 0750] loss=0.59918 grad=0.3383 skipped_total=0 lr_base=4.9e-06 elapsed=335.3s
[train updates 0750] top1=0.4028 ce=1.506809 mean_cost=8.008327 vs_sbs=-0.4965% regret=0.6400% gap>0.1_top1=0.4273 gap>0.5_top1=0.4873
[val updates 0750] top1=0.3610 ce=1.667298 mean_cost=7.920246 vs_sbs=-0.4720% regret=0.6418% gap>0.1_top1=0.3827 gap>0.5_top1=0.4118
[train updates 0800] loss=0.59927 grad=0.3430 skipped_total=0 lr_base=3.9e-06 elapsed=357.6s
[train updates 0800] top1=0.4039 ce=1.506125 mean_cost=8.007987 vs_sbs=-0.5007% regret=0.6346% gap>0.1_top1=0.4288 gap>0.5_top1=0.4888
[val updates 0800] top1=0.3640 ce=1.668509 mean_cost=7.919533 vs_sbs=-0.4809% regret=0.6340% gap>0.1_top1=0.3866 gap>0.5_top1=0.4187
[train updates 0850] loss=0.59819 grad=0.3413 skipped_total=0 lr_base=3.08e-06 elapsed=379.9s
[train updates 0850] top1=0.4036 ce=1.505877 mean_cost=8.008158 vs_sbs=-0.4986% regret=0.6380% gap>0.1_top1=0.4288 gap>0.5_top1=0.4894
[val updates 0850] top1=0.3630 ce=1.669545 mean_cost=7.920032 vs_sbs=-0.4746% regret=0.6388% gap>0.1_top1=0.3853 gap>0.5_top1=0.4152
[train updates 0900] loss=0.59898 grad=0.3361 skipped_total=0 lr_base=2.49e-06 elapsed=402.2s
[train updates 0900] top1=0.4042 ce=1.505203 mean_cost=8.008055 vs_sbs=-0.4999% regret=0.6354% gap>0.1_top1=0.4291 gap>0.5_top1=0.4888
[val updates 0900] top1=0.3620 ce=1.668059 mean_cost=7.920361 vs_sbs=-0.4705% regret=0.6417% gap>0.1_top1=0.3866 gap>0.5_top1=0.4187
[train updates 0950] loss=0.59750 grad=0.3476 skipped_total=0 lr_base=2.12e-06 elapsed=424.4s
[train updates 0950] top1=0.4039 ce=1.505018 mean_cost=8.008222 vs_sbs=-0.4978% regret=0.6377% gap>0.1_top1=0.4288 gap>0.5_top1=0.4888
[val updates 0950] top1=0.3630 ce=1.668243 mean_cost=7.920408 vs_sbs=-0.4699% regret=0.6434% gap>0.1_top1=0.3853 gap>0.5_top1=0.4187
[train updates 1000] loss=0.59858 grad=0.3508 skipped_total=0 lr_base=2e-06 elapsed=446.7s
[train updates 1000] top1=0.4028 ce=1.504758 mean_cost=8.008370 vs_sbs=-0.4960% regret=0.6403% gap>0.1_top1=0.4278 gap>0.5_top1=0.4876
[val updates 1000] top1=0.3610 ce=1.667602 mean_cost=7.920361 vs_sbs=-0.4705% regret=0.6423% gap>0.1_top1=0.3840 gap>0.5_top1=0.4152
wandb:                                                                                
wandb: 
wandb: Run history:
wandb:            train/actual_regret_pct ▅▃▇▁▇█▇▇▂▇▄▃▆▃▆▆▄▅▄▅▆
wandb:                           train/ce ██▇▆▆▅▄▄▄▃▃▂▂▂▂▁▁▁▁▁▁
wandb: train/gap_gt_0_1_actual_regret_pct ▆▄█▁▆█▆▇▃▆▄▃▅▃▅▆▃▅▄▅▆
wandb:              train/gap_gt_0_1_top1 ▁▁▂▃▄▄▅▅▆▆▇▆██▇▇████▇
wandb: train/gap_gt_0_5_actual_regret_pct ▆▅▇▁▇▅█▅▃▃▃▃▂▂▃▃▂▂▂▂▃
wandb:              train/gap_gt_0_5_top1 ▁▁▂▄▃▄▃▅▄▆▅▅█▇▆▇████▇
wandb:                    train/mean_cost ▆▃█▁▇██▇▂▇▄▃▄▃▆▆▃▅▄▅▆
wandb:                         train/top1 ▁▁▃▃▄▄▅▅▆▆▇▆▇█▇▇████▇
wandb:                   train/vs_sbs_pct ▆▃█▁▇██▇▂▇▄▃▄▃▆▆▃▅▄▅▆
wandb:              val/actual_regret_pct ▂▃▄▁▃▅▆▄█▅▅▄▄▆▆▆▅▆▆▇▆
wandb:                             val/ce ▂▂▄▅▁▄▃▇▆▅▅▅▇▇█▇██▇▇▇
wandb:   val/gap_gt_0_1_actual_regret_pct ▂▃▄▁▃▅▆▅█▅▅▄▄▅▅▆▅▅▅▆▅
wandb:                val/gap_gt_0_1_top1 ▇▆▆▅▆▄▅█▁▇█▆▆▅▅▃▆▅▆▅▄
wandb:   val/gap_gt_0_5_actual_regret_pct ▁▂▅▃▃▆▅▅█▆▆▆▆▅▇█▇▇▇█▇
wandb:                val/gap_gt_0_5_top1 █▆▅▇▇▄▇▆▂▆▆▄▄▅▂▁▃▂▃▃▂
wandb:                      val/mean_cost ▂▃▃▁▃▄▆▄█▅▆▄▄▆▆▇▅▆▇▇▇
wandb:                           val/top1 ▅▅▄▅▅▅▄█▁▇▆▄▇▄▄▄▅▅▄▅▄
wandb:                     val/vs_sbs_pct ▂▃▃▁▃▄▆▄█▅▆▄▄▆▆▇▅▆▇▇▇
wandb: 
wandb: Run summary:
wandb:                     final_val_top1 0.361
wandb:            train/actual_regret_pct 0.64026
wandb:                           train/ce 1.50476
wandb: train/gap_gt_0_1_actual_regret_pct 0.71962
wandb:              train/gap_gt_0_1_top1 0.42782
wandb: train/gap_gt_0_5_actual_regret_pct 0.88197
wandb:              train/gap_gt_0_5_top1 0.48756
wandb:                    train/mean_cost 8.00837
wandb:                         train/top1 0.4028
wandb:                   train/vs_sbs_pct -0.49595
wandb:                            updates 1000
wandb:              val/actual_regret_pct 0.64226
wandb:                             val/ce 1.6676
wandb:   val/gap_gt_0_1_actual_regret_pct 0.74359
wandb:                val/gap_gt_0_1_top1 0.38401
wandb:   val/gap_gt_0_5_actual_regret_pct 0.98129
wandb:                val/gap_gt_0_5_top1 0.41522
wandb:                      val/mean_cost 7.92036
wandb:                           val/top1 0.361
wandb:                     val/vs_sbs_pct -0.4705
wandb: 
wandb: You can sync this run to the cloud by running:
wandb: wandb sync code/V4/runs/R37_tsp_local_geometry/redundant_seed3/wandb/offline-run-20260930_142251-2fu6bgon
wandb: Find logs at: code/V4/runs/R37_tsp_local_geometry/redundant_seed3/wandb/offline-run-20260930_142251-2fu6bgon/logs
[done] redundant_seed3 updates=1000 val_top1=0.3610
