wandb: Tracking run with wandb version 0.19.11
wandb: W&B syncing is set to `offline` in this directory. Run `wandb online` or set WANDB_MODE=online to enable cloud syncing.
[start] geometry_seed3 updates=1000 batch=640 optimizer=fresh base_lr=2e-5 geometry_lr=2e-4 model_hash=a514fd32be670c4c79f564887321f6ab3c8bfaaac37ba00460d30c6030af43d8
[train updates 0000] top1=0.3934 ce=1.533871 mean_cost=8.008346 vs_sbs=-0.4963% regret=0.6373% gap>0.1_top1=0.4190 gap>0.5_top1=0.4773
[val updates 0000] top1=0.3630 ce=1.657517 mean_cost=7.917969 vs_sbs=-0.5006% regret=0.6118% gap>0.1_top1=0.3893 gap>0.5_top1=0.4360
[train updates 0050] loss=0.61071 grad=0.2690 skipped_total=0 lr_base=2e-05 elapsed=23.0s
[train updates 0050] top1=0.3940 ce=1.529301 mean_cost=8.007469 vs_sbs=-0.5072% regret=0.6262% gap>0.1_top1=0.4202 gap>0.5_top1=0.4795
[val updates 0050] top1=0.3650 ce=1.653454 mean_cost=7.918011 vs_sbs=-0.5000% regret=0.6171% gap>0.1_top1=0.3893 gap>0.5_top1=0.4291
[train updates 0100] loss=0.60791 grad=0.3213 skipped_total=0 lr_base=1.99e-05 elapsed=45.3s
[train updates 0100] top1=0.3960 ce=1.523836 mean_cost=8.008244 vs_sbs=-0.4975% regret=0.6372% gap>0.1_top1=0.4212 gap>0.5_top1=0.4789
[val updates 0100] top1=0.3700 ce=1.657629 mean_cost=7.917293 vs_sbs=-0.5091% regret=0.6080% gap>0.1_top1=0.3945 gap>0.5_top1=0.4429
[train updates 0150] loss=0.60519 grad=0.3240 skipped_total=0 lr_base=1.95e-05 elapsed=67.5s
[train updates 0150] top1=0.3988 ce=1.519155 mean_cost=8.006588 vs_sbs=-0.5181% regret=0.6139% gap>0.1_top1=0.4245 gap>0.5_top1=0.4838
[val updates 0150] top1=0.3680 ce=1.656533 mean_cost=7.917794 vs_sbs=-0.5028% regret=0.6117% gap>0.1_top1=0.3919 gap>0.5_top1=0.4325
[train updates 0200] loss=0.60382 grad=0.3169 skipped_total=0 lr_base=1.89e-05 elapsed=89.8s
[train updates 0200] top1=0.4003 ce=1.513553 mean_cost=8.007706 vs_sbs=-0.5042% regret=0.6291% gap>0.1_top1=0.4274 gap>0.5_top1=0.4841
[val updates 0200] top1=0.3720 ce=1.648867 mean_cost=7.917246 vs_sbs=-0.5096% regret=0.6038% gap>0.1_top1=0.3945 gap>0.5_top1=0.4464
[train updates 0250] loss=0.60098 grad=0.3340 skipped_total=0 lr_base=1.81e-05 elapsed=112.1s
[train updates 0250] top1=0.4009 ce=1.511339 mean_cost=8.007129 vs_sbs=-0.5114% regret=0.6241% gap>0.1_top1=0.4267 gap>0.5_top1=0.4857
[val updates 0250] top1=0.3720 ce=1.653608 mean_cost=7.918825 vs_sbs=-0.4898% regret=0.6274% gap>0.1_top1=0.3893 gap>0.5_top1=0.4394
[train updates 0300] loss=0.60074 grad=0.3442 skipped_total=0 lr_base=1.71e-05 elapsed=134.4s
[train updates 0300] top1=0.4022 ce=1.505991 mean_cost=8.007315 vs_sbs=-0.5091% regret=0.6237% gap>0.1_top1=0.4281 gap>0.5_top1=0.4841
[val updates 0300] top1=0.3690 ce=1.655059 mean_cost=7.918114 vs_sbs=-0.4987% regret=0.6132% gap>0.1_top1=0.3919 gap>0.5_top1=0.4394
[train updates 0350] loss=0.59828 grad=0.3433 skipped_total=0 lr_base=1.59e-05 elapsed=156.7s
[train updates 0350] top1=0.4038 ce=1.503547 mean_cost=8.007092 vs_sbs=-0.5118% regret=0.6218% gap>0.1_top1=0.4299 gap>0.5_top1=0.4882
[val updates 0350] top1=0.3720 ce=1.662917 mean_cost=7.918004 vs_sbs=-0.5001% regret=0.6184% gap>0.1_top1=0.3893 gap>0.5_top1=0.4291
[train updates 0400] loss=0.59721 grad=0.3747 skipped_total=0 lr_base=1.46e-05 elapsed=179.0s
[train updates 0400] top1=0.4026 ce=1.499992 mean_cost=8.007061 vs_sbs=-0.5122% regret=0.6200% gap>0.1_top1=0.4279 gap>0.5_top1=0.4848
[val updates 0400] top1=0.3740 ce=1.660726 mean_cost=7.918951 vs_sbs=-0.4882% regret=0.6255% gap>0.1_top1=0.3919 gap>0.5_top1=0.4394
[train updates 0450] loss=0.59514 grad=0.3480 skipped_total=0 lr_base=1.32e-05 elapsed=201.2s
[train updates 0450] top1=0.4051 ce=1.495010 mean_cost=8.006912 vs_sbs=-0.5141% regret=0.6195% gap>0.1_top1=0.4304 gap>0.5_top1=0.4882
[val updates 0450] top1=0.3700 ce=1.654271 mean_cost=7.917693 vs_sbs=-0.5040% regret=0.6086% gap>0.1_top1=0.3893 gap>0.5_top1=0.4325
[train updates 0500] loss=0.59378 grad=0.3588 skipped_total=0 lr_base=1.17e-05 elapsed=223.5s
[train updates 0500] top1=0.4039 ce=1.494101 mean_cost=8.007110 vs_sbs=-0.5116% regret=0.6210% gap>0.1_top1=0.4295 gap>0.5_top1=0.4863
[val updates 0500] top1=0.3720 ce=1.660975 mean_cost=7.917932 vs_sbs=-0.5010% regret=0.6100% gap>0.1_top1=0.3906 gap>0.5_top1=0.4429
[train updates 0550] loss=0.59408 grad=0.3765 skipped_total=0 lr_base=1.03e-05 elapsed=245.8s
[train updates 0550] top1=0.4057 ce=1.490976 mean_cost=8.006563 vs_sbs=-0.5184% regret=0.6144% gap>0.1_top1=0.4308 gap>0.5_top1=0.4879
[val updates 0550] top1=0.3740 ce=1.657915 mean_cost=7.917119 vs_sbs=-0.5112% regret=0.5981% gap>0.1_top1=0.3919 gap>0.5_top1=0.4464
[train updates 0600] loss=0.59091 grad=0.3809 skipped_total=0 lr_base=8.79e-06 elapsed=268.1s
[train updates 0600] top1=0.4068 ce=1.488760 mean_cost=8.006854 vs_sbs=-0.5148% regret=0.6196% gap>0.1_top1=0.4314 gap>0.5_top1=0.4885
[val updates 0600] top1=0.3750 ce=1.662324 mean_cost=7.916317 vs_sbs=-0.5213% regret=0.5915% gap>0.1_top1=0.3958 gap>0.5_top1=0.4498
[train updates 0650] loss=0.59061 grad=0.3897 skipped_total=0 lr_base=7.38e-06 elapsed=290.3s
[train updates 0650] top1=0.4071 ce=1.487118 mean_cost=8.007075 vs_sbs=-0.5120% regret=0.6215% gap>0.1_top1=0.4325 gap>0.5_top1=0.4894
[val updates 0650] top1=0.3730 ce=1.664565 mean_cost=7.917906 vs_sbs=-0.5014% regret=0.6085% gap>0.1_top1=0.3906 gap>0.5_top1=0.4394
[train updates 0700] loss=0.59113 grad=0.3830 skipped_total=0 lr_base=6.08e-06 elapsed=312.6s
[train updates 0700] top1=0.4072 ce=1.486306 mean_cost=8.006486 vs_sbs=-0.5194% regret=0.6131% gap>0.1_top1=0.4334 gap>0.5_top1=0.4894
[val updates 0700] top1=0.3750 ce=1.667767 mean_cost=7.917130 vs_sbs=-0.5111% regret=0.5996% gap>0.1_top1=0.3932 gap>0.5_top1=0.4394
[train updates 0750] loss=0.58967 grad=0.3921 skipped_total=0 lr_base=4.9e-06 elapsed=334.9s
[train updates 0750] top1=0.4071 ce=1.484447 mean_cost=8.007077 vs_sbs=-0.5120% regret=0.6227% gap>0.1_top1=0.4321 gap>0.5_top1=0.4900
[val updates 0750] top1=0.3750 ce=1.666228 mean_cost=7.917787 vs_sbs=-0.5029% regret=0.6076% gap>0.1_top1=0.3919 gap>0.5_top1=0.4360
[train updates 0800] loss=0.58938 grad=0.3892 skipped_total=0 lr_base=3.9e-06 elapsed=357.2s
[train updates 0800] top1=0.4086 ce=1.483136 mean_cost=8.006689 vs_sbs=-0.5168% regret=0.6164% gap>0.1_top1=0.4338 gap>0.5_top1=0.4919
[val updates 0800] top1=0.3720 ce=1.666007 mean_cost=7.918376 vs_sbs=-0.4954% regret=0.6146% gap>0.1_top1=0.3893 gap>0.5_top1=0.4394
[train updates 0850] loss=0.58806 grad=0.3764 skipped_total=0 lr_base=3.08e-06 elapsed=379.4s
[train updates 0850] top1=0.4082 ce=1.482860 mean_cost=8.006727 vs_sbs=-0.5164% regret=0.6180% gap>0.1_top1=0.4338 gap>0.5_top1=0.4919
[val updates 0850] top1=0.3710 ce=1.668458 mean_cost=7.918088 vs_sbs=-0.4991% regret=0.6114% gap>0.1_top1=0.3866 gap>0.5_top1=0.4291
[train updates 0900] loss=0.58889 grad=0.3855 skipped_total=0 lr_base=2.49e-06 elapsed=401.7s
[train updates 0900] top1=0.4089 ce=1.482061 mean_cost=8.006979 vs_sbs=-0.5132% regret=0.6193% gap>0.1_top1=0.4343 gap>0.5_top1=0.4932
[val updates 0900] top1=0.3760 ce=1.667014 mean_cost=7.918636 vs_sbs=-0.4922% regret=0.6178% gap>0.1_top1=0.3932 gap>0.5_top1=0.4360
[train updates 0950] loss=0.58703 grad=0.3990 skipped_total=0 lr_base=2.12e-06 elapsed=424.0s
[train updates 0950] top1=0.4093 ce=1.481699 mean_cost=8.007091 vs_sbs=-0.5118% regret=0.6215% gap>0.1_top1=0.4345 gap>0.5_top1=0.4935
[val updates 0950] top1=0.3730 ce=1.667607 mean_cost=7.917694 vs_sbs=-0.5040% regret=0.6060% gap>0.1_top1=0.3893 gap>0.5_top1=0.4360
[train updates 1000] loss=0.58875 grad=0.4067 skipped_total=0 lr_base=2e-06 elapsed=446.2s
[train updates 1000] top1=0.4087 ce=1.481664 mean_cost=8.007329 vs_sbs=-0.5089% regret=0.6249% gap>0.1_top1=0.4335 gap>0.5_top1=0.4907
[val updates 1000] top1=0.3780 ce=1.667439 mean_cost=7.918731 vs_sbs=-0.4910% regret=0.6222% gap>0.1_top1=0.3958 gap>0.5_top1=0.4464
wandb:                                                                                
wandb: 
wandb: Run history:
wandb:            train/actual_regret_pct █▅█▁▆▄▄▄▃▃▃▁▃▃▁▄▂▂▃▃▄
wandb:                           train/ce █▇▇▆▅▅▄▄▃▃▃▂▂▂▂▁▁▁▁▁▁
wandb: train/gap_gt_0_1_actual_regret_pct █▆█▂▆▄▅▃▃▃▄▁▃▃▁▄▂▂▃▃▄
wandb:              train/gap_gt_0_1_top1 ▁▂▂▃▅▄▅▆▅▆▆▆▇▇▇▇█████
wandb: train/gap_gt_0_5_actual_regret_pct █▆▇▂▆▃▆▄▄▄▅▂▄▃▁▂▂▁▁▂▄
wandb:              train/gap_gt_0_5_top1 ▁▂▂▄▄▅▄▆▄▆▅▆▆▆▆▇▇▇██▇
wandb:                    train/mean_cost █▅█▁▆▃▄▃▃▃▃▁▂▃▁▃▂▂▃▃▄
wandb:                         train/top1 ▁▁▂▃▄▄▅▆▅▆▆▆▇▇▇▇█████
wandb:                   train/vs_sbs_pct █▅█▁▆▃▄▃▃▃▃▁▂▃▁▃▂▂▃▃▄
wandb:              val/actual_regret_pct ▅▆▄▅▃█▅▆█▄▅▂▁▄▃▄▅▅▆▄▇
wandb:                             val/ce ▄▃▄▄▁▃▃▆▅▃▅▄▆▇█▇▇█▇██
wandb:   val/gap_gt_0_1_actual_regret_pct ▇█▅▆▅█▇▇▇▄▇▄▁▅▃▅▆▅▇▄▇
wandb:                val/gap_gt_0_1_top1 ▃▃▇▅▇▃▅▃▅▃▄▅█▄▆▅▃▁▆▃█
wandb:   val/gap_gt_0_5_actual_regret_pct ▄▆▆█▆█▆█▇▅▆▅▁▄▂▃▆▄▇▄▆
wandb:                val/gap_gt_0_5_top1 ▃▁▆▂▇▅▅▁▅▂▆▇█▅▅▃▅▁▃▃▇
wandb:                      val/mean_cost ▅▆▄▅▃█▆▅█▅▅▃▁▅▃▅▆▆▇▅▇
wandb:                           val/top1 ▁▂▄▃▅▅▄▅▆▄▅▆▇▆▇▇▅▅▇▆█
wandb:                     val/vs_sbs_pct ▅▆▄▅▃█▆▅█▅▅▃▁▅▃▅▆▆▇▅▇
wandb: 
wandb: Run summary:
wandb:                     final_val_top1 0.378
wandb:            train/actual_regret_pct 0.62494
wandb:                           train/ce 1.48166
wandb: train/gap_gt_0_1_actual_regret_pct 0.70131
wandb:              train/gap_gt_0_1_top1 0.4335
wandb: train/gap_gt_0_5_actual_regret_pct 0.86827
wandb:              train/gap_gt_0_5_top1 0.49067
wandb:                    train/mean_cost 8.00733
wandb:                         train/top1 0.4087
wandb:                   train/vs_sbs_pct -0.50889
wandb:                            updates 1000
wandb:              val/actual_regret_pct 0.62216
wandb:                             val/ce 1.66744
wandb:   val/gap_gt_0_1_actual_regret_pct 0.72032
wandb:                val/gap_gt_0_1_top1 0.39581
wandb:   val/gap_gt_0_5_actual_regret_pct 0.94331
wandb:                val/gap_gt_0_5_top1 0.44637
wandb:                      val/mean_cost 7.91873
wandb:                           val/top1 0.378
wandb:                     val/vs_sbs_pct -0.49099
wandb: 
wandb: You can sync this run to the cloud by running:
wandb: wandb sync code/V4/runs/R37_tsp_local_geometry/geometry_seed3/wandb/offline-run-20260930_143021-t8tuzoz3
wandb: Find logs at: code/V4/runs/R37_tsp_local_geometry/geometry_seed3/wandb/offline-run-20260930_143021-t8tuzoz3/logs
[done] geometry_seed3 updates=1000 val_top1=0.3780
