[01:48:17] 实验开始，输出目录: /public/home/zhoucl/shiys/2cmab2/outputs/2026-04-02_neural_linucb_problem_heads_1k_seed0
[01:48:17] 开始构建共享数据集
[01:48:17] 扫描结果目录: /public/home/zhoucl/shiys/EasyNCO/results/test
[01:48:17] 已找到最新 runs 数量: 20
[01:48:17] 开始解析原始 .pt 数据集路径
[01:48:17] TSP 数据集: /public/home/zhoucl/shiys/EasyNCO/data/datasets/test_dataset_tsp_uniform/test_tsp100_nums10000_uniform.pt
[01:48:17] CVRP 数据集: /public/home/zhoucl/shiys/EasyNCO/data/datasets/test_dataset_vrp_uniform/test_vrp100_capacity50_nums10000_uniform.pt
[01:48:17] 开始加载原始实例张量
[01:48:18] 实例加载完成: tsp=10000, cvrp=10000
[01:48:18] 开始聚合问题 tsp，候选方法数=12
[01:48:18] tsp 可用实例数=1000
[01:48:21] 问题 tsp 聚合完成，当前累计样本数=1000
[01:48:21] 开始聚合问题 cvrp，候选方法数=8
[01:48:21] cvrp 可用实例数=1000
[01:48:24] 问题 cvrp 聚合完成，当前累计样本数=2000
[01:48:24] 全部样本构建完成，最终样本数=2000
[01:48:24] 数据集构建完成，样本总数=2000
[01:48:24] 开始做 train/val/test 分层切分
[01:48:24] 数据切分完成: train=1400, val=300, test=300
[01:48:24] 开始构造 selector: neural_linucb
[01:48:25] selector 构造完成: NeuralLinUCB
[01:48:25] 已开启 checkpoint 自动保存: 每 1 个 epoch 保存一次
[01:48:25] 已开启 checkpoint 自动保存: 每 200 个 step 保存一次
[01:48:25] 已开启周期性验证: 每 200 个 step 在 val 集评测一次
[01:48:25] 开始训练 epoch 1/1 [NeuralLinUCB]
[01:48:58] checkpoint 已保存: /public/home/zhoucl/shiys/2cmab2/outputs/2026-04-02_neural_linucb_problem_heads_1k_seed0/checkpoints/step_0000200.pt
[01:49:04] step=200 | periodic val_greedy | mean_reward=0.824610 | top1=0.266667 | mean_regret=0.052356 | mean_cost=11.721275 || val_ucb: mean_reward=0.830606 | top1=0.353333 | mean_regret=0.046502 | mean_cost=11.715421
[01:49:04] best checkpoint 已刷新: step=200 | metric=val_greedy.overall.mean_cost=11.721275 | path=/public/home/zhoucl/shiys/2cmab2/outputs/2026-04-02_neural_linucb_problem_heads_1k_seed0/checkpoints/best.pt
[01:49:42] checkpoint 已保存: /public/home/zhoucl/shiys/2cmab2/outputs/2026-04-02_neural_linucb_problem_heads_1k_seed0/checkpoints/step_0000400.pt
[01:49:50] step=400 | periodic val_greedy | mean_reward=0.836991 | top1=0.373333 | mean_regret=0.045489 | mean_cost=11.714409 || val_ucb: mean_reward=0.817835 | top1=0.266667 | mean_regret=0.050552 | mean_cost=11.719471
[01:49:50] best checkpoint 已刷新: step=400 | metric=val_greedy.overall.mean_cost=11.714409 | path=/public/home/zhoucl/shiys/2cmab2/outputs/2026-04-02_neural_linucb_problem_heads_1k_seed0/checkpoints/best.pt
[01:50:34] checkpoint 已保存: /public/home/zhoucl/shiys/2cmab2/outputs/2026-04-02_neural_linucb_problem_heads_1k_seed0/checkpoints/step_0000600.pt
[01:50:45] step=600 | periodic val_greedy | mean_reward=0.844870 | top1=0.333333 | mean_regret=0.044451 | mean_cost=11.713371 || val_ucb: mean_reward=0.783312 | top1=0.113333 | mean_regret=0.083298 | mean_cost=11.752217
[01:50:45] best checkpoint 已刷新: step=600 | metric=val_greedy.overall.mean_cost=11.713371 | path=/public/home/zhoucl/shiys/2cmab2/outputs/2026-04-02_neural_linucb_problem_heads_1k_seed0/checkpoints/best.pt
[01:51:56] checkpoint 已保存: /public/home/zhoucl/shiys/2cmab2/outputs/2026-04-02_neural_linucb_problem_heads_1k_seed0/checkpoints/step_0000800.pt
[01:51:59] step=800 | periodic val_greedy | mean_reward=0.844416 | top1=0.293333 | mean_regret=0.045397 | mean_cost=11.714316 || val_ucb: mean_reward=0.846667 | top1=0.256667 | mean_regret=0.048917 | mean_cost=11.717836
[01:53:33] checkpoint 已保存: /public/home/zhoucl/shiys/2cmab2/outputs/2026-04-02_neural_linucb_problem_heads_1k_seed0/checkpoints/step_0001000.pt
[01:53:39] step=1000 | periodic val_greedy | mean_reward=0.854567 | top1=0.356667 | mean_regret=0.044698 | mean_cost=11.713617 || val_ucb: mean_reward=0.851429 | top1=0.330000 | mean_regret=0.048842 | mean_cost=11.717761
[01:55:21] checkpoint 已保存: /public/home/zhoucl/shiys/2cmab2/outputs/2026-04-02_neural_linucb_problem_heads_1k_seed0/checkpoints/step_0001200.pt
[01:55:28] step=1200 | periodic val_greedy | mean_reward=0.854719 | top1=0.390000 | mean_regret=0.044817 | mean_cost=11.713736 || val_ucb: mean_reward=0.846667 | top1=0.330000 | mean_regret=0.050884 | mean_cost=11.719803
[01:57:47] checkpoint 已保存: /public/home/zhoucl/shiys/2cmab2/outputs/2026-04-02_neural_linucb_problem_heads_1k_seed0/checkpoints/step_0001400.pt
[01:57:51] step=1400 | periodic val_greedy | mean_reward=0.855022 | top1=0.390000 | mean_regret=0.044699 | mean_cost=11.713618 || val_ucb: mean_reward=0.849524 | top1=0.376667 | mean_regret=0.049883 | mean_cost=11.718802
[01:57:51] 完成训练 epoch 1/1 [NeuralLinUCB]
[01:57:51] checkpoint 已保存: /public/home/zhoucl/shiys/2cmab2/outputs/2026-04-02_neural_linucb_problem_heads_1k_seed0/checkpoints/epoch_0001.pt
[01:57:55] 最终评测前已恢复 best checkpoint: step=600 | metric=val_greedy.overall.mean_cost=11.713371 | path=/public/home/zhoucl/shiys/2cmab2/outputs/2026-04-02_neural_linucb_problem_heads_1k_seed0/checkpoints/best.pt
[01:57:55] 开始 selector 验证/测试评测
[01:57:55] 在 val 集上评测 (300 实例, mode=greedy)...
[01:58:03]     已评测 300/300...
[01:58:03] val 评测完成 | mode=greedy | mean_reward=0.844870 | top1_accuracy=0.333333 | mean_regret=0.044451 | mean_cost=11.713371
[01:58:03] 在 test 集上评测 (300 实例, mode=greedy)...
[01:58:11]     已评测 300/300...
[01:58:11] test 评测完成 | mode=greedy | mean_reward=0.830368 | top1_accuracy=0.316667 | mean_regret=0.053214 | mean_cost=11.759448
[01:58:11] 在 val 集上评测 (300 实例, mode=ucb)...
[01:58:18]     已评测 300/300...
[01:58:18] val 评测完成 | mode=ucb | mean_reward=0.783312 | top1_accuracy=0.113333 | mean_regret=0.083298 | mean_cost=11.752217
[01:58:18] 在 test 集上评测 (300 实例, mode=ucb)...
[01:58:22]     已评测 300/300...
[01:58:22] test 评测完成 | mode=ucb | mean_reward=0.776255 | top1_accuracy=0.130000 | mean_regret=0.084699 | mean_cost=11.790933
[01:58:22] selector 验证/测试评测完成
[01:58:22] 开始计算 baseline 对比
[01:58:22] baseline 对比完成
[01:58:22] 
======================================================================
  评测结果 | NeuralLinUCB | mode=greedy
======================================================================

  ALL (300 实例):
    mean_reward:    0.8304
    mean_rank:      2.52
    top1_hit_rate:    0.2800  (84/300)
    top2_hit_rate:    0.5267  (158/300)
    top3_hit_rate:    0.7400  (222/300)
    regret:         0.0532
    mean_cost:      11.7594  (模型选择)
    oracle_cost:    11.7062  (每个实例选最好的)

  TSP (150 实例):
    mean_reward:    0.8312
    mean_rank:      2.86
    top1_hit_rate:    0.1867  (28/150)
    top2_hit_rate:    0.4333  (65/150)
    top3_hit_rate:    0.6600  (99/150)
    regret:         0.0135
    mean_cost:      7.7564  (模型选择)
    oracle_cost:    7.7429  (每个实例选最好的)

  CVRP (150 实例):
    mean_reward:    0.8295
    mean_rank:      2.19
    top1_hit_rate:    0.3733  (56/150)
    top2_hit_rate:    0.6200  (93/150)
    top3_hit_rate:    0.8200  (123/150)
    regret:         0.0929
    mean_cost:      15.7625  (模型选择)
    oracle_cost:    15.6696  (每个实例选最好的)

======================================================================
  Baseline 对比 (在同一 test 集上)
======================================================================

  TSP (150 实例):
    oracle mean_cost:                7.7429  (每实例选最好的, 上界)
    模型选择 mean_cost:              7.7564
    single_best_per_problem:         7.7526
    single_best_global:              7.7543
    random mean_cost:                11.5910  (均匀随机的期望)

  CVRP (150 实例):
    oracle mean_cost:                15.6696  (每实例选最好的, 上界)
    模型选择 mean_cost:              15.7625
    single_best_per_problem:         15.7625
    single_best_global:              15.7625
    random mean_cost:                18.1112  (均匀随机的期望)

======================================================================
  各臂选择分布
======================================================================

  TSP (150 实例):
     0(lehd            ):    81 次 ( 54.0%)
     8(pointerformer   ):    69 次 ( 46.0%)

  CVRP (150 实例):
     0(lehd            ):   150 次 (100.0%)

  ALL (300 实例):
     0(lehd            ):   231 次 ( 77.0%)
     8(pointerformer   ):    69 次 ( 23.0%)

======================================================================
  各臂被选后的真实效果
======================================================================

  TSP:
    arm                   count  mean_cost  mean_reward  top1_rate  mean_rank
    ────────────────────────────────────────────────────────────────────
     0(lehd            )       81     7.7394       0.8322     0.2469       2.85
     8(pointerformer   )       69     7.7763       0.8300     0.1159       2.87

  CVRP:
    arm                   count  mean_cost  mean_reward  top1_rate  mean_rank
    ────────────────────────────────────────────────────────────────────
     0(lehd            )      150    15.7625       0.8295     0.3733       2.19

======================================================================
  Oracle 最优臂分布 (test 集上哪个方法最常是最优的)
======================================================================

  TSP (150 实例):
     0(lehd            ):    55 次 ( 36.7%)
     3(icam            ):    46 次 ( 30.7%)
     1(elg             ):    21 次 ( 14.0%)
     8(pointerformer   ):    19 次 ( 12.7%)
     9(difusco         ):     9 次 (  6.0%)

  CVRP (150 实例):
     0(lehd            ):    56 次 ( 37.3%)
     1(elg             ):    50 次 ( 33.3%)
     3(icam            ):    38 次 ( 25.3%)
     7(omni            ):     6 次 (  4.0%)

[01:58:22] 
======================================================================
  评测结果 | NeuralLinUCB | mode=ucb
======================================================================

  ALL (300 实例):
    mean_reward:    0.7763
    mean_rank:      2.88
    top1_hit_rate:    0.1267  (38/300)
    top2_hit_rate:    0.3833  (115/300)
    top3_hit_rate:    0.6333  (190/300)
    regret:         0.0847
    mean_cost:      11.7909  (模型选择)
    oracle_cost:    11.7062  (每个实例选最好的)

  TSP (150 实例):
    mean_reward:    0.8439
    mean_rank:      2.72
    top1_hit_rate:    0.1200  (18/150)
    top2_hit_rate:    0.4467  (67/150)
    top3_hit_rate:    0.7467  (112/150)
    regret:         0.0114
    mean_cost:      7.7543  (模型选择)
    oracle_cost:    7.7429  (每个实例选最好的)

  CVRP (150 实例):
    mean_reward:    0.7086
    mean_rank:      3.04
    top1_hit_rate:    0.1333  (20/150)
    top2_hit_rate:    0.3200  (48/150)
    top3_hit_rate:    0.5200  (78/150)
    regret:         0.1580
    mean_cost:      15.8276  (模型选择)
    oracle_cost:    15.6696  (每个实例选最好的)

======================================================================
  Baseline 对比 (在同一 test 集上)
======================================================================

  TSP (150 实例):
    oracle mean_cost:                7.7429  (每实例选最好的, 上界)
    模型选择 mean_cost:              7.7543
    single_best_per_problem:         7.7526
    single_best_global:              7.7543
    random mean_cost:                11.5910  (均匀随机的期望)

  CVRP (150 实例):
    oracle mean_cost:                15.6696  (每实例选最好的, 上界)
    模型选择 mean_cost:              15.8276
    single_best_per_problem:         15.7625
    single_best_global:              15.7625
    random mean_cost:                18.1112  (均匀随机的期望)

======================================================================
  各臂选择分布
======================================================================

  TSP (150 实例):
     8(pointerformer   ):   150 次 (100.0%)

  CVRP (150 实例):
     0(lehd            ):    18 次 ( 12.0%)
     1(elg             ):    37 次 ( 24.7%)
     7(omni            ):    95 次 ( 63.3%)

  ALL (300 实例):
     0(lehd            ):    18 次 (  6.0%)
     1(elg             ):    37 次 ( 12.3%)
     7(omni            ):    95 次 ( 31.7%)
     8(pointerformer   ):   150 次 ( 50.0%)

======================================================================
  各臂被选后的真实效果
======================================================================

  TSP:
    arm                   count  mean_cost  mean_reward  top1_rate  mean_rank
    ────────────────────────────────────────────────────────────────────
     8(pointerformer   )      150     7.7543       0.8439     0.1200       2.72

  CVRP:
    arm                   count  mean_cost  mean_reward  top1_rate  mean_rank
    ────────────────────────────────────────────────────────────────────
     0(lehd            )       18    15.7830       0.8492     0.3889       2.06
     1(elg             )       37    15.8493       0.8224     0.2703       2.24
     7(omni            )       95    15.8276       0.6376     0.0316       3.54

======================================================================
  Oracle 最优臂分布 (test 集上哪个方法最常是最优的)
======================================================================

  TSP (150 实例):
     0(lehd            ):    55 次 ( 36.7%)
     3(icam            ):    46 次 ( 30.7%)
     1(elg             ):    21 次 ( 14.0%)
     8(pointerformer   ):    19 次 ( 12.7%)
     9(difusco         ):     9 次 (  6.0%)

  CVRP (150 实例):
     0(lehd            ):    56 次 ( 37.3%)
     1(elg             ):    50 次 ( 33.3%)
     3(icam            ):    38 次 ( 25.3%)
     7(omni            ):     6 次 (  4.0%)

[01:58:22] 开始写出结果文件到: /public/home/zhoucl/shiys/2cmab2/outputs/2026-04-02_neural_linucb_problem_heads_1k_seed0
[01:58:22] 结果文件写出完成
{
  "count": 300,
  "mean_reward": 0.8303679653679653,
  "top1_accuracy": 0.31666666666666665,
  "mean_regret": 0.05321375528971354,
  "mean_cost": 11.759447846412659
}

结果已保存到: /public/home/zhoucl/shiys/2cmab2/outputs/2026-04-02_neural_linucb_problem_heads_1k_seed0/summary.json
