[R57 routes] OVRP/train: 20000 independent checks
[R57 routes] OVRP/val: 128 independent checks
[R57 routes] VRPB/train: 20000 independent checks
[R57 routes] VRPB/val: 128 independent checks
[R57 routes] VRPL/train: 20000 independent checks
[R57 routes] VRPL/val: 128 independent checks
[R57 routes] VRPTW/train: 20000 independent checks
[R57 routes] VRPTW/val: 128 independent checks
[R57 routes] OVRPTW/train: 20000 independent checks
[R57 routes] OVRPTW/val: 128 independent checks
[R57 routes] OVRPB/train: 20000 independent checks
[R57 routes] OVRPB/val: 128 independent checks
[R57 routes] OVRPL/train: 20000 independent checks
[R57 routes] OVRPL/val: 128 independent checks
[R57 routes] VRPBL/train: 20000 independent checks
[R57 routes] VRPBL/val: 128 independent checks
[R57 routes] VRPBTW/train: 20000 independent checks
[R57 routes] VRPBTW/val: 128 independent checks
[R57 routes] VRPLTW/train: 20000 independent checks
[R57 routes] VRPLTW/val: 128 independent checks
[R57 routes] OVRPBL/train: 20000 independent checks
[R57 routes] OVRPBL/val: 128 independent checks
[R57 routes] OVRPBTW/train: 20000 independent checks
[R57 routes] OVRPBTW/val: 128 independent checks
[R57 routes] OVRPLTW/train: 20000 independent checks
[R57 routes] OVRPLTW/val: 128 independent checks
[R57 routes] VRPBLTW/train: 20000 independent checks
[R57 routes] VRPBLTW/val: 128 independent checks
[R57 routes] OVRPBLTW/train: 20000 independent checks
[R57 routes] OVRPBLTW/val: 128 independent checks
