[R57 selector] TSP/train
[R57 selector] TSP/val
[R57 selector] CVRP/train
[R57 selector] CVRP/val
[R57 selector] ATSP/train
[R57 selector] ATSP/val
[R57 selector] OVRP/train
[R57 selector] OVRP/val
[R57 selector] VRPB/train
[R57 selector] VRPB/val
[R57 selector] VRPL/train
[R57 selector] VRPL/val
[R57 selector] VRPTW/train
[R57 selector] VRPTW/val
[R57 selector] OVRPTW/train
[R57 selector] OVRPTW/val
[R57 selector] OVRPB/train
[R57 selector] OVRPB/val
[R57 selector] OVRPL/train
[R57 selector] OVRPL/val
[R57 selector] VRPBL/train
[R57 selector] VRPBL/val
[R57 selector] VRPBTW/train
[R57 selector] VRPBTW/val
[R57 selector] VRPLTW/train
[R57 selector] VRPLTW/val
[R57 selector] OVRPBL/train
[R57 selector] OVRPBL/val
[R57 selector] OVRPBTW/train
[R57 selector] OVRPBTW/val
[R57 selector] OVRPLTW/train
[R57 selector] OVRPLTW/val
[R57 selector] VRPBLTW/train
[R57 selector] VRPBLTW/val
[R57 selector] OVRPBLTW/train
[R57 selector] OVRPBLTW/val
