R48 GPU: NVIDIA GeForce RTX 3090
test_binary_metrics_exclude_ties (code.V4.test_r48.CoreTests) ... ok
test_capacity_time_and_coverage (code.V4.test_r48.CoreTests) ... ok
test_fp64_comparison_and_exact_ties (code.V4.test_r48.CoreTests) ... ok
test_node_permutation_synchronizes_attributes (code.V4.test_r48.CoreTests) ... ok
test_open_distance_and_route_reset (code.V4.test_r48.CoreTests) ... ok
test_tree_inputs_permutation_invariant (code.V4.test_r48.CoreTests) ... ok

----------------------------------------------------------------------
Ran 6 tests in 0.007s

OK
[R48 launch] /public/home/shiys/miniconda3/envs/easynco/bin/python -u -m code.V4.r48_solver_audit --stage worker --root code/V4/runs/R48_core_diagnosis --split train --solver RELD_MOEL --variant original_0 --precheck
Traceback (most recent call last):
  File "/public/home/shiys/miniconda3/envs/easynco/lib/python3.9/runpy.py", line 197, in _run_module_as_main
    return _run_code(code, main_globals, None,
  File "/public/home/shiys/miniconda3/envs/easynco/lib/python3.9/runpy.py", line 87, in _run_code
    exec(code, run_globals)
  File "/public/home/shiys/0selection2/code/V4/r48_solver_audit.py", line 189, in <module>
    main()
  File "/public/home/shiys/0selection2/code/V4/r48_solver_audit.py", line 185, in main
    worker(args) if args.stage == 'worker' else collect(args.root) if args.stage == 'collect' else execute(args.root)
  File "/public/home/shiys/0selection2/code/V4/r48_solver_audit.py", line 136, in execute
    subprocess.run(command, stdout=stream, stderr=subprocess.STDOUT, check=True)
  File "/public/home/shiys/miniconda3/envs/easynco/lib/python3.9/subprocess.py", line 528, in run
    raise CalledProcessError(retcode, process.args,
subprocess.CalledProcessError: Command '['/public/home/shiys/miniconda3/envs/easynco/bin/python', '-u', '-m', 'code.V4.r48_solver_audit', '--stage', 'worker', '--root', 'code/V4/runs/R48_core_diagnosis', '--split', 'train', '--solver', 'RELD_MOEL', '--variant', 'original_0', '--precheck']' returned non-zero exit status 1.
R48 GPU: NVIDIA GeForce RTX 3090
test_binary_metrics_exclude_ties (code.V4.test_r48.CoreTests) ... ok
test_capacity_time_and_coverage (code.V4.test_r48.CoreTests) ... ok
test_clean_neural_label_isolation_and_gradient (code.V4.test_r48.CoreTests) ... ok
test_fp64_comparison_and_exact_ties (code.V4.test_r48.CoreTests) ... ok
test_node_permutation_synchronizes_attributes (code.V4.test_r48.CoreTests) ... ok
test_open_distance_and_route_reset (code.V4.test_r48.CoreTests) ... ok
test_tree_inputs_permutation_invariant (code.V4.test_r48.CoreTests) ... ok

----------------------------------------------------------------------
Ran 7 tests in 0.181s

OK
[R48 launch] /public/home/shiys/miniconda3/envs/easynco/bin/python -u -m code.V4.r48_solver_audit --stage worker --root code/V4/runs/R48_core_diagnosis --split train --solver RELD_MOEL --variant original_0 --precheck
[R48 launch] /public/home/shiys/miniconda3/envs/easynco/bin/python -u -m code.V4.r48_solver_audit --stage worker --root code/V4/runs/R48_core_diagnosis --split train --solver RELD_MTL --variant original_0 --precheck
[R48 launch] /public/home/shiys/miniconda3/envs/easynco/bin/python -u -m code.V4.r48_solver_audit --stage worker --root code/V4/runs/R48_core_diagnosis --split train --solver RELD_MOEL --variant original_0
[R48 launch] /public/home/shiys/miniconda3/envs/easynco/bin/python -u -m code.V4.r48_solver_audit --stage worker --root code/V4/runs/R48_core_diagnosis --split train --solver RELD_MTL --variant original_0
[R48 launch] /public/home/shiys/miniconda3/envs/easynco/bin/python -u -m code.V4.r48_solver_audit --stage worker --root code/V4/runs/R48_core_diagnosis --split train --solver RELD_MOEL --variant original_1
[R48 launch] /public/home/shiys/miniconda3/envs/easynco/bin/python -u -m code.V4.r48_solver_audit --stage worker --root code/V4/runs/R48_core_diagnosis --split train --solver RELD_MTL --variant original_1
[R48 launch] /public/home/shiys/miniconda3/envs/easynco/bin/python -u -m code.V4.r48_solver_audit --stage worker --root code/V4/runs/R48_core_diagnosis --split train --solver RELD_MOEL --variant permutation_0
[R48 launch] /public/home/shiys/miniconda3/envs/easynco/bin/python -u -m code.V4.r48_solver_audit --stage worker --root code/V4/runs/R48_core_diagnosis --split train --solver RELD_MTL --variant permutation_0
[R48 launch] /public/home/shiys/miniconda3/envs/easynco/bin/python -u -m code.V4.r48_solver_audit --stage worker --root code/V4/runs/R48_core_diagnosis --split train --solver RELD_MOEL --variant permutation_1
[R48 launch] /public/home/shiys/miniconda3/envs/easynco/bin/python -u -m code.V4.r48_solver_audit --stage worker --root code/V4/runs/R48_core_diagnosis --split train --solver RELD_MTL --variant permutation_1
[R48 launch] /public/home/shiys/miniconda3/envs/easynco/bin/python -u -m code.V4.r48_solver_audit --stage worker --root code/V4/runs/R48_core_diagnosis --split train --solver RELD_MOEL --variant permutation_2
[R48 launch] /public/home/shiys/miniconda3/envs/easynco/bin/python -u -m code.V4.r48_solver_audit --stage worker --root code/V4/runs/R48_core_diagnosis --split train --solver RELD_MTL --variant permutation_2
[R48 launch] /public/home/shiys/miniconda3/envs/easynco/bin/python -u -m code.V4.r48_solver_audit --stage worker --root code/V4/runs/R48_core_diagnosis --split train --solver RELD_MOEL --variant permutation_3
[R48 launch] /public/home/shiys/miniconda3/envs/easynco/bin/python -u -m code.V4.r48_solver_audit --stage worker --root code/V4/runs/R48_core_diagnosis --split train --solver RELD_MTL --variant permutation_3
[R48 launch] /public/home/shiys/miniconda3/envs/easynco/bin/python -u -m code.V4.r48_solver_audit --stage worker --root code/V4/runs/R48_core_diagnosis --split val --solver RELD_MOEL --variant original_0
[R48 launch] /public/home/shiys/miniconda3/envs/easynco/bin/python -u -m code.V4.r48_solver_audit --stage worker --root code/V4/runs/R48_core_diagnosis --split val --solver RELD_MTL --variant original_0
[R48 launch] /public/home/shiys/miniconda3/envs/easynco/bin/python -u -m code.V4.r48_solver_audit --stage worker --root code/V4/runs/R48_core_diagnosis --split val --solver RELD_MOEL --variant original_1
[R48 launch] /public/home/shiys/miniconda3/envs/easynco/bin/python -u -m code.V4.r48_solver_audit --stage worker --root code/V4/runs/R48_core_diagnosis --split val --solver RELD_MTL --variant original_1
[R48 launch] /public/home/shiys/miniconda3/envs/easynco/bin/python -u -m code.V4.r48_solver_audit --stage worker --root code/V4/runs/R48_core_diagnosis --split val --solver RELD_MOEL --variant permutation_0
[R48 launch] /public/home/shiys/miniconda3/envs/easynco/bin/python -u -m code.V4.r48_solver_audit --stage worker --root code/V4/runs/R48_core_diagnosis --split val --solver RELD_MTL --variant permutation_0
[R48 launch] /public/home/shiys/miniconda3/envs/easynco/bin/python -u -m code.V4.r48_solver_audit --stage worker --root code/V4/runs/R48_core_diagnosis --split val --solver RELD_MOEL --variant permutation_1
[R48 launch] /public/home/shiys/miniconda3/envs/easynco/bin/python -u -m code.V4.r48_solver_audit --stage worker --root code/V4/runs/R48_core_diagnosis --split val --solver RELD_MTL --variant permutation_1
[R48 launch] /public/home/shiys/miniconda3/envs/easynco/bin/python -u -m code.V4.r48_solver_audit --stage worker --root code/V4/runs/R48_core_diagnosis --split val --solver RELD_MOEL --variant permutation_2
[R48 launch] /public/home/shiys/miniconda3/envs/easynco/bin/python -u -m code.V4.r48_solver_audit --stage worker --root code/V4/runs/R48_core_diagnosis --split val --solver RELD_MTL --variant permutation_2
[R48 launch] /public/home/shiys/miniconda3/envs/easynco/bin/python -u -m code.V4.r48_solver_audit --stage worker --root code/V4/runs/R48_core_diagnosis --split val --solver RELD_MOEL --variant permutation_3
[R48 launch] /public/home/shiys/miniconda3/envs/easynco/bin/python -u -m code.V4.r48_solver_audit --stage worker --root code/V4/runs/R48_core_diagnosis --split val --solver RELD_MTL --variant permutation_3
[R48 audit] {"rows": 1536, "expected_rows": 1536, "all_routes_captured": true, "independent_processes": 24, "distinct_pids": 24, "anomaly_count": 0, "complete": true, "train_allowed": true, "max_abs_recomputed_error": 1.0660656251104683e-06, "max_abs_historical_error": 4.9610093810770195e-11}
[R48] Stage audit finished 2026-10-09T23:22:40+08:00
R48 GPU: NVIDIA GeForce RTX 3090
test_binary_metrics_exclude_ties (code.V4.test_r48.CoreTests) ... ok
test_capacity_time_and_coverage (code.V4.test_r48.CoreTests) ... ok
test_clean_neural_label_isolation_and_gradient (code.V4.test_r48.CoreTests) ... ok
test_fp64_comparison_and_exact_ties (code.V4.test_r48.CoreTests) ... ok
test_node_permutation_synchronizes_attributes (code.V4.test_r48.CoreTests) ... ok
test_open_distance_and_route_reset (code.V4.test_r48.CoreTests) ... ok
test_tree_inputs_permutation_invariant (code.V4.test_r48.CoreTests) ... ok

----------------------------------------------------------------------
Ran 7 tests in 0.188s

OK
[cache] OVRPTW/train: 10000 instances, 33.9 MiB on cuda:0
[cache] OVRPTW/val: 1000 instances, 3.4 MiB on cuda:0
Traceback (most recent call last):
  File "/public/home/shiys/miniconda3/envs/easynco/lib/python3.9/runpy.py", line 197, in _run_module_as_main
    return _run_code(code, main_globals, None,
  File "/public/home/shiys/miniconda3/envs/easynco/lib/python3.9/runpy.py", line 87, in _run_code
    exec(code, run_globals)
  File "/public/home/shiys/0selection2/code/V4/r48_binary.py", line 400, in <module>
    main()
  File "/public/home/shiys/0selection2/code/V4/r48_binary.py", line 367, in main
    config=write_config(args.root,data,stats)
  File "/public/home/shiys/0selection2/code/V4/r48_binary.py", line 149, in write_config
    values=np.loadtxt(record['path'],dtype=np.float64)
  File "/public/home/shiys/miniconda3/envs/easynco/lib/python3.9/site-packages/numpy/lib/npyio.py", line 1356, in loadtxt
    arr = _read(fname, dtype=dtype, comment=comment, delimiter=delimiter,
  File "/public/home/shiys/miniconda3/envs/easynco/lib/python3.9/site-packages/numpy/lib/npyio.py", line 999, in _read
    arr = _load_from_filelike(
ValueError: could not convert string '0,10.0953922272' to float64 at row 0, column 1.
R48 GPU: NVIDIA GeForce RTX 3090
test_binary_metrics_exclude_ties (code.V4.test_r48.CoreTests) ... ok
test_capacity_time_and_coverage (code.V4.test_r48.CoreTests) ... ok
test_clean_neural_label_isolation_and_gradient (code.V4.test_r48.CoreTests) ... ok
test_fp64_comparison_and_exact_ties (code.V4.test_r48.CoreTests) ... ok
test_node_permutation_synchronizes_attributes (code.V4.test_r48.CoreTests) ... ok
test_open_distance_and_route_reset (code.V4.test_r48.CoreTests) ... ok
test_original_csv_index_order (code.V4.test_r48.CoreTests) ... ok
test_tree_inputs_permutation_invariant (code.V4.test_r48.CoreTests) ... ok

----------------------------------------------------------------------
Ran 8 tests in 0.187s

OK
[cache] OVRPTW/train: 10000 instances, 33.9 MiB on cuda:0
[cache] OVRPTW/val: 1000 instances, 3.4 MiB on cuda:0
Traceback (most recent call last):
  File "/public/home/shiys/miniconda3/envs/easynco/lib/python3.9/runpy.py", line 197, in _run_module_as_main
    return _run_code(code, main_globals, None,
  File "/public/home/shiys/miniconda3/envs/easynco/lib/python3.9/runpy.py", line 87, in _run_code
    exec(code, run_globals)
  File "/public/home/shiys/0selection2/code/V4/r48_binary.py", line 401, in <module>
    main()
  File "/public/home/shiys/0selection2/code/V4/r48_binary.py", line 370, in main
    frozen=frozen_reference(args.root,data,loaders,args.device)
  File "/public/home/shiys/miniconda3/envs/easynco/lib/python3.9/site-packages/torch/utils/_contextlib.py", line 116, in decorate_context
    return func(*args, **kwargs)
  File "/public/home/shiys/0selection2/code/V4/r48_binary.py", line 167, in frozen_reference
    raise ValueError('Frozen R47 reference summaries do not reproduce its selected checkpoint')
ValueError: Frozen R47 reference summaries do not reproduce its selected checkpoint
R48 GPU: NVIDIA GeForce RTX 3090
test_binary_metrics_exclude_ties (code.V4.test_r48.CoreTests) ... ok
test_capacity_time_and_coverage (code.V4.test_r48.CoreTests) ... ok
test_clean_neural_label_isolation_and_gradient (code.V4.test_r48.CoreTests) ... ok
test_fp64_comparison_and_exact_ties (code.V4.test_r48.CoreTests) ... ok
test_node_permutation_synchronizes_attributes (code.V4.test_r48.CoreTests) ... ok
test_open_distance_and_route_reset (code.V4.test_r48.CoreTests) ... ok
test_original_csv_index_order (code.V4.test_r48.CoreTests) ... ok
test_tree_inputs_permutation_invariant (code.V4.test_r48.CoreTests) ... ok

----------------------------------------------------------------------
Ran 8 tests in 0.187s

OK
[cache] OVRPTW/train: 10000 instances, 33.9 MiB on cuda:0
[cache] OVRPTW/val: 1000 instances, 3.4 MiB on cuda:0
wandb: Tracking run with wandb version 0.19.11
wandb: W&B syncing is set to `offline` in this directory. Run `wandb online` or set WANDB_MODE=online to enable cloud syncing.
[R48 neural] epoch=0 train acc=0.49195 CE=0.70683; val acc=0.49100 CE=0.70654 regret=1.07334% best=True bad=0 seconds=0.5
[R48 neural] epoch=1 train acc=0.51875 CE=0.69204; val acc=0.51300 CE=0.69288 regret=0.91998% best=True bad=0 seconds=2.1
[R48 neural] epoch=2 train acc=0.52405 CE=0.68781; val acc=0.53100 CE=0.68919 regret=0.77354% best=True bad=0 seconds=1.8
[R48 neural] epoch=3 train acc=0.54075 CE=0.68590; val acc=0.54400 CE=0.68843 regret=0.78746% best=True bad=0 seconds=1.8
[R48 neural] epoch=4 train acc=0.52285 CE=0.68826; val acc=0.53200 CE=0.69160 regret=0.78183% best=False bad=1 seconds=1.8
[R48 neural] epoch=5 train acc=0.54445 CE=0.68488; val acc=0.52500 CE=0.68806 regret=0.83849% best=True bad=0 seconds=1.8
[R48 neural] epoch=6 train acc=0.54345 CE=0.68408; val acc=0.53800 CE=0.68740 regret=0.78728% best=True bad=0 seconds=1.9
[R48 neural] epoch=7 train acc=0.54555 CE=0.68342; val acc=0.52300 CE=0.68847 regret=0.86112% best=False bad=1 seconds=1.9
[R48 neural] epoch=8 train acc=0.54335 CE=0.68315; val acc=0.52400 CE=0.68799 regret=0.85549% best=False bad=2 seconds=1.8
[R48 neural] epoch=9 train acc=0.54955 CE=0.68194; val acc=0.53100 CE=0.68694 regret=0.81576% best=True bad=0 seconds=1.8
[R48 neural] epoch=10 train acc=0.55006 CE=0.68047; val acc=0.52000 CE=0.68915 regret=0.83431% best=False bad=1 seconds=1.9
[R48 neural] epoch=11 train acc=0.55216 CE=0.67928; val acc=0.52800 CE=0.68707 regret=0.84972% best=False bad=2 seconds=1.8
[R48 neural] epoch=12 train acc=0.55326 CE=0.67886; val acc=0.52800 CE=0.68894 regret=0.80287% best=False bad=3 seconds=1.9
[R48 neural] epoch=13 train acc=0.55466 CE=0.67724; val acc=0.53300 CE=0.68747 regret=0.80322% best=False bad=4 seconds=1.9
[R48 neural] epoch=14 train acc=0.55596 CE=0.67776; val acc=0.54600 CE=0.68688 regret=0.76857% best=True bad=0 seconds=1.9
[R48 neural] epoch=15 train acc=0.55576 CE=0.67690; val acc=0.54100 CE=0.68692 regret=0.77552% best=False bad=1 seconds=1.9
[R48 neural] epoch=16 train acc=0.54575 CE=0.67806; val acc=0.52400 CE=0.68968 regret=0.81289% best=False bad=2 seconds=1.9
[R48 neural] epoch=17 train acc=0.54605 CE=0.68318; val acc=0.51700 CE=0.69596 regret=0.88903% best=False bad=3 seconds=1.9
[R48 neural] epoch=18 train acc=0.56496 CE=0.67257; val acc=0.53500 CE=0.68649 regret=0.80139% best=True bad=0 seconds=1.9
[R48 neural] epoch=19 train acc=0.57216 CE=0.67222; val acc=0.53200 CE=0.69170 regret=0.83580% best=False bad=1 seconds=1.9
[R48 neural] epoch=20 train acc=0.57516 CE=0.67261; val acc=0.53300 CE=0.68703 regret=0.78693% best=False bad=2 seconds=1.9
[R48 neural] epoch=21 train acc=0.55686 CE=0.67438; val acc=0.52500 CE=0.69153 regret=0.85131% best=False bad=3 seconds=1.9
[R48 neural] epoch=22 train acc=0.57146 CE=0.67013; val acc=0.53700 CE=0.68940 regret=0.80965% best=False bad=4 seconds=1.9
[R48 neural] epoch=23 train acc=0.57466 CE=0.66773; val acc=0.54400 CE=0.69200 regret=0.77904% best=False bad=5 seconds=1.9
[R48 neural] epoch=24 train acc=0.58396 CE=0.66423; val acc=0.53500 CE=0.69345 regret=0.80012% best=False bad=6 seconds=1.9
[R48 neural] epoch=25 train acc=0.58396 CE=0.66436; val acc=0.53200 CE=0.69081 regret=0.82177% best=False bad=7 seconds=1.9
[R48 neural] epoch=26 train acc=0.58916 CE=0.66234; val acc=0.53100 CE=0.69073 regret=0.85328% best=False bad=8 seconds=1.9
[R48 neural] epoch=27 train acc=0.59716 CE=0.65887; val acc=0.52200 CE=0.69163 regret=0.82500% best=False bad=9 seconds=1.9
[R48 neural] epoch=28 train acc=0.60286 CE=0.65907; val acc=0.53400 CE=0.69194 regret=0.83469% best=False bad=10 seconds=1.9
wandb:                                                                                
wandb: 
wandb: Run history:
wandb:               epoch ▁▁▁▂▂▂▃▃▃▃▃▄▄▄▅▅▅▅▅▆▆▆▇▇▇▇▇██
wandb:           grad_norm ▃▂▃▃▂▃▂▁▂▂▂▂▂▃▄▃▃▃▄▄▄▅▅▆▇▆██
wandb:                  lr ▁▁▁▁▁▁▁▁▁▁▁▁▁▁▁▁▁▁▁▁▁▁▁▁▁▁▁▁▁
wandb:      train/accuracy ▁▃▃▄▃▄▄▄▄▅▅▅▅▅▅▅▄▄▆▆▆▅▆▆▇▇▇██
wandb:            train/ce █▆▅▅▅▅▅▅▅▄▄▄▄▄▄▄▄▅▃▃▃▃▃▂▂▂▂▁▁
wandb:             updates ▁▁▁▂▂▂▃▃▃▃▃▄▄▄▅▅▅▅▅▆▆▆▇▇▇▇▇██
wandb:        val/accuracy ▁▄▆█▆▅▇▅▅▆▅▆▆▆█▇▅▄▇▆▆▅▇█▇▆▆▅▆
wandb:              val/ce █▃▂▂▃▂▁▂▂▁▂▁▂▁▁▁▂▄▁▃▁▃▂▃▃▃▂▃▃
wandb: val/pair_regret_pct █▄▁▁▁▃▁▃▃▂▃▃▂▂▁▁▂▄▂▃▁▃▂▁▂▂▃▂▃
wandb: 
wandb: Run summary:
wandb:               epoch 28
wandb:           grad_norm 0.69791
wandb:                  lr 0.0001
wandb:      train/accuracy 0.60286
wandb:            train/ce 0.65907
wandb:             updates 2212
wandb:        val/accuracy 0.534
wandb:              val/ce 0.69194
wandb: val/pair_regret_pct 0.83469
wandb: 
wandb: You can sync this run to the cloud by running:
wandb: wandb sync code/V4/runs/R48_core_diagnosis/neural_seed2/wandb/offline-run-20261009_232639-siv7z8ne
wandb: Find logs at: code/V4/runs/R48_core_diagnosis/neural_seed2/wandb/offline-run-20261009_232639-siv7z8ne/logs
[R48] Stage binary finished 2026-10-09T23:27:58+08:00
