wandb: Tracking run with wandb version 0.19.11
wandb: W&B syncing is set to `offline` in this directory. Run `wandb online` or set WANDB_MODE=online to enable cloud syncing.
[start] redundant_seed4 updates=1000 batch=640 optimizer=fresh base_frozen=True base_lr=0 geometry_lr=2e-4 model_hash=083171ddf1fcdc14bfee0f153bffb4e7e1001a550dd4136fce26ecc01d71bc03
[train updates 0000] top1=0.3934 ce=1.533871 mean_cost=8.008346 vs_sbs=-0.4963% regret=0.6373% expected_regret=0.9589% gap>0.1_top1=0.4190 gap>0.5_top1=0.4773
[val updates 0000] top1=0.3630 ce=1.657517 mean_cost=7.917969 vs_sbs=-0.5006% regret=0.6118% expected_regret=0.9326% gap>0.1_top1=0.3893 gap>0.5_top1=0.4360
[train updates 0050] loss=0.61038 grad=0.0759 skipped_total=0 lr_geometry=0.0002 elapsed=15.4s
[train updates 0050] top1=0.3931 ce=1.533777 mean_cost=8.008769 vs_sbs=-0.4910% regret=0.6444% expected_regret=0.9594% gap>0.1_top1=0.4188 gap>0.5_top1=0.4767
[val updates 0050] top1=0.3630 ce=1.658221 mean_cost=7.918250 vs_sbs=-0.4970% regret=0.6154% expected_regret=0.9339% gap>0.1_top1=0.3906 gap>0.5_top1=0.4360
[train updates 0100] loss=0.61173 grad=0.0689 skipped_total=0 lr_geometry=0.000199 elapsed=30.4s
[train updates 0100] top1=0.3940 ce=1.534128 mean_cost=8.009014 vs_sbs=-0.4880% regret=0.6483% expected_regret=0.9573% gap>0.1_top1=0.4202 gap>0.5_top1=0.4754
[val updates 0100] top1=0.3680 ce=1.656788 mean_cost=7.918284 vs_sbs=-0.4966% regret=0.6154% expected_regret=0.9311% gap>0.1_top1=0.3932 gap>0.5_top1=0.4429
[train updates 0150] loss=0.61005 grad=0.0744 skipped_total=0 lr_geometry=0.000195 elapsed=45.4s
[train updates 0150] top1=0.3946 ce=1.533926 mean_cost=8.008959 vs_sbs=-0.4886% regret=0.6476% expected_regret=0.9577% gap>0.1_top1=0.4205 gap>0.5_top1=0.4764
[val updates 0150] top1=0.3650 ce=1.656740 mean_cost=7.918448 vs_sbs=-0.4945% regret=0.6178% expected_regret=0.9316% gap>0.1_top1=0.3893 gap>0.5_top1=0.4394
[train updates 0200] loss=0.61106 grad=0.0708 skipped_total=0 lr_geometry=0.000189 elapsed=60.4s
[train updates 0200] top1=0.3943 ce=1.533820 mean_cost=8.008516 vs_sbs=-0.4941% regret=0.6416% expected_regret=0.9564% gap>0.1_top1=0.4199 gap>0.5_top1=0.4764
[val updates 0200] top1=0.3620 ce=1.657259 mean_cost=7.918712 vs_sbs=-0.4912% regret=0.6217% expected_regret=0.9308% gap>0.1_top1=0.3853 gap>0.5_top1=0.4360
[train updates 0250] loss=0.60888 grad=0.0646 skipped_total=0 lr_geometry=0.000181 elapsed=75.4s
[train updates 0250] top1=0.3944 ce=1.533900 mean_cost=8.009059 vs_sbs=-0.4874% regret=0.6492% expected_regret=0.9577% gap>0.1_top1=0.4206 gap>0.5_top1=0.4748
[val updates 0250] top1=0.3670 ce=1.657309 mean_cost=7.918213 vs_sbs=-0.4975% regret=0.6145% expected_regret=0.9316% gap>0.1_top1=0.3919 gap>0.5_top1=0.4394
[train updates 0300] loss=0.61200 grad=0.0652 skipped_total=0 lr_geometry=0.000171 elapsed=90.4s
[train updates 0300] top1=0.3940 ce=1.533760 mean_cost=8.008709 vs_sbs=-0.4918% regret=0.6446% expected_regret=0.9559% gap>0.1_top1=0.4198 gap>0.5_top1=0.4773
[val updates 0300] top1=0.3620 ce=1.657131 mean_cost=7.918624 vs_sbs=-0.4923% regret=0.6200% expected_regret=0.9303% gap>0.1_top1=0.3853 gap>0.5_top1=0.4360
[train updates 0350] loss=0.60965 grad=0.0679 skipped_total=0 lr_geometry=0.000159 elapsed=105.2s
[train updates 0350] top1=0.3939 ce=1.534095 mean_cost=8.008991 vs_sbs=-0.4882% regret=0.6476% expected_regret=0.9555% gap>0.1_top1=0.4196 gap>0.5_top1=0.4754
[val updates 0350] top1=0.3610 ce=1.655429 mean_cost=7.918689 vs_sbs=-0.4915% regret=0.6206% expected_regret=0.9290% gap>0.1_top1=0.3840 gap>0.5_top1=0.4325
[train updates 0400] loss=0.60989 grad=0.0695 skipped_total=0 lr_geometry=0.000146 elapsed=120.3s
[train updates 0400] top1=0.3937 ce=1.533823 mean_cost=8.008656 vs_sbs=-0.4924% regret=0.6437% expected_regret=0.9546% gap>0.1_top1=0.4196 gap>0.5_top1=0.4776
[val updates 0400] top1=0.3630 ce=1.658246 mean_cost=7.918879 vs_sbs=-0.4891% regret=0.6226% expected_regret=0.9296% gap>0.1_top1=0.3866 gap>0.5_top1=0.4360
[train updates 0450] loss=0.61083 grad=0.0746 skipped_total=0 lr_geometry=0.000132 elapsed=135.3s
[train updates 0450] top1=0.3949 ce=1.533646 mean_cost=8.008700 vs_sbs=-0.4919% regret=0.6446% expected_regret=0.9560% gap>0.1_top1=0.4206 gap>0.5_top1=0.4770
[val updates 0450] top1=0.3620 ce=1.657735 mean_cost=7.918417 vs_sbs=-0.4949% regret=0.6181% expected_regret=0.9307% gap>0.1_top1=0.3853 gap>0.5_top1=0.4360
[train updates 0500] loss=0.61008 grad=0.0674 skipped_total=0 lr_geometry=0.000117 elapsed=150.2s
[train updates 0500] top1=0.3948 ce=1.533636 mean_cost=8.008708 vs_sbs=-0.4918% regret=0.6445% expected_regret=0.9566% gap>0.1_top1=0.4207 gap>0.5_top1=0.4782
[val updates 0500] top1=0.3640 ce=1.656879 mean_cost=7.918448 vs_sbs=-0.4945% regret=0.6165% expected_regret=0.9310% gap>0.1_top1=0.3879 gap>0.5_top1=0.4360
[train updates 0550] loss=0.61119 grad=0.0661 skipped_total=0 lr_geometry=0.000103 elapsed=165.1s
[train updates 0550] top1=0.3943 ce=1.533604 mean_cost=8.008837 vs_sbs=-0.4902% regret=0.6459% expected_regret=0.9564% gap>0.1_top1=0.4202 gap>0.5_top1=0.4767
[val updates 0550] top1=0.3640 ce=1.656099 mean_cost=7.918315 vs_sbs=-0.4962% regret=0.6160% expected_regret=0.9306% gap>0.1_top1=0.3879 gap>0.5_top1=0.4360
[train updates 0600] loss=0.61033 grad=0.0664 skipped_total=0 lr_geometry=8.79e-05 elapsed=180.0s
[train updates 0600] top1=0.3948 ce=1.533537 mean_cost=8.008677 vs_sbs=-0.4921% regret=0.6437% expected_regret=0.9564% gap>0.1_top1=0.4207 gap>0.5_top1=0.4767
[val updates 0600] top1=0.3640 ce=1.656063 mean_cost=7.918021 vs_sbs=-0.4999% regret=0.6126% expected_regret=0.9305% gap>0.1_top1=0.3879 gap>0.5_top1=0.4360
[train updates 0650] loss=0.61063 grad=0.0728 skipped_total=0 lr_geometry=7.38e-05 elapsed=194.9s
[train updates 0650] top1=0.3946 ce=1.533527 mean_cost=8.008846 vs_sbs=-0.4900% regret=0.6461% expected_regret=0.9570% gap>0.1_top1=0.4203 gap>0.5_top1=0.4761
[val updates 0650] top1=0.3640 ce=1.656552 mean_cost=7.918003 vs_sbs=-0.5001% regret=0.6123% expected_regret=0.9312% gap>0.1_top1=0.3879 gap>0.5_top1=0.4360
[train updates 0700] loss=0.61041 grad=0.0670 skipped_total=0 lr_geometry=6.08e-05 elapsed=209.7s
[train updates 0700] top1=0.3943 ce=1.533690 mean_cost=8.008692 vs_sbs=-0.4920% regret=0.6440% expected_regret=0.9549% gap>0.1_top1=0.4202 gap>0.5_top1=0.4767
[val updates 0700] top1=0.3630 ce=1.656579 mean_cost=7.918265 vs_sbs=-0.4968% regret=0.6155% expected_regret=0.9291% gap>0.1_top1=0.3879 gap>0.5_top1=0.4325
[train updates 0750] loss=0.61066 grad=0.0640 skipped_total=0 lr_geometry=4.9e-05 elapsed=224.6s
[train updates 0750] top1=0.3945 ce=1.533566 mean_cost=8.008743 vs_sbs=-0.4913% regret=0.6449% expected_regret=0.9562% gap>0.1_top1=0.4202 gap>0.5_top1=0.4773
[val updates 0750] top1=0.3640 ce=1.656423 mean_cost=7.917996 vs_sbs=-0.5002% regret=0.6119% expected_regret=0.9304% gap>0.1_top1=0.3879 gap>0.5_top1=0.4360
[train updates 0800] loss=0.61110 grad=0.0683 skipped_total=0 lr_geometry=3.9e-05 elapsed=239.5s
[train updates 0800] top1=0.3948 ce=1.533535 mean_cost=8.008700 vs_sbs=-0.4919% regret=0.6445% expected_regret=0.9566% gap>0.1_top1=0.4207 gap>0.5_top1=0.4767
[val updates 0800] top1=0.3660 ce=1.656317 mean_cost=7.917968 vs_sbs=-0.5006% regret=0.6118% expected_regret=0.9308% gap>0.1_top1=0.3906 gap>0.5_top1=0.4360
[train updates 0850] loss=0.61033 grad=0.0748 skipped_total=0 lr_geometry=3.08e-05 elapsed=254.4s
[train updates 0850] top1=0.3942 ce=1.533597 mean_cost=8.008827 vs_sbs=-0.4903% regret=0.6457% expected_regret=0.9560% gap>0.1_top1=0.4201 gap>0.5_top1=0.4764
[val updates 0850] top1=0.3630 ce=1.656148 mean_cost=7.918266 vs_sbs=-0.4968% regret=0.6148% expected_regret=0.9301% gap>0.1_top1=0.3866 gap>0.5_top1=0.4325
[train updates 0900] loss=0.61022 grad=0.0701 skipped_total=0 lr_geometry=2.49e-05 elapsed=269.3s
[train updates 0900] top1=0.3946 ce=1.533602 mean_cost=8.008763 vs_sbs=-0.4911% regret=0.6452% expected_regret=0.9557% gap>0.1_top1=0.4205 gap>0.5_top1=0.4764
[val updates 0900] top1=0.3630 ce=1.656443 mean_cost=7.918265 vs_sbs=-0.4968% regret=0.6155% expected_regret=0.9299% gap>0.1_top1=0.3879 gap>0.5_top1=0.4325
[train updates 0950] loss=0.61108 grad=0.0676 skipped_total=0 lr_geometry=2.12e-05 elapsed=284.2s
[train updates 0950] top1=0.3946 ce=1.533606 mean_cost=8.008738 vs_sbs=-0.4914% regret=0.6449% expected_regret=0.9556% gap>0.1_top1=0.4203 gap>0.5_top1=0.4770
[val updates 0950] top1=0.3640 ce=1.656655 mean_cost=7.918014 vs_sbs=-0.5000% regret=0.6122% expected_regret=0.9299% gap>0.1_top1=0.3879 gap>0.5_top1=0.4360
[train updates 1000] loss=0.61016 grad=0.0751 skipped_total=0 lr_geometry=2e-05 elapsed=299.1s
[train updates 1000] top1=0.3946 ce=1.533610 mean_cost=8.008789 vs_sbs=-0.4907% regret=0.6455% expected_regret=0.9559% gap>0.1_top1=0.4205 gap>0.5_top1=0.4767
[val updates 1000] top1=0.3630 ce=1.656481 mean_cost=7.918265 vs_sbs=-0.4968% regret=0.6155% expected_regret=0.9301% gap>0.1_top1=0.3879 gap>0.5_top1=0.4325
wandb:                                                                                
wandb: 
wandb: Run history:
wandb:            train/actual_regret_pct ▁▅▇▇▄█▅▇▅▅▅▆▅▆▅▅▅▆▆▅▆
wandb:                           train/ce ▅▄█▆▄▅▄█▄▂▂▂▁▁▃▁▁▂▂▂▂
wandb:           train/expected_mean_cost ██▅▅▄▅▃▃▁▃▃▃▃▄▂▃▃▃▂▂▃
wandb:          train/expected_regret_pct ▇█▅▆▄▆▃▂▁▃▄▄▄▅▁▃▄▃▃▂▃
wandb: train/gap_gt_0_1_actual_regret_pct ▁▅██▃█▆█▅▅▅▆▅▆▅▆▅▆▆▅▆
wandb:              train/gap_gt_0_1_top1 ▂▁▆▇▅█▅▄▄██▆█▇▆▆█▆▇▇▇
wandb: train/gap_gt_0_5_actual_regret_pct ▁▄▇▇▄█▄▇▄▄▄▆▅▅▅▄▅▅▅▄▅
wandb:              train/gap_gt_0_5_top1 ▆▅▂▄▄▁▆▂▇▅█▅▅▄▅▆▅▄▄▅▅
wandb:                    train/mean_cost ▁▅█▇▃█▅▇▄▄▅▆▄▆▄▅▄▆▅▅▅
wandb:                         train/top1 ▂▁▅▇▆▆▅▄▃██▆█▇▆▆█▅▇▇▇
wandb:                   train/vs_sbs_pct ▁▅█▇▃█▅▇▄▄▅▆▄▆▄▅▄▆▅▅▅
wandb:              val/actual_regret_pct ▁▃▃▅▇▃▆▇█▅▄▄▂▁▃▁▁▃▃▁▃
wandb:                             val/ce ▆█▄▄▆▆▅▁█▇▅▃▃▄▄▃▃▃▄▄▄
wandb:             val/expected_mean_cost ▇█▄▄▃▄▃▁▁▃▃▃▃▃▁▃▃▂▂▂▂
wandb:            val/expected_regret_pct ▆█▄▅▄▅▃▁▂▃▄▃▃▄▁▃▄▃▂▂▃
wandb:   val/gap_gt_0_1_actual_regret_pct ▁▃▄▅█▃▆▇█▅▄▄▂▂▃▁▁▃▃▁▃
wandb:                val/gap_gt_0_1_top1 ▅▆█▅▂▇▂▁▃▂▄▄▄▄▄▄▆▃▄▄▄
wandb:   val/gap_gt_0_5_actual_regret_pct ▁▅▅▄▅▄▄█▅▁▄▅▁▁▅▁▁▄▅▁▅
wandb:                val/gap_gt_0_5_top1 ▃▃█▆▃▆▃▁▃▃▃▃▃▃▁▃▃▁▁▃▁
wandb:                      val/mean_cost ▁▃▃▅▇▃▆▇█▄▅▄▁▁▃▁▁▃▃▁▃
wandb:                           val/top1 ▃▃█▅▂▇▂▁▃▂▄▄▄▄▃▄▆▃▃▄▃
wandb:                     val/vs_sbs_pct ▁▃▃▅▇▃▆▇█▄▅▄▁▁▃▁▁▃▃▁▃
wandb: 
wandb: Run summary:
wandb:                     final_val_top1 0.363
wandb:            train/actual_regret_pct 0.64547
wandb:                           train/ce 1.53361
wandb:           train/expected_mean_cost 8.03252
wandb:          train/expected_regret_pct 0.95594
wandb: train/gap_gt_0_1_actual_regret_pct 0.72615
wandb:              train/gap_gt_0_1_top1 0.42045
wandb: train/gap_gt_0_5_actual_regret_pct 0.9044
wandb:              train/gap_gt_0_5_top1 0.47668
wandb:                    train/mean_cost 8.00879
wandb:                         train/top1 0.3946
wandb:                   train/vs_sbs_pct -0.49075
wandb:                            updates 1000
wandb:              val/actual_regret_pct 0.61548
wandb:                             val/ce 1.65648
wandb:             val/expected_mean_cost 7.94094
wandb:            val/expected_regret_pct 0.93011
wandb:   val/gap_gt_0_1_actual_regret_pct 0.72122
wandb:                val/gap_gt_0_1_top1 0.38794
wandb:   val/gap_gt_0_5_actual_regret_pct 0.91949
wandb:                val/gap_gt_0_5_top1 0.43253
wandb:                      val/mean_cost 7.91826
wandb:                           val/top1 0.363
wandb:                     val/vs_sbs_pct -0.49685
wandb: 
wandb: You can sync this run to the cloud by running:
wandb: wandb sync code/V4/runs/R38_tsp_frozen_geometry/redundant_seed4/wandb/offline-run-20260930_162411-9b0n5cph
wandb: Find logs at: code/V4/runs/R38_tsp_frozen_geometry/redundant_seed4/wandb/offline-run-20260930_162411-9b0n5cph/logs
[done] redundant_seed4 updates=1000 val_top1=0.3630
