wandb: Tracking run with wandb version 0.19.11
wandb: W&B syncing is set to `offline` in this directory. Run `wandb online` or set WANDB_MODE=online to enable cloud syncing.
[start] tsp_only_seed3 checkpoint_epoch=50 lr=2e-05 tasks=['TSP']
[train TSP updates 000] ce=1.533871 top1=0.3934 top2=0.6333 top3=0.7741 mean_cost=8.008346 vs_sbs=-0.4963% n=10000 total_updates=0
[val TSP updates 000] ce=1.657517 top1=0.3630 top2=0.5950 top3=0.7460 mean_cost=7.917969 vs_sbs=-0.5006% n=1000 total_updates=0
[progress] tsp_only_seed3 TSP=10/300 total=10 skipped=0 lr=2e-05 elapsed=0.13m
[progress] tsp_only_seed3 TSP=20/300 total=20 skipped=0 lr=2e-05 elapsed=0.20m
[progress] tsp_only_seed3 TSP=30/300 total=30 skipped=0 lr=2e-05 elapsed=0.26m
[train TSP updates 030] ce=1.532039 top1=0.3935 top2=0.6342 top3=0.7759 mean_cost=8.008396 vs_sbs=-0.4956% n=10000 total_updates=30
[val TSP updates 030] ce=1.655413 top1=0.3610 top2=0.5980 top3=0.7560 mean_cost=7.919819 vs_sbs=-0.4773% n=1000 total_updates=30
[progress] tsp_only_seed3 TSP=40/300 total=40 skipped=0 lr=2e-05 elapsed=0.38m
[progress] tsp_only_seed3 TSP=50/300 total=50 skipped=0 lr=2e-05 elapsed=0.44m
[progress] tsp_only_seed3 TSP=60/300 total=60 skipped=0 lr=2e-05 elapsed=0.50m
[train TSP updates 060] ce=1.531475 top1=0.3940 top2=0.6351 top3=0.7746 mean_cost=8.009226 vs_sbs=-0.4853% n=10000 total_updates=60
[val TSP updates 060] ce=1.657090 top1=0.3610 top2=0.6030 top3=0.7560 mean_cost=7.919225 vs_sbs=-0.4848% n=1000 total_updates=60
[progress] tsp_only_seed3 TSP=70/300 total=70 skipped=0 lr=2e-05 elapsed=0.62m
[progress] tsp_only_seed3 TSP=80/300 total=80 skipped=0 lr=2e-05 elapsed=0.68m
[progress] tsp_only_seed3 TSP=90/300 total=90 skipped=0 lr=2e-05 elapsed=0.75m
[train TSP updates 090] ce=1.529784 top1=0.3956 top2=0.6360 top3=0.7760 mean_cost=8.008852 vs_sbs=-0.4900% n=10000 total_updates=90
[val TSP updates 090] ce=1.659343 top1=0.3660 top2=0.6010 top3=0.7550 mean_cost=7.918827 vs_sbs=-0.4898% n=1000 total_updates=90
[progress] tsp_only_seed3 TSP=100/300 total=100 skipped=0 lr=2e-05 elapsed=0.86m
[progress] tsp_only_seed3 TSP=110/300 total=110 skipped=0 lr=2e-05 elapsed=0.93m
[progress] tsp_only_seed3 TSP=120/300 total=120 skipped=0 lr=2e-05 elapsed=0.99m
[train TSP updates 120] ce=1.527369 top1=0.3966 top2=0.6375 top3=0.7764 mean_cost=8.007870 vs_sbs=-0.5022% n=10000 total_updates=120
[val TSP updates 120] ce=1.658454 top1=0.3610 top2=0.5950 top3=0.7500 mean_cost=7.918162 vs_sbs=-0.4981% n=1000 total_updates=120
[progress] tsp_only_seed3 TSP=130/300 total=130 skipped=0 lr=2e-05 elapsed=1.11m
[progress] tsp_only_seed3 TSP=140/300 total=140 skipped=0 lr=2e-05 elapsed=1.17m
[progress] tsp_only_seed3 TSP=150/300 total=150 skipped=0 lr=2e-05 elapsed=1.23m
[train TSP updates 150] ce=1.527056 top1=0.3963 top2=0.6373 top3=0.7774 mean_cost=8.007616 vs_sbs=-0.5053% n=10000 total_updates=150
[val TSP updates 150] ce=1.663484 top1=0.3610 top2=0.5930 top3=0.7470 mean_cost=7.917727 vs_sbs=-0.5036% n=1000 total_updates=150
[progress] tsp_only_seed3 TSP=160/300 total=160 skipped=0 lr=2e-05 elapsed=1.35m
[progress] tsp_only_seed3 TSP=170/300 total=170 skipped=0 lr=2e-05 elapsed=1.41m
[progress] tsp_only_seed3 TSP=180/300 total=180 skipped=0 lr=2e-05 elapsed=1.48m
[train TSP updates 180] ce=1.524889 top1=0.3967 top2=0.6379 top3=0.7788 mean_cost=8.008729 vs_sbs=-0.4915% n=10000 total_updates=180
[val TSP updates 180] ce=1.660401 top1=0.3660 top2=0.5970 top3=0.7530 mean_cost=7.918455 vs_sbs=-0.4945% n=1000 total_updates=180
[progress] tsp_only_seed3 TSP=190/300 total=190 skipped=0 lr=2e-05 elapsed=1.59m
[progress] tsp_only_seed3 TSP=200/300 total=200 skipped=0 lr=2e-05 elapsed=1.66m
[progress] tsp_only_seed3 TSP=210/300 total=210 skipped=0 lr=2e-05 elapsed=1.72m
[train TSP updates 210] ce=1.523372 top1=0.3969 top2=0.6381 top3=0.7795 mean_cost=8.008439 vs_sbs=-0.4951% n=10000 total_updates=210
[val TSP updates 210] ce=1.658500 top1=0.3640 top2=0.5970 top3=0.7520 mean_cost=7.918362 vs_sbs=-0.4956% n=1000 total_updates=210
[progress] tsp_only_seed3 TSP=220/300 total=220 skipped=0 lr=2e-05 elapsed=1.84m
[progress] tsp_only_seed3 TSP=230/300 total=230 skipped=0 lr=2e-05 elapsed=1.90m
[progress] tsp_only_seed3 TSP=240/300 total=240 skipped=0 lr=2e-05 elapsed=1.96m
[train TSP updates 240] ce=1.521664 top1=0.3990 top2=0.6401 top3=0.7789 mean_cost=8.008291 vs_sbs=-0.4969% n=10000 total_updates=240
[val TSP updates 240] ce=1.661691 top1=0.3640 top2=0.5960 top3=0.7520 mean_cost=7.918810 vs_sbs=-0.4900% n=1000 total_updates=240
[progress] tsp_only_seed3 TSP=250/300 total=250 skipped=0 lr=2e-05 elapsed=2.08m
[progress] tsp_only_seed3 TSP=260/300 total=260 skipped=0 lr=2e-05 elapsed=2.14m
[progress] tsp_only_seed3 TSP=270/300 total=270 skipped=0 lr=2e-05 elapsed=2.21m
[train TSP updates 270] ce=1.519612 top1=0.3999 top2=0.6413 top3=0.7808 mean_cost=8.007985 vs_sbs=-0.5007% n=10000 total_updates=270
[val TSP updates 270] ce=1.662875 top1=0.3660 top2=0.5950 top3=0.7490 mean_cost=7.918034 vs_sbs=-0.4997% n=1000 total_updates=270
[progress] tsp_only_seed3 TSP=280/300 total=280 skipped=0 lr=2e-05 elapsed=2.32m
[progress] tsp_only_seed3 TSP=290/300 total=290 skipped=0 lr=2e-05 elapsed=2.39m
[progress] tsp_only_seed3 TSP=300/300 total=300 skipped=0 lr=2e-05 elapsed=2.45m
[train TSP updates 300] ce=1.518407 top1=0.4002 top2=0.6400 top3=0.7802 mean_cost=8.008192 vs_sbs=-0.4982% n=10000 total_updates=300
[val TSP updates 300] ce=1.662052 top1=0.3630 top2=0.6010 top3=0.7480 mean_cost=7.919558 vs_sbs=-0.4806% n=1000 total_updates=300
wandb:                                                                                
wandb: 
wandb: Run history:
wandb:         train/ce █▇▇▆▅▅▄▃▂▂▁
wandb:  train/mean_cost ▄▄█▆▂▁▆▅▄▃▄
wandb:       train/top1 ▁▁▂▃▄▄▄▅▇██
wandb:       train/top2 ▁▂▃▃▅▅▅▅▇█▇
wandb:       train/top3 ▁▃▂▃▃▄▆▇▆█▇
wandb: train/vs_sbs_pct ▄▄█▆▂▁▆▅▄▃▄
wandb:           val/ce ▃▁▂▄▄█▅▄▆▇▇
wandb:    val/mean_cost ▂█▆▅▂▁▃▃▅▂▇
wandb:         val/top1 ▄▁▁█▁▁█▅▅█▄
wandb:         val/top2 ▂▅█▇▂▁▄▄▃▂▇
wandb:         val/top3 ▁██▇▄▂▆▅▅▃▂
wandb:   val/vs_sbs_pct ▂█▆▅▂▁▃▃▅▂▇
wandb: 
wandb: Run summary:
wandb:         train/ce 1.51841
wandb:  train/mean_cost 8.00819
wandb:       train/top1 0.4002
wandb:       train/top2 0.64
wandb:       train/top3 0.7802
wandb: train/vs_sbs_pct -0.49817
wandb:           val/ce 1.66205
wandb:    val/mean_cost 7.91956
wandb:         val/top1 0.363
wandb:         val/top2 0.601
wandb:         val/top3 0.748
wandb:   val/vs_sbs_pct -0.4806
wandb: 
wandb: You can sync this run to the cloud by running:
wandb: wandb sync code/V4/runs/R35_multitask_probe/tsp_only_seed3/wandb/offline-run-20260930_120345-l88l4xbj
wandb: Find logs at: code/V4/runs/R35_multitask_probe/tsp_only_seed3/wandb/offline-run-20260930_120345-l88l4xbj/logs
[done] tsp_only_seed3 TSP=300 total=300
