wandb: Tracking run with wandb version 0.19.11
wandb: W&B syncing is set to `offline` in this directory. Run `wandb online` or set WANDB_MODE=online to enable cloud syncing.
[initial val] macro_top1=0.0772 top2=0.1644 top3=0.2319 vs_sbs=+11.856% vbs_closed=-1132.20%
       TSP: top1=0.048 mean_cost=7.9939 (sbs=7.9578) vs_sbs=+0.45%
      CVRP: top1=0.040 mean_cost=20.6096 (sbs=18.2943) vs_sbs=+12.66%
      ATSP: top1=0.003 mean_cost=1.9218 (sbs=1.6735) vs_sbs=+14.83%
      OVRP: top1=0.302 mean_cost=7.4617 (sbs=7.4617) vs_sbs=+0.00%
      VRPB: top1=0.000 mean_cost=11.3627 (sbs=9.3403) vs_sbs=+21.65%
      VRPL: top1=0.265 mean_cost=12.5358 (sbs=12.4072) vs_sbs=+1.04%
     VRPTW: top1=0.161 mean_cost=18.6992 (sbs=18.6571) vs_sbs=+0.23%
    OVRPTW: top1=0.001 mean_cost=12.0452 (sbs=10.0484) vs_sbs=+19.87%
     OVRPB: top1=0.002 mean_cost=7.4675 (sbs=6.3220) vs_sbs=+18.12%
     OVRPL: top1=0.317 mean_cost=7.5134 (sbs=7.4376) vs_sbs=+1.02%
     VRPBL: top1=0.000 mean_cost=11.3921 (sbs=9.3593) vs_sbs=+21.72%
    VRPBTW: top1=0.080 mean_cost=20.6266 (sbs=19.6697) vs_sbs=+4.86%
    VRPLTW: top1=0.116 mean_cost=18.6821 (sbs=18.5091) vs_sbs=+0.93%
    OVRPBL: top1=0.000 mean_cost=7.5399 (sbs=6.3103) vs_sbs=+19.49%
   OVRPBTW: top1=0.000 mean_cost=13.2224 (sbs=10.5068) vs_sbs=+25.85%
   OVRPLTW: top1=0.000 mean_cost=12.0786 (sbs=10.1272) vs_sbs=+19.27%
   VRPBLTW: top1=0.054 mean_cost=20.8258 (sbs=19.5198) vs_sbs=+6.69%
  OVRPBLTW: top1=0.001 mean_cost=13.1485 (sbs=10.5412) vs_sbs=+24.73%
[train epoch 1] update=180/1422 global=180 loss=1.16388 cmp=0.68240 KL=0.00226 lr=4.2e-06 samples/s=1596
[train epoch 1] update=360/1422 global=360 loss=1.08839 cmp=0.65765 KL=0.00401 lr=8.4e-06 samples/s=1599
[train epoch 1] update=540/1422 global=540 loss=1.02915 cmp=0.64650 KL=0.00642 lr=1.3e-05 samples/s=1599
[train epoch 1] update=720/1422 global=720 loss=0.99820 cmp=0.64457 KL=0.00785 lr=1.7e-05 samples/s=1599
[train epoch 1] update=900/1422 global=900 loss=0.97918 cmp=0.64286 KL=0.00852 lr=2.1e-05 samples/s=1606
[train epoch 1] update=1080/1422 global=1080 loss=0.96432 cmp=0.64084 KL=0.00877 lr=2.5e-05 samples/s=1619
[train epoch 1] update=1260/1422 global=1260 loss=0.94576 cmp=0.63550 KL=0.00899 lr=3e-05 samples/s=1628
[train epoch 1] update=1422/1422 global=1422 loss=0.92852 cmp=0.63033 KL=0.00933 lr=3.3e-05 samples/s=1619
[eval epoch 1] macro_top1=0.3969 top2=0.7253 top3=0.8285 vs_sbs=-0.101% vbs_closed=-10.72%
       TSP: top1=0.306 mean_cost=7.9496 (sbs=7.9578) vs_sbs=-0.10%
      CVRP: top1=0.239 mean_cost=18.2896 (sbs=18.2943) vs_sbs=-0.03%
      ATSP: top1=0.688 mean_cost=1.6386 (sbs=1.6735) vs_sbs=-2.09%
      OVRP: top1=0.082 mean_cost=7.6123 (sbs=7.4617) vs_sbs=+2.02%
      VRPB: top1=0.531 mean_cost=9.3371 (sbs=9.3403) vs_sbs=-0.03%
      VRPL: top1=0.283 mean_cost=12.4072 (sbs=12.4072) vs_sbs=+0.00%
     VRPTW: top1=0.279 mean_cost=18.2313 (sbs=18.6571) vs_sbs=-2.28%
    OVRPTW: top1=0.475 mean_cost=10.0487 (sbs=10.0484) vs_sbs=+0.00%
     OVRPB: top1=0.533 mean_cost=6.3255 (sbs=6.3220) vs_sbs=+0.06%
     OVRPL: top1=0.333 mean_cost=7.4458 (sbs=7.4376) vs_sbs=+0.11%
     VRPBL: top1=0.474 mean_cost=9.3883 (sbs=9.3593) vs_sbs=+0.31%
    VRPBTW: top1=0.372 mean_cost=19.6697 (sbs=19.6697) vs_sbs=+0.00%
    VRPLTW: top1=0.264 mean_cost=18.5273 (sbs=18.5091) vs_sbs=+0.10%
    OVRPBL: top1=0.504 mean_cost=6.3194 (sbs=6.3103) vs_sbs=+0.15%
   OVRPBTW: top1=0.461 mean_cost=10.5068 (sbs=10.5068) vs_sbs=+0.00%
   OVRPLTW: top1=0.493 mean_cost=10.1273 (sbs=10.1272) vs_sbs=+0.00%
   VRPBLTW: top1=0.347 mean_cost=19.5198 (sbs=19.5198) vs_sbs=+0.00%
  OVRPBLTW: top1=0.481 mean_cost=10.5377 (sbs=10.5412) vs_sbs=-0.03%
[comparisons epoch 1] true3=0.66412 R42A_top2=0.52709
[best] epoch=1 vs_sbs=-0.101261% top1=0.39694
[AMP retry] same batch; lower scale=32768.0
[train epoch 2] update=180/1422 global=1602 loss=0.71628 cmp=0.55834 KL=0.01289 lr=3.8e-05 samples/s=1674
[train epoch 2] update=360/1422 global=1782 loss=0.71063 cmp=0.55573 KL=0.01200 lr=4.2e-05 samples/s=1682
[train epoch 2] update=540/1422 global=1962 loss=0.70183 cmp=0.55139 KL=0.01184 lr=4.6e-05 samples/s=1683
[train epoch 2] update=720/1422 global=2142 loss=0.69842 cmp=0.55014 KL=0.01129 lr=5e-05 samples/s=1683
[train epoch 2] update=900/1422 global=2322 loss=0.69377 cmp=0.54746 KL=0.01081 lr=5.4e-05 samples/s=1686
[train epoch 2] update=1080/1422 global=2502 loss=0.68970 cmp=0.54575 KL=0.01049 lr=5.9e-05 samples/s=1687
[train epoch 2] update=1260/1422 global=2682 loss=0.68838 cmp=0.54516 KL=0.01025 lr=6.3e-05 samples/s=1687
[train epoch 2] update=1422/1422 global=2844 loss=0.68634 cmp=0.54409 KL=0.01000 lr=6.7e-05 samples/s=1671
[eval epoch 2] macro_top1=0.4281 top2=0.7778 top3=0.8966 vs_sbs=-0.738% vbs_closed=+17.39%
       TSP: top1=0.296 mean_cost=7.9289 (sbs=7.9578) vs_sbs=-0.36%
      CVRP: top1=0.252 mean_cost=18.3022 (sbs=18.2943) vs_sbs=+0.04%
      ATSP: top1=0.658 mean_cost=1.6405 (sbs=1.6735) vs_sbs=-1.97%
      OVRP: top1=0.302 mean_cost=7.4617 (sbs=7.4617) vs_sbs=+0.00%
      VRPB: top1=0.541 mean_cost=9.3347 (sbs=9.3403) vs_sbs=-0.06%
      VRPL: top1=0.276 mean_cost=12.4085 (sbs=12.4072) vs_sbs=+0.01%
     VRPTW: top1=0.326 mean_cost=18.0708 (sbs=18.6571) vs_sbs=-3.14%
    OVRPTW: top1=0.502 mean_cost=10.0477 (sbs=10.0484) vs_sbs=-0.01%
     OVRPB: top1=0.545 mean_cost=6.3220 (sbs=6.3220) vs_sbs=+0.00%
     OVRPL: top1=0.334 mean_cost=7.4376 (sbs=7.4376) vs_sbs=+0.00%
     VRPBL: top1=0.525 mean_cost=9.3563 (sbs=9.3593) vs_sbs=-0.03%
    VRPBTW: top1=0.394 mean_cost=19.2038 (sbs=19.6697) vs_sbs=-2.37%
    VRPLTW: top1=0.350 mean_cost=17.8335 (sbs=18.5091) vs_sbs=-3.65%
    OVRPBL: top1=0.555 mean_cost=6.3103 (sbs=6.3103) vs_sbs=+0.00%
   OVRPBTW: top1=0.495 mean_cost=10.5037 (sbs=10.5068) vs_sbs=-0.03%
   OVRPLTW: top1=0.460 mean_cost=10.1413 (sbs=10.1272) vs_sbs=+0.14%
   VRPBLTW: top1=0.409 mean_cost=19.1564 (sbs=19.5198) vs_sbs=-1.86%
  OVRPBLTW: top1=0.485 mean_cost=10.5417 (sbs=10.5412) vs_sbs=+0.01%
[comparisons epoch 2] true3=0.67185 R42A_top2=0.53513
[best] epoch=2 vs_sbs=-0.738271% top1=0.42806
[train epoch 3] update=180/1422 global=3024 loss=0.66350 cmp=0.53182 KL=0.00786 lr=7.1e-05 samples/s=1694
[train epoch 3] update=360/1422 global=3204 loss=0.66879 cmp=0.53662 KL=0.00783 lr=7.5e-05 samples/s=1690
[train epoch 3] update=540/1422 global=3384 loss=0.66619 cmp=0.53499 KL=0.00782 lr=7.9e-05 samples/s=1690
[train epoch 3] update=720/1422 global=3564 loss=0.66368 cmp=0.53383 KL=0.00776 lr=8.4e-05 samples/s=1690
[train epoch 3] update=900/1422 global=3744 loss=0.66426 cmp=0.53390 KL=0.00759 lr=8.8e-05 samples/s=1689
[train epoch 3] update=1080/1422 global=3924 loss=0.66194 cmp=0.53280 KL=0.00749 lr=9.2e-05 samples/s=1689
[train epoch 3] update=1260/1422 global=4104 loss=0.66150 cmp=0.53226 KL=0.00732 lr=9.6e-05 samples/s=1688
[AMP retry] same batch; lower scale=32768.0
[train epoch 3] update=1422/1422 global=4266 loss=0.66005 cmp=0.53172 KL=0.00724 lr=0.0001 samples/s=1672
[eval epoch 3] macro_top1=0.4357 top2=0.7798 top3=0.8913 vs_sbs=-0.635% vbs_closed=+14.24%
       TSP: top1=0.367 mean_cost=7.9245 (sbs=7.9578) vs_sbs=-0.42%
      CVRP: top1=0.318 mean_cost=18.3393 (sbs=18.2943) vs_sbs=+0.25%
      ATSP: top1=0.659 mean_cost=1.6419 (sbs=1.6735) vs_sbs=-1.89%
      OVRP: top1=0.342 mean_cost=7.4653 (sbs=7.4617) vs_sbs=+0.05%
      VRPB: top1=0.504 mean_cost=9.3403 (sbs=9.3403) vs_sbs=+0.00%
      VRPL: top1=0.312 mean_cost=12.4048 (sbs=12.4072) vs_sbs=-0.02%
     VRPTW: top1=0.345 mean_cost=18.0628 (sbs=18.6571) vs_sbs=-3.19%
    OVRPTW: top1=0.475 mean_cost=10.0485 (sbs=10.0484) vs_sbs=+0.00%
     OVRPB: top1=0.545 mean_cost=6.3220 (sbs=6.3220) vs_sbs=+0.00%
     OVRPL: top1=0.341 mean_cost=7.4439 (sbs=7.4376) vs_sbs=+0.08%
     VRPBL: top1=0.528 mean_cost=9.3593 (sbs=9.3593) vs_sbs=+0.00%
    VRPBTW: top1=0.395 mean_cost=19.3977 (sbs=19.6697) vs_sbs=-1.38%
    VRPLTW: top1=0.333 mean_cost=17.9852 (sbs=18.5091) vs_sbs=-2.83%
    OVRPBL: top1=0.555 mean_cost=6.3103 (sbs=6.3103) vs_sbs=+0.00%
   OVRPBTW: top1=0.461 mean_cost=10.5068 (sbs=10.5068) vs_sbs=+0.00%
   OVRPLTW: top1=0.496 mean_cost=10.1268 (sbs=10.1272) vs_sbs=-0.00%
   VRPBLTW: top1=0.396 mean_cost=19.1129 (sbs=19.5198) vs_sbs=-2.08%
  OVRPBLTW: top1=0.471 mean_cost=10.5412 (sbs=10.5412) vs_sbs=+0.00%
[comparisons epoch 3] true3=0.67927 R42A_top2=0.55122
[train epoch 4] update=180/1422 global=4446 loss=0.65247 cmp=0.52792 KL=0.00619 lr=0.0001 samples/s=1685
[train epoch 4] update=360/1422 global=4626 loss=0.65088 cmp=0.52667 KL=0.00609 lr=0.0001 samples/s=1685
[train epoch 4] update=540/1422 global=4806 loss=0.64898 cmp=0.52598 KL=0.00602 lr=0.0001 samples/s=1687
[train epoch 4] update=720/1422 global=4986 loss=0.64737 cmp=0.52506 KL=0.00599 lr=0.0001 samples/s=1687
[train epoch 4] update=900/1422 global=5166 loss=0.64472 cmp=0.52325 KL=0.00595 lr=0.0001 samples/s=1686
[train epoch 4] update=1080/1422 global=5346 loss=0.64497 cmp=0.52331 KL=0.00597 lr=0.0001 samples/s=1686
[train epoch 4] update=1260/1422 global=5526 loss=0.64231 cmp=0.52203 KL=0.00595 lr=0.0001 samples/s=1687
[train epoch 4] update=1422/1422 global=5688 loss=0.64240 cmp=0.52219 KL=0.00587 lr=0.0001 samples/s=1670
[eval epoch 4] macro_top1=0.4400 top2=0.7833 top3=0.8948 vs_sbs=-0.740% vbs_closed=+14.95%
       TSP: top1=0.348 mean_cost=7.9370 (sbs=7.9578) vs_sbs=-0.26%
      CVRP: top1=0.258 mean_cost=18.3302 (sbs=18.2943) vs_sbs=+0.20%
      ATSP: top1=0.762 mean_cost=1.6395 (sbs=1.6735) vs_sbs=-2.03%
      OVRP: top1=0.301 mean_cost=7.4616 (sbs=7.4617) vs_sbs=-0.00%
      VRPB: top1=0.543 mean_cost=9.3422 (sbs=9.3403) vs_sbs=+0.02%
      VRPL: top1=0.281 mean_cost=12.4080 (sbs=12.4072) vs_sbs=+0.01%
     VRPTW: top1=0.352 mean_cost=18.0403 (sbs=18.6571) vs_sbs=-3.31%
    OVRPTW: top1=0.491 mean_cost=10.0542 (sbs=10.0484) vs_sbs=+0.06%
     OVRPB: top1=0.547 mean_cost=6.3235 (sbs=6.3220) vs_sbs=+0.02%
     OVRPL: top1=0.336 mean_cost=7.4375 (sbs=7.4376) vs_sbs=-0.00%
     VRPBL: top1=0.546 mean_cost=9.3568 (sbs=9.3593) vs_sbs=-0.03%
    VRPBTW: top1=0.391 mean_cost=19.2307 (sbs=19.6697) vs_sbs=-2.23%
    VRPLTW: top1=0.370 mean_cost=17.8349 (sbs=18.5091) vs_sbs=-3.64%
    OVRPBL: top1=0.533 mean_cost=6.3082 (sbs=6.3103) vs_sbs=-0.03%
   OVRPBTW: top1=0.480 mean_cost=10.5187 (sbs=10.5068) vs_sbs=+0.11%
   OVRPLTW: top1=0.464 mean_cost=10.1428 (sbs=10.1272) vs_sbs=+0.15%
   VRPBLTW: top1=0.421 mean_cost=19.0516 (sbs=19.5198) vs_sbs=-2.40%
  OVRPBLTW: top1=0.496 mean_cost=10.5466 (sbs=10.5412) vs_sbs=+0.05%
[comparisons epoch 4] true3=0.68156 R42A_top2=0.55058
[best] epoch=4 vs_sbs=-0.739503% top1=0.44000
[train epoch 5] update=180/1422 global=5868 loss=0.63000 cmp=0.51526 KL=0.00548 lr=0.0001 samples/s=1687
[train epoch 5] update=360/1422 global=6048 loss=0.62748 cmp=0.51334 KL=0.00548 lr=0.0001 samples/s=1685
[train epoch 5] update=540/1422 global=6228 loss=0.62799 cmp=0.51391 KL=0.00545 lr=0.0001 samples/s=1684
[train epoch 5] update=720/1422 global=6408 loss=0.63021 cmp=0.51517 KL=0.00540 lr=0.0001 samples/s=1683
[train epoch 5] update=900/1422 global=6588 loss=0.62999 cmp=0.51517 KL=0.00535 lr=0.0001 samples/s=1683
[train epoch 5] update=1080/1422 global=6768 loss=0.62939 cmp=0.51484 KL=0.00534 lr=0.0001 samples/s=1683
[train epoch 5] update=1260/1422 global=6948 loss=0.62829 cmp=0.51416 KL=0.00539 lr=0.0001 samples/s=1684
[train epoch 5] update=1422/1422 global=7110 loss=0.62833 cmp=0.51407 KL=0.00539 lr=0.0001 samples/s=1668
[train_eval epoch 5] top1=0.44348 CE=1.19970 actual_regret=1.14100%
[eval epoch 5] macro_top1=0.4458 top2=0.7939 top3=0.9072 vs_sbs=-0.879% vbs_closed=+19.62%
       TSP: top1=0.363 mean_cost=7.9224 (sbs=7.9578) vs_sbs=-0.45%
      CVRP: top1=0.335 mean_cost=18.3085 (sbs=18.2943) vs_sbs=+0.08%
      ATSP: top1=0.756 mean_cost=1.6375 (sbs=1.6735) vs_sbs=-2.15%
      OVRP: top1=0.326 mean_cost=7.4664 (sbs=7.4617) vs_sbs=+0.06%
      VRPB: top1=0.504 mean_cost=9.3403 (sbs=9.3403) vs_sbs=+0.00%
      VRPL: top1=0.283 mean_cost=12.4072 (sbs=12.4072) vs_sbs=+0.00%
     VRPTW: top1=0.367 mean_cost=17.9850 (sbs=18.6571) vs_sbs=-3.60%
    OVRPTW: top1=0.476 mean_cost=10.0484 (sbs=10.0484) vs_sbs=+0.00%
     OVRPB: top1=0.545 mean_cost=6.3220 (sbs=6.3220) vs_sbs=+0.00%
     OVRPL: top1=0.333 mean_cost=7.4458 (sbs=7.4376) vs_sbs=+0.11%
     VRPBL: top1=0.521 mean_cost=9.3600 (sbs=9.3593) vs_sbs=+0.01%
    VRPBTW: top1=0.431 mean_cost=19.1069 (sbs=19.6697) vs_sbs=-2.86%
    VRPLTW: top1=0.403 mean_cost=17.6976 (sbs=18.5091) vs_sbs=-4.38%
    OVRPBL: top1=0.555 mean_cost=6.3103 (sbs=6.3103) vs_sbs=+0.00%
   OVRPBTW: top1=0.461 mean_cost=10.5068 (sbs=10.5068) vs_sbs=+0.00%
   OVRPLTW: top1=0.494 mean_cost=10.1272 (sbs=10.1272) vs_sbs=+0.00%
   VRPBLTW: top1=0.400 mean_cost=19.0045 (sbs=19.5198) vs_sbs=-2.64%
  OVRPBLTW: top1=0.471 mean_cost=10.5412 (sbs=10.5412) vs_sbs=+0.00%
[comparisons epoch 5] true3=0.68409 R42A_top2=0.55654
[best] epoch=5 vs_sbs=-0.879356% top1=0.44578
[train epoch 6] update=180/1422 global=7290 loss=0.62528 cmp=0.51197 KL=0.00556 lr=0.0001 samples/s=1683
[train epoch 6] update=360/1422 global=7470 loss=0.62516 cmp=0.51285 KL=0.00533 lr=0.0001 samples/s=1684
[train epoch 6] update=540/1422 global=7650 loss=0.62445 cmp=0.51163 KL=0.00527 lr=0.0001 samples/s=1682
[train epoch 6] update=720/1422 global=7830 loss=0.62374 cmp=0.51103 KL=0.00526 lr=0.0001 samples/s=1684
[train epoch 6] update=900/1422 global=8010 loss=0.62261 cmp=0.51041 KL=0.00526 lr=0.0001 samples/s=1683
[AMP retry] same batch; lower scale=65536.0
[train epoch 6] update=1080/1422 global=8190 loss=0.62174 cmp=0.50999 KL=0.00521 lr=0.0001 samples/s=1683
[train epoch 6] update=1260/1422 global=8370 loss=0.62189 cmp=0.51030 KL=0.00518 lr=0.0001 samples/s=1683
[train epoch 6] update=1422/1422 global=8532 loss=0.62223 cmp=0.51043 KL=0.00517 lr=0.0001 samples/s=1668
[eval epoch 6] macro_top1=0.4567 top2=0.7946 top3=0.9066 vs_sbs=-0.894% vbs_closed=+18.56%
       TSP: top1=0.351 mean_cost=7.9267 (sbs=7.9578) vs_sbs=-0.39%
      CVRP: top1=0.410 mean_cost=18.2282 (sbs=18.2943) vs_sbs=-0.36%
      ATSP: top1=0.753 mean_cost=1.6395 (sbs=1.6735) vs_sbs=-2.03%
      OVRP: top1=0.337 mean_cost=7.4649 (sbs=7.4617) vs_sbs=+0.04%
      VRPB: top1=0.533 mean_cost=9.3434 (sbs=9.3403) vs_sbs=+0.03%
      VRPL: top1=0.239 mean_cost=12.4327 (sbs=12.4072) vs_sbs=+0.21%
     VRPTW: top1=0.394 mean_cost=17.9593 (sbs=18.6571) vs_sbs=-3.74%
    OVRPTW: top1=0.498 mean_cost=10.0489 (sbs=10.0484) vs_sbs=+0.00%
     OVRPB: top1=0.546 mean_cost=6.3228 (sbs=6.3220) vs_sbs=+0.01%
     OVRPL: top1=0.336 mean_cost=7.4454 (sbs=7.4376) vs_sbs=+0.11%
     VRPBL: top1=0.540 mean_cost=9.3599 (sbs=9.3593) vs_sbs=+0.01%
    VRPBTW: top1=0.470 mean_cost=19.0473 (sbs=19.6697) vs_sbs=-3.16%
    VRPLTW: top1=0.398 mean_cost=17.7158 (sbs=18.5091) vs_sbs=-4.29%
    OVRPBL: top1=0.515 mean_cost=6.3148 (sbs=6.3103) vs_sbs=+0.07%
   OVRPBTW: top1=0.497 mean_cost=10.5072 (sbs=10.5068) vs_sbs=+0.00%
   OVRPLTW: top1=0.479 mean_cost=10.1334 (sbs=10.1272) vs_sbs=+0.06%
   VRPBLTW: top1=0.429 mean_cost=18.9878 (sbs=19.5198) vs_sbs=-2.73%
  OVRPBLTW: top1=0.495 mean_cost=10.5474 (sbs=10.5412) vs_sbs=+0.06%
[comparisons epoch 6] true3=0.68992 R42A_top2=0.56465
[best] epoch=6 vs_sbs=-0.894054% top1=0.45667
[train epoch 7] update=180/1422 global=8712 loss=0.61763 cmp=0.50793 KL=0.00554 lr=0.0001 samples/s=1687
[train epoch 7] update=360/1422 global=8892 loss=0.61433 cmp=0.50562 KL=0.00547 lr=0.0001 samples/s=1688
[train epoch 7] update=540/1422 global=9072 loss=0.61717 cmp=0.50733 KL=0.00527 lr=0.0001 samples/s=1690
[train epoch 7] update=720/1422 global=9252 loss=0.61644 cmp=0.50696 KL=0.00525 lr=0.0001 samples/s=1690
[train epoch 7] update=900/1422 global=9432 loss=0.61666 cmp=0.50718 KL=0.00520 lr=0.0001 samples/s=1691
[train epoch 7] update=1080/1422 global=9612 loss=0.61610 cmp=0.50687 KL=0.00519 lr=0.0001 samples/s=1690
[train epoch 7] update=1260/1422 global=9792 loss=0.61586 cmp=0.50670 KL=0.00517 lr=0.0001 samples/s=1689
[train epoch 7] update=1422/1422 global=9954 loss=0.61584 cmp=0.50662 KL=0.00516 lr=0.0001 samples/s=1673
[eval epoch 7] macro_top1=0.4558 top2=0.8022 top3=0.9133 vs_sbs=-0.907% vbs_closed=+21.17%
       TSP: top1=0.344 mean_cost=7.9364 (sbs=7.9578) vs_sbs=-0.27%
      CVRP: top1=0.388 mean_cost=18.2655 (sbs=18.2943) vs_sbs=-0.16%
      ATSP: top1=0.772 mean_cost=1.6356 (sbs=1.6735) vs_sbs=-2.27%
      OVRP: top1=0.336 mean_cost=7.4632 (sbs=7.4617) vs_sbs=+0.02%
      VRPB: top1=0.504 mean_cost=9.3403 (sbs=9.3403) vs_sbs=+0.00%
      VRPL: top1=0.282 mean_cost=12.4075 (sbs=12.4072) vs_sbs=+0.00%
     VRPTW: top1=0.410 mean_cost=17.9716 (sbs=18.6571) vs_sbs=-3.67%
    OVRPTW: top1=0.476 mean_cost=10.0484 (sbs=10.0484) vs_sbs=+0.00%
     OVRPB: top1=0.545 mean_cost=6.3220 (sbs=6.3220) vs_sbs=+0.00%
     OVRPL: top1=0.353 mean_cost=7.4427 (sbs=7.4376) vs_sbs=+0.07%
     VRPBL: top1=0.528 mean_cost=9.3593 (sbs=9.3593) vs_sbs=+0.00%
    VRPBTW: top1=0.436 mean_cost=19.1087 (sbs=19.6697) vs_sbs=-2.85%
    VRPLTW: top1=0.442 mean_cost=17.6886 (sbs=18.5091) vs_sbs=-4.43%
    OVRPBL: top1=0.555 mean_cost=6.3103 (sbs=6.3103) vs_sbs=+0.00%
   OVRPBTW: top1=0.461 mean_cost=10.5068 (sbs=10.5068) vs_sbs=+0.00%
   OVRPLTW: top1=0.494 mean_cost=10.1272 (sbs=10.1272) vs_sbs=+0.00%
   VRPBLTW: top1=0.408 mean_cost=18.9811 (sbs=19.5198) vs_sbs=-2.76%
  OVRPBLTW: top1=0.471 mean_cost=10.5412 (sbs=10.5412) vs_sbs=+0.00%
[comparisons epoch 7] true3=0.69251 R42A_top2=0.56561
[best] epoch=7 vs_sbs=-0.906706% top1=0.45583
[train epoch 8] update=180/1422 global=10134 loss=0.62110 cmp=0.50924 KL=0.00523 lr=0.0001 samples/s=1696
[AMP retry] same batch; lower scale=65536.0
[train epoch 8] update=360/1422 global=10314 loss=0.61547 cmp=0.50635 KL=0.00523 lr=0.0001 samples/s=1688
[train epoch 8] update=540/1422 global=10494 loss=0.61415 cmp=0.50467 KL=0.00523 lr=0.0001 samples/s=1689
[train epoch 8] update=720/1422 global=10674 loss=0.61302 cmp=0.50385 KL=0.00521 lr=0.0001 samples/s=1689
[train epoch 8] update=900/1422 global=10854 loss=0.61352 cmp=0.50466 KL=0.00518 lr=0.0001 samples/s=1689
[train epoch 8] update=1080/1422 global=11034 loss=0.61250 cmp=0.50400 KL=0.00519 lr=0.0001 samples/s=1687
[train epoch 8] update=1260/1422 global=11214 loss=0.61275 cmp=0.50413 KL=0.00515 lr=0.0001 samples/s=1687
[train epoch 8] update=1422/1422 global=11376 loss=0.61220 cmp=0.50391 KL=0.00514 lr=0.0001 samples/s=1671
[eval epoch 8] macro_top1=0.4484 top2=0.7939 top3=0.9085 vs_sbs=-0.873% vbs_closed=+19.58%
       TSP: top1=0.334 mean_cost=7.9546 (sbs=7.9578) vs_sbs=-0.04%
      CVRP: top1=0.303 mean_cost=18.2925 (sbs=18.2943) vs_sbs=-0.01%
      ATSP: top1=0.686 mean_cost=1.6411 (sbs=1.6735) vs_sbs=-1.94%
      OVRP: top1=0.295 mean_cost=7.4648 (sbs=7.4617) vs_sbs=+0.04%
      VRPB: top1=0.545 mean_cost=9.3393 (sbs=9.3403) vs_sbs=-0.01%
      VRPL: top1=0.305 mean_cost=12.4066 (sbs=12.4072) vs_sbs=-0.00%
     VRPTW: top1=0.378 mean_cost=18.0196 (sbs=18.6571) vs_sbs=-3.42%
    OVRPTW: top1=0.484 mean_cost=10.0468 (sbs=10.0484) vs_sbs=-0.02%
     OVRPB: top1=0.551 mean_cost=6.3236 (sbs=6.3220) vs_sbs=+0.03%
     OVRPL: top1=0.349 mean_cost=7.4359 (sbs=7.4376) vs_sbs=-0.02%
     VRPBL: top1=0.548 mean_cost=9.3561 (sbs=9.3593) vs_sbs=-0.03%
    VRPBTW: top1=0.413 mean_cost=19.0772 (sbs=19.6697) vs_sbs=-3.01%
    VRPLTW: top1=0.442 mean_cost=17.6962 (sbs=18.5091) vs_sbs=-4.39%
    OVRPBL: top1=0.532 mean_cost=6.3078 (sbs=6.3103) vs_sbs=-0.04%
   OVRPBTW: top1=0.500 mean_cost=10.5013 (sbs=10.5068) vs_sbs=-0.05%
   OVRPLTW: top1=0.478 mean_cost=10.1314 (sbs=10.1272) vs_sbs=+0.04%
   VRPBLTW: top1=0.434 mean_cost=18.9723 (sbs=19.5198) vs_sbs=-2.80%
  OVRPBLTW: top1=0.495 mean_cost=10.5385 (sbs=10.5412) vs_sbs=-0.03%
[comparisons epoch 8] true3=0.68803 R42A_top2=0.55707
[train epoch 9] update=180/1422 global=11556 loss=0.61545 cmp=0.50746 KL=0.00513 lr=0.0001 samples/s=1683
[train epoch 9] update=360/1422 global=11736 loss=0.61289 cmp=0.50493 KL=0.00511 lr=0.0001 samples/s=1684
[train epoch 9] update=540/1422 global=11916 loss=0.61073 cmp=0.50311 KL=0.00510 lr=0.0001 samples/s=1683
[train epoch 9] update=720/1422 global=12096 loss=0.60947 cmp=0.50240 KL=0.00515 lr=0.0001 samples/s=1682
[train epoch 9] update=900/1422 global=12276 loss=0.60929 cmp=0.50224 KL=0.00517 lr=0.0001 samples/s=1682
[AMP retry] same batch; lower scale=65536.0
[train epoch 9] update=1080/1422 global=12456 loss=0.60857 cmp=0.50180 KL=0.00516 lr=0.0001 samples/s=1680
[train epoch 9] update=1260/1422 global=12636 loss=0.60887 cmp=0.50191 KL=0.00514 lr=0.0001 samples/s=1680
[train epoch 9] update=1422/1422 global=12798 loss=0.60866 cmp=0.50177 KL=0.00514 lr=0.0001 samples/s=1665
[eval epoch 9] macro_top1=0.4548 top2=0.7889 top3=0.9027 vs_sbs=-0.951% vbs_closed=+23.89%
       TSP: top1=0.362 mean_cost=7.9186 (sbs=7.9578) vs_sbs=-0.49%
      CVRP: top1=0.221 mean_cost=18.2980 (sbs=18.2943) vs_sbs=+0.02%
      ATSP: top1=0.767 mean_cost=1.6354 (sbs=1.6735) vs_sbs=-2.28%
      OVRP: top1=0.326 mean_cost=7.4584 (sbs=7.4617) vs_sbs=-0.04%
      VRPB: top1=0.543 mean_cost=9.3361 (sbs=9.3403) vs_sbs=-0.04%
      VRPL: top1=0.274 mean_cost=12.4138 (sbs=12.4072) vs_sbs=+0.05%
     VRPTW: top1=0.398 mean_cost=17.9465 (sbs=18.6571) vs_sbs=-3.81%
    OVRPTW: top1=0.496 mean_cost=10.0464 (sbs=10.0484) vs_sbs=-0.02%
     OVRPB: top1=0.585 mean_cost=6.3156 (sbs=6.3220) vs_sbs=-0.10%
     OVRPL: top1=0.348 mean_cost=7.4371 (sbs=7.4376) vs_sbs=-0.01%
     VRPBL: top1=0.543 mean_cost=9.3571 (sbs=9.3593) vs_sbs=-0.02%
    VRPBTW: top1=0.446 mean_cost=19.0552 (sbs=19.6697) vs_sbs=-3.12%
    VRPLTW: top1=0.434 mean_cost=17.6805 (sbs=18.5091) vs_sbs=-4.48%
    OVRPBL: top1=0.569 mean_cost=6.3052 (sbs=6.3103) vs_sbs=-0.08%
   OVRPBTW: top1=0.484 mean_cost=10.5006 (sbs=10.5068) vs_sbs=-0.06%
   OVRPLTW: top1=0.490 mean_cost=10.1293 (sbs=10.1272) vs_sbs=+0.02%
   VRPBLTW: top1=0.420 mean_cost=19.0021 (sbs=19.5198) vs_sbs=-2.65%
  OVRPBLTW: top1=0.480 mean_cost=10.5414 (sbs=10.5412) vs_sbs=+0.00%
[comparisons epoch 9] true3=0.68870 R42A_top2=0.55943
[best] epoch=9 vs_sbs=-0.950947% top1=0.45478
[train epoch 10] update=180/1422 global=12978 loss=0.60766 cmp=0.50027 KL=0.00493 lr=0.0001 samples/s=1690
[train epoch 10] update=360/1422 global=13158 loss=0.60651 cmp=0.50043 KL=0.00499 lr=0.0001 samples/s=1689
[AMP retry] same batch; lower scale=32768.0
[train epoch 10] update=540/1422 global=13338 loss=0.60560 cmp=0.50011 KL=0.00506 lr=0.0001 samples/s=1683
[train epoch 10] update=720/1422 global=13518 loss=0.60574 cmp=0.49989 KL=0.00508 lr=0.0001 samples/s=1684
[train epoch 10] update=900/1422 global=13698 loss=0.60516 cmp=0.49975 KL=0.00511 lr=0.0001 samples/s=1685
[train epoch 10] update=1080/1422 global=13878 loss=0.60537 cmp=0.49974 KL=0.00510 lr=0.0001 samples/s=1685
[train epoch 10] update=1260/1422 global=14058 loss=0.60537 cmp=0.49961 KL=0.00508 lr=0.0001 samples/s=1686
[train epoch 10] update=1422/1422 global=14220 loss=0.60566 cmp=0.49993 KL=0.00508 lr=0.0001 samples/s=1670
[train_eval epoch 10] top1=0.45578 CE=1.14534 actual_regret=1.10933%
[eval epoch 10] macro_top1=0.4521 top2=0.7967 top3=0.9083 vs_sbs=-0.891% vbs_closed=+20.82%
       TSP: top1=0.371 mean_cost=7.9240 (sbs=7.9578) vs_sbs=-0.42%
      CVRP: top1=0.300 mean_cost=18.3024 (sbs=18.2943) vs_sbs=+0.04%
      ATSP: top1=0.677 mean_cost=1.6517 (sbs=1.6735) vs_sbs=-1.31%
      OVRP: top1=0.308 mean_cost=7.4632 (sbs=7.4617) vs_sbs=+0.02%
      VRPB: top1=0.540 mean_cost=9.3350 (sbs=9.3403) vs_sbs=-0.06%
      VRPL: top1=0.293 mean_cost=12.4062 (sbs=12.4072) vs_sbs=-0.01%
     VRPTW: top1=0.386 mean_cost=17.9453 (sbs=18.6571) vs_sbs=-3.82%
    OVRPTW: top1=0.506 mean_cost=10.0427 (sbs=10.0484) vs_sbs=-0.06%
     OVRPB: top1=0.557 mean_cost=6.3197 (sbs=6.3220) vs_sbs=-0.04%
     OVRPL: top1=0.348 mean_cost=7.4419 (sbs=7.4376) vs_sbs=+0.06%
     VRPBL: top1=0.535 mean_cost=9.3582 (sbs=9.3593) vs_sbs=-0.01%
    VRPBTW: top1=0.448 mean_cost=19.0710 (sbs=19.6697) vs_sbs=-3.04%
    VRPLTW: top1=0.433 mean_cost=17.6657 (sbs=18.5091) vs_sbs=-4.56%
    OVRPBL: top1=0.555 mean_cost=6.3103 (sbs=6.3103) vs_sbs=+0.00%
   OVRPBTW: top1=0.501 mean_cost=10.4957 (sbs=10.5068) vs_sbs=-0.11%
   OVRPLTW: top1=0.481 mean_cost=10.1323 (sbs=10.1272) vs_sbs=+0.05%
   VRPBLTW: top1=0.416 mean_cost=18.9791 (sbs=19.5198) vs_sbs=-2.77%
  OVRPBLTW: top1=0.483 mean_cost=10.5385 (sbs=10.5412) vs_sbs=-0.03%
[comparisons epoch 10] true3=0.68937 R42A_top2=0.55640
[train epoch 11] update=180/1422 global=14400 loss=0.60185 cmp=0.49749 KL=0.00506 lr=0.0001 samples/s=1688
[train epoch 11] update=360/1422 global=14580 loss=0.60225 cmp=0.49772 KL=0.00510 lr=0.0001 samples/s=1687
[train epoch 11] update=540/1422 global=14760 loss=0.60413 cmp=0.49913 KL=0.00505 lr=0.0001 samples/s=1687
[train epoch 11] update=720/1422 global=14940 loss=0.60433 cmp=0.49954 KL=0.00502 lr=0.0001 samples/s=1688
[train epoch 11] update=900/1422 global=15120 loss=0.60485 cmp=0.49985 KL=0.00506 lr=0.0001 samples/s=1687
[train epoch 11] update=1080/1422 global=15300 loss=0.60378 cmp=0.49925 KL=0.00507 lr=0.0001 samples/s=1686
[train epoch 11] update=1260/1422 global=15480 loss=0.60379 cmp=0.49878 KL=0.00506 lr=0.0001 samples/s=1687
[train epoch 11] update=1422/1422 global=15642 loss=0.60365 cmp=0.49852 KL=0.00506 lr=0.0001 samples/s=1671
[eval epoch 11] macro_top1=0.4628 top2=0.8032 top3=0.9124 vs_sbs=-0.913% vbs_closed=+24.09%
       TSP: top1=0.362 mean_cost=7.9234 (sbs=7.9578) vs_sbs=-0.43%
      CVRP: top1=0.444 mean_cost=18.2220 (sbs=18.2943) vs_sbs=-0.40%
      ATSP: top1=0.715 mean_cost=1.6496 (sbs=1.6735) vs_sbs=-1.43%
      OVRP: top1=0.316 mean_cost=7.4603 (sbs=7.4617) vs_sbs=-0.02%
      VRPB: top1=0.533 mean_cost=9.3366 (sbs=9.3403) vs_sbs=-0.04%
      VRPL: top1=0.301 mean_cost=12.4083 (sbs=12.4072) vs_sbs=+0.01%
     VRPTW: top1=0.376 mean_cost=17.9724 (sbs=18.6571) vs_sbs=-3.67%
    OVRPTW: top1=0.496 mean_cost=10.0434 (sbs=10.0484) vs_sbs=-0.05%
     OVRPB: top1=0.569 mean_cost=6.3176 (sbs=6.3220) vs_sbs=-0.07%
     OVRPL: top1=0.353 mean_cost=7.4385 (sbs=7.4376) vs_sbs=+0.01%
     VRPBL: top1=0.541 mean_cost=9.3576 (sbs=9.3593) vs_sbs=-0.02%
    VRPBTW: top1=0.455 mean_cost=19.0693 (sbs=19.6697) vs_sbs=-3.05%
    VRPLTW: top1=0.406 mean_cost=17.7026 (sbs=18.5091) vs_sbs=-4.36%
    OVRPBL: top1=0.560 mean_cost=6.3072 (sbs=6.3103) vs_sbs=-0.05%
   OVRPBTW: top1=0.494 mean_cost=10.5037 (sbs=10.5068) vs_sbs=-0.03%
   OVRPLTW: top1=0.503 mean_cost=10.1271 (sbs=10.1272) vs_sbs=-0.00%
   VRPBLTW: top1=0.416 mean_cost=18.9762 (sbs=19.5198) vs_sbs=-2.78%
  OVRPBLTW: top1=0.491 mean_cost=10.5355 (sbs=10.5412) vs_sbs=-0.05%
[comparisons epoch 11] true3=0.69244 R42A_top2=0.56981
[train epoch 12] update=180/1422 global=15822 loss=0.59888 cmp=0.49479 KL=0.00522 lr=0.0001 samples/s=1683
[train epoch 12] update=360/1422 global=16002 loss=0.59845 cmp=0.49495 KL=0.00527 lr=0.0001 samples/s=1683
[train epoch 12] update=540/1422 global=16182 loss=0.59894 cmp=0.49583 KL=0.00520 lr=0.0001 samples/s=1683
[train epoch 12] update=720/1422 global=16362 loss=0.59965 cmp=0.49619 KL=0.00519 lr=0.0001 samples/s=1682
[train epoch 12] update=900/1422 global=16542 loss=0.59958 cmp=0.49602 KL=0.00520 lr=0.0001 samples/s=1680
[train epoch 12] update=1080/1422 global=16722 loss=0.59978 cmp=0.49641 KL=0.00520 lr=0.0001 samples/s=1680
[train epoch 12] update=1260/1422 global=16902 loss=0.59974 cmp=0.49634 KL=0.00521 lr=0.0001 samples/s=1681
[train epoch 12] update=1422/1422 global=17064 loss=0.59972 cmp=0.49632 KL=0.00521 lr=0.0001 samples/s=1665
[eval epoch 12] macro_top1=0.4660 top2=0.8089 top3=0.9189 vs_sbs=-0.970% vbs_closed=+25.21%
       TSP: top1=0.362 mean_cost=7.9281 (sbs=7.9578) vs_sbs=-0.37%
      CVRP: top1=0.477 mean_cost=18.2135 (sbs=18.2943) vs_sbs=-0.44%
      ATSP: top1=0.759 mean_cost=1.6397 (sbs=1.6735) vs_sbs=-2.02%
      OVRP: top1=0.290 mean_cost=7.4653 (sbs=7.4617) vs_sbs=+0.05%
      VRPB: top1=0.516 mean_cost=9.3404 (sbs=9.3403) vs_sbs=+0.00%
      VRPL: top1=0.286 mean_cost=12.4122 (sbs=12.4072) vs_sbs=+0.04%
     VRPTW: top1=0.417 mean_cost=17.9152 (sbs=18.6571) vs_sbs=-3.98%
    OVRPTW: top1=0.481 mean_cost=10.0454 (sbs=10.0484) vs_sbs=-0.03%
     OVRPB: top1=0.583 mean_cost=6.3158 (sbs=6.3220) vs_sbs=-0.10%
     OVRPL: top1=0.362 mean_cost=7.4343 (sbs=7.4376) vs_sbs=-0.04%
     VRPBL: top1=0.531 mean_cost=9.3592 (sbs=9.3593) vs_sbs=-0.00%
    VRPBTW: top1=0.456 mean_cost=19.0333 (sbs=19.6697) vs_sbs=-3.24%
    VRPLTW: top1=0.412 mean_cost=17.6960 (sbs=18.5091) vs_sbs=-4.39%
    OVRPBL: top1=0.578 mean_cost=6.3044 (sbs=6.3103) vs_sbs=-0.09%
   OVRPBTW: top1=0.469 mean_cost=10.5039 (sbs=10.5068) vs_sbs=-0.03%
   OVRPLTW: top1=0.512 mean_cost=10.1249 (sbs=10.1272) vs_sbs=-0.02%
   VRPBLTW: top1=0.422 mean_cost=18.9724 (sbs=19.5198) vs_sbs=-2.80%
  OVRPBLTW: top1=0.475 mean_cost=10.5417 (sbs=10.5412) vs_sbs=+0.01%
[comparisons epoch 12] true3=0.69653 R42A_top2=0.56815
[best] epoch=12 vs_sbs=-0.970400% top1=0.46600
[train epoch 13] update=180/1422 global=17244 loss=0.59755 cmp=0.49621 KL=0.00535 lr=0.0001 samples/s=1695
[train epoch 13] update=360/1422 global=17424 loss=0.59793 cmp=0.49504 KL=0.00537 lr=0.0001 samples/s=1688
[AMP retry] same batch; lower scale=65536.0
[train epoch 13] update=540/1422 global=17604 loss=0.59731 cmp=0.49502 KL=0.00536 lr=0.0001 samples/s=1683
[train epoch 13] update=720/1422 global=17784 loss=0.59821 cmp=0.49559 KL=0.00530 lr=0.0001 samples/s=1683
[train epoch 13] update=900/1422 global=17964 loss=0.59865 cmp=0.49596 KL=0.00526 lr=0.0001 samples/s=1684
[train epoch 13] update=1080/1422 global=18144 loss=0.59821 cmp=0.49577 KL=0.00523 lr=0.0001 samples/s=1684
[train epoch 13] update=1260/1422 global=18324 loss=0.59772 cmp=0.49530 KL=0.00521 lr=0.0001 samples/s=1684
[train epoch 13] update=1422/1422 global=18486 loss=0.59758 cmp=0.49513 KL=0.00520 lr=0.0001 samples/s=1669
[eval epoch 13] macro_top1=0.4719 top2=0.8043 top3=0.9139 vs_sbs=-0.963% vbs_closed=+25.86%
       TSP: top1=0.337 mean_cost=7.9294 (sbs=7.9578) vs_sbs=-0.36%
      CVRP: top1=0.388 mean_cost=18.2727 (sbs=18.2943) vs_sbs=-0.12%
      ATSP: top1=0.767 mean_cost=1.6378 (sbs=1.6735) vs_sbs=-2.13%
      OVRP: top1=0.364 mean_cost=7.4539 (sbs=7.4617) vs_sbs=-0.10%
      VRPB: top1=0.549 mean_cost=9.3351 (sbs=9.3403) vs_sbs=-0.06%
      VRPL: top1=0.314 mean_cost=12.4036 (sbs=12.4072) vs_sbs=-0.03%
     VRPTW: top1=0.434 mean_cost=17.9436 (sbs=18.6571) vs_sbs=-3.82%
    OVRPTW: top1=0.493 mean_cost=10.0505 (sbs=10.0484) vs_sbs=+0.02%
     OVRPB: top1=0.583 mean_cost=6.3142 (sbs=6.3220) vs_sbs=-0.12%
     OVRPL: top1=0.367 mean_cost=7.4343 (sbs=7.4376) vs_sbs=-0.04%
     VRPBL: top1=0.545 mean_cost=9.3563 (sbs=9.3593) vs_sbs=-0.03%
    VRPBTW: top1=0.426 mean_cost=19.0991 (sbs=19.6697) vs_sbs=-2.90%
    VRPLTW: top1=0.449 mean_cost=17.6470 (sbs=18.5091) vs_sbs=-4.66%
    OVRPBL: top1=0.565 mean_cost=6.3055 (sbs=6.3103) vs_sbs=-0.08%
   OVRPBTW: top1=0.517 mean_cost=10.4939 (sbs=10.5068) vs_sbs=-0.12%
   OVRPLTW: top1=0.482 mean_cost=10.1300 (sbs=10.1272) vs_sbs=+0.03%
   VRPBLTW: top1=0.415 mean_cost=18.9855 (sbs=19.5198) vs_sbs=-2.74%
  OVRPBLTW: top1=0.500 mean_cost=10.5338 (sbs=10.5412) vs_sbs=-0.07%
[comparisons epoch 13] true3=0.69576 R42A_top2=0.57543
[train epoch 14] update=180/1422 global=18666 loss=0.59780 cmp=0.49618 KL=0.00533 lr=0.0001 samples/s=1685
[train epoch 14] update=360/1422 global=18846 loss=0.59479 cmp=0.49367 KL=0.00533 lr=0.0001 samples/s=1683
[train epoch 14] update=540/1422 global=19026 loss=0.59582 cmp=0.49421 KL=0.00538 lr=0.0001 samples/s=1686
[train epoch 14] update=720/1422 global=19206 loss=0.59558 cmp=0.49405 KL=0.00532 lr=0.0001 samples/s=1687
[train epoch 14] update=900/1422 global=19386 loss=0.59497 cmp=0.49380 KL=0.00531 lr=0.0001 samples/s=1687
[AMP retry] same batch; lower scale=65536.0
[train epoch 14] update=1080/1422 global=19566 loss=0.59506 cmp=0.49375 KL=0.00528 lr=0.0001 samples/s=1684
[train epoch 14] update=1260/1422 global=19746 loss=0.59487 cmp=0.49338 KL=0.00529 lr=0.0001 samples/s=1685
[train epoch 14] update=1422/1422 global=19908 loss=0.59532 cmp=0.49370 KL=0.00527 lr=0.0001 samples/s=1669
[eval epoch 14] macro_top1=0.4633 top2=0.8007 top3=0.9108 vs_sbs=-0.901% vbs_closed=+22.73%
       TSP: top1=0.350 mean_cost=7.9353 (sbs=7.9578) vs_sbs=-0.28%
      CVRP: top1=0.412 mean_cost=18.2527 (sbs=18.2943) vs_sbs=-0.23%
      ATSP: top1=0.693 mean_cost=1.6519 (sbs=1.6735) vs_sbs=-1.29%
      OVRP: top1=0.333 mean_cost=7.4580 (sbs=7.4617) vs_sbs=-0.05%
      VRPB: top1=0.552 mean_cost=9.3322 (sbs=9.3403) vs_sbs=-0.09%
      VRPL: top1=0.278 mean_cost=12.4173 (sbs=12.4072) vs_sbs=+0.08%
     VRPTW: top1=0.433 mean_cost=17.9275 (sbs=18.6571) vs_sbs=-3.91%
    OVRPTW: top1=0.494 mean_cost=10.0438 (sbs=10.0484) vs_sbs=-0.05%
     OVRPB: top1=0.565 mean_cost=6.3198 (sbs=6.3220) vs_sbs=-0.03%
     OVRPL: top1=0.367 mean_cost=7.4331 (sbs=7.4376) vs_sbs=-0.06%
     VRPBL: top1=0.533 mean_cost=9.3583 (sbs=9.3593) vs_sbs=-0.01%
    VRPBTW: top1=0.419 mean_cost=19.0709 (sbs=19.6697) vs_sbs=-3.04%
    VRPLTW: top1=0.409 mean_cost=17.7155 (sbs=18.5091) vs_sbs=-4.29%
    OVRPBL: top1=0.579 mean_cost=6.3027 (sbs=6.3103) vs_sbs=-0.12%
   OVRPBTW: top1=0.505 mean_cost=10.4994 (sbs=10.5068) vs_sbs=-0.07%
   OVRPLTW: top1=0.500 mean_cost=10.1271 (sbs=10.1272) vs_sbs=-0.00%
   VRPBLTW: top1=0.431 mean_cost=18.9814 (sbs=19.5198) vs_sbs=-2.76%
  OVRPBLTW: top1=0.486 mean_cost=10.5384 (sbs=10.5412) vs_sbs=-0.03%
[comparisons epoch 14] true3=0.69362 R42A_top2=0.56697
[train epoch 15] update=180/1422 global=20088 loss=0.59840 cmp=0.49662 KL=0.00532 lr=0.0001 samples/s=1683
[train epoch 15] update=360/1422 global=20268 loss=0.59660 cmp=0.49526 KL=0.00527 lr=0.0001 samples/s=1680
[train epoch 15] update=540/1422 global=20448 loss=0.59601 cmp=0.49417 KL=0.00531 lr=0.0001 samples/s=1679
[train epoch 15] update=720/1422 global=20628 loss=0.59595 cmp=0.49431 KL=0.00527 lr=0.0001 samples/s=1679
[train epoch 15] update=900/1422 global=20808 loss=0.59520 cmp=0.49399 KL=0.00528 lr=0.0001 samples/s=1680
[train epoch 15] update=1080/1422 global=20988 loss=0.59541 cmp=0.49402 KL=0.00526 lr=0.0001 samples/s=1680
[train epoch 15] update=1260/1422 global=21168 loss=0.59509 cmp=0.49382 KL=0.00526 lr=0.0001 samples/s=1681
[AMP retry] same batch; lower scale=32768.0
[train epoch 15] update=1422/1422 global=21330 loss=0.59538 cmp=0.49393 KL=0.00525 lr=0.0001 samples/s=1663
[train_eval epoch 15] top1=0.46363 CE=1.17270 actual_regret=1.05734%
[eval epoch 15] macro_top1=0.4588 top2=0.7999 top3=0.9134 vs_sbs=-0.937% vbs_closed=+23.95%
       TSP: top1=0.358 mean_cost=7.9182 (sbs=7.9578) vs_sbs=-0.50%
      CVRP: top1=0.361 mean_cost=18.3153 (sbs=18.2943) vs_sbs=+0.11%
      ATSP: top1=0.648 mean_cost=1.6411 (sbs=1.6735) vs_sbs=-1.94%
      OVRP: top1=0.354 mean_cost=7.4552 (sbs=7.4617) vs_sbs=-0.09%
      VRPB: top1=0.546 mean_cost=9.3343 (sbs=9.3403) vs_sbs=-0.06%
      VRPL: top1=0.317 mean_cost=12.4043 (sbs=12.4072) vs_sbs=-0.02%
     VRPTW: top1=0.397 mean_cost=17.9472 (sbs=18.6571) vs_sbs=-3.80%
    OVRPTW: top1=0.509 mean_cost=10.0423 (sbs=10.0484) vs_sbs=-0.06%
     OVRPB: top1=0.565 mean_cost=6.3190 (sbs=6.3220) vs_sbs=-0.05%
     OVRPL: top1=0.326 mean_cost=7.4418 (sbs=7.4376) vs_sbs=+0.06%
     VRPBL: top1=0.547 mean_cost=9.3545 (sbs=9.3593) vs_sbs=-0.05%
    VRPBTW: top1=0.445 mean_cost=19.0831 (sbs=19.6697) vs_sbs=-2.98%
    VRPLTW: top1=0.427 mean_cost=17.6632 (sbs=18.5091) vs_sbs=-4.57%
    OVRPBL: top1=0.550 mean_cost=6.3058 (sbs=6.3103) vs_sbs=-0.07%
   OVRPBTW: top1=0.505 mean_cost=10.4993 (sbs=10.5068) vs_sbs=-0.07%
   OVRPLTW: top1=0.493 mean_cost=10.1267 (sbs=10.1272) vs_sbs=-0.00%
   VRPBLTW: top1=0.424 mean_cost=18.9848 (sbs=19.5198) vs_sbs=-2.74%
  OVRPBLTW: top1=0.487 mean_cost=10.5388 (sbs=10.5412) vs_sbs=-0.02%
[comparisons epoch 15] true3=0.68815 R42A_top2=0.56343
[schedule] validation cost plateau: next lr=5e-05
[train epoch 16] update=180/1422 global=21510 loss=0.58981 cmp=0.49182 KL=0.00528 lr=5e-05 samples/s=1692
[train epoch 16] update=360/1422 global=21690 loss=0.58638 cmp=0.48874 KL=0.00538 lr=5e-05 samples/s=1697
[train epoch 16] update=540/1422 global=21870 loss=0.58539 cmp=0.48777 KL=0.00540 lr=5e-05 samples/s=1695
[train epoch 16] update=720/1422 global=22050 loss=0.58420 cmp=0.48694 KL=0.00553 lr=5e-05 samples/s=1694
[train epoch 16] update=900/1422 global=22230 loss=0.58461 cmp=0.48728 KL=0.00556 lr=5e-05 samples/s=1693
[train epoch 16] update=1080/1422 global=22410 loss=0.58426 cmp=0.48707 KL=0.00556 lr=5e-05 samples/s=1691
[train epoch 16] update=1260/1422 global=22590 loss=0.58335 cmp=0.48637 KL=0.00559 lr=5e-05 samples/s=1689
[train epoch 16] update=1422/1422 global=22752 loss=0.58324 cmp=0.48641 KL=0.00561 lr=5e-05 samples/s=1674
[eval epoch 16] macro_top1=0.4758 top2=0.8124 top3=0.9228 vs_sbs=-1.022% vbs_closed=+28.15%
       TSP: top1=0.363 mean_cost=7.9185 (sbs=7.9578) vs_sbs=-0.49%
      CVRP: top1=0.453 mean_cost=18.2265 (sbs=18.2943) vs_sbs=-0.37%
      ATSP: top1=0.779 mean_cost=1.6351 (sbs=1.6735) vs_sbs=-2.30%
      OVRP: top1=0.315 mean_cost=7.4605 (sbs=7.4617) vs_sbs=-0.02%
      VRPB: top1=0.549 mean_cost=9.3343 (sbs=9.3403) vs_sbs=-0.06%
      VRPL: top1=0.303 mean_cost=12.4085 (sbs=12.4072) vs_sbs=+0.01%
     VRPTW: top1=0.434 mean_cost=17.9070 (sbs=18.6571) vs_sbs=-4.02%
    OVRPTW: top1=0.513 mean_cost=10.0392 (sbs=10.0484) vs_sbs=-0.09%
     OVRPB: top1=0.578 mean_cost=6.3148 (sbs=6.3220) vs_sbs=-0.11%
     OVRPL: top1=0.374 mean_cost=7.4344 (sbs=7.4376) vs_sbs=-0.04%
     VRPBL: top1=0.551 mean_cost=9.3553 (sbs=9.3593) vs_sbs=-0.04%
    VRPBTW: top1=0.447 mean_cost=19.0538 (sbs=19.6697) vs_sbs=-3.13%
    VRPLTW: top1=0.445 mean_cost=17.6446 (sbs=18.5091) vs_sbs=-4.67%
    OVRPBL: top1=0.570 mean_cost=6.3051 (sbs=6.3103) vs_sbs=-0.08%
   OVRPBTW: top1=0.473 mean_cost=10.5068 (sbs=10.5068) vs_sbs=+0.00%
   OVRPLTW: top1=0.500 mean_cost=10.1294 (sbs=10.1272) vs_sbs=+0.02%
   VRPBLTW: top1=0.430 mean_cost=18.9432 (sbs=19.5198) vs_sbs=-2.95%
  OVRPBLTW: top1=0.487 mean_cost=10.5361 (sbs=10.5412) vs_sbs=-0.05%
[comparisons epoch 16] true3=0.69922 R42A_top2=0.57650
[best] epoch=16 vs_sbs=-1.022464% top1=0.47578
[train epoch 17] update=180/1422 global=22932 loss=0.58223 cmp=0.48557 KL=0.00579 lr=5e-05 samples/s=1688
[train epoch 17] update=360/1422 global=23112 loss=0.58196 cmp=0.48556 KL=0.00589 lr=5e-05 samples/s=1689
[train epoch 17] update=540/1422 global=23292 loss=0.58038 cmp=0.48484 KL=0.00590 lr=5e-05 samples/s=1686
[train epoch 17] update=720/1422 global=23472 loss=0.58055 cmp=0.48509 KL=0.00588 lr=5e-05 samples/s=1686
[train epoch 17] update=900/1422 global=23652 loss=0.58104 cmp=0.48520 KL=0.00587 lr=5e-05 samples/s=1684
[train epoch 17] update=1080/1422 global=23832 loss=0.58130 cmp=0.48547 KL=0.00587 lr=5e-05 samples/s=1686
[train epoch 17] update=1260/1422 global=24012 loss=0.58116 cmp=0.48521 KL=0.00587 lr=5e-05 samples/s=1686
[train epoch 17] update=1422/1422 global=24174 loss=0.58123 cmp=0.48529 KL=0.00588 lr=5e-05 samples/s=1671
[eval epoch 17] macro_top1=0.4784 top2=0.8156 top3=0.9238 vs_sbs=-1.013% vbs_closed=+29.34%
       TSP: top1=0.376 mean_cost=7.9155 (sbs=7.9578) vs_sbs=-0.53%
      CVRP: top1=0.480 mean_cost=18.2006 (sbs=18.2943) vs_sbs=-0.51%
      ATSP: top1=0.768 mean_cost=1.6364 (sbs=1.6735) vs_sbs=-2.22%
      OVRP: top1=0.342 mean_cost=7.4561 (sbs=7.4617) vs_sbs=-0.07%
      VRPB: top1=0.545 mean_cost=9.3342 (sbs=9.3403) vs_sbs=-0.06%
      VRPL: top1=0.311 mean_cost=12.4034 (sbs=12.4072) vs_sbs=-0.03%
     VRPTW: top1=0.431 mean_cost=17.9141 (sbs=18.6571) vs_sbs=-3.98%
    OVRPTW: top1=0.500 mean_cost=10.0456 (sbs=10.0484) vs_sbs=-0.03%
     OVRPB: top1=0.556 mean_cost=6.3195 (sbs=6.3220) vs_sbs=-0.04%
     OVRPL: top1=0.373 mean_cost=7.4337 (sbs=7.4376) vs_sbs=-0.05%
     VRPBL: top1=0.538 mean_cost=9.3578 (sbs=9.3593) vs_sbs=-0.02%
    VRPBTW: top1=0.432 mean_cost=19.0706 (sbs=19.6697) vs_sbs=-3.05%
    VRPLTW: top1=0.454 mean_cost=17.6868 (sbs=18.5091) vs_sbs=-4.44%
    OVRPBL: top1=0.580 mean_cost=6.3021 (sbs=6.3103) vs_sbs=-0.13%
   OVRPBTW: top1=0.503 mean_cost=10.5028 (sbs=10.5068) vs_sbs=-0.04%
   OVRPLTW: top1=0.490 mean_cost=10.1277 (sbs=10.1272) vs_sbs=+0.00%
   VRPBLTW: top1=0.424 mean_cost=18.9498 (sbs=19.5198) vs_sbs=-2.92%
  OVRPBLTW: top1=0.508 mean_cost=10.5288 (sbs=10.5412) vs_sbs=-0.12%
[comparisons epoch 17] true3=0.69946 R42A_top2=0.57766
[train epoch 18] update=180/1422 global=24354 loss=0.57923 cmp=0.48380 KL=0.00594 lr=5e-05 samples/s=1680
[train epoch 18] update=360/1422 global=24534 loss=0.57978 cmp=0.48424 KL=0.00603 lr=5e-05 samples/s=1684
[train epoch 18] update=540/1422 global=24714 loss=0.58129 cmp=0.48488 KL=0.00603 lr=5e-05 samples/s=1684
[train epoch 18] update=720/1422 global=24894 loss=0.58098 cmp=0.48471 KL=0.00603 lr=5e-05 samples/s=1682
[train epoch 18] update=900/1422 global=25074 loss=0.58051 cmp=0.48463 KL=0.00602 lr=5e-05 samples/s=1683
[train epoch 18] update=1080/1422 global=25254 loss=0.58027 cmp=0.48439 KL=0.00601 lr=5e-05 samples/s=1682
[AMP retry] same batch; lower scale=65536.0
[train epoch 18] update=1260/1422 global=25434 loss=0.58043 cmp=0.48468 KL=0.00602 lr=5e-05 samples/s=1680
[train epoch 18] update=1422/1422 global=25596 loss=0.58050 cmp=0.48475 KL=0.00602 lr=5e-05 samples/s=1664
[eval epoch 18] macro_top1=0.4767 top2=0.8131 top3=0.9231 vs_sbs=-1.003% vbs_closed=+28.62%
       TSP: top1=0.367 mean_cost=7.9157 (sbs=7.9578) vs_sbs=-0.53%
      CVRP: top1=0.481 mean_cost=18.1999 (sbs=18.2943) vs_sbs=-0.52%
      ATSP: top1=0.745 mean_cost=1.6408 (sbs=1.6735) vs_sbs=-1.96%
      OVRP: top1=0.347 mean_cost=7.4545 (sbs=7.4617) vs_sbs=-0.10%
      VRPB: top1=0.559 mean_cost=9.3308 (sbs=9.3403) vs_sbs=-0.10%
      VRPL: top1=0.303 mean_cost=12.4075 (sbs=12.4072) vs_sbs=+0.00%
     VRPTW: top1=0.432 mean_cost=17.9190 (sbs=18.6571) vs_sbs=-3.96%
    OVRPTW: top1=0.501 mean_cost=10.0444 (sbs=10.0484) vs_sbs=-0.04%
     OVRPB: top1=0.566 mean_cost=6.3177 (sbs=6.3220) vs_sbs=-0.07%
     OVRPL: top1=0.362 mean_cost=7.4357 (sbs=7.4376) vs_sbs=-0.03%
     VRPBL: top1=0.539 mean_cost=9.3554 (sbs=9.3593) vs_sbs=-0.04%
    VRPBTW: top1=0.426 mean_cost=19.0623 (sbs=19.6697) vs_sbs=-3.09%
    VRPLTW: top1=0.448 mean_cost=17.6524 (sbs=18.5091) vs_sbs=-4.63%
    OVRPBL: top1=0.580 mean_cost=6.3053 (sbs=6.3103) vs_sbs=-0.08%
   OVRPBTW: top1=0.504 mean_cost=10.5017 (sbs=10.5068) vs_sbs=-0.05%
   OVRPLTW: top1=0.497 mean_cost=10.1252 (sbs=10.1272) vs_sbs=-0.02%
   VRPBLTW: top1=0.429 mean_cost=18.9622 (sbs=19.5198) vs_sbs=-2.86%
  OVRPBLTW: top1=0.494 mean_cost=10.5408 (sbs=10.5412) vs_sbs=-0.00%
[comparisons epoch 18] true3=0.69981 R42A_top2=0.57865
[train epoch 19] update=180/1422 global=25776 loss=0.57771 cmp=0.48291 KL=0.00616 lr=5e-05 samples/s=1687
[train epoch 19] update=360/1422 global=25956 loss=0.57953 cmp=0.48406 KL=0.00620 lr=5e-05 samples/s=1687
[train epoch 19] update=540/1422 global=26136 loss=0.57942 cmp=0.48416 KL=0.00618 lr=5e-05 samples/s=1687
[train epoch 19] update=720/1422 global=26316 loss=0.57960 cmp=0.48458 KL=0.00619 lr=5e-05 samples/s=1688
[train epoch 19] update=900/1422 global=26496 loss=0.57977 cmp=0.48469 KL=0.00617 lr=5e-05 samples/s=1687
[train epoch 19] update=1080/1422 global=26676 loss=0.57962 cmp=0.48456 KL=0.00616 lr=5e-05 samples/s=1686
[train epoch 19] update=1260/1422 global=26856 loss=0.57924 cmp=0.48430 KL=0.00614 lr=5e-05 samples/s=1685
[train epoch 19] update=1422/1422 global=27018 loss=0.57912 cmp=0.48415 KL=0.00613 lr=5e-05 samples/s=1669
[eval epoch 19] macro_top1=0.4784 top2=0.8189 top3=0.9238 vs_sbs=-1.000% vbs_closed=+28.71%
       TSP: top1=0.371 mean_cost=7.9155 (sbs=7.9578) vs_sbs=-0.53%
      CVRP: top1=0.489 mean_cost=18.1961 (sbs=18.2943) vs_sbs=-0.54%
      ATSP: top1=0.772 mean_cost=1.6356 (sbs=1.6735) vs_sbs=-2.26%
      OVRP: top1=0.355 mean_cost=7.4578 (sbs=7.4617) vs_sbs=-0.05%
      VRPB: top1=0.550 mean_cost=9.3374 (sbs=9.3403) vs_sbs=-0.03%
      VRPL: top1=0.313 mean_cost=12.4034 (sbs=12.4072) vs_sbs=-0.03%
     VRPTW: top1=0.439 mean_cost=17.9058 (sbs=18.6571) vs_sbs=-4.03%
    OVRPTW: top1=0.497 mean_cost=10.0461 (sbs=10.0484) vs_sbs=-0.02%
     OVRPB: top1=0.567 mean_cost=6.3207 (sbs=6.3220) vs_sbs=-0.02%
     OVRPL: top1=0.379 mean_cost=7.4312 (sbs=7.4376) vs_sbs=-0.09%
     VRPBL: top1=0.519 mean_cost=9.3593 (sbs=9.3593) vs_sbs=+0.00%
    VRPBTW: top1=0.434 mean_cost=19.0637 (sbs=19.6697) vs_sbs=-3.08%
    VRPLTW: top1=0.446 mean_cost=17.7286 (sbs=18.5091) vs_sbs=-4.22%
    OVRPBL: top1=0.574 mean_cost=6.3018 (sbs=6.3103) vs_sbs=-0.13%
   OVRPBTW: top1=0.501 mean_cost=10.4967 (sbs=10.5068) vs_sbs=-0.10%
   OVRPLTW: top1=0.495 mean_cost=10.1305 (sbs=10.1272) vs_sbs=+0.03%
   VRPBLTW: top1=0.427 mean_cost=18.9612 (sbs=19.5198) vs_sbs=-2.86%
  OVRPBLTW: top1=0.483 mean_cost=10.5370 (sbs=10.5412) vs_sbs=-0.04%
[comparisons epoch 19] true3=0.70033 R42A_top2=0.57527
[schedule] validation cost plateau: next lr=2.5e-05
[train epoch 20] update=180/1422 global=27198 loss=0.57377 cmp=0.47944 KL=0.00638 lr=2.5e-05 samples/s=1691
[train epoch 20] update=360/1422 global=27378 loss=0.57466 cmp=0.48148 KL=0.00637 lr=2.5e-05 samples/s=1691
[train epoch 20] update=540/1422 global=27558 loss=0.57525 cmp=0.48163 KL=0.00633 lr=2.5e-05 samples/s=1687
[train epoch 20] update=720/1422 global=27738 loss=0.57445 cmp=0.48097 KL=0.00639 lr=2.5e-05 samples/s=1685
[train epoch 20] update=900/1422 global=27918 loss=0.57431 cmp=0.48075 KL=0.00643 lr=2.5e-05 samples/s=1685
[AMP retry] same batch; lower scale=65536.0
[train epoch 20] update=1080/1422 global=28098 loss=0.57455 cmp=0.48086 KL=0.00646 lr=2.5e-05 samples/s=1682
[train epoch 20] update=1260/1422 global=28278 loss=0.57458 cmp=0.48111 KL=0.00651 lr=2.5e-05 samples/s=1682
[train epoch 20] update=1422/1422 global=28440 loss=0.57422 cmp=0.48093 KL=0.00654 lr=2.5e-05 samples/s=1666
[train_eval epoch 20] top1=0.49234 CE=1.07748 actual_regret=0.92010%
[eval epoch 20] macro_top1=0.4823 top2=0.8172 top3=0.9266 vs_sbs=-1.052% vbs_closed=+29.80%
       TSP: top1=0.368 mean_cost=7.9154 (sbs=7.9578) vs_sbs=-0.53%
      CVRP: top1=0.485 mean_cost=18.2039 (sbs=18.2943) vs_sbs=-0.49%
      ATSP: top1=0.783 mean_cost=1.6346 (sbs=1.6735) vs_sbs=-2.32%
      OVRP: top1=0.318 mean_cost=7.4615 (sbs=7.4617) vs_sbs=-0.00%
      VRPB: top1=0.561 mean_cost=9.3313 (sbs=9.3403) vs_sbs=-0.10%
      VRPL: top1=0.307 mean_cost=12.4050 (sbs=12.4072) vs_sbs=-0.02%
     VRPTW: top1=0.452 mean_cost=17.8951 (sbs=18.6571) vs_sbs=-4.08%
    OVRPTW: top1=0.502 mean_cost=10.0425 (sbs=10.0484) vs_sbs=-0.06%
     OVRPB: top1=0.583 mean_cost=6.3163 (sbs=6.3220) vs_sbs=-0.09%
     OVRPL: top1=0.335 mean_cost=7.4404 (sbs=7.4376) vs_sbs=+0.04%
     VRPBL: top1=0.542 mean_cost=9.3551 (sbs=9.3593) vs_sbs=-0.04%
    VRPBTW: top1=0.448 mean_cost=19.0379 (sbs=19.6697) vs_sbs=-3.21%
    VRPLTW: top1=0.464 mean_cost=17.6217 (sbs=18.5091) vs_sbs=-4.79%
    OVRPBL: top1=0.592 mean_cost=6.3018 (sbs=6.3103) vs_sbs=-0.13%
   OVRPBTW: top1=0.510 mean_cost=10.4968 (sbs=10.5068) vs_sbs=-0.09%
   OVRPLTW: top1=0.503 mean_cost=10.1262 (sbs=10.1272) vs_sbs=-0.01%
   VRPBLTW: top1=0.440 mean_cost=18.9448 (sbs=19.5198) vs_sbs=-2.95%
  OVRPBLTW: top1=0.488 mean_cost=10.5363 (sbs=10.5412) vs_sbs=-0.05%
[comparisons epoch 20] true3=0.70314 R42A_top2=0.58238
[best] epoch=20 vs_sbs=-1.052347% top1=0.48228
[train epoch 21] update=180/1422 global=28620 loss=0.57400 cmp=0.48238 KL=0.00666 lr=2.5e-05 samples/s=1674
[train epoch 21] update=360/1422 global=28800 loss=0.57419 cmp=0.48201 KL=0.00677 lr=2.5e-05 samples/s=1677
[train epoch 21] update=540/1422 global=28980 loss=0.57452 cmp=0.48159 KL=0.00675 lr=2.5e-05 samples/s=1677
[train epoch 21] update=720/1422 global=29160 loss=0.57365 cmp=0.48070 KL=0.00672 lr=2.5e-05 samples/s=1678
[train epoch 21] update=900/1422 global=29340 loss=0.57288 cmp=0.48020 KL=0.00676 lr=2.5e-05 samples/s=1679
[train epoch 21] update=1080/1422 global=29520 loss=0.57235 cmp=0.47983 KL=0.00678 lr=2.5e-05 samples/s=1679
[train epoch 21] update=1260/1422 global=29700 loss=0.57296 cmp=0.48016 KL=0.00679 lr=2.5e-05 samples/s=1679
[train epoch 21] update=1422/1422 global=29862 loss=0.57311 cmp=0.48026 KL=0.00681 lr=2.5e-05 samples/s=1663
[eval epoch 21] macro_top1=0.4828 top2=0.8163 top3=0.9251 vs_sbs=-1.032% vbs_closed=+30.09%
       TSP: top1=0.369 mean_cost=7.9144 (sbs=7.9578) vs_sbs=-0.55%
      CVRP: top1=0.491 mean_cost=18.2012 (sbs=18.2943) vs_sbs=-0.51%
      ATSP: top1=0.778 mean_cost=1.6360 (sbs=1.6735) vs_sbs=-2.24%
      OVRP: top1=0.350 mean_cost=7.4563 (sbs=7.4617) vs_sbs=-0.07%
      VRPB: top1=0.561 mean_cost=9.3313 (sbs=9.3403) vs_sbs=-0.10%
      VRPL: top1=0.312 mean_cost=12.4051 (sbs=12.4072) vs_sbs=-0.02%
     VRPTW: top1=0.428 mean_cost=17.9254 (sbs=18.6571) vs_sbs=-3.92%
    OVRPTW: top1=0.505 mean_cost=10.0448 (sbs=10.0484) vs_sbs=-0.04%
     OVRPB: top1=0.586 mean_cost=6.3168 (sbs=6.3220) vs_sbs=-0.08%
     OVRPL: top1=0.372 mean_cost=7.4352 (sbs=7.4376) vs_sbs=-0.03%
     VRPBL: top1=0.537 mean_cost=9.3573 (sbs=9.3593) vs_sbs=-0.02%
    VRPBTW: top1=0.431 mean_cost=19.0433 (sbs=19.6697) vs_sbs=-3.18%
    VRPLTW: top1=0.446 mean_cost=17.6505 (sbs=18.5091) vs_sbs=-4.64%
    OVRPBL: top1=0.594 mean_cost=6.3000 (sbs=6.3103) vs_sbs=-0.16%
   OVRPBTW: top1=0.508 mean_cost=10.4993 (sbs=10.5068) vs_sbs=-0.07%
   OVRPLTW: top1=0.512 mean_cost=10.1249 (sbs=10.1272) vs_sbs=-0.02%
   VRPBLTW: top1=0.426 mean_cost=18.9570 (sbs=19.5198) vs_sbs=-2.88%
  OVRPBLTW: top1=0.484 mean_cost=10.5373 (sbs=10.5412) vs_sbs=-0.04%
[comparisons epoch 21] true3=0.70203 R42A_top2=0.58094
[train epoch 22] update=180/1422 global=30042 loss=0.57371 cmp=0.48065 KL=0.00693 lr=2.5e-05 samples/s=1688
[train epoch 22] update=360/1422 global=30222 loss=0.57320 cmp=0.48036 KL=0.00693 lr=2.5e-05 samples/s=1686
[train epoch 22] update=540/1422 global=30402 loss=0.57301 cmp=0.48030 KL=0.00692 lr=2.5e-05 samples/s=1686
[train epoch 22] update=720/1422 global=30582 loss=0.57227 cmp=0.48019 KL=0.00692 lr=2.5e-05 samples/s=1685
[train epoch 22] update=900/1422 global=30762 loss=0.57202 cmp=0.48025 KL=0.00697 lr=2.5e-05 samples/s=1685
[train epoch 22] update=1080/1422 global=30942 loss=0.57201 cmp=0.48014 KL=0.00700 lr=2.5e-05 samples/s=1685
[train epoch 22] update=1260/1422 global=31122 loss=0.57193 cmp=0.47989 KL=0.00701 lr=2.5e-05 samples/s=1685
[AMP retry] same batch; lower scale=65536.0
[train epoch 22] update=1422/1422 global=31284 loss=0.57216 cmp=0.47990 KL=0.00702 lr=2.5e-05 samples/s=1669
[eval epoch 22] macro_top1=0.4850 top2=0.8188 top3=0.9241 vs_sbs=-1.051% vbs_closed=+30.50%
       TSP: top1=0.372 mean_cost=7.9139 (sbs=7.9578) vs_sbs=-0.55%
      CVRP: top1=0.471 mean_cost=18.2079 (sbs=18.2943) vs_sbs=-0.47%
      ATSP: top1=0.774 mean_cost=1.6351 (sbs=1.6735) vs_sbs=-2.29%
      OVRP: top1=0.371 mean_cost=7.4543 (sbs=7.4617) vs_sbs=-0.10%
      VRPB: top1=0.557 mean_cost=9.3317 (sbs=9.3403) vs_sbs=-0.09%
      VRPL: top1=0.306 mean_cost=12.4071 (sbs=12.4072) vs_sbs=-0.00%
     VRPTW: top1=0.432 mean_cost=17.9026 (sbs=18.6571) vs_sbs=-4.04%
    OVRPTW: top1=0.505 mean_cost=10.0443 (sbs=10.0484) vs_sbs=-0.04%
     OVRPB: top1=0.582 mean_cost=6.3167 (sbs=6.3220) vs_sbs=-0.08%
     OVRPL: top1=0.385 mean_cost=7.4328 (sbs=7.4376) vs_sbs=-0.06%
     VRPBL: top1=0.539 mean_cost=9.3556 (sbs=9.3593) vs_sbs=-0.04%
    VRPBTW: top1=0.447 mean_cost=19.0349 (sbs=19.6697) vs_sbs=-3.23%
    VRPLTW: top1=0.471 mean_cost=17.6409 (sbs=18.5091) vs_sbs=-4.69%
    OVRPBL: top1=0.585 mean_cost=6.3034 (sbs=6.3103) vs_sbs=-0.11%
   OVRPBTW: top1=0.511 mean_cost=10.4959 (sbs=10.5068) vs_sbs=-0.10%
   OVRPLTW: top1=0.494 mean_cost=10.1280 (sbs=10.1272) vs_sbs=+0.01%
   VRPBLTW: top1=0.428 mean_cost=18.9428 (sbs=19.5198) vs_sbs=-2.96%
  OVRPBLTW: top1=0.500 mean_cost=10.5338 (sbs=10.5412) vs_sbs=-0.07%
[comparisons epoch 22] true3=0.70252 R42A_top2=0.58228
[train epoch 23] update=180/1422 global=31464 loss=0.56929 cmp=0.47696 KL=0.00703 lr=2.5e-05 samples/s=1689
[train epoch 23] update=360/1422 global=31644 loss=0.57034 cmp=0.47860 KL=0.00706 lr=2.5e-05 samples/s=1686
[train epoch 23] update=540/1422 global=31824 loss=0.57069 cmp=0.47886 KL=0.00711 lr=2.5e-05 samples/s=1689
[train epoch 23] update=720/1422 global=32004 loss=0.57168 cmp=0.47976 KL=0.00715 lr=2.5e-05 samples/s=1688
[train epoch 23] update=900/1422 global=32184 loss=0.57112 cmp=0.47929 KL=0.00717 lr=2.5e-05 samples/s=1689
[train epoch 23] update=1080/1422 global=32364 loss=0.57162 cmp=0.47948 KL=0.00715 lr=2.5e-05 samples/s=1688
[train epoch 23] update=1260/1422 global=32544 loss=0.57209 cmp=0.47987 KL=0.00716 lr=2.5e-05 samples/s=1688
[train epoch 23] update=1422/1422 global=32706 loss=0.57185 cmp=0.47959 KL=0.00717 lr=2.5e-05 samples/s=1672
[eval epoch 23] macro_top1=0.4848 top2=0.8213 top3=0.9258 vs_sbs=-1.049% vbs_closed=+30.56%
       TSP: top1=0.379 mean_cost=7.9156 (sbs=7.9578) vs_sbs=-0.53%
      CVRP: top1=0.484 mean_cost=18.2081 (sbs=18.2943) vs_sbs=-0.47%
      ATSP: top1=0.774 mean_cost=1.6356 (sbs=1.6735) vs_sbs=-2.26%
      OVRP: top1=0.361 mean_cost=7.4539 (sbs=7.4617) vs_sbs=-0.10%
      VRPB: top1=0.558 mean_cost=9.3321 (sbs=9.3403) vs_sbs=-0.09%
      VRPL: top1=0.306 mean_cost=12.4074 (sbs=12.4072) vs_sbs=+0.00%
     VRPTW: top1=0.448 mean_cost=17.8984 (sbs=18.6571) vs_sbs=-4.07%
    OVRPTW: top1=0.508 mean_cost=10.0429 (sbs=10.0484) vs_sbs=-0.05%
     OVRPB: top1=0.573 mean_cost=6.3176 (sbs=6.3220) vs_sbs=-0.07%
     OVRPL: top1=0.391 mean_cost=7.4314 (sbs=7.4376) vs_sbs=-0.08%
     VRPBL: top1=0.525 mean_cost=9.3589 (sbs=9.3593) vs_sbs=-0.00%
    VRPBTW: top1=0.434 mean_cost=19.0437 (sbs=19.6697) vs_sbs=-3.18%
    VRPLTW: top1=0.471 mean_cost=17.6363 (sbs=18.5091) vs_sbs=-4.72%
    OVRPBL: top1=0.587 mean_cost=6.3004 (sbs=6.3103) vs_sbs=-0.16%
   OVRPBTW: top1=0.497 mean_cost=10.4991 (sbs=10.5068) vs_sbs=-0.07%
   OVRPLTW: top1=0.507 mean_cost=10.1252 (sbs=10.1272) vs_sbs=-0.02%
   VRPBLTW: top1=0.423 mean_cost=18.9521 (sbs=19.5198) vs_sbs=-2.91%
  OVRPBLTW: top1=0.500 mean_cost=10.5309 (sbs=10.5412) vs_sbs=-0.10%
[comparisons epoch 23] true3=0.70325 R42A_top2=0.58345
[schedule] validation cost plateau: next lr=1.3e-05
[train epoch 24] update=180/1422 global=32886 loss=0.57137 cmp=0.47886 KL=0.00717 lr=1.3e-05 samples/s=1677
[train epoch 24] update=360/1422 global=33066 loss=0.56940 cmp=0.47879 KL=0.00722 lr=1.3e-05 samples/s=1679
[train epoch 24] update=540/1422 global=33246 loss=0.56887 cmp=0.47845 KL=0.00728 lr=1.3e-05 samples/s=1682
[train epoch 24] update=720/1422 global=33426 loss=0.56901 cmp=0.47837 KL=0.00730 lr=1.3e-05 samples/s=1684
[train epoch 24] update=900/1422 global=33606 loss=0.56881 cmp=0.47804 KL=0.00735 lr=1.3e-05 samples/s=1685
[train epoch 24] update=1080/1422 global=33786 loss=0.56862 cmp=0.47766 KL=0.00739 lr=1.3e-05 samples/s=1683
[train epoch 24] update=1260/1422 global=33966 loss=0.56845 cmp=0.47764 KL=0.00740 lr=1.3e-05 samples/s=1683
[train epoch 24] update=1422/1422 global=34128 loss=0.56895 cmp=0.47787 KL=0.00742 lr=1.3e-05 samples/s=1667
[eval epoch 24] macro_top1=0.4856 top2=0.8231 top3=0.9263 vs_sbs=-1.053% vbs_closed=+30.26%
       TSP: top1=0.373 mean_cost=7.9174 (sbs=7.9578) vs_sbs=-0.51%
      CVRP: top1=0.481 mean_cost=18.2069 (sbs=18.2943) vs_sbs=-0.48%
      ATSP: top1=0.787 mean_cost=1.6350 (sbs=1.6735) vs_sbs=-2.30%
      OVRP: top1=0.353 mean_cost=7.4556 (sbs=7.4617) vs_sbs=-0.08%
      VRPB: top1=0.555 mean_cost=9.3332 (sbs=9.3403) vs_sbs=-0.08%
      VRPL: top1=0.310 mean_cost=12.4055 (sbs=12.4072) vs_sbs=-0.01%
     VRPTW: top1=0.446 mean_cost=17.9037 (sbs=18.6571) vs_sbs=-4.04%
    OVRPTW: top1=0.486 mean_cost=10.0488 (sbs=10.0484) vs_sbs=+0.00%
     OVRPB: top1=0.574 mean_cost=6.3185 (sbs=6.3220) vs_sbs=-0.06%
     OVRPL: top1=0.417 mean_cost=7.4304 (sbs=7.4376) vs_sbs=-0.10%
     VRPBL: top1=0.529 mean_cost=9.3582 (sbs=9.3593) vs_sbs=-0.01%
    VRPBTW: top1=0.448 mean_cost=19.0254 (sbs=19.6697) vs_sbs=-3.28%
    VRPLTW: top1=0.467 mean_cost=17.6309 (sbs=18.5091) vs_sbs=-4.74%
    OVRPBL: top1=0.594 mean_cost=6.3001 (sbs=6.3103) vs_sbs=-0.16%
   OVRPBTW: top1=0.511 mean_cost=10.4969 (sbs=10.5068) vs_sbs=-0.09%
   OVRPLTW: top1=0.509 mean_cost=10.1254 (sbs=10.1272) vs_sbs=-0.02%
   VRPBLTW: top1=0.421 mean_cost=18.9428 (sbs=19.5198) vs_sbs=-2.96%
  OVRPBLTW: top1=0.480 mean_cost=10.5359 (sbs=10.5412) vs_sbs=-0.05%
[comparisons epoch 24] true3=0.70486 R42A_top2=0.58279
[best] epoch=24 vs_sbs=-1.052936% top1=0.48561
[train epoch 25] update=180/1422 global=34308 loss=0.56654 cmp=0.47694 KL=0.00761 lr=1.3e-05 samples/s=1681
[train epoch 25] update=360/1422 global=34488 loss=0.56842 cmp=0.47846 KL=0.00764 lr=1.3e-05 samples/s=1683
[train epoch 25] update=540/1422 global=34668 loss=0.56883 cmp=0.47844 KL=0.00762 lr=1.3e-05 samples/s=1685
[train epoch 25] update=720/1422 global=34848 loss=0.56814 cmp=0.47776 KL=0.00760 lr=1.3e-05 samples/s=1686
[train epoch 25] update=900/1422 global=35028 loss=0.56828 cmp=0.47771 KL=0.00766 lr=1.3e-05 samples/s=1686
[train epoch 25] update=1080/1422 global=35208 loss=0.56858 cmp=0.47769 KL=0.00762 lr=1.3e-05 samples/s=1686
[train epoch 25] update=1260/1422 global=35388 loss=0.56827 cmp=0.47763 KL=0.00767 lr=1.3e-05 samples/s=1686
[AMP retry] same batch; lower scale=131072.0
[train epoch 25] update=1422/1422 global=35550 loss=0.56850 cmp=0.47771 KL=0.00770 lr=1.3e-05 samples/s=1669
[train_eval epoch 25] top1=0.49996 CE=1.05767 actual_regret=0.91837%
[eval epoch 25] macro_top1=0.4859 top2=0.8208 top3=0.9267 vs_sbs=-1.028% vbs_closed=+30.37%
       TSP: top1=0.374 mean_cost=7.9157 (sbs=7.9578) vs_sbs=-0.53%
      CVRP: top1=0.478 mean_cost=18.2107 (sbs=18.2943) vs_sbs=-0.46%
      ATSP: top1=0.785 mean_cost=1.6351 (sbs=1.6735) vs_sbs=-2.30%
      OVRP: top1=0.370 mean_cost=7.4537 (sbs=7.4617) vs_sbs=-0.11%
      VRPB: top1=0.549 mean_cost=9.3318 (sbs=9.3403) vs_sbs=-0.09%
      VRPL: top1=0.313 mean_cost=12.4059 (sbs=12.4072) vs_sbs=-0.01%
     VRPTW: top1=0.427 mean_cost=17.9577 (sbs=18.6571) vs_sbs=-3.75%
    OVRPTW: top1=0.501 mean_cost=10.0455 (sbs=10.0484) vs_sbs=-0.03%
     OVRPB: top1=0.587 mean_cost=6.3152 (sbs=6.3220) vs_sbs=-0.11%
     OVRPL: top1=0.402 mean_cost=7.4307 (sbs=7.4376) vs_sbs=-0.09%
     VRPBL: top1=0.532 mean_cost=9.3584 (sbs=9.3593) vs_sbs=-0.01%
    VRPBTW: top1=0.436 mean_cost=19.0432 (sbs=19.6697) vs_sbs=-3.19%
    VRPLTW: top1=0.459 mean_cost=17.6646 (sbs=18.5091) vs_sbs=-4.56%
    OVRPBL: top1=0.595 mean_cost=6.3011 (sbs=6.3103) vs_sbs=-0.14%
   OVRPBTW: top1=0.502 mean_cost=10.4998 (sbs=10.5068) vs_sbs=-0.07%
   OVRPLTW: top1=0.507 mean_cost=10.1248 (sbs=10.1272) vs_sbs=-0.02%
   VRPBLTW: top1=0.433 mean_cost=18.9440 (sbs=19.5198) vs_sbs=-2.95%
  OVRPBLTW: top1=0.496 mean_cost=10.5318 (sbs=10.5412) vs_sbs=-0.09%
[comparisons epoch 25] true3=0.70481 R42A_top2=0.58451
[train epoch 26] update=180/1422 global=35730 loss=0.56973 cmp=0.48027 KL=0.00776 lr=1.3e-05 samples/s=1681
[train epoch 26] update=360/1422 global=35910 loss=0.56749 cmp=0.47793 KL=0.00787 lr=1.3e-05 samples/s=1680
[train epoch 26] update=540/1422 global=36090 loss=0.56802 cmp=0.47824 KL=0.00786 lr=1.3e-05 samples/s=1682
[train epoch 26] update=720/1422 global=36270 loss=0.56763 cmp=0.47751 KL=0.00792 lr=1.3e-05 samples/s=1681
[train epoch 26] update=900/1422 global=36450 loss=0.56780 cmp=0.47739 KL=0.00792 lr=1.3e-05 samples/s=1682
[train epoch 26] update=1080/1422 global=36630 loss=0.56765 cmp=0.47757 KL=0.00792 lr=1.3e-05 samples/s=1684
[train epoch 26] update=1260/1422 global=36810 loss=0.56789 cmp=0.47758 KL=0.00791 lr=1.3e-05 samples/s=1685
[AMP retry] same batch; lower scale=65536.0
[train epoch 26] update=1422/1422 global=36972 loss=0.56806 cmp=0.47748 KL=0.00791 lr=1.3e-05 samples/s=1668
[eval epoch 26] macro_top1=0.4884 top2=0.8203 top3=0.9262 vs_sbs=-1.059% vbs_closed=+30.81%
       TSP: top1=0.375 mean_cost=7.9167 (sbs=7.9578) vs_sbs=-0.52%
      CVRP: top1=0.494 mean_cost=18.2015 (sbs=18.2943) vs_sbs=-0.51%
      ATSP: top1=0.786 mean_cost=1.6349 (sbs=1.6735) vs_sbs=-2.31%
      OVRP: top1=0.357 mean_cost=7.4546 (sbs=7.4617) vs_sbs=-0.09%
      VRPB: top1=0.561 mean_cost=9.3293 (sbs=9.3403) vs_sbs=-0.12%
      VRPL: top1=0.315 mean_cost=12.4069 (sbs=12.4072) vs_sbs=-0.00%
     VRPTW: top1=0.448 mean_cost=17.8989 (sbs=18.6571) vs_sbs=-4.06%
    OVRPTW: top1=0.502 mean_cost=10.0458 (sbs=10.0484) vs_sbs=-0.03%
     OVRPB: top1=0.583 mean_cost=6.3149 (sbs=6.3220) vs_sbs=-0.11%
     OVRPL: top1=0.396 mean_cost=7.4316 (sbs=7.4376) vs_sbs=-0.08%
     VRPBL: top1=0.521 mean_cost=9.3616 (sbs=9.3593) vs_sbs=+0.03%
    VRPBTW: top1=0.444 mean_cost=19.0390 (sbs=19.6697) vs_sbs=-3.21%
    VRPLTW: top1=0.471 mean_cost=17.6260 (sbs=18.5091) vs_sbs=-4.77%
    OVRPBL: top1=0.589 mean_cost=6.3028 (sbs=6.3103) vs_sbs=-0.12%
   OVRPBTW: top1=0.504 mean_cost=10.4985 (sbs=10.5068) vs_sbs=-0.08%
   OVRPLTW: top1=0.505 mean_cost=10.1253 (sbs=10.1272) vs_sbs=-0.02%
   VRPBLTW: top1=0.437 mean_cost=18.9419 (sbs=19.5198) vs_sbs=-2.96%
  OVRPBLTW: top1=0.503 mean_cost=10.5308 (sbs=10.5412) vs_sbs=-0.10%
[comparisons epoch 26] true3=0.70602 R42A_top2=0.58606
[best] epoch=26 vs_sbs=-1.058818% top1=0.48839
[train epoch 27] update=180/1422 global=37152 loss=0.56732 cmp=0.47694 KL=0.00791 lr=1.3e-05 samples/s=1685
[train epoch 27] update=360/1422 global=37332 loss=0.56722 cmp=0.47701 KL=0.00795 lr=1.3e-05 samples/s=1685
[train epoch 27] update=540/1422 global=37512 loss=0.56715 cmp=0.47718 KL=0.00798 lr=1.3e-05 samples/s=1686
[train epoch 27] update=720/1422 global=37692 loss=0.56744 cmp=0.47713 KL=0.00796 lr=1.3e-05 samples/s=1685
[train epoch 27] update=900/1422 global=37872 loss=0.56731 cmp=0.47685 KL=0.00793 lr=1.3e-05 samples/s=1686
[train epoch 27] update=1080/1422 global=38052 loss=0.56737 cmp=0.47694 KL=0.00796 lr=1.3e-05 samples/s=1684
[train epoch 27] update=1260/1422 global=38232 loss=0.56750 cmp=0.47717 KL=0.00793 lr=1.3e-05 samples/s=1684
[train epoch 27] update=1422/1422 global=38394 loss=0.56757 cmp=0.47726 KL=0.00795 lr=1.3e-05 samples/s=1668
[eval epoch 27] macro_top1=0.4867 top2=0.8196 top3=0.9245 vs_sbs=-1.037% vbs_closed=+30.89%
       TSP: top1=0.375 mean_cost=7.9141 (sbs=7.9578) vs_sbs=-0.55%
      CVRP: top1=0.480 mean_cost=18.2046 (sbs=18.2943) vs_sbs=-0.49%
      ATSP: top1=0.787 mean_cost=1.6349 (sbs=1.6735) vs_sbs=-2.31%
      OVRP: top1=0.357 mean_cost=7.4544 (sbs=7.4617) vs_sbs=-0.10%
      VRPB: top1=0.558 mean_cost=9.3302 (sbs=9.3403) vs_sbs=-0.11%
      VRPL: top1=0.323 mean_cost=12.4045 (sbs=12.4072) vs_sbs=-0.02%
     VRPTW: top1=0.433 mean_cost=17.9286 (sbs=18.6571) vs_sbs=-3.90%
    OVRPTW: top1=0.503 mean_cost=10.0436 (sbs=10.0484) vs_sbs=-0.05%
     OVRPB: top1=0.579 mean_cost=6.3170 (sbs=6.3220) vs_sbs=-0.08%
     OVRPL: top1=0.411 mean_cost=7.4306 (sbs=7.4376) vs_sbs=-0.09%
     VRPBL: top1=0.529 mean_cost=9.3565 (sbs=9.3593) vs_sbs=-0.03%
    VRPBTW: top1=0.436 mean_cost=19.0682 (sbs=19.6697) vs_sbs=-3.06%
    VRPLTW: top1=0.455 mean_cost=17.6449 (sbs=18.5091) vs_sbs=-4.67%
    OVRPBL: top1=0.582 mean_cost=6.3029 (sbs=6.3103) vs_sbs=-0.12%
   OVRPBTW: top1=0.507 mean_cost=10.4991 (sbs=10.5068) vs_sbs=-0.07%
   OVRPLTW: top1=0.510 mean_cost=10.1248 (sbs=10.1272) vs_sbs=-0.02%
   VRPBLTW: top1=0.436 mean_cost=18.9533 (sbs=19.5198) vs_sbs=-2.90%
  OVRPBLTW: top1=0.500 mean_cost=10.5316 (sbs=10.5412) vs_sbs=-0.09%
[comparisons epoch 27] true3=0.70312 R42A_top2=0.58395
[train epoch 28] update=180/1422 global=38574 loss=0.56838 cmp=0.47753 KL=0.00814 lr=1.3e-05 samples/s=1689
[train epoch 28] update=360/1422 global=38754 loss=0.56773 cmp=0.47653 KL=0.00819 lr=1.3e-05 samples/s=1691
[train epoch 28] update=540/1422 global=38934 loss=0.56729 cmp=0.47651 KL=0.00821 lr=1.3e-05 samples/s=1691
[train epoch 28] update=720/1422 global=39114 loss=0.56734 cmp=0.47640 KL=0.00819 lr=1.3e-05 samples/s=1693
[train epoch 28] update=900/1422 global=39294 loss=0.56692 cmp=0.47620 KL=0.00818 lr=1.3e-05 samples/s=1693
[train epoch 28] update=1080/1422 global=39474 loss=0.56707 cmp=0.47667 KL=0.00818 lr=1.3e-05 samples/s=1692
[train epoch 28] update=1260/1422 global=39654 loss=0.56711 cmp=0.47672 KL=0.00816 lr=1.3e-05 samples/s=1691
[train epoch 28] update=1422/1422 global=39816 loss=0.56739 cmp=0.47707 KL=0.00816 lr=1.3e-05 samples/s=1674
[eval epoch 28] macro_top1=0.4866 top2=0.8196 top3=0.9266 vs_sbs=-1.056% vbs_closed=+31.00%
       TSP: top1=0.372 mean_cost=7.9160 (sbs=7.9578) vs_sbs=-0.53%
      CVRP: top1=0.490 mean_cost=18.2008 (sbs=18.2943) vs_sbs=-0.51%
      ATSP: top1=0.786 mean_cost=1.6345 (sbs=1.6735) vs_sbs=-2.33%
      OVRP: top1=0.361 mean_cost=7.4550 (sbs=7.4617) vs_sbs=-0.09%
      VRPB: top1=0.556 mean_cost=9.3296 (sbs=9.3403) vs_sbs=-0.11%
      VRPL: top1=0.311 mean_cost=12.4056 (sbs=12.4072) vs_sbs=-0.01%
     VRPTW: top1=0.442 mean_cost=17.9064 (sbs=18.6571) vs_sbs=-4.02%
    OVRPTW: top1=0.502 mean_cost=10.0451 (sbs=10.0484) vs_sbs=-0.03%
     OVRPB: top1=0.574 mean_cost=6.3169 (sbs=6.3220) vs_sbs=-0.08%
     OVRPL: top1=0.400 mean_cost=7.4314 (sbs=7.4376) vs_sbs=-0.08%
     VRPBL: top1=0.522 mean_cost=9.3586 (sbs=9.3593) vs_sbs=-0.01%
    VRPBTW: top1=0.433 mean_cost=19.0394 (sbs=19.6697) vs_sbs=-3.20%
    VRPLTW: top1=0.469 mean_cost=17.6287 (sbs=18.5091) vs_sbs=-4.76%
    OVRPBL: top1=0.595 mean_cost=6.3007 (sbs=6.3103) vs_sbs=-0.15%
   OVRPBTW: top1=0.514 mean_cost=10.4990 (sbs=10.5068) vs_sbs=-0.07%
   OVRPLTW: top1=0.497 mean_cost=10.1255 (sbs=10.1272) vs_sbs=-0.02%
   VRPBLTW: top1=0.431 mean_cost=18.9501 (sbs=19.5198) vs_sbs=-2.92%
  OVRPBLTW: top1=0.503 mean_cost=10.5333 (sbs=10.5412) vs_sbs=-0.07%
[comparisons epoch 28] true3=0.70353 R42A_top2=0.58439
[train epoch 29] update=180/1422 global=39996 loss=0.56708 cmp=0.47650 KL=0.00820 lr=1.3e-05 samples/s=1678
[train epoch 29] update=360/1422 global=40176 loss=0.56853 cmp=0.47753 KL=0.00819 lr=1.3e-05 samples/s=1678
[train epoch 29] update=540/1422 global=40356 loss=0.56690 cmp=0.47656 KL=0.00818 lr=1.3e-05 samples/s=1677
[train epoch 29] update=720/1422 global=40536 loss=0.56652 cmp=0.47654 KL=0.00815 lr=1.3e-05 samples/s=1680
[train epoch 29] update=900/1422 global=40716 loss=0.56654 cmp=0.47648 KL=0.00820 lr=1.3e-05 samples/s=1680
[train epoch 29] update=1080/1422 global=40896 loss=0.56651 cmp=0.47624 KL=0.00822 lr=1.3e-05 samples/s=1678
[AMP retry] same batch; lower scale=131072.0
[train epoch 29] update=1260/1422 global=41076 loss=0.56678 cmp=0.47657 KL=0.00820 lr=1.3e-05 samples/s=1677
[train epoch 29] update=1422/1422 global=41238 loss=0.56694 cmp=0.47688 KL=0.00820 lr=1.3e-05 samples/s=1662
[eval epoch 29] macro_top1=0.4867 top2=0.8207 top3=0.9256 vs_sbs=-1.054% vbs_closed=+30.67%
       TSP: top1=0.378 mean_cost=7.9171 (sbs=7.9578) vs_sbs=-0.51%
      CVRP: top1=0.493 mean_cost=18.2031 (sbs=18.2943) vs_sbs=-0.50%
      ATSP: top1=0.781 mean_cost=1.6352 (sbs=1.6735) vs_sbs=-2.29%
      OVRP: top1=0.368 mean_cost=7.4540 (sbs=7.4617) vs_sbs=-0.10%
      VRPB: top1=0.554 mean_cost=9.3304 (sbs=9.3403) vs_sbs=-0.11%
      VRPL: top1=0.316 mean_cost=12.4059 (sbs=12.4072) vs_sbs=-0.01%
     VRPTW: top1=0.444 mean_cost=17.9009 (sbs=18.6571) vs_sbs=-4.05%
    OVRPTW: top1=0.500 mean_cost=10.0460 (sbs=10.0484) vs_sbs=-0.02%
     OVRPB: top1=0.576 mean_cost=6.3175 (sbs=6.3220) vs_sbs=-0.07%
     OVRPL: top1=0.395 mean_cost=7.4312 (sbs=7.4376) vs_sbs=-0.09%
     VRPBL: top1=0.521 mean_cost=9.3607 (sbs=9.3593) vs_sbs=+0.02%
    VRPBTW: top1=0.452 mean_cost=19.0367 (sbs=19.6697) vs_sbs=-3.22%
    VRPLTW: top1=0.449 mean_cost=17.6349 (sbs=18.5091) vs_sbs=-4.72%
    OVRPBL: top1=0.591 mean_cost=6.3025 (sbs=6.3103) vs_sbs=-0.12%
   OVRPBTW: top1=0.508 mean_cost=10.4983 (sbs=10.5068) vs_sbs=-0.08%
   OVRPLTW: top1=0.508 mean_cost=10.1242 (sbs=10.1272) vs_sbs=-0.03%
   VRPBLTW: top1=0.429 mean_cost=18.9447 (sbs=19.5198) vs_sbs=-2.95%
  OVRPBLTW: top1=0.497 mean_cost=10.5304 (sbs=10.5412) vs_sbs=-0.10%
[comparisons epoch 29] true3=0.70356 R42A_top2=0.58434
[schedule] validation cost plateau: next lr=6.3e-06
[train epoch 30] update=180/1422 global=41418 loss=0.56233 cmp=0.47481 KL=0.00830 lr=6.3e-06 samples/s=1694
[train epoch 30] update=360/1422 global=41598 loss=0.56426 cmp=0.47585 KL=0.00839 lr=6.3e-06 samples/s=1682
[train epoch 30] update=540/1422 global=41778 loss=0.56632 cmp=0.47722 KL=0.00840 lr=6.3e-06 samples/s=1684
[train epoch 30] update=720/1422 global=41958 loss=0.56603 cmp=0.47670 KL=0.00839 lr=6.3e-06 samples/s=1684
[train epoch 30] update=900/1422 global=42138 loss=0.56603 cmp=0.47665 KL=0.00843 lr=6.3e-06 samples/s=1685
[train epoch 30] update=1080/1422 global=42318 loss=0.56575 cmp=0.47652 KL=0.00844 lr=6.3e-06 samples/s=1682
[train epoch 30] update=1260/1422 global=42498 loss=0.56576 cmp=0.47618 KL=0.00845 lr=6.3e-06 samples/s=1679
[train epoch 30] update=1422/1422 global=42660 loss=0.56547 cmp=0.47600 KL=0.00843 lr=6.3e-06 samples/s=1663
[train_eval epoch 30] top1=0.50441 CE=1.04925 actual_regret=0.88208%
[eval epoch 30] macro_top1=0.4875 top2=0.8216 top3=0.9266 vs_sbs=-1.060% vbs_closed=+31.22%
       TSP: top1=0.372 mean_cost=7.9161 (sbs=7.9578) vs_sbs=-0.52%
      CVRP: top1=0.488 mean_cost=18.1989 (sbs=18.2943) vs_sbs=-0.52%
      ATSP: top1=0.790 mean_cost=1.6345 (sbs=1.6735) vs_sbs=-2.33%
      OVRP: top1=0.364 mean_cost=7.4538 (sbs=7.4617) vs_sbs=-0.11%
      VRPB: top1=0.557 mean_cost=9.3302 (sbs=9.3403) vs_sbs=-0.11%
      VRPL: top1=0.315 mean_cost=12.4058 (sbs=12.4072) vs_sbs=-0.01%
     VRPTW: top1=0.450 mean_cost=17.8962 (sbs=18.6571) vs_sbs=-4.08%
    OVRPTW: top1=0.503 mean_cost=10.0453 (sbs=10.0484) vs_sbs=-0.03%
     OVRPB: top1=0.576 mean_cost=6.3172 (sbs=6.3220) vs_sbs=-0.08%
     OVRPL: top1=0.402 mean_cost=7.4313 (sbs=7.4376) vs_sbs=-0.08%
     VRPBL: top1=0.532 mean_cost=9.3567 (sbs=9.3593) vs_sbs=-0.03%
    VRPBTW: top1=0.445 mean_cost=19.0355 (sbs=19.6697) vs_sbs=-3.22%
    VRPLTW: top1=0.450 mean_cost=17.6384 (sbs=18.5091) vs_sbs=-4.70%
    OVRPBL: top1=0.590 mean_cost=6.3030 (sbs=6.3103) vs_sbs=-0.11%
   OVRPBTW: top1=0.506 mean_cost=10.4999 (sbs=10.5068) vs_sbs=-0.07%
   OVRPLTW: top1=0.503 mean_cost=10.1243 (sbs=10.1272) vs_sbs=-0.03%
   VRPBLTW: top1=0.426 mean_cost=18.9418 (sbs=19.5198) vs_sbs=-2.96%
  OVRPBLTW: top1=0.506 mean_cost=10.5314 (sbs=10.5412) vs_sbs=-0.09%
[comparisons epoch 30] true3=0.70404 R42A_top2=0.58490
[best] epoch=30 vs_sbs=-1.060470% top1=0.48750
[train epoch 31] update=180/1422 global=42840 loss=0.56264 cmp=0.47576 KL=0.00836 lr=6.3e-06 samples/s=1685
[train epoch 31] update=360/1422 global=43020 loss=0.56501 cmp=0.47614 KL=0.00852 lr=6.3e-06 samples/s=1682
[AMP retry] same batch; lower scale=131072.0
[train epoch 31] update=540/1422 global=43200 loss=0.56578 cmp=0.47655 KL=0.00858 lr=6.3e-06 samples/s=1681
[train epoch 31] update=720/1422 global=43380 loss=0.56516 cmp=0.47627 KL=0.00860 lr=6.3e-06 samples/s=1664
[train epoch 31] update=900/1422 global=43560 loss=0.56525 cmp=0.47633 KL=0.00861 lr=6.3e-06 samples/s=1652
[train epoch 31] update=1080/1422 global=43740 loss=0.56544 cmp=0.47624 KL=0.00858 lr=6.3e-06 samples/s=1647
[train epoch 31] update=1260/1422 global=43920 loss=0.56512 cmp=0.47591 KL=0.00857 lr=6.3e-06 samples/s=1644
[train epoch 31] update=1422/1422 global=44082 loss=0.56509 cmp=0.47593 KL=0.00855 lr=6.3e-06 samples/s=1626
[eval epoch 31] macro_top1=0.4884 top2=0.8224 top3=0.9259 vs_sbs=-1.064% vbs_closed=+31.14%
       TSP: top1=0.372 mean_cost=7.9164 (sbs=7.9578) vs_sbs=-0.52%
      CVRP: top1=0.484 mean_cost=18.2048 (sbs=18.2943) vs_sbs=-0.49%
      ATSP: top1=0.787 mean_cost=1.6349 (sbs=1.6735) vs_sbs=-2.31%
      OVRP: top1=0.357 mean_cost=7.4545 (sbs=7.4617) vs_sbs=-0.10%
      VRPB: top1=0.561 mean_cost=9.3288 (sbs=9.3403) vs_sbs=-0.12%
      VRPL: top1=0.309 mean_cost=12.4061 (sbs=12.4072) vs_sbs=-0.01%
     VRPTW: top1=0.463 mean_cost=17.8901 (sbs=18.6571) vs_sbs=-4.11%
    OVRPTW: top1=0.507 mean_cost=10.0440 (sbs=10.0484) vs_sbs=-0.04%
     OVRPB: top1=0.579 mean_cost=6.3159 (sbs=6.3220) vs_sbs=-0.10%
     OVRPL: top1=0.401 mean_cost=7.4310 (sbs=7.4376) vs_sbs=-0.09%
     VRPBL: top1=0.533 mean_cost=9.3586 (sbs=9.3593) vs_sbs=-0.01%
    VRPBTW: top1=0.432 mean_cost=19.0418 (sbs=19.6697) vs_sbs=-3.19%
    VRPLTW: top1=0.465 mean_cost=17.6224 (sbs=18.5091) vs_sbs=-4.79%
    OVRPBL: top1=0.590 mean_cost=6.3023 (sbs=6.3103) vs_sbs=-0.13%
   OVRPBTW: top1=0.510 mean_cost=10.4980 (sbs=10.5068) vs_sbs=-0.08%
   OVRPLTW: top1=0.504 mean_cost=10.1244 (sbs=10.1272) vs_sbs=-0.03%
   VRPBLTW: top1=0.439 mean_cost=18.9359 (sbs=19.5198) vs_sbs=-2.99%
  OVRPBLTW: top1=0.498 mean_cost=10.5356 (sbs=10.5412) vs_sbs=-0.05%
[comparisons epoch 31] true3=0.70515 R42A_top2=0.58456
[best] epoch=31 vs_sbs=-1.064201% top1=0.48839
[train epoch 32] update=180/1422 global=44262 loss=0.56581 cmp=0.47493 KL=0.00865 lr=6.3e-06 samples/s=1606
[train epoch 32] update=360/1422 global=44442 loss=0.56528 cmp=0.47518 KL=0.00857 lr=6.3e-06 samples/s=1606
[train epoch 32] update=540/1422 global=44622 loss=0.56430 cmp=0.47499 KL=0.00857 lr=6.3e-06 samples/s=1609
[train epoch 32] update=720/1422 global=44802 loss=0.56400 cmp=0.47485 KL=0.00854 lr=6.3e-06 samples/s=1612
[train epoch 32] update=900/1422 global=44982 loss=0.56362 cmp=0.47473 KL=0.00862 lr=6.3e-06 samples/s=1612
[train epoch 32] update=1080/1422 global=45162 loss=0.56385 cmp=0.47500 KL=0.00870 lr=6.3e-06 samples/s=1617
[train epoch 32] update=1260/1422 global=45342 loss=0.56432 cmp=0.47539 KL=0.00871 lr=6.3e-06 samples/s=1623
[AMP retry] same batch; lower scale=131072.0
[train epoch 32] update=1422/1422 global=45504 loss=0.56472 cmp=0.47556 KL=0.00872 lr=6.3e-06 samples/s=1611
[eval epoch 32] macro_top1=0.4887 top2=0.8229 top3=0.9272 vs_sbs=-1.064% vbs_closed=+31.31%
       TSP: top1=0.371 mean_cost=7.9143 (sbs=7.9578) vs_sbs=-0.55%
      CVRP: top1=0.486 mean_cost=18.1981 (sbs=18.2943) vs_sbs=-0.53%
      ATSP: top1=0.782 mean_cost=1.6349 (sbs=1.6735) vs_sbs=-2.31%
      OVRP: top1=0.361 mean_cost=7.4547 (sbs=7.4617) vs_sbs=-0.09%
      VRPB: top1=0.557 mean_cost=9.3305 (sbs=9.3403) vs_sbs=-0.10%
      VRPL: top1=0.319 mean_cost=12.4046 (sbs=12.4072) vs_sbs=-0.02%
     VRPTW: top1=0.457 mean_cost=17.8972 (sbs=18.6571) vs_sbs=-4.07%
    OVRPTW: top1=0.504 mean_cost=10.0451 (sbs=10.0484) vs_sbs=-0.03%
     OVRPB: top1=0.576 mean_cost=6.3168 (sbs=6.3220) vs_sbs=-0.08%
     OVRPL: top1=0.407 mean_cost=7.4308 (sbs=7.4376) vs_sbs=-0.09%
     VRPBL: top1=0.530 mean_cost=9.3589 (sbs=9.3593) vs_sbs=-0.00%
    VRPBTW: top1=0.439 mean_cost=19.0413 (sbs=19.6697) vs_sbs=-3.20%
    VRPLTW: top1=0.464 mean_cost=17.6248 (sbs=18.5091) vs_sbs=-4.78%
    OVRPBL: top1=0.589 mean_cost=6.3031 (sbs=6.3103) vs_sbs=-0.11%
   OVRPBTW: top1=0.511 mean_cost=10.4975 (sbs=10.5068) vs_sbs=-0.09%
   OVRPLTW: top1=0.508 mean_cost=10.1239 (sbs=10.1272) vs_sbs=-0.03%
   VRPBLTW: top1=0.434 mean_cost=18.9376 (sbs=19.5198) vs_sbs=-2.98%
  OVRPBLTW: top1=0.501 mean_cost=10.5337 (sbs=10.5412) vs_sbs=-0.07%
[comparisons epoch 32] true3=0.70421 R42A_top2=0.58423
[train epoch 33] update=180/1422 global=45684 loss=0.56366 cmp=0.47473 KL=0.00869 lr=6.3e-06 samples/s=1663
[train epoch 33] update=360/1422 global=45864 loss=0.56301 cmp=0.47468 KL=0.00863 lr=6.3e-06 samples/s=1663
[train epoch 33] update=540/1422 global=46044 loss=0.56349 cmp=0.47534 KL=0.00878 lr=6.3e-06 samples/s=1663
[train epoch 33] update=720/1422 global=46224 loss=0.56474 cmp=0.47610 KL=0.00879 lr=6.3e-06 samples/s=1663
[train epoch 33] update=900/1422 global=46404 loss=0.56410 cmp=0.47565 KL=0.00873 lr=6.3e-06 samples/s=1664
[train epoch 33] update=1080/1422 global=46584 loss=0.56428 cmp=0.47543 KL=0.00870 lr=6.3e-06 samples/s=1663
[train epoch 33] update=1260/1422 global=46764 loss=0.56434 cmp=0.47532 KL=0.00872 lr=6.3e-06 samples/s=1662
[train epoch 33] update=1422/1422 global=46926 loss=0.56463 cmp=0.47559 KL=0.00872 lr=6.3e-06 samples/s=1646
[eval epoch 33] macro_top1=0.4901 top2=0.8222 top3=0.9262 vs_sbs=-1.066% vbs_closed=+31.23%
       TSP: top1=0.371 mean_cost=7.9145 (sbs=7.9578) vs_sbs=-0.54%
      CVRP: top1=0.481 mean_cost=18.2011 (sbs=18.2943) vs_sbs=-0.51%
      ATSP: top1=0.789 mean_cost=1.6346 (sbs=1.6735) vs_sbs=-2.32%
      OVRP: top1=0.359 mean_cost=7.4547 (sbs=7.4617) vs_sbs=-0.09%
      VRPB: top1=0.557 mean_cost=9.3319 (sbs=9.3403) vs_sbs=-0.09%
      VRPL: top1=0.315 mean_cost=12.4052 (sbs=12.4072) vs_sbs=-0.02%
     VRPTW: top1=0.457 mean_cost=17.8939 (sbs=18.6571) vs_sbs=-4.09%
    OVRPTW: top1=0.502 mean_cost=10.0450 (sbs=10.0484) vs_sbs=-0.03%
     OVRPB: top1=0.590 mean_cost=6.3156 (sbs=6.3220) vs_sbs=-0.10%
     OVRPL: top1=0.404 mean_cost=7.4308 (sbs=7.4376) vs_sbs=-0.09%
     VRPBL: top1=0.522 mean_cost=9.3600 (sbs=9.3593) vs_sbs=+0.01%
    VRPBTW: top1=0.456 mean_cost=19.0288 (sbs=19.6697) vs_sbs=-3.26%
    VRPLTW: top1=0.462 mean_cost=17.6332 (sbs=18.5091) vs_sbs=-4.73%
    OVRPBL: top1=0.582 mean_cost=6.3035 (sbs=6.3103) vs_sbs=-0.11%
   OVRPBTW: top1=0.510 mean_cost=10.4984 (sbs=10.5068) vs_sbs=-0.08%
   OVRPLTW: top1=0.501 mean_cost=10.1244 (sbs=10.1272) vs_sbs=-0.03%
   VRPBLTW: top1=0.449 mean_cost=18.9347 (sbs=19.5198) vs_sbs=-3.00%
  OVRPBLTW: top1=0.515 mean_cost=10.5302 (sbs=10.5412) vs_sbs=-0.10%
[comparisons epoch 33] true3=0.70476 R42A_top2=0.58651
[best] epoch=33 vs_sbs=-1.066260% top1=0.49011
[train epoch 34] update=180/1422 global=47106 loss=0.56250 cmp=0.47390 KL=0.00903 lr=6.3e-06 samples/s=1659
[train epoch 34] update=360/1422 global=47286 loss=0.56375 cmp=0.47452 KL=0.00893 lr=6.3e-06 samples/s=1660
[train epoch 34] update=540/1422 global=47466 loss=0.56434 cmp=0.47459 KL=0.00893 lr=6.3e-06 samples/s=1661
[train epoch 34] update=720/1422 global=47646 loss=0.56338 cmp=0.47420 KL=0.00894 lr=6.3e-06 samples/s=1660
[AMP retry] same batch; lower scale=131072.0
[train epoch 34] update=900/1422 global=47826 loss=0.56425 cmp=0.47494 KL=0.00890 lr=6.3e-06 samples/s=1657
[train epoch 34] update=1080/1422 global=48006 loss=0.56457 cmp=0.47525 KL=0.00885 lr=6.3e-06 samples/s=1657
[train epoch 34] update=1260/1422 global=48186 loss=0.56447 cmp=0.47548 KL=0.00886 lr=6.3e-06 samples/s=1658
[AMP retry] same batch; lower scale=65536.0
[train epoch 34] update=1422/1422 global=48348 loss=0.56449 cmp=0.47550 KL=0.00883 lr=6.3e-06 samples/s=1641
[eval epoch 34] macro_top1=0.4883 top2=0.8231 top3=0.9270 vs_sbs=-1.061% vbs_closed=+30.77%
       TSP: top1=0.373 mean_cost=7.9148 (sbs=7.9578) vs_sbs=-0.54%
      CVRP: top1=0.483 mean_cost=18.2014 (sbs=18.2943) vs_sbs=-0.51%
      ATSP: top1=0.784 mean_cost=1.6350 (sbs=1.6735) vs_sbs=-2.30%
      OVRP: top1=0.354 mean_cost=7.4548 (sbs=7.4617) vs_sbs=-0.09%
      VRPB: top1=0.553 mean_cost=9.3323 (sbs=9.3403) vs_sbs=-0.09%
      VRPL: top1=0.317 mean_cost=12.4054 (sbs=12.4072) vs_sbs=-0.01%
     VRPTW: top1=0.456 mean_cost=17.8964 (sbs=18.6571) vs_sbs=-4.08%
    OVRPTW: top1=0.503 mean_cost=10.0466 (sbs=10.0484) vs_sbs=-0.02%
     OVRPB: top1=0.591 mean_cost=6.3163 (sbs=6.3220) vs_sbs=-0.09%
     OVRPL: top1=0.405 mean_cost=7.4308 (sbs=7.4376) vs_sbs=-0.09%
     VRPBL: top1=0.515 mean_cost=9.3625 (sbs=9.3593) vs_sbs=+0.03%
    VRPBTW: top1=0.448 mean_cost=19.0282 (sbs=19.6697) vs_sbs=-3.26%
    VRPLTW: top1=0.467 mean_cost=17.6312 (sbs=18.5091) vs_sbs=-4.74%
    OVRPBL: top1=0.583 mean_cost=6.3028 (sbs=6.3103) vs_sbs=-0.12%
   OVRPBTW: top1=0.507 mean_cost=10.4983 (sbs=10.5068) vs_sbs=-0.08%
   OVRPLTW: top1=0.503 mean_cost=10.1242 (sbs=10.1272) vs_sbs=-0.03%
   VRPBLTW: top1=0.441 mean_cost=18.9353 (sbs=19.5198) vs_sbs=-2.99%
  OVRPBLTW: top1=0.507 mean_cost=10.5315 (sbs=10.5412) vs_sbs=-0.09%
[comparisons epoch 34] true3=0.70537 R42A_top2=0.58479
[train epoch 35] update=180/1422 global=48528 loss=0.56324 cmp=0.47511 KL=0.00882 lr=6.3e-06 samples/s=1652
[train epoch 35] update=360/1422 global=48708 loss=0.56511 cmp=0.47604 KL=0.00878 lr=6.3e-06 samples/s=1659
[train epoch 35] update=540/1422 global=48888 loss=0.56505 cmp=0.47564 KL=0.00880 lr=6.3e-06 samples/s=1663
[train epoch 35] update=720/1422 global=49068 loss=0.56495 cmp=0.47577 KL=0.00882 lr=6.3e-06 samples/s=1663
[train epoch 35] update=900/1422 global=49248 loss=0.56434 cmp=0.47552 KL=0.00889 lr=6.3e-06 samples/s=1664
[train epoch 35] update=1080/1422 global=49428 loss=0.56413 cmp=0.47535 KL=0.00891 lr=6.3e-06 samples/s=1664
[train epoch 35] update=1260/1422 global=49608 loss=0.56441 cmp=0.47548 KL=0.00892 lr=6.3e-06 samples/s=1664
[train epoch 35] update=1422/1422 global=49770 loss=0.56418 cmp=0.47538 KL=0.00895 lr=6.3e-06 samples/s=1648
[train_eval epoch 35] top1=0.50700 CE=1.04318 actual_regret=0.87673%
[eval epoch 35] macro_top1=0.4876 top2=0.8234 top3=0.9275 vs_sbs=-1.057% vbs_closed=+30.78%
       TSP: top1=0.376 mean_cost=7.9160 (sbs=7.9578) vs_sbs=-0.52%
      CVRP: top1=0.489 mean_cost=18.2018 (sbs=18.2943) vs_sbs=-0.51%
      ATSP: top1=0.784 mean_cost=1.6347 (sbs=1.6735) vs_sbs=-2.32%
      OVRP: top1=0.355 mean_cost=7.4541 (sbs=7.4617) vs_sbs=-0.10%
      VRPB: top1=0.562 mean_cost=9.3306 (sbs=9.3403) vs_sbs=-0.10%
      VRPL: top1=0.316 mean_cost=12.4064 (sbs=12.4072) vs_sbs=-0.01%
     VRPTW: top1=0.457 mean_cost=17.8928 (sbs=18.6571) vs_sbs=-4.10%
    OVRPTW: top1=0.511 mean_cost=10.0450 (sbs=10.0484) vs_sbs=-0.03%
     OVRPB: top1=0.579 mean_cost=6.3168 (sbs=6.3220) vs_sbs=-0.08%
     OVRPL: top1=0.405 mean_cost=7.4307 (sbs=7.4376) vs_sbs=-0.09%
     VRPBL: top1=0.528 mean_cost=9.3594 (sbs=9.3593) vs_sbs=+0.00%
    VRPBTW: top1=0.435 mean_cost=19.0374 (sbs=19.6697) vs_sbs=-3.21%
    VRPLTW: top1=0.454 mean_cost=17.6384 (sbs=18.5091) vs_sbs=-4.70%
    OVRPBL: top1=0.579 mean_cost=6.3040 (sbs=6.3103) vs_sbs=-0.10%
   OVRPBTW: top1=0.503 mean_cost=10.5006 (sbs=10.5068) vs_sbs=-0.06%
   OVRPLTW: top1=0.510 mean_cost=10.1231 (sbs=10.1272) vs_sbs=-0.04%
   VRPBLTW: top1=0.436 mean_cost=18.9370 (sbs=19.5198) vs_sbs=-2.99%
  OVRPBLTW: top1=0.498 mean_cost=10.5344 (sbs=10.5412) vs_sbs=-0.06%
[comparisons epoch 35] true3=0.70474 R42A_top2=0.58329
[train epoch 36] update=180/1422 global=49950 loss=0.56519 cmp=0.47634 KL=0.00920 lr=6.3e-06 samples/s=1655
[train epoch 36] update=360/1422 global=50130 loss=0.56372 cmp=0.47503 KL=0.00911 lr=6.3e-06 samples/s=1658
[train epoch 36] update=540/1422 global=50310 loss=0.56206 cmp=0.47395 KL=0.00914 lr=6.3e-06 samples/s=1662
[train epoch 36] update=720/1422 global=50490 loss=0.56281 cmp=0.47444 KL=0.00910 lr=6.3e-06 samples/s=1663
[train epoch 36] update=900/1422 global=50670 loss=0.56304 cmp=0.47449 KL=0.00907 lr=6.3e-06 samples/s=1662
[train epoch 36] update=1080/1422 global=50850 loss=0.56357 cmp=0.47506 KL=0.00905 lr=6.3e-06 samples/s=1661
[train epoch 36] update=1260/1422 global=51030 loss=0.56437 cmp=0.47566 KL=0.00906 lr=6.3e-06 samples/s=1661
[train epoch 36] update=1422/1422 global=51192 loss=0.56416 cmp=0.47543 KL=0.00910 lr=6.3e-06 samples/s=1645
[eval epoch 36] macro_top1=0.4883 top2=0.8221 top3=0.9267 vs_sbs=-1.062% vbs_closed=+30.93%
       TSP: top1=0.375 mean_cost=7.9140 (sbs=7.9578) vs_sbs=-0.55%
      CVRP: top1=0.486 mean_cost=18.2016 (sbs=18.2943) vs_sbs=-0.51%
      ATSP: top1=0.783 mean_cost=1.6350 (sbs=1.6735) vs_sbs=-2.30%
      OVRP: top1=0.355 mean_cost=7.4544 (sbs=7.4617) vs_sbs=-0.10%
      VRPB: top1=0.552 mean_cost=9.3313 (sbs=9.3403) vs_sbs=-0.10%
      VRPL: top1=0.318 mean_cost=12.4052 (sbs=12.4072) vs_sbs=-0.02%
     VRPTW: top1=0.455 mean_cost=17.8961 (sbs=18.6571) vs_sbs=-4.08%
    OVRPTW: top1=0.510 mean_cost=10.0450 (sbs=10.0484) vs_sbs=-0.03%
     OVRPB: top1=0.579 mean_cost=6.3170 (sbs=6.3220) vs_sbs=-0.08%
     OVRPL: top1=0.409 mean_cost=7.4306 (sbs=7.4376) vs_sbs=-0.09%
     VRPBL: top1=0.522 mean_cost=9.3615 (sbs=9.3593) vs_sbs=+0.02%
    VRPBTW: top1=0.450 mean_cost=19.0266 (sbs=19.6697) vs_sbs=-3.27%
    VRPLTW: top1=0.462 mean_cost=17.6349 (sbs=18.5091) vs_sbs=-4.72%
    OVRPBL: top1=0.588 mean_cost=6.3032 (sbs=6.3103) vs_sbs=-0.11%
   OVRPBTW: top1=0.503 mean_cost=10.4993 (sbs=10.5068) vs_sbs=-0.07%
   OVRPLTW: top1=0.503 mean_cost=10.1249 (sbs=10.1272) vs_sbs=-0.02%
   VRPBLTW: top1=0.441 mean_cost=18.9356 (sbs=19.5198) vs_sbs=-2.99%
  OVRPBLTW: top1=0.498 mean_cost=10.5315 (sbs=10.5412) vs_sbs=-0.09%
[comparisons epoch 36] true3=0.70517 R42A_top2=0.58451
[schedule] validation cost plateau: next lr=3.1e-06
[train epoch 37] update=180/1422 global=51372 loss=0.56468 cmp=0.47579 KL=0.00919 lr=3.1e-06 samples/s=1656
[train epoch 37] update=360/1422 global=51552 loss=0.56356 cmp=0.47550 KL=0.00908 lr=3.1e-06 samples/s=1660
[train epoch 37] update=540/1422 global=51732 loss=0.56265 cmp=0.47447 KL=0.00912 lr=3.1e-06 samples/s=1660
[train epoch 37] update=720/1422 global=51912 loss=0.56379 cmp=0.47548 KL=0.00914 lr=3.1e-06 samples/s=1660
[train epoch 37] update=900/1422 global=52092 loss=0.56325 cmp=0.47494 KL=0.00912 lr=3.1e-06 samples/s=1660
[AMP retry] same batch; lower scale=65536.0
[train epoch 37] update=1080/1422 global=52272 loss=0.56325 cmp=0.47470 KL=0.00912 lr=3.1e-06 samples/s=1659
[train epoch 37] update=1260/1422 global=52452 loss=0.56351 cmp=0.47499 KL=0.00909 lr=3.1e-06 samples/s=1659
[train epoch 37] update=1422/1422 global=52614 loss=0.56343 cmp=0.47494 KL=0.00908 lr=3.1e-06 samples/s=1643
[eval epoch 37] macro_top1=0.4883 top2=0.8221 top3=0.9269 vs_sbs=-1.058% vbs_closed=+30.70%
       TSP: top1=0.374 mean_cost=7.9141 (sbs=7.9578) vs_sbs=-0.55%
      CVRP: top1=0.482 mean_cost=18.2038 (sbs=18.2943) vs_sbs=-0.49%
      ATSP: top1=0.783 mean_cost=1.6348 (sbs=1.6735) vs_sbs=-2.32%
      OVRP: top1=0.361 mean_cost=7.4540 (sbs=7.4617) vs_sbs=-0.10%
      VRPB: top1=0.559 mean_cost=9.3311 (sbs=9.3403) vs_sbs=-0.10%
      VRPL: top1=0.313 mean_cost=12.4060 (sbs=12.4072) vs_sbs=-0.01%
     VRPTW: top1=0.455 mean_cost=17.9046 (sbs=18.6571) vs_sbs=-4.03%
    OVRPTW: top1=0.503 mean_cost=10.0457 (sbs=10.0484) vs_sbs=-0.03%
     OVRPB: top1=0.587 mean_cost=6.3166 (sbs=6.3220) vs_sbs=-0.08%
     OVRPL: top1=0.405 mean_cost=7.4321 (sbs=7.4376) vs_sbs=-0.07%
     VRPBL: top1=0.520 mean_cost=9.3618 (sbs=9.3593) vs_sbs=+0.03%
    VRPBTW: top1=0.453 mean_cost=19.0271 (sbs=19.6697) vs_sbs=-3.27%
    VRPLTW: top1=0.458 mean_cost=17.6351 (sbs=18.5091) vs_sbs=-4.72%
    OVRPBL: top1=0.585 mean_cost=6.3032 (sbs=6.3103) vs_sbs=-0.11%
   OVRPBTW: top1=0.505 mean_cost=10.4988 (sbs=10.5068) vs_sbs=-0.08%
   OVRPLTW: top1=0.500 mean_cost=10.1252 (sbs=10.1272) vs_sbs=-0.02%
   VRPBLTW: top1=0.439 mean_cost=18.9389 (sbs=19.5198) vs_sbs=-2.98%
  OVRPBLTW: top1=0.508 mean_cost=10.5302 (sbs=10.5412) vs_sbs=-0.10%
[comparisons epoch 37] true3=0.70486 R42A_top2=0.58478
[train epoch 38] update=180/1422 global=52794 loss=0.56377 cmp=0.47686 KL=0.00913 lr=3.1e-06 samples/s=1658
[train epoch 38] update=360/1422 global=52974 loss=0.56305 cmp=0.47496 KL=0.00908 lr=3.1e-06 samples/s=1662
[train epoch 38] update=540/1422 global=53154 loss=0.56224 cmp=0.47420 KL=0.00916 lr=3.1e-06 samples/s=1663
[train epoch 38] update=720/1422 global=53334 loss=0.56284 cmp=0.47449 KL=0.00917 lr=3.1e-06 samples/s=1664
[train epoch 38] update=900/1422 global=53514 loss=0.56313 cmp=0.47482 KL=0.00915 lr=3.1e-06 samples/s=1664
[train epoch 38] update=1080/1422 global=53694 loss=0.56305 cmp=0.47484 KL=0.00911 lr=3.1e-06 samples/s=1664
[train epoch 38] update=1260/1422 global=53874 loss=0.56334 cmp=0.47500 KL=0.00913 lr=3.1e-06 samples/s=1665
[train epoch 38] update=1422/1422 global=54036 loss=0.56314 cmp=0.47481 KL=0.00912 lr=3.1e-06 samples/s=1648
[eval epoch 38] macro_top1=0.4903 top2=0.8217 top3=0.9272 vs_sbs=-1.063% vbs_closed=+31.23%
       TSP: top1=0.379 mean_cost=7.9145 (sbs=7.9578) vs_sbs=-0.54%
      CVRP: top1=0.483 mean_cost=18.2000 (sbs=18.2943) vs_sbs=-0.52%
      ATSP: top1=0.789 mean_cost=1.6347 (sbs=1.6735) vs_sbs=-2.32%
      OVRP: top1=0.360 mean_cost=7.4536 (sbs=7.4617) vs_sbs=-0.11%
      VRPB: top1=0.562 mean_cost=9.3293 (sbs=9.3403) vs_sbs=-0.12%
      VRPL: top1=0.315 mean_cost=12.4055 (sbs=12.4072) vs_sbs=-0.01%
     VRPTW: top1=0.466 mean_cost=17.8959 (sbs=18.6571) vs_sbs=-4.08%
    OVRPTW: top1=0.501 mean_cost=10.0466 (sbs=10.0484) vs_sbs=-0.02%
     OVRPB: top1=0.575 mean_cost=6.3175 (sbs=6.3220) vs_sbs=-0.07%
     OVRPL: top1=0.406 mean_cost=7.4310 (sbs=7.4376) vs_sbs=-0.09%
     VRPBL: top1=0.530 mean_cost=9.3595 (sbs=9.3593) vs_sbs=+0.00%
    VRPBTW: top1=0.450 mean_cost=19.0327 (sbs=19.6697) vs_sbs=-3.24%
    VRPLTW: top1=0.460 mean_cost=17.6344 (sbs=18.5091) vs_sbs=-4.73%
    OVRPBL: top1=0.586 mean_cost=6.3036 (sbs=6.3103) vs_sbs=-0.11%
   OVRPBTW: top1=0.511 mean_cost=10.4978 (sbs=10.5068) vs_sbs=-0.09%
   OVRPLTW: top1=0.505 mean_cost=10.1240 (sbs=10.1272) vs_sbs=-0.03%
   VRPBLTW: top1=0.439 mean_cost=18.9408 (sbs=19.5198) vs_sbs=-2.97%
  OVRPBLTW: top1=0.509 mean_cost=10.5306 (sbs=10.5412) vs_sbs=-0.10%
[comparisons epoch 38] true3=0.70576 R42A_top2=0.58662
[train epoch 39] update=180/1422 global=54216 loss=0.56104 cmp=0.47317 KL=0.00927 lr=3.1e-06 samples/s=1658
[train epoch 39] update=360/1422 global=54396 loss=0.56324 cmp=0.47498 KL=0.00923 lr=3.1e-06 samples/s=1657
[train epoch 39] update=540/1422 global=54576 loss=0.56359 cmp=0.47518 KL=0.00926 lr=3.1e-06 samples/s=1658
[train epoch 39] update=720/1422 global=54756 loss=0.56375 cmp=0.47473 KL=0.00921 lr=3.1e-06 samples/s=1661
[train epoch 39] update=900/1422 global=54936 loss=0.56407 cmp=0.47525 KL=0.00921 lr=3.1e-06 samples/s=1658
[train epoch 39] update=1080/1422 global=55116 loss=0.56346 cmp=0.47493 KL=0.00920 lr=3.1e-06 samples/s=1655
[train epoch 39] update=1260/1422 global=55296 loss=0.56317 cmp=0.47463 KL=0.00920 lr=3.1e-06 samples/s=1654
[train epoch 39] update=1422/1422 global=55458 loss=0.56301 cmp=0.47470 KL=0.00920 lr=3.1e-06 samples/s=1639
[eval epoch 39] macro_top1=0.4889 top2=0.8238 top3=0.9270 vs_sbs=-1.064% vbs_closed=+30.88%
       TSP: top1=0.380 mean_cost=7.9146 (sbs=7.9578) vs_sbs=-0.54%
      CVRP: top1=0.484 mean_cost=18.2018 (sbs=18.2943) vs_sbs=-0.51%
      ATSP: top1=0.786 mean_cost=1.6347 (sbs=1.6735) vs_sbs=-2.32%
      OVRP: top1=0.357 mean_cost=7.4541 (sbs=7.4617) vs_sbs=-0.10%
      VRPB: top1=0.562 mean_cost=9.3303 (sbs=9.3403) vs_sbs=-0.11%
      VRPL: top1=0.321 mean_cost=12.4042 (sbs=12.4072) vs_sbs=-0.02%
     VRPTW: top1=0.453 mean_cost=17.8925 (sbs=18.6571) vs_sbs=-4.10%
    OVRPTW: top1=0.509 mean_cost=10.0455 (sbs=10.0484) vs_sbs=-0.03%
     OVRPB: top1=0.574 mean_cost=6.3176 (sbs=6.3220) vs_sbs=-0.07%
     OVRPL: top1=0.404 mean_cost=7.4314 (sbs=7.4376) vs_sbs=-0.08%
     VRPBL: top1=0.521 mean_cost=9.3617 (sbs=9.3593) vs_sbs=+0.03%
    VRPBTW: top1=0.456 mean_cost=19.0264 (sbs=19.6697) vs_sbs=-3.27%
    VRPLTW: top1=0.460 mean_cost=17.6301 (sbs=18.5091) vs_sbs=-4.75%
    OVRPBL: top1=0.591 mean_cost=6.3028 (sbs=6.3103) vs_sbs=-0.12%
   OVRPBTW: top1=0.503 mean_cost=10.5003 (sbs=10.5068) vs_sbs=-0.06%
   OVRPLTW: top1=0.502 mean_cost=10.1257 (sbs=10.1272) vs_sbs=-0.01%
   VRPBLTW: top1=0.437 mean_cost=18.9335 (sbs=19.5198) vs_sbs=-3.00%
  OVRPBLTW: top1=0.501 mean_cost=10.5328 (sbs=10.5412) vs_sbs=-0.08%
[comparisons epoch 39] true3=0.70526 R42A_top2=0.58384
[schedule] validation cost plateau: next lr=1.6e-06
[train epoch 40] update=180/1422 global=55638 loss=0.56526 cmp=0.47483 KL=0.00943 lr=1.6e-06 samples/s=1664
[train epoch 40] update=360/1422 global=55818 loss=0.56315 cmp=0.47438 KL=0.00923 lr=1.6e-06 samples/s=1664
[train epoch 40] update=540/1422 global=55998 loss=0.56312 cmp=0.47421 KL=0.00933 lr=1.6e-06 samples/s=1663
[train epoch 40] update=720/1422 global=56178 loss=0.56264 cmp=0.47427 KL=0.00934 lr=1.6e-06 samples/s=1663
[train epoch 40] update=900/1422 global=56358 loss=0.56252 cmp=0.47436 KL=0.00931 lr=1.6e-06 samples/s=1663
[AMP retry] same batch; lower scale=131072.0
[train epoch 40] update=1080/1422 global=56538 loss=0.56204 cmp=0.47404 KL=0.00930 lr=1.6e-06 samples/s=1662
[train epoch 40] update=1260/1422 global=56718 loss=0.56247 cmp=0.47437 KL=0.00933 lr=1.6e-06 samples/s=1662
[AMP retry] same batch; lower scale=65536.0
[train epoch 40] update=1422/1422 global=56880 loss=0.56270 cmp=0.47452 KL=0.00932 lr=1.6e-06 samples/s=1645
[train_eval epoch 40] top1=0.50841 CE=1.04059 actual_regret=0.87261%
[eval epoch 40] macro_top1=0.4877 top2=0.8226 top3=0.9264 vs_sbs=-1.064% vbs_closed=+31.11%
       TSP: top1=0.375 mean_cost=7.9145 (sbs=7.9578) vs_sbs=-0.54%
      CVRP: top1=0.485 mean_cost=18.2016 (sbs=18.2943) vs_sbs=-0.51%
      ATSP: top1=0.785 mean_cost=1.6346 (sbs=1.6735) vs_sbs=-2.33%
      OVRP: top1=0.358 mean_cost=7.4540 (sbs=7.4617) vs_sbs=-0.10%
      VRPB: top1=0.562 mean_cost=9.3298 (sbs=9.3403) vs_sbs=-0.11%
      VRPL: top1=0.315 mean_cost=12.4054 (sbs=12.4072) vs_sbs=-0.01%
     VRPTW: top1=0.447 mean_cost=17.8962 (sbs=18.6571) vs_sbs=-4.08%
    OVRPTW: top1=0.501 mean_cost=10.0464 (sbs=10.0484) vs_sbs=-0.02%
     OVRPB: top1=0.586 mean_cost=6.3174 (sbs=6.3220) vs_sbs=-0.07%
     OVRPL: top1=0.403 mean_cost=7.4314 (sbs=7.4376) vs_sbs=-0.08%
     VRPBL: top1=0.529 mean_cost=9.3599 (sbs=9.3593) vs_sbs=+0.01%
    VRPBTW: top1=0.454 mean_cost=19.0265 (sbs=19.6697) vs_sbs=-3.27%
    VRPLTW: top1=0.454 mean_cost=17.6367 (sbs=18.5091) vs_sbs=-4.71%
    OVRPBL: top1=0.583 mean_cost=6.3033 (sbs=6.3103) vs_sbs=-0.11%
   OVRPBTW: top1=0.507 mean_cost=10.4968 (sbs=10.5068) vs_sbs=-0.09%
   OVRPLTW: top1=0.500 mean_cost=10.1255 (sbs=10.1272) vs_sbs=-0.02%
   VRPBLTW: top1=0.431 mean_cost=18.9358 (sbs=19.5198) vs_sbs=-2.99%
  OVRPBLTW: top1=0.504 mean_cost=10.5303 (sbs=10.5412) vs_sbs=-0.10%
[comparisons epoch 40] true3=0.70502 R42A_top2=0.58423
wandb:                                                                                
wandb: 
wandb: Run history:
wandb:                                    epoch ▁▁▁▂▂▂▂▂▂▃▃▃▃▃▄▄▄▄▄▄▅▅▅▅▅▅▆▆▆▆▆▇▇▇▇▇▇███
wandb:                      gpu/peak_memory_gib ▁▁██████████████████████████████████████
wandb:                   optimization/all_pairs █▄▃▃▂▂▂▂▂▂▂▂▂▂▂▁▁▁▁▁▁▁▁▁▁▁▁▁▁▁▁▁▁▁▁▁▁▁▁▁
wandb:                 optimization/amp_skipped ▁▁▂▂▂▂▂▂▃▃▃▃▃▄▄▄▄▄▄▅▅▅▅▅▅▅▅▅▆▆▆▆▆▇▇▇▇▇▇█
wandb:                          optimization/ce █▃▃▃▂▂▂▂▂▂▂▂▂▂▂▁▁▁▁▁▁▁▁▁▁▁▁▁▁▁▁▁▁▁▁▁▁▁▁▁
wandb:                         optimization/cmp █▄▄▃▃▃▂▂▂▂▂▂▂▂▂▂▁▁▁▁▁▁▁▁▁▁▁▁▁▁▁▁▁▁▁▁▁▁▁▁
wandb:          optimization/consistency_weight ▁▅██████████████████████████████████████
wandb:                          optimization/kl ▇█▄▂▁▁▁▁▁▁▁▁▁▁▁▂▂▂▃▃▃▄▄▄▅▅▅▅▅▆▆▆▆▆▇▇▇▇▇▇
wandb:                        optimization/loss █▃▃▃▂▂▂▂▂▂▂▂▂▂▂▁▁▁▁▁▁▁▁▁▁▁▁▁▁▁▁▁▁▁▁▁▁▁▁▁
wandb:                          optimization/lr ▃▆█████████████▄▄▄▄▃▃▃▃▂▂▂▂▂▂▁▁▁▁▁▁▁▁▁▁▁
wandb:                       optimization/pred3 █▄▄▃▃▃▃▃▂▂▂▂▂▂▂▂▂▂▂▁▁▁▁▁▁▁▁▁▁▁▁▁▁▁▁▁▁▁▁▁
wandb:                        optimization/risk █▃▂▂▂▂▂▁▁▁▁▁▁▁▁▁▁▁▁▁▁▁▁▁▁▁▁▁▁▁▁▁▁▁▁▁▁▁▁▁
wandb:                     optimization/samples ▁▁▁▁▁▁▁▁▁▁▁▁▁▁▁▁▁▁▁▁▁▁▁▁▁▁▁▁▁▁▁▁▁▁▁▁▁▁▁▁
wandb:                     optimization/seconds ▇▁▁▁▂▂▁▁▂▁▁▂▂▂▂▁▁▂▁▂▂▁▁▂▂▂▂▁▂▂▆█▄▅▄▄▄▄▅▄
wandb:                       optimization/true3 █▅▄▄▃▃▃▃▃▃▂▂▂▂▂▂▂▂▂▁▁▁▁▁▁▁▁▁▁▁▁▁▁▁▁▁▁▁▁▁
wandb:                       successful_updates ▁▁▁▂▂▂▂▂▂▃▃▃▃▃▄▄▄▄▄▄▅▅▅▅▅▅▆▆▆▆▆▇▇▇▇▇▇███
wandb:       train_eval/macro_actual_regret_pct █▇▆▂▂▁▁▁
wandb:                      train_eval/macro_ce █▆▇▃▂▁▁▁
wandb:               train_eval/macro_mean_cost █▆▆▂▂▁▁▁
wandb: train_eval/macro_reference_top2_accuracy ▁▂▃▆▇███
wandb:                    train_eval/macro_top1 ▁▂▃▆▇███
wandb:          train_eval/macro_top1_tie_aware ▁▂▃▆▇███
wandb:                    train_eval/macro_top2 ▁▂▂▆▇███
wandb:                    train_eval/macro_top3 ▁▂▃▇▇███
wandb:          train_eval/macro_true3_accuracy ▁▃▃▆▇▇██
wandb:      train_eval/macro_vbs_gap_closed_pct ▁▂▄▇▇███
wandb:           train_eval/macro_vs_oracle_pct █▇▆▂▂▁▁▁
wandb:              train_eval/macro_vs_sbs_pct █▇▆▂▂▁▁▁
wandb:              val/macro_actual_regret_pct █▄▄▄▃▂▂▂▂▂▂▂▂▂▂▁▁▂▂▁▁▁▁▁▁▁▁▁▁▁▁▁▁▁▁▁▁▁▁▁
wandb:                             val/macro_ce █▄▄▄▃▃▃▃▃▂▃▂▂▂▃▂▁▁▁▁▁▁▁▁▁▁▁▁▁▁▁▁▁▁▁▁▁▁▁▁
wandb:                      val/macro_mean_cost █▃▄▃▂▂▂▂▂▂▂▂▂▂▂▁▁▁▁▁▁▁▁▁▁▁▁▁▁▁▁▁▁▁▁▁▁▁▁▁
wandb:        val/macro_reference_top2_accuracy ▁▂▄▄▄▅▆▅▅▄▆▆▇▆▅▇▇▇▇█▇▇██████████████████
wandb:                           val/macro_top1 ▁▃▄▄▅▅▅▅▅▅▆▆▇▆▆▇▇▇▇▇▇███████████████████
wandb:                 val/macro_top1_tie_aware ▁▃▄▄▅▅▅▅▅▅▆▆▇▆▆▇▇▇▇▇▇███████████████████
wandb:                           val/macro_top2 ▁▅▅▅▆▆▆▆▆▆▇▇▇▆▆▇▇▇██▇███████████████████
wandb:                           val/macro_top3 ▁▆▅▆▇▇▇▇▆▇▇▇▇▇▇█████████████████████████
wandb:                 val/macro_true3_accuracy ▁▂▄▄▄▅▆▅▅▅▆▆▆▆▅▇▇▇▇█▇▇██████████████████
wandb:             val/macro_vbs_gap_closed_pct ▁▆▅▅▆▆▆▆▇▆▇▇▇▇▇▇████████████████████████
wandb:                  val/macro_vs_oracle_pct █▃▄▃▂▂▂▂▂▂▂▂▂▂▂▁▁▁▁▁▁▁▁▁▁▁▁▁▁▁▁▁▁▁▁▁▁▁▁▁
wandb:                     val/macro_vs_sbs_pct █▃▄▃▂▂▂▂▂▂▂▂▂▂▂▁▁▁▁▁▁▁▁▁▁▁▁▁▁▁▁▁▁▁▁▁▁▁▁▁
wandb: 
wandb: Run summary:
wandb:                                    epoch 40
wandb:                      gpu/peak_memory_gib 9.38582
wandb:                   optimization/all_pairs 0.30261
wandb:                 optimization/amp_skipped 22
wandb:                          optimization/ce 1.04716
wandb:                         optimization/cmp 0.47452
wandb:          optimization/consistency_weight 0.35
wandb:                          optimization/kl 0.00932
wandb:                        optimization/loss 0.5627
wandb:                          optimization/lr 0.0
wandb:                       optimization/pred3 0.52571
wandb:                        optimization/risk 1.34237
wandb:                     optimization/samples 180000
wandb:                     optimization/seconds 109.44995
wandb:                       optimization/true3 0.53476
wandb:                       successful_updates 56880
wandb:       train_eval/macro_actual_regret_pct 0.87261
wandb:                      train_eval/macro_ce 1.04059
wandb:               train_eval/macro_mean_cost 11.16697
wandb: train_eval/macro_reference_top2_accuracy 0.60437
wandb:                    train_eval/macro_top1 0.50841
wandb:          train_eval/macro_top1_tie_aware 0.50928
wandb:                    train_eval/macro_top2 0.83192
wandb:                    train_eval/macro_top3 0.93587
wandb:          train_eval/macro_true3_accuracy 0.7154
wandb:      train_eval/macro_vbs_gap_closed_pct 34.52145
wandb:           train_eval/macro_vs_oracle_pct 0.84434
wandb:              train_eval/macro_vs_sbs_pct -1.14331
wandb:              val/macro_actual_regret_pct 0.93333
wandb:                             val/macro_ce 1.0901
wandb:                      val/macro_mean_cost 11.16924
wandb:        val/macro_reference_top2_accuracy 0.58423
wandb:                           val/macro_top1 0.48772
wandb:                 val/macro_top1_tie_aware 0.48839
wandb:                           val/macro_top2 0.82261
wandb:                           val/macro_top3 0.92639
wandb:                 val/macro_true3_accuracy 0.70502
wandb:             val/macro_vbs_gap_closed_pct 31.10707
wandb:                  val/macro_vs_oracle_pct 0.89945
wandb:                     val/macro_vs_sbs_pct -1.06395
wandb: 
wandb: You can sync this run to the cloud by running:
wandb: wandb sync code/V4/runs/R43_pairwise_selection/explicit_pair_seed2/wandb/offline-run-20261001_105315-gksaqhun
wandb: Find logs at: code/V4/runs/R43_pairwise_selection/explicit_pair_seed2/wandb/offline-run-20261001_105315-gksaqhun/logs
[complete R43B] epochs=40 best_epoch=33
