.................................
----------------------------------------------------------------------
Ran 33 tests in 0.491s

OK
[cache] OVRP/train: 10000 instances, 33.9 MiB on cuda
[cache] VRPB/train: 10000 instances, 33.9 MiB on cuda
[cache] VRPL/train: 10000 instances, 33.9 MiB on cuda
[cache] VRPTW/train: 10000 instances, 33.9 MiB on cuda
[cache] OVRPTW/train: 10000 instances, 33.9 MiB on cuda
[cache] OVRPB/train: 10000 instances, 33.9 MiB on cuda
[cache] OVRPL/train: 10000 instances, 33.9 MiB on cuda
[cache] VRPBL/train: 10000 instances, 33.9 MiB on cuda
[cache] VRPBTW/train: 10000 instances, 33.9 MiB on cuda
[cache] VRPLTW/train: 10000 instances, 33.9 MiB on cuda
[cache] OVRPBL/train: 10000 instances, 33.9 MiB on cuda
[cache] OVRPBTW/train: 10000 instances, 33.9 MiB on cuda
[cache] OVRPLTW/train: 10000 instances, 33.9 MiB on cuda
[cache] VRPBLTW/train: 10000 instances, 33.9 MiB on cuda
[cache] OVRPBLTW/train: 10000 instances, 33.9 MiB on cuda
[cache] OVRP/val: 1000 instances, 3.4 MiB on cuda
[cache] VRPB/val: 1000 instances, 3.4 MiB on cuda
[cache] VRPL/val: 1000 instances, 3.4 MiB on cuda
[cache] VRPTW/val: 1000 instances, 3.4 MiB on cuda
[cache] OVRPTW/val: 1000 instances, 3.4 MiB on cuda
[cache] OVRPB/val: 1000 instances, 3.4 MiB on cuda
[cache] OVRPL/val: 1000 instances, 3.4 MiB on cuda
[cache] VRPBL/val: 1000 instances, 3.4 MiB on cuda
[cache] VRPBTW/val: 1000 instances, 3.4 MiB on cuda
[cache] VRPLTW/val: 1000 instances, 3.4 MiB on cuda
[cache] OVRPBL/val: 1000 instances, 3.4 MiB on cuda
[cache] OVRPBTW/val: 1000 instances, 3.4 MiB on cuda
[cache] OVRPLTW/val: 1000 instances, 3.4 MiB on cuda
[cache] VRPBLTW/val: 1000 instances, 3.4 MiB on cuda
[cache] OVRPBLTW/val: 1000 instances, 3.4 MiB on cuda
wandb: Tracking run with wandb version 0.19.11
wandb: W&B syncing is set to `offline` in this directory. Run `wandb online` or set WANDB_MODE=online to enable cloud syncing.
[R55 AMP] retry unchanged batch, scaler 1024.0->512.0
[R55 AMP] retry unchanged batch, scaler 512.0->256.0
[R55 AMP] retry unchanged batch, scaler 256.0->128.0
[R55 AMP] retry unchanged batch, scaler 128.0->64.0
[R55 AMP] retry unchanged batch, scaler 64.0->32.0
[R55 AMP] retry unchanged batch, scaler 32.0->16.0
[R55 AMP] retry unchanged batch, scaler 16.0->8.0
[R55 AMP] retry unchanged batch, scaler 8.0->4.0
[R55 AMP] retry unchanged batch, scaler 4.0->2.0
[R55 AMP] retry unchanged batch, scaler 2.0->1.0
[R55 AMP] retry unchanged batch, scaler 1.0->0.5
[R55 AMP] retry unchanged batch, scaler 0.5->0.25
[R55 AMP] retry unchanged batch, scaler 0.25->0.125
[R55] epoch=1 update=200 loss=43.8863 edge=0.6667 relative=43.2196
[R55] epoch=1 update=400 loss=12.0025 edge=0.6667 relative=11.3359
[R55] epoch=1 update=600 loss=7.7672 edge=0.6689 relative=7.0983
[R55] epoch=1 update=800 loss=7.3653 edge=0.6667 relative=6.6987
[R55] epoch=1 update=1000 loss=9.0460 edge=0.6667 relative=8.3793
[R55] epoch=1 Top1=47.7556% regret=0.952188% pair_acc=54.46% edge=0.66909 seconds=27.2 stop=False
[R55] epoch=2 update=1200 loss=18.7149 edge=0.6769 relative=18.0380
[R55] epoch=2 update=1400 loss=15.0175 edge=0.6667 relative=14.3509
[R55] epoch=2 update=1600 loss=9.4995 edge=0.6667 relative=8.8328
[R55] epoch=2 update=1800 loss=8.2367 edge=0.6667 relative=7.5701
[R55] epoch=2 update=2000 loss=9.8004 edge=0.6667 relative=9.1337
[R55] epoch=2 update=2200 loss=16.9943 edge=0.6667 relative=16.3277
[R55] epoch=2 Top1=46.8389% regret=1.017670% pair_acc=52.46% edge=0.66909 seconds=26.8 stop=False
[R55] epoch=3 update=2400 loss=10.9027 edge=0.6680 relative=10.2347
[R55] epoch=3 update=2600 loss=12.1531 edge=0.6757 relative=11.4774
[R55] epoch=3 update=2800 loss=10.4337 edge=0.6808 relative=9.7529
[R55 AMP] retry unchanged batch, scaler 0.25->0.125
[R55] epoch=3 update=3000 loss=13.6772 edge=0.6667 relative=13.0106
[R55] epoch=3 update=3200 loss=6.5543 edge=0.6695 relative=5.8848
[R55] epoch=3 update=3400 loss=13.5522 edge=0.6667 relative=12.8856
[R55] epoch=3 Top1=44.3667% regret=1.219578% pair_acc=46.50% edge=0.66909 seconds=26.9 stop=False
[R55] epoch=4 update=3600 loss=19.2970 edge=0.6679 relative=18.6292
[R55] epoch=4 update=3800 loss=8.2377 edge=0.6670 relative=7.5707
[R55] epoch=4 update=4000 loss=9.0255 edge=0.6671 relative=8.3585
[R55] epoch=4 update=4200 loss=9.8322 edge=0.6667 relative=9.1655
[R55] epoch=4 update=4400 loss=8.2559 edge=0.6679 relative=7.5879
[R55] epoch=4 update=4600 loss=8.7861 edge=0.6689 relative=8.1172
[R55] epoch=4 Top1=47.1111% regret=1.028010% pair_acc=52.56% edge=0.66909 seconds=26.9 stop=False
[R55] epoch=5 update=4800 loss=19.7237 edge=0.6667 relative=19.0570
[R55] epoch=5 update=5000 loss=9.8796 edge=0.6695 relative=9.2101
[R55] epoch=5 update=5200 loss=33.7122 edge=0.6687 relative=33.0435
[R55] epoch=5 update=5400 loss=12.0373 edge=0.6667 relative=11.3707
[R55] epoch=5 update=5600 loss=13.2260 edge=0.6667 relative=12.5593
[R55 AMP] retry unchanged batch, scaler 0.25->0.125
[R55] epoch=5 update=5800 loss=15.0666 edge=0.6783 relative=14.3883
[R55] epoch=5 Top1=48.0000% regret=0.948880% pair_acc=54.62% edge=0.66909 seconds=48.6 stop=False
[R55] epoch=6 update=6000 loss=7.7129 edge=0.6667 relative=7.0462
[R55] epoch=6 update=6200 loss=6.0510 edge=0.6679 relative=5.3831
[R55] epoch=6 update=6400 loss=8.2343 edge=0.6681 relative=7.5662
[R55] epoch=6 update=6600 loss=17.7616 edge=0.6680 relative=17.0935
[R55] epoch=6 update=6800 loss=12.5922 edge=0.6742 relative=11.9180
[R55] epoch=6 update=7000 loss=13.3277 edge=0.6667 relative=12.6610
[R55] epoch=6 Top1=47.8167% regret=0.950060% pair_acc=54.60% edge=0.66909 seconds=26.8 stop=False
[R55] epoch=7 update=7200 loss=21.4195 edge=0.6667 relative=20.7528
[R55] epoch=7 update=7400 loss=11.4830 edge=0.6679 relative=10.8151
[R55] epoch=7 update=7600 loss=6.8421 edge=0.6670 relative=6.1752
[R55] epoch=7 update=7800 loss=13.5757 edge=0.6694 relative=12.9063
[R55] epoch=7 update=8000 loss=6.9148 edge=0.6682 relative=6.2466
[R55] epoch=7 update=8200 loss=19.6405 edge=0.6667 relative=18.9738
[R55 AMP] retry unchanged batch, scaler 0.25->0.125
[R55] epoch=7 Top1=46.9889% regret=1.028714% pair_acc=53.18% edge=0.66909 seconds=26.8 stop=False
[R55] epoch=8 update=8400 loss=9.6240 edge=0.6682 relative=8.9558
[R55] epoch=8 update=8600 loss=13.3239 edge=0.6667 relative=12.6573
[R55] epoch=8 update=8800 loss=8.8525 edge=0.6667 relative=8.1859
[R55] epoch=8 update=9000 loss=10.1820 edge=0.6667 relative=9.5153
[R55] epoch=8 update=9200 loss=19.6251 edge=0.6683 relative=18.9568
[R55] epoch=8 update=9400 loss=10.1174 edge=0.6667 relative=9.4507
[R55] epoch=8 Top1=46.4167% regret=1.060886% pair_acc=51.99% edge=0.66909 seconds=26.8 stop=False
[R55] epoch=9 update=9600 loss=11.5134 edge=0.6717 relative=10.8417
[R55] epoch=9 update=9800 loss=13.2636 edge=0.6667 relative=12.5970
[R55] epoch=9 update=10000 loss=19.5339 edge=0.6667 relative=18.8672
[R55] epoch=9 update=10200 loss=6.5706 edge=0.6667 relative=5.9039
[R55] epoch=9 update=10400 loss=10.0051 edge=0.6702 relative=9.3349
[R55] epoch=9 update=10600 loss=11.5030 edge=0.6667 relative=10.8363
[R55] epoch=9 Top1=46.0111% regret=1.111150% pair_acc=49.65% edge=0.66909 seconds=26.9 stop=False
[R55] epoch=10 update=10800 loss=8.1485 edge=0.6667 relative=7.4818
[R55] epoch=10 update=11000 loss=4.5458 edge=0.6721 relative=3.8737
[R55] epoch=10 update=11200 loss=14.5059 edge=0.6667 relative=13.8393
[R55] epoch=10 update=11400 loss=15.6694 edge=0.6667 relative=15.0027
[R55] epoch=10 update=11600 loss=14.5578 edge=0.6667 relative=13.8911
[R55] epoch=10 update=11800 loss=10.3649 edge=0.6667 relative=9.6983
[R55] epoch=10 Top1=47.9278% regret=0.995692% pair_acc=53.76% edge=0.66909 seconds=48.7 stop=False
[R55] epoch=11 update=12000 loss=8.8998 edge=0.6688 relative=8.2310
[R55] epoch=11 update=12200 loss=13.0911 edge=0.6667 relative=12.4245
[R55 AMP] retry unchanged batch, scaler 0.5->0.25
[R55] epoch=11 update=12400 loss=9.6119 edge=0.6667 relative=8.9453
[R55] epoch=11 update=12600 loss=17.4556 edge=0.6667 relative=16.7889
[R55] epoch=11 update=12800 loss=8.4833 edge=0.6667 relative=7.8166
[R55] epoch=11 update=13000 loss=14.2009 edge=0.6671 relative=13.5338
[R55] epoch=11 Top1=47.7833% regret=0.950056% pair_acc=54.53% edge=0.66909 seconds=27.1 stop=False
[R55] epoch=12 update=13200 loss=8.0154 edge=0.6667 relative=7.3487
[R55] epoch=12 update=13400 loss=8.3151 edge=0.6667 relative=7.6484
[R55] epoch=12 update=13600 loss=7.1582 edge=0.6667 relative=6.4916
[R55] epoch=12 update=13800 loss=16.2941 edge=0.6667 relative=15.6274
[R55] epoch=12 update=14000 loss=12.5465 edge=0.6667 relative=11.8799
[R55] epoch=12 update=14200 loss=9.0947 edge=0.6667 relative=8.4281
[R55] epoch=12 Top1=48.2778% regret=0.949069% pair_acc=55.26% edge=0.66909 seconds=26.8 stop=False
[R55] epoch=13 update=14400 loss=8.9763 edge=0.6697 relative=8.3066
[R55] epoch=13 update=14600 loss=11.3719 edge=0.6767 relative=10.6953
[R55] epoch=13 update=14800 loss=14.2945 edge=0.6689 relative=13.6257
[R55] epoch=13 update=15000 loss=20.2386 edge=0.6667 relative=19.5719
[R55] epoch=13 update=15200 loss=9.8302 edge=0.6667 relative=9.1635
[R55] epoch=13 update=15400 loss=5.6840 edge=0.6667 relative=5.0173
[R55] epoch=13 Top1=48.0889% regret=0.955295% pair_acc=54.89% edge=0.66909 seconds=26.8 stop=False
[R55] epoch=14 update=15600 loss=12.2716 edge=0.6679 relative=11.6037
[R55] epoch=14 update=15800 loss=6.5294 edge=0.6667 relative=5.8628
[R55] epoch=14 update=16000 loss=6.7350 edge=0.6667 relative=6.0683
[R55] epoch=14 update=16200 loss=8.9262 edge=0.6667 relative=8.2595
[R55] epoch=14 update=16400 loss=6.4455 edge=0.6667 relative=5.7789
[R55] epoch=14 Top1=48.0722% regret=0.943696% pair_acc=55.02% edge=0.66909 seconds=26.8 stop=False
[R55] epoch=15 update=16600 loss=11.3127 edge=0.6667 relative=10.6460
[R55 AMP] retry unchanged batch, scaler 1.0->0.5
[R55] epoch=15 update=16800 loss=11.4159 edge=0.6667 relative=10.7492
[R55] epoch=15 update=17000 loss=6.5053 edge=0.6687 relative=5.8366
[R55] epoch=15 update=17200 loss=10.3600 edge=0.6667 relative=9.6933
[R55] epoch=15 update=17400 loss=16.7416 edge=0.6667 relative=16.0749
[R55] epoch=15 update=17600 loss=6.4606 edge=0.6692 relative=5.7914
[R55] epoch=15 Top1=48.5444% regret=0.942680% pair_acc=55.55% edge=0.66909 seconds=48.7 stop=False
[R55] epoch=16 update=17800 loss=13.6955 edge=0.6667 relative=13.0288
[R55] epoch=16 update=18000 loss=7.8511 edge=0.6667 relative=7.1844
[R55] epoch=16 update=18200 loss=13.7049 edge=0.6778 relative=13.0271
[R55] epoch=16 update=18400 loss=16.2948 edge=0.6765 relative=15.6183
[R55] epoch=16 update=18600 loss=6.2209 edge=0.6686 relative=5.5523
[R55 AMP] retry unchanged batch, scaler 1.0->0.5
[R55] epoch=16 update=18800 loss=15.8604 edge=0.6667 relative=15.1938
[R55] epoch=16 Top1=48.2278% regret=0.940658% pair_acc=55.20% edge=0.66909 seconds=26.9 stop=False
[R55] epoch=17 update=19000 loss=7.8929 edge=0.6667 relative=7.2263
[R55] epoch=17 update=19200 loss=7.8513 edge=0.6667 relative=7.1847
[R55] epoch=17 update=19400 loss=12.0295 edge=0.6652 relative=11.3642
[R55] epoch=17 update=19600 loss=6.9979 edge=0.6687 relative=6.3292
[R55] epoch=17 update=19800 loss=14.8197 edge=0.6667 relative=14.1531
[R55] epoch=17 update=20000 loss=14.7293 edge=0.6762 relative=14.0531
[R55] epoch=17 Top1=46.8111% regret=1.050484% pair_acc=52.06% edge=0.66909 seconds=26.8 stop=False
[R55] epoch=18 update=20200 loss=26.7455 edge=0.6712 relative=26.0743
[R55] epoch=18 update=20400 loss=6.8751 edge=0.6667 relative=6.2084
[R55] epoch=18 update=20600 loss=6.1632 edge=0.6690 relative=5.4941
[R55] epoch=18 update=20800 loss=10.3192 edge=0.6685 relative=9.6507
[R55] epoch=18 update=21000 loss=7.0112 edge=0.6678 relative=6.3434
[R55 AMP] retry unchanged batch, scaler 1.0->0.5
[R55] epoch=18 update=21200 loss=5.1039 edge=0.6675 relative=4.4364
[R55 AMP] retry unchanged batch, scaler 0.5->0.25
[R55] epoch=18 Top1=45.7833% regret=1.106527% pair_acc=49.62% edge=0.66909 seconds=26.8 stop=False
[R55] epoch=19 update=21400 loss=15.5422 edge=0.6667 relative=14.8756
[R55] epoch=19 update=21600 loss=10.1411 edge=0.6703 relative=9.4707
[R55] epoch=19 update=21800 loss=15.4095 edge=0.6667 relative=14.7429
[R55] epoch=19 update=22000 loss=7.1855 edge=0.6703 relative=6.5151
[R55] epoch=19 update=22200 loss=12.4146 edge=0.6667 relative=11.7479
[R55] epoch=19 update=22400 loss=11.3375 edge=0.6667 relative=10.6708
[R55] epoch=19 Top1=48.1389% regret=0.947615% pair_acc=55.46% edge=0.66909 seconds=26.8 stop=False
[R55] epoch=20 update=22600 loss=13.9719 edge=0.6667 relative=13.3053
[R55] epoch=20 update=22800 loss=15.5181 edge=0.6689 relative=14.8492
[R55] epoch=20 update=23000 loss=10.5090 edge=0.6789 relative=9.8301
[R55] epoch=20 update=23200 loss=15.8045 edge=0.6758 relative=15.1287
[R55] epoch=20 update=23400 loss=19.5463 edge=0.6667 relative=18.8797
[R55] epoch=20 update=23600 loss=14.9635 edge=0.6675 relative=14.2960
[R55] epoch=20 Top1=48.7833% regret=0.939863% pair_acc=55.82% edge=0.66909 seconds=48.7 stop=False
[R55] epoch=21 update=23800 loss=13.3808 edge=0.6704 relative=12.7103
[R55] epoch=21 update=24000 loss=20.0333 edge=0.6667 relative=19.3666
[R55] epoch=21 update=24200 loss=14.0977 edge=0.6667 relative=13.4311
[R55] epoch=21 update=24400 loss=11.7261 edge=0.6667 relative=11.0594
[R55] epoch=21 update=24600 loss=10.2177 edge=0.6739 relative=9.5438
[R55] epoch=21 update=24800 loss=13.0240 edge=0.6682 relative=12.3558
[R55] epoch=21 Top1=48.0722% regret=0.949656% pair_acc=54.80% edge=0.66909 seconds=27.0 stop=False
[R55] epoch=22 update=25000 loss=8.4407 edge=0.6667 relative=7.7741
[R55] epoch=22 update=25200 loss=3.5743 edge=0.6677 relative=2.9066
[R55] epoch=22 update=25400 loss=11.8814 edge=0.6667 relative=11.2148
[R55] epoch=22 update=25600 loss=4.4935 edge=0.6671 relative=3.8264
[R55 AMP] retry unchanged batch, scaler 1.0->0.5
[R55] epoch=22 update=25800 loss=9.7095 edge=0.6667 relative=9.0428
[R55] epoch=22 update=26000 loss=17.5152 edge=0.6718 relative=16.8434
[R55] epoch=22 Top1=47.6444% regret=1.002629% pair_acc=53.80% edge=0.66909 seconds=26.8 stop=False
[R55] epoch=23 update=26200 loss=11.4353 edge=0.6680 relative=10.7672
[R55] epoch=23 update=26400 loss=8.1143 edge=0.6667 relative=7.4476
[R55] epoch=23 update=26600 loss=11.9020 edge=0.6674 relative=11.2346
[R55] epoch=23 update=26800 loss=6.3705 edge=0.6677 relative=5.7028
[R55] epoch=23 update=27000 loss=17.7612 edge=0.6667 relative=17.0946
[R55] epoch=23 update=27200 loss=16.2095 edge=0.6667 relative=15.5428
[R55] epoch=23 Top1=48.2944% regret=0.975263% pair_acc=54.95% edge=0.66909 seconds=26.8 stop=False
[R55] epoch=24 update=27400 loss=9.9885 edge=0.6667 relative=9.3218
[R55] epoch=24 update=27600 loss=21.6704 edge=0.6667 relative=21.0038
[R55] epoch=24 update=27800 loss=9.1266 edge=0.6667 relative=8.4600
[R55] epoch=24 update=28000 loss=7.9506 edge=0.6667 relative=7.2839
[R55 AMP] retry unchanged batch, scaler 1.0->0.5
[R55] epoch=24 update=28200 loss=10.7638 edge=0.6667 relative=10.0971
[R55] epoch=24 update=28400 loss=8.3097 edge=0.6667 relative=7.6431
[R55] epoch=24 Top1=48.9778% regret=0.939770% pair_acc=56.27% edge=0.66909 seconds=48.8 stop=True
wandb:                                                                                
wandb: 
wandb: Run history:
wandb:                    epoch ▁▁▂▂▂▃▃▃▃▄▄▄▅▅▅▆▆▆▆▇▇▇██
wandb:            learning_rate ▃▆██████▄▄▄▂▂▂▂▂▂▂▂▁▁▁▁▁
wandb:       successful_updates ▁▁▂▂▂▃▃▃▃▄▄▄▅▅▅▆▆▆▆▇▇▇██
wandb:          train_edge_loss █▇███████▇▇▅▅▄▃▄▃▃▃▂▂▁▁▁
wandb:               train_loss █▅▆▅▄▄▅▄▂▂▂▂▂▁▁▂▁▁▁▁▁▁▁▁
wandb: train_relative_cost_loss █▅▆▅▄▄▅▄▂▂▂▂▂▁▁▂▁▁▁▁▁▁▁▁
wandb:    val_actual_regret_pct ▁▃█▃▁▁▃▄▅▂▁▁▁▁▁▁▄▅▁▁▁▃▂▁
wandb:            val_edge_loss ███▇████▆▇▄▃▄▂▆▄▃▃▃▁▄▂▁▁
wandb:        val_pair_accuracy ▇▅▁▅▇▇▆▅▃▆▇▇▇▇▇▇▅▃▇█▇▆▇█
wandb:    val_relative_cost_mse █▃▆▃▂▂▂▂▄▂▃▁▁▁▁▁▂▄▁▁▁▂▁▁
wandb:                 val_top1 ▆▅▁▅▇▆▅▄▃▆▆▇▇▇▇▇▅▃▇█▇▆▇█
wandb: 
wandb: Run summary:
wandb:                        best_epoch 24
wandb: best_validation_actual_regret_pct 0.93977
wandb:                             epoch 24
wandb:                     learning_rate 1e-05
wandb:                successful_updates 28440
wandb:                   train_edge_loss 0.66866
wandb:                        train_loss 11.28218
wandb:          train_relative_cost_loss 10.61353
wandb:             val_actual_regret_pct 0.93977
wandb:                     val_edge_loss 0.66909
wandb:                 val_pair_accuracy 0.5627
wandb:             val_relative_cost_mse 10.97338
wandb:                          val_top1 0.48978
wandb: 
wandb: You can sync this run to the cloud by running:
wandb: wandb sync /public/home/shiys/0selection2/code/V4/runs/R55_route_cost_difference/cost_difference_seed2/wandb/offline-run-20261010_181127-ds2urwgm
wandb: Find logs at: ./code/V4/runs/R55_route_cost_difference/cost_difference_seed2/wandb/offline-run-20261010_181127-ds2urwgm/logs
[cache] OVRP/test: 1000 instances, 3.4 MiB on cuda
[cache] VRPB/test: 1000 instances, 3.4 MiB on cuda
[cache] VRPL/test: 1000 instances, 3.4 MiB on cuda
[cache] VRPTW/test: 1000 instances, 3.4 MiB on cuda
[cache] OVRPTW/test: 1000 instances, 3.4 MiB on cuda
[cache] OVRPB/test: 1000 instances, 3.4 MiB on cuda
[cache] OVRPL/test: 1000 instances, 3.4 MiB on cuda
[cache] VRPBL/test: 1000 instances, 3.4 MiB on cuda
[cache] VRPBTW/test: 1000 instances, 3.4 MiB on cuda
[cache] VRPLTW/test: 1000 instances, 3.4 MiB on cuda
[cache] OVRPBL/test: 1000 instances, 3.4 MiB on cuda
[cache] OVRPBTW/test: 1000 instances, 3.4 MiB on cuda
[cache] OVRPLTW/test: 1000 instances, 3.4 MiB on cuda
[cache] VRPBLTW/test: 1000 instances, 3.4 MiB on cuda
[cache] OVRPBLTW/test: 1000 instances, 3.4 MiB on cuda
