[R55 targets] OVRP/train 10000: max delta error=1.88e-06
[R55 targets] VRPB/train 10000: max delta error=2.11e-06
[R55 targets] VRPL/train 10000: max delta error=3.48e-06
[R55 targets] VRPTW/train 10000: max delta error=6.59e-06
[R55 targets] OVRPTW/train 10000: max delta error=2.68e-06
[R55 targets] OVRPB/train 10000: max delta error=1.85e-06
[R55 targets] OVRPL/train 10000: max delta error=2.13e-06
[R55 targets] VRPBL/train 10000: max delta error=2.54e-06
[R55 targets] VRPBTW/train 10000: max delta error=9.11e-06
[R55 targets] VRPLTW/train 10000: max delta error=6.97e-06
[R55 targets] OVRPBL/train 10000: max delta error=2e-06
[R55 targets] OVRPBTW/train 10000: max delta error=3.5e-06
[R55 targets] OVRPLTW/train 10000: max delta error=2.61e-06
[R55 targets] VRPBLTW/train 10000: max delta error=1.3e-05
[R55 targets] OVRPBLTW/train 10000: max delta error=3.69e-06
[R55 targets] OVRP/val 64: max delta error=1.36e-06
[R55 targets] VRPB/val 64: max delta error=1.81e-06
[R55 targets] VRPL/val 64: max delta error=2.24e-06
[R55 targets] VRPTW/val 64: max delta error=2.4e-06
[R55 targets] OVRPTW/val 64: max delta error=1.4e-06
[R55 targets] OVRPB/val 64: max delta error=1.15e-06
[R55 targets] OVRPL/val 64: max delta error=1.68e-06
[R55 targets] VRPBL/val 64: max delta error=1.51e-06
[R55 targets] VRPBTW/val 64: max delta error=2.82e-06
[R55 targets] VRPLTW/val 64: max delta error=3.33e-06
[R55 targets] OVRPBL/val 64: max delta error=1.2e-06
[R55 targets] OVRPBTW/val 64: max delta error=1.41e-06
[R55 targets] OVRPLTW/val 64: max delta error=1.35e-06
[R55 targets] VRPBLTW/val 64: max delta error=3.92e-06
[R55 targets] OVRPBLTW/val 64: max delta error=1.95e-06
