Seed set to 1234
[2026-01-20 01:02:49,169][EasyNCO.utils.utils][INFO] - sandbox: False
[2026-01-20 01:02:49,169][EasyNCO.utils.utils][INFO] - sandbox_test_batch: {'_target_': 'EasyNCO.sandbox.test_batch.BQTestBatch'}
[2026-01-20 01:02:49,169][EasyNCO.utils.utils][INFO] - mode: test
[2026-01-20 01:02:49,170][EasyNCO.utils.utils][INFO] - model: icam
[2026-01-20 01:02:49,170][EasyNCO.utils.utils][INFO] - problem: tsp
[2026-01-20 01:02:49,170][EasyNCO.utils.utils][INFO] - scale: 1000
[2026-01-20 01:02:49,170][EasyNCO.utils.utils][INFO] - num_job: 20
[2026-01-20 01:02:49,170][EasyNCO.utils.utils][INFO] - num_machine: 20
[2026-01-20 01:02:49,170][EasyNCO.utils.utils][INFO] - decoder_strategy: greedy
[2026-01-20 01:02:49,170][EasyNCO.utils.utils][INFO] - cuda: [0]
[2026-01-20 01:02:49,170][EasyNCO.utils.utils][INFO] - max_epochs: 5
[2026-01-20 01:02:49,170][EasyNCO.utils.utils][INFO] - batch_size: 1
[2026-01-20 01:02:49,170][EasyNCO.utils.utils][INFO] - episodes: 100
[2026-01-20 01:02:49,170][EasyNCO.utils.utils][INFO] - val_episode: 128
[2026-01-20 01:02:49,170][EasyNCO.utils.utils][INFO] - val_data_path: test_dataset_tsp_uniform/test_tsp200_nums128_uniform.pt
[2026-01-20 01:02:49,170][EasyNCO.utils.utils][INFO] - test_data_path: cross_distribution/tsp1000_rotation.pkl
[2026-01-20 01:02:49,170][EasyNCO.utils.utils][INFO] - train_data_path: None
[2026-01-20 01:02:49,170][EasyNCO.utils.utils][INFO] - varying_data_params: {'scale_range': None, 'distribution_list': ['uniform', 'cluster'], 'capacity_range': [50, 100]}
[2026-01-20 01:02:49,170][EasyNCO.utils.utils][INFO] - seed: 1234
[2026-01-20 01:02:49,170][EasyNCO.utils.utils][INFO] - disable_gpu: False
[2026-01-20 01:02:49,170][EasyNCO.utils.utils][INFO] - strategy: auto
[2026-01-20 01:02:49,170][EasyNCO.utils.utils][INFO] - matmul_precision: medium
[2026-01-20 01:02:49,170][EasyNCO.utils.utils][INFO] - precision: 32-true
[2026-01-20 01:02:49,170][EasyNCO.utils.utils][INFO] - enable_progress_bar: False
[2026-01-20 01:02:49,170][EasyNCO.utils.utils][INFO] - log_every_n_steps: 1
[2026-01-20 01:02:49,170][EasyNCO.utils.utils][INFO] - ckpt_path: None
[2026-01-20 01:02:49,170][EasyNCO.utils.utils][INFO] - save_top_k: -1
[2026-01-20 01:02:49,170][EasyNCO.utils.utils][INFO] - every_n_epochs: 1
[2026-01-20 01:02:49,170][EasyNCO.utils.utils][INFO] - dir: ./results/test/icam_tsp/2026-01-20-01-02-48_icam_tsp_1000_test
[2026-01-20 01:02:49,170][EasyNCO.utils.utils][INFO] - logger: {'_target_': 'lightning.pytorch.loggers.TensorBoardLogger', 'save_dir': 'tensorboard', 'name': None, 'log_graph': False, 'default_hp_metric': True, 'prefix': ''}
[2026-01-20 01:02:49,170][EasyNCO.utils.utils][INFO] - settings.env: {'_target_': 'EasyNCO.neural_solvers.envs.TSPEnv', 'problem_size': '${scale}', 'pomo_size': '${scale}', 'aug_type': 'pomo_aug', 'method_name': '${model}', 'aug_factor': 8}
[2026-01-20 01:02:49,170][EasyNCO.utils.utils][INFO] - settings.model: {'_target_': 'EasyNCO.neural_solvers.methods.ICAMPolicy', 'env_name': '${problem}', 'num_heads': 8, 'qkv_dim': 16, 'num_encoder_layers': 12, 'normalization': 'instance', 'feedforward_hidden': 512, 'logit_clipping': 50, 'use_graph_mean': False, 'am_mode': False, 'first_placeholder': False, 'first_mode': 'random'}
[2026-01-20 01:02:49,170][EasyNCO.utils.utils][INFO] - settings.initialization: {'_target_': 'EasyNCO.neural_solvers.methods.ICAMInitialization'}
[2026-01-20 01:02:49,170][EasyNCO.utils.utils][INFO] - settings.iteration: {'_target_': 'EasyNCO.neural_solvers.pipeline.NoIteration'}
[2026-01-20 01:02:49,170][EasyNCO.utils.utils][INFO] - settings.module: {'_target_': 'EasyNCO.phases.ARREINFORCELightning', 'method_name': '${model}', 'baseline': 'shared', 'problem_size': '${scale}', 'batch_size': '${batch_size}', 'episodes': '${episodes}', 'val_episode': '${val_episode}', 'optimizer_type': 'Adam', 'scheduler_type': None, 'optimizer_params': {'optimizer': {'lr': 0.0001, 'weight_decay': 1e-06}}, 'decoder_strategy': '${decoder_strategy}', 'every_n_steps_output': 100}
[2026-01-20 01:02:49,170][EasyNCO.utils.utils][INFO] - settings.model_checkpoint: {'_target_': 'EasyNCO.utils.utils.CustomModelCheckpoint', 'dirpath': 'checkpoints', 'filename': '${model}_${problem}${scale}_{epoch:02d}', 'save_top_k': '${save_top_k}', 'every_n_epochs': '${every_n_epochs}'}
[2026-01-20 01:02:49,170][EasyNCO.utils.utils][INFO] - settings.test_loader: {'model_dirpath': 'pretrained', 'model_filename': 'icam_tsp_best.ckpt'}
GPU available: True (cuda), used: True
TPU available: False, using: 0 TPU cores
IPU available: False, using: 0 IPUs
HPU available: False, using: 0 HPUs
[2026-01-20 01:02:49,797][torch.distributed.nn.jit.instantiator][INFO] - Created a temporary directory at /tmp/tmph960kezr
[2026-01-20 01:02:49,797][torch.distributed.nn.jit.instantiator][INFO] - Writing /tmp/tmph960kezr/_remote_module_non_scriptable.py
Missing logger folder: tensorboard/
LOCAL_RANK: 0 - CUDA_VISIBLE_DEVICES: [0]
[2026-01-20 01:02:54,375][EasyNCO.phases.rl.ar_reinforce][INFO] - Eval ==>   1/100(1.00%)  Time Est.: Elapsed[0.05m], Remain[4.59m]
[2026-01-20 01:02:54,375][EasyNCO.phases.rl.ar_reinforce][INFO] - Eval ==> Problem[tsp], Size[1000], Completed   1/100(1.00%), Score: 17.4325, Augmented Score: 17.1713
[2026-01-20 01:02:54,375][EasyNCO.phases.rl.ar_reinforce][INFO] - Eval ==> Score Summary: Avg: 0.0000, Avg Augmented: 0.0000
[2026-01-20 01:02:54,375][EasyNCO.phases.rl.ar_reinforce][INFO] - ============================================================================
[2026-01-20 01:02:56,553][EasyNCO.phases.rl.ar_reinforce][INFO] - Eval ==>   2/100(2.00%)  Time Est.: Elapsed[0.08m], Remain[4.05m]
[2026-01-20 01:02:56,553][EasyNCO.phases.rl.ar_reinforce][INFO] - Eval ==> Problem[tsp], Size[1000], Completed   2/100(2.00%), Score: 19.4760, Augmented Score: 19.1996
[2026-01-20 01:02:56,553][EasyNCO.phases.rl.ar_reinforce][INFO] - Eval ==> Score Summary: Avg: 0.0000, Avg Augmented: 0.0000
[2026-01-20 01:02:56,553][EasyNCO.phases.rl.ar_reinforce][INFO] - ============================================================================
[2026-01-20 01:02:58,718][EasyNCO.phases.rl.ar_reinforce][INFO] - Eval ==>   3/100(3.00%)  Time Est.: Elapsed[0.12m], Remain[3.84m]
[2026-01-20 01:02:58,718][EasyNCO.phases.rl.ar_reinforce][INFO] - Eval ==> Problem[tsp], Size[1000], Completed   3/100(3.00%), Score: 18.3108, Augmented Score: 18.2914
[2026-01-20 01:02:58,718][EasyNCO.phases.rl.ar_reinforce][INFO] - Eval ==> Score Summary: Avg: 0.0000, Avg Augmented: 0.0000
[2026-01-20 01:02:58,718][EasyNCO.phases.rl.ar_reinforce][INFO] - ============================================================================
[2026-01-20 01:03:00,878][EasyNCO.phases.rl.ar_reinforce][INFO] - Eval ==>   4/100(4.00%)  Time Est.: Elapsed[0.15m], Remain[3.71m]
[2026-01-20 01:03:00,879][EasyNCO.phases.rl.ar_reinforce][INFO] - Eval ==> Problem[tsp], Size[1000], Completed   4/100(4.00%), Score: 19.2641, Augmented Score: 19.2360
[2026-01-20 01:03:00,879][EasyNCO.phases.rl.ar_reinforce][INFO] - Eval ==> Score Summary: Avg: 0.0000, Avg Augmented: 0.0000
[2026-01-20 01:03:00,879][EasyNCO.phases.rl.ar_reinforce][INFO] - ============================================================================
[2026-01-20 01:03:03,045][EasyNCO.phases.rl.ar_reinforce][INFO] - Eval ==>   5/100(5.00%)  Time Est.: Elapsed[0.19m], Remain[3.63m]
[2026-01-20 01:03:03,046][EasyNCO.phases.rl.ar_reinforce][INFO] - Eval ==> Problem[tsp], Size[1000], Completed   5/100(5.00%), Score: 17.1940, Augmented Score: 17.0525
[2026-01-20 01:03:03,046][EasyNCO.phases.rl.ar_reinforce][INFO] - Eval ==> Score Summary: Avg: 0.0000, Avg Augmented: 0.0000
[2026-01-20 01:03:03,046][EasyNCO.phases.rl.ar_reinforce][INFO] - ============================================================================
[2026-01-20 01:03:05,211][EasyNCO.phases.rl.ar_reinforce][INFO] - Eval ==>   6/100(6.00%)  Time Est.: Elapsed[0.23m], Remain[3.56m]
[2026-01-20 01:03:05,211][EasyNCO.phases.rl.ar_reinforce][INFO] - Eval ==> Problem[tsp], Size[1000], Completed   6/100(6.00%), Score: 20.8501, Augmented Score: 20.7387
[2026-01-20 01:03:05,211][EasyNCO.phases.rl.ar_reinforce][INFO] - Eval ==> Score Summary: Avg: 0.0000, Avg Augmented: 0.0000
[2026-01-20 01:03:05,211][EasyNCO.phases.rl.ar_reinforce][INFO] - ============================================================================
[2026-01-20 01:03:07,381][EasyNCO.phases.rl.ar_reinforce][INFO] - Eval ==>   7/100(7.00%)  Time Est.: Elapsed[0.26m], Remain[3.50m]
[2026-01-20 01:03:07,381][EasyNCO.phases.rl.ar_reinforce][INFO] - Eval ==> Problem[tsp], Size[1000], Completed   7/100(7.00%), Score: 18.7543, Augmented Score: 18.3514
[2026-01-20 01:03:07,381][EasyNCO.phases.rl.ar_reinforce][INFO] - Eval ==> Score Summary: Avg: 0.0000, Avg Augmented: 0.0000
[2026-01-20 01:03:07,381][EasyNCO.phases.rl.ar_reinforce][INFO] - ============================================================================
[2026-01-20 01:03:09,541][EasyNCO.phases.rl.ar_reinforce][INFO] - Eval ==>   8/100(8.00%)  Time Est.: Elapsed[0.30m], Remain[3.44m]
[2026-01-20 01:03:09,541][EasyNCO.phases.rl.ar_reinforce][INFO] - Eval ==> Problem[tsp], Size[1000], Completed   8/100(8.00%), Score: 22.0907, Augmented Score: 21.9896
[2026-01-20 01:03:09,541][EasyNCO.phases.rl.ar_reinforce][INFO] - Eval ==> Score Summary: Avg: 0.0000, Avg Augmented: 0.0000
[2026-01-20 01:03:09,541][EasyNCO.phases.rl.ar_reinforce][INFO] - ============================================================================
[2026-01-20 01:03:11,712][EasyNCO.phases.rl.ar_reinforce][INFO] - Eval ==>   9/100(9.00%)  Time Est.: Elapsed[0.34m], Remain[3.39m]
[2026-01-20 01:03:11,712][EasyNCO.phases.rl.ar_reinforce][INFO] - Eval ==> Problem[tsp], Size[1000], Completed   9/100(9.00%), Score: 18.4559, Augmented Score: 18.3175
[2026-01-20 01:03:11,712][EasyNCO.phases.rl.ar_reinforce][INFO] - Eval ==> Score Summary: Avg: 0.0000, Avg Augmented: 0.0000
[2026-01-20 01:03:11,712][EasyNCO.phases.rl.ar_reinforce][INFO] - ============================================================================
[2026-01-20 01:03:13,884][EasyNCO.phases.rl.ar_reinforce][INFO] - Eval ==>  10/100(10.00%)  Time Est.: Elapsed[0.37m], Remain[3.34m]
[2026-01-20 01:03:13,884][EasyNCO.phases.rl.ar_reinforce][INFO] - Eval ==> Problem[tsp], Size[1000], Completed  10/100(10.00%), Score: 18.4249, Augmented Score: 18.3181
[2026-01-20 01:03:13,884][EasyNCO.phases.rl.ar_reinforce][INFO] - Eval ==> Score Summary: Avg: 0.0000, Avg Augmented: 0.0000
[2026-01-20 01:03:13,884][EasyNCO.phases.rl.ar_reinforce][INFO] - ============================================================================
[2026-01-20 01:03:16,051][EasyNCO.phases.rl.ar_reinforce][INFO] - Eval ==>  11/100(11.00%)  Time Est.: Elapsed[0.41m], Remain[3.30m]
[2026-01-20 01:03:16,051][EasyNCO.phases.rl.ar_reinforce][INFO] - Eval ==> Problem[tsp], Size[1000], Completed  11/100(11.00%), Score: 20.2737, Augmented Score: 20.1402
[2026-01-20 01:03:16,052][EasyNCO.phases.rl.ar_reinforce][INFO] - Eval ==> Score Summary: Avg: 0.0000, Avg Augmented: 0.0000
[2026-01-20 01:03:16,052][EasyNCO.phases.rl.ar_reinforce][INFO] - ============================================================================
[2026-01-20 01:03:18,215][EasyNCO.phases.rl.ar_reinforce][INFO] - Eval ==>  12/100(12.00%)  Time Est.: Elapsed[0.44m], Remain[3.25m]
[2026-01-20 01:03:18,215][EasyNCO.phases.rl.ar_reinforce][INFO] - Eval ==> Problem[tsp], Size[1000], Completed  12/100(12.00%), Score: 18.6774, Augmented Score: 18.6665
[2026-01-20 01:03:18,215][EasyNCO.phases.rl.ar_reinforce][INFO] - Eval ==> Score Summary: Avg: 0.0000, Avg Augmented: 0.0000
[2026-01-20 01:03:18,215][EasyNCO.phases.rl.ar_reinforce][INFO] - ============================================================================
[2026-01-20 01:03:20,384][EasyNCO.phases.rl.ar_reinforce][INFO] - Eval ==>  13/100(13.00%)  Time Est.: Elapsed[0.48m], Remain[3.21m]
[2026-01-20 01:03:20,384][EasyNCO.phases.rl.ar_reinforce][INFO] - Eval ==> Problem[tsp], Size[1000], Completed  13/100(13.00%), Score: 18.1229, Augmented Score: 18.1229
[2026-01-20 01:03:20,384][EasyNCO.phases.rl.ar_reinforce][INFO] - Eval ==> Score Summary: Avg: 0.0000, Avg Augmented: 0.0000
[2026-01-20 01:03:20,385][EasyNCO.phases.rl.ar_reinforce][INFO] - ============================================================================
[2026-01-20 01:03:22,556][EasyNCO.phases.rl.ar_reinforce][INFO] - Eval ==>  14/100(14.00%)  Time Est.: Elapsed[0.52m], Remain[3.17m]
[2026-01-20 01:03:22,556][EasyNCO.phases.rl.ar_reinforce][INFO] - Eval ==> Problem[tsp], Size[1000], Completed  14/100(14.00%), Score: 18.3078, Augmented Score: 18.2081
[2026-01-20 01:03:22,556][EasyNCO.phases.rl.ar_reinforce][INFO] - Eval ==> Score Summary: Avg: 0.0000, Avg Augmented: 0.0000
[2026-01-20 01:03:22,556][EasyNCO.phases.rl.ar_reinforce][INFO] - ============================================================================
[2026-01-20 01:03:24,723][EasyNCO.phases.rl.ar_reinforce][INFO] - Eval ==>  15/100(15.00%)  Time Est.: Elapsed[0.55m], Remain[3.13m]
[2026-01-20 01:03:24,723][EasyNCO.phases.rl.ar_reinforce][INFO] - Eval ==> Problem[tsp], Size[1000], Completed  15/100(15.00%), Score: 20.2840, Augmented Score: 19.9206
[2026-01-20 01:03:24,723][EasyNCO.phases.rl.ar_reinforce][INFO] - Eval ==> Score Summary: Avg: 0.0000, Avg Augmented: 0.0000
[2026-01-20 01:03:24,723][EasyNCO.phases.rl.ar_reinforce][INFO] - ============================================================================
[2026-01-20 01:03:26,885][EasyNCO.phases.rl.ar_reinforce][INFO] - Eval ==>  16/100(16.00%)  Time Est.: Elapsed[0.59m], Remain[3.09m]
[2026-01-20 01:03:26,886][EasyNCO.phases.rl.ar_reinforce][INFO] - Eval ==> Problem[tsp], Size[1000], Completed  16/100(16.00%), Score: 19.4271, Augmented Score: 19.1941
[2026-01-20 01:03:26,886][EasyNCO.phases.rl.ar_reinforce][INFO] - Eval ==> Score Summary: Avg: 0.0000, Avg Augmented: 0.0000
[2026-01-20 01:03:26,886][EasyNCO.phases.rl.ar_reinforce][INFO] - ============================================================================
[2026-01-20 01:03:29,055][EasyNCO.phases.rl.ar_reinforce][INFO] - Eval ==>  17/100(17.00%)  Time Est.: Elapsed[0.62m], Remain[3.05m]
[2026-01-20 01:03:29,055][EasyNCO.phases.rl.ar_reinforce][INFO] - Eval ==> Problem[tsp], Size[1000], Completed  17/100(17.00%), Score: 19.0195, Augmented Score: 18.9707
[2026-01-20 01:03:29,055][EasyNCO.phases.rl.ar_reinforce][INFO] - Eval ==> Score Summary: Avg: 0.0000, Avg Augmented: 0.0000
[2026-01-20 01:03:29,055][EasyNCO.phases.rl.ar_reinforce][INFO] - ============================================================================
[2026-01-20 01:03:31,223][EasyNCO.phases.rl.ar_reinforce][INFO] - Eval ==>  18/100(18.00%)  Time Est.: Elapsed[0.66m], Remain[3.01m]
[2026-01-20 01:03:31,224][EasyNCO.phases.rl.ar_reinforce][INFO] - Eval ==> Problem[tsp], Size[1000], Completed  18/100(18.00%), Score: 19.3932, Augmented Score: 19.1789
[2026-01-20 01:03:31,224][EasyNCO.phases.rl.ar_reinforce][INFO] - Eval ==> Score Summary: Avg: 0.0000, Avg Augmented: 0.0000
[2026-01-20 01:03:31,224][EasyNCO.phases.rl.ar_reinforce][INFO] - ============================================================================
[2026-01-20 01:03:33,391][EasyNCO.phases.rl.ar_reinforce][INFO] - Eval ==>  19/100(19.00%)  Time Est.: Elapsed[0.70m], Remain[2.97m]
[2026-01-20 01:03:33,391][EasyNCO.phases.rl.ar_reinforce][INFO] - Eval ==> Problem[tsp], Size[1000], Completed  19/100(19.00%), Score: 22.0176, Augmented Score: 21.9399
[2026-01-20 01:03:33,391][EasyNCO.phases.rl.ar_reinforce][INFO] - Eval ==> Score Summary: Avg: 0.0000, Avg Augmented: 0.0000
[2026-01-20 01:03:33,391][EasyNCO.phases.rl.ar_reinforce][INFO] - ============================================================================
[2026-01-20 01:03:35,558][EasyNCO.phases.rl.ar_reinforce][INFO] - Eval ==>  20/100(20.00%)  Time Est.: Elapsed[0.73m], Remain[2.93m]
[2026-01-20 01:03:35,558][EasyNCO.phases.rl.ar_reinforce][INFO] - Eval ==> Problem[tsp], Size[1000], Completed  20/100(20.00%), Score: 18.5001, Augmented Score: 18.4454
[2026-01-20 01:03:35,558][EasyNCO.phases.rl.ar_reinforce][INFO] - Eval ==> Score Summary: Avg: 0.0000, Avg Augmented: 0.0000
[2026-01-20 01:03:35,558][EasyNCO.phases.rl.ar_reinforce][INFO] - ============================================================================
[2026-01-20 01:03:37,728][EasyNCO.phases.rl.ar_reinforce][INFO] - Eval ==>  21/100(21.00%)  Time Est.: Elapsed[0.77m], Remain[2.89m]
[2026-01-20 01:03:37,728][EasyNCO.phases.rl.ar_reinforce][INFO] - Eval ==> Problem[tsp], Size[1000], Completed  21/100(21.00%), Score: 19.0556, Augmented Score: 18.6031
[2026-01-20 01:03:37,728][EasyNCO.phases.rl.ar_reinforce][INFO] - Eval ==> Score Summary: Avg: 0.0000, Avg Augmented: 0.0000
[2026-01-20 01:03:37,728][EasyNCO.phases.rl.ar_reinforce][INFO] - ============================================================================
[2026-01-20 01:03:39,901][EasyNCO.phases.rl.ar_reinforce][INFO] - Eval ==>  22/100(22.00%)  Time Est.: Elapsed[0.81m], Remain[2.85m]
[2026-01-20 01:03:39,901][EasyNCO.phases.rl.ar_reinforce][INFO] - Eval ==> Problem[tsp], Size[1000], Completed  22/100(22.00%), Score: 19.3803, Augmented Score: 19.2130
[2026-01-20 01:03:39,901][EasyNCO.phases.rl.ar_reinforce][INFO] - Eval ==> Score Summary: Avg: 0.0000, Avg Augmented: 0.0000
[2026-01-20 01:03:39,901][EasyNCO.phases.rl.ar_reinforce][INFO] - ============================================================================
[2026-01-20 01:03:42,074][EasyNCO.phases.rl.ar_reinforce][INFO] - Eval ==>  23/100(23.00%)  Time Est.: Elapsed[0.84m], Remain[2.82m]
[2026-01-20 01:03:42,074][EasyNCO.phases.rl.ar_reinforce][INFO] - Eval ==> Problem[tsp], Size[1000], Completed  23/100(23.00%), Score: 18.3274, Augmented Score: 18.3274
[2026-01-20 01:03:42,074][EasyNCO.phases.rl.ar_reinforce][INFO] - Eval ==> Score Summary: Avg: 0.0000, Avg Augmented: 0.0000
[2026-01-20 01:03:42,074][EasyNCO.phases.rl.ar_reinforce][INFO] - ============================================================================
[2026-01-20 01:03:44,242][EasyNCO.phases.rl.ar_reinforce][INFO] - Eval ==>  24/100(24.00%)  Time Est.: Elapsed[0.88m], Remain[2.78m]
[2026-01-20 01:03:44,242][EasyNCO.phases.rl.ar_reinforce][INFO] - Eval ==> Problem[tsp], Size[1000], Completed  24/100(24.00%), Score: 19.7621, Augmented Score: 19.6431
[2026-01-20 01:03:44,242][EasyNCO.phases.rl.ar_reinforce][INFO] - Eval ==> Score Summary: Avg: 0.0000, Avg Augmented: 0.0000
[2026-01-20 01:03:44,242][EasyNCO.phases.rl.ar_reinforce][INFO] - ============================================================================
[2026-01-20 01:03:46,414][EasyNCO.phases.rl.ar_reinforce][INFO] - Eval ==>  25/100(25.00%)  Time Est.: Elapsed[0.91m], Remain[2.74m]
[2026-01-20 01:03:46,414][EasyNCO.phases.rl.ar_reinforce][INFO] - Eval ==> Problem[tsp], Size[1000], Completed  25/100(25.00%), Score: 19.2149, Augmented Score: 19.1498
[2026-01-20 01:03:46,414][EasyNCO.phases.rl.ar_reinforce][INFO] - Eval ==> Score Summary: Avg: 0.0000, Avg Augmented: 0.0000
[2026-01-20 01:03:46,414][EasyNCO.phases.rl.ar_reinforce][INFO] - ============================================================================
[2026-01-20 01:03:48,583][EasyNCO.phases.rl.ar_reinforce][INFO] - Eval ==>  26/100(26.00%)  Time Est.: Elapsed[0.95m], Remain[2.70m]
[2026-01-20 01:03:48,583][EasyNCO.phases.rl.ar_reinforce][INFO] - Eval ==> Problem[tsp], Size[1000], Completed  26/100(26.00%), Score: 21.7044, Augmented Score: 21.5986
[2026-01-20 01:03:48,583][EasyNCO.phases.rl.ar_reinforce][INFO] - Eval ==> Score Summary: Avg: 0.0000, Avg Augmented: 0.0000
[2026-01-20 01:03:48,583][EasyNCO.phases.rl.ar_reinforce][INFO] - ============================================================================
[2026-01-20 01:03:50,754][EasyNCO.phases.rl.ar_reinforce][INFO] - Eval ==>  27/100(27.00%)  Time Est.: Elapsed[0.99m], Remain[2.67m]
[2026-01-20 01:03:50,754][EasyNCO.phases.rl.ar_reinforce][INFO] - Eval ==> Problem[tsp], Size[1000], Completed  27/100(27.00%), Score: 19.7700, Augmented Score: 19.5644
[2026-01-20 01:03:50,754][EasyNCO.phases.rl.ar_reinforce][INFO] - Eval ==> Score Summary: Avg: 0.0000, Avg Augmented: 0.0000
[2026-01-20 01:03:50,754][EasyNCO.phases.rl.ar_reinforce][INFO] - ============================================================================
[2026-01-20 01:03:52,923][EasyNCO.phases.rl.ar_reinforce][INFO] - Eval ==>  28/100(28.00%)  Time Est.: Elapsed[1.02m], Remain[2.63m]
[2026-01-20 01:03:52,923][EasyNCO.phases.rl.ar_reinforce][INFO] - Eval ==> Problem[tsp], Size[1000], Completed  28/100(28.00%), Score: 16.8086, Augmented Score: 16.4700
[2026-01-20 01:03:52,923][EasyNCO.phases.rl.ar_reinforce][INFO] - Eval ==> Score Summary: Avg: 0.0000, Avg Augmented: 0.0000
[2026-01-20 01:03:52,923][EasyNCO.phases.rl.ar_reinforce][INFO] - ============================================================================
[2026-01-20 01:03:55,095][EasyNCO.phases.rl.ar_reinforce][INFO] - Eval ==>  29/100(29.00%)  Time Est.: Elapsed[1.06m], Remain[2.59m]
[2026-01-20 01:03:55,095][EasyNCO.phases.rl.ar_reinforce][INFO] - Eval ==> Problem[tsp], Size[1000], Completed  29/100(29.00%), Score: 19.2971, Augmented Score: 19.0317
[2026-01-20 01:03:55,095][EasyNCO.phases.rl.ar_reinforce][INFO] - Eval ==> Score Summary: Avg: 0.0000, Avg Augmented: 0.0000
[2026-01-20 01:03:55,095][EasyNCO.phases.rl.ar_reinforce][INFO] - ============================================================================
[2026-01-20 01:03:57,269][EasyNCO.phases.rl.ar_reinforce][INFO] - Eval ==>  30/100(30.00%)  Time Est.: Elapsed[1.09m], Remain[2.55m]
[2026-01-20 01:03:57,269][EasyNCO.phases.rl.ar_reinforce][INFO] - Eval ==> Problem[tsp], Size[1000], Completed  30/100(30.00%), Score: 17.9049, Augmented Score: 17.5373
[2026-01-20 01:03:57,269][EasyNCO.phases.rl.ar_reinforce][INFO] - Eval ==> Score Summary: Avg: 0.0000, Avg Augmented: 0.0000
[2026-01-20 01:03:57,269][EasyNCO.phases.rl.ar_reinforce][INFO] - ============================================================================
[2026-01-20 01:03:59,441][EasyNCO.phases.rl.ar_reinforce][INFO] - Eval ==>  31/100(31.00%)  Time Est.: Elapsed[1.13m], Remain[2.52m]
[2026-01-20 01:03:59,441][EasyNCO.phases.rl.ar_reinforce][INFO] - Eval ==> Problem[tsp], Size[1000], Completed  31/100(31.00%), Score: 17.7236, Augmented Score: 17.6402
[2026-01-20 01:03:59,441][EasyNCO.phases.rl.ar_reinforce][INFO] - Eval ==> Score Summary: Avg: 0.0000, Avg Augmented: 0.0000
[2026-01-20 01:03:59,441][EasyNCO.phases.rl.ar_reinforce][INFO] - ============================================================================
[2026-01-20 01:04:01,613][EasyNCO.phases.rl.ar_reinforce][INFO] - Eval ==>  32/100(32.00%)  Time Est.: Elapsed[1.17m], Remain[2.48m]
[2026-01-20 01:04:01,613][EasyNCO.phases.rl.ar_reinforce][INFO] - Eval ==> Problem[tsp], Size[1000], Completed  32/100(32.00%), Score: 17.8825, Augmented Score: 17.6388
[2026-01-20 01:04:01,613][EasyNCO.phases.rl.ar_reinforce][INFO] - Eval ==> Score Summary: Avg: 0.0000, Avg Augmented: 0.0000
[2026-01-20 01:04:01,613][EasyNCO.phases.rl.ar_reinforce][INFO] - ============================================================================
[2026-01-20 01:04:03,783][EasyNCO.phases.rl.ar_reinforce][INFO] - Eval ==>  33/100(33.00%)  Time Est.: Elapsed[1.20m], Remain[2.44m]
[2026-01-20 01:04:03,783][EasyNCO.phases.rl.ar_reinforce][INFO] - Eval ==> Problem[tsp], Size[1000], Completed  33/100(33.00%), Score: 19.4440, Augmented Score: 19.4440
[2026-01-20 01:04:03,783][EasyNCO.phases.rl.ar_reinforce][INFO] - Eval ==> Score Summary: Avg: 0.0000, Avg Augmented: 0.0000
[2026-01-20 01:04:03,783][EasyNCO.phases.rl.ar_reinforce][INFO] - ============================================================================
[2026-01-20 01:04:05,956][EasyNCO.phases.rl.ar_reinforce][INFO] - Eval ==>  34/100(34.00%)  Time Est.: Elapsed[1.24m], Remain[2.41m]
[2026-01-20 01:04:05,956][EasyNCO.phases.rl.ar_reinforce][INFO] - Eval ==> Problem[tsp], Size[1000], Completed  34/100(34.00%), Score: 19.7030, Augmented Score: 19.4755
[2026-01-20 01:04:05,956][EasyNCO.phases.rl.ar_reinforce][INFO] - Eval ==> Score Summary: Avg: 0.0000, Avg Augmented: 0.0000
[2026-01-20 01:04:05,956][EasyNCO.phases.rl.ar_reinforce][INFO] - ============================================================================
[2026-01-20 01:04:08,125][EasyNCO.phases.rl.ar_reinforce][INFO] - Eval ==>  35/100(35.00%)  Time Est.: Elapsed[1.28m], Remain[2.37m]
[2026-01-20 01:04:08,125][EasyNCO.phases.rl.ar_reinforce][INFO] - Eval ==> Problem[tsp], Size[1000], Completed  35/100(35.00%), Score: 20.8841, Augmented Score: 20.8452
[2026-01-20 01:04:08,125][EasyNCO.phases.rl.ar_reinforce][INFO] - Eval ==> Score Summary: Avg: 0.0000, Avg Augmented: 0.0000
[2026-01-20 01:04:08,125][EasyNCO.phases.rl.ar_reinforce][INFO] - ============================================================================
[2026-01-20 01:04:10,293][EasyNCO.phases.rl.ar_reinforce][INFO] - Eval ==>  36/100(36.00%)  Time Est.: Elapsed[1.31m], Remain[2.33m]
[2026-01-20 01:04:10,293][EasyNCO.phases.rl.ar_reinforce][INFO] - Eval ==> Problem[tsp], Size[1000], Completed  36/100(36.00%), Score: 18.7876, Augmented Score: 18.7508
[2026-01-20 01:04:10,293][EasyNCO.phases.rl.ar_reinforce][INFO] - Eval ==> Score Summary: Avg: 0.0000, Avg Augmented: 0.0000
[2026-01-20 01:04:10,293][EasyNCO.phases.rl.ar_reinforce][INFO] - ============================================================================
[2026-01-20 01:04:12,461][EasyNCO.phases.rl.ar_reinforce][INFO] - Eval ==>  37/100(37.00%)  Time Est.: Elapsed[1.35m], Remain[2.29m]
[2026-01-20 01:04:12,462][EasyNCO.phases.rl.ar_reinforce][INFO] - Eval ==> Problem[tsp], Size[1000], Completed  37/100(37.00%), Score: 19.9086, Augmented Score: 19.9086
[2026-01-20 01:04:12,462][EasyNCO.phases.rl.ar_reinforce][INFO] - Eval ==> Score Summary: Avg: 0.0000, Avg Augmented: 0.0000
[2026-01-20 01:04:12,462][EasyNCO.phases.rl.ar_reinforce][INFO] - ============================================================================
[2026-01-20 01:04:14,634][EasyNCO.phases.rl.ar_reinforce][INFO] - Eval ==>  38/100(38.00%)  Time Est.: Elapsed[1.38m], Remain[2.26m]
[2026-01-20 01:04:14,634][EasyNCO.phases.rl.ar_reinforce][INFO] - Eval ==> Problem[tsp], Size[1000], Completed  38/100(38.00%), Score: 17.8814, Augmented Score: 17.5051
[2026-01-20 01:04:14,634][EasyNCO.phases.rl.ar_reinforce][INFO] - Eval ==> Score Summary: Avg: 0.0000, Avg Augmented: 0.0000
[2026-01-20 01:04:14,634][EasyNCO.phases.rl.ar_reinforce][INFO] - ============================================================================
[2026-01-20 01:04:16,810][EasyNCO.phases.rl.ar_reinforce][INFO] - Eval ==>  39/100(39.00%)  Time Est.: Elapsed[1.42m], Remain[2.22m]
[2026-01-20 01:04:16,810][EasyNCO.phases.rl.ar_reinforce][INFO] - Eval ==> Problem[tsp], Size[1000], Completed  39/100(39.00%), Score: 17.0355, Augmented Score: 17.0355
[2026-01-20 01:04:16,810][EasyNCO.phases.rl.ar_reinforce][INFO] - Eval ==> Score Summary: Avg: 0.0000, Avg Augmented: 0.0000
[2026-01-20 01:04:16,810][EasyNCO.phases.rl.ar_reinforce][INFO] - ============================================================================
[2026-01-20 01:04:18,977][EasyNCO.phases.rl.ar_reinforce][INFO] - Eval ==>  40/100(40.00%)  Time Est.: Elapsed[1.46m], Remain[2.18m]
[2026-01-20 01:04:18,977][EasyNCO.phases.rl.ar_reinforce][INFO] - Eval ==> Problem[tsp], Size[1000], Completed  40/100(40.00%), Score: 17.8624, Augmented Score: 17.8624
[2026-01-20 01:04:18,977][EasyNCO.phases.rl.ar_reinforce][INFO] - Eval ==> Score Summary: Avg: 0.0000, Avg Augmented: 0.0000
[2026-01-20 01:04:18,977][EasyNCO.phases.rl.ar_reinforce][INFO] - ============================================================================
[2026-01-20 01:04:21,149][EasyNCO.phases.rl.ar_reinforce][INFO] - Eval ==>  41/100(41.00%)  Time Est.: Elapsed[1.49m], Remain[2.15m]
[2026-01-20 01:04:21,149][EasyNCO.phases.rl.ar_reinforce][INFO] - Eval ==> Problem[tsp], Size[1000], Completed  41/100(41.00%), Score: 16.9892, Augmented Score: 16.7227
[2026-01-20 01:04:21,149][EasyNCO.phases.rl.ar_reinforce][INFO] - Eval ==> Score Summary: Avg: 0.0000, Avg Augmented: 0.0000
[2026-01-20 01:04:21,149][EasyNCO.phases.rl.ar_reinforce][INFO] - ============================================================================
[2026-01-20 01:04:23,316][EasyNCO.phases.rl.ar_reinforce][INFO] - Eval ==>  42/100(42.00%)  Time Est.: Elapsed[1.53m], Remain[2.11m]
[2026-01-20 01:04:23,317][EasyNCO.phases.rl.ar_reinforce][INFO] - Eval ==> Problem[tsp], Size[1000], Completed  42/100(42.00%), Score: 21.8719, Augmented Score: 21.7635
[2026-01-20 01:04:23,317][EasyNCO.phases.rl.ar_reinforce][INFO] - Eval ==> Score Summary: Avg: 0.0000, Avg Augmented: 0.0000
[2026-01-20 01:04:23,317][EasyNCO.phases.rl.ar_reinforce][INFO] - ============================================================================
[2026-01-20 01:04:25,489][EasyNCO.phases.rl.ar_reinforce][INFO] - Eval ==>  43/100(43.00%)  Time Est.: Elapsed[1.56m], Remain[2.07m]
[2026-01-20 01:04:25,489][EasyNCO.phases.rl.ar_reinforce][INFO] - Eval ==> Problem[tsp], Size[1000], Completed  43/100(43.00%), Score: 17.2375, Augmented Score: 16.9560
[2026-01-20 01:04:25,489][EasyNCO.phases.rl.ar_reinforce][INFO] - Eval ==> Score Summary: Avg: 0.0000, Avg Augmented: 0.0000
[2026-01-20 01:04:25,489][EasyNCO.phases.rl.ar_reinforce][INFO] - ============================================================================
[2026-01-20 01:04:27,655][EasyNCO.phases.rl.ar_reinforce][INFO] - Eval ==>  44/100(44.00%)  Time Est.: Elapsed[1.60m], Remain[2.04m]
[2026-01-20 01:04:27,656][EasyNCO.phases.rl.ar_reinforce][INFO] - Eval ==> Problem[tsp], Size[1000], Completed  44/100(44.00%), Score: 19.0776, Augmented Score: 18.7330
[2026-01-20 01:04:27,656][EasyNCO.phases.rl.ar_reinforce][INFO] - Eval ==> Score Summary: Avg: 0.0000, Avg Augmented: 0.0000
[2026-01-20 01:04:27,656][EasyNCO.phases.rl.ar_reinforce][INFO] - ============================================================================
[2026-01-20 01:04:29,825][EasyNCO.phases.rl.ar_reinforce][INFO] - Eval ==>  45/100(45.00%)  Time Est.: Elapsed[1.64m], Remain[2.00m]
[2026-01-20 01:04:29,825][EasyNCO.phases.rl.ar_reinforce][INFO] - Eval ==> Problem[tsp], Size[1000], Completed  45/100(45.00%), Score: 20.1976, Augmented Score: 19.9967
[2026-01-20 01:04:29,825][EasyNCO.phases.rl.ar_reinforce][INFO] - Eval ==> Score Summary: Avg: 0.0000, Avg Augmented: 0.0000
[2026-01-20 01:04:29,825][EasyNCO.phases.rl.ar_reinforce][INFO] - ============================================================================
[2026-01-20 01:04:31,996][EasyNCO.phases.rl.ar_reinforce][INFO] - Eval ==>  46/100(46.00%)  Time Est.: Elapsed[1.67m], Remain[1.96m]
[2026-01-20 01:04:31,997][EasyNCO.phases.rl.ar_reinforce][INFO] - Eval ==> Problem[tsp], Size[1000], Completed  46/100(46.00%), Score: 20.3441, Augmented Score: 20.3441
[2026-01-20 01:04:31,997][EasyNCO.phases.rl.ar_reinforce][INFO] - Eval ==> Score Summary: Avg: 0.0000, Avg Augmented: 0.0000
[2026-01-20 01:04:31,997][EasyNCO.phases.rl.ar_reinforce][INFO] - ============================================================================
[2026-01-20 01:04:34,168][EasyNCO.phases.rl.ar_reinforce][INFO] - Eval ==>  47/100(47.00%)  Time Est.: Elapsed[1.71m], Remain[1.93m]
[2026-01-20 01:04:34,168][EasyNCO.phases.rl.ar_reinforce][INFO] - Eval ==> Problem[tsp], Size[1000], Completed  47/100(47.00%), Score: 18.5579, Augmented Score: 18.5410
[2026-01-20 01:04:34,168][EasyNCO.phases.rl.ar_reinforce][INFO] - Eval ==> Score Summary: Avg: 0.0000, Avg Augmented: 0.0000
[2026-01-20 01:04:34,168][EasyNCO.phases.rl.ar_reinforce][INFO] - ============================================================================
[2026-01-20 01:04:36,335][EasyNCO.phases.rl.ar_reinforce][INFO] - Eval ==>  48/100(48.00%)  Time Est.: Elapsed[1.75m], Remain[1.89m]
[2026-01-20 01:04:36,335][EasyNCO.phases.rl.ar_reinforce][INFO] - Eval ==> Problem[tsp], Size[1000], Completed  48/100(48.00%), Score: 18.9360, Augmented Score: 18.6999
[2026-01-20 01:04:36,336][EasyNCO.phases.rl.ar_reinforce][INFO] - Eval ==> Score Summary: Avg: 0.0000, Avg Augmented: 0.0000
[2026-01-20 01:04:36,336][EasyNCO.phases.rl.ar_reinforce][INFO] - ============================================================================
[2026-01-20 01:04:38,507][EasyNCO.phases.rl.ar_reinforce][INFO] - Eval ==>  49/100(49.00%)  Time Est.: Elapsed[1.78m], Remain[1.85m]
[2026-01-20 01:04:38,507][EasyNCO.phases.rl.ar_reinforce][INFO] - Eval ==> Problem[tsp], Size[1000], Completed  49/100(49.00%), Score: 18.3830, Augmented Score: 18.0101
[2026-01-20 01:04:38,508][EasyNCO.phases.rl.ar_reinforce][INFO] - Eval ==> Score Summary: Avg: 0.0000, Avg Augmented: 0.0000
[2026-01-20 01:04:38,508][EasyNCO.phases.rl.ar_reinforce][INFO] - ============================================================================
[2026-01-20 01:04:40,682][EasyNCO.phases.rl.ar_reinforce][INFO] - Eval ==>  50/100(50.00%)  Time Est.: Elapsed[1.82m], Remain[1.82m]
[2026-01-20 01:04:40,682][EasyNCO.phases.rl.ar_reinforce][INFO] - Eval ==> Problem[tsp], Size[1000], Completed  50/100(50.00%), Score: 17.2169, Augmented Score: 17.1631
[2026-01-20 01:04:40,682][EasyNCO.phases.rl.ar_reinforce][INFO] - Eval ==> Score Summary: Avg: 0.0000, Avg Augmented: 0.0000
[2026-01-20 01:04:40,682][EasyNCO.phases.rl.ar_reinforce][INFO] - ============================================================================
[2026-01-20 01:04:42,851][EasyNCO.phases.rl.ar_reinforce][INFO] - Eval ==>  51/100(51.00%)  Time Est.: Elapsed[1.85m], Remain[1.78m]
[2026-01-20 01:04:42,851][EasyNCO.phases.rl.ar_reinforce][INFO] - Eval ==> Problem[tsp], Size[1000], Completed  51/100(51.00%), Score: 20.3315, Augmented Score: 20.2572
[2026-01-20 01:04:42,851][EasyNCO.phases.rl.ar_reinforce][INFO] - Eval ==> Score Summary: Avg: 0.0000, Avg Augmented: 0.0000
[2026-01-20 01:04:42,851][EasyNCO.phases.rl.ar_reinforce][INFO] - ============================================================================
[2026-01-20 01:04:45,015][EasyNCO.phases.rl.ar_reinforce][INFO] - Eval ==>  52/100(52.00%)  Time Est.: Elapsed[1.89m], Remain[1.74m]
[2026-01-20 01:04:45,016][EasyNCO.phases.rl.ar_reinforce][INFO] - Eval ==> Problem[tsp], Size[1000], Completed  52/100(52.00%), Score: 20.9054, Augmented Score: 20.7074
[2026-01-20 01:04:45,016][EasyNCO.phases.rl.ar_reinforce][INFO] - Eval ==> Score Summary: Avg: 0.0000, Avg Augmented: 0.0000
[2026-01-20 01:04:45,016][EasyNCO.phases.rl.ar_reinforce][INFO] - ============================================================================
[2026-01-20 01:04:47,188][EasyNCO.phases.rl.ar_reinforce][INFO] - Eval ==>  53/100(53.00%)  Time Est.: Elapsed[1.93m], Remain[1.71m]
[2026-01-20 01:04:47,188][EasyNCO.phases.rl.ar_reinforce][INFO] - Eval ==> Problem[tsp], Size[1000], Completed  53/100(53.00%), Score: 17.1704, Augmented Score: 16.9307
[2026-01-20 01:04:47,188][EasyNCO.phases.rl.ar_reinforce][INFO] - Eval ==> Score Summary: Avg: 0.0000, Avg Augmented: 0.0000
[2026-01-20 01:04:47,188][EasyNCO.phases.rl.ar_reinforce][INFO] - ============================================================================
[2026-01-20 01:04:49,361][EasyNCO.phases.rl.ar_reinforce][INFO] - Eval ==>  54/100(54.00%)  Time Est.: Elapsed[1.96m], Remain[1.67m]
[2026-01-20 01:04:49,362][EasyNCO.phases.rl.ar_reinforce][INFO] - Eval ==> Problem[tsp], Size[1000], Completed  54/100(54.00%), Score: 18.9207, Augmented Score: 18.8044
[2026-01-20 01:04:49,362][EasyNCO.phases.rl.ar_reinforce][INFO] - Eval ==> Score Summary: Avg: 0.0000, Avg Augmented: 0.0000
[2026-01-20 01:04:49,362][EasyNCO.phases.rl.ar_reinforce][INFO] - ============================================================================
[2026-01-20 01:04:51,529][EasyNCO.phases.rl.ar_reinforce][INFO] - Eval ==>  55/100(55.00%)  Time Est.: Elapsed[2.00m], Remain[1.64m]
[2026-01-20 01:04:51,529][EasyNCO.phases.rl.ar_reinforce][INFO] - Eval ==> Problem[tsp], Size[1000], Completed  55/100(55.00%), Score: 21.3526, Augmented Score: 21.0648
[2026-01-20 01:04:51,529][EasyNCO.phases.rl.ar_reinforce][INFO] - Eval ==> Score Summary: Avg: 0.0000, Avg Augmented: 0.0000
[2026-01-20 01:04:51,530][EasyNCO.phases.rl.ar_reinforce][INFO] - ============================================================================
[2026-01-20 01:04:53,698][EasyNCO.phases.rl.ar_reinforce][INFO] - Eval ==>  56/100(56.00%)  Time Est.: Elapsed[2.04m], Remain[1.60m]
[2026-01-20 01:04:53,699][EasyNCO.phases.rl.ar_reinforce][INFO] - Eval ==> Problem[tsp], Size[1000], Completed  56/100(56.00%), Score: 16.8060, Augmented Score: 16.7087
[2026-01-20 01:04:53,699][EasyNCO.phases.rl.ar_reinforce][INFO] - Eval ==> Score Summary: Avg: 0.0000, Avg Augmented: 0.0000
[2026-01-20 01:04:53,699][EasyNCO.phases.rl.ar_reinforce][INFO] - ============================================================================
[2026-01-20 01:04:55,868][EasyNCO.phases.rl.ar_reinforce][INFO] - Eval ==>  57/100(57.00%)  Time Est.: Elapsed[2.07m], Remain[1.56m]
[2026-01-20 01:04:55,869][EasyNCO.phases.rl.ar_reinforce][INFO] - Eval ==> Problem[tsp], Size[1000], Completed  57/100(57.00%), Score: 18.3353, Augmented Score: 18.2799
[2026-01-20 01:04:55,869][EasyNCO.phases.rl.ar_reinforce][INFO] - Eval ==> Score Summary: Avg: 0.0000, Avg Augmented: 0.0000
[2026-01-20 01:04:55,869][EasyNCO.phases.rl.ar_reinforce][INFO] - ============================================================================
[2026-01-20 01:04:58,037][EasyNCO.phases.rl.ar_reinforce][INFO] - Eval ==>  58/100(58.00%)  Time Est.: Elapsed[2.11m], Remain[1.53m]
[2026-01-20 01:04:58,037][EasyNCO.phases.rl.ar_reinforce][INFO] - Eval ==> Problem[tsp], Size[1000], Completed  58/100(58.00%), Score: 19.1169, Augmented Score: 18.9750
[2026-01-20 01:04:58,037][EasyNCO.phases.rl.ar_reinforce][INFO] - Eval ==> Score Summary: Avg: 0.0000, Avg Augmented: 0.0000
[2026-01-20 01:04:58,037][EasyNCO.phases.rl.ar_reinforce][INFO] - ============================================================================
[2026-01-20 01:05:00,209][EasyNCO.phases.rl.ar_reinforce][INFO] - Eval ==>  59/100(59.00%)  Time Est.: Elapsed[2.14m], Remain[1.49m]
[2026-01-20 01:05:00,209][EasyNCO.phases.rl.ar_reinforce][INFO] - Eval ==> Problem[tsp], Size[1000], Completed  59/100(59.00%), Score: 17.0820, Augmented Score: 16.8049
[2026-01-20 01:05:00,209][EasyNCO.phases.rl.ar_reinforce][INFO] - Eval ==> Score Summary: Avg: 0.0000, Avg Augmented: 0.0000
[2026-01-20 01:05:00,209][EasyNCO.phases.rl.ar_reinforce][INFO] - ============================================================================
[2026-01-20 01:05:02,376][EasyNCO.phases.rl.ar_reinforce][INFO] - Eval ==>  60/100(60.00%)  Time Est.: Elapsed[2.18m], Remain[1.45m]
[2026-01-20 01:05:02,376][EasyNCO.phases.rl.ar_reinforce][INFO] - Eval ==> Problem[tsp], Size[1000], Completed  60/100(60.00%), Score: 18.5497, Augmented Score: 18.4611
[2026-01-20 01:05:02,376][EasyNCO.phases.rl.ar_reinforce][INFO] - Eval ==> Score Summary: Avg: 0.0000, Avg Augmented: 0.0000
[2026-01-20 01:05:02,376][EasyNCO.phases.rl.ar_reinforce][INFO] - ============================================================================
[2026-01-20 01:05:04,546][EasyNCO.phases.rl.ar_reinforce][INFO] - Eval ==>  61/100(61.00%)  Time Est.: Elapsed[2.22m], Remain[1.42m]
[2026-01-20 01:05:04,547][EasyNCO.phases.rl.ar_reinforce][INFO] - Eval ==> Problem[tsp], Size[1000], Completed  61/100(61.00%), Score: 20.9584, Augmented Score: 20.4982
[2026-01-20 01:05:04,547][EasyNCO.phases.rl.ar_reinforce][INFO] - Eval ==> Score Summary: Avg: 0.0000, Avg Augmented: 0.0000
[2026-01-20 01:05:04,547][EasyNCO.phases.rl.ar_reinforce][INFO] - ============================================================================
[2026-01-20 01:05:06,716][EasyNCO.phases.rl.ar_reinforce][INFO] - Eval ==>  62/100(62.00%)  Time Est.: Elapsed[2.25m], Remain[1.38m]
[2026-01-20 01:05:06,716][EasyNCO.phases.rl.ar_reinforce][INFO] - Eval ==> Problem[tsp], Size[1000], Completed  62/100(62.00%), Score: 20.7952, Augmented Score: 20.4773
[2026-01-20 01:05:06,716][EasyNCO.phases.rl.ar_reinforce][INFO] - Eval ==> Score Summary: Avg: 0.0000, Avg Augmented: 0.0000
[2026-01-20 01:05:06,716][EasyNCO.phases.rl.ar_reinforce][INFO] - ============================================================================
[2026-01-20 01:05:08,888][EasyNCO.phases.rl.ar_reinforce][INFO] - Eval ==>  63/100(63.00%)  Time Est.: Elapsed[2.29m], Remain[1.34m]
[2026-01-20 01:05:08,888][EasyNCO.phases.rl.ar_reinforce][INFO] - Eval ==> Problem[tsp], Size[1000], Completed  63/100(63.00%), Score: 17.4365, Augmented Score: 17.4365
[2026-01-20 01:05:08,888][EasyNCO.phases.rl.ar_reinforce][INFO] - Eval ==> Score Summary: Avg: 0.0000, Avg Augmented: 0.0000
[2026-01-20 01:05:08,888][EasyNCO.phases.rl.ar_reinforce][INFO] - ============================================================================
[2026-01-20 01:05:11,054][EasyNCO.phases.rl.ar_reinforce][INFO] - Eval ==>  64/100(64.00%)  Time Est.: Elapsed[2.32m], Remain[1.31m]
[2026-01-20 01:05:11,054][EasyNCO.phases.rl.ar_reinforce][INFO] - Eval ==> Problem[tsp], Size[1000], Completed  64/100(64.00%), Score: 18.1679, Augmented Score: 17.9598
[2026-01-20 01:05:11,054][EasyNCO.phases.rl.ar_reinforce][INFO] - Eval ==> Score Summary: Avg: 0.0000, Avg Augmented: 0.0000
[2026-01-20 01:05:11,054][EasyNCO.phases.rl.ar_reinforce][INFO] - ============================================================================
[2026-01-20 01:05:13,227][EasyNCO.phases.rl.ar_reinforce][INFO] - Eval ==>  65/100(65.00%)  Time Est.: Elapsed[2.36m], Remain[1.27m]
[2026-01-20 01:05:13,227][EasyNCO.phases.rl.ar_reinforce][INFO] - Eval ==> Problem[tsp], Size[1000], Completed  65/100(65.00%), Score: 17.1651, Augmented Score: 16.9875
[2026-01-20 01:05:13,227][EasyNCO.phases.rl.ar_reinforce][INFO] - Eval ==> Score Summary: Avg: 0.0000, Avg Augmented: 0.0000
[2026-01-20 01:05:13,227][EasyNCO.phases.rl.ar_reinforce][INFO] - ============================================================================
[2026-01-20 01:05:15,399][EasyNCO.phases.rl.ar_reinforce][INFO] - Eval ==>  66/100(66.00%)  Time Est.: Elapsed[2.40m], Remain[1.23m]
[2026-01-20 01:05:15,399][EasyNCO.phases.rl.ar_reinforce][INFO] - Eval ==> Problem[tsp], Size[1000], Completed  66/100(66.00%), Score: 19.9581, Augmented Score: 19.7194
[2026-01-20 01:05:15,399][EasyNCO.phases.rl.ar_reinforce][INFO] - Eval ==> Score Summary: Avg: 0.0000, Avg Augmented: 0.0000
[2026-01-20 01:05:15,399][EasyNCO.phases.rl.ar_reinforce][INFO] - ============================================================================
[2026-01-20 01:05:17,570][EasyNCO.phases.rl.ar_reinforce][INFO] - Eval ==>  67/100(67.00%)  Time Est.: Elapsed[2.43m], Remain[1.20m]
[2026-01-20 01:05:17,570][EasyNCO.phases.rl.ar_reinforce][INFO] - Eval ==> Problem[tsp], Size[1000], Completed  67/100(67.00%), Score: 18.8476, Augmented Score: 18.8476
[2026-01-20 01:05:17,570][EasyNCO.phases.rl.ar_reinforce][INFO] - Eval ==> Score Summary: Avg: 0.0000, Avg Augmented: 0.0000
[2026-01-20 01:05:17,570][EasyNCO.phases.rl.ar_reinforce][INFO] - ============================================================================
[2026-01-20 01:05:19,737][EasyNCO.phases.rl.ar_reinforce][INFO] - Eval ==>  68/100(68.00%)  Time Est.: Elapsed[2.47m], Remain[1.16m]
[2026-01-20 01:05:19,737][EasyNCO.phases.rl.ar_reinforce][INFO] - Eval ==> Problem[tsp], Size[1000], Completed  68/100(68.00%), Score: 19.4280, Augmented Score: 19.4280
[2026-01-20 01:05:19,737][EasyNCO.phases.rl.ar_reinforce][INFO] - Eval ==> Score Summary: Avg: 0.0000, Avg Augmented: 0.0000
[2026-01-20 01:05:19,737][EasyNCO.phases.rl.ar_reinforce][INFO] - ============================================================================
[2026-01-20 01:05:21,907][EasyNCO.phases.rl.ar_reinforce][INFO] - Eval ==>  69/100(69.00%)  Time Est.: Elapsed[2.51m], Remain[1.13m]
[2026-01-20 01:05:21,907][EasyNCO.phases.rl.ar_reinforce][INFO] - Eval ==> Problem[tsp], Size[1000], Completed  69/100(69.00%), Score: 19.1482, Augmented Score: 18.9406
[2026-01-20 01:05:21,907][EasyNCO.phases.rl.ar_reinforce][INFO] - Eval ==> Score Summary: Avg: 0.0000, Avg Augmented: 0.0000
[2026-01-20 01:05:21,907][EasyNCO.phases.rl.ar_reinforce][INFO] - ============================================================================
[2026-01-20 01:05:24,079][EasyNCO.phases.rl.ar_reinforce][INFO] - Eval ==>  70/100(70.00%)  Time Est.: Elapsed[2.54m], Remain[1.09m]
[2026-01-20 01:05:24,080][EasyNCO.phases.rl.ar_reinforce][INFO] - Eval ==> Problem[tsp], Size[1000], Completed  70/100(70.00%), Score: 19.0639, Augmented Score: 18.9134
[2026-01-20 01:05:24,080][EasyNCO.phases.rl.ar_reinforce][INFO] - Eval ==> Score Summary: Avg: 0.0000, Avg Augmented: 0.0000
[2026-01-20 01:05:24,080][EasyNCO.phases.rl.ar_reinforce][INFO] - ============================================================================
[2026-01-20 01:05:26,252][EasyNCO.phases.rl.ar_reinforce][INFO] - Eval ==>  71/100(71.00%)  Time Est.: Elapsed[2.58m], Remain[1.05m]
[2026-01-20 01:05:26,252][EasyNCO.phases.rl.ar_reinforce][INFO] - Eval ==> Problem[tsp], Size[1000], Completed  71/100(71.00%), Score: 15.9783, Augmented Score: 15.8468
[2026-01-20 01:05:26,252][EasyNCO.phases.rl.ar_reinforce][INFO] - Eval ==> Score Summary: Avg: 0.0000, Avg Augmented: 0.0000
[2026-01-20 01:05:26,252][EasyNCO.phases.rl.ar_reinforce][INFO] - ============================================================================
[2026-01-20 01:05:28,418][EasyNCO.phases.rl.ar_reinforce][INFO] - Eval ==>  72/100(72.00%)  Time Est.: Elapsed[2.61m], Remain[1.02m]
[2026-01-20 01:05:28,418][EasyNCO.phases.rl.ar_reinforce][INFO] - Eval ==> Problem[tsp], Size[1000], Completed  72/100(72.00%), Score: 18.0038, Augmented Score: 17.8243
[2026-01-20 01:05:28,418][EasyNCO.phases.rl.ar_reinforce][INFO] - Eval ==> Score Summary: Avg: 0.0000, Avg Augmented: 0.0000
[2026-01-20 01:05:28,418][EasyNCO.phases.rl.ar_reinforce][INFO] - ============================================================================
[2026-01-20 01:05:30,592][EasyNCO.phases.rl.ar_reinforce][INFO] - Eval ==>  73/100(73.00%)  Time Est.: Elapsed[2.65m], Remain[0.98m]
[2026-01-20 01:05:30,593][EasyNCO.phases.rl.ar_reinforce][INFO] - Eval ==> Problem[tsp], Size[1000], Completed  73/100(73.00%), Score: 16.9384, Augmented Score: 16.8545
[2026-01-20 01:05:30,593][EasyNCO.phases.rl.ar_reinforce][INFO] - Eval ==> Score Summary: Avg: 0.0000, Avg Augmented: 0.0000
[2026-01-20 01:05:30,593][EasyNCO.phases.rl.ar_reinforce][INFO] - ============================================================================
[2026-01-20 01:05:32,762][EasyNCO.phases.rl.ar_reinforce][INFO] - Eval ==>  74/100(74.00%)  Time Est.: Elapsed[2.69m], Remain[0.94m]
[2026-01-20 01:05:32,763][EasyNCO.phases.rl.ar_reinforce][INFO] - Eval ==> Problem[tsp], Size[1000], Completed  74/100(74.00%), Score: 19.1427, Augmented Score: 18.9671
[2026-01-20 01:05:32,763][EasyNCO.phases.rl.ar_reinforce][INFO] - Eval ==> Score Summary: Avg: 0.0000, Avg Augmented: 0.0000
[2026-01-20 01:05:32,763][EasyNCO.phases.rl.ar_reinforce][INFO] - ============================================================================
[2026-01-20 01:05:34,935][EasyNCO.phases.rl.ar_reinforce][INFO] - Eval ==>  75/100(75.00%)  Time Est.: Elapsed[2.72m], Remain[0.91m]
[2026-01-20 01:05:34,935][EasyNCO.phases.rl.ar_reinforce][INFO] - Eval ==> Problem[tsp], Size[1000], Completed  75/100(75.00%), Score: 18.4001, Augmented Score: 18.2364
[2026-01-20 01:05:34,935][EasyNCO.phases.rl.ar_reinforce][INFO] - Eval ==> Score Summary: Avg: 0.0000, Avg Augmented: 0.0000
[2026-01-20 01:05:34,935][EasyNCO.phases.rl.ar_reinforce][INFO] - ============================================================================
[2026-01-20 01:05:37,101][EasyNCO.phases.rl.ar_reinforce][INFO] - Eval ==>  76/100(76.00%)  Time Est.: Elapsed[2.76m], Remain[0.87m]
[2026-01-20 01:05:37,102][EasyNCO.phases.rl.ar_reinforce][INFO] - Eval ==> Problem[tsp], Size[1000], Completed  76/100(76.00%), Score: 18.9372, Augmented Score: 18.7939
[2026-01-20 01:05:37,102][EasyNCO.phases.rl.ar_reinforce][INFO] - Eval ==> Score Summary: Avg: 0.0000, Avg Augmented: 0.0000
[2026-01-20 01:05:37,102][EasyNCO.phases.rl.ar_reinforce][INFO] - ============================================================================
[2026-01-20 01:05:39,271][EasyNCO.phases.rl.ar_reinforce][INFO] - Eval ==>  77/100(77.00%)  Time Est.: Elapsed[2.79m], Remain[0.83m]
[2026-01-20 01:05:39,271][EasyNCO.phases.rl.ar_reinforce][INFO] - Eval ==> Problem[tsp], Size[1000], Completed  77/100(77.00%), Score: 19.2438, Augmented Score: 18.9827
[2026-01-20 01:05:39,271][EasyNCO.phases.rl.ar_reinforce][INFO] - Eval ==> Score Summary: Avg: 0.0000, Avg Augmented: 0.0000
[2026-01-20 01:05:39,271][EasyNCO.phases.rl.ar_reinforce][INFO] - ============================================================================
[2026-01-20 01:05:41,441][EasyNCO.phases.rl.ar_reinforce][INFO] - Eval ==>  78/100(78.00%)  Time Est.: Elapsed[2.83m], Remain[0.80m]
[2026-01-20 01:05:41,441][EasyNCO.phases.rl.ar_reinforce][INFO] - Eval ==> Problem[tsp], Size[1000], Completed  78/100(78.00%), Score: 18.9913, Augmented Score: 18.6906
[2026-01-20 01:05:41,441][EasyNCO.phases.rl.ar_reinforce][INFO] - Eval ==> Score Summary: Avg: 0.0000, Avg Augmented: 0.0000
[2026-01-20 01:05:41,441][EasyNCO.phases.rl.ar_reinforce][INFO] - ============================================================================
[2026-01-20 01:05:43,612][EasyNCO.phases.rl.ar_reinforce][INFO] - Eval ==>  79/100(79.00%)  Time Est.: Elapsed[2.87m], Remain[0.76m]
[2026-01-20 01:05:43,612][EasyNCO.phases.rl.ar_reinforce][INFO] - Eval ==> Problem[tsp], Size[1000], Completed  79/100(79.00%), Score: 18.9410, Augmented Score: 18.9410
[2026-01-20 01:05:43,612][EasyNCO.phases.rl.ar_reinforce][INFO] - Eval ==> Score Summary: Avg: 0.0000, Avg Augmented: 0.0000
[2026-01-20 01:05:43,612][EasyNCO.phases.rl.ar_reinforce][INFO] - ============================================================================
[2026-01-20 01:05:45,777][EasyNCO.phases.rl.ar_reinforce][INFO] - Eval ==>  80/100(80.00%)  Time Est.: Elapsed[2.90m], Remain[0.73m]
[2026-01-20 01:05:45,777][EasyNCO.phases.rl.ar_reinforce][INFO] - Eval ==> Problem[tsp], Size[1000], Completed  80/100(80.00%), Score: 18.3616, Augmented Score: 17.9576
[2026-01-20 01:05:45,777][EasyNCO.phases.rl.ar_reinforce][INFO] - Eval ==> Score Summary: Avg: 0.0000, Avg Augmented: 0.0000
[2026-01-20 01:05:45,777][EasyNCO.phases.rl.ar_reinforce][INFO] - ============================================================================
[2026-01-20 01:05:47,943][EasyNCO.phases.rl.ar_reinforce][INFO] - Eval ==>  81/100(81.00%)  Time Est.: Elapsed[2.94m], Remain[0.69m]
[2026-01-20 01:05:47,944][EasyNCO.phases.rl.ar_reinforce][INFO] - Eval ==> Problem[tsp], Size[1000], Completed  81/100(81.00%), Score: 20.3699, Augmented Score: 20.2028
[2026-01-20 01:05:47,944][EasyNCO.phases.rl.ar_reinforce][INFO] - Eval ==> Score Summary: Avg: 0.0000, Avg Augmented: 0.0000
[2026-01-20 01:05:47,944][EasyNCO.phases.rl.ar_reinforce][INFO] - ============================================================================
[2026-01-20 01:05:50,114][EasyNCO.phases.rl.ar_reinforce][INFO] - Eval ==>  82/100(82.00%)  Time Est.: Elapsed[2.98m], Remain[0.65m]
[2026-01-20 01:05:50,114][EasyNCO.phases.rl.ar_reinforce][INFO] - Eval ==> Problem[tsp], Size[1000], Completed  82/100(82.00%), Score: 20.1705, Augmented Score: 20.0179
[2026-01-20 01:05:50,114][EasyNCO.phases.rl.ar_reinforce][INFO] - Eval ==> Score Summary: Avg: 0.0000, Avg Augmented: 0.0000
[2026-01-20 01:05:50,114][EasyNCO.phases.rl.ar_reinforce][INFO] - ============================================================================
[2026-01-20 01:05:52,283][EasyNCO.phases.rl.ar_reinforce][INFO] - Eval ==>  83/100(83.00%)  Time Est.: Elapsed[3.01m], Remain[0.62m]
[2026-01-20 01:05:52,283][EasyNCO.phases.rl.ar_reinforce][INFO] - Eval ==> Problem[tsp], Size[1000], Completed  83/100(83.00%), Score: 20.5223, Augmented Score: 20.2717
[2026-01-20 01:05:52,283][EasyNCO.phases.rl.ar_reinforce][INFO] - Eval ==> Score Summary: Avg: 0.0000, Avg Augmented: 0.0000
[2026-01-20 01:05:52,283][EasyNCO.phases.rl.ar_reinforce][INFO] - ============================================================================
[2026-01-20 01:05:54,449][EasyNCO.phases.rl.ar_reinforce][INFO] - Eval ==>  84/100(84.00%)  Time Est.: Elapsed[3.05m], Remain[0.58m]
[2026-01-20 01:05:54,449][EasyNCO.phases.rl.ar_reinforce][INFO] - Eval ==> Problem[tsp], Size[1000], Completed  84/100(84.00%), Score: 18.6009, Augmented Score: 18.5315
[2026-01-20 01:05:54,449][EasyNCO.phases.rl.ar_reinforce][INFO] - Eval ==> Score Summary: Avg: 0.0000, Avg Augmented: 0.0000
[2026-01-20 01:05:54,449][EasyNCO.phases.rl.ar_reinforce][INFO] - ============================================================================
[2026-01-20 01:05:56,616][EasyNCO.phases.rl.ar_reinforce][INFO] - Eval ==>  85/100(85.00%)  Time Est.: Elapsed[3.08m], Remain[0.54m]
[2026-01-20 01:05:56,617][EasyNCO.phases.rl.ar_reinforce][INFO] - Eval ==> Problem[tsp], Size[1000], Completed  85/100(85.00%), Score: 21.0766, Augmented Score: 20.8507
[2026-01-20 01:05:56,617][EasyNCO.phases.rl.ar_reinforce][INFO] - Eval ==> Score Summary: Avg: 0.0000, Avg Augmented: 0.0000
[2026-01-20 01:05:56,617][EasyNCO.phases.rl.ar_reinforce][INFO] - ============================================================================
[2026-01-20 01:05:58,786][EasyNCO.phases.rl.ar_reinforce][INFO] - Eval ==>  86/100(86.00%)  Time Est.: Elapsed[3.12m], Remain[0.51m]
[2026-01-20 01:05:58,786][EasyNCO.phases.rl.ar_reinforce][INFO] - Eval ==> Problem[tsp], Size[1000], Completed  86/100(86.00%), Score: 20.7208, Augmented Score: 20.5892
[2026-01-20 01:05:58,786][EasyNCO.phases.rl.ar_reinforce][INFO] - Eval ==> Score Summary: Avg: 0.0000, Avg Augmented: 0.0000
[2026-01-20 01:05:58,786][EasyNCO.phases.rl.ar_reinforce][INFO] - ============================================================================
[2026-01-20 01:06:00,954][EasyNCO.phases.rl.ar_reinforce][INFO] - Eval ==>  87/100(87.00%)  Time Est.: Elapsed[3.16m], Remain[0.47m]
[2026-01-20 01:06:00,954][EasyNCO.phases.rl.ar_reinforce][INFO] - Eval ==> Problem[tsp], Size[1000], Completed  87/100(87.00%), Score: 20.5861, Augmented Score: 20.4777
[2026-01-20 01:06:00,954][EasyNCO.phases.rl.ar_reinforce][INFO] - Eval ==> Score Summary: Avg: 0.0000, Avg Augmented: 0.0000
[2026-01-20 01:06:00,954][EasyNCO.phases.rl.ar_reinforce][INFO] - ============================================================================
[2026-01-20 01:06:03,125][EasyNCO.phases.rl.ar_reinforce][INFO] - Eval ==>  88/100(88.00%)  Time Est.: Elapsed[3.19m], Remain[0.44m]
[2026-01-20 01:06:03,125][EasyNCO.phases.rl.ar_reinforce][INFO] - Eval ==> Problem[tsp], Size[1000], Completed  88/100(88.00%), Score: 16.0041, Augmented Score: 15.9039
[2026-01-20 01:06:03,125][EasyNCO.phases.rl.ar_reinforce][INFO] - Eval ==> Score Summary: Avg: 0.0000, Avg Augmented: 0.0000
[2026-01-20 01:06:03,125][EasyNCO.phases.rl.ar_reinforce][INFO] - ============================================================================
[2026-01-20 01:06:05,296][EasyNCO.phases.rl.ar_reinforce][INFO] - Eval ==>  89/100(89.00%)  Time Est.: Elapsed[3.23m], Remain[0.40m]
[2026-01-20 01:06:05,296][EasyNCO.phases.rl.ar_reinforce][INFO] - Eval ==> Problem[tsp], Size[1000], Completed  89/100(89.00%), Score: 18.9331, Augmented Score: 18.9331
[2026-01-20 01:06:05,296][EasyNCO.phases.rl.ar_reinforce][INFO] - Eval ==> Score Summary: Avg: 0.0000, Avg Augmented: 0.0000
[2026-01-20 01:06:05,297][EasyNCO.phases.rl.ar_reinforce][INFO] - ============================================================================
[2026-01-20 01:06:07,468][EasyNCO.phases.rl.ar_reinforce][INFO] - Eval ==>  90/100(90.00%)  Time Est.: Elapsed[3.26m], Remain[0.36m]
[2026-01-20 01:06:07,468][EasyNCO.phases.rl.ar_reinforce][INFO] - Eval ==> Problem[tsp], Size[1000], Completed  90/100(90.00%), Score: 20.0845, Augmented Score: 19.8621
[2026-01-20 01:06:07,468][EasyNCO.phases.rl.ar_reinforce][INFO] - Eval ==> Score Summary: Avg: 0.0000, Avg Augmented: 0.0000
[2026-01-20 01:06:07,468][EasyNCO.phases.rl.ar_reinforce][INFO] - ============================================================================
[2026-01-20 01:06:09,636][EasyNCO.phases.rl.ar_reinforce][INFO] - Eval ==>  91/100(91.00%)  Time Est.: Elapsed[3.30m], Remain[0.33m]
[2026-01-20 01:06:09,636][EasyNCO.phases.rl.ar_reinforce][INFO] - Eval ==> Problem[tsp], Size[1000], Completed  91/100(91.00%), Score: 20.7533, Augmented Score: 20.7533
[2026-01-20 01:06:09,636][EasyNCO.phases.rl.ar_reinforce][INFO] - Eval ==> Score Summary: Avg: 0.0000, Avg Augmented: 0.0000
[2026-01-20 01:06:09,636][EasyNCO.phases.rl.ar_reinforce][INFO] - ============================================================================
[2026-01-20 01:06:11,799][EasyNCO.phases.rl.ar_reinforce][INFO] - Eval ==>  92/100(92.00%)  Time Est.: Elapsed[3.34m], Remain[0.29m]
[2026-01-20 01:06:11,799][EasyNCO.phases.rl.ar_reinforce][INFO] - Eval ==> Problem[tsp], Size[1000], Completed  92/100(92.00%), Score: 21.0785, Augmented Score: 20.8208
[2026-01-20 01:06:11,799][EasyNCO.phases.rl.ar_reinforce][INFO] - Eval ==> Score Summary: Avg: 0.0000, Avg Augmented: 0.0000
[2026-01-20 01:06:11,800][EasyNCO.phases.rl.ar_reinforce][INFO] - ============================================================================
[2026-01-20 01:06:13,969][EasyNCO.phases.rl.ar_reinforce][INFO] - Eval ==>  93/100(93.00%)  Time Est.: Elapsed[3.37m], Remain[0.25m]
[2026-01-20 01:06:13,969][EasyNCO.phases.rl.ar_reinforce][INFO] - Eval ==> Problem[tsp], Size[1000], Completed  93/100(93.00%), Score: 19.4085, Augmented Score: 19.2916
[2026-01-20 01:06:13,969][EasyNCO.phases.rl.ar_reinforce][INFO] - Eval ==> Score Summary: Avg: 0.0000, Avg Augmented: 0.0000
[2026-01-20 01:06:13,969][EasyNCO.phases.rl.ar_reinforce][INFO] - ============================================================================
[2026-01-20 01:06:16,139][EasyNCO.phases.rl.ar_reinforce][INFO] - Eval ==>  94/100(94.00%)  Time Est.: Elapsed[3.41m], Remain[0.22m]
[2026-01-20 01:06:16,139][EasyNCO.phases.rl.ar_reinforce][INFO] - Eval ==> Problem[tsp], Size[1000], Completed  94/100(94.00%), Score: 19.4672, Augmented Score: 19.4672
[2026-01-20 01:06:16,139][EasyNCO.phases.rl.ar_reinforce][INFO] - Eval ==> Score Summary: Avg: 0.0000, Avg Augmented: 0.0000
[2026-01-20 01:06:16,139][EasyNCO.phases.rl.ar_reinforce][INFO] - ============================================================================
[2026-01-20 01:06:18,305][EasyNCO.phases.rl.ar_reinforce][INFO] - Eval ==>  95/100(95.00%)  Time Est.: Elapsed[3.45m], Remain[0.18m]
[2026-01-20 01:06:18,305][EasyNCO.phases.rl.ar_reinforce][INFO] - Eval ==> Problem[tsp], Size[1000], Completed  95/100(95.00%), Score: 21.1193, Augmented Score: 20.8669
[2026-01-20 01:06:18,305][EasyNCO.phases.rl.ar_reinforce][INFO] - Eval ==> Score Summary: Avg: 0.0000, Avg Augmented: 0.0000
[2026-01-20 01:06:18,305][EasyNCO.phases.rl.ar_reinforce][INFO] - ============================================================================
[2026-01-20 01:06:20,473][EasyNCO.phases.rl.ar_reinforce][INFO] - Eval ==>  96/100(96.00%)  Time Est.: Elapsed[3.48m], Remain[0.15m]
[2026-01-20 01:06:20,474][EasyNCO.phases.rl.ar_reinforce][INFO] - Eval ==> Problem[tsp], Size[1000], Completed  96/100(96.00%), Score: 19.0965, Augmented Score: 18.6996
[2026-01-20 01:06:20,474][EasyNCO.phases.rl.ar_reinforce][INFO] - Eval ==> Score Summary: Avg: 0.0000, Avg Augmented: 0.0000
[2026-01-20 01:06:20,474][EasyNCO.phases.rl.ar_reinforce][INFO] - ============================================================================
[2026-01-20 01:06:22,642][EasyNCO.phases.rl.ar_reinforce][INFO] - Eval ==>  97/100(97.00%)  Time Est.: Elapsed[3.52m], Remain[0.11m]
[2026-01-20 01:06:22,642][EasyNCO.phases.rl.ar_reinforce][INFO] - Eval ==> Problem[tsp], Size[1000], Completed  97/100(97.00%), Score: 19.8047, Augmented Score: 19.6813
[2026-01-20 01:06:22,642][EasyNCO.phases.rl.ar_reinforce][INFO] - Eval ==> Score Summary: Avg: 0.0000, Avg Augmented: 0.0000
[2026-01-20 01:06:22,642][EasyNCO.phases.rl.ar_reinforce][INFO] - ============================================================================
[2026-01-20 01:06:24,814][EasyNCO.phases.rl.ar_reinforce][INFO] - Eval ==>  98/100(98.00%)  Time Est.: Elapsed[3.55m], Remain[0.07m]
[2026-01-20 01:06:24,814][EasyNCO.phases.rl.ar_reinforce][INFO] - Eval ==> Problem[tsp], Size[1000], Completed  98/100(98.00%), Score: 17.7949, Augmented Score: 17.5960
[2026-01-20 01:06:24,814][EasyNCO.phases.rl.ar_reinforce][INFO] - Eval ==> Score Summary: Avg: 0.0000, Avg Augmented: 0.0000
[2026-01-20 01:06:24,814][EasyNCO.phases.rl.ar_reinforce][INFO] - ============================================================================
[2026-01-20 01:06:26,985][EasyNCO.phases.rl.ar_reinforce][INFO] - Eval ==>  99/100(99.00%)  Time Est.: Elapsed[3.59m], Remain[0.04m]
[2026-01-20 01:06:26,986][EasyNCO.phases.rl.ar_reinforce][INFO] - Eval ==> Problem[tsp], Size[1000], Completed  99/100(99.00%), Score: 19.1900, Augmented Score: 18.8479
[2026-01-20 01:06:26,986][EasyNCO.phases.rl.ar_reinforce][INFO] - Eval ==> Score Summary: Avg: 0.0000, Avg Augmented: 0.0000
[2026-01-20 01:06:26,986][EasyNCO.phases.rl.ar_reinforce][INFO] - ============================================================================
[2026-01-20 01:06:29,152][EasyNCO.phases.rl.ar_reinforce][INFO] - Eval ==> 100/100(100.00%)  Time Est.: Elapsed[3.63m], Remain[0.00m]
[2026-01-20 01:06:29,152][EasyNCO.phases.rl.ar_reinforce][INFO] - Eval ==> Problem[tsp], Size[1000], Completed 100/100(100.00%), Score: 17.9112, Augmented Score: 17.6317
[2026-01-20 01:06:29,152][EasyNCO.phases.rl.ar_reinforce][INFO] - Eval ==> Score Summary: Avg: 0.0000, Avg Augmented: 0.0000
[2026-01-20 01:06:29,152][EasyNCO.phases.rl.ar_reinforce][INFO] - ============================================================================
[2026-01-20 01:06:29,156][EasyNCO.phases.rl.ar_reinforce][INFO] - Total Testing Time: 217.5598 seconds, 3.6260 minutes, 0.0604 hours
[2026-01-20 01:06:29,156][EasyNCO.phases.rl.ar_reinforce][INFO] - Avg Time per Episode: 2.1756 seconds (Episode: 100)
[2026-01-20 01:06:29,156][EasyNCO.phases.rl.ar_reinforce][INFO] - Eval Done ==> Tested 100/100(100.00%)  Time Est.: Elapsed[3.63m], Remain[0.00m]
[2026-01-20 01:06:29,156][EasyNCO.phases.rl.ar_reinforce][INFO] - Eval Done ==> Problem[tsp], Score Summary: Avg: 0.0000, Avg Augmented: 0.0000
────────────────────────────────────────────────────────────────────────────────────────────────────────────────────────
       Test metric             DataLoader 0
────────────────────────────────────────────────────────────────────────────────────────────────────────────────────────
        aug_score           18.902225494384766
      no_aug_score          19.065969467163086
────────────────────────────────────────────────────────────────────────────────────────────────────────────────────────
