wandb: Tracking run with wandb version 0.19.11
wandb: W&B syncing is set to `offline` in this directory. Run `wandb online` or set WANDB_MODE=online to enable cloud syncing.
[epoch 1] update=180/1422 total=180 loss=1.16407 KL=0.00285 lr=4.2e-06 samples/s=1535
[epoch 1] update=360/1422 total=360 loss=1.11851 KL=0.00385 lr=8.4e-06 samples/s=1568
[epoch 1] update=540/1422 total=540 loss=1.06672 KL=0.00578 lr=1.3e-05 samples/s=1577
[epoch 1] update=720/1422 total=720 loss=1.02879 KL=0.00841 lr=1.7e-05 samples/s=1583
[epoch 1] update=900/1422 total=900 loss=1.00576 KL=0.01026 lr=2.1e-05 samples/s=1584
[epoch 1] update=1080/1422 total=1080 loss=0.98874 KL=0.01119 lr=2.5e-05 samples/s=1587
[epoch 1] update=1260/1422 total=1260 loss=0.96898 KL=0.01185 lr=3e-05 samples/s=1589
[epoch 1] update=1422/1422 total=1422 loss=0.94922 KL=0.01251 lr=3.3e-05 samples/s=1576
[R45A val epoch 1] macro_top1=0.3999 top2=0.7084 top3=0.8284 vs_sbs=+0.083% vbs_closed=-11.66%
       TSP: top1=0.297 mean_cost=7.9940 (sbs=7.9578) vs_sbs=+0.45%
      CVRP: top1=0.215 mean_cost=18.3004 (sbs=18.2943) vs_sbs=+0.03%
      ATSP: top1=0.711 mean_cost=1.6382 (sbs=1.6735) vs_sbs=-2.11%
      OVRP: top1=0.089 mean_cost=7.5911 (sbs=7.4617) vs_sbs=+1.73%
      VRPB: top1=0.551 mean_cost=9.3335 (sbs=9.3403) vs_sbs=-0.07%
      VRPL: top1=0.283 mean_cost=12.4072 (sbs=12.4072) vs_sbs=+0.00%
     VRPTW: top1=0.236 mean_cost=18.8505 (sbs=18.6571) vs_sbs=+1.04%
    OVRPTW: top1=0.478 mean_cost=10.0464 (sbs=10.0484) vs_sbs=-0.02%
     OVRPB: top1=0.545 mean_cost=6.3226 (sbs=6.3220) vs_sbs=+0.01%
     OVRPL: top1=0.333 mean_cost=7.4458 (sbs=7.4376) vs_sbs=+0.11%
     VRPBL: top1=0.540 mean_cost=9.3555 (sbs=9.3593) vs_sbs=-0.04%
    VRPBTW: top1=0.372 mean_cost=19.6697 (sbs=19.6697) vs_sbs=+0.00%
    VRPLTW: top1=0.257 mean_cost=18.5770 (sbs=18.5091) vs_sbs=+0.37%
    OVRPBL: top1=0.517 mean_cost=6.3103 (sbs=6.3103) vs_sbs=-0.00%
   OVRPBTW: top1=0.462 mean_cost=10.5063 (sbs=10.5068) vs_sbs=-0.00%
   OVRPLTW: top1=0.494 mean_cost=10.1272 (sbs=10.1272) vs_sbs=+0.00%
   VRPBLTW: top1=0.347 mean_cost=19.5198 (sbs=19.5198) vs_sbs=+0.00%
  OVRPBLTW: top1=0.471 mean_cost=10.5412 (sbs=10.5412) vs_sbs=+0.00%
[epoch 2] update=180/1422 total=1602 loss=0.72387 KL=0.01921 lr=3.8e-05 samples/s=1589
[epoch 2] update=360/1422 total=1782 loss=0.71961 KL=0.01886 lr=4.2e-05 samples/s=1600
[epoch 2] update=540/1422 total=1962 loss=0.71365 KL=0.01831 lr=4.6e-05 samples/s=1602
[epoch 2] update=720/1422 total=2142 loss=0.70693 KL=0.01771 lr=5e-05 samples/s=1603
[epoch 2] update=900/1422 total=2322 loss=0.70193 KL=0.01709 lr=5.4e-05 samples/s=1604
[epoch 2] update=1080/1422 total=2502 loss=0.69808 KL=0.01658 lr=5.9e-05 samples/s=1602
[AMP retry] same batch; lower scale=65536.0
[epoch 2] update=1260/1422 total=2682 loss=0.69578 KL=0.01610 lr=6.3e-05 samples/s=1602
[epoch 2] update=1422/1422 total=2844 loss=0.69310 KL=0.01574 lr=6.7e-05 samples/s=1589
[R45A val epoch 2] macro_top1=0.4344 top2=0.7831 top3=0.8984 vs_sbs=-0.794% vbs_closed=+18.94%
       TSP: top1=0.315 mean_cost=7.9373 (sbs=7.9578) vs_sbs=-0.26%
      CVRP: top1=0.322 mean_cost=18.3030 (sbs=18.2943) vs_sbs=+0.05%
      ATSP: top1=0.681 mean_cost=1.6389 (sbs=1.6735) vs_sbs=-2.07%
      OVRP: top1=0.302 mean_cost=7.4617 (sbs=7.4617) vs_sbs=+0.00%
      VRPB: top1=0.504 mean_cost=9.3403 (sbs=9.3403) vs_sbs=+0.00%
      VRPL: top1=0.277 mean_cost=12.4084 (sbs=12.4072) vs_sbs=+0.01%
     VRPTW: top1=0.314 mean_cost=18.0726 (sbs=18.6571) vs_sbs=-3.13%
    OVRPTW: top1=0.496 mean_cost=10.0437 (sbs=10.0484) vs_sbs=-0.05%
     OVRPB: top1=0.545 mean_cost=6.3220 (sbs=6.3220) vs_sbs=+0.00%
     OVRPL: top1=0.334 mean_cost=7.4376 (sbs=7.4376) vs_sbs=+0.00%
     VRPBL: top1=0.528 mean_cost=9.3593 (sbs=9.3593) vs_sbs=+0.00%
    VRPBTW: top1=0.428 mean_cost=19.1656 (sbs=19.6697) vs_sbs=-2.56%
    VRPLTW: top1=0.335 mean_cost=17.8142 (sbs=18.5091) vs_sbs=-3.75%
    OVRPBL: top1=0.555 mean_cost=6.3103 (sbs=6.3103) vs_sbs=+0.00%
   OVRPBTW: top1=0.500 mean_cost=10.4990 (sbs=10.5068) vs_sbs=-0.07%
   OVRPLTW: top1=0.487 mean_cost=10.1290 (sbs=10.1272) vs_sbs=+0.02%
   VRPBLTW: top1=0.403 mean_cost=19.0485 (sbs=19.5198) vs_sbs=-2.41%
  OVRPBLTW: top1=0.494 mean_cost=10.5345 (sbs=10.5412) vs_sbs=-0.06%
[epoch 3] update=180/1422 total=3024 loss=0.67023 KL=0.01273 lr=7.1e-05 samples/s=1607
[epoch 3] update=360/1422 total=3204 loss=0.66976 KL=0.01255 lr=7.5e-05 samples/s=1598
[epoch 3] update=540/1422 total=3384 loss=0.67011 KL=0.01208 lr=7.9e-05 samples/s=1600
[epoch 3] update=720/1422 total=3564 loss=0.66871 KL=0.01195 lr=8.4e-05 samples/s=1601
[epoch 3] update=900/1422 total=3744 loss=0.66863 KL=0.01160 lr=8.8e-05 samples/s=1601
[epoch 3] update=1080/1422 total=3924 loss=0.66765 KL=0.01131 lr=9.2e-05 samples/s=1600
[AMP retry] same batch; lower scale=32768.0
[epoch 3] update=1260/1422 total=4104 loss=0.66653 KL=0.01108 lr=9.6e-05 samples/s=1600
[epoch 3] update=1422/1422 total=4266 loss=0.66569 KL=0.01093 lr=0.0001 samples/s=1587
[R45A val epoch 3] macro_top1=0.4429 top2=0.7906 top3=0.8997 vs_sbs=-0.824% vbs_closed=+17.81%
       TSP: top1=0.345 mean_cost=7.9218 (sbs=7.9578) vs_sbs=-0.45%
      CVRP: top1=0.293 mean_cost=18.3567 (sbs=18.2943) vs_sbs=+0.34%
      ATSP: top1=0.732 mean_cost=1.6370 (sbs=1.6735) vs_sbs=-2.18%
      OVRP: top1=0.339 mean_cost=7.4650 (sbs=7.4617) vs_sbs=+0.04%
      VRPB: top1=0.504 mean_cost=9.3403 (sbs=9.3403) vs_sbs=+0.00%
      VRPL: top1=0.283 mean_cost=12.4069 (sbs=12.4072) vs_sbs=-0.00%
     VRPTW: top1=0.361 mean_cost=18.0538 (sbs=18.6571) vs_sbs=-3.23%
    OVRPTW: top1=0.482 mean_cost=10.0468 (sbs=10.0484) vs_sbs=-0.02%
     OVRPB: top1=0.545 mean_cost=6.3220 (sbs=6.3220) vs_sbs=+0.00%
     OVRPL: top1=0.334 mean_cost=7.4453 (sbs=7.4376) vs_sbs=+0.10%
     VRPBL: top1=0.528 mean_cost=9.3593 (sbs=9.3593) vs_sbs=+0.00%
    VRPBTW: top1=0.426 mean_cost=19.1370 (sbs=19.6697) vs_sbs=-2.71%
    VRPLTW: top1=0.404 mean_cost=17.7406 (sbs=18.5091) vs_sbs=-4.15%
    OVRPBL: top1=0.555 mean_cost=6.3103 (sbs=6.3103) vs_sbs=+0.00%
   OVRPBTW: top1=0.461 mean_cost=10.5068 (sbs=10.5068) vs_sbs=+0.00%
   OVRPLTW: top1=0.496 mean_cost=10.1265 (sbs=10.1272) vs_sbs=-0.01%
   VRPBLTW: top1=0.413 mean_cost=19.0174 (sbs=19.5198) vs_sbs=-2.57%
  OVRPBLTW: top1=0.471 mean_cost=10.5412 (sbs=10.5412) vs_sbs=+0.00%
[epoch 4] update=180/1422 total=4446 loss=0.65913 KL=0.00900 lr=0.0001 samples/s=1599
[epoch 4] update=360/1422 total=4626 loss=0.65961 KL=0.00890 lr=0.0001 samples/s=1591
[epoch 4] update=540/1422 total=4806 loss=0.65534 KL=0.00894 lr=0.0001 samples/s=1595
[epoch 4] update=720/1422 total=4986 loss=0.65319 KL=0.00900 lr=0.0001 samples/s=1597
[epoch 4] update=900/1422 total=5166 loss=0.65237 KL=0.00887 lr=0.0001 samples/s=1626
[epoch 4] update=1080/1422 total=5346 loss=0.65109 KL=0.00885 lr=0.0001 samples/s=1672
[epoch 4] update=1260/1422 total=5526 loss=0.64907 KL=0.00879 lr=0.0001 samples/s=1678
[epoch 4] update=1422/1422 total=5688 loss=0.64858 KL=0.00877 lr=0.0001 samples/s=1668
[R45A val epoch 4] macro_top1=0.4432 top2=0.7957 top3=0.9047 vs_sbs=-0.828% vbs_closed=+16.49%
       TSP: top1=0.363 mean_cost=7.9222 (sbs=7.9578) vs_sbs=-0.45%
      CVRP: top1=0.329 mean_cost=18.3427 (sbs=18.2943) vs_sbs=+0.26%
      ATSP: top1=0.758 mean_cost=1.6360 (sbs=1.6735) vs_sbs=-2.24%
      OVRP: top1=0.303 mean_cost=7.4612 (sbs=7.4617) vs_sbs=-0.01%
      VRPB: top1=0.540 mean_cost=9.3376 (sbs=9.3403) vs_sbs=-0.03%
      VRPL: top1=0.279 mean_cost=12.4070 (sbs=12.4072) vs_sbs=-0.00%
     VRPTW: top1=0.387 mean_cost=17.9781 (sbs=18.6571) vs_sbs=-3.64%
    OVRPTW: top1=0.473 mean_cost=10.0613 (sbs=10.0484) vs_sbs=+0.13%
     OVRPB: top1=0.539 mean_cost=6.3272 (sbs=6.3220) vs_sbs=+0.08%
     OVRPL: top1=0.341 mean_cost=7.4369 (sbs=7.4376) vs_sbs=-0.01%
     VRPBL: top1=0.536 mean_cost=9.3570 (sbs=9.3593) vs_sbs=-0.02%
    VRPBTW: top1=0.404 mean_cost=19.1297 (sbs=19.6697) vs_sbs=-2.75%
    VRPLTW: top1=0.369 mean_cost=17.7510 (sbs=18.5091) vs_sbs=-4.10%
    OVRPBL: top1=0.530 mean_cost=6.3127 (sbs=6.3103) vs_sbs=+0.04%
   OVRPBTW: top1=0.471 mean_cost=10.5241 (sbs=10.5068) vs_sbs=+0.16%
   OVRPLTW: top1=0.460 mean_cost=10.1450 (sbs=10.1272) vs_sbs=+0.18%
   VRPBLTW: top1=0.409 mean_cost=19.0173 (sbs=19.5198) vs_sbs=-2.57%
  OVRPBLTW: top1=0.486 mean_cost=10.5476 (sbs=10.5412) vs_sbs=+0.06%
[epoch 5] update=180/1422 total=5868 loss=0.63466 KL=0.00837 lr=0.0001 samples/s=1721
[epoch 5] update=360/1422 total=6048 loss=0.63427 KL=0.00820 lr=0.0001 samples/s=1725
[epoch 5] update=540/1422 total=6228 loss=0.63396 KL=0.00825 lr=0.0001 samples/s=1721
[epoch 5] update=720/1422 total=6408 loss=0.63643 KL=0.00808 lr=0.0001 samples/s=1721
[epoch 5] update=900/1422 total=6588 loss=0.63645 KL=0.00795 lr=0.0001 samples/s=1723
[epoch 5] update=1080/1422 total=6768 loss=0.63531 KL=0.00791 lr=0.0001 samples/s=1724
[epoch 5] update=1260/1422 total=6948 loss=0.63509 KL=0.00790 lr=0.0001 samples/s=1725
[epoch 5] update=1422/1422 total=7110 loss=0.63474 KL=0.00787 lr=0.0001 samples/s=1709
[R45A val epoch 5] macro_top1=0.4460 top2=0.7963 top3=0.9068 vs_sbs=-0.860% vbs_closed=+20.29%
       TSP: top1=0.333 mean_cost=7.9285 (sbs=7.9578) vs_sbs=-0.37%
      CVRP: top1=0.368 mean_cost=18.2627 (sbs=18.2943) vs_sbs=-0.17%
      ATSP: top1=0.738 mean_cost=1.6369 (sbs=1.6735) vs_sbs=-2.19%
      OVRP: top1=0.326 mean_cost=7.4664 (sbs=7.4617) vs_sbs=+0.06%
      VRPB: top1=0.505 mean_cost=9.3402 (sbs=9.3403) vs_sbs=-0.00%
      VRPL: top1=0.287 mean_cost=12.4060 (sbs=12.4072) vs_sbs=-0.01%
     VRPTW: top1=0.370 mean_cost=18.0301 (sbs=18.6571) vs_sbs=-3.36%
    OVRPTW: top1=0.481 mean_cost=10.0473 (sbs=10.0484) vs_sbs=-0.01%
     OVRPB: top1=0.545 mean_cost=6.3220 (sbs=6.3220) vs_sbs=+0.00%
     OVRPL: top1=0.333 mean_cost=7.4458 (sbs=7.4376) vs_sbs=+0.11%
     VRPBL: top1=0.528 mean_cost=9.3592 (sbs=9.3593) vs_sbs=-0.00%
    VRPBTW: top1=0.426 mean_cost=19.1329 (sbs=19.6697) vs_sbs=-2.73%
    VRPLTW: top1=0.401 mean_cost=17.7391 (sbs=18.5091) vs_sbs=-4.16%
    OVRPBL: top1=0.554 mean_cost=6.3107 (sbs=6.3103) vs_sbs=+0.01%
   OVRPBTW: top1=0.458 mean_cost=10.5072 (sbs=10.5068) vs_sbs=+0.00%
   OVRPLTW: top1=0.494 mean_cost=10.1270 (sbs=10.1272) vs_sbs=-0.00%
   VRPBLTW: top1=0.410 mean_cost=19.0008 (sbs=19.5198) vs_sbs=-2.66%
  OVRPBLTW: top1=0.471 mean_cost=10.5412 (sbs=10.5412) vs_sbs=+0.00%
[epoch 6] update=180/1422 total=7290 loss=0.62866 KL=0.00765 lr=0.0001 samples/s=1714
[epoch 6] update=360/1422 total=7470 loss=0.63181 KL=0.00738 lr=0.0001 samples/s=1715
[epoch 6] update=540/1422 total=7650 loss=0.63253 KL=0.00728 lr=0.0001 samples/s=1712
[epoch 6] update=720/1422 total=7830 loss=0.63192 KL=0.00733 lr=0.0001 samples/s=1713
[epoch 6] update=900/1422 total=8010 loss=0.63017 KL=0.00733 lr=0.0001 samples/s=1714
[AMP retry] same batch; lower scale=65536.0
[epoch 6] update=1080/1422 total=8190 loss=0.62898 KL=0.00736 lr=0.0001 samples/s=1715
[epoch 6] update=1260/1422 total=8370 loss=0.62883 KL=0.00736 lr=0.0001 samples/s=1716
[epoch 6] update=1422/1422 total=8532 loss=0.63007 KL=0.00733 lr=0.0001 samples/s=1700
[R45A val epoch 6] macro_top1=0.4546 top2=0.7959 top3=0.9082 vs_sbs=-0.911% vbs_closed=+21.85%
       TSP: top1=0.336 mean_cost=7.9367 (sbs=7.9578) vs_sbs=-0.27%
      CVRP: top1=0.343 mean_cost=18.2856 (sbs=18.2943) vs_sbs=-0.05%
      ATSP: top1=0.754 mean_cost=1.6366 (sbs=1.6735) vs_sbs=-2.21%
      OVRP: top1=0.299 mean_cost=7.4655 (sbs=7.4617) vs_sbs=+0.05%
      VRPB: top1=0.549 mean_cost=9.3340 (sbs=9.3403) vs_sbs=-0.07%
      VRPL: top1=0.273 mean_cost=12.4143 (sbs=12.4072) vs_sbs=+0.06%
     VRPTW: top1=0.396 mean_cost=17.9562 (sbs=18.6571) vs_sbs=-3.76%
    OVRPTW: top1=0.499 mean_cost=10.0420 (sbs=10.0484) vs_sbs=-0.06%
     OVRPB: top1=0.556 mean_cost=6.3211 (sbs=6.3220) vs_sbs=-0.01%
     OVRPL: top1=0.372 mean_cost=7.4409 (sbs=7.4376) vs_sbs=+0.04%
     VRPBL: top1=0.543 mean_cost=9.3549 (sbs=9.3593) vs_sbs=-0.05%
    VRPBTW: top1=0.422 mean_cost=19.1098 (sbs=19.6697) vs_sbs=-2.85%
    VRPLTW: top1=0.408 mean_cost=17.7096 (sbs=18.5091) vs_sbs=-4.32%
    OVRPBL: top1=0.527 mean_cost=6.3083 (sbs=6.3103) vs_sbs=-0.03%
   OVRPBTW: top1=0.502 mean_cost=10.4964 (sbs=10.5068) vs_sbs=-0.10%
   OVRPLTW: top1=0.486 mean_cost=10.1261 (sbs=10.1272) vs_sbs=-0.01%
   VRPBLTW: top1=0.430 mean_cost=18.9825 (sbs=19.5198) vs_sbs=-2.75%
  OVRPBLTW: top1=0.487 mean_cost=10.5378 (sbs=10.5412) vs_sbs=-0.03%
[epoch 7] update=180/1422 total=8712 loss=0.62522 KL=0.00707 lr=0.0001 samples/s=1720
[epoch 7] update=360/1422 total=8892 loss=0.62092 KL=0.00718 lr=0.0001 samples/s=1717
[epoch 7] update=540/1422 total=9072 loss=0.62038 KL=0.00712 lr=0.0001 samples/s=1716
[epoch 7] update=720/1422 total=9252 loss=0.62072 KL=0.00709 lr=0.0001 samples/s=1711
[epoch 7] update=900/1422 total=9432 loss=0.62050 KL=0.00708 lr=0.0001 samples/s=1711
[epoch 7] update=1080/1422 total=9612 loss=0.62056 KL=0.00706 lr=0.0001 samples/s=1711
[epoch 7] update=1260/1422 total=9792 loss=0.62075 KL=0.00703 lr=0.0001 samples/s=1711
[epoch 7] update=1422/1422 total=9954 loss=0.62052 KL=0.00700 lr=0.0001 samples/s=1697
[R45A val epoch 7] macro_top1=0.4487 top2=0.7944 top3=0.9064 vs_sbs=-0.782% vbs_closed=+18.56%
       TSP: top1=0.360 mean_cost=7.9242 (sbs=7.9578) vs_sbs=-0.42%
      CVRP: top1=0.345 mean_cost=18.2824 (sbs=18.2943) vs_sbs=-0.07%
      ATSP: top1=0.759 mean_cost=1.6392 (sbs=1.6735) vs_sbs=-2.05%
      OVRP: top1=0.323 mean_cost=7.4657 (sbs=7.4617) vs_sbs=+0.05%
      VRPB: top1=0.504 mean_cost=9.3403 (sbs=9.3403) vs_sbs=+0.00%
      VRPL: top1=0.286 mean_cost=12.4070 (sbs=12.4072) vs_sbs=-0.00%
     VRPTW: top1=0.397 mean_cost=18.0251 (sbs=18.6571) vs_sbs=-3.39%
    OVRPTW: top1=0.478 mean_cost=10.0481 (sbs=10.0484) vs_sbs=-0.00%
     OVRPB: top1=0.545 mean_cost=6.3220 (sbs=6.3220) vs_sbs=+0.00%
     OVRPL: top1=0.358 mean_cost=7.4439 (sbs=7.4376) vs_sbs=+0.08%
     VRPBL: top1=0.528 mean_cost=9.3593 (sbs=9.3593) vs_sbs=+0.00%
    VRPBTW: top1=0.412 mean_cost=19.1771 (sbs=19.6697) vs_sbs=-2.50%
    VRPLTW: top1=0.404 mean_cost=17.9065 (sbs=18.5091) vs_sbs=-3.26%
    OVRPBL: top1=0.555 mean_cost=6.3103 (sbs=6.3103) vs_sbs=+0.00%
   OVRPBTW: top1=0.461 mean_cost=10.5068 (sbs=10.5068) vs_sbs=+0.00%
   OVRPLTW: top1=0.494 mean_cost=10.1272 (sbs=10.1272) vs_sbs=+0.00%
   VRPBLTW: top1=0.396 mean_cost=19.0282 (sbs=19.5198) vs_sbs=-2.52%
  OVRPBLTW: top1=0.471 mean_cost=10.5412 (sbs=10.5412) vs_sbs=+0.00%
[epoch 8] update=180/1422 total=10134 loss=0.62857 KL=0.00656 lr=0.0001 samples/s=1720
[AMP retry] same batch; lower scale=65536.0
[epoch 8] update=360/1422 total=10314 loss=0.62188 KL=0.00680 lr=0.0001 samples/s=1715
[epoch 8] update=540/1422 total=10494 loss=0.61944 KL=0.00681 lr=0.0001 samples/s=1715
[epoch 8] update=720/1422 total=10674 loss=0.61790 KL=0.00681 lr=0.0001 samples/s=1716
[epoch 8] update=900/1422 total=10854 loss=0.61835 KL=0.00679 lr=0.0001 samples/s=1714
[epoch 8] update=1080/1422 total=11034 loss=0.61810 KL=0.00681 lr=0.0001 samples/s=1714
[epoch 8] update=1260/1422 total=11214 loss=0.61868 KL=0.00674 lr=0.0001 samples/s=1716
[epoch 8] update=1422/1422 total=11376 loss=0.61805 KL=0.00673 lr=0.0001 samples/s=1703
[R45A val epoch 8] macro_top1=0.4602 top2=0.8054 top3=0.9153 vs_sbs=-0.921% vbs_closed=+22.99%
       TSP: top1=0.366 mean_cost=7.9260 (sbs=7.9578) vs_sbs=-0.40%
      CVRP: top1=0.320 mean_cost=18.2716 (sbs=18.2943) vs_sbs=-0.12%
      ATSP: top1=0.737 mean_cost=1.6404 (sbs=1.6735) vs_sbs=-1.98%
      OVRP: top1=0.315 mean_cost=7.4657 (sbs=7.4617) vs_sbs=+0.05%
      VRPB: top1=0.549 mean_cost=9.3340 (sbs=9.3403) vs_sbs=-0.07%
      VRPL: top1=0.313 mean_cost=12.4035 (sbs=12.4072) vs_sbs=-0.03%
     VRPTW: top1=0.427 mean_cost=17.9928 (sbs=18.6571) vs_sbs=-3.56%
    OVRPTW: top1=0.493 mean_cost=10.0437 (sbs=10.0484) vs_sbs=-0.05%
     OVRPB: top1=0.559 mean_cost=6.3208 (sbs=6.3220) vs_sbs=-0.02%
     OVRPL: top1=0.369 mean_cost=7.4415 (sbs=7.4376) vs_sbs=+0.05%
     VRPBL: top1=0.544 mean_cost=9.3548 (sbs=9.3593) vs_sbs=-0.05%
    VRPBTW: top1=0.425 mean_cost=19.0825 (sbs=19.6697) vs_sbs=-2.99%
    VRPLTW: top1=0.441 mean_cost=17.6644 (sbs=18.5091) vs_sbs=-4.56%
    OVRPBL: top1=0.533 mean_cost=6.3079 (sbs=6.3103) vs_sbs=-0.04%
   OVRPBTW: top1=0.497 mean_cost=10.5013 (sbs=10.5068) vs_sbs=-0.05%
   OVRPLTW: top1=0.484 mean_cost=10.1306 (sbs=10.1272) vs_sbs=+0.03%
   VRPBLTW: top1=0.419 mean_cost=18.9762 (sbs=19.5198) vs_sbs=-2.78%
  OVRPBLTW: top1=0.493 mean_cost=10.5384 (sbs=10.5412) vs_sbs=-0.03%
[epoch 9] update=180/1422 total=11556 loss=0.61691 KL=0.00655 lr=0.0001 samples/s=1715
[AMP retry] same batch; lower scale=32768.0
[epoch 9] update=360/1422 total=11736 loss=0.61460 KL=0.00661 lr=0.0001 samples/s=1703
[epoch 9] update=540/1422 total=11916 loss=0.61410 KL=0.00660 lr=0.0001 samples/s=1710
[epoch 9] update=720/1422 total=12096 loss=0.61312 KL=0.00657 lr=0.0001 samples/s=1710
[epoch 9] update=900/1422 total=12276 loss=0.61409 KL=0.00653 lr=0.0001 samples/s=1711
[epoch 9] update=1080/1422 total=12456 loss=0.61380 KL=0.00656 lr=0.0001 samples/s=1709
[epoch 9] update=1260/1422 total=12636 loss=0.61430 KL=0.00653 lr=0.0001 samples/s=1709
[epoch 9] update=1422/1422 total=12798 loss=0.61398 KL=0.00654 lr=0.0001 samples/s=1703
[R45A val epoch 9] macro_top1=0.4523 top2=0.7917 top3=0.9051 vs_sbs=-0.827% vbs_closed=+20.63%
       TSP: top1=0.359 mean_cost=7.9202 (sbs=7.9578) vs_sbs=-0.47%
      CVRP: top1=0.308 mean_cost=18.2760 (sbs=18.2943) vs_sbs=-0.10%
      ATSP: top1=0.768 mean_cost=1.6353 (sbs=1.6735) vs_sbs=-2.29%
      OVRP: top1=0.296 mean_cost=7.4639 (sbs=7.4617) vs_sbs=+0.03%
      VRPB: top1=0.552 mean_cost=9.3348 (sbs=9.3403) vs_sbs=-0.06%
      VRPL: top1=0.309 mean_cost=12.4034 (sbs=12.4072) vs_sbs=-0.03%
     VRPTW: top1=0.409 mean_cost=18.0007 (sbs=18.6571) vs_sbs=-3.52%
    OVRPTW: top1=0.492 mean_cost=10.0479 (sbs=10.0484) vs_sbs=-0.01%
     OVRPB: top1=0.565 mean_cost=6.3222 (sbs=6.3220) vs_sbs=+0.00%
     OVRPL: top1=0.368 mean_cost=7.4414 (sbs=7.4376) vs_sbs=+0.05%
     VRPBL: top1=0.542 mean_cost=9.3581 (sbs=9.3593) vs_sbs=-0.01%
    VRPBTW: top1=0.385 mean_cost=19.1859 (sbs=19.6697) vs_sbs=-2.46%
    VRPLTW: top1=0.394 mean_cost=17.7575 (sbs=18.5091) vs_sbs=-4.06%
    OVRPBL: top1=0.532 mean_cost=6.3100 (sbs=6.3103) vs_sbs=-0.00%
   OVRPBTW: top1=0.504 mean_cost=10.5013 (sbs=10.5068) vs_sbs=-0.05%
   OVRPLTW: top1=0.484 mean_cost=10.1355 (sbs=10.1272) vs_sbs=+0.08%
   VRPBLTW: top1=0.390 mean_cost=19.1317 (sbs=19.5198) vs_sbs=-1.99%
  OVRPBLTW: top1=0.484 mean_cost=10.5415 (sbs=10.5412) vs_sbs=+0.00%
[epoch 10] update=180/1422 total=12978 loss=0.61263 KL=0.00639 lr=0.0001 samples/s=1798
[epoch 10] update=360/1422 total=13158 loss=0.61212 KL=0.00635 lr=0.0001 samples/s=1712
[epoch 10] update=540/1422 total=13338 loss=0.61194 KL=0.00641 lr=0.0001 samples/s=1668
[epoch 10] update=720/1422 total=13518 loss=0.61164 KL=0.00638 lr=0.0001 samples/s=1652
[epoch 10] update=900/1422 total=13698 loss=0.61097 KL=0.00640 lr=0.0001 samples/s=1643
[AMP retry] same batch; lower scale=32768.0
[epoch 10] update=1080/1422 total=13878 loss=0.61144 KL=0.00641 lr=0.0001 samples/s=1637
[epoch 10] update=1260/1422 total=14058 loss=0.61146 KL=0.00638 lr=0.0001 samples/s=1649
[epoch 10] update=1422/1422 total=14220 loss=0.61116 KL=0.00640 lr=0.0001 samples/s=1627
[R45A val epoch 10] macro_top1=0.4424 top2=0.7718 top3=0.8891 vs_sbs=-0.826% vbs_closed=+13.24%
       TSP: top1=0.362 mean_cost=7.9165 (sbs=7.9578) vs_sbs=-0.52%
      CVRP: top1=0.241 mean_cost=18.2943 (sbs=18.2943) vs_sbs=-0.00%
      ATSP: top1=0.774 mean_cost=1.6356 (sbs=1.6735) vs_sbs=-2.27%
      OVRP: top1=0.248 mean_cost=7.4955 (sbs=7.4617) vs_sbs=+0.45%
      VRPB: top1=0.538 mean_cost=9.3348 (sbs=9.3403) vs_sbs=-0.06%
      VRPL: top1=0.238 mean_cost=12.4430 (sbs=12.4072) vs_sbs=+0.29%
     VRPTW: top1=0.406 mean_cost=18.0048 (sbs=18.6571) vs_sbs=-3.50%
    OVRPTW: top1=0.518 mean_cost=10.0431 (sbs=10.0484) vs_sbs=-0.05%
     OVRPB: top1=0.558 mean_cost=6.3184 (sbs=6.3220) vs_sbs=-0.06%
     OVRPL: top1=0.269 mean_cost=7.4741 (sbs=7.4376) vs_sbs=+0.49%
     VRPBL: top1=0.549 mean_cost=9.3559 (sbs=9.3593) vs_sbs=-0.04%
    VRPBTW: top1=0.412 mean_cost=19.1292 (sbs=19.6697) vs_sbs=-2.75%
    VRPLTW: top1=0.392 mean_cost=17.7490 (sbs=18.5091) vs_sbs=-4.11%
    OVRPBL: top1=0.556 mean_cost=6.3090 (sbs=6.3103) vs_sbs=-0.02%
   OVRPBTW: top1=0.504 mean_cost=10.4990 (sbs=10.5068) vs_sbs=-0.07%
   OVRPLTW: top1=0.483 mean_cost=10.1335 (sbs=10.1272) vs_sbs=+0.06%
   VRPBLTW: top1=0.424 mean_cost=18.9981 (sbs=19.5198) vs_sbs=-2.67%
  OVRPBLTW: top1=0.491 mean_cost=10.5352 (sbs=10.5412) vs_sbs=-0.06%
[epoch 11] update=180/1422 total=14400 loss=0.60595 KL=0.00630 lr=0.0001 samples/s=1577
[epoch 11] update=360/1422 total=14580 loss=0.60721 KL=0.00627 lr=0.0001 samples/s=1574
[epoch 11] update=540/1422 total=14760 loss=0.61011 KL=0.00617 lr=0.0001 samples/s=1579
[epoch 11] update=720/1422 total=14940 loss=0.60910 KL=0.00619 lr=0.0001 samples/s=1583
[epoch 11] update=900/1422 total=15120 loss=0.60989 KL=0.00625 lr=0.0001 samples/s=1584
[epoch 11] update=1080/1422 total=15300 loss=0.60868 KL=0.00628 lr=0.0001 samples/s=1581
[epoch 11] update=1260/1422 total=15480 loss=0.60856 KL=0.00628 lr=0.0001 samples/s=1583
[epoch 11] update=1422/1422 total=15642 loss=0.60845 KL=0.00628 lr=0.0001 samples/s=1571
[R45A val epoch 11] macro_top1=0.4679 top2=0.8074 top3=0.9154 vs_sbs=-0.977% vbs_closed=+26.67%
       TSP: top1=0.361 mean_cost=7.9172 (sbs=7.9578) vs_sbs=-0.51%
      CVRP: top1=0.402 mean_cost=18.2383 (sbs=18.2943) vs_sbs=-0.31%
      ATSP: top1=0.766 mean_cost=1.6355 (sbs=1.6735) vs_sbs=-2.27%
      OVRP: top1=0.335 mean_cost=7.4569 (sbs=7.4617) vs_sbs=-0.06%
      VRPB: top1=0.542 mean_cost=9.3352 (sbs=9.3403) vs_sbs=-0.05%
      VRPL: top1=0.293 mean_cost=12.4104 (sbs=12.4072) vs_sbs=+0.03%
     VRPTW: top1=0.400 mean_cost=17.9501 (sbs=18.6571) vs_sbs=-3.79%
    OVRPTW: top1=0.503 mean_cost=10.0421 (sbs=10.0484) vs_sbs=-0.06%
     OVRPB: top1=0.573 mean_cost=6.3168 (sbs=6.3220) vs_sbs=-0.08%
     OVRPL: top1=0.360 mean_cost=7.4362 (sbs=7.4376) vs_sbs=-0.02%
     VRPBL: top1=0.556 mean_cost=9.3554 (sbs=9.3593) vs_sbs=-0.04%
    VRPBTW: top1=0.448 mean_cost=19.0790 (sbs=19.6697) vs_sbs=-3.00%
    VRPLTW: top1=0.433 mean_cost=17.6780 (sbs=18.5091) vs_sbs=-4.49%
    OVRPBL: top1=0.566 mean_cost=6.3069 (sbs=6.3103) vs_sbs=-0.05%
   OVRPBTW: top1=0.491 mean_cost=10.5007 (sbs=10.5068) vs_sbs=-0.06%
   OVRPLTW: top1=0.487 mean_cost=10.1292 (sbs=10.1272) vs_sbs=+0.02%
   VRPBLTW: top1=0.416 mean_cost=18.9750 (sbs=19.5198) vs_sbs=-2.79%
  OVRPBLTW: top1=0.490 mean_cost=10.5381 (sbs=10.5412) vs_sbs=-0.03%
[epoch 12] update=180/1422 total=15822 loss=0.60689 KL=0.00611 lr=0.0001 samples/s=1603
[epoch 12] update=360/1422 total=16002 loss=0.60487 KL=0.00625 lr=0.0001 samples/s=1594
[epoch 12] update=540/1422 total=16182 loss=0.60457 KL=0.00624 lr=0.0001 samples/s=1595
[AMP retry] same batch; lower scale=32768.0
[epoch 12] update=720/1422 total=16362 loss=0.60538 KL=0.00621 lr=0.0001 samples/s=1589
[epoch 12] update=900/1422 total=16542 loss=0.60545 KL=0.00619 lr=0.0001 samples/s=1590
[epoch 12] update=1080/1422 total=16722 loss=0.60536 KL=0.00619 lr=0.0001 samples/s=1591
[epoch 12] update=1260/1422 total=16902 loss=0.60536 KL=0.00619 lr=0.0001 samples/s=1590
[epoch 12] update=1422/1422 total=17064 loss=0.60530 KL=0.00620 lr=0.0001 samples/s=1577
[R45A val epoch 12] macro_top1=0.4697 top2=0.8104 top3=0.9196 vs_sbs=-0.991% vbs_closed=+26.98%
       TSP: top1=0.357 mean_cost=7.9278 (sbs=7.9578) vs_sbs=-0.38%
      CVRP: top1=0.464 mean_cost=18.2078 (sbs=18.2943) vs_sbs=-0.47%
      ATSP: top1=0.778 mean_cost=1.6356 (sbs=1.6735) vs_sbs=-2.27%
      OVRP: top1=0.302 mean_cost=7.4649 (sbs=7.4617) vs_sbs=+0.04%
      VRPB: top1=0.524 mean_cost=9.3379 (sbs=9.3403) vs_sbs=-0.03%
      VRPL: top1=0.305 mean_cost=12.4046 (sbs=12.4072) vs_sbs=-0.02%
     VRPTW: top1=0.426 mean_cost=17.9116 (sbs=18.6571) vs_sbs=-4.00%
    OVRPTW: top1=0.488 mean_cost=10.0422 (sbs=10.0484) vs_sbs=-0.06%
     OVRPB: top1=0.577 mean_cost=6.3176 (sbs=6.3220) vs_sbs=-0.07%
     OVRPL: top1=0.374 mean_cost=7.4359 (sbs=7.4376) vs_sbs=-0.02%
     VRPBL: top1=0.547 mean_cost=9.3563 (sbs=9.3593) vs_sbs=-0.03%
    VRPBTW: top1=0.437 mean_cost=19.0612 (sbs=19.6697) vs_sbs=-3.09%
    VRPLTW: top1=0.419 mean_cost=17.6783 (sbs=18.5091) vs_sbs=-4.49%
    OVRPBL: top1=0.574 mean_cost=6.3064 (sbs=6.3103) vs_sbs=-0.06%
   OVRPBTW: top1=0.473 mean_cost=10.5000 (sbs=10.5068) vs_sbs=-0.06%
   OVRPLTW: top1=0.506 mean_cost=10.1256 (sbs=10.1272) vs_sbs=-0.02%
   VRPBLTW: top1=0.420 mean_cost=18.9793 (sbs=19.5198) vs_sbs=-2.77%
  OVRPBLTW: top1=0.484 mean_cost=10.5371 (sbs=10.5412) vs_sbs=-0.04%
[epoch 13] update=180/1422 total=17244 loss=0.60213 KL=0.00625 lr=0.0001 samples/s=1596
[epoch 13] update=360/1422 total=17424 loss=0.60165 KL=0.00624 lr=0.0001 samples/s=1592
[epoch 13] update=540/1422 total=17604 loss=0.60091 KL=0.00634 lr=0.0001 samples/s=1586
[epoch 13] update=720/1422 total=17784 loss=0.60121 KL=0.00629 lr=0.0001 samples/s=1587
[epoch 13] update=900/1422 total=17964 loss=0.60191 KL=0.00625 lr=0.0001 samples/s=1587
[epoch 13] update=1080/1422 total=18144 loss=0.60184 KL=0.00625 lr=0.0001 samples/s=1587
[epoch 13] update=1260/1422 total=18324 loss=0.60199 KL=0.00623 lr=0.0001 samples/s=1585
[epoch 13] update=1422/1422 total=18486 loss=0.60158 KL=0.00620 lr=0.0001 samples/s=1572
[R45A val epoch 13] macro_top1=0.4648 top2=0.8013 top3=0.9100 vs_sbs=-0.929% vbs_closed=+23.46%
       TSP: top1=0.278 mean_cost=7.9364 (sbs=7.9578) vs_sbs=-0.27%
      CVRP: top1=0.380 mean_cost=18.2722 (sbs=18.2943) vs_sbs=-0.12%
      ATSP: top1=0.699 mean_cost=1.6526 (sbs=1.6735) vs_sbs=-1.25%
      OVRP: top1=0.326 mean_cost=7.4591 (sbs=7.4617) vs_sbs=-0.03%
      VRPB: top1=0.553 mean_cost=9.3334 (sbs=9.3403) vs_sbs=-0.07%
      VRPL: top1=0.295 mean_cost=12.4055 (sbs=12.4072) vs_sbs=-0.01%
     VRPTW: top1=0.449 mean_cost=17.9156 (sbs=18.6571) vs_sbs=-3.97%
    OVRPTW: top1=0.505 mean_cost=10.0443 (sbs=10.0484) vs_sbs=-0.04%
     OVRPB: top1=0.568 mean_cost=6.3186 (sbs=6.3220) vs_sbs=-0.05%
     OVRPL: top1=0.372 mean_cost=7.4356 (sbs=7.4376) vs_sbs=-0.03%
     VRPBL: top1=0.535 mean_cost=9.3566 (sbs=9.3593) vs_sbs=-0.03%
    VRPBTW: top1=0.448 mean_cost=19.0561 (sbs=19.6697) vs_sbs=-3.12%
    VRPLTW: top1=0.453 mean_cost=17.6536 (sbs=18.5091) vs_sbs=-4.62%
    OVRPBL: top1=0.565 mean_cost=6.3061 (sbs=6.3103) vs_sbs=-0.07%
   OVRPBTW: top1=0.517 mean_cost=10.4940 (sbs=10.5068) vs_sbs=-0.12%
   OVRPLTW: top1=0.495 mean_cost=10.1296 (sbs=10.1272) vs_sbs=+0.02%
   VRPBLTW: top1=0.418 mean_cost=18.9682 (sbs=19.5198) vs_sbs=-2.83%
  OVRPBLTW: top1=0.510 mean_cost=10.5305 (sbs=10.5412) vs_sbs=-0.10%
[AMP retry] same batch; lower scale=32768.0
[epoch 14] update=180/1422 total=18666 loss=0.60289 KL=0.00620 lr=0.0001 samples/s=1578
[epoch 14] update=360/1422 total=18846 loss=0.60113 KL=0.00621 lr=0.0001 samples/s=1577
[epoch 14] update=540/1422 total=19026 loss=0.60198 KL=0.00624 lr=0.0001 samples/s=1574
[epoch 14] update=720/1422 total=19206 loss=0.60170 KL=0.00619 lr=0.0001 samples/s=1578
[epoch 14] update=900/1422 total=19386 loss=0.60080 KL=0.00617 lr=0.0001 samples/s=1579
[epoch 14] update=1080/1422 total=19566 loss=0.60106 KL=0.00614 lr=0.0001 samples/s=1579
[epoch 14] update=1260/1422 total=19746 loss=0.60077 KL=0.00612 lr=0.0001 samples/s=1581
[epoch 14] update=1422/1422 total=19908 loss=0.60107 KL=0.00609 lr=0.0001 samples/s=1589
[R45A val epoch 14] macro_top1=0.4727 top2=0.8081 top3=0.9186 vs_sbs=-0.986% vbs_closed=+25.26%
       TSP: top1=0.353 mean_cost=7.9318 (sbs=7.9578) vs_sbs=-0.33%
      CVRP: top1=0.473 mean_cost=18.2043 (sbs=18.2943) vs_sbs=-0.49%
      ATSP: top1=0.766 mean_cost=1.6377 (sbs=1.6735) vs_sbs=-2.14%
      OVRP: top1=0.349 mean_cost=7.4599 (sbs=7.4617) vs_sbs=-0.02%
      VRPB: top1=0.558 mean_cost=9.3326 (sbs=9.3403) vs_sbs=-0.08%
      VRPL: top1=0.261 mean_cost=12.4260 (sbs=12.4072) vs_sbs=+0.15%
     VRPTW: top1=0.446 mean_cost=17.9016 (sbs=18.6571) vs_sbs=-4.05%
    OVRPTW: top1=0.500 mean_cost=10.0447 (sbs=10.0484) vs_sbs=-0.04%
     OVRPB: top1=0.557 mean_cost=6.3231 (sbs=6.3220) vs_sbs=+0.02%
     OVRPL: top1=0.373 mean_cost=7.4340 (sbs=7.4376) vs_sbs=-0.05%
     VRPBL: top1=0.533 mean_cost=9.3569 (sbs=9.3593) vs_sbs=-0.03%
    VRPBTW: top1=0.429 mean_cost=19.0441 (sbs=19.6697) vs_sbs=-3.18%
    VRPLTW: top1=0.425 mean_cost=17.6879 (sbs=18.5091) vs_sbs=-4.44%
    OVRPBL: top1=0.551 mean_cost=6.3058 (sbs=6.3103) vs_sbs=-0.07%
   OVRPBTW: top1=0.516 mean_cost=10.4947 (sbs=10.5068) vs_sbs=-0.12%
   OVRPLTW: top1=0.485 mean_cost=10.1317 (sbs=10.1272) vs_sbs=+0.04%
   VRPBLTW: top1=0.429 mean_cost=18.9596 (sbs=19.5198) vs_sbs=-2.87%
  OVRPBLTW: top1=0.505 mean_cost=10.5349 (sbs=10.5412) vs_sbs=-0.06%
[epoch 15] update=180/1422 total=20088 loss=0.59824 KL=0.00596 lr=0.0001 samples/s=1797
[epoch 15] update=360/1422 total=20268 loss=0.59992 KL=0.00589 lr=0.0001 samples/s=1752
[epoch 15] update=540/1422 total=20448 loss=0.59920 KL=0.00593 lr=0.0001 samples/s=1739
[epoch 15] update=720/1422 total=20628 loss=0.59893 KL=0.00594 lr=0.0001 samples/s=1727
[epoch 15] update=900/1422 total=20808 loss=0.59878 KL=0.00591 lr=0.0001 samples/s=1723
[epoch 15] update=1080/1422 total=20988 loss=0.59918 KL=0.00591 lr=0.0001 samples/s=1740
[epoch 15] update=1260/1422 total=21168 loss=0.59906 KL=0.00590 lr=0.0001 samples/s=1745
[epoch 15] update=1422/1422 total=21330 loss=0.59938 KL=0.00588 lr=0.0001 samples/s=1728
[R45A val epoch 15] macro_top1=0.4656 top2=0.8069 top3=0.9141 vs_sbs=-0.974% vbs_closed=+26.44%
       TSP: top1=0.363 mean_cost=7.9178 (sbs=7.9578) vs_sbs=-0.50%
      CVRP: top1=0.450 mean_cost=18.2171 (sbs=18.2943) vs_sbs=-0.42%
      ATSP: top1=0.669 mean_cost=1.6398 (sbs=1.6735) vs_sbs=-2.01%
      OVRP: top1=0.370 mean_cost=7.4529 (sbs=7.4617) vs_sbs=-0.12%
      VRPB: top1=0.552 mean_cost=9.3348 (sbs=9.3403) vs_sbs=-0.06%
      VRPL: top1=0.306 mean_cost=12.4057 (sbs=12.4072) vs_sbs=-0.01%
     VRPTW: top1=0.436 mean_cost=17.9146 (sbs=18.6571) vs_sbs=-3.98%
    OVRPTW: top1=0.499 mean_cost=10.0459 (sbs=10.0484) vs_sbs=-0.03%
     OVRPB: top1=0.555 mean_cost=6.3225 (sbs=6.3220) vs_sbs=+0.01%
     OVRPL: top1=0.324 mean_cost=7.4420 (sbs=7.4376) vs_sbs=+0.06%
     VRPBL: top1=0.538 mean_cost=9.3577 (sbs=9.3593) vs_sbs=-0.02%
    VRPBTW: top1=0.435 mean_cost=19.0728 (sbs=19.6697) vs_sbs=-3.03%
    VRPLTW: top1=0.415 mean_cost=17.6858 (sbs=18.5091) vs_sbs=-4.45%
    OVRPBL: top1=0.552 mean_cost=6.3072 (sbs=6.3103) vs_sbs=-0.05%
   OVRPBTW: top1=0.498 mean_cost=10.4963 (sbs=10.5068) vs_sbs=-0.10%
   OVRPLTW: top1=0.490 mean_cost=10.1318 (sbs=10.1272) vs_sbs=+0.05%
   VRPBLTW: top1=0.429 mean_cost=18.9714 (sbs=19.5198) vs_sbs=-2.81%
  OVRPBLTW: top1=0.499 mean_cost=10.5346 (sbs=10.5412) vs_sbs=-0.06%
[epoch 16] update=180/1422 total=21510 loss=0.59230 KL=0.00611 lr=5e-05 samples/s=1707
[epoch 16] update=360/1422 total=21690 loss=0.59049 KL=0.00618 lr=5e-05 samples/s=1711
[epoch 16] update=540/1422 total=21870 loss=0.59040 KL=0.00621 lr=5e-05 samples/s=1767
[epoch 16] update=720/1422 total=22050 loss=0.58971 KL=0.00623 lr=5e-05 samples/s=1796
[epoch 16] update=900/1422 total=22230 loss=0.59012 KL=0.00623 lr=5e-05 samples/s=1784
[epoch 16] update=1080/1422 total=22410 loss=0.58976 KL=0.00627 lr=5e-05 samples/s=1770
[epoch 16] update=1260/1422 total=22590 loss=0.58908 KL=0.00629 lr=5e-05 samples/s=1762
[AMP retry] same batch; lower scale=65536.0
[epoch 16] update=1422/1422 total=22752 loss=0.58895 KL=0.00630 lr=5e-05 samples/s=1741
[R45A val epoch 16] macro_top1=0.4705 top2=0.8117 top3=0.9216 vs_sbs=-1.017% vbs_closed=+27.68%
       TSP: top1=0.359 mean_cost=7.9235 (sbs=7.9578) vs_sbs=-0.43%
      CVRP: top1=0.465 mean_cost=18.2158 (sbs=18.2943) vs_sbs=-0.43%
      ATSP: top1=0.769 mean_cost=1.6356 (sbs=1.6735) vs_sbs=-2.27%
      OVRP: top1=0.307 mean_cost=7.4616 (sbs=7.4617) vs_sbs=-0.00%
      VRPB: top1=0.540 mean_cost=9.3350 (sbs=9.3403) vs_sbs=-0.06%
      VRPL: top1=0.307 mean_cost=12.4071 (sbs=12.4072) vs_sbs=-0.00%
     VRPTW: top1=0.426 mean_cost=17.9079 (sbs=18.6571) vs_sbs=-4.02%
    OVRPTW: top1=0.495 mean_cost=10.0428 (sbs=10.0484) vs_sbs=-0.06%
     OVRPB: top1=0.577 mean_cost=6.3154 (sbs=6.3220) vs_sbs=-0.10%
     OVRPL: top1=0.353 mean_cost=7.4372 (sbs=7.4376) vs_sbs=-0.00%
     VRPBL: top1=0.548 mean_cost=9.3559 (sbs=9.3593) vs_sbs=-0.04%
    VRPBTW: top1=0.445 mean_cost=19.0609 (sbs=19.6697) vs_sbs=-3.10%
    VRPLTW: top1=0.450 mean_cost=17.6327 (sbs=18.5091) vs_sbs=-4.74%
    OVRPBL: top1=0.566 mean_cost=6.3059 (sbs=6.3103) vs_sbs=-0.07%
   OVRPBTW: top1=0.461 mean_cost=10.5043 (sbs=10.5068) vs_sbs=-0.02%
   OVRPLTW: top1=0.503 mean_cost=10.1257 (sbs=10.1272) vs_sbs=-0.02%
   VRPBLTW: top1=0.423 mean_cost=18.9482 (sbs=19.5198) vs_sbs=-2.93%
  OVRPBLTW: top1=0.475 mean_cost=10.5372 (sbs=10.5412) vs_sbs=-0.04%
[epoch 17] update=180/1422 total=22932 loss=0.58838 KL=0.00628 lr=5e-05 samples/s=1706
[epoch 17] update=360/1422 total=23112 loss=0.58858 KL=0.00630 lr=5e-05 samples/s=1706
[epoch 17] update=540/1422 total=23292 loss=0.58702 KL=0.00623 lr=5e-05 samples/s=1708
[epoch 17] update=720/1422 total=23472 loss=0.58690 KL=0.00626 lr=5e-05 samples/s=1708
[epoch 17] update=900/1422 total=23652 loss=0.58720 KL=0.00626 lr=5e-05 samples/s=1705
[epoch 17] update=1080/1422 total=23832 loss=0.58759 KL=0.00627 lr=5e-05 samples/s=1703
[epoch 17] update=1260/1422 total=24012 loss=0.58736 KL=0.00629 lr=5e-05 samples/s=1685
[epoch 17] update=1422/1422 total=24174 loss=0.58732 KL=0.00630 lr=5e-05 samples/s=1659
[R45A val epoch 17] macro_top1=0.4827 top2=0.8173 top3=0.9247 vs_sbs=-1.015% vbs_closed=+29.49%
       TSP: top1=0.380 mean_cost=7.9175 (sbs=7.9578) vs_sbs=-0.51%
      CVRP: top1=0.472 mean_cost=18.2046 (sbs=18.2943) vs_sbs=-0.49%
      ATSP: top1=0.774 mean_cost=1.6356 (sbs=1.6735) vs_sbs=-2.27%
      OVRP: top1=0.350 mean_cost=7.4567 (sbs=7.4617) vs_sbs=-0.07%
      VRPB: top1=0.556 mean_cost=9.3337 (sbs=9.3403) vs_sbs=-0.07%
      VRPL: top1=0.305 mean_cost=12.4061 (sbs=12.4072) vs_sbs=-0.01%
     VRPTW: top1=0.442 mean_cost=17.9356 (sbs=18.6571) vs_sbs=-3.87%
    OVRPTW: top1=0.519 mean_cost=10.0416 (sbs=10.0484) vs_sbs=-0.07%
     OVRPB: top1=0.577 mean_cost=6.3187 (sbs=6.3220) vs_sbs=-0.05%
     OVRPL: top1=0.372 mean_cost=7.4334 (sbs=7.4376) vs_sbs=-0.06%
     VRPBL: top1=0.544 mean_cost=9.3564 (sbs=9.3593) vs_sbs=-0.03%
    VRPBTW: top1=0.426 mean_cost=19.0681 (sbs=19.6697) vs_sbs=-3.06%
    VRPLTW: top1=0.446 mean_cost=17.6696 (sbs=18.5091) vs_sbs=-4.54%
    OVRPBL: top1=0.574 mean_cost=6.3032 (sbs=6.3103) vs_sbs=-0.11%
   OVRPBTW: top1=0.509 mean_cost=10.4989 (sbs=10.5068) vs_sbs=-0.08%
   OVRPLTW: top1=0.502 mean_cost=10.1246 (sbs=10.1272) vs_sbs=-0.03%
   VRPBLTW: top1=0.436 mean_cost=18.9564 (sbs=19.5198) vs_sbs=-2.89%
  OVRPBLTW: top1=0.504 mean_cost=10.5317 (sbs=10.5412) vs_sbs=-0.09%
[epoch 18] update=180/1422 total=24354 loss=0.58456 KL=0.00633 lr=5e-05 samples/s=1571
[epoch 18] update=360/1422 total=24534 loss=0.58570 KL=0.00641 lr=5e-05 samples/s=1579
[epoch 18] update=540/1422 total=24714 loss=0.58687 KL=0.00633 lr=5e-05 samples/s=1582
[epoch 18] update=720/1422 total=24894 loss=0.58691 KL=0.00633 lr=5e-05 samples/s=1583
[AMP retry] same batch; lower scale=65536.0
[epoch 18] update=900/1422 total=25074 loss=0.58617 KL=0.00636 lr=5e-05 samples/s=1580
[epoch 18] update=1080/1422 total=25254 loss=0.58610 KL=0.00635 lr=5e-05 samples/s=1579
[epoch 18] update=1260/1422 total=25434 loss=0.58629 KL=0.00635 lr=5e-05 samples/s=1579
[epoch 18] update=1422/1422 total=25596 loss=0.58635 KL=0.00637 lr=5e-05 samples/s=1567
[R45A val epoch 18] macro_top1=0.4778 top2=0.8139 top3=0.9221 vs_sbs=-1.004% vbs_closed=+28.96%
       TSP: top1=0.358 mean_cost=7.9215 (sbs=7.9578) vs_sbs=-0.46%
      CVRP: top1=0.465 mean_cost=18.2118 (sbs=18.2943) vs_sbs=-0.45%
      ATSP: top1=0.739 mean_cost=1.6423 (sbs=1.6735) vs_sbs=-1.86%
      OVRP: top1=0.340 mean_cost=7.4562 (sbs=7.4617) vs_sbs=-0.07%
      VRPB: top1=0.559 mean_cost=9.3330 (sbs=9.3403) vs_sbs=-0.08%
      VRPL: top1=0.313 mean_cost=12.4028 (sbs=12.4072) vs_sbs=-0.04%
     VRPTW: top1=0.450 mean_cost=17.9017 (sbs=18.6571) vs_sbs=-4.05%
    OVRPTW: top1=0.515 mean_cost=10.0404 (sbs=10.0484) vs_sbs=-0.08%
     OVRPB: top1=0.579 mean_cost=6.3177 (sbs=6.3220) vs_sbs=-0.07%
     OVRPL: top1=0.377 mean_cost=7.4319 (sbs=7.4376) vs_sbs=-0.08%
     VRPBL: top1=0.531 mean_cost=9.3570 (sbs=9.3593) vs_sbs=-0.02%
    VRPBTW: top1=0.411 mean_cost=19.0552 (sbs=19.6697) vs_sbs=-3.12%
    VRPLTW: top1=0.451 mean_cost=17.6530 (sbs=18.5091) vs_sbs=-4.63%
    OVRPBL: top1=0.584 mean_cost=6.3018 (sbs=6.3103) vs_sbs=-0.13%
   OVRPBTW: top1=0.515 mean_cost=10.4946 (sbs=10.5068) vs_sbs=-0.12%
   OVRPLTW: top1=0.498 mean_cost=10.1253 (sbs=10.1272) vs_sbs=-0.02%
   VRPBLTW: top1=0.427 mean_cost=18.9749 (sbs=19.5198) vs_sbs=-2.79%
  OVRPBLTW: top1=0.488 mean_cost=10.5401 (sbs=10.5412) vs_sbs=-0.01%
[epoch 19] update=180/1422 total=25776 loss=0.58404 KL=0.00651 lr=5e-05 samples/s=1587
[epoch 19] update=360/1422 total=25956 loss=0.58542 KL=0.00649 lr=5e-05 samples/s=1579
[epoch 19] update=540/1422 total=26136 loss=0.58574 KL=0.00648 lr=5e-05 samples/s=1581
[epoch 19] update=720/1422 total=26316 loss=0.58569 KL=0.00646 lr=5e-05 samples/s=1583
[epoch 19] update=900/1422 total=26496 loss=0.58590 KL=0.00644 lr=5e-05 samples/s=1577
[epoch 19] update=1080/1422 total=26676 loss=0.58575 KL=0.00644 lr=5e-05 samples/s=1576
[epoch 19] update=1260/1422 total=26856 loss=0.58555 KL=0.00642 lr=5e-05 samples/s=1577
[epoch 19] update=1422/1422 total=27018 loss=0.58541 KL=0.00642 lr=5e-05 samples/s=1565
[R45A val epoch 19] macro_top1=0.4781 top2=0.8183 top3=0.9247 vs_sbs=-1.007% vbs_closed=+28.86%
       TSP: top1=0.370 mean_cost=7.9156 (sbs=7.9578) vs_sbs=-0.53%
      CVRP: top1=0.457 mean_cost=18.2135 (sbs=18.2943) vs_sbs=-0.44%
      ATSP: top1=0.771 mean_cost=1.6354 (sbs=1.6735) vs_sbs=-2.28%
      OVRP: top1=0.341 mean_cost=7.4547 (sbs=7.4617) vs_sbs=-0.09%
      VRPB: top1=0.555 mean_cost=9.3343 (sbs=9.3403) vs_sbs=-0.06%
      VRPL: top1=0.306 mean_cost=12.4037 (sbs=12.4072) vs_sbs=-0.03%
     VRPTW: top1=0.459 mean_cost=17.9016 (sbs=18.6571) vs_sbs=-4.05%
    OVRPTW: top1=0.516 mean_cost=10.0428 (sbs=10.0484) vs_sbs=-0.06%
     OVRPB: top1=0.559 mean_cost=6.3196 (sbs=6.3220) vs_sbs=-0.04%
     OVRPL: top1=0.381 mean_cost=7.4333 (sbs=7.4376) vs_sbs=-0.06%
     VRPBL: top1=0.521 mean_cost=9.3583 (sbs=9.3593) vs_sbs=-0.01%
    VRPBTW: top1=0.442 mean_cost=19.0489 (sbs=19.6697) vs_sbs=-3.16%
    VRPLTW: top1=0.440 mean_cost=17.7270 (sbs=18.5091) vs_sbs=-4.23%
    OVRPBL: top1=0.563 mean_cost=6.3049 (sbs=6.3103) vs_sbs=-0.09%
   OVRPBTW: top1=0.498 mean_cost=10.4984 (sbs=10.5068) vs_sbs=-0.08%
   OVRPLTW: top1=0.499 mean_cost=10.1291 (sbs=10.1272) vs_sbs=+0.02%
   VRPBLTW: top1=0.432 mean_cost=18.9545 (sbs=19.5198) vs_sbs=-2.90%
  OVRPBLTW: top1=0.496 mean_cost=10.5361 (sbs=10.5412) vs_sbs=-0.05%
[epoch 20] update=180/1422 total=27198 loss=0.58026 KL=0.00653 lr=2.5e-05 samples/s=1787
[AMP retry] same batch; lower scale=65536.0
[epoch 20] update=360/1422 total=27378 loss=0.58124 KL=0.00657 lr=2.5e-05 samples/s=1726
[epoch 20] update=540/1422 total=27558 loss=0.58164 KL=0.00652 lr=2.5e-05 samples/s=1631
[epoch 20] update=720/1422 total=27738 loss=0.58079 KL=0.00654 lr=2.5e-05 samples/s=1592
[epoch 20] update=900/1422 total=27918 loss=0.58059 KL=0.00655 lr=2.5e-05 samples/s=1570
[epoch 20] update=1080/1422 total=28098 loss=0.58095 KL=0.00660 lr=2.5e-05 samples/s=1552
[epoch 20] update=1260/1422 total=28278 loss=0.58105 KL=0.00663 lr=2.5e-05 samples/s=1566
[epoch 20] update=1422/1422 total=28440 loss=0.58065 KL=0.00668 lr=2.5e-05 samples/s=1541
[R45A val epoch 20] macro_top1=0.4832 top2=0.8182 top3=0.9262 vs_sbs=-1.049% vbs_closed=+30.21%
       TSP: top1=0.379 mean_cost=7.9143 (sbs=7.9578) vs_sbs=-0.55%
      CVRP: top1=0.486 mean_cost=18.2032 (sbs=18.2943) vs_sbs=-0.50%
      ATSP: top1=0.780 mean_cost=1.6351 (sbs=1.6735) vs_sbs=-2.30%
      OVRP: top1=0.345 mean_cost=7.4571 (sbs=7.4617) vs_sbs=-0.06%
      VRPB: top1=0.556 mean_cost=9.3326 (sbs=9.3403) vs_sbs=-0.08%
      VRPL: top1=0.307 mean_cost=12.4041 (sbs=12.4072) vs_sbs=-0.02%
     VRPTW: top1=0.465 mean_cost=17.8948 (sbs=18.6571) vs_sbs=-4.09%
    OVRPTW: top1=0.510 mean_cost=10.0392 (sbs=10.0484) vs_sbs=-0.09%
     OVRPB: top1=0.585 mean_cost=6.3162 (sbs=6.3220) vs_sbs=-0.09%
     OVRPL: top1=0.352 mean_cost=7.4387 (sbs=7.4376) vs_sbs=+0.02%
     VRPBL: top1=0.530 mean_cost=9.3570 (sbs=9.3593) vs_sbs=-0.02%
    VRPBTW: top1=0.428 mean_cost=19.0440 (sbs=19.6697) vs_sbs=-3.18%
    VRPLTW: top1=0.452 mean_cost=17.6235 (sbs=18.5091) vs_sbs=-4.78%
    OVRPBL: top1=0.572 mean_cost=6.3050 (sbs=6.3103) vs_sbs=-0.08%
   OVRPBTW: top1=0.519 mean_cost=10.4981 (sbs=10.5068) vs_sbs=-0.08%
   OVRPLTW: top1=0.507 mean_cost=10.1250 (sbs=10.1272) vs_sbs=-0.02%
   VRPBLTW: top1=0.427 mean_cost=18.9605 (sbs=19.5198) vs_sbs=-2.87%
  OVRPBLTW: top1=0.497 mean_cost=10.5332 (sbs=10.5412) vs_sbs=-0.08%
[epoch 21] update=180/1422 total=28620 loss=0.58006 KL=0.00667 lr=2.5e-05 samples/s=1461
[epoch 21] update=360/1422 total=28800 loss=0.58022 KL=0.00679 lr=2.5e-05 samples/s=1470
[epoch 21] update=540/1422 total=28980 loss=0.58065 KL=0.00678 lr=2.5e-05 samples/s=1481
[epoch 21] update=720/1422 total=29160 loss=0.57997 KL=0.00677 lr=2.5e-05 samples/s=1545
[epoch 21] update=900/1422 total=29340 loss=0.57926 KL=0.00678 lr=2.5e-05 samples/s=1548
[epoch 21] update=1080/1422 total=29520 loss=0.57875 KL=0.00681 lr=2.5e-05 samples/s=1553
[epoch 21] update=1260/1422 total=29700 loss=0.57942 KL=0.00684 lr=2.5e-05 samples/s=1557
[epoch 21] update=1422/1422 total=29862 loss=0.57952 KL=0.00683 lr=2.5e-05 samples/s=1546
[R45A val epoch 21] macro_top1=0.4823 top2=0.8178 top3=0.9242 vs_sbs=-1.036% vbs_closed=+29.65%
       TSP: top1=0.383 mean_cost=7.9131 (sbs=7.9578) vs_sbs=-0.56%
      CVRP: top1=0.475 mean_cost=18.2055 (sbs=18.2943) vs_sbs=-0.49%
      ATSP: top1=0.770 mean_cost=1.6369 (sbs=1.6735) vs_sbs=-2.19%
      OVRP: top1=0.344 mean_cost=7.4562 (sbs=7.4617) vs_sbs=-0.07%
      VRPB: top1=0.558 mean_cost=9.3328 (sbs=9.3403) vs_sbs=-0.08%
      VRPL: top1=0.319 mean_cost=12.4029 (sbs=12.4072) vs_sbs=-0.03%
     VRPTW: top1=0.453 mean_cost=17.9001 (sbs=18.6571) vs_sbs=-4.06%
    OVRPTW: top1=0.501 mean_cost=10.0435 (sbs=10.0484) vs_sbs=-0.05%
     OVRPB: top1=0.576 mean_cost=6.3182 (sbs=6.3220) vs_sbs=-0.06%
     OVRPL: top1=0.376 mean_cost=7.4335 (sbs=7.4376) vs_sbs=-0.05%
     VRPBL: top1=0.536 mean_cost=9.3579 (sbs=9.3593) vs_sbs=-0.01%
    VRPBTW: top1=0.452 mean_cost=19.0374 (sbs=19.6697) vs_sbs=-3.21%
    VRPLTW: top1=0.452 mean_cost=17.6340 (sbs=18.5091) vs_sbs=-4.73%
    OVRPBL: top1=0.574 mean_cost=6.3045 (sbs=6.3103) vs_sbs=-0.09%
   OVRPBTW: top1=0.491 mean_cost=10.5024 (sbs=10.5068) vs_sbs=-0.04%
   OVRPLTW: top1=0.507 mean_cost=10.1283 (sbs=10.1272) vs_sbs=+0.01%
   VRPBLTW: top1=0.418 mean_cost=18.9578 (sbs=19.5198) vs_sbs=-2.88%
  OVRPBLTW: top1=0.496 mean_cost=10.5360 (sbs=10.5412) vs_sbs=-0.05%
[epoch 22] update=180/1422 total=30042 loss=0.58020 KL=0.00668 lr=2.5e-05 samples/s=1563
[epoch 22] update=360/1422 total=30222 loss=0.57990 KL=0.00679 lr=2.5e-05 samples/s=1573
[epoch 22] update=540/1422 total=30402 loss=0.57954 KL=0.00677 lr=2.5e-05 samples/s=1577
[epoch 22] update=720/1422 total=30582 loss=0.57894 KL=0.00683 lr=2.5e-05 samples/s=1577
[epoch 22] update=900/1422 total=30762 loss=0.57873 KL=0.00682 lr=2.5e-05 samples/s=1578
[epoch 22] update=1080/1422 total=30942 loss=0.57861 KL=0.00683 lr=2.5e-05 samples/s=1576
[epoch 22] update=1260/1422 total=31122 loss=0.57851 KL=0.00684 lr=2.5e-05 samples/s=1576
[AMP retry] same batch; lower scale=65536.0
[epoch 22] update=1422/1422 total=31284 loss=0.57881 KL=0.00684 lr=2.5e-05 samples/s=1562
[R45A val epoch 22] macro_top1=0.4851 top2=0.8189 top3=0.9247 vs_sbs=-1.052% vbs_closed=+30.54%
       TSP: top1=0.376 mean_cost=7.9136 (sbs=7.9578) vs_sbs=-0.56%
      CVRP: top1=0.466 mean_cost=18.2044 (sbs=18.2943) vs_sbs=-0.49%
      ATSP: top1=0.779 mean_cost=1.6350 (sbs=1.6735) vs_sbs=-2.30%
      OVRP: top1=0.361 mean_cost=7.4529 (sbs=7.4617) vs_sbs=-0.12%
      VRPB: top1=0.550 mean_cost=9.3337 (sbs=9.3403) vs_sbs=-0.07%
      VRPL: top1=0.316 mean_cost=12.4046 (sbs=12.4072) vs_sbs=-0.02%
     VRPTW: top1=0.467 mean_cost=17.8804 (sbs=18.6571) vs_sbs=-4.16%
    OVRPTW: top1=0.509 mean_cost=10.0445 (sbs=10.0484) vs_sbs=-0.04%
     OVRPB: top1=0.581 mean_cost=6.3175 (sbs=6.3220) vs_sbs=-0.07%
     OVRPL: top1=0.376 mean_cost=7.4345 (sbs=7.4376) vs_sbs=-0.04%
     VRPBL: top1=0.540 mean_cost=9.3560 (sbs=9.3593) vs_sbs=-0.04%
    VRPBTW: top1=0.424 mean_cost=19.0465 (sbs=19.6697) vs_sbs=-3.17%
    VRPLTW: top1=0.460 mean_cost=17.6365 (sbs=18.5091) vs_sbs=-4.71%
    OVRPBL: top1=0.574 mean_cost=6.3045 (sbs=6.3103) vs_sbs=-0.09%
   OVRPBTW: top1=0.514 mean_cost=10.4972 (sbs=10.5068) vs_sbs=-0.09%
   OVRPLTW: top1=0.502 mean_cost=10.1263 (sbs=10.1272) vs_sbs=-0.01%
   VRPBLTW: top1=0.434 mean_cost=18.9582 (sbs=19.5198) vs_sbs=-2.88%
  OVRPBLTW: top1=0.502 mean_cost=10.5334 (sbs=10.5412) vs_sbs=-0.07%
[epoch 23] update=180/1422 total=31464 loss=0.57602 KL=0.00695 lr=2.5e-05 samples/s=1576
[epoch 23] update=360/1422 total=31644 loss=0.57721 KL=0.00699 lr=2.5e-05 samples/s=1567
[epoch 23] update=540/1422 total=31824 loss=0.57738 KL=0.00698 lr=2.5e-05 samples/s=1571
[epoch 23] update=720/1422 total=32004 loss=0.57813 KL=0.00701 lr=2.5e-05 samples/s=1572
[epoch 23] update=900/1422 total=32184 loss=0.57742 KL=0.00703 lr=2.5e-05 samples/s=1575
[epoch 23] update=1080/1422 total=32364 loss=0.57791 KL=0.00700 lr=2.5e-05 samples/s=1572
[epoch 23] update=1260/1422 total=32544 loss=0.57843 KL=0.00705 lr=2.5e-05 samples/s=1574
[epoch 23] update=1422/1422 total=32706 loss=0.57831 KL=0.00705 lr=2.5e-05 samples/s=1560
[R45A val epoch 23] macro_top1=0.4859 top2=0.8232 top3=0.9263 vs_sbs=-1.046% vbs_closed=+30.58%
       TSP: top1=0.375 mean_cost=7.9165 (sbs=7.9578) vs_sbs=-0.52%
      CVRP: top1=0.484 mean_cost=18.2043 (sbs=18.2943) vs_sbs=-0.49%
      ATSP: top1=0.780 mean_cost=1.6354 (sbs=1.6735) vs_sbs=-2.28%
      OVRP: top1=0.363 mean_cost=7.4527 (sbs=7.4617) vs_sbs=-0.12%
      VRPB: top1=0.551 mean_cost=9.3342 (sbs=9.3403) vs_sbs=-0.07%
      VRPL: top1=0.326 mean_cost=12.4026 (sbs=12.4072) vs_sbs=-0.04%
     VRPTW: top1=0.483 mean_cost=17.8831 (sbs=18.6571) vs_sbs=-4.15%
    OVRPTW: top1=0.515 mean_cost=10.0400 (sbs=10.0484) vs_sbs=-0.08%
     OVRPB: top1=0.573 mean_cost=6.3187 (sbs=6.3220) vs_sbs=-0.05%
     OVRPL: top1=0.393 mean_cost=7.4315 (sbs=7.4376) vs_sbs=-0.08%
     VRPBL: top1=0.531 mean_cost=9.3569 (sbs=9.3593) vs_sbs=-0.03%
    VRPBTW: top1=0.426 mean_cost=19.0502 (sbs=19.6697) vs_sbs=-3.15%
    VRPLTW: top1=0.440 mean_cost=17.6451 (sbs=18.5091) vs_sbs=-4.67%
    OVRPBL: top1=0.576 mean_cost=6.3026 (sbs=6.3103) vs_sbs=-0.12%
   OVRPBTW: top1=0.508 mean_cost=10.4982 (sbs=10.5068) vs_sbs=-0.08%
   OVRPLTW: top1=0.501 mean_cost=10.1277 (sbs=10.1272) vs_sbs=+0.00%
   VRPBLTW: top1=0.427 mean_cost=18.9546 (sbs=19.5198) vs_sbs=-2.90%
  OVRPBLTW: top1=0.495 mean_cost=10.5393 (sbs=10.5412) vs_sbs=-0.02%
[epoch 24] update=180/1422 total=32886 loss=0.57937 KL=0.00703 lr=2.5e-05 samples/s=1583
[epoch 24] update=360/1422 total=33066 loss=0.57812 KL=0.00704 lr=2.5e-05 samples/s=1571
[epoch 24] update=540/1422 total=33246 loss=0.57757 KL=0.00718 lr=2.5e-05 samples/s=1576
[epoch 24] update=720/1422 total=33426 loss=0.57797 KL=0.00715 lr=2.5e-05 samples/s=1576
[epoch 24] update=900/1422 total=33606 loss=0.57795 KL=0.00717 lr=2.5e-05 samples/s=1577
[epoch 24] update=1080/1422 total=33786 loss=0.57779 KL=0.00716 lr=2.5e-05 samples/s=1575
[epoch 24] update=1260/1422 total=33966 loss=0.57756 KL=0.00716 lr=2.5e-05 samples/s=1575
[AMP retry] same batch; lower scale=65536.0
[epoch 24] update=1422/1422 total=34128 loss=0.57796 KL=0.00713 lr=2.5e-05 samples/s=1574
[R45A val epoch 24] macro_top1=0.4836 top2=0.8234 top3=0.9278 vs_sbs=-1.053% vbs_closed=+30.55%
       TSP: top1=0.369 mean_cost=7.9158 (sbs=7.9578) vs_sbs=-0.53%
      CVRP: top1=0.478 mean_cost=18.2041 (sbs=18.2943) vs_sbs=-0.49%
      ATSP: top1=0.779 mean_cost=1.6352 (sbs=1.6735) vs_sbs=-2.29%
      OVRP: top1=0.343 mean_cost=7.4570 (sbs=7.4617) vs_sbs=-0.06%
      VRPB: top1=0.553 mean_cost=9.3316 (sbs=9.3403) vs_sbs=-0.09%
      VRPL: top1=0.334 mean_cost=12.3994 (sbs=12.4072) vs_sbs=-0.06%
     VRPTW: top1=0.470 mean_cost=17.8861 (sbs=18.6571) vs_sbs=-4.13%
    OVRPTW: top1=0.508 mean_cost=10.0401 (sbs=10.0484) vs_sbs=-0.08%
     OVRPB: top1=0.566 mean_cost=6.3186 (sbs=6.3220) vs_sbs=-0.05%
     OVRPL: top1=0.409 mean_cost=7.4315 (sbs=7.4376) vs_sbs=-0.08%
     VRPBL: top1=0.522 mean_cost=9.3591 (sbs=9.3593) vs_sbs=-0.00%
    VRPBTW: top1=0.445 mean_cost=19.0353 (sbs=19.6697) vs_sbs=-3.23%
    VRPLTW: top1=0.450 mean_cost=17.6298 (sbs=18.5091) vs_sbs=-4.75%
    OVRPBL: top1=0.578 mean_cost=6.3026 (sbs=6.3103) vs_sbs=-0.12%
   OVRPBTW: top1=0.489 mean_cost=10.5022 (sbs=10.5068) vs_sbs=-0.04%
   OVRPLTW: top1=0.496 mean_cost=10.1302 (sbs=10.1272) vs_sbs=+0.03%
   VRPBLTW: top1=0.425 mean_cost=18.9532 (sbs=19.5198) vs_sbs=-2.90%
  OVRPBLTW: top1=0.491 mean_cost=10.5356 (sbs=10.5412) vs_sbs=-0.05%
[epoch 25] update=180/1422 total=34308 loss=0.57617 KL=0.00701 lr=2.5e-05 samples/s=1666
[epoch 25] update=360/1422 total=34488 loss=0.57753 KL=0.00705 lr=2.5e-05 samples/s=1613
[epoch 25] update=540/1422 total=34668 loss=0.57780 KL=0.00715 lr=2.5e-05 samples/s=1595
[epoch 25] update=720/1422 total=34848 loss=0.57712 KL=0.00718 lr=2.5e-05 samples/s=1589
[epoch 25] update=900/1422 total=35028 loss=0.57715 KL=0.00719 lr=2.5e-05 samples/s=1587
[epoch 25] update=1080/1422 total=35208 loss=0.57733 KL=0.00715 lr=2.5e-05 samples/s=1616
[epoch 25] update=1260/1422 total=35388 loss=0.57710 KL=0.00719 lr=2.5e-05 samples/s=1617
[epoch 25] update=1422/1422 total=35550 loss=0.57728 KL=0.00721 lr=2.5e-05 samples/s=1591
[R45A val epoch 25] macro_top1=0.4846 top2=0.8200 top3=0.9253 vs_sbs=-1.033% vbs_closed=+30.19%
       TSP: top1=0.374 mean_cost=7.9155 (sbs=7.9578) vs_sbs=-0.53%
      CVRP: top1=0.449 mean_cost=18.2238 (sbs=18.2943) vs_sbs=-0.39%
      ATSP: top1=0.781 mean_cost=1.6354 (sbs=1.6735) vs_sbs=-2.28%
      OVRP: top1=0.365 mean_cost=7.4534 (sbs=7.4617) vs_sbs=-0.11%
      VRPB: top1=0.542 mean_cost=9.3346 (sbs=9.3403) vs_sbs=-0.06%
      VRPL: top1=0.316 mean_cost=12.4022 (sbs=12.4072) vs_sbs=-0.04%
     VRPTW: top1=0.451 mean_cost=17.9326 (sbs=18.6571) vs_sbs=-3.88%
    OVRPTW: top1=0.519 mean_cost=10.0387 (sbs=10.0484) vs_sbs=-0.10%
     OVRPB: top1=0.591 mean_cost=6.3159 (sbs=6.3220) vs_sbs=-0.10%
     OVRPL: top1=0.398 mean_cost=7.4316 (sbs=7.4376) vs_sbs=-0.08%
     VRPBL: top1=0.532 mean_cost=9.3580 (sbs=9.3593) vs_sbs=-0.01%
    VRPBTW: top1=0.444 mean_cost=19.0413 (sbs=19.6697) vs_sbs=-3.20%
    VRPLTW: top1=0.457 mean_cost=17.6459 (sbs=18.5091) vs_sbs=-4.66%
    OVRPBL: top1=0.579 mean_cost=6.3032 (sbs=6.3103) vs_sbs=-0.11%
   OVRPBTW: top1=0.489 mean_cost=10.5008 (sbs=10.5068) vs_sbs=-0.06%
   OVRPLTW: top1=0.511 mean_cost=10.1269 (sbs=10.1272) vs_sbs=-0.00%
   VRPBLTW: top1=0.422 mean_cost=18.9531 (sbs=19.5198) vs_sbs=-2.90%
  OVRPBLTW: top1=0.503 mean_cost=10.5328 (sbs=10.5412) vs_sbs=-0.08%
[epoch 26] update=180/1422 total=35730 loss=0.57973 KL=0.00727 lr=2.5e-05 samples/s=1522
[epoch 26] update=360/1422 total=35910 loss=0.57672 KL=0.00730 lr=2.5e-05 samples/s=1511
[epoch 26] update=540/1422 total=36090 loss=0.57724 KL=0.00734 lr=2.5e-05 samples/s=1554
[epoch 26] update=720/1422 total=36270 loss=0.57685 KL=0.00737 lr=2.5e-05 samples/s=1568
[epoch 26] update=900/1422 total=36450 loss=0.57707 KL=0.00734 lr=2.5e-05 samples/s=1548
[AMP retry] same batch; lower scale=65536.0
[epoch 26] update=1080/1422 total=36630 loss=0.57669 KL=0.00733 lr=2.5e-05 samples/s=1532
[epoch 26] update=1260/1422 total=36810 loss=0.57686 KL=0.00732 lr=2.5e-05 samples/s=1523
[AMP retry] same batch; lower scale=32768.0
[epoch 26] update=1422/1422 total=36972 loss=0.57703 KL=0.00731 lr=2.5e-05 samples/s=1504
[R45A val epoch 26] macro_top1=0.4834 top2=0.8200 top3=0.9264 vs_sbs=-1.044% vbs_closed=+29.61%
       TSP: top1=0.375 mean_cost=7.9188 (sbs=7.9578) vs_sbs=-0.49%
      CVRP: top1=0.475 mean_cost=18.2044 (sbs=18.2943) vs_sbs=-0.49%
      ATSP: top1=0.783 mean_cost=1.6349 (sbs=1.6735) vs_sbs=-2.31%
      OVRP: top1=0.359 mean_cost=7.4542 (sbs=7.4617) vs_sbs=-0.10%
      VRPB: top1=0.558 mean_cost=9.3328 (sbs=9.3403) vs_sbs=-0.08%
      VRPL: top1=0.309 mean_cost=12.4062 (sbs=12.4072) vs_sbs=-0.01%
     VRPTW: top1=0.458 mean_cost=17.8911 (sbs=18.6571) vs_sbs=-4.11%
    OVRPTW: top1=0.506 mean_cost=10.0457 (sbs=10.0484) vs_sbs=-0.03%
     OVRPB: top1=0.567 mean_cost=6.3201 (sbs=6.3220) vs_sbs=-0.03%
     OVRPL: top1=0.381 mean_cost=7.4330 (sbs=7.4376) vs_sbs=-0.06%
     VRPBL: top1=0.519 mean_cost=9.3591 (sbs=9.3593) vs_sbs=-0.00%
    VRPBTW: top1=0.431 mean_cost=19.0480 (sbs=19.6697) vs_sbs=-3.16%
    VRPLTW: top1=0.449 mean_cost=17.6250 (sbs=18.5091) vs_sbs=-4.78%
    OVRPBL: top1=0.580 mean_cost=6.3034 (sbs=6.3103) vs_sbs=-0.11%
   OVRPBTW: top1=0.517 mean_cost=10.4970 (sbs=10.5068) vs_sbs=-0.09%
   OVRPLTW: top1=0.499 mean_cost=10.1280 (sbs=10.1272) vs_sbs=+0.01%
   VRPBLTW: top1=0.439 mean_cost=18.9557 (sbs=19.5198) vs_sbs=-2.89%
  OVRPBLTW: top1=0.497 mean_cost=10.5339 (sbs=10.5412) vs_sbs=-0.07%
[epoch 27] update=180/1422 total=37152 loss=0.57611 KL=0.00716 lr=2.5e-05 samples/s=1477
[epoch 27] update=360/1422 total=37332 loss=0.57602 KL=0.00716 lr=2.5e-05 samples/s=1471
[epoch 27] update=540/1422 total=37512 loss=0.57588 KL=0.00722 lr=2.5e-05 samples/s=1472
[epoch 27] update=720/1422 total=37692 loss=0.57621 KL=0.00723 lr=2.5e-05 samples/s=1473
[epoch 27] update=900/1422 total=37872 loss=0.57595 KL=0.00724 lr=2.5e-05 samples/s=1474
[epoch 27] update=1080/1422 total=38052 loss=0.57616 KL=0.00730 lr=2.5e-05 samples/s=1471
[epoch 27] update=1260/1422 total=38232 loss=0.57622 KL=0.00727 lr=2.5e-05 samples/s=1472
[epoch 27] update=1422/1422 total=38394 loss=0.57630 KL=0.00727 lr=2.5e-05 samples/s=1459
[R45A val epoch 27] macro_top1=0.4842 top2=0.8208 top3=0.9243 vs_sbs=-1.028% vbs_closed=+30.29%
       TSP: top1=0.373 mean_cost=7.9188 (sbs=7.9578) vs_sbs=-0.49%
      CVRP: top1=0.482 mean_cost=18.2071 (sbs=18.2943) vs_sbs=-0.48%
      ATSP: top1=0.782 mean_cost=1.6351 (sbs=1.6735) vs_sbs=-2.30%
      OVRP: top1=0.343 mean_cost=7.4559 (sbs=7.4617) vs_sbs=-0.08%
      VRPB: top1=0.556 mean_cost=9.3336 (sbs=9.3403) vs_sbs=-0.07%
      VRPL: top1=0.330 mean_cost=12.4001 (sbs=12.4072) vs_sbs=-0.06%
     VRPTW: top1=0.456 mean_cost=17.9044 (sbs=18.6571) vs_sbs=-4.03%
    OVRPTW: top1=0.509 mean_cost=10.0424 (sbs=10.0484) vs_sbs=-0.06%
     OVRPB: top1=0.569 mean_cost=6.3189 (sbs=6.3220) vs_sbs=-0.05%
     OVRPL: top1=0.405 mean_cost=7.4311 (sbs=7.4376) vs_sbs=-0.09%
     VRPBL: top1=0.532 mean_cost=9.3563 (sbs=9.3593) vs_sbs=-0.03%
    VRPBTW: top1=0.425 mean_cost=19.0599 (sbs=19.6697) vs_sbs=-3.10%
    VRPLTW: top1=0.441 mean_cost=17.6672 (sbs=18.5091) vs_sbs=-4.55%
    OVRPBL: top1=0.572 mean_cost=6.3030 (sbs=6.3103) vs_sbs=-0.12%
   OVRPBTW: top1=0.514 mean_cost=10.4970 (sbs=10.5068) vs_sbs=-0.09%
   OVRPLTW: top1=0.498 mean_cost=10.1268 (sbs=10.1272) vs_sbs=-0.00%
   VRPBLTW: top1=0.421 mean_cost=18.9703 (sbs=19.5198) vs_sbs=-2.82%
  OVRPBLTW: top1=0.508 mean_cost=10.5313 (sbs=10.5412) vs_sbs=-0.09%
[epoch 28] update=180/1422 total=38574 loss=0.57653 KL=0.00734 lr=1.3e-05 samples/s=1477
[epoch 28] update=360/1422 total=38754 loss=0.57523 KL=0.00740 lr=1.3e-05 samples/s=1470
[epoch 28] update=540/1422 total=38934 loss=0.57411 KL=0.00746 lr=1.3e-05 samples/s=1472
[epoch 28] update=720/1422 total=39114 loss=0.57425 KL=0.00751 lr=1.3e-05 samples/s=1474
[epoch 28] update=900/1422 total=39294 loss=0.57383 KL=0.00752 lr=1.3e-05 samples/s=1474
[epoch 28] update=1080/1422 total=39474 loss=0.57400 KL=0.00751 lr=1.3e-05 samples/s=1472
[epoch 28] update=1260/1422 total=39654 loss=0.57387 KL=0.00748 lr=1.3e-05 samples/s=1472
[epoch 28] update=1422/1422 total=39816 loss=0.57404 KL=0.00751 lr=1.3e-05 samples/s=1460
[R45A val epoch 28] macro_top1=0.4892 top2=0.8225 top3=0.9256 vs_sbs=-1.065% vbs_closed=+31.59%
       TSP: top1=0.380 mean_cost=7.9137 (sbs=7.9578) vs_sbs=-0.55%
      CVRP: top1=0.478 mean_cost=18.2058 (sbs=18.2943) vs_sbs=-0.48%
      ATSP: top1=0.784 mean_cost=1.6346 (sbs=1.6735) vs_sbs=-2.33%
      OVRP: top1=0.376 mean_cost=7.4521 (sbs=7.4617) vs_sbs=-0.13%
      VRPB: top1=0.550 mean_cost=9.3342 (sbs=9.3403) vs_sbs=-0.07%
      VRPL: top1=0.324 mean_cost=12.4014 (sbs=12.4072) vs_sbs=-0.05%
     VRPTW: top1=0.466 mean_cost=17.8935 (sbs=18.6571) vs_sbs=-4.09%
    OVRPTW: top1=0.511 mean_cost=10.0418 (sbs=10.0484) vs_sbs=-0.07%
     OVRPB: top1=0.575 mean_cost=6.3173 (sbs=6.3220) vs_sbs=-0.07%
     OVRPL: top1=0.407 mean_cost=7.4295 (sbs=7.4376) vs_sbs=-0.11%
     VRPBL: top1=0.524 mean_cost=9.3584 (sbs=9.3593) vs_sbs=-0.01%
    VRPBTW: top1=0.460 mean_cost=19.0277 (sbs=19.6697) vs_sbs=-3.26%
    VRPLTW: top1=0.453 mean_cost=17.6178 (sbs=18.5091) vs_sbs=-4.82%
    OVRPBL: top1=0.576 mean_cost=6.3032 (sbs=6.3103) vs_sbs=-0.11%
   OVRPBTW: top1=0.502 mean_cost=10.5014 (sbs=10.5068) vs_sbs=-0.05%
   OVRPLTW: top1=0.520 mean_cost=10.1239 (sbs=10.1272) vs_sbs=-0.03%
   VRPBLTW: top1=0.419 mean_cost=18.9641 (sbs=19.5198) vs_sbs=-2.85%
  OVRPBLTW: top1=0.501 mean_cost=10.5320 (sbs=10.5412) vs_sbs=-0.09%
[epoch 29] update=180/1422 total=39996 loss=0.57431 KL=0.00775 lr=1.3e-05 samples/s=1462
[epoch 29] update=360/1422 total=40176 loss=0.57531 KL=0.00770 lr=1.3e-05 samples/s=1469
[epoch 29] update=540/1422 total=40356 loss=0.57343 KL=0.00759 lr=1.3e-05 samples/s=1472
[epoch 29] update=720/1422 total=40536 loss=0.57288 KL=0.00762 lr=1.3e-05 samples/s=1473
[epoch 29] update=900/1422 total=40716 loss=0.57285 KL=0.00770 lr=1.3e-05 samples/s=1476
[epoch 29] update=1080/1422 total=40896 loss=0.57294 KL=0.00773 lr=1.3e-05 samples/s=1487
[epoch 29] update=1260/1422 total=41076 loss=0.57306 KL=0.00771 lr=1.3e-05 samples/s=1476
[epoch 29] update=1422/1422 total=41238 loss=0.57335 KL=0.00769 lr=1.3e-05 samples/s=1455
[R45A val epoch 29] macro_top1=0.4858 top2=0.8228 top3=0.9248 vs_sbs=-1.052% vbs_closed=+30.69%
       TSP: top1=0.376 mean_cost=7.9181 (sbs=7.9578) vs_sbs=-0.50%
      CVRP: top1=0.483 mean_cost=18.2044 (sbs=18.2943) vs_sbs=-0.49%
      ATSP: top1=0.785 mean_cost=1.6349 (sbs=1.6735) vs_sbs=-2.31%
      OVRP: top1=0.369 mean_cost=7.4533 (sbs=7.4617) vs_sbs=-0.11%
      VRPB: top1=0.555 mean_cost=9.3340 (sbs=9.3403) vs_sbs=-0.07%
      VRPL: top1=0.328 mean_cost=12.4022 (sbs=12.4072) vs_sbs=-0.04%
     VRPTW: top1=0.475 mean_cost=17.8766 (sbs=18.6571) vs_sbs=-4.18%
    OVRPTW: top1=0.503 mean_cost=10.0452 (sbs=10.0484) vs_sbs=-0.03%
     OVRPB: top1=0.570 mean_cost=6.3174 (sbs=6.3220) vs_sbs=-0.07%
     OVRPL: top1=0.387 mean_cost=7.4316 (sbs=7.4376) vs_sbs=-0.08%
     VRPBL: top1=0.524 mean_cost=9.3583 (sbs=9.3593) vs_sbs=-0.01%
    VRPBTW: top1=0.416 mean_cost=19.0444 (sbs=19.6697) vs_sbs=-3.18%
    VRPLTW: top1=0.440 mean_cost=17.6361 (sbs=18.5091) vs_sbs=-4.72%
    OVRPBL: top1=0.580 mean_cost=6.3024 (sbs=6.3103) vs_sbs=-0.12%
   OVRPBTW: top1=0.515 mean_cost=10.4989 (sbs=10.5068) vs_sbs=-0.07%
   OVRPLTW: top1=0.511 mean_cost=10.1257 (sbs=10.1272) vs_sbs=-0.02%
   VRPBLTW: top1=0.415 mean_cost=18.9633 (sbs=19.5198) vs_sbs=-2.85%
  OVRPBLTW: top1=0.513 mean_cost=10.5317 (sbs=10.5412) vs_sbs=-0.09%
[epoch 30] update=180/1422 total=41418 loss=0.56964 KL=0.00776 lr=1.3e-05 samples/s=1414
[epoch 30] update=360/1422 total=41598 loss=0.57166 KL=0.00785 lr=1.3e-05 samples/s=1418
[epoch 30] update=540/1422 total=41778 loss=0.57354 KL=0.00781 lr=1.3e-05 samples/s=1469
[epoch 30] update=720/1422 total=41958 loss=0.57324 KL=0.00781 lr=1.3e-05 samples/s=1521
[epoch 30] update=900/1422 total=42138 loss=0.57356 KL=0.00780 lr=1.3e-05 samples/s=1527
[epoch 30] update=1080/1422 total=42318 loss=0.57336 KL=0.00779 lr=1.3e-05 samples/s=1531
[epoch 30] update=1260/1422 total=42498 loss=0.57333 KL=0.00781 lr=1.3e-05 samples/s=1533
[epoch 30] update=1422/1422 total=42660 loss=0.57305 KL=0.00780 lr=1.3e-05 samples/s=1522
[R45A val epoch 30] macro_top1=0.4889 top2=0.8231 top3=0.9263 vs_sbs=-1.065% vbs_closed=+31.45%
       TSP: top1=0.373 mean_cost=7.9162 (sbs=7.9578) vs_sbs=-0.52%
      CVRP: top1=0.481 mean_cost=18.2033 (sbs=18.2943) vs_sbs=-0.50%
      ATSP: top1=0.788 mean_cost=1.6346 (sbs=1.6735) vs_sbs=-2.32%
      OVRP: top1=0.356 mean_cost=7.4531 (sbs=7.4617) vs_sbs=-0.12%
      VRPB: top1=0.561 mean_cost=9.3328 (sbs=9.3403) vs_sbs=-0.08%
      VRPL: top1=0.330 mean_cost=12.4007 (sbs=12.4072) vs_sbs=-0.05%
     VRPTW: top1=0.471 mean_cost=17.8796 (sbs=18.6571) vs_sbs=-4.17%
    OVRPTW: top1=0.516 mean_cost=10.0423 (sbs=10.0484) vs_sbs=-0.06%
     OVRPB: top1=0.588 mean_cost=6.3166 (sbs=6.3220) vs_sbs=-0.09%
     OVRPL: top1=0.400 mean_cost=7.4318 (sbs=7.4376) vs_sbs=-0.08%
     VRPBL: top1=0.516 mean_cost=9.3595 (sbs=9.3593) vs_sbs=+0.00%
    VRPBTW: top1=0.426 mean_cost=19.0412 (sbs=19.6697) vs_sbs=-3.20%
    VRPLTW: top1=0.452 mean_cost=17.6212 (sbs=18.5091) vs_sbs=-4.80%
    OVRPBL: top1=0.581 mean_cost=6.3018 (sbs=6.3103) vs_sbs=-0.13%
   OVRPBTW: top1=0.518 mean_cost=10.4949 (sbs=10.5068) vs_sbs=-0.11%
   OVRPLTW: top1=0.506 mean_cost=10.1245 (sbs=10.1272) vs_sbs=-0.03%
   VRPBLTW: top1=0.434 mean_cost=18.9559 (sbs=19.5198) vs_sbs=-2.89%
  OVRPBLTW: top1=0.503 mean_cost=10.5377 (sbs=10.5412) vs_sbs=-0.03%
[epoch 31] update=180/1422 total=42840 loss=0.57048 KL=0.00783 lr=1.3e-05 samples/s=1735
[AMP retry] same batch; lower scale=131072.0
[epoch 31] update=360/1422 total=43020 loss=0.57263 KL=0.00787 lr=1.3e-05 samples/s=1710
[epoch 31] update=540/1422 total=43200 loss=0.57346 KL=0.00796 lr=1.3e-05 samples/s=1667
[epoch 31] update=720/1422 total=43380 loss=0.57289 KL=0.00796 lr=1.3e-05 samples/s=1645
[epoch 31] update=900/1422 total=43560 loss=0.57307 KL=0.00796 lr=1.3e-05 samples/s=1629
[epoch 31] update=1080/1422 total=43740 loss=0.57326 KL=0.00794 lr=1.3e-05 samples/s=1621
[epoch 31] update=1260/1422 total=43920 loss=0.57290 KL=0.00793 lr=1.3e-05 samples/s=1616
[AMP retry] same batch; lower scale=65536.0
[epoch 31] update=1422/1422 total=44082 loss=0.57291 KL=0.00791 lr=1.3e-05 samples/s=1598
[R45A val epoch 31] macro_top1=0.4892 top2=0.8254 top3=0.9277 vs_sbs=-1.059% vbs_closed=+31.33%
       TSP: top1=0.385 mean_cost=7.9167 (sbs=7.9578) vs_sbs=-0.52%
      CVRP: top1=0.483 mean_cost=18.2072 (sbs=18.2943) vs_sbs=-0.48%
      ATSP: top1=0.783 mean_cost=1.6350 (sbs=1.6735) vs_sbs=-2.30%
      OVRP: top1=0.375 mean_cost=7.4517 (sbs=7.4617) vs_sbs=-0.13%
      VRPB: top1=0.560 mean_cost=9.3327 (sbs=9.3403) vs_sbs=-0.08%
      VRPL: top1=0.330 mean_cost=12.4007 (sbs=12.4072) vs_sbs=-0.05%
     VRPTW: top1=0.469 mean_cost=17.8882 (sbs=18.6571) vs_sbs=-4.12%
    OVRPTW: top1=0.499 mean_cost=10.0444 (sbs=10.0484) vs_sbs=-0.04%
     OVRPB: top1=0.590 mean_cost=6.3155 (sbs=6.3220) vs_sbs=-0.10%
     OVRPL: top1=0.402 mean_cost=7.4306 (sbs=7.4376) vs_sbs=-0.09%
     VRPBL: top1=0.532 mean_cost=9.3571 (sbs=9.3593) vs_sbs=-0.02%
    VRPBTW: top1=0.424 mean_cost=19.0400 (sbs=19.6697) vs_sbs=-3.20%
    VRPLTW: top1=0.445 mean_cost=17.6273 (sbs=18.5091) vs_sbs=-4.76%
    OVRPBL: top1=0.578 mean_cost=6.3034 (sbs=6.3103) vs_sbs=-0.11%
   OVRPBTW: top1=0.501 mean_cost=10.5001 (sbs=10.5068) vs_sbs=-0.06%
   OVRPLTW: top1=0.504 mean_cost=10.1270 (sbs=10.1272) vs_sbs=-0.00%
   VRPBLTW: top1=0.440 mean_cost=18.9582 (sbs=19.5198) vs_sbs=-2.88%
  OVRPBLTW: top1=0.505 mean_cost=10.5311 (sbs=10.5412) vs_sbs=-0.10%
[epoch 32] update=180/1422 total=44262 loss=0.57350 KL=0.00799 lr=6.3e-06 samples/s=1563
[epoch 32] update=360/1422 total=44442 loss=0.57238 KL=0.00780 lr=6.3e-06 samples/s=1572
[epoch 32] update=540/1422 total=44622 loss=0.57130 KL=0.00785 lr=6.3e-06 samples/s=1575
[epoch 32] update=720/1422 total=44802 loss=0.57097 KL=0.00792 lr=6.3e-06 samples/s=1577
[epoch 32] update=900/1422 total=44982 loss=0.57066 KL=0.00797 lr=6.3e-06 samples/s=1575
[epoch 32] update=1080/1422 total=45162 loss=0.57065 KL=0.00801 lr=6.3e-06 samples/s=1576
[epoch 32] update=1260/1422 total=45342 loss=0.57097 KL=0.00800 lr=6.3e-06 samples/s=1577
[epoch 32] update=1422/1422 total=45504 loss=0.57137 KL=0.00800 lr=6.3e-06 samples/s=1564
[R45A val epoch 32] macro_top1=0.4892 top2=0.8249 top3=0.9275 vs_sbs=-1.066% vbs_closed=+31.92%
       TSP: top1=0.376 mean_cost=7.9160 (sbs=7.9578) vs_sbs=-0.53%
      CVRP: top1=0.482 mean_cost=18.2017 (sbs=18.2943) vs_sbs=-0.51%
      ATSP: top1=0.781 mean_cost=1.6348 (sbs=1.6735) vs_sbs=-2.31%
      OVRP: top1=0.376 mean_cost=7.4517 (sbs=7.4617) vs_sbs=-0.13%
      VRPB: top1=0.557 mean_cost=9.3320 (sbs=9.3403) vs_sbs=-0.09%
      VRPL: top1=0.329 mean_cost=12.4005 (sbs=12.4072) vs_sbs=-0.05%
     VRPTW: top1=0.471 mean_cost=17.8895 (sbs=18.6571) vs_sbs=-4.11%
    OVRPTW: top1=0.505 mean_cost=10.0420 (sbs=10.0484) vs_sbs=-0.06%
     OVRPB: top1=0.584 mean_cost=6.3170 (sbs=6.3220) vs_sbs=-0.08%
     OVRPL: top1=0.399 mean_cost=7.4308 (sbs=7.4376) vs_sbs=-0.09%
     VRPBL: top1=0.532 mean_cost=9.3571 (sbs=9.3593) vs_sbs=-0.02%
    VRPBTW: top1=0.417 mean_cost=19.0461 (sbs=19.6697) vs_sbs=-3.17%
    VRPLTW: top1=0.455 mean_cost=17.6228 (sbs=18.5091) vs_sbs=-4.79%
    OVRPBL: top1=0.580 mean_cost=6.3019 (sbs=6.3103) vs_sbs=-0.13%
   OVRPBTW: top1=0.505 mean_cost=10.5005 (sbs=10.5068) vs_sbs=-0.06%
   OVRPLTW: top1=0.512 mean_cost=10.1248 (sbs=10.1272) vs_sbs=-0.02%
   VRPBLTW: top1=0.434 mean_cost=18.9505 (sbs=19.5198) vs_sbs=-2.92%
  OVRPBLTW: top1=0.511 mean_cost=10.5308 (sbs=10.5412) vs_sbs=-0.10%
[epoch 33] update=180/1422 total=45684 loss=0.56921 KL=0.00815 lr=6.3e-06 samples/s=1573
[epoch 33] update=360/1422 total=45864 loss=0.56943 KL=0.00806 lr=6.3e-06 samples/s=1580
[epoch 33] update=540/1422 total=46044 loss=0.56999 KL=0.00805 lr=6.3e-06 samples/s=1581
[epoch 33] update=720/1422 total=46224 loss=0.57140 KL=0.00801 lr=6.3e-06 samples/s=1583
[epoch 33] update=900/1422 total=46404 loss=0.57073 KL=0.00805 lr=6.3e-06 samples/s=1582
[epoch 33] update=1080/1422 total=46584 loss=0.57097 KL=0.00801 lr=6.3e-06 samples/s=1581
[epoch 33] update=1260/1422 total=46764 loss=0.57106 KL=0.00804 lr=6.3e-06 samples/s=1581
[epoch 33] update=1422/1422 total=46926 loss=0.57137 KL=0.00802 lr=6.3e-06 samples/s=1568
[R45A val epoch 33] macro_top1=0.4878 top2=0.8234 top3=0.9266 vs_sbs=-1.060% vbs_closed=+31.41%
       TSP: top1=0.382 mean_cost=7.9141 (sbs=7.9578) vs_sbs=-0.55%
      CVRP: top1=0.475 mean_cost=18.2053 (sbs=18.2943) vs_sbs=-0.49%
      ATSP: top1=0.791 mean_cost=1.6346 (sbs=1.6735) vs_sbs=-2.33%
      OVRP: top1=0.364 mean_cost=7.4524 (sbs=7.4617) vs_sbs=-0.12%
      VRPB: top1=0.557 mean_cost=9.3329 (sbs=9.3403) vs_sbs=-0.08%
      VRPL: top1=0.332 mean_cost=12.4000 (sbs=12.4072) vs_sbs=-0.06%
     VRPTW: top1=0.470 mean_cost=17.8833 (sbs=18.6571) vs_sbs=-4.15%
    OVRPTW: top1=0.508 mean_cost=10.0438 (sbs=10.0484) vs_sbs=-0.05%
     OVRPB: top1=0.573 mean_cost=6.3180 (sbs=6.3220) vs_sbs=-0.06%
     OVRPL: top1=0.401 mean_cost=7.4299 (sbs=7.4376) vs_sbs=-0.10%
     VRPBL: top1=0.524 mean_cost=9.3586 (sbs=9.3593) vs_sbs=-0.01%
    VRPBTW: top1=0.430 mean_cost=19.0461 (sbs=19.6697) vs_sbs=-3.17%
    VRPLTW: top1=0.447 mean_cost=17.6294 (sbs=18.5091) vs_sbs=-4.75%
    OVRPBL: top1=0.577 mean_cost=6.3030 (sbs=6.3103) vs_sbs=-0.12%
   OVRPBTW: top1=0.503 mean_cost=10.4990 (sbs=10.5068) vs_sbs=-0.07%
   OVRPLTW: top1=0.508 mean_cost=10.1253 (sbs=10.1272) vs_sbs=-0.02%
   VRPBLTW: top1=0.437 mean_cost=18.9549 (sbs=19.5198) vs_sbs=-2.89%
  OVRPBLTW: top1=0.501 mean_cost=10.5343 (sbs=10.5412) vs_sbs=-0.07%
[AMP retry] same batch; lower scale=65536.0
[epoch 34] update=180/1422 total=47106 loss=0.56964 KL=0.00820 lr=6.3e-06 samples/s=1571
[epoch 34] update=360/1422 total=47286 loss=0.57047 KL=0.00820 lr=6.3e-06 samples/s=1573
[epoch 34] update=540/1422 total=47466 loss=0.57100 KL=0.00819 lr=6.3e-06 samples/s=1577
[epoch 34] update=720/1422 total=47646 loss=0.57006 KL=0.00817 lr=6.3e-06 samples/s=1585
[epoch 34] update=900/1422 total=47826 loss=0.57087 KL=0.00815 lr=6.3e-06 samples/s=1606
[epoch 34] update=1080/1422 total=48006 loss=0.57121 KL=0.00813 lr=6.3e-06 samples/s=1598
[epoch 34] update=1260/1422 total=48186 loss=0.57102 KL=0.00814 lr=6.3e-06 samples/s=1593
[epoch 34] update=1422/1422 total=48348 loss=0.57112 KL=0.00813 lr=6.3e-06 samples/s=1576
[R45A val epoch 34] macro_top1=0.4902 top2=0.8241 top3=0.9266 vs_sbs=-1.066% vbs_closed=+31.83%
       TSP: top1=0.378 mean_cost=7.9150 (sbs=7.9578) vs_sbs=-0.54%
      CVRP: top1=0.480 mean_cost=18.2066 (sbs=18.2943) vs_sbs=-0.48%
      ATSP: top1=0.785 mean_cost=1.6348 (sbs=1.6735) vs_sbs=-2.32%
      OVRP: top1=0.366 mean_cost=7.4527 (sbs=7.4617) vs_sbs=-0.12%
      VRPB: top1=0.549 mean_cost=9.3336 (sbs=9.3403) vs_sbs=-0.07%
      VRPL: top1=0.330 mean_cost=12.4000 (sbs=12.4072) vs_sbs=-0.06%
     VRPTW: top1=0.460 mean_cost=17.8982 (sbs=18.6571) vs_sbs=-4.07%
    OVRPTW: top1=0.525 mean_cost=10.0391 (sbs=10.0484) vs_sbs=-0.09%
     OVRPB: top1=0.581 mean_cost=6.3173 (sbs=6.3220) vs_sbs=-0.07%
     OVRPL: top1=0.399 mean_cost=7.4308 (sbs=7.4376) vs_sbs=-0.09%
     VRPBL: top1=0.533 mean_cost=9.3559 (sbs=9.3593) vs_sbs=-0.04%
    VRPBTW: top1=0.443 mean_cost=19.0361 (sbs=19.6697) vs_sbs=-3.22%
    VRPLTW: top1=0.456 mean_cost=17.6189 (sbs=18.5091) vs_sbs=-4.81%
    OVRPBL: top1=0.587 mean_cost=6.3021 (sbs=6.3103) vs_sbs=-0.13%
   OVRPBTW: top1=0.496 mean_cost=10.4976 (sbs=10.5068) vs_sbs=-0.09%
   OVRPLTW: top1=0.507 mean_cost=10.1285 (sbs=10.1272) vs_sbs=+0.01%
   VRPBLTW: top1=0.435 mean_cost=18.9513 (sbs=19.5198) vs_sbs=-2.91%
  OVRPBLTW: top1=0.514 mean_cost=10.5302 (sbs=10.5412) vs_sbs=-0.10%
[epoch 35] update=180/1422 total=48528 loss=0.57003 KL=0.00823 lr=6.3e-06 samples/s=1569
[epoch 35] update=360/1422 total=48708 loss=0.57173 KL=0.00830 lr=6.3e-06 samples/s=1563
[epoch 35] update=540/1422 total=48888 loss=0.57192 KL=0.00825 lr=6.3e-06 samples/s=1670
[epoch 35] update=720/1422 total=49068 loss=0.57177 KL=0.00821 lr=6.3e-06 samples/s=1631
[epoch 35] update=900/1422 total=49248 loss=0.57138 KL=0.00822 lr=6.3e-06 samples/s=1614
[epoch 35] update=1080/1422 total=49428 loss=0.57113 KL=0.00820 lr=6.3e-06 samples/s=1598
[epoch 35] update=1260/1422 total=49608 loss=0.57137 KL=0.00818 lr=6.3e-06 samples/s=1589
[AMP retry] same batch; lower scale=65536.0
[epoch 35] update=1422/1422 total=49770 loss=0.57113 KL=0.00821 lr=6.3e-06 samples/s=1570
[R45A val epoch 35] macro_top1=0.4906 top2=0.8251 top3=0.9274 vs_sbs=-1.067% vbs_closed=+31.90%
       TSP: top1=0.379 mean_cost=7.9168 (sbs=7.9578) vs_sbs=-0.52%
      CVRP: top1=0.487 mean_cost=18.2050 (sbs=18.2943) vs_sbs=-0.49%
      ATSP: top1=0.786 mean_cost=1.6346 (sbs=1.6735) vs_sbs=-2.33%
      OVRP: top1=0.372 mean_cost=7.4524 (sbs=7.4617) vs_sbs=-0.12%
      VRPB: top1=0.557 mean_cost=9.3339 (sbs=9.3403) vs_sbs=-0.07%
      VRPL: top1=0.329 mean_cost=12.3998 (sbs=12.4072) vs_sbs=-0.06%
     VRPTW: top1=0.470 mean_cost=17.8862 (sbs=18.6571) vs_sbs=-4.13%
    OVRPTW: top1=0.513 mean_cost=10.0403 (sbs=10.0484) vs_sbs=-0.08%
     OVRPB: top1=0.588 mean_cost=6.3162 (sbs=6.3220) vs_sbs=-0.09%
     OVRPL: top1=0.400 mean_cost=7.4305 (sbs=7.4376) vs_sbs=-0.09%
     VRPBL: top1=0.537 mean_cost=9.3561 (sbs=9.3593) vs_sbs=-0.03%
    VRPBTW: top1=0.437 mean_cost=19.0391 (sbs=19.6697) vs_sbs=-3.21%
    VRPLTW: top1=0.450 mean_cost=17.6265 (sbs=18.5091) vs_sbs=-4.77%
    OVRPBL: top1=0.580 mean_cost=6.3025 (sbs=6.3103) vs_sbs=-0.12%
   OVRPBTW: top1=0.500 mean_cost=10.4994 (sbs=10.5068) vs_sbs=-0.07%
   OVRPLTW: top1=0.510 mean_cost=10.1263 (sbs=10.1272) vs_sbs=-0.01%
   VRPBLTW: top1=0.430 mean_cost=18.9543 (sbs=19.5198) vs_sbs=-2.90%
  OVRPBLTW: top1=0.506 mean_cost=10.5295 (sbs=10.5412) vs_sbs=-0.11%
[epoch 36] update=180/1422 total=49950 loss=0.57205 KL=0.00830 lr=6.3e-06 samples/s=1669
[epoch 36] update=360/1422 total=50130 loss=0.57001 KL=0.00831 lr=6.3e-06 samples/s=1582
[epoch 36] update=540/1422 total=50310 loss=0.56833 KL=0.00839 lr=6.3e-06 samples/s=1558
[epoch 36] update=720/1422 total=50490 loss=0.56940 KL=0.00832 lr=6.3e-06 samples/s=1546
[epoch 36] update=900/1422 total=50670 loss=0.56965 KL=0.00828 lr=6.3e-06 samples/s=1535
[epoch 36] update=1080/1422 total=50850 loss=0.57037 KL=0.00825 lr=6.3e-06 samples/s=1531
[epoch 36] update=1260/1422 total=51030 loss=0.57106 KL=0.00823 lr=6.3e-06 samples/s=1527
[epoch 36] update=1422/1422 total=51192 loss=0.57073 KL=0.00824 lr=6.3e-06 samples/s=1511
[R45A val epoch 36] macro_top1=0.4902 top2=0.8248 top3=0.9273 vs_sbs=-1.066% vbs_closed=+31.89%
       TSP: top1=0.381 mean_cost=7.9155 (sbs=7.9578) vs_sbs=-0.53%
      CVRP: top1=0.485 mean_cost=18.2038 (sbs=18.2943) vs_sbs=-0.50%
      ATSP: top1=0.785 mean_cost=1.6350 (sbs=1.6735) vs_sbs=-2.30%
      OVRP: top1=0.370 mean_cost=7.4521 (sbs=7.4617) vs_sbs=-0.13%
      VRPB: top1=0.556 mean_cost=9.3326 (sbs=9.3403) vs_sbs=-0.08%
      VRPL: top1=0.333 mean_cost=12.4005 (sbs=12.4072) vs_sbs=-0.05%
     VRPTW: top1=0.476 mean_cost=17.8845 (sbs=18.6571) vs_sbs=-4.14%
    OVRPTW: top1=0.518 mean_cost=10.0381 (sbs=10.0484) vs_sbs=-0.10%
     OVRPB: top1=0.586 mean_cost=6.3170 (sbs=6.3220) vs_sbs=-0.08%
     OVRPL: top1=0.397 mean_cost=7.4313 (sbs=7.4376) vs_sbs=-0.08%
     VRPBL: top1=0.527 mean_cost=9.3589 (sbs=9.3593) vs_sbs=-0.00%
    VRPBTW: top1=0.428 mean_cost=19.0440 (sbs=19.6697) vs_sbs=-3.18%
    VRPLTW: top1=0.454 mean_cost=17.6275 (sbs=18.5091) vs_sbs=-4.76%
    OVRPBL: top1=0.582 mean_cost=6.3015 (sbs=6.3103) vs_sbs=-0.14%
   OVRPBTW: top1=0.493 mean_cost=10.4988 (sbs=10.5068) vs_sbs=-0.08%
   OVRPLTW: top1=0.519 mean_cost=10.1237 (sbs=10.1272) vs_sbs=-0.03%
   VRPBLTW: top1=0.437 mean_cost=18.9466 (sbs=19.5198) vs_sbs=-2.94%
  OVRPBLTW: top1=0.496 mean_cost=10.5352 (sbs=10.5412) vs_sbs=-0.06%
[epoch 37] update=180/1422 total=51372 loss=0.57199 KL=0.00814 lr=6.3e-06 samples/s=1496
[epoch 37] update=360/1422 total=51552 loss=0.57040 KL=0.00820 lr=6.3e-06 samples/s=1505
[epoch 37] update=540/1422 total=51732 loss=0.56970 KL=0.00825 lr=6.3e-06 samples/s=1508
[epoch 37] update=720/1422 total=51912 loss=0.57077 KL=0.00827 lr=6.3e-06 samples/s=1509
[epoch 37] update=900/1422 total=52092 loss=0.57031 KL=0.00825 lr=6.3e-06 samples/s=1506
[AMP retry] same batch; lower scale=65536.0
[epoch 37] update=1080/1422 total=52272 loss=0.57026 KL=0.00825 lr=6.3e-06 samples/s=1506
[epoch 37] update=1260/1422 total=52452 loss=0.57062 KL=0.00827 lr=6.3e-06 samples/s=1507
[epoch 37] update=1422/1422 total=52614 loss=0.57064 KL=0.00826 lr=6.3e-06 samples/s=1494
[R45A val epoch 37] macro_top1=0.4894 top2=0.8257 top3=0.9267 vs_sbs=-1.065% vbs_closed=+31.53%
       TSP: top1=0.383 mean_cost=7.9131 (sbs=7.9578) vs_sbs=-0.56%
      CVRP: top1=0.481 mean_cost=18.2045 (sbs=18.2943) vs_sbs=-0.49%
      ATSP: top1=0.785 mean_cost=1.6346 (sbs=1.6735) vs_sbs=-2.33%
      OVRP: top1=0.375 mean_cost=7.4518 (sbs=7.4617) vs_sbs=-0.13%
      VRPB: top1=0.554 mean_cost=9.3329 (sbs=9.3403) vs_sbs=-0.08%
      VRPL: top1=0.333 mean_cost=12.3995 (sbs=12.4072) vs_sbs=-0.06%
     VRPTW: top1=0.469 mean_cost=17.8870 (sbs=18.6571) vs_sbs=-4.13%
    OVRPTW: top1=0.508 mean_cost=10.0432 (sbs=10.0484) vs_sbs=-0.05%
     OVRPB: top1=0.576 mean_cost=6.3175 (sbs=6.3220) vs_sbs=-0.07%
     OVRPL: top1=0.402 mean_cost=7.4316 (sbs=7.4376) vs_sbs=-0.08%
     VRPBL: top1=0.522 mean_cost=9.3591 (sbs=9.3593) vs_sbs=-0.00%
    VRPBTW: top1=0.436 mean_cost=19.0429 (sbs=19.6697) vs_sbs=-3.19%
    VRPLTW: top1=0.461 mean_cost=17.6191 (sbs=18.5091) vs_sbs=-4.81%
    OVRPBL: top1=0.586 mean_cost=6.3018 (sbs=6.3103) vs_sbs=-0.13%
   OVRPBTW: top1=0.493 mean_cost=10.4994 (sbs=10.5068) vs_sbs=-0.07%
   OVRPLTW: top1=0.508 mean_cost=10.1264 (sbs=10.1272) vs_sbs=-0.01%
   VRPBLTW: top1=0.441 mean_cost=18.9469 (sbs=19.5198) vs_sbs=-2.93%
  OVRPBLTW: top1=0.496 mean_cost=10.5358 (sbs=10.5412) vs_sbs=-0.05%
[epoch 38] update=180/1422 total=52794 loss=0.57070 KL=0.00840 lr=3.1e-06 samples/s=1495
[epoch 38] update=360/1422 total=52974 loss=0.57003 KL=0.00841 lr=3.1e-06 samples/s=1505
[epoch 38] update=540/1422 total=53154 loss=0.56936 KL=0.00837 lr=3.1e-06 samples/s=1508
[epoch 38] update=720/1422 total=53334 loss=0.56973 KL=0.00842 lr=3.1e-06 samples/s=1509
[epoch 38] update=900/1422 total=53514 loss=0.57016 KL=0.00841 lr=3.1e-06 samples/s=1507
[epoch 38] update=1080/1422 total=53694 loss=0.56997 KL=0.00840 lr=3.1e-06 samples/s=1508
[epoch 38] update=1260/1422 total=53874 loss=0.57017 KL=0.00840 lr=3.1e-06 samples/s=1508
[epoch 38] update=1422/1422 total=54036 loss=0.56997 KL=0.00840 lr=3.1e-06 samples/s=1495
[R45A val epoch 38] macro_top1=0.4912 top2=0.8244 top3=0.9276 vs_sbs=-1.070% vbs_closed=+31.75%
       TSP: top1=0.385 mean_cost=7.9141 (sbs=7.9578) vs_sbs=-0.55%
      CVRP: top1=0.479 mean_cost=18.2029 (sbs=18.2943) vs_sbs=-0.50%
      ATSP: top1=0.785 mean_cost=1.6348 (sbs=1.6735) vs_sbs=-2.32%
      OVRP: top1=0.380 mean_cost=7.4518 (sbs=7.4617) vs_sbs=-0.13%
      VRPB: top1=0.554 mean_cost=9.3327 (sbs=9.3403) vs_sbs=-0.08%
      VRPL: top1=0.335 mean_cost=12.3997 (sbs=12.4072) vs_sbs=-0.06%
     VRPTW: top1=0.470 mean_cost=17.8860 (sbs=18.6571) vs_sbs=-4.13%
    OVRPTW: top1=0.510 mean_cost=10.0430 (sbs=10.0484) vs_sbs=-0.05%
     OVRPB: top1=0.583 mean_cost=6.3169 (sbs=6.3220) vs_sbs=-0.08%
     OVRPL: top1=0.402 mean_cost=7.4321 (sbs=7.4376) vs_sbs=-0.07%
     VRPBL: top1=0.520 mean_cost=9.3594 (sbs=9.3593) vs_sbs=+0.00%
    VRPBTW: top1=0.444 mean_cost=19.0403 (sbs=19.6697) vs_sbs=-3.20%
    VRPLTW: top1=0.457 mean_cost=17.6172 (sbs=18.5091) vs_sbs=-4.82%
    OVRPBL: top1=0.588 mean_cost=6.3009 (sbs=6.3103) vs_sbs=-0.15%
   OVRPBTW: top1=0.500 mean_cost=10.4979 (sbs=10.5068) vs_sbs=-0.08%
   OVRPLTW: top1=0.508 mean_cost=10.1276 (sbs=10.1272) vs_sbs=+0.00%
   VRPBLTW: top1=0.440 mean_cost=18.9434 (sbs=19.5198) vs_sbs=-2.95%
  OVRPBLTW: top1=0.501 mean_cost=10.5326 (sbs=10.5412) vs_sbs=-0.08%
[epoch 39] update=180/1422 total=54216 loss=0.56780 KL=0.00873 lr=3.1e-06 samples/s=1493
[epoch 39] update=360/1422 total=54396 loss=0.56990 KL=0.00852 lr=3.1e-06 samples/s=1504
[epoch 39] update=540/1422 total=54576 loss=0.57045 KL=0.00847 lr=3.1e-06 samples/s=1568
[epoch 39] update=720/1422 total=54756 loss=0.57058 KL=0.00842 lr=3.1e-06 samples/s=1561
[epoch 39] update=900/1422 total=54936 loss=0.57093 KL=0.00842 lr=3.1e-06 samples/s=1553
[epoch 39] update=1080/1422 total=55116 loss=0.57042 KL=0.00842 lr=3.1e-06 samples/s=1551
[epoch 39] update=1260/1422 total=55296 loss=0.57004 KL=0.00841 lr=3.1e-06 samples/s=1550
[epoch 39] update=1422/1422 total=55458 loss=0.56985 KL=0.00843 lr=3.1e-06 samples/s=1536
[R45A val epoch 39] macro_top1=0.4899 top2=0.8257 top3=0.9275 vs_sbs=-1.067% vbs_closed=+31.78%
       TSP: top1=0.389 mean_cost=7.9164 (sbs=7.9578) vs_sbs=-0.52%
      CVRP: top1=0.479 mean_cost=18.2055 (sbs=18.2943) vs_sbs=-0.49%
      ATSP: top1=0.784 mean_cost=1.6347 (sbs=1.6735) vs_sbs=-2.32%
      OVRP: top1=0.375 mean_cost=7.4514 (sbs=7.4617) vs_sbs=-0.14%
      VRPB: top1=0.556 mean_cost=9.3334 (sbs=9.3403) vs_sbs=-0.07%
      VRPL: top1=0.330 mean_cost=12.4007 (sbs=12.4072) vs_sbs=-0.05%
     VRPTW: top1=0.475 mean_cost=17.8865 (sbs=18.6571) vs_sbs=-4.13%
    OVRPTW: top1=0.506 mean_cost=10.0421 (sbs=10.0484) vs_sbs=-0.06%
     OVRPB: top1=0.581 mean_cost=6.3167 (sbs=6.3220) vs_sbs=-0.08%
     OVRPL: top1=0.400 mean_cost=7.4306 (sbs=7.4376) vs_sbs=-0.09%
     VRPBL: top1=0.520 mean_cost=9.3583 (sbs=9.3593) vs_sbs=-0.01%
    VRPBTW: top1=0.432 mean_cost=19.0436 (sbs=19.6697) vs_sbs=-3.18%
    VRPLTW: top1=0.454 mean_cost=17.6184 (sbs=18.5091) vs_sbs=-4.81%
    OVRPBL: top1=0.587 mean_cost=6.3011 (sbs=6.3103) vs_sbs=-0.15%
   OVRPBTW: top1=0.499 mean_cost=10.4987 (sbs=10.5068) vs_sbs=-0.08%
   OVRPLTW: top1=0.512 mean_cost=10.1265 (sbs=10.1272) vs_sbs=-0.01%
   VRPBLTW: top1=0.433 mean_cost=18.9523 (sbs=19.5198) vs_sbs=-2.91%
  OVRPBLTW: top1=0.507 mean_cost=10.5299 (sbs=10.5412) vs_sbs=-0.11%
[epoch 40] update=180/1422 total=55638 loss=0.57120 KL=0.00854 lr=3.1e-06 samples/s=1822
[epoch 40] update=360/1422 total=55818 loss=0.56956 KL=0.00842 lr=3.1e-06 samples/s=1680
[epoch 40] update=540/1422 total=55998 loss=0.56971 KL=0.00844 lr=3.1e-06 samples/s=1641
[AMP retry] same batch; lower scale=131072.0
[epoch 40] update=720/1422 total=56178 loss=0.56937 KL=0.00853 lr=3.1e-06 samples/s=1623
[epoch 40] update=900/1422 total=56358 loss=0.56933 KL=0.00853 lr=3.1e-06 samples/s=1613
[epoch 40] update=1080/1422 total=56538 loss=0.56895 KL=0.00852 lr=3.1e-06 samples/s=1602
[epoch 40] update=1260/1422 total=56718 loss=0.56944 KL=0.00855 lr=3.1e-06 samples/s=1597
[AMP retry] same batch; lower scale=65536.0
[epoch 40] update=1422/1422 total=56880 loss=0.56970 KL=0.00854 lr=3.1e-06 samples/s=1578
[R45A val epoch 40] macro_top1=0.4902 top2=0.8252 top3=0.9271 vs_sbs=-1.066% vbs_closed=+31.63%
       TSP: top1=0.386 mean_cost=7.9168 (sbs=7.9578) vs_sbs=-0.51%
      CVRP: top1=0.481 mean_cost=18.2035 (sbs=18.2943) vs_sbs=-0.50%
      ATSP: top1=0.787 mean_cost=1.6346 (sbs=1.6735) vs_sbs=-2.33%
      OVRP: top1=0.373 mean_cost=7.4518 (sbs=7.4617) vs_sbs=-0.13%
      VRPB: top1=0.554 mean_cost=9.3315 (sbs=9.3403) vs_sbs=-0.09%
      VRPL: top1=0.330 mean_cost=12.4002 (sbs=12.4072) vs_sbs=-0.06%
     VRPTW: top1=0.469 mean_cost=17.8869 (sbs=18.6571) vs_sbs=-4.13%
    OVRPTW: top1=0.506 mean_cost=10.0443 (sbs=10.0484) vs_sbs=-0.04%
     OVRPB: top1=0.576 mean_cost=6.3171 (sbs=6.3220) vs_sbs=-0.08%
     OVRPL: top1=0.398 mean_cost=7.4312 (sbs=7.4376) vs_sbs=-0.08%
     VRPBL: top1=0.524 mean_cost=9.3587 (sbs=9.3593) vs_sbs=-0.01%
    VRPBTW: top1=0.426 mean_cost=19.0439 (sbs=19.6697) vs_sbs=-3.18%
    VRPLTW: top1=0.452 mean_cost=17.6219 (sbs=18.5091) vs_sbs=-4.79%
    OVRPBL: top1=0.586 mean_cost=6.3018 (sbs=6.3103) vs_sbs=-0.13%
   OVRPBTW: top1=0.506 mean_cost=10.4984 (sbs=10.5068) vs_sbs=-0.08%
   OVRPLTW: top1=0.515 mean_cost=10.1249 (sbs=10.1272) vs_sbs=-0.02%
   VRPBLTW: top1=0.448 mean_cost=18.9434 (sbs=19.5198) vs_sbs=-2.95%
  OVRPBLTW: top1=0.507 mean_cost=10.5340 (sbs=10.5412) vs_sbs=-0.07%
wandb:                                                                                
wandb: 
wandb: Run history:
wandb:                                    epoch ▁▁▁▂▂▂▂▂▂▃▃▃▃▃▄▄▄▄▄▄▅▅▅▅▅▅▆▆▆▆▆▇▇▇▇▇▇███
wandb:                   optimization/all_pairs █▄▃▃▂▂▂▂▂▂▂▂▂▂▂▁▁▁▁▁▁▁▁▁▁▁▁▁▁▁▁▁▁▁▁▁▁▁▁▁
wandb:                 optimization/amp_skipped ▁▁▂▂▂▂▂▂▃▃▃▃▃▄▄▄▄▄▄▅▅▅▅▅▅▆▆▆▆▆▆▆▆▇▇▇▇▇▇█
wandb:                          optimization/ce █▃▃▃▂▂▂▂▂▂▂▂▂▂▂▁▁▁▁▁▁▁▁▁▁▁▁▁▁▁▁▁▁▁▁▁▁▁▁▁
wandb:                         optimization/cmp █▄▄▃▃▃▂▂▂▂▂▂▂▂▂▂▁▁▁▁▁▁▁▁▁▁▁▁▁▁▁▁▁▁▁▁▁▁▁▁
wandb:          optimization/consistency_weight ▁▅██████████████████████████████████████
wandb:                   optimization/grad_norm █▇▇▅▄▄▄▄▄▄▄▄▃▃▃▁▂▂▂▁▁▁▂▂▂▃▂▂▂▂▃▂▂▂▃▂▂▂▂▂
wandb:                          optimization/kl ▆█▅▃▂▂▂▂▁▁▁▁▁▁▁▁▁▁▁▂▂▂▂▂▂▂▂▂▂▂▂▃▃▃▃▃▃▃▃▃
wandb:                        optimization/loss █▃▃▂▂▂▂▂▂▂▂▂▂▂▂▁▁▁▁▁▁▁▁▁▁▁▁▁▁▁▁▁▁▁▁▁▁▁▁▁
wandb:                          optimization/lr ▃▆█████████████▄▄▄▄▃▃▃▃▃▃▃▃▂▂▂▂▁▁▁▁▁▁▁▁▁
wandb:             optimization/peak_memory_gib ▁▁▁▁▁▁▁▁▁▁▁▁▁▁▁▁▁▁▁▁▁▁▁▁▁▁▁▁▁▁▁▁▁▁▁▁▁▁▁▁
wandb:                       optimization/pred3 █▄▄▃▃▃▃▂▂▂▂▂▂▂▂▂▂▂▂▁▁▁▁▁▁▁▁▁▁▁▁▁▁▁▁▁▁▁▁▁
wandb:                        optimization/risk █▃▂▂▂▂▁▁▁▁▁▁▁▁▁▁▁▁▁▁▁▁▁▁▁▁▁▁▁▁▁▁▁▁▁▁▁▁▁▁
wandb:                     optimization/samples ▁▁▁▁▁▁▁▁▁▁▁▁▁▁▁▁▁▁▁▁▁▁▁▁▁▁▁▁▁▁▁▁▁▁▁▁▁▁▁▁
wandb:                     optimization/seconds ▅▄▄▃▂▂▂▂▂▄▅▅▅▄▁▁▃▅▅▆▅▅▅▅▄▇███▆▄▅▅▅▅▆▇▇▆▅
wandb:                       optimization/true3 █▅▄▄▃▃▃▃▃▃▃▂▂▂▂▂▂▂▂▁▁▁▁▁▁▁▁▁▁▁▁▁▁▁▁▁▁▁▁▁
wandb:                       successful_updates ▁▁▁▂▂▂▂▂▂▃▃▃▃▃▄▄▄▄▄▄▅▅▅▅▅▅▆▆▆▆▆▇▇▇▇▇▇███
wandb:       train_eval/macro_actual_regret_pct ▇█▄▂▂▁▁▁
wandb:                      train_eval/macro_ce ▇█▆▂▂▂▁▁
wandb:               train_eval/macro_mean_cost ██▄▂▂▁▁▁
wandb: train_eval/macro_reference_top2_accuracy ▁▂▃▆▇███
wandb:                    train_eval/macro_top1 ▁▁▄▆▇███
wandb:          train_eval/macro_top1_tie_aware ▁▁▄▆▇███
wandb:                    train_eval/macro_top2 ▄▁▅▇▇███
wandb:                    train_eval/macro_top3 ▄▁▆▇▇███
wandb:          train_eval/macro_true3_accuracy ▁▂▄▆▇▇██
wandb:      train_eval/macro_vbs_gap_closed_pct ▃▁▆▇▇███
wandb:           train_eval/macro_vs_oracle_pct ▇█▄▂▂▁▁▁
wandb:              train_eval/macro_vs_sbs_pct ▇█▄▂▂▁▁▁
wandb:              val/macro_actual_regret_pct █▃▃▃▂▂▃▂▂▃▂▂▂▂▂▁▁▁▁▁▁▁▁▁▁▁▁▁▁▁▁▁▁▁▁▁▁▁▁▁
wandb:                             val/macro_ce █▅▄▄▄▃▄▃▃▄▃▂▃▂▃▂▁▂▁▁▁▁▁▁▁▁▂▁▁▁▁▁▁▁▁▁▁▁▁▁
wandb:                      val/macro_mean_cost █▃▂▂▂▂▃▂▂▂▂▁▁▁▁▁▁▁▁▁▁▁▁▁▁▁▁▁▁▁▁▁▁▁▁▁▁▁▁▁
wandb:        val/macro_reference_top2_accuracy ▁▃▃▃▄▅▄▅▄▄▆▆▅▇▅▆▇▇▆▇▇▇▇▇▇█▇█████████████
wandb:                           val/macro_top1 ▁▄▄▄▅▅▅▆▅▄▆▆▆▇▆▆▇▇▇▇▇██▇▇▇▇█████████████
wandb:                 val/macro_top1_tie_aware ▁▄▄▄▅▅▅▆▅▄▆▆▆▇▆▆▇▇▇▇▇██▇▇▇▇█████████████
wandb:                           val/macro_top2 ▁▅▆▆▆▆▆▇▆▅▇▇▇▇▇▇▇▇██████████████████████
wandb:                           val/macro_top3 ▁▆▆▆▇▇▆▇▆▅▇▇▇▇▇█████████████████████████
wandb:                 val/macro_true3_accuracy ▁▄▅▅▅▆▆▆▆▅▆▇▆▇▆▇▇▇▇▇▇███████████████████
wandb:             val/macro_vbs_gap_closed_pct ▁▆▆▆▆▆▆▇▆▅▇▇▇▇▇▇████████████████████████
wandb:                  val/macro_vs_oracle_pct █▃▂▂▂▂▃▂▂▂▂▁▂▂▂▁▁▁▁▁▁▁▁▁▁▁▁▁▁▁▁▁▁▁▁▁▁▁▁▁
wandb:                     val/macro_vs_sbs_pct █▃▂▂▂▂▃▂▂▂▂▁▂▂▂▁▁▁▁▁▁▁▁▁▁▁▁▁▁▁▁▁▁▁▁▁▁▁▁▁
wandb: 
wandb: Run summary:
wandb:                                    epoch 40
wandb:                   optimization/all_pairs 0.31118
wandb:                 optimization/amp_skipped 22
wandb:                          optimization/ce 1.05831
wandb:                         optimization/cmp 0.48123
wandb:          optimization/consistency_weight 0.35
wandb:                   optimization/grad_norm 0.77707
wandb:                          optimization/kl 0.00854
wandb:                        optimization/loss 0.5697
wandb:                          optimization/lr 0.0
wandb:             optimization/peak_memory_gib 8.88462
wandb:                       optimization/pred3 0.52717
wandb:                        optimization/risk 1.39345
wandb:                     optimization/samples 180000
wandb:                     optimization/seconds 114.03278
wandb:                       optimization/true3 0.54315
wandb:                       successful_updates 56880
wandb:       train_eval/macro_actual_regret_pct 0.89178
wandb:                      train_eval/macro_ce 1.05314
wandb:               train_eval/macro_mean_cost 11.16994
wandb: train_eval/macro_reference_top2_accuracy 0.59945
wandb:                    train_eval/macro_top1 0.50223
wandb:          train_eval/macro_top1_tie_aware 0.50312
wandb:                    train_eval/macro_top2 0.82833
wandb:                    train_eval/macro_top3 0.9338
wandb:          train_eval/macro_true3_accuracy 0.71237
wandb:      train_eval/macro_vbs_gap_closed_pct 33.84737
wandb:           train_eval/macro_vs_oracle_pct 0.86339
wandb:              train_eval/macro_vs_sbs_pct -1.12504
wandb:              val/macro_actual_regret_pct 0.92983
wandb:                             val/macro_ce 1.08767
wandb:                      val/macro_mean_cost 11.16916
wandb:        val/macro_reference_top2_accuracy 0.58735
wandb:                           val/macro_top1 0.49022
wandb:                 val/macro_top1_tie_aware 0.491
wandb:                           val/macro_top2 0.82522
wandb:                           val/macro_top3 0.92711
wandb:                 val/macro_true3_accuracy 0.70571
wandb:             val/macro_vbs_gap_closed_pct 31.63254
wandb:                  val/macro_vs_oracle_pct 0.89706
wandb:                     val/macro_vs_sbs_pct -1.06624
wandb: 
wandb: You can sync this run to the cloud by running:
wandb: wandb sync code/V4/runs/R45_solver_code_embeddings/A_handcrafted_seed2/wandb/offline-run-20261008_232105-et1rz1d9
wandb: Find logs at: code/V4/runs/R45_solver_code_embeddings/A_handcrafted_seed2/wandb/offline-run-20261008_232105-et1rz1d9/logs
