wandb: Tracking run with wandb version 0.19.11
wandb: W&B syncing is set to `offline` in this directory. Run `wandb online` or set WANDB_MODE=online to enable cloud syncing.
[start] tsp_only_seed4 checkpoint_epoch=50 lr=2e-05 tasks=['TSP']
[train TSP updates 000] ce=1.533871 top1=0.3934 top2=0.6333 top3=0.7741 mean_cost=8.008346 vs_sbs=-0.4963% n=10000 total_updates=0
[val TSP updates 000] ce=1.657517 top1=0.3630 top2=0.5950 top3=0.7460 mean_cost=7.917969 vs_sbs=-0.5006% n=1000 total_updates=0
[progress] tsp_only_seed4 TSP=10/300 total=10 skipped=0 lr=2e-05 elapsed=0.13m
[progress] tsp_only_seed4 TSP=20/300 total=20 skipped=0 lr=2e-05 elapsed=0.19m
[progress] tsp_only_seed4 TSP=30/300 total=30 skipped=0 lr=2e-05 elapsed=0.25m
[train TSP updates 030] ce=1.532550 top1=0.3948 top2=0.6330 top3=0.7751 mean_cost=8.008795 vs_sbs=-0.4907% n=10000 total_updates=30
[val TSP updates 030] ce=1.654725 top1=0.3660 top2=0.5980 top3=0.7590 mean_cost=7.919114 vs_sbs=-0.4862% n=1000 total_updates=30
[progress] tsp_only_seed4 TSP=40/300 total=40 skipped=0 lr=2e-05 elapsed=0.37m
[progress] tsp_only_seed4 TSP=50/300 total=50 skipped=0 lr=2e-05 elapsed=0.43m
[progress] tsp_only_seed4 TSP=60/300 total=60 skipped=0 lr=2e-05 elapsed=0.49m
[train TSP updates 060] ce=1.530381 top1=0.3943 top2=0.6361 top3=0.7763 mean_cost=8.008934 vs_sbs=-0.4890% n=10000 total_updates=60
[val TSP updates 060] ce=1.656490 top1=0.3630 top2=0.5990 top3=0.7580 mean_cost=7.919001 vs_sbs=-0.4876% n=1000 total_updates=60
[progress] tsp_only_seed4 TSP=70/300 total=70 skipped=0 lr=2e-05 elapsed=0.61m
[progress] tsp_only_seed4 TSP=80/300 total=80 skipped=0 lr=2e-05 elapsed=0.67m
[progress] tsp_only_seed4 TSP=90/300 total=90 skipped=0 lr=2e-05 elapsed=0.74m
[train TSP updates 090] ce=1.529911 top1=0.3952 top2=0.6368 top3=0.7757 mean_cost=8.009165 vs_sbs=-0.4861% n=10000 total_updates=90
[val TSP updates 090] ce=1.657828 top1=0.3650 top2=0.5950 top3=0.7580 mean_cost=7.918757 vs_sbs=-0.4907% n=1000 total_updates=90
[progress] tsp_only_seed4 TSP=100/300 total=100 skipped=0 lr=2e-05 elapsed=0.86m
[progress] tsp_only_seed4 TSP=110/300 total=110 skipped=0 lr=2e-05 elapsed=0.92m
[progress] tsp_only_seed4 TSP=120/300 total=120 skipped=0 lr=2e-05 elapsed=0.98m
[train TSP updates 120] ce=1.528157 top1=0.3952 top2=0.6377 top3=0.7769 mean_cost=8.008209 vs_sbs=-0.4980% n=10000 total_updates=120
[val TSP updates 120] ce=1.661663 top1=0.3630 top2=0.5910 top3=0.7500 mean_cost=7.917447 vs_sbs=-0.5071% n=1000 total_updates=120
[progress] tsp_only_seed4 TSP=130/300 total=130 skipped=0 lr=2e-05 elapsed=1.10m
[progress] tsp_only_seed4 TSP=140/300 total=140 skipped=0 lr=2e-05 elapsed=1.16m
[progress] tsp_only_seed4 TSP=150/300 total=150 skipped=0 lr=2e-05 elapsed=1.22m
[train TSP updates 150] ce=1.525876 top1=0.3962 top2=0.6382 top3=0.7772 mean_cost=8.008657 vs_sbs=-0.4924% n=10000 total_updates=150
[val TSP updates 150] ce=1.659544 top1=0.3630 top2=0.5920 top3=0.7570 mean_cost=7.918609 vs_sbs=-0.4925% n=1000 total_updates=150
[progress] tsp_only_seed4 TSP=160/300 total=160 skipped=0 lr=2e-05 elapsed=1.34m
[progress] tsp_only_seed4 TSP=170/300 total=170 skipped=0 lr=2e-05 elapsed=1.40m
[progress] tsp_only_seed4 TSP=180/300 total=180 skipped=0 lr=2e-05 elapsed=1.47m
[train TSP updates 180] ce=1.524520 top1=0.3952 top2=0.6391 top3=0.7787 mean_cost=8.008238 vs_sbs=-0.4976% n=10000 total_updates=180
[val TSP updates 180] ce=1.660509 top1=0.3660 top2=0.5950 top3=0.7550 mean_cost=7.917138 vs_sbs=-0.5110% n=1000 total_updates=180
[progress] tsp_only_seed4 TSP=190/300 total=190 skipped=0 lr=2e-05 elapsed=1.58m
[progress] tsp_only_seed4 TSP=200/300 total=200 skipped=0 lr=2e-05 elapsed=1.65m
[progress] tsp_only_seed4 TSP=210/300 total=210 skipped=0 lr=2e-05 elapsed=1.71m
[train TSP updates 210] ce=1.522918 top1=0.3971 top2=0.6400 top3=0.7777 mean_cost=8.008788 vs_sbs=-0.4908% n=10000 total_updates=210
[val TSP updates 210] ce=1.662798 top1=0.3660 top2=0.6000 top3=0.7540 mean_cost=7.918919 vs_sbs=-0.4886% n=1000 total_updates=210
[progress] tsp_only_seed4 TSP=220/300 total=220 skipped=0 lr=2e-05 elapsed=1.83m
[progress] tsp_only_seed4 TSP=230/300 total=230 skipped=0 lr=2e-05 elapsed=1.89m
[progress] tsp_only_seed4 TSP=240/300 total=240 skipped=0 lr=2e-05 elapsed=1.95m
[train TSP updates 240] ce=1.522587 top1=0.3974 top2=0.6397 top3=0.7781 mean_cost=8.009394 vs_sbs=-0.4832% n=10000 total_updates=240
[val TSP updates 240] ce=1.662958 top1=0.3610 top2=0.5960 top3=0.7500 mean_cost=7.919741 vs_sbs=-0.4783% n=1000 total_updates=240
[progress] tsp_only_seed4 TSP=250/300 total=250 skipped=0 lr=2e-05 elapsed=2.07m
[progress] tsp_only_seed4 TSP=260/300 total=260 skipped=0 lr=2e-05 elapsed=2.13m
[progress] tsp_only_seed4 TSP=270/300 total=270 skipped=0 lr=2e-05 elapsed=2.20m
[train TSP updates 270] ce=1.518850 top1=0.3989 top2=0.6405 top3=0.7796 mean_cost=8.008459 vs_sbs=-0.4949% n=10000 total_updates=270
[val TSP updates 270] ce=1.658870 top1=0.3650 top2=0.5970 top3=0.7500 mean_cost=7.918292 vs_sbs=-0.4965% n=1000 total_updates=270
[progress] tsp_only_seed4 TSP=280/300 total=280 skipped=0 lr=2e-05 elapsed=2.31m
[progress] tsp_only_seed4 TSP=290/300 total=290 skipped=0 lr=2e-05 elapsed=2.38m
[progress] tsp_only_seed4 TSP=300/300 total=300 skipped=0 lr=2e-05 elapsed=2.44m
[train TSP updates 300] ce=1.518664 top1=0.3993 top2=0.6412 top3=0.7807 mean_cost=8.009137 vs_sbs=-0.4864% n=10000 total_updates=300
[val TSP updates 300] ce=1.661718 top1=0.3620 top2=0.5970 top3=0.7520 mean_cost=7.920026 vs_sbs=-0.4747% n=1000 total_updates=300
wandb:                                                                                
wandb: 
wandb: Run history:
wandb:         train/ce █▇▆▆▅▄▄▃▃▁▁
wandb:  train/mean_cost ▂▄▅▇▁▄▁▄█▂▆
wandb:       train/top1 ▁▃▂▃▃▄▃▅▆██
wandb:       train/top2 ▁▁▄▄▅▅▆▇▇▇█
wandb:       train/top3 ▁▂▃▃▄▄▆▅▅▇█
wandb: train/vs_sbs_pct ▂▄▅▇▁▄▁▄█▂▆
wandb:           val/ce ▃▁▃▄▇▅▆██▅▇
wandb:    val/mean_cost ▃▆▆▅▂▅▁▅▇▄█
wandb:         val/top1 ▄█▄▇▄▄██▁▇▂
wandb:         val/top2 ▄▆▇▄▁▂▄█▅▆▆
wandb:         val/top3 ▁█▇▇▃▇▆▅▃▃▄
wandb:   val/vs_sbs_pct ▃▆▆▅▂▅▁▅▇▄█
wandb: 
wandb: Run summary:
wandb:         train/ce 1.51866
wandb:  train/mean_cost 8.00914
wandb:       train/top1 0.3993
wandb:       train/top2 0.6412
wandb:       train/top3 0.7807
wandb: train/vs_sbs_pct -0.48643
wandb:           val/ce 1.66172
wandb:    val/mean_cost 7.92003
wandb:         val/top1 0.362
wandb:         val/top2 0.597
wandb:         val/top3 0.752
wandb:   val/vs_sbs_pct -0.47471
wandb: 
wandb: You can sync this run to the cloud by running:
wandb: wandb sync code/V4/runs/R35_multitask_probe/tsp_only_seed4/wandb/offline-run-20260930_121352-e31bubue
wandb: Find logs at: code/V4/runs/R35_multitask_probe/tsp_only_seed4/wandb/offline-run-20260930_121352-e31bubue/logs
[done] tsp_only_seed4 TSP=300 total=300
