[01:21:29] 开始构建共享数据集
[01:21:29] 扫描结果目录: /public/home/zhoucl/shiys/EasyNCO/results/test
[01:21:29] 已找到最新 runs 数量: 20
[01:21:29] 开始解析原始 .pt 数据集路径
[01:21:29] TSP 数据集: /public/home/zhoucl/shiys/EasyNCO/data/datasets/test_dataset_tsp_uniform/test_tsp100_nums10000_uniform.pt
[01:21:29] CVRP 数据集: /public/home/zhoucl/shiys/EasyNCO/data/datasets/test_dataset_vrp_uniform/test_vrp100_capacity50_nums10000_uniform.pt
[01:21:29] 开始加载原始实例张量
[01:21:29] 实例加载完成: tsp=10000, cvrp=10000
[01:21:29] 开始聚合问题 tsp，候选方法数=12
[01:21:30] tsp 可用实例数=500
[01:21:31] 问题 tsp 聚合完成，当前累计样本数=500
[01:21:31] 开始聚合问题 cvrp，候选方法数=8
[01:21:32] cvrp 可用实例数=500
[01:21:33] 问题 cvrp 聚合完成，当前累计样本数=1000
[01:21:33] 全部样本构建完成，最终样本数=1000
[01:21:33] 数据集构建完成，样本总数=1000
[01:21:33] 开始做 train/val/test 分层切分
[01:21:33] 数据切分完成: train=700, val=150, test=150
[01:21:33] 训练集 baseline 拟合完成 | single_best_global=pointerformer | single_best_per_problem={'cvrp': 'lehd', 'tsp': 'icam'}
[01:21:33] 训练集 hardness 参考均值 | cvrp=0.005709 | tsp=0.001280
[01:21:33] cvrp one-vs-default candidates = ['icam', 'elg', 'omni']
[01:21:33] cvrp one-vs-default gain priors = icam:0.7402, elg:0.7108, omni:0.3355
[01:21:33] tsp one-vs-default candidates = ['lehd', 'pointerformer', 'elg', 'difusco']
[01:21:33] tsp one-vs-default gain priors = lehd:0.7609, pointerformer:0.5055, difusco:0.4727, elg:0.3876
[01:21:33] val 参考 baseline 已计算 | sbp_tsp_cost=7.736413 | sbp_cvrp_cost=16.259549
[01:21:35] 模型构造完成: OneVsDefaultBeatRanker
[01:21:35] beat prob threshold grid = [0.3, 0.4, 0.5, 0.55, 0.6, 0.65, 0.7, 0.75, 0.8, 0.85, 0.9]
[01:21:35] 开始监督排序训练: epochs=5 | batch_size=32 | loss=one_vs_default_beat | hard_alpha=2.0 | prior=none | switch_scale=1.0 | select_by=gain_vs_single_best_per_problem
[01:21:42] epoch=1 | step=20 | batch=20/22 | loss=0.674911 | mean_loss=0.685847 | mean_sample_weight=1.8168 | positive_rate=0.339286
[01:21:42] epoch=1 | step=22 | batch=22/22 | loss=0.672325 | mean_loss=0.684763 | mean_sample_weight=1.8719 | positive_rate=0.397959
[01:21:42] 完成 epoch 1/5 | train_mean_loss=0.684763 | pair_count=0 | mean_epoch_sample_weight=1.9993
[01:21:43] checkpoint 已保存: 2l2r/outputs/2026-04-02_ovd_beat_smoke_500/checkpoints/epoch_0001.pt
[01:21:43] val beat 概率阈值搜索完成 | cvrp=0.5500 | tsp=0.5500
[01:21:43] epoch=1 | val | tsp_cost=7.736413 | cvrp_cost=16.259549 | gain_vs_sbp_macro=+0.000000
[01:21:44] 发现新的 best val | metric=gain_vs_single_best_per_problem | selection_score=0.000000 | overall_mean_cost=11.997981 | checkpoint=2l2r/outputs/2026-04-02_ovd_beat_smoke_500/checkpoints/best.pt
[01:21:48] epoch=2 | step=42 | batch=20/22 | loss=0.619543 | mean_loss=0.656695 | mean_sample_weight=2.3464 | positive_rate=0.396396
[01:21:48] epoch=2 | step=44 | batch=22/22 | loss=0.661800 | mean_loss=0.656109 | mean_sample_weight=1.7517 | positive_rate=0.272727
[01:21:48] 完成 epoch 2/5 | train_mean_loss=0.656109 | pair_count=0 | mean_epoch_sample_weight=1.9993
[01:21:48] checkpoint 已保存: 2l2r/outputs/2026-04-02_ovd_beat_smoke_500/checkpoints/epoch_0002.pt
[01:21:48] val beat 概率阈值搜索完成 | cvrp=0.6000 | tsp=0.6000
[01:21:48] epoch=2 | val | tsp_cost=7.736413 | cvrp_cost=16.259549 | gain_vs_sbp_macro=+0.000000
[01:21:48] val 未提升 | metric=gain_vs_single_best_per_problem | best_selection_score=0.000000 | current_selection_score=0.000000 | best_cost=11.997981 | current_cost=11.997981 | patience=1/5
[01:21:50] epoch=3 | step=64 | batch=20/22 | loss=0.614798 | mean_loss=0.617151 | mean_sample_weight=1.8792 | positive_rate=0.302752
[01:21:50] epoch=3 | step=66 | batch=22/22 | loss=0.708311 | mean_loss=0.618668 | mean_sample_weight=1.3647 | positive_rate=0.163265
[01:21:50] 完成 epoch 3/5 | train_mean_loss=0.618668 | pair_count=0 | mean_epoch_sample_weight=1.9993
[01:21:50] checkpoint 已保存: 2l2r/outputs/2026-04-02_ovd_beat_smoke_500/checkpoints/epoch_0003.pt
[01:21:51] val beat 概率阈值搜索完成 | cvrp=0.7000 | tsp=0.7000
[01:21:51] epoch=3 | val | tsp_cost=7.736413 | cvrp_cost=16.259549 | gain_vs_sbp_macro=+0.000000
[01:21:51] val 未提升 | metric=gain_vs_single_best_per_problem | best_selection_score=0.000000 | current_selection_score=0.000000 | best_cost=11.997981 | current_cost=11.997981 | patience=2/5
[01:21:52] epoch=4 | step=86 | batch=20/22 | loss=0.568361 | mean_loss=0.589984 | mean_sample_weight=2.1373 | positive_rate=0.318182
[01:21:53] epoch=4 | step=88 | batch=22/22 | loss=0.641726 | mean_loss=0.585370 | mean_sample_weight=1.6193 | positive_rate=0.295918
[01:21:53] 完成 epoch 4/5 | train_mean_loss=0.585370 | pair_count=0 | mean_epoch_sample_weight=1.9993
[01:21:53] checkpoint 已保存: 2l2r/outputs/2026-04-02_ovd_beat_smoke_500/checkpoints/epoch_0004.pt
[01:21:53] val beat 概率阈值搜索完成 | cvrp=0.8000 | tsp=0.8000
[01:21:53] epoch=4 | val | tsp_cost=7.736413 | cvrp_cost=16.259549 | gain_vs_sbp_macro=+0.000000
[01:21:53] val 未提升 | metric=gain_vs_single_best_per_problem | best_selection_score=0.000000 | current_selection_score=0.000000 | best_cost=11.997981 | current_cost=11.997981 | patience=3/5
[01:21:55] epoch=5 | step=108 | batch=20/22 | loss=0.468222 | mean_loss=0.583466 | mean_sample_weight=2.7420 | positive_rate=0.435897
[01:21:55] epoch=5 | step=110 | batch=22/22 | loss=0.590117 | mean_loss=0.579438 | mean_sample_weight=1.9716 | positive_rate=0.330000
[01:21:55] 完成 epoch 5/5 | train_mean_loss=0.579438 | pair_count=0 | mean_epoch_sample_weight=1.9993
[01:21:55] checkpoint 已保存: 2l2r/outputs/2026-04-02_ovd_beat_smoke_500/checkpoints/epoch_0005.pt
[01:21:56] val beat 概率阈值搜索完成 | cvrp=0.8000 | tsp=0.8000
[01:21:56] epoch=5 | val | tsp_cost=7.736413 | cvrp_cost=16.259549 | gain_vs_sbp_macro=+0.000000
[01:21:56] val 未提升 | metric=gain_vs_single_best_per_problem | best_selection_score=0.000000 | current_selection_score=0.000000 | best_cost=11.997981 | current_cost=11.997981 | patience=4/5
[01:21:56] 最终 checkpoint 已保存: 2l2r/outputs/2026-04-02_ovd_beat_smoke_500/checkpoints/final.pt
[01:21:56] 载入 best checkpoint 做最终评测: 2l2r/outputs/2026-04-02_ovd_beat_smoke_500/checkpoints/best.pt
[01:21:57] 最终评测前重新用 val 搜索 beat 概率阈值 | cvrp=0.5500 | tsp=0.5500
[01:21:57] 在 val 集上评测 (150 实例)...
[01:21:57]     已评测 150/150...
[01:21:57] val 评测完成 | mean_reward=0.840909 | top1_accuracy=0.320000 | mean_regret=0.037717 | mean_cost=11.997981
[01:21:57] 在 test 集上评测 (150 实例)...
[01:21:57]     已评测 150/150...
[01:21:57] test 评测完成 | mean_reward=0.833896 | top1_accuracy=0.306667 | mean_regret=0.047333 | mean_cost=11.752519
[01:21:57] 开始计算 baseline 对比
[01:21:57] baseline 对比完成
[01:21:57] 
======================================================================
  评测结果 | OneVsDefaultBeatRanker
======================================================================

  ALL (150 实例):
    mean_reward:    0.8339
    mean_rank:      2.50
    top1_hit_rate:    0.2667  (40/150)
    top2_hit_rate:    0.5667  (85/150)
    top3_hit_rate:    0.7267  (109/150)
    regret:         0.0473
    mean_cost:      11.7525  (模型选择)
    oracle_cost:    11.7052  (每个实例选最好的)

  TSP (75 实例):
    mean_reward:    0.8297
    mean_rank:      2.87
    top1_hit_rate:    0.1467  (11/75)
    top2_hit_rate:    0.4800  (36/75)
    top3_hit_rate:    0.6267  (47/75)
    regret:         0.0133
    mean_cost:      7.8054  (模型选择)
    oracle_cost:    7.7920  (每个实例选最好的)

  CVRP (75 实例):
    mean_reward:    0.8381
    mean_rank:      2.13
    top1_hit_rate:    0.3867  (29/75)
    top2_hit_rate:    0.6533  (49/75)
    top3_hit_rate:    0.8267  (62/75)
    regret:         0.0813
    mean_cost:      15.6997  (模型选择)
    oracle_cost:    15.6183  (每个实例选最好的)

======================================================================
  Baseline 对比 (在同一 test 集上)
======================================================================

  TSP (75 实例):
    oracle mean_cost:                7.7920  (每实例选最好的, 上界)
    模型选择 mean_cost:              7.8054
    single_best_per_problem:         7.8054
    gain vs single_best_per_problem: +0.0000
    single_best_global:              7.8007
    random mean_cost:                10.7566  (均匀随机的期望)

  CVRP (75 实例):
    oracle mean_cost:                15.6183  (每实例选最好的, 上界)
    模型选择 mean_cost:              15.6997
    single_best_per_problem:         15.6997
    gain vs single_best_per_problem: +0.0000
    single_best_global:              15.6997
    random mean_cost:                18.3355  (均匀随机的期望)

======================================================================
  各臂选择分布
======================================================================

  TSP (75 实例):
     3(icam            ):    75 次 (100.0%)

  CVRP (75 实例):
     0(lehd            ):    75 次 (100.0%)

  ALL (150 实例):
     0(lehd            ):    75 次 ( 50.0%)
     3(icam            ):    75 次 ( 50.0%)

======================================================================
  各臂被选后的真实效果
======================================================================

  TSP:
    arm                   count  mean_cost  mean_reward  top1_rate  mean_rank
    ────────────────────────────────────────────────────────────────────
     3(icam            )       75     7.8054       0.8297     0.1467       2.87

  CVRP:
    arm                   count  mean_cost  mean_reward  top1_rate  mean_rank
    ────────────────────────────────────────────────────────────────────
     0(lehd            )       75    15.6997       0.8381     0.3867       2.13

======================================================================
  Oracle 最优臂分布 (test 集上哪个方法最常是最优的)
======================================================================

  TSP (75 实例):
     0(lehd            ):    28 次 ( 37.3%)
     8(pointerformer   ):    21 次 ( 28.0%)
     3(icam            ):    17 次 ( 22.7%)
     1(elg             ):     7 次 (  9.3%)
     9(difusco         ):     2 次 (  2.7%)

  CVRP (75 实例):
     0(lehd            ):    29 次 ( 38.7%)
     3(icam            ):    27 次 ( 36.0%)
     1(elg             ):    16 次 ( 21.3%)
     7(omni            ):     3 次 (  4.0%)

[01:21:57] summary 已写出: 2l2r/outputs/2026-04-02_ovd_beat_smoke_500/summary.json

