10:51:37 | epoch=1 | TRAIN[0] | TSP | select arm=0(bq) | reason=warm_start
     0(bq              ): pulls=   0 | mean=-0.7522 | bonus=34.3832 | score=+33.6310 | raw=+33.6310 <--
     1(elg             ): pulls=   0 | mean=-0.8202 | bonus=34.6227 | score=+33.8025 | raw=+33.8025
     2(lehd            ): pulls=   0 | mean=-0.7844 | bonus=34.3824 | score=+33.5979 | raw=+33.5979
     3(t2t             ): pulls=   0 | mean=-0.7577 | bonus=34.4713 | score=+33.7136 | raw=+33.7136
     4(t2t500          ): pulls=   0 | mean=-0.7731 | bonus=34.4743 | score=+33.7012 | raw=+33.7012
     5(difusco         ): pulls=   0 | mean=-0.7895 | bonus=34.4358 | score=+33.6463 | raw=+33.6463
     6(difusco500      ): pulls=   0 | mean=-0.7612 | bonus=34.6072 | score=+33.8459 | raw=+33.8459
10:51:37 | t=1 | UPDATE | problem=TSP | uid=tsp:train:9262 | global_index=9262 | arm=0(bq)
    outcome: reward=0.3333 | selected_cost=8.3433 | best_cost=8.0405 | regret=0.3028
    result: record_global_index=9262 | name=None | score=8.3433
    arm_stats: global_pulls=1 | problem_arm_pulls=1 | avg_reward=0.3333 | problem_arm_avg_reward=0.3333
    state: history=1 | U_norm=2356.3606 | U_mean=1.004890 | U_min=1.000000 | U_max=1041.558594
10:51:37 | t=1 | TRAIN | module=reward_net | trigger=warmup(<= 180)
    optimize: epochs=20 | steps=20 | batch_size=1 | replay=balanced_problem_arm | history=1 | lr=0.001
    loss: avg=nan | min=nan | max=nan | last=nan
    state: U_norm=2356.3606 | U_mean=1.004890 | U_min=1.000000 | U_max=1041.558594
10:51:37 | epoch=1 | TRAIN[1] | TSP | select arm=1(elg) | reason=warm_start
     0(bq              ): pulls=   1 | mean=+nan | bonus=nan | score=+nan | raw=+nan | p_mean_reward=0.3333
     1(elg             ): pulls=   0 | mean=+nan | bonus=nan | score=+nan | raw=+nan <--
     2(lehd            ): pulls=   0 | mean=+nan | bonus=nan | score=+nan | raw=+nan
     3(t2t             ): pulls=   0 | mean=+nan | bonus=nan | score=+nan | raw=+nan
     4(t2t500          ): pulls=   0 | mean=+nan | bonus=nan | score=+nan | raw=+nan
     5(difusco         ): pulls=   0 | mean=+nan | bonus=nan | score=+nan | raw=+nan
     6(difusco500      ): pulls=   0 | mean=+nan | bonus=nan | score=+nan | raw=+nan
10:51:37 | t=2 | UPDATE | problem=TSP | uid=tsp:train:4586 | global_index=4586 | arm=1(elg)
    outcome: reward=0.0000 | selected_cost=9.5631 | best_cost=9.1657 | regret=0.3974
    result: record_global_index=4586 | name=None | score=9.5631
    arm_stats: global_pulls=1 | problem_arm_pulls=1 | avg_reward=0.0000 | problem_arm_avg_reward=0.0000
    state: history=2 | U_norm=nan | U_mean=nan | U_min=nan | U_max=nan
10:51:37 | t=2 | TRAIN | module=reward_net | trigger=warmup(<= 180)
    optimize: epochs=20 | steps=20 | batch_size=2 | replay=balanced_problem_arm | history=2 | lr=0.001
    loss: avg=nan | min=nan | max=nan | last=nan
    state: U_norm=nan | U_mean=nan | U_min=nan | U_max=nan
10:51:37 | epoch=1 | TRAIN[2] | TSP | select arm=2(lehd) | reason=warm_start
     0(bq              ): pulls=   1 | mean=+nan | bonus=nan | score=+nan | raw=+nan | p_mean_reward=0.3333
     1(elg             ): pulls=   1 | mean=+nan | bonus=nan | score=+nan | raw=+nan | p_mean_reward=0.0000
     2(lehd            ): pulls=   0 | mean=+nan | bonus=nan | score=+nan | raw=+nan <--
     3(t2t             ): pulls=   0 | mean=+nan | bonus=nan | score=+nan | raw=+nan
     4(t2t500          ): pulls=   0 | mean=+nan | bonus=nan | score=+nan | raw=+nan
     5(difusco         ): pulls=   0 | mean=+nan | bonus=nan | score=+nan | raw=+nan
     6(difusco500      ): pulls=   0 | mean=+nan | bonus=nan | score=+nan | raw=+nan
10:51:38 | t=3 | UPDATE | problem=TSP | uid=tsp:train:4877 | global_index=4877 | arm=2(lehd)
    outcome: reward=0.8333 | selected_cost=16.7069 | best_cost=16.6705 | regret=0.0364
    result: record_global_index=4877 | name=None | score=16.7069
    arm_stats: global_pulls=1 | problem_arm_pulls=1 | avg_reward=0.8333 | problem_arm_avg_reward=0.8333
    state: history=3 | U_norm=nan | U_mean=nan | U_min=nan | U_max=nan
10:51:38 | t=3 | TRAIN | module=reward_net | trigger=warmup(<= 180)
    optimize: epochs=20 | steps=20 | batch_size=3 | replay=balanced_problem_arm | history=3 | lr=0.001
    loss: avg=nan | min=nan | max=nan | last=nan
    state: U_norm=nan | U_mean=nan | U_min=nan | U_max=nan
10:51:38 | epoch=1 | TRAIN[3] | TSP | select arm=3(t2t) | reason=warm_start
     0(bq              ): pulls=   1 | mean=+nan | bonus=nan | score=+nan | raw=+nan | p_mean_reward=0.3333
     1(elg             ): pulls=   1 | mean=+nan | bonus=nan | score=+nan | raw=+nan | p_mean_reward=0.0000
     2(lehd            ): pulls=   1 | mean=+nan | bonus=nan | score=+nan | raw=+nan | p_mean_reward=0.8333
     3(t2t             ): pulls=   0 | mean=+nan | bonus=nan | score=+nan | raw=+nan <--
     4(t2t500          ): pulls=   0 | mean=+nan | bonus=nan | score=+nan | raw=+nan
     5(difusco         ): pulls=   0 | mean=+nan | bonus=nan | score=+nan | raw=+nan
     6(difusco500      ): pulls=   0 | mean=+nan | bonus=nan | score=+nan | raw=+nan
10:51:38 | t=4 | UPDATE | problem=TSP | uid=tsp:train:3560 | global_index=3560 | arm=3(t2t)
    outcome: reward=0.6667 | selected_cost=6.6809 | best_cost=6.5961 | regret=0.0847
    result: record_global_index=3560 | name=None | score=6.6809
    arm_stats: global_pulls=1 | problem_arm_pulls=1 | avg_reward=0.6667 | problem_arm_avg_reward=0.6667
    state: history=4 | U_norm=nan | U_mean=nan | U_min=nan | U_max=nan
10:51:38 | t=4 | TRAIN | module=reward_net | trigger=warmup(<= 180)
    optimize: epochs=20 | steps=20 | batch_size=4 | replay=balanced_problem_arm | history=4 | lr=0.001
    loss: avg=nan | min=nan | max=nan | last=nan
    state: U_norm=nan | U_mean=nan | U_min=nan | U_max=nan
10:51:39 | epoch=1 | TRAIN[4] | CVRP | select arm=7(omni) | reason=warm_start
     0(bq              ): pulls=   0 | mean=+nan | bonus=nan | score=+nan | raw=+nan
     1(elg             ): pulls=   0 | mean=+nan | bonus=nan | score=+nan | raw=+nan
     2(lehd            ): pulls=   0 | mean=+nan | bonus=nan | score=+nan | raw=+nan
     7(omni            ): pulls=   0 | mean=+nan | bonus=nan | score=+nan | raw=+nan <--
     8(mvmoe           ): pulls=   0 | mean=+nan | bonus=nan | score=+nan | raw=+nan
10:51:39 | t=5 | UPDATE | problem=CVRP | uid=cvrp:train:4415 | global_index=4415 | arm=7(omni)
    outcome: reward=1.0000 | selected_cost=28.9864 | best_cost=28.9864 | regret=0.0000
    result: record_global_index=4415 | name=None | score=28.9864
    arm_stats: global_pulls=1 | problem_arm_pulls=1 | avg_reward=1.0000 | problem_arm_avg_reward=1.0000
    state: history=5 | U_norm=nan | U_mean=nan | U_min=nan | U_max=nan
10:51:39 | t=5 | TRAIN | module=reward_net | trigger=warmup(<= 180)
    optimize: epochs=20 | steps=20 | batch_size=5 | replay=balanced_problem_arm | history=5 | lr=0.001
    loss: avg=nan | min=nan | max=nan | last=nan
    state: U_norm=nan | U_mean=nan | U_min=nan | U_max=nan
10:51:39 | epoch=1 | TRAIN[5] | CVRP | select arm=8(mvmoe) | reason=warm_start
     0(bq              ): pulls=   0 | mean=+nan | bonus=nan | score=+nan | raw=+nan
     1(elg             ): pulls=   0 | mean=+nan | bonus=nan | score=+nan | raw=+nan
     2(lehd            ): pulls=   0 | mean=+nan | bonus=nan | score=+nan | raw=+nan
     7(omni            ): pulls=   1 | mean=+nan | bonus=nan | score=+nan | raw=+nan | p_mean_reward=1.0000
     8(mvmoe           ): pulls=   0 | mean=+nan | bonus=nan | score=+nan | raw=+nan <--
10:51:40 | t=6 | UPDATE | problem=CVRP | uid=cvrp:train:6562 | global_index=6562 | arm=8(mvmoe)
    outcome: reward=0.5000 | selected_cost=7.7125 | best_cost=7.4896 | regret=0.2229
    result: record_global_index=6562 | name=None | score=7.7125
    arm_stats: global_pulls=1 | problem_arm_pulls=1 | avg_reward=0.5000 | problem_arm_avg_reward=0.5000
    state: history=6 | U_norm=nan | U_mean=nan | U_min=nan | U_max=nan
10:51:40 | t=6 | TRAIN | module=reward_net | trigger=warmup(<= 180)
    optimize: epochs=20 | steps=20 | batch_size=6 | replay=balanced_problem_arm | history=6 | lr=0.001
    loss: avg=nan | min=nan | max=nan | last=nan
    state: U_norm=nan | U_mean=nan | U_min=nan | U_max=nan
10:51:40 | epoch=1 | TRAIN[6] | TSP | select arm=4(t2t500) | reason=warm_start
     0(bq              ): pulls=   1 | mean=+nan | bonus=nan | score=+nan | raw=+nan | p_mean_reward=0.3333
     1(elg             ): pulls=   1 | mean=+nan | bonus=nan | score=+nan | raw=+nan | p_mean_reward=0.0000
     2(lehd            ): pulls=   1 | mean=+nan | bonus=nan | score=+nan | raw=+nan | p_mean_reward=0.8333
     3(t2t             ): pulls=   1 | mean=+nan | bonus=nan | score=+nan | raw=+nan | p_mean_reward=0.6667
     4(t2t500          ): pulls=   0 | mean=+nan | bonus=nan | score=+nan | raw=+nan <--
     5(difusco         ): pulls=   0 | mean=+nan | bonus=nan | score=+nan | raw=+nan
     6(difusco500      ): pulls=   0 | mean=+nan | bonus=nan | score=+nan | raw=+nan
10:51:41 | t=7 | UPDATE | problem=TSP | uid=tsp:train:7331 | global_index=7331 | arm=4(t2t500)
    outcome: reward=0.3333 | selected_cost=10.5149 | best_cost=10.0201 | regret=0.4948
    result: record_global_index=7331 | name=None | score=10.5149
    arm_stats: global_pulls=1 | problem_arm_pulls=1 | avg_reward=0.3333 | problem_arm_avg_reward=0.3333
    state: history=7 | U_norm=nan | U_mean=nan | U_min=nan | U_max=nan
10:51:41 | t=7 | TRAIN | module=reward_net | trigger=warmup(<= 180)
    optimize: epochs=20 | steps=20 | batch_size=7 | replay=balanced_problem_arm | history=7 | lr=0.001
    loss: avg=nan | min=nan | max=nan | last=nan
    state: U_norm=nan | U_mean=nan | U_min=nan | U_max=nan
10:51:41 | epoch=1 | TRAIN[7] | CVRP | select arm=0(bq) | reason=warm_start
     0(bq              ): pulls=   0 | mean=+nan | bonus=nan | score=+nan | raw=+nan <--
     1(elg             ): pulls=   0 | mean=+nan | bonus=nan | score=+nan | raw=+nan
     2(lehd            ): pulls=   0 | mean=+nan | bonus=nan | score=+nan | raw=+nan
     7(omni            ): pulls=   1 | mean=+nan | bonus=nan | score=+nan | raw=+nan | p_mean_reward=1.0000
     8(mvmoe           ): pulls=   1 | mean=+nan | bonus=nan | score=+nan | raw=+nan | p_mean_reward=0.5000
10:51:42 | t=8 | UPDATE | problem=CVRP | uid=cvrp:train:8263 | global_index=8263 | arm=0(bq)
    outcome: reward=0.7500 | selected_cost=9.7199 | best_cost=9.6352 | regret=0.0847
    result: record_global_index=8263 | name=None | score=9.7199
    arm_stats: global_pulls=2 | problem_arm_pulls=1 | avg_reward=0.5417 | problem_arm_avg_reward=0.7500
    state: history=8 | U_norm=nan | U_mean=nan | U_min=nan | U_max=nan
10:51:42 | t=8 | TRAIN | module=reward_net | trigger=warmup(<= 180)
    optimize: epochs=20 | steps=20 | batch_size=8 | replay=balanced_problem_arm | history=8 | lr=0.001
    loss: avg=nan | min=nan | max=nan | last=nan
    state: U_norm=nan | U_mean=nan | U_min=nan | U_max=nan
10:51:42 | epoch=1 | TRAIN[8] | CVRP | select arm=1(elg) | reason=warm_start
     0(bq              ): pulls=   1 | mean=+nan | bonus=nan | score=+nan | raw=+nan | p_mean_reward=0.7500
     1(elg             ): pulls=   0 | mean=+nan | bonus=nan | score=+nan | raw=+nan <--
     2(lehd            ): pulls=   0 | mean=+nan | bonus=nan | score=+nan | raw=+nan
     7(omni            ): pulls=   1 | mean=+nan | bonus=nan | score=+nan | raw=+nan | p_mean_reward=1.0000
     8(mvmoe           ): pulls=   1 | mean=+nan | bonus=nan | score=+nan | raw=+nan | p_mean_reward=0.5000
10:51:43 | t=9 | UPDATE | problem=CVRP | uid=cvrp:train:472 | global_index=472 | arm=1(elg)
    outcome: reward=0.7500 | selected_cost=26.0131 | best_cost=25.0574 | regret=0.9557
    result: record_global_index=472 | name=None | score=26.0131
    arm_stats: global_pulls=2 | problem_arm_pulls=1 | avg_reward=0.3750 | problem_arm_avg_reward=0.7500
    state: history=9 | U_norm=nan | U_mean=nan | U_min=nan | U_max=nan
10:51:43 | t=9 | TRAIN | module=reward_net | trigger=warmup(<= 180)
    optimize: epochs=20 | steps=20 | batch_size=9 | replay=balanced_problem_arm | history=9 | lr=0.001
    loss: avg=nan | min=nan | max=nan | last=nan
    state: U_norm=nan | U_mean=nan | U_min=nan | U_max=nan
10:51:43 | epoch=1 | TRAIN[9] | TSP | select arm=5(difusco) | reason=warm_start
     0(bq              ): pulls=   1 | mean=+nan | bonus=nan | score=+nan | raw=+nan | p_mean_reward=0.3333
     1(elg             ): pulls=   1 | mean=+nan | bonus=nan | score=+nan | raw=+nan | p_mean_reward=0.0000
     2(lehd            ): pulls=   1 | mean=+nan | bonus=nan | score=+nan | raw=+nan | p_mean_reward=0.8333
     3(t2t             ): pulls=   1 | mean=+nan | bonus=nan | score=+nan | raw=+nan | p_mean_reward=0.6667
     4(t2t500          ): pulls=   1 | mean=+nan | bonus=nan | score=+nan | raw=+nan | p_mean_reward=0.3333
     5(difusco         ): pulls=   0 | mean=+nan | bonus=nan | score=+nan | raw=+nan <--
     6(difusco500      ): pulls=   0 | mean=+nan | bonus=nan | score=+nan | raw=+nan
10:51:44 | t=10 | UPDATE | problem=TSP | uid=tsp:train:5696 | global_index=5696 | arm=5(difusco)
    outcome: reward=0.6667 | selected_cost=5.8145 | best_cost=5.7796 | regret=0.0350
    result: record_global_index=5696 | name=None | score=5.8145
    arm_stats: global_pulls=1 | problem_arm_pulls=1 | avg_reward=0.6667 | problem_arm_avg_reward=0.6667
    state: history=10 | U_norm=nan | U_mean=nan | U_min=nan | U_max=nan
10:51:44 | t=10 | TRAIN | module=reward_net | trigger=warmup(<= 180)
    optimize: epochs=20 | steps=20 | batch_size=10 | replay=balanced_problem_arm | history=10 | lr=0.001
    loss: avg=nan | min=nan | max=nan | last=nan
    state: U_norm=nan | U_mean=nan | U_min=nan | U_max=nan
10:51:44 | epoch=1 | TRAIN[10] | CVRP | select arm=2(lehd) | reason=warm_start
     0(bq              ): pulls=   1 | mean=+nan | bonus=nan | score=+nan | raw=+nan | p_mean_reward=0.7500
     1(elg             ): pulls=   1 | mean=+nan | bonus=nan | score=+nan | raw=+nan | p_mean_reward=0.7500
     2(lehd            ): pulls=   0 | mean=+nan | bonus=nan | score=+nan | raw=+nan <--
     7(omni            ): pulls=   1 | mean=+nan | bonus=nan | score=+nan | raw=+nan | p_mean_reward=1.0000
     8(mvmoe           ): pulls=   1 | mean=+nan | bonus=nan | score=+nan | raw=+nan | p_mean_reward=0.5000
10:51:46 | t=11 | UPDATE | problem=CVRP | uid=cvrp:train:4008 | global_index=4008 | arm=2(lehd)
    outcome: reward=1.0000 | selected_cost=23.8324 | best_cost=23.8324 | regret=0.0000
    result: record_global_index=4008 | name=None | score=23.8324
    arm_stats: global_pulls=2 | problem_arm_pulls=1 | avg_reward=0.9167 | problem_arm_avg_reward=1.0000
    state: history=11 | U_norm=nan | U_mean=nan | U_min=nan | U_max=nan
10:51:46 | t=11 | TRAIN | module=reward_net | trigger=warmup(<= 180)
    optimize: epochs=20 | steps=20 | batch_size=11 | replay=balanced_problem_arm | history=11 | lr=0.001
    loss: avg=nan | min=nan | max=nan | last=nan
    state: U_norm=nan | U_mean=nan | U_min=nan | U_max=nan
10:51:46 | epoch=1 | TRAIN[11] | CVRP | select arm=7(omni) | reason=warm_start
     0(bq              ): pulls=   1 | mean=+nan | bonus=nan | score=+nan | raw=+nan | p_mean_reward=0.7500
     1(elg             ): pulls=   1 | mean=+nan | bonus=nan | score=+nan | raw=+nan | p_mean_reward=0.7500
     2(lehd            ): pulls=   1 | mean=+nan | bonus=nan | score=+nan | raw=+nan | p_mean_reward=1.0000
     7(omni            ): pulls=   1 | mean=+nan | bonus=nan | score=+nan | raw=+nan | p_mean_reward=1.0000 <--
     8(mvmoe           ): pulls=   1 | mean=+nan | bonus=nan | score=+nan | raw=+nan | p_mean_reward=0.5000
10:51:47 | t=12 | UPDATE | problem=CVRP | uid=cvrp:train:3866 | global_index=3866 | arm=7(omni)
    outcome: reward=1.0000 | selected_cost=21.1920 | best_cost=21.1920 | regret=0.0000
    result: record_global_index=3866 | name=None | score=21.1920
    arm_stats: global_pulls=2 | problem_arm_pulls=2 | avg_reward=1.0000 | problem_arm_avg_reward=1.0000
    state: history=12 | U_norm=nan | U_mean=nan | U_min=nan | U_max=nan
10:51:47 | t=12 | TRAIN | module=reward_net | trigger=warmup(<= 180)
    optimize: epochs=20 | steps=20 | batch_size=12 | replay=balanced_problem_arm | history=12 | lr=0.001
    loss: avg=nan | min=nan | max=nan | last=nan
    state: U_norm=nan | U_mean=nan | U_min=nan | U_max=nan
10:51:47 | epoch=1 | TRAIN[12] | CVRP | select arm=8(mvmoe) | reason=warm_start
     0(bq              ): pulls=   1 | mean=+nan | bonus=nan | score=+nan | raw=+nan | p_mean_reward=0.7500
     1(elg             ): pulls=   1 | mean=+nan | bonus=nan | score=+nan | raw=+nan | p_mean_reward=0.7500
     2(lehd            ): pulls=   1 | mean=+nan | bonus=nan | score=+nan | raw=+nan | p_mean_reward=1.0000
     7(omni            ): pulls=   2 | mean=+nan | bonus=nan | score=+nan | raw=+nan | p_mean_reward=1.0000
     8(mvmoe           ): pulls=   1 | mean=+nan | bonus=nan | score=+nan | raw=+nan | p_mean_reward=0.5000 <--
10:51:48 | t=13 | UPDATE | problem=CVRP | uid=cvrp:train:274 | global_index=274 | arm=8(mvmoe)
    outcome: reward=0.0000 | selected_cost=34.2936 | best_cost=29.8001 | regret=4.4935
    result: record_global_index=274 | name=None | score=34.2936
    arm_stats: global_pulls=2 | problem_arm_pulls=2 | avg_reward=0.2500 | problem_arm_avg_reward=0.2500
    state: history=13 | U_norm=nan | U_mean=nan | U_min=nan | U_max=nan
10:51:48 | t=13 | TRAIN | module=reward_net | trigger=warmup(<= 180)
    optimize: epochs=20 | steps=20 | batch_size=13 | replay=balanced_problem_arm | history=13 | lr=0.001
    loss: avg=nan | min=nan | max=nan | last=nan
    state: U_norm=nan | U_mean=nan | U_min=nan | U_max=nan
10:51:48 | epoch=1 | TRAIN[13] | TSP | select arm=6(difusco500) | reason=warm_start
     0(bq              ): pulls=   1 | mean=+nan | bonus=nan | score=+nan | raw=+nan | p_mean_reward=0.3333
     1(elg             ): pulls=   1 | mean=+nan | bonus=nan | score=+nan | raw=+nan | p_mean_reward=0.0000
     2(lehd            ): pulls=   1 | mean=+nan | bonus=nan | score=+nan | raw=+nan | p_mean_reward=0.8333
     3(t2t             ): pulls=   1 | mean=+nan | bonus=nan | score=+nan | raw=+nan | p_mean_reward=0.6667
     4(t2t500          ): pulls=   1 | mean=+nan | bonus=nan | score=+nan | raw=+nan | p_mean_reward=0.3333
     5(difusco         ): pulls=   1 | mean=+nan | bonus=nan | score=+nan | raw=+nan | p_mean_reward=0.6667
     6(difusco500      ): pulls=   0 | mean=+nan | bonus=nan | score=+nan | raw=+nan <--
10:51:50 | t=14 | UPDATE | problem=TSP | uid=tsp:train:8068 | global_index=8068 | arm=6(difusco500)
    outcome: reward=0.3333 | selected_cost=6.5044 | best_cost=6.3702 | regret=0.1342
    result: record_global_index=8068 | name=None | score=6.5044
    arm_stats: global_pulls=1 | problem_arm_pulls=1 | avg_reward=0.3333 | problem_arm_avg_reward=0.3333
    state: history=14 | U_norm=nan | U_mean=nan | U_min=nan | U_max=nan
10:51:50 | t=14 | TRAIN | module=reward_net | trigger=warmup(<= 180)
    optimize: epochs=20 | steps=20 | batch_size=14 | replay=balanced_problem_arm | history=14 | lr=0.001
    loss: avg=nan | min=nan | max=nan | last=nan
    state: U_norm=nan | U_mean=nan | U_min=nan | U_max=nan
10:51:50 | epoch=1 | TRAIN[14] | TSP | select arm=3(t2t) | reason=warm_start
     0(bq              ): pulls=   1 | mean=+nan | bonus=nan | score=+nan | raw=+nan | p_mean_reward=0.3333
     1(elg             ): pulls=   1 | mean=+nan | bonus=nan | score=+nan | raw=+nan | p_mean_reward=0.0000
     2(lehd            ): pulls=   1 | mean=+nan | bonus=nan | score=+nan | raw=+nan | p_mean_reward=0.8333
     3(t2t             ): pulls=   1 | mean=+nan | bonus=nan | score=+nan | raw=+nan | p_mean_reward=0.6667 <--
     4(t2t500          ): pulls=   1 | mean=+nan | bonus=nan | score=+nan | raw=+nan | p_mean_reward=0.3333
     5(difusco         ): pulls=   1 | mean=+nan | bonus=nan | score=+nan | raw=+nan | p_mean_reward=0.6667
     6(difusco500      ): pulls=   1 | mean=+nan | bonus=nan | score=+nan | raw=+nan | p_mean_reward=0.3333
10:51:51 | t=15 | UPDATE | problem=TSP | uid=tsp:train:6896 | global_index=6896 | arm=3(t2t)
    outcome: reward=1.0000 | selected_cost=10.2788 | best_cost=10.2788 | regret=0.0000
    result: record_global_index=6896 | name=None | score=10.2788
    arm_stats: global_pulls=2 | problem_arm_pulls=2 | avg_reward=0.8333 | problem_arm_avg_reward=0.8333
    state: history=15 | U_norm=nan | U_mean=nan | U_min=nan | U_max=nan
10:51:51 | t=15 | TRAIN | module=reward_net | trigger=warmup(<= 180)
    optimize: epochs=20 | steps=20 | batch_size=15 | replay=balanced_problem_arm | history=15 | lr=0.001
    loss: avg=nan | min=nan | max=nan | last=nan
    state: U_norm=nan | U_mean=nan | U_min=nan | U_max=nan
10:51:51 | epoch=1 | TRAIN[15] | TSP | select arm=4(t2t500) | reason=warm_start
     0(bq              ): pulls=   1 | mean=+nan | bonus=nan | score=+nan | raw=+nan | p_mean_reward=0.3333
     1(elg             ): pulls=   1 | mean=+nan | bonus=nan | score=+nan | raw=+nan | p_mean_reward=0.0000
     2(lehd            ): pulls=   1 | mean=+nan | bonus=nan | score=+nan | raw=+nan | p_mean_reward=0.8333
     3(t2t             ): pulls=   2 | mean=+nan | bonus=nan | score=+nan | raw=+nan | p_mean_reward=0.8333
     4(t2t500          ): pulls=   1 | mean=+nan | bonus=nan | score=+nan | raw=+nan | p_mean_reward=0.3333 <--
     5(difusco         ): pulls=   1 | mean=+nan | bonus=nan | score=+nan | raw=+nan | p_mean_reward=0.6667
     6(difusco500      ): pulls=   1 | mean=+nan | bonus=nan | score=+nan | raw=+nan | p_mean_reward=0.3333
10:51:53 | t=16 | UPDATE | problem=TSP | uid=tsp:train:6852 | global_index=6852 | arm=4(t2t500)
    outcome: reward=1.0000 | selected_cost=7.1728 | best_cost=7.1728 | regret=0.0000
    result: record_global_index=6852 | name=None | score=7.1728
    arm_stats: global_pulls=2 | problem_arm_pulls=2 | avg_reward=0.6667 | problem_arm_avg_reward=0.6667
    state: history=16 | U_norm=nan | U_mean=nan | U_min=nan | U_max=nan
10:51:53 | t=16 | TRAIN | module=reward_net | trigger=warmup(<= 180)
    optimize: epochs=20 | steps=20 | batch_size=16 | replay=balanced_problem_arm | history=16 | lr=0.001
    loss: avg=nan | min=nan | max=nan | last=nan
    state: U_norm=nan | U_mean=nan | U_min=nan | U_max=nan
10:51:53 | epoch=1 | TRAIN[16] | TSP | select arm=5(difusco) | reason=warm_start
     0(bq              ): pulls=   1 | mean=+nan | bonus=nan | score=+nan | raw=+nan | p_mean_reward=0.3333
     1(elg             ): pulls=   1 | mean=+nan | bonus=nan | score=+nan | raw=+nan | p_mean_reward=0.0000
     2(lehd            ): pulls=   1 | mean=+nan | bonus=nan | score=+nan | raw=+nan | p_mean_reward=0.8333
     3(t2t             ): pulls=   2 | mean=+nan | bonus=nan | score=+nan | raw=+nan | p_mean_reward=0.8333
     4(t2t500          ): pulls=   2 | mean=+nan | bonus=nan | score=+nan | raw=+nan | p_mean_reward=0.6667
     5(difusco         ): pulls=   1 | mean=+nan | bonus=nan | score=+nan | raw=+nan | p_mean_reward=0.6667 <--
     6(difusco500      ): pulls=   1 | mean=+nan | bonus=nan | score=+nan | raw=+nan | p_mean_reward=0.3333
10:51:54 | t=17 | UPDATE | problem=TSP | uid=tsp:train:1628 | global_index=1628 | arm=5(difusco)
    outcome: reward=1.0000 | selected_cost=7.9264 | best_cost=7.9264 | regret=0.0000
    result: record_global_index=1628 | name=None | score=7.9264
    arm_stats: global_pulls=2 | problem_arm_pulls=2 | avg_reward=0.8333 | problem_arm_avg_reward=0.8333
    state: history=17 | U_norm=nan | U_mean=nan | U_min=nan | U_max=nan
10:51:54 | t=17 | TRAIN | module=reward_net | trigger=warmup(<= 180)
    optimize: epochs=20 | steps=20 | batch_size=17 | replay=balanced_problem_arm | history=17 | lr=0.001
    loss: avg=nan | min=nan | max=nan | last=nan
    state: U_norm=nan | U_mean=nan | U_min=nan | U_max=nan
10:51:55 | epoch=1 | TRAIN[17] | TSP | select arm=6(difusco500) | reason=warm_start
     0(bq              ): pulls=   1 | mean=+nan | bonus=nan | score=+nan | raw=+nan | p_mean_reward=0.3333
     1(elg             ): pulls=   1 | mean=+nan | bonus=nan | score=+nan | raw=+nan | p_mean_reward=0.0000
     2(lehd            ): pulls=   1 | mean=+nan | bonus=nan | score=+nan | raw=+nan | p_mean_reward=0.8333
     3(t2t             ): pulls=   2 | mean=+nan | bonus=nan | score=+nan | raw=+nan | p_mean_reward=0.8333
     4(t2t500          ): pulls=   2 | mean=+nan | bonus=nan | score=+nan | raw=+nan | p_mean_reward=0.6667
     5(difusco         ): pulls=   2 | mean=+nan | bonus=nan | score=+nan | raw=+nan | p_mean_reward=0.8333
     6(difusco500      ): pulls=   1 | mean=+nan | bonus=nan | score=+nan | raw=+nan | p_mean_reward=0.3333 <--
10:51:56 | t=18 | UPDATE | problem=TSP | uid=tsp:train:4420 | global_index=4420 | arm=6(difusco500)
    outcome: reward=0.5000 | selected_cost=4.4652 | best_cost=4.4564 | regret=0.0088
    result: record_global_index=4420 | name=None | score=4.4652
    arm_stats: global_pulls=2 | problem_arm_pulls=2 | avg_reward=0.4167 | problem_arm_avg_reward=0.4167
    state: history=18 | U_norm=nan | U_mean=nan | U_min=nan | U_max=nan
10:51:56 | t=18 | TRAIN | module=reward_net | trigger=warmup(<= 180)
    optimize: epochs=20 | steps=20 | batch_size=18 | replay=balanced_problem_arm | history=18 | lr=0.001
    loss: avg=nan | min=nan | max=nan | last=nan
    state: U_norm=nan | U_mean=nan | U_min=nan | U_max=nan
10:51:56 | epoch=1 | TRAIN[18] | CVRP | select arm=0(bq) | reason=warm_start
     0(bq              ): pulls=   1 | mean=+nan | bonus=nan | score=+nan | raw=+nan | p_mean_reward=0.7500 <--
     1(elg             ): pulls=   1 | mean=+nan | bonus=nan | score=+nan | raw=+nan | p_mean_reward=0.7500
     2(lehd            ): pulls=   1 | mean=+nan | bonus=nan | score=+nan | raw=+nan | p_mean_reward=1.0000
     7(omni            ): pulls=   2 | mean=+nan | bonus=nan | score=+nan | raw=+nan | p_mean_reward=1.0000
     8(mvmoe           ): pulls=   2 | mean=+nan | bonus=nan | score=+nan | raw=+nan | p_mean_reward=0.2500
10:51:58 | t=19 | UPDATE | problem=CVRP | uid=cvrp:train:1947 | global_index=1947 | arm=0(bq)
    outcome: reward=0.7500 | selected_cost=25.3156 | best_cost=24.9324 | regret=0.3832
    result: record_global_index=1947 | name=None | score=25.3156
    arm_stats: global_pulls=3 | problem_arm_pulls=2 | avg_reward=0.6111 | problem_arm_avg_reward=0.7500
    state: history=19 | U_norm=nan | U_mean=nan | U_min=nan | U_max=nan
10:51:58 | t=19 | TRAIN | module=reward_net | trigger=warmup(<= 180)
    optimize: epochs=20 | steps=20 | batch_size=19 | replay=balanced_problem_arm | history=19 | lr=0.001
    loss: avg=nan | min=nan | max=nan | last=nan
    state: U_norm=nan | U_mean=nan | U_min=nan | U_max=nan
10:51:58 | epoch=1 | TRAIN[19] | TSP | select arm=1(elg) | reason=warm_start
     0(bq              ): pulls=   1 | mean=+nan | bonus=nan | score=+nan | raw=+nan | p_mean_reward=0.3333
     1(elg             ): pulls=   1 | mean=+nan | bonus=nan | score=+nan | raw=+nan | p_mean_reward=0.0000 <--
     2(lehd            ): pulls=   1 | mean=+nan | bonus=nan | score=+nan | raw=+nan | p_mean_reward=0.8333
     3(t2t             ): pulls=   2 | mean=+nan | bonus=nan | score=+nan | raw=+nan | p_mean_reward=0.8333
     4(t2t500          ): pulls=   2 | mean=+nan | bonus=nan | score=+nan | raw=+nan | p_mean_reward=0.6667
     5(difusco         ): pulls=   2 | mean=+nan | bonus=nan | score=+nan | raw=+nan | p_mean_reward=0.8333
     6(difusco500      ): pulls=   2 | mean=+nan | bonus=nan | score=+nan | raw=+nan | p_mean_reward=0.4167
10:51:59 | t=20 | UPDATE | problem=TSP | uid=tsp:train:7914 | global_index=7914 | arm=1(elg)
    outcome: reward=0.0000 | selected_cost=15.6640 | best_cost=14.8780 | regret=0.7861
    result: record_global_index=7914 | name=None | score=15.6640
    arm_stats: global_pulls=3 | problem_arm_pulls=2 | avg_reward=0.2500 | problem_arm_avg_reward=0.0000
    state: history=20 | U_norm=nan | U_mean=nan | U_min=nan | U_max=nan
10:51:59 | t=20 | TRAIN | module=reward_net | trigger=warmup(<= 180)
    optimize: epochs=20 | steps=20 | batch_size=20 | replay=balanced_problem_arm | history=20 | lr=0.001
    loss: avg=nan | min=nan | max=nan | last=nan
    state: U_norm=nan | U_mean=nan | U_min=nan | U_max=nan
10:51:59 | epoch=1 | TRAIN[20] | CVRP | select arm=2(lehd) | reason=warm_start
     0(bq              ): pulls=   2 | mean=+nan | bonus=nan | score=+nan | raw=+nan | p_mean_reward=0.7500
     1(elg             ): pulls=   1 | mean=+nan | bonus=nan | score=+nan | raw=+nan | p_mean_reward=0.7500
     2(lehd            ): pulls=   1 | mean=+nan | bonus=nan | score=+nan | raw=+nan | p_mean_reward=1.0000 <--
     7(omni            ): pulls=   2 | mean=+nan | bonus=nan | score=+nan | raw=+nan | p_mean_reward=1.0000
     8(mvmoe           ): pulls=   2 | mean=+nan | bonus=nan | score=+nan | raw=+nan | p_mean_reward=0.2500
10:52:01 | t=21 | UPDATE | problem=CVRP | uid=cvrp:train:9247 | global_index=9247 | arm=2(lehd)
    outcome: reward=1.0000 | selected_cost=12.5487 | best_cost=12.5487 | regret=0.0000
    result: record_global_index=9247 | name=None | score=12.5487
    arm_stats: global_pulls=3 | problem_arm_pulls=2 | avg_reward=0.9444 | problem_arm_avg_reward=1.0000
    state: history=21 | U_norm=nan | U_mean=nan | U_min=nan | U_max=nan
10:52:01 | t=21 | TRAIN | module=reward_net | trigger=warmup(<= 180)
    optimize: epochs=20 | steps=20 | batch_size=21 | replay=balanced_problem_arm | history=21 | lr=0.001
    loss: avg=nan | min=nan | max=nan | last=nan
    state: U_norm=nan | U_mean=nan | U_min=nan | U_max=nan
10:52:01 | epoch=1 | TRAIN[21] | CVRP | select arm=1(elg) | reason=warm_start
     0(bq              ): pulls=   2 | mean=+nan | bonus=nan | score=+nan | raw=+nan | p_mean_reward=0.7500
     1(elg             ): pulls=   1 | mean=+nan | bonus=nan | score=+nan | raw=+nan | p_mean_reward=0.7500 <--
     2(lehd            ): pulls=   2 | mean=+nan | bonus=nan | score=+nan | raw=+nan | p_mean_reward=1.0000
     7(omni            ): pulls=   2 | mean=+nan | bonus=nan | score=+nan | raw=+nan | p_mean_reward=1.0000
     8(mvmoe           ): pulls=   2 | mean=+nan | bonus=nan | score=+nan | raw=+nan | p_mean_reward=0.2500
10:52:03 | t=22 | UPDATE | problem=CVRP | uid=cvrp:train:9715 | global_index=9715 | arm=1(elg)
    outcome: reward=0.2500 | selected_cost=9.6821 | best_cost=9.4064 | regret=0.2757
    result: record_global_index=9715 | name=None | score=9.6821
    arm_stats: global_pulls=4 | problem_arm_pulls=2 | avg_reward=0.2500 | problem_arm_avg_reward=0.5000
    state: history=22 | U_norm=nan | U_mean=nan | U_min=nan | U_max=nan
10:52:03 | t=22 | TRAIN | module=reward_net | trigger=warmup(<= 180)
    optimize: epochs=20 | steps=20 | batch_size=22 | replay=balanced_problem_arm | history=22 | lr=0.001
    loss: avg=nan | min=nan | max=nan | last=nan
    state: U_norm=nan | U_mean=nan | U_min=nan | U_max=nan
10:52:03 | epoch=1 | TRAIN[22] | CVRP | select arm=7(omni) | reason=warm_start
     0(bq              ): pulls=   2 | mean=+nan | bonus=nan | score=+nan | raw=+nan | p_mean_reward=0.7500
     1(elg             ): pulls=   2 | mean=+nan | bonus=nan | score=+nan | raw=+nan | p_mean_reward=0.5000
     2(lehd            ): pulls=   2 | mean=+nan | bonus=nan | score=+nan | raw=+nan | p_mean_reward=1.0000
     7(omni            ): pulls=   2 | mean=+nan | bonus=nan | score=+nan | raw=+nan | p_mean_reward=1.0000 <--
     8(mvmoe           ): pulls=   2 | mean=+nan | bonus=nan | score=+nan | raw=+nan | p_mean_reward=0.2500
10:52:05 | t=23 | UPDATE | problem=CVRP | uid=cvrp:train:6515 | global_index=6515 | arm=7(omni)
    outcome: reward=0.7500 | selected_cost=5.8836 | best_cost=5.6594 | regret=0.2243
    result: record_global_index=6515 | name=None | score=5.8836
    arm_stats: global_pulls=3 | problem_arm_pulls=3 | avg_reward=0.9167 | problem_arm_avg_reward=0.9167
    state: history=23 | U_norm=nan | U_mean=nan | U_min=nan | U_max=nan
10:52:05 | t=23 | TRAIN | module=reward_net | trigger=warmup(<= 180)
    optimize: epochs=20 | steps=20 | batch_size=23 | replay=balanced_problem_arm | history=23 | lr=0.001
    loss: avg=nan | min=nan | max=nan | last=nan
    state: U_norm=nan | U_mean=nan | U_min=nan | U_max=nan
10:52:05 | epoch=1 | TRAIN[23] | CVRP | select arm=8(mvmoe) | reason=warm_start
     0(bq              ): pulls=   2 | mean=+nan | bonus=nan | score=+nan | raw=+nan | p_mean_reward=0.7500
     1(elg             ): pulls=   2 | mean=+nan | bonus=nan | score=+nan | raw=+nan | p_mean_reward=0.5000
     2(lehd            ): pulls=   2 | mean=+nan | bonus=nan | score=+nan | raw=+nan | p_mean_reward=1.0000
     7(omni            ): pulls=   3 | mean=+nan | bonus=nan | score=+nan | raw=+nan | p_mean_reward=0.9167
     8(mvmoe           ): pulls=   2 | mean=+nan | bonus=nan | score=+nan | raw=+nan | p_mean_reward=0.2500 <--
10:52:07 | t=24 | UPDATE | problem=CVRP | uid=cvrp:train:4832 | global_index=4832 | arm=8(mvmoe)
    outcome: reward=0.0000 | selected_cost=13.9102 | best_cost=12.2266 | regret=1.6836
    result: record_global_index=4832 | name=None | score=13.9102
    arm_stats: global_pulls=3 | problem_arm_pulls=3 | avg_reward=0.1667 | problem_arm_avg_reward=0.1667
    state: history=24 | U_norm=nan | U_mean=nan | U_min=nan | U_max=nan
10:52:07 | t=24 | TRAIN | module=reward_net | trigger=warmup(<= 180)
    optimize: epochs=20 | steps=20 | batch_size=24 | replay=balanced_problem_arm | history=24 | lr=0.001
    loss: avg=nan | min=nan | max=nan | last=nan
    state: U_norm=nan | U_mean=nan | U_min=nan | U_max=nan
10:52:07 | epoch=1 | TRAIN[24] | CVRP | select arm=0(bq) | reason=warm_start
     0(bq              ): pulls=   2 | mean=+nan | bonus=nan | score=+nan | raw=+nan | p_mean_reward=0.7500 <--
     1(elg             ): pulls=   2 | mean=+nan | bonus=nan | score=+nan | raw=+nan | p_mean_reward=0.5000
     2(lehd            ): pulls=   2 | mean=+nan | bonus=nan | score=+nan | raw=+nan | p_mean_reward=1.0000
     7(omni            ): pulls=   3 | mean=+nan | bonus=nan | score=+nan | raw=+nan | p_mean_reward=0.9167
     8(mvmoe           ): pulls=   3 | mean=+nan | bonus=nan | score=+nan | raw=+nan | p_mean_reward=0.1667
10:52:09 | t=25 | UPDATE | problem=CVRP | uid=cvrp:train:3469 | global_index=3469 | arm=0(bq)
    outcome: reward=0.7500 | selected_cost=30.1257 | best_cost=29.3862 | regret=0.7396
    result: record_global_index=3469 | name=None | score=30.1257
    arm_stats: global_pulls=4 | problem_arm_pulls=3 | avg_reward=0.6458 | problem_arm_avg_reward=0.7500
    state: history=25 | U_norm=nan | U_mean=nan | U_min=nan | U_max=nan
10:52:09 | t=25 | TRAIN | module=reward_net | trigger=warmup(<= 180)
    optimize: epochs=20 | steps=20 | batch_size=25 | replay=balanced_problem_arm | history=25 | lr=0.001
    loss: avg=nan | min=nan | max=nan | last=nan
    state: U_norm=nan | U_mean=nan | U_min=nan | U_max=nan
10:52:09 | epoch=1 | TRAIN[25] | CVRP | select arm=2(lehd) | reason=warm_start
     0(bq              ): pulls=   3 | mean=+nan | bonus=nan | score=+nan | raw=+nan | p_mean_reward=0.7500
     1(elg             ): pulls=   2 | mean=+nan | bonus=nan | score=+nan | raw=+nan | p_mean_reward=0.5000
     2(lehd            ): pulls=   2 | mean=+nan | bonus=nan | score=+nan | raw=+nan | p_mean_reward=1.0000 <--
     7(omni            ): pulls=   3 | mean=+nan | bonus=nan | score=+nan | raw=+nan | p_mean_reward=0.9167
     8(mvmoe           ): pulls=   3 | mean=+nan | bonus=nan | score=+nan | raw=+nan | p_mean_reward=0.1667
10:52:11 | t=26 | UPDATE | problem=CVRP | uid=cvrp:train:217 | global_index=217 | arm=2(lehd)
    outcome: reward=0.0000 | selected_cost=16.8258 | best_cost=15.6442 | regret=1.1817
    result: record_global_index=217 | name=None | score=16.8258
    arm_stats: global_pulls=4 | problem_arm_pulls=3 | avg_reward=0.7083 | problem_arm_avg_reward=0.6667
    state: history=26 | U_norm=nan | U_mean=nan | U_min=nan | U_max=nan
10:52:11 | t=26 | TRAIN | module=reward_net | trigger=warmup(<= 180)
    optimize: epochs=20 | steps=20 | batch_size=26 | replay=balanced_problem_arm | history=26 | lr=0.001
    loss: avg=nan | min=nan | max=nan | last=nan
    state: U_norm=nan | U_mean=nan | U_min=nan | U_max=nan
10:52:11 | epoch=1 | TRAIN[26] | TSP | select arm=0(bq) | reason=warm_start
     0(bq              ): pulls=   1 | mean=+nan | bonus=nan | score=+nan | raw=+nan | p_mean_reward=0.3333 <--
     1(elg             ): pulls=   2 | mean=+nan | bonus=nan | score=+nan | raw=+nan | p_mean_reward=0.0000
     2(lehd            ): pulls=   1 | mean=+nan | bonus=nan | score=+nan | raw=+nan | p_mean_reward=0.8333
     3(t2t             ): pulls=   2 | mean=+nan | bonus=nan | score=+nan | raw=+nan | p_mean_reward=0.8333
     4(t2t500          ): pulls=   2 | mean=+nan | bonus=nan | score=+nan | raw=+nan | p_mean_reward=0.6667
     5(difusco         ): pulls=   2 | mean=+nan | bonus=nan | score=+nan | raw=+nan | p_mean_reward=0.8333
     6(difusco500      ): pulls=   2 | mean=+nan | bonus=nan | score=+nan | raw=+nan | p_mean_reward=0.4167
10:52:13 | t=27 | UPDATE | problem=TSP | uid=tsp:train:480 | global_index=480 | arm=0(bq)
    outcome: reward=0.8333 | selected_cost=6.4910 | best_cost=6.4864 | regret=0.0047
    result: record_global_index=480 | name=None | score=6.4910
    arm_stats: global_pulls=5 | problem_arm_pulls=2 | avg_reward=0.6833 | problem_arm_avg_reward=0.5833
    state: history=27 | U_norm=nan | U_mean=nan | U_min=nan | U_max=nan
10:52:13 | t=27 | TRAIN | module=reward_net | trigger=warmup(<= 180)
    optimize: epochs=20 | steps=20 | batch_size=27 | replay=balanced_problem_arm | history=27 | lr=0.001
    loss: avg=nan | min=nan | max=nan | last=nan
    state: U_norm=nan | U_mean=nan | U_min=nan | U_max=nan
10:52:13 | epoch=1 | TRAIN[27] | CVRP | select arm=1(elg) | reason=warm_start
     0(bq              ): pulls=   3 | mean=+nan | bonus=nan | score=+nan | raw=+nan | p_mean_reward=0.7500
     1(elg             ): pulls=   2 | mean=+nan | bonus=nan | score=+nan | raw=+nan | p_mean_reward=0.5000 <--
     2(lehd            ): pulls=   3 | mean=+nan | bonus=nan | score=+nan | raw=+nan | p_mean_reward=0.6667
     7(omni            ): pulls=   3 | mean=+nan | bonus=nan | score=+nan | raw=+nan | p_mean_reward=0.9167
     8(mvmoe           ): pulls=   3 | mean=+nan | bonus=nan | score=+nan | raw=+nan | p_mean_reward=0.1667
10:52:15 | t=28 | UPDATE | problem=CVRP | uid=cvrp:train:1967 | global_index=1967 | arm=1(elg)
    outcome: reward=0.7500 | selected_cost=16.2417 | best_cost=16.0470 | regret=0.1947
    result: record_global_index=1967 | name=None | score=16.2417
    arm_stats: global_pulls=5 | problem_arm_pulls=3 | avg_reward=0.3500 | problem_arm_avg_reward=0.5833
    state: history=28 | U_norm=nan | U_mean=nan | U_min=nan | U_max=nan
10:52:15 | t=28 | TRAIN | module=reward_net | trigger=warmup(<= 180)
    optimize: epochs=20 | steps=20 | batch_size=28 | replay=balanced_problem_arm | history=28 | lr=0.001
    loss: avg=nan | min=nan | max=nan | last=nan
    state: U_norm=nan | U_mean=nan | U_min=nan | U_max=nan
10:52:15 | epoch=1 | TRAIN[28] | TSP | select arm=2(lehd) | reason=warm_start
     0(bq              ): pulls=   2 | mean=+nan | bonus=nan | score=+nan | raw=+nan | p_mean_reward=0.5833
     1(elg             ): pulls=   2 | mean=+nan | bonus=nan | score=+nan | raw=+nan | p_mean_reward=0.0000
     2(lehd            ): pulls=   1 | mean=+nan | bonus=nan | score=+nan | raw=+nan | p_mean_reward=0.8333 <--
     3(t2t             ): pulls=   2 | mean=+nan | bonus=nan | score=+nan | raw=+nan | p_mean_reward=0.8333
     4(t2t500          ): pulls=   2 | mean=+nan | bonus=nan | score=+nan | raw=+nan | p_mean_reward=0.6667
     5(difusco         ): pulls=   2 | mean=+nan | bonus=nan | score=+nan | raw=+nan | p_mean_reward=0.8333
     6(difusco500      ): pulls=   2 | mean=+nan | bonus=nan | score=+nan | raw=+nan | p_mean_reward=0.4167
10:52:17 | t=29 | UPDATE | problem=TSP | uid=tsp:train:698 | global_index=698 | arm=2(lehd)
    outcome: reward=0.1667 | selected_cost=6.9653 | best_cost=6.8688 | regret=0.0965
    result: record_global_index=698 | name=None | score=6.9653
    arm_stats: global_pulls=5 | problem_arm_pulls=2 | avg_reward=0.6000 | problem_arm_avg_reward=0.5000
    state: history=29 | U_norm=nan | U_mean=nan | U_min=nan | U_max=nan
10:52:17 | t=29 | TRAIN | module=reward_net | trigger=warmup(<= 180)
    optimize: epochs=20 | steps=20 | batch_size=29 | replay=balanced_problem_arm | history=29 | lr=0.001
    loss: avg=nan | min=nan | max=nan | last=nan
    state: U_norm=nan | U_mean=nan | U_min=nan | U_max=nan
10:52:17 | epoch=1 | TRAIN[29] | CVRP | select arm=7(omni) | reason=warm_start
     0(bq              ): pulls=   3 | mean=+nan | bonus=nan | score=+nan | raw=+nan | p_mean_reward=0.7500
     1(elg             ): pulls=   3 | mean=+nan | bonus=nan | score=+nan | raw=+nan | p_mean_reward=0.5833
     2(lehd            ): pulls=   3 | mean=+nan | bonus=nan | score=+nan | raw=+nan | p_mean_reward=0.6667
     7(omni            ): pulls=   3 | mean=+nan | bonus=nan | score=+nan | raw=+nan | p_mean_reward=0.9167 <--
     8(mvmoe           ): pulls=   3 | mean=+nan | bonus=nan | score=+nan | raw=+nan | p_mean_reward=0.1667
10:52:19 | t=30 | UPDATE | problem=CVRP | uid=cvrp:train:3434 | global_index=3434 | arm=7(omni)
    outcome: reward=1.0000 | selected_cost=18.2912 | best_cost=18.2912 | regret=0.0000
    result: record_global_index=3434 | name=None | score=18.2912
    arm_stats: global_pulls=4 | problem_arm_pulls=4 | avg_reward=0.9375 | problem_arm_avg_reward=0.9375
    state: history=30 | U_norm=nan | U_mean=nan | U_min=nan | U_max=nan
10:52:19 | t=30 | TRAIN | module=reward_net | trigger=warmup(<= 180)
    optimize: epochs=20 | steps=20 | batch_size=30 | replay=balanced_problem_arm | history=30 | lr=0.001
    loss: avg=nan | min=nan | max=nan | last=nan
    state: U_norm=nan | U_mean=nan | U_min=nan | U_max=nan
10:52:19 | epoch=1 | TRAIN[30] | CVRP | select arm=8(mvmoe) | reason=warm_start
     0(bq              ): pulls=   3 | mean=+nan | bonus=nan | score=+nan | raw=+nan | p_mean_reward=0.7500
     1(elg             ): pulls=   3 | mean=+nan | bonus=nan | score=+nan | raw=+nan | p_mean_reward=0.5833
     2(lehd            ): pulls=   3 | mean=+nan | bonus=nan | score=+nan | raw=+nan | p_mean_reward=0.6667
     7(omni            ): pulls=   4 | mean=+nan | bonus=nan | score=+nan | raw=+nan | p_mean_reward=0.9375
     8(mvmoe           ): pulls=   3 | mean=+nan | bonus=nan | score=+nan | raw=+nan | p_mean_reward=0.1667 <--
10:52:21 | t=31 | UPDATE | problem=CVRP | uid=cvrp:train:1960 | global_index=1960 | arm=8(mvmoe)
    outcome: reward=0.0000 | selected_cost=20.7764 | best_cost=19.6830 | regret=1.0934
    result: record_global_index=1960 | name=None | score=20.7764
    arm_stats: global_pulls=4 | problem_arm_pulls=4 | avg_reward=0.1250 | problem_arm_avg_reward=0.1250
    state: history=31 | U_norm=nan | U_mean=nan | U_min=nan | U_max=nan
10:52:21 | t=31 | TRAIN | module=reward_net | trigger=warmup(<= 180)
    optimize: epochs=20 | steps=20 | batch_size=31 | replay=balanced_problem_arm | history=31 | lr=0.001
    loss: avg=nan | min=nan | max=nan | last=nan
    state: U_norm=nan | U_mean=nan | U_min=nan | U_max=nan
10:52:21 | epoch=1 | TRAIN[31] | TSP | select arm=3(t2t) | reason=warm_start
     0(bq              ): pulls=   2 | mean=+nan | bonus=nan | score=+nan | raw=+nan | p_mean_reward=0.5833
     1(elg             ): pulls=   2 | mean=+nan | bonus=nan | score=+nan | raw=+nan | p_mean_reward=0.0000
     2(lehd            ): pulls=   2 | mean=+nan | bonus=nan | score=+nan | raw=+nan | p_mean_reward=0.5000
     3(t2t             ): pulls=   2 | mean=+nan | bonus=nan | score=+nan | raw=+nan | p_mean_reward=0.8333 <--
     4(t2t500          ): pulls=   2 | mean=+nan | bonus=nan | score=+nan | raw=+nan | p_mean_reward=0.6667
     5(difusco         ): pulls=   2 | mean=+nan | bonus=nan | score=+nan | raw=+nan | p_mean_reward=0.8333
     6(difusco500      ): pulls=   2 | mean=+nan | bonus=nan | score=+nan | raw=+nan | p_mean_reward=0.4167
10:52:23 | t=32 | UPDATE | problem=TSP | uid=tsp:train:3084 | global_index=3084 | arm=3(t2t)
    outcome: reward=0.6667 | selected_cost=6.0967 | best_cost=6.0493 | regret=0.0473
    result: record_global_index=3084 | name=None | score=6.0967
    arm_stats: global_pulls=3 | problem_arm_pulls=3 | avg_reward=0.7778 | problem_arm_avg_reward=0.7778
    state: history=32 | U_norm=nan | U_mean=nan | U_min=nan | U_max=nan
10:52:23 | t=32 | TRAIN | module=reward_net | trigger=warmup(<= 180)
    optimize: epochs=20 | steps=20 | batch_size=32 | replay=balanced_problem_arm | history=32 | lr=0.001
    loss: avg=nan | min=nan | max=nan | last=nan
    state: U_norm=nan | U_mean=nan | U_min=nan | U_max=nan
10:52:23 | epoch=1 | TRAIN[32] | TSP | select arm=4(t2t500) | reason=warm_start
     0(bq              ): pulls=   2 | mean=+nan | bonus=nan | score=+nan | raw=+nan | p_mean_reward=0.5833
     1(elg             ): pulls=   2 | mean=+nan | bonus=nan | score=+nan | raw=+nan | p_mean_reward=0.0000
     2(lehd            ): pulls=   2 | mean=+nan | bonus=nan | score=+nan | raw=+nan | p_mean_reward=0.5000
     3(t2t             ): pulls=   3 | mean=+nan | bonus=nan | score=+nan | raw=+nan | p_mean_reward=0.7778
     4(t2t500          ): pulls=   2 | mean=+nan | bonus=nan | score=+nan | raw=+nan | p_mean_reward=0.6667 <--
     5(difusco         ): pulls=   2 | mean=+nan | bonus=nan | score=+nan | raw=+nan | p_mean_reward=0.8333
     6(difusco500      ): pulls=   2 | mean=+nan | bonus=nan | score=+nan | raw=+nan | p_mean_reward=0.4167
10:52:25 | t=33 | UPDATE | problem=TSP | uid=tsp:train:4656 | global_index=4656 | arm=4(t2t500)
    outcome: reward=0.8333 | selected_cost=7.4353 | best_cost=7.3125 | regret=0.1228
    result: record_global_index=4656 | name=None | score=7.4353
    arm_stats: global_pulls=3 | problem_arm_pulls=3 | avg_reward=0.7222 | problem_arm_avg_reward=0.7222
    state: history=33 | U_norm=nan | U_mean=nan | U_min=nan | U_max=nan
10:52:25 | t=33 | TRAIN | module=reward_net | trigger=warmup(<= 180)
    optimize: epochs=20 | steps=20 | batch_size=33 | replay=balanced_problem_arm | history=33 | lr=0.001
    loss: avg=nan | min=nan | max=nan | last=nan
    state: U_norm=nan | U_mean=nan | U_min=nan | U_max=nan
10:52:25 | epoch=1 | TRAIN[33] | TSP | select arm=5(difusco) | reason=warm_start
     0(bq              ): pulls=   2 | mean=+nan | bonus=nan | score=+nan | raw=+nan | p_mean_reward=0.5833
     1(elg             ): pulls=   2 | mean=+nan | bonus=nan | score=+nan | raw=+nan | p_mean_reward=0.0000
     2(lehd            ): pulls=   2 | mean=+nan | bonus=nan | score=+nan | raw=+nan | p_mean_reward=0.5000
     3(t2t             ): pulls=   3 | mean=+nan | bonus=nan | score=+nan | raw=+nan | p_mean_reward=0.7778
     4(t2t500          ): pulls=   3 | mean=+nan | bonus=nan | score=+nan | raw=+nan | p_mean_reward=0.7222
     5(difusco         ): pulls=   2 | mean=+nan | bonus=nan | score=+nan | raw=+nan | p_mean_reward=0.8333 <--
     6(difusco500      ): pulls=   2 | mean=+nan | bonus=nan | score=+nan | raw=+nan | p_mean_reward=0.4167
10:52:27 | t=34 | UPDATE | problem=TSP | uid=tsp:train:210 | global_index=210 | arm=5(difusco)
    outcome: reward=1.0000 | selected_cost=6.6473 | best_cost=6.6473 | regret=0.0000
    result: record_global_index=210 | name=None | score=6.6473
    arm_stats: global_pulls=3 | problem_arm_pulls=3 | avg_reward=0.8889 | problem_arm_avg_reward=0.8889
    state: history=34 | U_norm=nan | U_mean=nan | U_min=nan | U_max=nan
10:52:27 | t=34 | TRAIN | module=reward_net | trigger=warmup(<= 180)
    optimize: epochs=20 | steps=20 | batch_size=34 | replay=balanced_problem_arm | history=34 | lr=0.001
    loss: avg=nan | min=nan | max=nan | last=nan
    state: U_norm=nan | U_mean=nan | U_min=nan | U_max=nan
10:52:27 | epoch=1 | TRAIN[34] | TSP | select arm=6(difusco500) | reason=warm_start
     0(bq              ): pulls=   2 | mean=+nan | bonus=nan | score=+nan | raw=+nan | p_mean_reward=0.5833
     1(elg             ): pulls=   2 | mean=+nan | bonus=nan | score=+nan | raw=+nan | p_mean_reward=0.0000
     2(lehd            ): pulls=   2 | mean=+nan | bonus=nan | score=+nan | raw=+nan | p_mean_reward=0.5000
     3(t2t             ): pulls=   3 | mean=+nan | bonus=nan | score=+nan | raw=+nan | p_mean_reward=0.7778
     4(t2t500          ): pulls=   3 | mean=+nan | bonus=nan | score=+nan | raw=+nan | p_mean_reward=0.7222
     5(difusco         ): pulls=   3 | mean=+nan | bonus=nan | score=+nan | raw=+nan | p_mean_reward=0.8889
     6(difusco500      ): pulls=   2 | mean=+nan | bonus=nan | score=+nan | raw=+nan | p_mean_reward=0.4167 <--
10:52:29 | t=35 | UPDATE | problem=TSP | uid=tsp:train:9427 | global_index=9427 | arm=6(difusco500)
    outcome: reward=0.5000 | selected_cost=8.1558 | best_cost=8.0552 | regret=0.1007
    result: record_global_index=9427 | name=None | score=8.1558
    arm_stats: global_pulls=3 | problem_arm_pulls=3 | avg_reward=0.4444 | problem_arm_avg_reward=0.4444
    state: history=35 | U_norm=nan | U_mean=nan | U_min=nan | U_max=nan
10:52:29 | t=35 | TRAIN | module=reward_net | trigger=warmup(<= 180)
    optimize: epochs=20 | steps=20 | batch_size=35 | replay=balanced_problem_arm | history=35 | lr=0.001
    loss: avg=nan | min=nan | max=nan | last=nan
    state: U_norm=nan | U_mean=nan | U_min=nan | U_max=nan
10:52:29 | epoch=1 | TRAIN[35] | TSP | select arm=0(bq) | reason=warm_start
     0(bq              ): pulls=   2 | mean=+nan | bonus=nan | score=+nan | raw=+nan | p_mean_reward=0.5833 <--
     1(elg             ): pulls=   2 | mean=+nan | bonus=nan | score=+nan | raw=+nan | p_mean_reward=0.0000
     2(lehd            ): pulls=   2 | mean=+nan | bonus=nan | score=+nan | raw=+nan | p_mean_reward=0.5000
     3(t2t             ): pulls=   3 | mean=+nan | bonus=nan | score=+nan | raw=+nan | p_mean_reward=0.7778
     4(t2t500          ): pulls=   3 | mean=+nan | bonus=nan | score=+nan | raw=+nan | p_mean_reward=0.7222
     5(difusco         ): pulls=   3 | mean=+nan | bonus=nan | score=+nan | raw=+nan | p_mean_reward=0.8889
     6(difusco500      ): pulls=   3 | mean=+nan | bonus=nan | score=+nan | raw=+nan | p_mean_reward=0.4444
10:52:31 | t=36 | UPDATE | problem=TSP | uid=tsp:train:3584 | global_index=3584 | arm=0(bq)
    outcome: reward=0.5000 | selected_cost=7.8821 | best_cost=7.7995 | regret=0.0826
    result: record_global_index=3584 | name=None | score=7.8821
    arm_stats: global_pulls=6 | problem_arm_pulls=3 | avg_reward=0.6528 | problem_arm_avg_reward=0.5556
    state: history=36 | U_norm=nan | U_mean=nan | U_min=nan | U_max=nan
10:52:31 | t=36 | TRAIN | module=reward_net | trigger=warmup(<= 180)
    optimize: epochs=20 | steps=20 | batch_size=36 | replay=balanced_problem_arm | history=36 | lr=0.001
    loss: avg=nan | min=nan | max=nan | last=nan
    state: U_norm=nan | U_mean=nan | U_min=nan | U_max=nan
10:52:32 | epoch=1 | TRAIN[36] | TSP | select arm=1(elg) | reason=warm_start
     0(bq              ): pulls=   3 | mean=+nan | bonus=nan | score=+nan | raw=+nan | p_mean_reward=0.5556
     1(elg             ): pulls=   2 | mean=+nan | bonus=nan | score=+nan | raw=+nan | p_mean_reward=0.0000 <--
     2(lehd            ): pulls=   2 | mean=+nan | bonus=nan | score=+nan | raw=+nan | p_mean_reward=0.5000
     3(t2t             ): pulls=   3 | mean=+nan | bonus=nan | score=+nan | raw=+nan | p_mean_reward=0.7778
     4(t2t500          ): pulls=   3 | mean=+nan | bonus=nan | score=+nan | raw=+nan | p_mean_reward=0.7222
     5(difusco         ): pulls=   3 | mean=+nan | bonus=nan | score=+nan | raw=+nan | p_mean_reward=0.8889
     6(difusco500      ): pulls=   3 | mean=+nan | bonus=nan | score=+nan | raw=+nan | p_mean_reward=0.4444
10:52:34 | t=37 | UPDATE | problem=TSP | uid=tsp:train:9885 | global_index=9885 | arm=1(elg)
    outcome: reward=0.0000 | selected_cost=8.4792 | best_cost=8.2387 | regret=0.2404
    result: record_global_index=9885 | name=None | score=8.4792
    arm_stats: global_pulls=6 | problem_arm_pulls=3 | avg_reward=0.2917 | problem_arm_avg_reward=0.0000
    state: history=37 | U_norm=nan | U_mean=nan | U_min=nan | U_max=nan
10:52:34 | t=37 | TRAIN | module=reward_net | trigger=warmup(<= 180)
    optimize: epochs=20 | steps=20 | batch_size=37 | replay=balanced_problem_arm | history=37 | lr=0.001
    loss: avg=nan | min=nan | max=nan | last=nan
    state: U_norm=nan | U_mean=nan | U_min=nan | U_max=nan
10:52:34 | epoch=1 | TRAIN[37] | CVRP | select arm=2(lehd) | reason=warm_start
     0(bq              ): pulls=   3 | mean=+nan | bonus=nan | score=+nan | raw=+nan | p_mean_reward=0.7500
     1(elg             ): pulls=   3 | mean=+nan | bonus=nan | score=+nan | raw=+nan | p_mean_reward=0.5833
     2(lehd            ): pulls=   3 | mean=+nan | bonus=nan | score=+nan | raw=+nan | p_mean_reward=0.6667 <--
     7(omni            ): pulls=   4 | mean=+nan | bonus=nan | score=+nan | raw=+nan | p_mean_reward=0.9375
     8(mvmoe           ): pulls=   4 | mean=+nan | bonus=nan | score=+nan | raw=+nan | p_mean_reward=0.1250
10:52:36 | t=38 | UPDATE | problem=CVRP | uid=cvrp:train:5582 | global_index=5582 | arm=2(lehd)
    outcome: reward=0.5000 | selected_cost=14.4856 | best_cost=13.9823 | regret=0.5033
    result: record_global_index=5582 | name=None | score=14.4856
    arm_stats: global_pulls=6 | problem_arm_pulls=4 | avg_reward=0.5833 | problem_arm_avg_reward=0.6250
    state: history=38 | U_norm=nan | U_mean=nan | U_min=nan | U_max=nan
10:52:36 | t=38 | TRAIN | module=reward_net | trigger=warmup(<= 180)
    optimize: epochs=20 | steps=20 | batch_size=38 | replay=balanced_problem_arm | history=38 | lr=0.001
    loss: avg=nan | min=nan | max=nan | last=nan
    state: U_norm=nan | U_mean=nan | U_min=nan | U_max=nan
10:52:36 | epoch=1 | TRAIN[38] | TSP | select arm=2(lehd) | reason=warm_start
     0(bq              ): pulls=   3 | mean=+nan | bonus=nan | score=+nan | raw=+nan | p_mean_reward=0.5556
     1(elg             ): pulls=   3 | mean=+nan | bonus=nan | score=+nan | raw=+nan | p_mean_reward=0.0000
     2(lehd            ): pulls=   2 | mean=+nan | bonus=nan | score=+nan | raw=+nan | p_mean_reward=0.5000 <--
     3(t2t             ): pulls=   3 | mean=+nan | bonus=nan | score=+nan | raw=+nan | p_mean_reward=0.7778
     4(t2t500          ): pulls=   3 | mean=+nan | bonus=nan | score=+nan | raw=+nan | p_mean_reward=0.7222
     5(difusco         ): pulls=   3 | mean=+nan | bonus=nan | score=+nan | raw=+nan | p_mean_reward=0.8889
     6(difusco500      ): pulls=   3 | mean=+nan | bonus=nan | score=+nan | raw=+nan | p_mean_reward=0.4444
10:52:39 | t=39 | UPDATE | problem=TSP | uid=tsp:train:8059 | global_index=8059 | arm=2(lehd)
    outcome: reward=0.6667 | selected_cost=12.0342 | best_cost=11.9392 | regret=0.0949
    result: record_global_index=8059 | name=None | score=12.0342
    arm_stats: global_pulls=7 | problem_arm_pulls=3 | avg_reward=0.5952 | problem_arm_avg_reward=0.5556
    state: history=39 | U_norm=nan | U_mean=nan | U_min=nan | U_max=nan
10:52:39 | t=39 | TRAIN | module=reward_net | trigger=warmup(<= 180)
    optimize: epochs=20 | steps=20 | batch_size=39 | replay=balanced_problem_arm | history=39 | lr=0.001
    loss: avg=nan | min=nan | max=nan | last=nan
    state: U_norm=nan | U_mean=nan | U_min=nan | U_max=nan
10:52:39 | epoch=1 | TRAIN[39] | TSP | select arm=3(t2t) | reason=warm_start
     0(bq              ): pulls=   3 | mean=+nan | bonus=nan | score=+nan | raw=+nan | p_mean_reward=0.5556
     1(elg             ): pulls=   3 | mean=+nan | bonus=nan | score=+nan | raw=+nan | p_mean_reward=0.0000
     2(lehd            ): pulls=   3 | mean=+nan | bonus=nan | score=+nan | raw=+nan | p_mean_reward=0.5556
     3(t2t             ): pulls=   3 | mean=+nan | bonus=nan | score=+nan | raw=+nan | p_mean_reward=0.7778 <--
     4(t2t500          ): pulls=   3 | mean=+nan | bonus=nan | score=+nan | raw=+nan | p_mean_reward=0.7222
     5(difusco         ): pulls=   3 | mean=+nan | bonus=nan | score=+nan | raw=+nan | p_mean_reward=0.8889
     6(difusco500      ): pulls=   3 | mean=+nan | bonus=nan | score=+nan | raw=+nan | p_mean_reward=0.4444
10:52:41 | t=40 | UPDATE | problem=TSP | uid=tsp:train:3427 | global_index=3427 | arm=3(t2t)
    outcome: reward=0.5000 | selected_cost=9.6889 | best_cost=9.5854 | regret=0.1035
    result: record_global_index=3427 | name=None | score=9.6889
    arm_stats: global_pulls=4 | problem_arm_pulls=4 | avg_reward=0.7083 | problem_arm_avg_reward=0.7083
    state: history=40 | U_norm=nan | U_mean=nan | U_min=nan | U_max=nan
10:52:41 | t=40 | TRAIN | module=reward_net | trigger=warmup(<= 180)
    optimize: epochs=20 | steps=20 | batch_size=40 | replay=balanced_problem_arm | history=40 | lr=0.001
    loss: avg=nan | min=nan | max=nan | last=nan
    state: U_norm=nan | U_mean=nan | U_min=nan | U_max=nan
10:52:41 | epoch=1 | TRAIN[40] | CVRP | select arm=0(bq) | reason=warm_start
     0(bq              ): pulls=   3 | mean=+nan | bonus=nan | score=+nan | raw=+nan | p_mean_reward=0.7500 <--
     1(elg             ): pulls=   3 | mean=+nan | bonus=nan | score=+nan | raw=+nan | p_mean_reward=0.5833
     2(lehd            ): pulls=   4 | mean=+nan | bonus=nan | score=+nan | raw=+nan | p_mean_reward=0.6250
     7(omni            ): pulls=   4 | mean=+nan | bonus=nan | score=+nan | raw=+nan | p_mean_reward=0.9375
     8(mvmoe           ): pulls=   4 | mean=+nan | bonus=nan | score=+nan | raw=+nan | p_mean_reward=0.1250
10:52:44 | t=41 | UPDATE | problem=CVRP | uid=cvrp:train:2874 | global_index=2874 | arm=0(bq)
    outcome: reward=0.5000 | selected_cost=32.3000 | best_cost=31.6963 | regret=0.6037
    result: record_global_index=2874 | name=None | score=32.3000
    arm_stats: global_pulls=7 | problem_arm_pulls=4 | avg_reward=0.6310 | problem_arm_avg_reward=0.6875
    state: history=41 | U_norm=nan | U_mean=nan | U_min=nan | U_max=nan
10:52:44 | t=41 | TRAIN | module=reward_net | trigger=warmup(<= 180)
    optimize: epochs=20 | steps=20 | batch_size=41 | replay=balanced_problem_arm | history=41 | lr=0.001
    loss: avg=nan | min=nan | max=nan | last=nan
    state: U_norm=nan | U_mean=nan | U_min=nan | U_max=nan
10:52:44 | epoch=1 | TRAIN[41] | CVRP | select arm=1(elg) | reason=warm_start
     0(bq              ): pulls=   4 | mean=+nan | bonus=nan | score=+nan | raw=+nan | p_mean_reward=0.6875
     1(elg             ): pulls=   3 | mean=+nan | bonus=nan | score=+nan | raw=+nan | p_mean_reward=0.5833 <--
     2(lehd            ): pulls=   4 | mean=+nan | bonus=nan | score=+nan | raw=+nan | p_mean_reward=0.6250
     7(omni            ): pulls=   4 | mean=+nan | bonus=nan | score=+nan | raw=+nan | p_mean_reward=0.9375
     8(mvmoe           ): pulls=   4 | mean=+nan | bonus=nan | score=+nan | raw=+nan | p_mean_reward=0.1250
10:52:47 | t=42 | UPDATE | problem=CVRP | uid=cvrp:train:8861 | global_index=8861 | arm=1(elg)
    outcome: reward=0.5000 | selected_cost=19.6598 | best_cost=18.8589 | regret=0.8009
    result: record_global_index=8861 | name=None | score=19.6598
    arm_stats: global_pulls=7 | problem_arm_pulls=4 | avg_reward=0.3214 | problem_arm_avg_reward=0.5625
    state: history=42 | U_norm=nan | U_mean=nan | U_min=nan | U_max=nan
10:52:47 | t=42 | TRAIN | module=reward_net | trigger=warmup(<= 180)
    optimize: epochs=20 | steps=20 | batch_size=42 | replay=balanced_problem_arm | history=42 | lr=0.001
    loss: avg=nan | min=nan | max=nan | last=nan
    state: U_norm=nan | U_mean=nan | U_min=nan | U_max=nan
10:52:47 | epoch=1 | TRAIN[42] | CVRP | select arm=7(omni) | reason=warm_start
     0(bq              ): pulls=   4 | mean=+nan | bonus=nan | score=+nan | raw=+nan | p_mean_reward=0.6875
     1(elg             ): pulls=   4 | mean=+nan | bonus=nan | score=+nan | raw=+nan | p_mean_reward=0.5625
     2(lehd            ): pulls=   4 | mean=+nan | bonus=nan | score=+nan | raw=+nan | p_mean_reward=0.6250
     7(omni            ): pulls=   4 | mean=+nan | bonus=nan | score=+nan | raw=+nan | p_mean_reward=0.9375 <--
     8(mvmoe           ): pulls=   4 | mean=+nan | bonus=nan | score=+nan | raw=+nan | p_mean_reward=0.1250
10:52:50 | t=43 | UPDATE | problem=CVRP | uid=cvrp:train:8334 | global_index=8334 | arm=7(omni)
    outcome: reward=0.7500 | selected_cost=11.6602 | best_cost=11.5933 | regret=0.0669
    result: record_global_index=8334 | name=None | score=11.6602
    arm_stats: global_pulls=5 | problem_arm_pulls=5 | avg_reward=0.9000 | problem_arm_avg_reward=0.9000
    state: history=43 | U_norm=nan | U_mean=nan | U_min=nan | U_max=nan
10:52:50 | t=43 | TRAIN | module=reward_net | trigger=warmup(<= 180)
    optimize: epochs=20 | steps=20 | batch_size=43 | replay=balanced_problem_arm | history=43 | lr=0.001
    loss: avg=nan | min=nan | max=nan | last=nan
    state: U_norm=nan | U_mean=nan | U_min=nan | U_max=nan
10:52:50 | epoch=1 | TRAIN[43] | TSP | select arm=4(t2t500) | reason=warm_start
     0(bq              ): pulls=   3 | mean=+nan | bonus=nan | score=+nan | raw=+nan | p_mean_reward=0.5556
     1(elg             ): pulls=   3 | mean=+nan | bonus=nan | score=+nan | raw=+nan | p_mean_reward=0.0000
     2(lehd            ): pulls=   3 | mean=+nan | bonus=nan | score=+nan | raw=+nan | p_mean_reward=0.5556
     3(t2t             ): pulls=   4 | mean=+nan | bonus=nan | score=+nan | raw=+nan | p_mean_reward=0.7083
     4(t2t500          ): pulls=   3 | mean=+nan | bonus=nan | score=+nan | raw=+nan | p_mean_reward=0.7222 <--
     5(difusco         ): pulls=   3 | mean=+nan | bonus=nan | score=+nan | raw=+nan | p_mean_reward=0.8889
     6(difusco500      ): pulls=   3 | mean=+nan | bonus=nan | score=+nan | raw=+nan | p_mean_reward=0.4444
10:52:52 | t=44 | UPDATE | problem=TSP | uid=tsp:train:1674 | global_index=1674 | arm=4(t2t500)
    outcome: reward=0.1667 | selected_cost=9.0145 | best_cost=8.8883 | regret=0.1262
    result: record_global_index=1674 | name=None | score=9.0145
    arm_stats: global_pulls=4 | problem_arm_pulls=4 | avg_reward=0.5833 | problem_arm_avg_reward=0.5833
    state: history=44 | U_norm=nan | U_mean=nan | U_min=nan | U_max=nan
10:52:52 | t=44 | TRAIN | module=reward_net | trigger=warmup(<= 180)
    optimize: epochs=20 | steps=20 | batch_size=44 | replay=balanced_problem_arm | history=44 | lr=0.001
    loss: avg=nan | min=nan | max=nan | last=nan
    state: U_norm=nan | U_mean=nan | U_min=nan | U_max=nan
10:52:53 | epoch=1 | TRAIN[44] | CVRP | select arm=8(mvmoe) | reason=warm_start
     0(bq              ): pulls=   4 | mean=+nan | bonus=nan | score=+nan | raw=+nan | p_mean_reward=0.6875
     1(elg             ): pulls=   4 | mean=+nan | bonus=nan | score=+nan | raw=+nan | p_mean_reward=0.5625
     2(lehd            ): pulls=   4 | mean=+nan | bonus=nan | score=+nan | raw=+nan | p_mean_reward=0.6250
     7(omni            ): pulls=   5 | mean=+nan | bonus=nan | score=+nan | raw=+nan | p_mean_reward=0.9000
     8(mvmoe           ): pulls=   4 | mean=+nan | bonus=nan | score=+nan | raw=+nan | p_mean_reward=0.1250 <--
10:52:56 | t=45 | UPDATE | problem=CVRP | uid=cvrp:train:8506 | global_index=8506 | arm=8(mvmoe)
    outcome: reward=0.0000 | selected_cost=16.6158 | best_cost=13.9836 | regret=2.6323
    result: record_global_index=8506 | name=None | score=16.6158
    arm_stats: global_pulls=5 | problem_arm_pulls=5 | avg_reward=0.1000 | problem_arm_avg_reward=0.1000
    state: history=45 | U_norm=nan | U_mean=nan | U_min=nan | U_max=nan
10:52:56 | t=45 | TRAIN | module=reward_net | trigger=warmup(<= 180)
    optimize: epochs=20 | steps=20 | batch_size=45 | replay=balanced_problem_arm | history=45 | lr=0.001
    loss: avg=nan | min=nan | max=nan | last=nan
    state: U_norm=nan | U_mean=nan | U_min=nan | U_max=nan
10:52:56 | epoch=1 | TRAIN[45] | CVRP | select arm=0(bq) | reason=warm_start
     0(bq              ): pulls=   4 | mean=+nan | bonus=nan | score=+nan | raw=+nan | p_mean_reward=0.6875 <--
     1(elg             ): pulls=   4 | mean=+nan | bonus=nan | score=+nan | raw=+nan | p_mean_reward=0.5625
     2(lehd            ): pulls=   4 | mean=+nan | bonus=nan | score=+nan | raw=+nan | p_mean_reward=0.6250
     7(omni            ): pulls=   5 | mean=+nan | bonus=nan | score=+nan | raw=+nan | p_mean_reward=0.9000
     8(mvmoe           ): pulls=   5 | mean=+nan | bonus=nan | score=+nan | raw=+nan | p_mean_reward=0.1000
10:52:59 | t=46 | UPDATE | problem=CVRP | uid=cvrp:train:4138 | global_index=4138 | arm=0(bq)
    outcome: reward=0.2500 | selected_cost=17.8277 | best_cost=17.1097 | regret=0.7180
    result: record_global_index=4138 | name=None | score=17.8277
    arm_stats: global_pulls=8 | problem_arm_pulls=5 | avg_reward=0.5833 | problem_arm_avg_reward=0.6000
    state: history=46 | U_norm=nan | U_mean=nan | U_min=nan | U_max=nan
10:52:59 | t=46 | TRAIN | module=reward_net | trigger=warmup(<= 180)
    optimize: epochs=20 | steps=20 | batch_size=46 | replay=balanced_problem_arm | history=46 | lr=0.001
    loss: avg=nan | min=nan | max=nan | last=nan
    state: U_norm=nan | U_mean=nan | U_min=nan | U_max=nan
10:52:59 | epoch=1 | TRAIN[46] | TSP | select arm=5(difusco) | reason=warm_start
     0(bq              ): pulls=   3 | mean=+nan | bonus=nan | score=+nan | raw=+nan | p_mean_reward=0.5556
     1(elg             ): pulls=   3 | mean=+nan | bonus=nan | score=+nan | raw=+nan | p_mean_reward=0.0000
     2(lehd            ): pulls=   3 | mean=+nan | bonus=nan | score=+nan | raw=+nan | p_mean_reward=0.5556
     3(t2t             ): pulls=   4 | mean=+nan | bonus=nan | score=+nan | raw=+nan | p_mean_reward=0.7083
     4(t2t500          ): pulls=   4 | mean=+nan | bonus=nan | score=+nan | raw=+nan | p_mean_reward=0.5833
     5(difusco         ): pulls=   3 | mean=+nan | bonus=nan | score=+nan | raw=+nan | p_mean_reward=0.8889 <--
     6(difusco500      ): pulls=   3 | mean=+nan | bonus=nan | score=+nan | raw=+nan | p_mean_reward=0.4444
10:53:03 | t=47 | UPDATE | problem=TSP | uid=tsp:train:8655 | global_index=8655 | arm=5(difusco)
    outcome: reward=0.5000 | selected_cost=6.8658 | best_cost=6.8057 | regret=0.0601
    result: record_global_index=8655 | name=None | score=6.8658
    arm_stats: global_pulls=4 | problem_arm_pulls=4 | avg_reward=0.7917 | problem_arm_avg_reward=0.7917
    state: history=47 | U_norm=nan | U_mean=nan | U_min=nan | U_max=nan
10:53:03 | t=47 | TRAIN | module=reward_net | trigger=warmup(<= 180)
    optimize: epochs=20 | steps=20 | batch_size=47 | replay=balanced_problem_arm | history=47 | lr=0.001
    loss: avg=nan | min=nan | max=nan | last=nan
    state: U_norm=nan | U_mean=nan | U_min=nan | U_max=nan
10:53:03 | epoch=1 | TRAIN[47] | CVRP | select arm=1(elg) | reason=warm_start
     0(bq              ): pulls=   5 | mean=+nan | bonus=nan | score=+nan | raw=+nan | p_mean_reward=0.6000
     1(elg             ): pulls=   4 | mean=+nan | bonus=nan | score=+nan | raw=+nan | p_mean_reward=0.5625 <--
     2(lehd            ): pulls=   4 | mean=+nan | bonus=nan | score=+nan | raw=+nan | p_mean_reward=0.6250
     7(omni            ): pulls=   5 | mean=+nan | bonus=nan | score=+nan | raw=+nan | p_mean_reward=0.9000
     8(mvmoe           ): pulls=   5 | mean=+nan | bonus=nan | score=+nan | raw=+nan | p_mean_reward=0.1000
10:53:06 | t=48 | UPDATE | problem=CVRP | uid=cvrp:train:9458 | global_index=9458 | arm=1(elg)
    outcome: reward=0.2500 | selected_cost=19.8533 | best_cost=19.1559 | regret=0.6974
    result: record_global_index=9458 | name=None | score=19.8533
    arm_stats: global_pulls=8 | problem_arm_pulls=5 | avg_reward=0.3125 | problem_arm_avg_reward=0.5000
    state: history=48 | U_norm=nan | U_mean=nan | U_min=nan | U_max=nan
10:53:06 | t=48 | TRAIN | module=reward_net | trigger=warmup(<= 180)
    optimize: epochs=20 | steps=20 | batch_size=48 | replay=balanced_problem_arm | history=48 | lr=0.001
    loss: avg=nan | min=nan | max=nan | last=nan
    state: U_norm=nan | U_mean=nan | U_min=nan | U_max=nan
10:53:06 | epoch=1 | TRAIN[48] | TSP | select arm=6(difusco500) | reason=warm_start
     0(bq              ): pulls=   3 | mean=+nan | bonus=nan | score=+nan | raw=+nan | p_mean_reward=0.5556
     1(elg             ): pulls=   3 | mean=+nan | bonus=nan | score=+nan | raw=+nan | p_mean_reward=0.0000
     2(lehd            ): pulls=   3 | mean=+nan | bonus=nan | score=+nan | raw=+nan | p_mean_reward=0.5556
     3(t2t             ): pulls=   4 | mean=+nan | bonus=nan | score=+nan | raw=+nan | p_mean_reward=0.7083
     4(t2t500          ): pulls=   4 | mean=+nan | bonus=nan | score=+nan | raw=+nan | p_mean_reward=0.5833
     5(difusco         ): pulls=   4 | mean=+nan | bonus=nan | score=+nan | raw=+nan | p_mean_reward=0.7917
     6(difusco500      ): pulls=   3 | mean=+nan | bonus=nan | score=+nan | raw=+nan | p_mean_reward=0.4444 <--
10:53:10 | t=49 | UPDATE | problem=TSP | uid=tsp:train:2241 | global_index=2241 | arm=6(difusco500)
    outcome: reward=1.0000 | selected_cost=7.9635 | best_cost=7.9635 | regret=0.0000
    result: record_global_index=2241 | name=None | score=7.9635
    arm_stats: global_pulls=4 | problem_arm_pulls=4 | avg_reward=0.5833 | problem_arm_avg_reward=0.5833
    state: history=49 | U_norm=nan | U_mean=nan | U_min=nan | U_max=nan
10:53:10 | t=49 | TRAIN | module=reward_net | trigger=warmup(<= 180)
    optimize: epochs=20 | steps=20 | batch_size=49 | replay=balanced_problem_arm | history=49 | lr=0.001
    loss: avg=nan | min=nan | max=nan | last=nan
    state: U_norm=nan | U_mean=nan | U_min=nan | U_max=nan
10:53:10 | epoch=1 | TRAIN[49] | TSP | select arm=2(lehd) | reason=warm_start
     0(bq              ): pulls=   3 | mean=+nan | bonus=nan | score=+nan | raw=+nan | p_mean_reward=0.5556
     1(elg             ): pulls=   3 | mean=+nan | bonus=nan | score=+nan | raw=+nan | p_mean_reward=0.0000
     2(lehd            ): pulls=   3 | mean=+nan | bonus=nan | score=+nan | raw=+nan | p_mean_reward=0.5556 <--
     3(t2t             ): pulls=   4 | mean=+nan | bonus=nan | score=+nan | raw=+nan | p_mean_reward=0.7083
     4(t2t500          ): pulls=   4 | mean=+nan | bonus=nan | score=+nan | raw=+nan | p_mean_reward=0.5833
     5(difusco         ): pulls=   4 | mean=+nan | bonus=nan | score=+nan | raw=+nan | p_mean_reward=0.7917
     6(difusco500      ): pulls=   4 | mean=+nan | bonus=nan | score=+nan | raw=+nan | p_mean_reward=0.5833
10:53:14 | t=50 | UPDATE | problem=TSP | uid=tsp:train:1292 | global_index=1292 | arm=2(lehd)
    outcome: reward=0.6667 | selected_cost=8.8524 | best_cost=8.6938 | regret=0.1586
    result: record_global_index=1292 | name=None | score=8.8524
    arm_stats: global_pulls=8 | problem_arm_pulls=4 | avg_reward=0.6042 | problem_arm_avg_reward=0.5833
    state: history=50 | U_norm=nan | U_mean=nan | U_min=nan | U_max=nan
10:53:14 | t=50 | TRAIN | module=reward_net | trigger=warmup(<= 180)
    optimize: epochs=20 | steps=20 | batch_size=50 | replay=balanced_problem_arm | history=50 | lr=0.001
    loss: avg=nan | min=nan | max=nan | last=nan
    state: U_norm=nan | U_mean=nan | U_min=nan | U_max=nan
10:53:14 | epoch=1 | TRAIN[50] | TSP | select arm=0(bq) | reason=warm_start
     0(bq              ): pulls=   3 | mean=+nan | bonus=nan | score=+nan | raw=+nan | p_mean_reward=0.5556 <--
     1(elg             ): pulls=   3 | mean=+nan | bonus=nan | score=+nan | raw=+nan | p_mean_reward=0.0000
     2(lehd            ): pulls=   4 | mean=+nan | bonus=nan | score=+nan | raw=+nan | p_mean_reward=0.5833
     3(t2t             ): pulls=   4 | mean=+nan | bonus=nan | score=+nan | raw=+nan | p_mean_reward=0.7083
     4(t2t500          ): pulls=   4 | mean=+nan | bonus=nan | score=+nan | raw=+nan | p_mean_reward=0.5833
     5(difusco         ): pulls=   4 | mean=+nan | bonus=nan | score=+nan | raw=+nan | p_mean_reward=0.7917
     6(difusco500      ): pulls=   4 | mean=+nan | bonus=nan | score=+nan | raw=+nan | p_mean_reward=0.5833
10:53:18 | t=51 | UPDATE | problem=TSP | uid=tsp:train:9133 | global_index=9133 | arm=0(bq)
    outcome: reward=1.0000 | selected_cost=6.8230 | best_cost=6.8230 | regret=0.0000
    result: record_global_index=9133 | name=None | score=6.8230
    arm_stats: global_pulls=9 | problem_arm_pulls=4 | avg_reward=0.6296 | problem_arm_avg_reward=0.6667
    state: history=51 | U_norm=nan | U_mean=nan | U_min=nan | U_max=nan
10:53:18 | t=51 | TRAIN | module=reward_net | trigger=warmup(<= 180)
    optimize: epochs=20 | steps=20 | batch_size=51 | replay=balanced_problem_arm | history=51 | lr=0.001
    loss: avg=nan | min=nan | max=nan | last=nan
    state: U_norm=nan | U_mean=nan | U_min=nan | U_max=nan
10:53:18 | epoch=1 | TRAIN[51] | CVRP | select arm=2(lehd) | reason=warm_start
     0(bq              ): pulls=   5 | mean=+nan | bonus=nan | score=+nan | raw=+nan | p_mean_reward=0.6000
     1(elg             ): pulls=   5 | mean=+nan | bonus=nan | score=+nan | raw=+nan | p_mean_reward=0.5000
     2(lehd            ): pulls=   4 | mean=+nan | bonus=nan | score=+nan | raw=+nan | p_mean_reward=0.6250 <--
     7(omni            ): pulls=   5 | mean=+nan | bonus=nan | score=+nan | raw=+nan | p_mean_reward=0.9000
     8(mvmoe           ): pulls=   5 | mean=+nan | bonus=nan | score=+nan | raw=+nan | p_mean_reward=0.1000
10:53:22 | t=52 | UPDATE | problem=CVRP | uid=cvrp:train:9737 | global_index=9737 | arm=2(lehd)
    outcome: reward=0.0000 | selected_cost=8.2519 | best_cost=7.5350 | regret=0.7168
    result: record_global_index=9737 | name=None | score=8.2519
    arm_stats: global_pulls=9 | problem_arm_pulls=5 | avg_reward=0.5370 | problem_arm_avg_reward=0.5000
    state: history=52 | U_norm=nan | U_mean=nan | U_min=nan | U_max=nan
10:53:22 | t=52 | TRAIN | module=reward_net | trigger=warmup(<= 180)
    optimize: epochs=20 | steps=20 | batch_size=52 | replay=balanced_problem_arm | history=52 | lr=0.001
    loss: avg=nan | min=nan | max=nan | last=nan
    state: U_norm=nan | U_mean=nan | U_min=nan | U_max=nan
10:53:22 | epoch=1 | TRAIN[52] | TSP | select arm=1(elg) | reason=warm_start
     0(bq              ): pulls=   4 | mean=+nan | bonus=nan | score=+nan | raw=+nan | p_mean_reward=0.6667
     1(elg             ): pulls=   3 | mean=+nan | bonus=nan | score=+nan | raw=+nan | p_mean_reward=0.0000 <--
     2(lehd            ): pulls=   4 | mean=+nan | bonus=nan | score=+nan | raw=+nan | p_mean_reward=0.5833
     3(t2t             ): pulls=   4 | mean=+nan | bonus=nan | score=+nan | raw=+nan | p_mean_reward=0.7083
     4(t2t500          ): pulls=   4 | mean=+nan | bonus=nan | score=+nan | raw=+nan | p_mean_reward=0.5833
     5(difusco         ): pulls=   4 | mean=+nan | bonus=nan | score=+nan | raw=+nan | p_mean_reward=0.7917
     6(difusco500      ): pulls=   4 | mean=+nan | bonus=nan | score=+nan | raw=+nan | p_mean_reward=0.5833
10:53:26 | t=53 | UPDATE | problem=TSP | uid=tsp:train:5280 | global_index=5280 | arm=1(elg)
    outcome: reward=0.0000 | selected_cost=7.8667 | best_cost=7.6123 | regret=0.2544
    result: record_global_index=5280 | name=None | score=7.8667
    arm_stats: global_pulls=9 | problem_arm_pulls=4 | avg_reward=0.2778 | problem_arm_avg_reward=0.0000
    state: history=53 | U_norm=nan | U_mean=nan | U_min=nan | U_max=nan
10:53:26 | t=53 | TRAIN | module=reward_net | trigger=warmup(<= 180)
    optimize: epochs=20 | steps=20 | batch_size=53 | replay=balanced_problem_arm | history=53 | lr=0.001
    loss: avg=nan | min=nan | max=nan | last=nan
    state: U_norm=nan | U_mean=nan | U_min=nan | U_max=nan
10:53:26 | epoch=1 | TRAIN[53] | TSP | select arm=3(t2t) | reason=warm_start
     0(bq              ): pulls=   4 | mean=+nan | bonus=nan | score=+nan | raw=+nan | p_mean_reward=0.6667
     1(elg             ): pulls=   4 | mean=+nan | bonus=nan | score=+nan | raw=+nan | p_mean_reward=0.0000
     2(lehd            ): pulls=   4 | mean=+nan | bonus=nan | score=+nan | raw=+nan | p_mean_reward=0.5833
     3(t2t             ): pulls=   4 | mean=+nan | bonus=nan | score=+nan | raw=+nan | p_mean_reward=0.7083 <--
     4(t2t500          ): pulls=   4 | mean=+nan | bonus=nan | score=+nan | raw=+nan | p_mean_reward=0.5833
     5(difusco         ): pulls=   4 | mean=+nan | bonus=nan | score=+nan | raw=+nan | p_mean_reward=0.7917
     6(difusco500      ): pulls=   4 | mean=+nan | bonus=nan | score=+nan | raw=+nan | p_mean_reward=0.5833
10:53:30 | t=54 | UPDATE | problem=TSP | uid=tsp:train:6333 | global_index=6333 | arm=3(t2t)
    outcome: reward=0.1667 | selected_cost=8.2948 | best_cost=8.1121 | regret=0.1827
    result: record_global_index=6333 | name=None | score=8.2948
    arm_stats: global_pulls=5 | problem_arm_pulls=5 | avg_reward=0.6000 | problem_arm_avg_reward=0.6000
    state: history=54 | U_norm=nan | U_mean=nan | U_min=nan | U_max=nan
10:53:30 | t=54 | TRAIN | module=reward_net | trigger=warmup(<= 180)
    optimize: epochs=20 | steps=20 | batch_size=54 | replay=balanced_problem_arm | history=54 | lr=0.001
    loss: avg=nan | min=nan | max=nan | last=nan
    state: U_norm=nan | U_mean=nan | U_min=nan | U_max=nan
10:53:31 | epoch=1 | TRAIN[54] | CVRP | select arm=7(omni) | reason=warm_start
     0(bq              ): pulls=   5 | mean=+nan | bonus=nan | score=+nan | raw=+nan | p_mean_reward=0.6000
     1(elg             ): pulls=   5 | mean=+nan | bonus=nan | score=+nan | raw=+nan | p_mean_reward=0.5000
     2(lehd            ): pulls=   5 | mean=+nan | bonus=nan | score=+nan | raw=+nan | p_mean_reward=0.5000
     7(omni            ): pulls=   5 | mean=+nan | bonus=nan | score=+nan | raw=+nan | p_mean_reward=0.9000 <--
     8(mvmoe           ): pulls=   5 | mean=+nan | bonus=nan | score=+nan | raw=+nan | p_mean_reward=0.1000
10:53:35 | t=55 | UPDATE | problem=CVRP | uid=cvrp:train:651 | global_index=651 | arm=7(omni)
    outcome: reward=0.2500 | selected_cost=20.0701 | best_cost=19.8566 | regret=0.2134
    result: record_global_index=651 | name=None | score=20.0701
    arm_stats: global_pulls=6 | problem_arm_pulls=6 | avg_reward=0.7917 | problem_arm_avg_reward=0.7917
    state: history=55 | U_norm=nan | U_mean=nan | U_min=nan | U_max=nan
10:53:35 | t=55 | TRAIN | module=reward_net | trigger=warmup(<= 180)
    optimize: epochs=20 | steps=20 | batch_size=55 | replay=balanced_problem_arm | history=55 | lr=0.001
    loss: avg=nan | min=nan | max=nan | last=nan
    state: U_norm=nan | U_mean=nan | U_min=nan | U_max=nan
10:53:35 | epoch=1 | TRAIN[55] | CVRP | select arm=8(mvmoe) | reason=warm_start
     0(bq              ): pulls=   5 | mean=+nan | bonus=nan | score=+nan | raw=+nan | p_mean_reward=0.6000
     1(elg             ): pulls=   5 | mean=+nan | bonus=nan | score=+nan | raw=+nan | p_mean_reward=0.5000
     2(lehd            ): pulls=   5 | mean=+nan | bonus=nan | score=+nan | raw=+nan | p_mean_reward=0.5000
     7(omni            ): pulls=   6 | mean=+nan | bonus=nan | score=+nan | raw=+nan | p_mean_reward=0.7917
     8(mvmoe           ): pulls=   5 | mean=+nan | bonus=nan | score=+nan | raw=+nan | p_mean_reward=0.1000 <--
10:53:39 | t=56 | UPDATE | problem=CVRP | uid=cvrp:train:5474 | global_index=5474 | arm=8(mvmoe)
    outcome: reward=0.0000 | selected_cost=17.6190 | best_cost=10.6832 | regret=6.9358
    result: record_global_index=5474 | name=None | score=17.6190
    arm_stats: global_pulls=6 | problem_arm_pulls=6 | avg_reward=0.0833 | problem_arm_avg_reward=0.0833
    state: history=56 | U_norm=nan | U_mean=nan | U_min=nan | U_max=nan
10:53:39 | t=56 | TRAIN | module=reward_net | trigger=warmup(<= 180)
    optimize: epochs=20 | steps=20 | batch_size=56 | replay=balanced_problem_arm | history=56 | lr=0.001
    loss: avg=nan | min=nan | max=nan | last=nan
    state: U_norm=nan | U_mean=nan | U_min=nan | U_max=nan
10:53:39 | epoch=1 | TRAIN[56] | TSP | select arm=4(t2t500) | reason=warm_start
     0(bq              ): pulls=   4 | mean=+nan | bonus=nan | score=+nan | raw=+nan | p_mean_reward=0.6667
     1(elg             ): pulls=   4 | mean=+nan | bonus=nan | score=+nan | raw=+nan | p_mean_reward=0.0000
     2(lehd            ): pulls=   4 | mean=+nan | bonus=nan | score=+nan | raw=+nan | p_mean_reward=0.5833
     3(t2t             ): pulls=   5 | mean=+nan | bonus=nan | score=+nan | raw=+nan | p_mean_reward=0.6000
     4(t2t500          ): pulls=   4 | mean=+nan | bonus=nan | score=+nan | raw=+nan | p_mean_reward=0.5833 <--
     5(difusco         ): pulls=   4 | mean=+nan | bonus=nan | score=+nan | raw=+nan | p_mean_reward=0.7917
     6(difusco500      ): pulls=   4 | mean=+nan | bonus=nan | score=+nan | raw=+nan | p_mean_reward=0.5833
10:53:43 | t=57 | UPDATE | problem=TSP | uid=tsp:train:5830 | global_index=5830 | arm=4(t2t500)
    outcome: reward=1.0000 | selected_cost=11.8458 | best_cost=11.8458 | regret=0.0000
    result: record_global_index=5830 | name=None | score=11.8458
    arm_stats: global_pulls=5 | problem_arm_pulls=5 | avg_reward=0.6667 | problem_arm_avg_reward=0.6667
    state: history=57 | U_norm=nan | U_mean=nan | U_min=nan | U_max=nan
10:53:43 | t=57 | TRAIN | module=reward_net | trigger=warmup(<= 180)
    optimize: epochs=20 | steps=20 | batch_size=57 | replay=balanced_problem_arm | history=57 | lr=0.001
    loss: avg=nan | min=nan | max=nan | last=nan
    state: U_norm=nan | U_mean=nan | U_min=nan | U_max=nan
10:53:43 | epoch=1 | TRAIN[57] | CVRP | select arm=0(bq) | reason=warm_start
     0(bq              ): pulls=   5 | mean=+nan | bonus=nan | score=+nan | raw=+nan | p_mean_reward=0.6000 <--
     1(elg             ): pulls=   5 | mean=+nan | bonus=nan | score=+nan | raw=+nan | p_mean_reward=0.5000
     2(lehd            ): pulls=   5 | mean=+nan | bonus=nan | score=+nan | raw=+nan | p_mean_reward=0.5000
     7(omni            ): pulls=   6 | mean=+nan | bonus=nan | score=+nan | raw=+nan | p_mean_reward=0.7917
     8(mvmoe           ): pulls=   6 | mean=+nan | bonus=nan | score=+nan | raw=+nan | p_mean_reward=0.0833
10:53:48 | t=58 | UPDATE | problem=CVRP | uid=cvrp:train:7312 | global_index=7312 | arm=0(bq)
    outcome: reward=0.2500 | selected_cost=10.3449 | best_cost=9.3466 | regret=0.9983
    result: record_global_index=7312 | name=None | score=10.3449
    arm_stats: global_pulls=10 | problem_arm_pulls=6 | avg_reward=0.5917 | problem_arm_avg_reward=0.5417
    state: history=58 | U_norm=nan | U_mean=nan | U_min=nan | U_max=nan
10:53:48 | t=58 | TRAIN | module=reward_net | trigger=warmup(<= 180)
    optimize: epochs=20 | steps=20 | batch_size=58 | replay=balanced_problem_arm | history=58 | lr=0.001
    loss: avg=nan | min=nan | max=nan | last=nan
    state: U_norm=nan | U_mean=nan | U_min=nan | U_max=nan
10:53:48 | epoch=1 | TRAIN[58] | CVRP | select arm=1(elg) | reason=warm_start
     0(bq              ): pulls=   6 | mean=+nan | bonus=nan | score=+nan | raw=+nan | p_mean_reward=0.5417
     1(elg             ): pulls=   5 | mean=+nan | bonus=nan | score=+nan | raw=+nan | p_mean_reward=0.5000 <--
     2(lehd            ): pulls=   5 | mean=+nan | bonus=nan | score=+nan | raw=+nan | p_mean_reward=0.5000
     7(omni            ): pulls=   6 | mean=+nan | bonus=nan | score=+nan | raw=+nan | p_mean_reward=0.7917
     8(mvmoe           ): pulls=   6 | mean=+nan | bonus=nan | score=+nan | raw=+nan | p_mean_reward=0.0833
10:53:52 | t=59 | UPDATE | problem=CVRP | uid=cvrp:train:8714 | global_index=8714 | arm=1(elg)
    outcome: reward=0.2500 | selected_cost=20.7738 | best_cost=20.1474 | regret=0.6264
    result: record_global_index=8714 | name=None | score=20.7738
    arm_stats: global_pulls=10 | problem_arm_pulls=6 | avg_reward=0.2750 | problem_arm_avg_reward=0.4583
    state: history=59 | U_norm=nan | U_mean=nan | U_min=nan | U_max=nan
10:53:52 | t=59 | TRAIN | module=reward_net | trigger=warmup(<= 180)
    optimize: epochs=20 | steps=20 | batch_size=59 | replay=balanced_problem_arm | history=59 | lr=0.001
    loss: avg=nan | min=nan | max=nan | last=nan
    state: U_norm=nan | U_mean=nan | U_min=nan | U_max=nan
10:53:52 | epoch=1 | TRAIN[59] | TSP | select arm=5(difusco) | reason=warm_start
     0(bq              ): pulls=   4 | mean=+nan | bonus=nan | score=+nan | raw=+nan | p_mean_reward=0.6667
     1(elg             ): pulls=   4 | mean=+nan | bonus=nan | score=+nan | raw=+nan | p_mean_reward=0.0000
     2(lehd            ): pulls=   4 | mean=+nan | bonus=nan | score=+nan | raw=+nan | p_mean_reward=0.5833
     3(t2t             ): pulls=   5 | mean=+nan | bonus=nan | score=+nan | raw=+nan | p_mean_reward=0.6000
     4(t2t500          ): pulls=   5 | mean=+nan | bonus=nan | score=+nan | raw=+nan | p_mean_reward=0.6667
     5(difusco         ): pulls=   4 | mean=+nan | bonus=nan | score=+nan | raw=+nan | p_mean_reward=0.7917 <--
     6(difusco500      ): pulls=   4 | mean=+nan | bonus=nan | score=+nan | raw=+nan | p_mean_reward=0.5833
10:53:57 | t=60 | UPDATE | problem=TSP | uid=tsp:train:6995 | global_index=6995 | arm=5(difusco)
    outcome: reward=0.1667 | selected_cost=6.8910 | best_cost=6.8700 | regret=0.0210
    result: record_global_index=6995 | name=None | score=6.8910
    arm_stats: global_pulls=5 | problem_arm_pulls=5 | avg_reward=0.6667 | problem_arm_avg_reward=0.6667
    state: history=60 | U_norm=nan | U_mean=nan | U_min=nan | U_max=nan
10:53:57 | t=60 | TRAIN | module=reward_net | trigger=warmup(<= 180)
    optimize: epochs=20 | steps=20 | batch_size=60 | replay=balanced_problem_arm | history=60 | lr=0.001
    loss: avg=nan | min=nan | max=nan | last=nan
    state: U_norm=nan | U_mean=nan | U_min=nan | U_max=nan
10:53:57 | epoch=1 | TRAIN[60] | TSP | select arm=6(difusco500) | reason=warm_start
     0(bq              ): pulls=   4 | mean=+nan | bonus=nan | score=+nan | raw=+nan | p_mean_reward=0.6667
     1(elg             ): pulls=   4 | mean=+nan | bonus=nan | score=+nan | raw=+nan | p_mean_reward=0.0000
     2(lehd            ): pulls=   4 | mean=+nan | bonus=nan | score=+nan | raw=+nan | p_mean_reward=0.5833
     3(t2t             ): pulls=   5 | mean=+nan | bonus=nan | score=+nan | raw=+nan | p_mean_reward=0.6000
     4(t2t500          ): pulls=   5 | mean=+nan | bonus=nan | score=+nan | raw=+nan | p_mean_reward=0.6667
     5(difusco         ): pulls=   5 | mean=+nan | bonus=nan | score=+nan | raw=+nan | p_mean_reward=0.6667
     6(difusco500      ): pulls=   4 | mean=+nan | bonus=nan | score=+nan | raw=+nan | p_mean_reward=0.5833 <--
10:54:02 | t=61 | UPDATE | problem=TSP | uid=tsp:train:63 | global_index=63 | arm=6(difusco500)
    outcome: reward=0.0000 | selected_cost=6.9801 | best_cost=6.7353 | regret=0.2447
    result: record_global_index=63 | name=None | score=6.9801
    arm_stats: global_pulls=5 | problem_arm_pulls=5 | avg_reward=0.4667 | problem_arm_avg_reward=0.4667
    state: history=61 | U_norm=nan | U_mean=nan | U_min=nan | U_max=nan
10:54:02 | t=61 | TRAIN | module=reward_net | trigger=warmup(<= 180)
    optimize: epochs=20 | steps=20 | batch_size=61 | replay=balanced_problem_arm | history=61 | lr=0.001
    loss: avg=nan | min=nan | max=nan | last=nan
    state: U_norm=nan | U_mean=nan | U_min=nan | U_max=nan
10:54:02 | epoch=1 | TRAIN[61] | TSP | select arm=2(lehd) | reason=warm_start
     0(bq              ): pulls=   4 | mean=+nan | bonus=nan | score=+nan | raw=+nan | p_mean_reward=0.6667
     1(elg             ): pulls=   4 | mean=+nan | bonus=nan | score=+nan | raw=+nan | p_mean_reward=0.0000
     2(lehd            ): pulls=   4 | mean=+nan | bonus=nan | score=+nan | raw=+nan | p_mean_reward=0.5833 <--
     3(t2t             ): pulls=   5 | mean=+nan | bonus=nan | score=+nan | raw=+nan | p_mean_reward=0.6000
     4(t2t500          ): pulls=   5 | mean=+nan | bonus=nan | score=+nan | raw=+nan | p_mean_reward=0.6667
     5(difusco         ): pulls=   5 | mean=+nan | bonus=nan | score=+nan | raw=+nan | p_mean_reward=0.6667
     6(difusco500      ): pulls=   5 | mean=+nan | bonus=nan | score=+nan | raw=+nan | p_mean_reward=0.4667
10:54:06 | t=62 | UPDATE | problem=TSP | uid=tsp:train:8370 | global_index=8370 | arm=2(lehd)
    outcome: reward=0.1667 | selected_cost=9.2317 | best_cost=8.8748 | regret=0.3569
    result: record_global_index=8370 | name=None | score=9.2317
    arm_stats: global_pulls=10 | problem_arm_pulls=5 | avg_reward=0.5000 | problem_arm_avg_reward=0.5000
    state: history=62 | U_norm=nan | U_mean=nan | U_min=nan | U_max=nan
10:54:06 | t=62 | TRAIN | module=reward_net | trigger=warmup(<= 180)
    optimize: epochs=20 | steps=20 | batch_size=62 | replay=balanced_problem_arm | history=62 | lr=0.001
    loss: avg=nan | min=nan | max=nan | last=nan
    state: U_norm=nan | U_mean=nan | U_min=nan | U_max=nan
10:54:06 | epoch=1 | TRAIN[62] | TSP | select arm=0(bq) | reason=warm_start
     0(bq              ): pulls=   4 | mean=+nan | bonus=nan | score=+nan | raw=+nan | p_mean_reward=0.6667 <--
     1(elg             ): pulls=   4 | mean=+nan | bonus=nan | score=+nan | raw=+nan | p_mean_reward=0.0000
     2(lehd            ): pulls=   5 | mean=+nan | bonus=nan | score=+nan | raw=+nan | p_mean_reward=0.5000
     3(t2t             ): pulls=   5 | mean=+nan | bonus=nan | score=+nan | raw=+nan | p_mean_reward=0.6000
     4(t2t500          ): pulls=   5 | mean=+nan | bonus=nan | score=+nan | raw=+nan | p_mean_reward=0.6667
     5(difusco         ): pulls=   5 | mean=+nan | bonus=nan | score=+nan | raw=+nan | p_mean_reward=0.6667
     6(difusco500      ): pulls=   5 | mean=+nan | bonus=nan | score=+nan | raw=+nan | p_mean_reward=0.4667
10:54:10 | t=63 | UPDATE | problem=TSP | uid=tsp:train:9788 | global_index=9788 | arm=0(bq)
    outcome: reward=1.0000 | selected_cost=6.6174 | best_cost=6.6174 | regret=0.0000
    result: record_global_index=9788 | name=None | score=6.6174
    arm_stats: global_pulls=11 | problem_arm_pulls=5 | avg_reward=0.6288 | problem_arm_avg_reward=0.7333
    state: history=63 | U_norm=nan | U_mean=nan | U_min=nan | U_max=nan
10:54:10 | t=63 | TRAIN | module=reward_net | trigger=warmup(<= 180)
    optimize: epochs=20 | steps=20 | batch_size=63 | replay=balanced_problem_arm | history=63 | lr=0.001
    loss: avg=nan | min=nan | max=nan | last=nan
    state: U_norm=nan | U_mean=nan | U_min=nan | U_max=nan
10:54:10 | epoch=1 | TRAIN[63] | CVRP | select arm=2(lehd) | reason=warm_start
     0(bq              ): pulls=   6 | mean=+nan | bonus=nan | score=+nan | raw=+nan | p_mean_reward=0.5417
     1(elg             ): pulls=   6 | mean=+nan | bonus=nan | score=+nan | raw=+nan | p_mean_reward=0.4583
     2(lehd            ): pulls=   5 | mean=+nan | bonus=nan | score=+nan | raw=+nan | p_mean_reward=0.5000 <--
     7(omni            ): pulls=   6 | mean=+nan | bonus=nan | score=+nan | raw=+nan | p_mean_reward=0.7917
     8(mvmoe           ): pulls=   6 | mean=+nan | bonus=nan | score=+nan | raw=+nan | p_mean_reward=0.0833
10:54:14 | t=64 | UPDATE | problem=CVRP | uid=cvrp:train:9794 | global_index=9794 | arm=2(lehd)
    outcome: reward=1.0000 | selected_cost=10.7740 | best_cost=10.7740 | regret=0.0000
    result: record_global_index=9794 | name=None | score=10.7740
    arm_stats: global_pulls=11 | problem_arm_pulls=6 | avg_reward=0.5455 | problem_arm_avg_reward=0.5833
    state: history=64 | U_norm=nan | U_mean=nan | U_min=nan | U_max=nan
10:54:14 | t=64 | TRAIN | module=reward_net | trigger=warmup(<= 180)
    optimize: epochs=20 | steps=20 | batch_size=64 | replay=balanced_problem_arm | history=64 | lr=0.001
    loss: avg=nan | min=nan | max=nan | last=nan
    state: U_norm=nan | U_mean=nan | U_min=nan | U_max=nan
10:54:14 | epoch=1 | TRAIN[64] | TSP | select arm=1(elg) | reason=warm_start
     0(bq              ): pulls=   5 | mean=+nan | bonus=nan | score=+nan | raw=+nan | p_mean_reward=0.7333
     1(elg             ): pulls=   4 | mean=+nan | bonus=nan | score=+nan | raw=+nan | p_mean_reward=0.0000 <--
     2(lehd            ): pulls=   5 | mean=+nan | bonus=nan | score=+nan | raw=+nan | p_mean_reward=0.5000
     3(t2t             ): pulls=   5 | mean=+nan | bonus=nan | score=+nan | raw=+nan | p_mean_reward=0.6000
     4(t2t500          ): pulls=   5 | mean=+nan | bonus=nan | score=+nan | raw=+nan | p_mean_reward=0.6667
     5(difusco         ): pulls=   5 | mean=+nan | bonus=nan | score=+nan | raw=+nan | p_mean_reward=0.6667
     6(difusco500      ): pulls=   5 | mean=+nan | bonus=nan | score=+nan | raw=+nan | p_mean_reward=0.4667
10:54:18 | t=65 | UPDATE | problem=TSP | uid=tsp:train:2179 | global_index=2179 | arm=1(elg)
    outcome: reward=0.1667 | selected_cost=8.6322 | best_cost=8.4010 | regret=0.2311
    result: record_global_index=2179 | name=None | score=8.6322
    arm_stats: global_pulls=11 | problem_arm_pulls=5 | avg_reward=0.2652 | problem_arm_avg_reward=0.0333
    state: history=65 | U_norm=nan | U_mean=nan | U_min=nan | U_max=nan
10:54:18 | t=65 | TRAIN | module=reward_net | trigger=warmup(<= 180)
    optimize: epochs=20 | steps=20 | batch_size=65 | replay=balanced_problem_arm | history=65 | lr=0.001
    loss: avg=nan | min=nan | max=nan | last=nan
    state: U_norm=nan | U_mean=nan | U_min=nan | U_max=nan
10:54:18 | epoch=1 | TRAIN[65] | CVRP | select arm=7(omni) | reason=warm_start
     0(bq              ): pulls=   6 | mean=+nan | bonus=nan | score=+nan | raw=+nan | p_mean_reward=0.5417
     1(elg             ): pulls=   6 | mean=+nan | bonus=nan | score=+nan | raw=+nan | p_mean_reward=0.4583
     2(lehd            ): pulls=   6 | mean=+nan | bonus=nan | score=+nan | raw=+nan | p_mean_reward=0.5833
     7(omni            ): pulls=   6 | mean=+nan | bonus=nan | score=+nan | raw=+nan | p_mean_reward=0.7917 <--
     8(mvmoe           ): pulls=   6 | mean=+nan | bonus=nan | score=+nan | raw=+nan | p_mean_reward=0.0833
10:54:22 | t=66 | UPDATE | problem=CVRP | uid=cvrp:train:2262 | global_index=2262 | arm=7(omni)
    outcome: reward=1.0000 | selected_cost=27.0024 | best_cost=27.0024 | regret=0.0000
    result: record_global_index=2262 | name=None | score=27.0024
    arm_stats: global_pulls=7 | problem_arm_pulls=7 | avg_reward=0.8214 | problem_arm_avg_reward=0.8214
    state: history=66 | U_norm=nan | U_mean=nan | U_min=nan | U_max=nan
10:54:22 | t=66 | TRAIN | module=reward_net | trigger=warmup(<= 180)
    optimize: epochs=20 | steps=20 | batch_size=66 | replay=balanced_problem_arm | history=66 | lr=0.001
    loss: avg=nan | min=nan | max=nan | last=nan
    state: U_norm=nan | U_mean=nan | U_min=nan | U_max=nan
10:54:22 | epoch=1 | TRAIN[66] | TSP | select arm=3(t2t) | reason=warm_start
     0(bq              ): pulls=   5 | mean=+nan | bonus=nan | score=+nan | raw=+nan | p_mean_reward=0.7333
     1(elg             ): pulls=   5 | mean=+nan | bonus=nan | score=+nan | raw=+nan | p_mean_reward=0.0333
     2(lehd            ): pulls=   5 | mean=+nan | bonus=nan | score=+nan | raw=+nan | p_mean_reward=0.5000
     3(t2t             ): pulls=   5 | mean=+nan | bonus=nan | score=+nan | raw=+nan | p_mean_reward=0.6000 <--
     4(t2t500          ): pulls=   5 | mean=+nan | bonus=nan | score=+nan | raw=+nan | p_mean_reward=0.6667
     5(difusco         ): pulls=   5 | mean=+nan | bonus=nan | score=+nan | raw=+nan | p_mean_reward=0.6667
     6(difusco500      ): pulls=   5 | mean=+nan | bonus=nan | score=+nan | raw=+nan | p_mean_reward=0.4667
10:54:26 | t=67 | UPDATE | problem=TSP | uid=tsp:train:2537 | global_index=2537 | arm=3(t2t)
    outcome: reward=0.0000 | selected_cost=6.8263 | best_cost=6.5008 | regret=0.3255
    result: record_global_index=2537 | name=None | score=6.8263
    arm_stats: global_pulls=6 | problem_arm_pulls=6 | avg_reward=0.5000 | problem_arm_avg_reward=0.5000
    state: history=67 | U_norm=nan | U_mean=nan | U_min=nan | U_max=nan
10:54:26 | t=67 | TRAIN | module=reward_net | trigger=warmup(<= 180)
    optimize: epochs=20 | steps=20 | batch_size=67 | replay=balanced_problem_arm | history=67 | lr=0.001
    loss: avg=nan | min=nan | max=nan | last=nan
    state: U_norm=nan | U_mean=nan | U_min=nan | U_max=nan
10:54:27 | epoch=1 | TRAIN[67] | CVRP | select arm=8(mvmoe) | reason=warm_start
     0(bq              ): pulls=   6 | mean=+nan | bonus=nan | score=+nan | raw=+nan | p_mean_reward=0.5417
     1(elg             ): pulls=   6 | mean=+nan | bonus=nan | score=+nan | raw=+nan | p_mean_reward=0.4583
     2(lehd            ): pulls=   6 | mean=+nan | bonus=nan | score=+nan | raw=+nan | p_mean_reward=0.5833
     7(omni            ): pulls=   7 | mean=+nan | bonus=nan | score=+nan | raw=+nan | p_mean_reward=0.8214
     8(mvmoe           ): pulls=   6 | mean=+nan | bonus=nan | score=+nan | raw=+nan | p_mean_reward=0.0833 <--
10:54:31 | t=68 | UPDATE | problem=CVRP | uid=cvrp:train:4052 | global_index=4052 | arm=8(mvmoe)
    outcome: reward=0.0000 | selected_cost=31.4717 | best_cost=26.9210 | regret=4.5507
    result: record_global_index=4052 | name=None | score=31.4717
    arm_stats: global_pulls=7 | problem_arm_pulls=7 | avg_reward=0.0714 | problem_arm_avg_reward=0.0714
    state: history=68 | U_norm=nan | U_mean=nan | U_min=nan | U_max=nan
10:54:31 | t=68 | TRAIN | module=reward_net | trigger=warmup(<= 180)
    optimize: epochs=20 | steps=20 | batch_size=68 | replay=balanced_problem_arm | history=68 | lr=0.001
    loss: avg=nan | min=nan | max=nan | last=nan
    state: U_norm=nan | U_mean=nan | U_min=nan | U_max=nan
10:54:31 | epoch=1 | TRAIN[68] | TSP | select arm=4(t2t500) | reason=warm_start
     0(bq              ): pulls=   5 | mean=+nan | bonus=nan | score=+nan | raw=+nan | p_mean_reward=0.7333
     1(elg             ): pulls=   5 | mean=+nan | bonus=nan | score=+nan | raw=+nan | p_mean_reward=0.0333
     2(lehd            ): pulls=   5 | mean=+nan | bonus=nan | score=+nan | raw=+nan | p_mean_reward=0.5000
     3(t2t             ): pulls=   6 | mean=+nan | bonus=nan | score=+nan | raw=+nan | p_mean_reward=0.5000
     4(t2t500          ): pulls=   5 | mean=+nan | bonus=nan | score=+nan | raw=+nan | p_mean_reward=0.6667 <--
     5(difusco         ): pulls=   5 | mean=+nan | bonus=nan | score=+nan | raw=+nan | p_mean_reward=0.6667
     6(difusco500      ): pulls=   5 | mean=+nan | bonus=nan | score=+nan | raw=+nan | p_mean_reward=0.4667
