[R37 attribution] net_correct=12.00 mean_cost_delta=+0.000390924 regret_delta=+0.005086184 pp
[cache] TSP/train: 10000 instances, 45.0 MiB on cuda:0
[cache] TSP/val: 1000 instances, 4.5 MiB on cuda:0
[R34 reference] val_top1=0.3630 val_regret=0.6118%
wandb: Tracking run with wandb version 0.19.11
wandb: W&B syncing is set to `offline` in this directory. Run `wandb online` or set WANDB_MODE=online to enable cloud syncing.
[start] redundant_seed2 updates=1000 batch=640 optimizer=fresh base_frozen=True base_lr=0 geometry_lr=2e-4 model_hash=ac5c8e24a15502a258ce0223d6f31bc435d3361b2bbba9739f28943ef056e434
[train updates 0000] top1=0.3934 ce=1.533871 mean_cost=8.008346 vs_sbs=-0.4963% regret=0.6373% expected_regret=0.9589% gap>0.1_top1=0.4190 gap>0.5_top1=0.4773
[val updates 0000] top1=0.3630 ce=1.657517 mean_cost=7.917969 vs_sbs=-0.5006% regret=0.6118% expected_regret=0.9326% gap>0.1_top1=0.3893 gap>0.5_top1=0.4360
[train updates 0050] loss=0.61074 grad=0.0668 skipped_total=0 lr_geometry=0.0002 elapsed=20.4s
[train updates 0050] top1=0.3940 ce=1.533952 mean_cost=8.008824 vs_sbs=-0.4903% regret=0.6457% expected_regret=0.9591% gap>0.1_top1=0.4203 gap>0.5_top1=0.4767
[val updates 0050] top1=0.3660 ce=1.657733 mean_cost=7.917856 vs_sbs=-0.5020% regret=0.6105% expected_regret=0.9327% gap>0.1_top1=0.3919 gap>0.5_top1=0.4429
[train updates 0100] loss=0.61129 grad=0.0731 skipped_total=0 lr_geometry=0.000199 elapsed=35.2s
[train updates 0100] top1=0.3945 ce=1.533854 mean_cost=8.008745 vs_sbs=-0.4913% regret=0.6451% expected_regret=0.9581% gap>0.1_top1=0.4203 gap>0.5_top1=0.4764
[val updates 0100] top1=0.3680 ce=1.657890 mean_cost=7.917697 vs_sbs=-0.5040% regret=0.6083% expected_regret=0.9320% gap>0.1_top1=0.3932 gap>0.5_top1=0.4429
[train updates 0150] loss=0.61151 grad=0.0663 skipped_total=0 lr_geometry=0.000195 elapsed=50.1s
[train updates 0150] top1=0.3946 ce=1.533905 mean_cost=8.008753 vs_sbs=-0.4912% regret=0.6447% expected_regret=0.9576% gap>0.1_top1=0.4203 gap>0.5_top1=0.4767
[val updates 0150] top1=0.3640 ce=1.656510 mean_cost=7.918514 vs_sbs=-0.4937% regret=0.6195% expected_regret=0.9313% gap>0.1_top1=0.3879 gap>0.5_top1=0.4394
[train updates 0200] loss=0.61082 grad=0.0708 skipped_total=0 lr_geometry=0.000189 elapsed=65.0s
[train updates 0200] top1=0.3939 ce=1.533604 mean_cost=8.008739 vs_sbs=-0.4914% regret=0.6453% expected_regret=0.9594% gap>0.1_top1=0.4196 gap>0.5_top1=0.4767
[val updates 0200] top1=0.3640 ce=1.657712 mean_cost=7.918439 vs_sbs=-0.4947% regret=0.6172% expected_regret=0.9338% gap>0.1_top1=0.3879 gap>0.5_top1=0.4394
[train updates 0250] loss=0.61062 grad=0.0746 skipped_total=0 lr_geometry=0.000181 elapsed=79.9s
[train updates 0250] top1=0.3939 ce=1.534180 mean_cost=8.009092 vs_sbs=-0.4870% regret=0.6491% expected_regret=0.9562% gap>0.1_top1=0.4198 gap>0.5_top1=0.4742
[val updates 0250] top1=0.3630 ce=1.655848 mean_cost=7.918400 vs_sbs=-0.4951% regret=0.6173% expected_regret=0.9295% gap>0.1_top1=0.3879 gap>0.5_top1=0.4394
[train updates 0300] loss=0.61130 grad=0.0751 skipped_total=0 lr_geometry=0.000171 elapsed=94.7s
[train updates 0300] top1=0.3944 ce=1.533808 mean_cost=8.008837 vs_sbs=-0.4902% regret=0.6463% expected_regret=0.9568% gap>0.1_top1=0.4203 gap>0.5_top1=0.4761
[val updates 0300] top1=0.3650 ce=1.657113 mean_cost=7.918103 vs_sbs=-0.4989% regret=0.6140% expected_regret=0.9309% gap>0.1_top1=0.3893 gap>0.5_top1=0.4394
[train updates 0350] loss=0.61160 grad=0.0664 skipped_total=0 lr_geometry=0.000159 elapsed=109.6s
[train updates 0350] top1=0.3945 ce=1.533719 mean_cost=8.008896 vs_sbs=-0.4894% regret=0.6468% expected_regret=0.9573% gap>0.1_top1=0.4205 gap>0.5_top1=0.4764
[val updates 0350] top1=0.3630 ce=1.656292 mean_cost=7.918327 vs_sbs=-0.4961% regret=0.6163% expected_regret=0.9315% gap>0.1_top1=0.3866 gap>0.5_top1=0.4394
[train updates 0400] loss=0.60865 grad=0.0703 skipped_total=0 lr_geometry=0.000146 elapsed=124.5s
[train updates 0400] top1=0.3940 ce=1.533764 mean_cost=8.009006 vs_sbs=-0.4881% regret=0.6481% expected_regret=0.9573% gap>0.1_top1=0.4198 gap>0.5_top1=0.4754
[val updates 0400] top1=0.3640 ce=1.656020 mean_cost=7.918420 vs_sbs=-0.4949% regret=0.6167% expected_regret=0.9313% gap>0.1_top1=0.3879 gap>0.5_top1=0.4360
[train updates 0450] loss=0.61096 grad=0.0691 skipped_total=0 lr_geometry=0.000132 elapsed=139.3s
[train updates 0450] top1=0.3944 ce=1.533639 mean_cost=8.008859 vs_sbs=-0.4899% regret=0.6465% expected_regret=0.9567% gap>0.1_top1=0.4203 gap>0.5_top1=0.4761
[val updates 0450] top1=0.3630 ce=1.656276 mean_cost=7.918366 vs_sbs=-0.4956% regret=0.6168% expected_regret=0.9308% gap>0.1_top1=0.3879 gap>0.5_top1=0.4325
[train updates 0500] loss=0.61099 grad=0.0709 skipped_total=0 lr_geometry=0.000117 elapsed=154.2s
[train updates 0500] top1=0.3946 ce=1.533502 mean_cost=8.008706 vs_sbs=-0.4918% regret=0.6448% expected_regret=0.9570% gap>0.1_top1=0.4203 gap>0.5_top1=0.4767
[val updates 0500] top1=0.3660 ce=1.656546 mean_cost=7.918144 vs_sbs=-0.4984% regret=0.6133% expected_regret=0.9313% gap>0.1_top1=0.3906 gap>0.5_top1=0.4360
[train updates 0550] loss=0.61052 grad=0.0677 skipped_total=0 lr_geometry=0.000103 elapsed=169.1s
[train updates 0550] top1=0.3945 ce=1.533668 mean_cost=8.008936 vs_sbs=-0.4889% regret=0.6472% expected_regret=0.9569% gap>0.1_top1=0.4202 gap>0.5_top1=0.4761
[val updates 0550] top1=0.3630 ce=1.656259 mean_cost=7.918562 vs_sbs=-0.4931% regret=0.6188% expected_regret=0.9307% gap>0.1_top1=0.3866 gap>0.5_top1=0.4325
[train updates 0600] loss=0.61009 grad=0.0748 skipped_total=0 lr_geometry=8.79e-05 elapsed=184.0s
[train updates 0600] top1=0.3947 ce=1.533607 mean_cost=8.008947 vs_sbs=-0.4888% regret=0.6473% expected_regret=0.9569% gap>0.1_top1=0.4205 gap>0.5_top1=0.4764
[val updates 0600] top1=0.3620 ce=1.655498 mean_cost=7.918644 vs_sbs=-0.4921% regret=0.6202% expected_regret=0.9306% gap>0.1_top1=0.3866 gap>0.5_top1=0.4325
[train updates 0650] loss=0.60946 grad=0.0662 skipped_total=0 lr_geometry=7.38e-05 elapsed=198.9s
[train updates 0650] top1=0.3945 ce=1.533570 mean_cost=8.009008 vs_sbs=-0.4880% regret=0.6482% expected_regret=0.9568% gap>0.1_top1=0.4201 gap>0.5_top1=0.4754
[val updates 0650] top1=0.3640 ce=1.656026 mean_cost=7.918389 vs_sbs=-0.4953% regret=0.6173% expected_regret=0.9307% gap>0.1_top1=0.3893 gap>0.5_top1=0.4360
[train updates 0700] loss=0.61086 grad=0.0747 skipped_total=0 lr_geometry=6.08e-05 elapsed=213.8s
[train updates 0700] top1=0.3939 ce=1.533892 mean_cost=8.009048 vs_sbs=-0.4875% regret=0.6485% expected_regret=0.9554% gap>0.1_top1=0.4194 gap>0.5_top1=0.4745
[val updates 0700] top1=0.3630 ce=1.655416 mean_cost=7.918454 vs_sbs=-0.4945% regret=0.6183% expected_regret=0.9288% gap>0.1_top1=0.3879 gap>0.5_top1=0.4360
[train updates 0750] loss=0.61025 grad=0.0642 skipped_total=0 lr_geometry=4.9e-05 elapsed=228.6s
[train updates 0750] top1=0.3942 ce=1.533556 mean_cost=8.008737 vs_sbs=-0.4914% regret=0.6452% expected_regret=0.9562% gap>0.1_top1=0.4198 gap>0.5_top1=0.4767
[val updates 0750] top1=0.3640 ce=1.656731 mean_cost=7.917996 vs_sbs=-0.5002% regret=0.6119% expected_regret=0.9305% gap>0.1_top1=0.3879 gap>0.5_top1=0.4360
[train updates 0800] loss=0.60962 grad=0.0659 skipped_total=0 lr_geometry=3.9e-05 elapsed=243.5s
[train updates 0800] top1=0.3947 ce=1.533522 mean_cost=8.008714 vs_sbs=-0.4917% regret=0.6446% expected_regret=0.9559% gap>0.1_top1=0.4205 gap>0.5_top1=0.4770
[val updates 0800] top1=0.3650 ce=1.656874 mean_cost=7.917912 vs_sbs=-0.5013% regret=0.6112% expected_regret=0.9303% gap>0.1_top1=0.3893 gap>0.5_top1=0.4360
[train updates 0850] loss=0.61081 grad=0.0691 skipped_total=0 lr_geometry=3.08e-05 elapsed=258.4s
[train updates 0850] top1=0.3942 ce=1.533626 mean_cost=8.008811 vs_sbs=-0.4905% regret=0.6459% expected_regret=0.9558% gap>0.1_top1=0.4197 gap>0.5_top1=0.4761
[val updates 0850] top1=0.3630 ce=1.656407 mean_cost=7.918309 vs_sbs=-0.4963% regret=0.6154% expected_regret=0.9299% gap>0.1_top1=0.3866 gap>0.5_top1=0.4325
[train updates 0900] loss=0.60982 grad=0.0678 skipped_total=0 lr_geometry=2.49e-05 elapsed=273.4s
[train updates 0900] top1=0.3946 ce=1.533494 mean_cost=8.008754 vs_sbs=-0.4912% regret=0.6455% expected_regret=0.9567% gap>0.1_top1=0.4203 gap>0.5_top1=0.4767
[val updates 0900] top1=0.3660 ce=1.656372 mean_cost=7.917885 vs_sbs=-0.5016% regret=0.6108% expected_regret=0.9309% gap>0.1_top1=0.3906 gap>0.5_top1=0.4360
[train updates 0950] loss=0.61086 grad=0.0697 skipped_total=0 lr_geometry=2.12e-05 elapsed=288.3s
[train updates 0950] top1=0.3944 ce=1.533486 mean_cost=8.008830 vs_sbs=-0.4902% regret=0.6464% expected_regret=0.9565% gap>0.1_top1=0.4201 gap>0.5_top1=0.4764
[val updates 0950] top1=0.3650 ce=1.656534 mean_cost=7.917912 vs_sbs=-0.5013% regret=0.6112% expected_regret=0.9307% gap>0.1_top1=0.3893 gap>0.5_top1=0.4360
[train updates 1000] loss=0.60943 grad=0.0676 skipped_total=0 lr_geometry=2e-05 elapsed=303.2s
[train updates 1000] top1=0.3947 ce=1.533447 mean_cost=8.008619 vs_sbs=-0.4929% regret=0.6436% expected_regret=0.9566% gap>0.1_top1=0.4203 gap>0.5_top1=0.4773
[val updates 1000] top1=0.3640 ce=1.656732 mean_cost=7.918179 vs_sbs=-0.4979% regret=0.6137% expected_regret=0.9310% gap>0.1_top1=0.3879 gap>0.5_top1=0.4360
wandb:                                                                                
wandb: 
wandb: Run history:
wandb:            train/actual_regret_pct ▁▆▆▅▆█▆▇▇▆▅▇▇▇█▆▅▆▆▆▅
wandb:                           train/ce ▅▆▅▅▃█▄▄▄▃▂▃▃▂▅▂▂▃▁▁▁
wandb:           train/expected_mean_cost █▇▅▄▆▂▃▃▄▃▃▃▃▃▁▂▁▁▂▂▂
wandb:          train/expected_regret_pct ▇█▆▅█▂▄▄▄▃▄▄▄▃▁▂▂▂▃▃▃
wandb: train/gap_gt_0_1_actual_regret_pct ▁▆▅▅▆█▆▇▇▆▅▇▇██▆▅▆▆▇▄
wandb:              train/gap_gt_0_1_top1 ▁▇▇▇▄▅▇█▅▇▇▇█▆▃▅█▄▇▆▇
wandb: train/gap_gt_0_5_actual_regret_pct ▁▆▆▅▅▇▆▆▇▆▄▇▇▇█▅▄▅▅▅▄
wandb:              train/gap_gt_0_5_top1 █▇▆▇▇▁▅▆▄▅▇▅▆▄▂▇▇▅▇▆█
wandb:                    train/mean_cost ▁▅▅▅▅█▆▆▇▆▄▇▇▇█▅▄▅▅▆▄
wandb:                         train/top1 ▁▄▇▇▄▄▆▇▄▆▇▇█▇▄▅█▅▇▆█
wandb:                   train/vs_sbs_pct ▁▅▅▅▅█▆▆▇▆▄▇▇▇█▅▄▅▅▆▄
wandb:              val/actual_regret_pct ▃▂▁█▆▆▄▆▆▆▄▇█▆▇▃▃▅▂▃▄
wandb:                             val/ce ▇██▄▇▂▆▃▃▃▄▃▁▃▁▅▅▄▄▄▅
wandb:             val/expected_mean_cost █▇▆▅█▂▄▅▄▃▄▄▄▃▁▃▂▂▄▃▄
wandb:            val/expected_regret_pct ▆▆▆▅█▂▄▅▄▄▄▄▄▄▁▃▃▂▄▄▄
wandb:   val/gap_gt_0_1_actual_regret_pct ▃▂▁█▇▆▄▆▆▅▄▇▇▅▆▃▃▅▂▃▄
wandb:                val/gap_gt_0_1_top1 ▄▇█▂▂▂▄▁▂▂▅▁▁▄▂▂▄▁▅▄▂
wandb:   val/gap_gt_0_5_actual_regret_pct ▃▂▁▆▄▅▃▄▆▆▄██▆▆▃▄▆▃▄▄
wandb:                val/gap_gt_0_5_top1 ▃██▆▆▆▆▆▃▁▃▁▁▃▃▃▃▁▃▃▃
wandb:                      val/mean_cost ▃▂▁▇▆▆▄▆▆▆▄▇█▆▇▃▃▆▂▃▅
wandb:                           val/top1 ▂▆█▃▃▂▅▂▃▂▆▂▁▃▂▃▅▂▆▅▃
wandb:                     val/vs_sbs_pct ▃▂▁▇▆▆▄▆▆▆▄▇█▆▇▃▃▆▂▃▅
wandb: 
wandb: Run summary:
wandb:                     final_val_top1 0.364
wandb:            train/actual_regret_pct 0.6436
wandb:                           train/ce 1.53345
wandb:           train/expected_mean_cost 8.03256
wandb:          train/expected_regret_pct 0.95663
wandb: train/gap_gt_0_1_actual_regret_pct 0.72405
wandb:              train/gap_gt_0_1_top1 0.42033
wandb: train/gap_gt_0_5_actual_regret_pct 0.90222
wandb:              train/gap_gt_0_5_top1 0.4773
wandb:                    train/mean_cost 8.00862
wandb:                         train/top1 0.3947
wandb:                   train/vs_sbs_pct -0.49287
wandb:                            updates 1000
wandb:              val/actual_regret_pct 0.61371
wandb:                             val/ce 1.65673
wandb:             val/expected_mean_cost 7.94099
wandb:            val/expected_regret_pct 0.93103
wandb:   val/gap_gt_0_1_actual_regret_pct 0.72074
wandb:                val/gap_gt_0_1_top1 0.38794
wandb:   val/gap_gt_0_5_actual_regret_pct 0.90955
wandb:                val/gap_gt_0_5_top1 0.43599
wandb:                      val/mean_cost 7.91818
wandb:                           val/top1 0.364
wandb:                     val/vs_sbs_pct -0.49793
wandb: 
wandb: You can sync this run to the cloud by running:
wandb: wandb sync code/V4/runs/R38_tsp_frozen_geometry/redundant_seed2/wandb/offline-run-20260930_160401-wl74kp4s
wandb: Find logs at: code/V4/runs/R38_tsp_frozen_geometry/redundant_seed2/wandb/offline-run-20260930_160401-wl74kp4s/logs
[done] redundant_seed2 updates=1000 val_top1=0.3640
wandb: Tracking run with wandb version 0.19.11
wandb: W&B syncing is set to `offline` in this directory. Run `wandb online` or set WANDB_MODE=online to enable cloud syncing.
[start] geometry_seed2 updates=1000 batch=640 optimizer=fresh base_frozen=True base_lr=0 geometry_lr=2e-4 model_hash=ac5c8e24a15502a258ce0223d6f31bc435d3361b2bbba9739f28943ef056e434
[train updates 0000] top1=0.3934 ce=1.533871 mean_cost=8.008346 vs_sbs=-0.4963% regret=0.6373% expected_regret=0.9589% gap>0.1_top1=0.4190 gap>0.5_top1=0.4773
[val updates 0000] top1=0.3630 ce=1.657517 mean_cost=7.917969 vs_sbs=-0.5006% regret=0.6118% expected_regret=0.9326% gap>0.1_top1=0.3893 gap>0.5_top1=0.4360
[train updates 0050] loss=0.61025 grad=0.1127 skipped_total=0 lr_geometry=0.0002 elapsed=15.3s
[train updates 0050] top1=0.3947 ce=1.530847 mean_cost=8.007905 vs_sbs=-0.5017% regret=0.6322% expected_regret=0.9537% gap>0.1_top1=0.4212 gap>0.5_top1=0.4773
[val updates 0050] top1=0.3670 ce=1.655077 mean_cost=7.917561 vs_sbs=-0.5057% regret=0.6120% expected_regret=0.9292% gap>0.1_top1=0.3945 gap>0.5_top1=0.4360
[train updates 0100] loss=0.60952 grad=0.1246 skipped_total=0 lr_geometry=0.000199 elapsed=30.2s
[train updates 0100] top1=0.3961 ce=1.528113 mean_cost=8.007965 vs_sbs=-0.5010% regret=0.6337% expected_regret=0.9491% gap>0.1_top1=0.4221 gap>0.5_top1=0.4773
[val updates 0100] top1=0.3680 ce=1.653433 mean_cost=7.917697 vs_sbs=-0.5040% regret=0.6150% expected_regret=0.9247% gap>0.1_top1=0.3945 gap>0.5_top1=0.4360
[train updates 0150] loss=0.60862 grad=0.1239 skipped_total=0 lr_geometry=0.000195 elapsed=45.0s
[train updates 0150] top1=0.3972 ce=1.525985 mean_cost=8.007809 vs_sbs=-0.5029% regret=0.6306% expected_regret=0.9454% gap>0.1_top1=0.4224 gap>0.5_top1=0.4795
[val updates 0150] top1=0.3700 ce=1.651433 mean_cost=7.917469 vs_sbs=-0.5068% regret=0.6108% expected_regret=0.9222% gap>0.1_top1=0.3958 gap>0.5_top1=0.4429
[train updates 0200] loss=0.60721 grad=0.1179 skipped_total=0 lr_geometry=0.000189 elapsed=59.9s
[train updates 0200] top1=0.3977 ce=1.524451 mean_cost=8.007923 vs_sbs=-0.5015% regret=0.6325% expected_regret=0.9454% gap>0.1_top1=0.4226 gap>0.5_top1=0.4801
[val updates 0200] top1=0.3740 ce=1.650605 mean_cost=7.917437 vs_sbs=-0.5072% regret=0.6110% expected_regret=0.9227% gap>0.1_top1=0.3984 gap>0.5_top1=0.4498
[train updates 0250] loss=0.60666 grad=0.1383 skipped_total=0 lr_geometry=0.000181 elapsed=74.8s
[train updates 0250] top1=0.3971 ce=1.524696 mean_cost=8.008428 vs_sbs=-0.4952% regret=0.6381% expected_regret=0.9395% gap>0.1_top1=0.4214 gap>0.5_top1=0.4761
[val updates 0250] top1=0.3740 ce=1.648637 mean_cost=7.917334 vs_sbs=-0.5085% regret=0.6075% expected_regret=0.9165% gap>0.1_top1=0.4010 gap>0.5_top1=0.4567
[train updates 0300] loss=0.60703 grad=0.1373 skipped_total=0 lr_geometry=0.000171 elapsed=89.7s
[train updates 0300] top1=0.3964 ce=1.522126 mean_cost=8.008168 vs_sbs=-0.4985% regret=0.6348% expected_regret=0.9428% gap>0.1_top1=0.4214 gap>0.5_top1=0.4770
[val updates 0300] top1=0.3780 ce=1.649422 mean_cost=7.916847 vs_sbs=-0.5147% regret=0.6000% expected_regret=0.9206% gap>0.1_top1=0.4024 gap>0.5_top1=0.4533
[train updates 0350] loss=0.60654 grad=0.1289 skipped_total=0 lr_geometry=0.000159 elapsed=104.5s
[train updates 0350] top1=0.3965 ce=1.521215 mean_cost=8.008026 vs_sbs=-0.5002% regret=0.6332% expected_regret=0.9415% gap>0.1_top1=0.4217 gap>0.5_top1=0.4779
[val updates 0350] top1=0.3760 ce=1.648919 mean_cost=7.917802 vs_sbs=-0.5027% regret=0.6139% expected_regret=0.9194% gap>0.1_top1=0.3997 gap>0.5_top1=0.4498
[train updates 0400] loss=0.60317 grad=0.1309 skipped_total=0 lr_geometry=0.000146 elapsed=119.4s
[train updates 0400] top1=0.3975 ce=1.520898 mean_cost=8.007940 vs_sbs=-0.5013% regret=0.6319% expected_regret=0.9384% gap>0.1_top1=0.4226 gap>0.5_top1=0.4785
[val updates 0400] top1=0.3740 ce=1.652790 mean_cost=7.918285 vs_sbs=-0.4966% regret=0.6194% expected_regret=0.9169% gap>0.1_top1=0.3997 gap>0.5_top1=0.4602
[train updates 0450] loss=0.60562 grad=0.1323 skipped_total=0 lr_geometry=0.000132 elapsed=134.3s
[train updates 0450] top1=0.3972 ce=1.519814 mean_cost=8.007837 vs_sbs=-0.5026% regret=0.6305% expected_regret=0.9382% gap>0.1_top1=0.4219 gap>0.5_top1=0.4789
[val updates 0450] top1=0.3780 ce=1.650560 mean_cost=7.917301 vs_sbs=-0.5090% regret=0.6068% expected_regret=0.9169% gap>0.1_top1=0.4037 gap>0.5_top1=0.4567
[train updates 0500] loss=0.60513 grad=0.1309 skipped_total=0 lr_geometry=0.000117 elapsed=149.2s
[train updates 0500] top1=0.3967 ce=1.519251 mean_cost=8.007826 vs_sbs=-0.5027% regret=0.6298% expected_regret=0.9377% gap>0.1_top1=0.4212 gap>0.5_top1=0.4773
[val updates 0500] top1=0.3760 ce=1.650654 mean_cost=7.917314 vs_sbs=-0.5088% regret=0.6066% expected_regret=0.9156% gap>0.1_top1=0.3997 gap>0.5_top1=0.4533
[train updates 0550] loss=0.60461 grad=0.1420 skipped_total=0 lr_geometry=0.000103 elapsed=164.0s
[train updates 0550] top1=0.3974 ce=1.519190 mean_cost=8.007989 vs_sbs=-0.5007% regret=0.6314% expected_regret=0.9361% gap>0.1_top1=0.4223 gap>0.5_top1=0.4770
[val updates 0550] top1=0.3780 ce=1.650491 mean_cost=7.918177 vs_sbs=-0.4980% regret=0.6166% expected_regret=0.9141% gap>0.1_top1=0.4024 gap>0.5_top1=0.4602
[train updates 0600] loss=0.60380 grad=0.1349 skipped_total=0 lr_geometry=8.79e-05 elapsed=178.9s
[train updates 0600] top1=0.3976 ce=1.518468 mean_cost=8.007901 vs_sbs=-0.5018% regret=0.6307% expected_regret=0.9373% gap>0.1_top1=0.4223 gap>0.5_top1=0.4779
[val updates 0600] top1=0.3780 ce=1.649578 mean_cost=7.918045 vs_sbs=-0.4996% regret=0.6152% expected_regret=0.9160% gap>0.1_top1=0.4024 gap>0.5_top1=0.4602
[train updates 0650] loss=0.60288 grad=0.1288 skipped_total=0 lr_geometry=7.38e-05 elapsed=193.8s
[train updates 0650] top1=0.3975 ce=1.518474 mean_cost=8.008049 vs_sbs=-0.4999% regret=0.6327% expected_regret=0.9357% gap>0.1_top1=0.4221 gap>0.5_top1=0.4776
[val updates 0650] top1=0.3770 ce=1.649386 mean_cost=7.918048 vs_sbs=-0.4996% regret=0.6156% expected_regret=0.9137% gap>0.1_top1=0.4010 gap>0.5_top1=0.4533
[train updates 0700] loss=0.60428 grad=0.1383 skipped_total=0 lr_geometry=6.08e-05 elapsed=208.7s
[train updates 0700] top1=0.3972 ce=1.518276 mean_cost=8.007933 vs_sbs=-0.5014% regret=0.6310% expected_regret=0.9347% gap>0.1_top1=0.4224 gap>0.5_top1=0.4773
[val updates 0700] top1=0.3770 ce=1.648938 mean_cost=7.917368 vs_sbs=-0.5081% regret=0.6066% expected_regret=0.9127% gap>0.1_top1=0.4010 gap>0.5_top1=0.4567
[train updates 0750] loss=0.60373 grad=0.1330 skipped_total=0 lr_geometry=4.9e-05 elapsed=223.6s
[train updates 0750] top1=0.3972 ce=1.517721 mean_cost=8.007902 vs_sbs=-0.5018% regret=0.6307% expected_regret=0.9351% gap>0.1_top1=0.4220 gap>0.5_top1=0.4776
[val updates 0750] top1=0.3750 ce=1.650092 mean_cost=7.917896 vs_sbs=-0.5015% regret=0.6151% expected_regret=0.9141% gap>0.1_top1=0.3984 gap>0.5_top1=0.4464
[train updates 0800] loss=0.60278 grad=0.1360 skipped_total=0 lr_geometry=3.9e-05 elapsed=238.5s
[train updates 0800] top1=0.3977 ce=1.517571 mean_cost=8.007787 vs_sbs=-0.5032% regret=0.6289% expected_regret=0.9344% gap>0.1_top1=0.4225 gap>0.5_top1=0.4776
[val updates 0800] top1=0.3780 ce=1.650089 mean_cost=7.917261 vs_sbs=-0.5095% regret=0.6061% expected_regret=0.9137% gap>0.1_top1=0.4024 gap>0.5_top1=0.4567
[train updates 0850] loss=0.60398 grad=0.1397 skipped_total=0 lr_geometry=3.08e-05 elapsed=253.4s
[train updates 0850] top1=0.3980 ce=1.517535 mean_cost=8.007655 vs_sbs=-0.5048% regret=0.6271% expected_regret=0.9339% gap>0.1_top1=0.4230 gap>0.5_top1=0.4792
[val updates 0850] top1=0.3780 ce=1.649747 mean_cost=7.917204 vs_sbs=-0.5102% regret=0.6054% expected_regret=0.9132% gap>0.1_top1=0.4010 gap>0.5_top1=0.4567
[train updates 0900] loss=0.60294 grad=0.1341 skipped_total=0 lr_geometry=2.49e-05 elapsed=268.2s
[train updates 0900] top1=0.3966 ce=1.517352 mean_cost=8.007925 vs_sbs=-0.5015% regret=0.6307% expected_regret=0.9350% gap>0.1_top1=0.4215 gap>0.5_top1=0.4761
[val updates 0900] top1=0.3770 ce=1.650077 mean_cost=7.917822 vs_sbs=-0.5024% regret=0.6135% expected_regret=0.9143% gap>0.1_top1=0.4010 gap>0.5_top1=0.4533
[train updates 0950] loss=0.60386 grad=0.1371 skipped_total=0 lr_geometry=2.12e-05 elapsed=283.1s
[train updates 0950] top1=0.3971 ce=1.517298 mean_cost=8.007949 vs_sbs=-0.5012% regret=0.6308% expected_regret=0.9349% gap>0.1_top1=0.4217 gap>0.5_top1=0.4770
[val updates 0950] top1=0.3750 ce=1.649878 mean_cost=7.918015 vs_sbs=-0.5000% regret=0.6155% expected_regret=0.9137% gap>0.1_top1=0.3984 gap>0.5_top1=0.4464
[train updates 1000] loss=0.60278 grad=0.1401 skipped_total=0 lr_geometry=2e-05 elapsed=298.0s
[train updates 1000] top1=0.3971 ce=1.517223 mean_cost=8.007905 vs_sbs=-0.5017% regret=0.6304% expected_regret=0.9347% gap>0.1_top1=0.4221 gap>0.5_top1=0.4776
[val updates 1000] top1=0.3770 ce=1.649951 mean_cost=7.917897 vs_sbs=-0.5015% regret=0.6139% expected_regret=0.9138% gap>0.1_top1=0.4010 gap>0.5_top1=0.4533
wandb:                                                                                
wandb: 
wandb: Run history:
wandb:            train/actual_regret_pct █▄▅▃▄█▆▅▄▃▃▄▃▅▄▃▂▁▃▃▃
wandb:                           train/ce █▇▆▅▄▄▃▃▃▂▂▂▂▂▁▁▁▁▁▁▁
wandb:           train/expected_mean_cost █▆▅▄▄▂▃▃▂▂▂▂▂▂▁▁▁▁▁▁▁
wandb:          train/expected_regret_pct █▇▅▄▄▃▄▃▂▂▂▂▂▂▁▁▁▁▁▁▁
wandb: train/gap_gt_0_1_actual_regret_pct ▇▇▇▄▅█▆▅▅▃▄▅▄▅▄▄▃▁▄▄▃
wandb:              train/gap_gt_0_1_top1 ▁▅▆▇▇▅▅▆▇▆▅▇▇▆▇▆▇█▅▆▆
wandb: train/gap_gt_0_5_actual_regret_pct █▇▆▁▂▇▆▆▇▂▃▆▅▆▅▅▄▁▅▅▄
wandb:              train/gap_gt_0_5_top1 ▃▃▃▇█▁▃▄▅▆▃▃▄▄▃▄▄▆▁▃▄
wandb:                    train/mean_cost ▇▃▄▂▃█▆▄▄▃▃▄▃▅▄▃▂▁▃▄▃
wandb:                         train/top1 ▁▃▅▇█▇▆▆▇▇▆▇▇▇▇▇██▆▇▇
wandb:                   train/vs_sbs_pct ▇▃▄▂▃█▆▄▄▃▃▄▃▅▄▃▂▁▃▄▃
wandb:              val/actual_regret_pct ▅▅▆▅▅▄▁▆█▃▃▇▆▇▃▆▃▃▆▇▆
wandb:                             val/ce █▆▅▃▃▁▂▁▄▃▃▂▂▂▁▂▂▂▂▂▂
wandb:             val/expected_mean_cost █▇▅▄▄▂▃▃▂▂▂▂▂▁▁▁▁▁▁▁▁
wandb:            val/expected_regret_pct █▇▅▄▅▂▄▃▂▂▂▁▂▁▁▁▁▁▂▁▁
wandb:   val/gap_gt_0_1_actual_regret_pct ▇▇█▆▆▄▁▆█▃▃▇▇▇▃▇▃▃▆▇▇
wandb:                val/gap_gt_0_1_top1 ▁▄▄▄▅▇▇▆▆█▆▇▇▇▇▅▇▇▇▅▇
wandb:   val/gap_gt_0_5_actual_regret_pct ▁▃▆▅▅▃▂▅▅▃▄▅▅▇▄█▃▃▆█▇
wandb:                val/gap_gt_0_5_top1 ▁▁▁▃▅▇▆▅█▇▆██▆▇▄▇▇▆▄▆
wandb:                      val/mean_cost ▆▄▅▄▄▃▁▆█▃▃▇▇▇▄▆▃▃▆▇▆
wandb:                           val/top1 ▁▃▃▄▆▆█▇▆█▇████▇███▇█
wandb:                     val/vs_sbs_pct ▆▄▅▄▄▃▁▆█▃▃▇▇▇▄▆▃▃▆▇▆
wandb: 
wandb: Run summary:
wandb:                     final_val_top1 0.377
wandb:            train/actual_regret_pct 0.63036
wandb:                           train/ce 1.51722
wandb:           train/expected_mean_cost 8.03105
wandb:          train/expected_regret_pct 0.93473
wandb: train/gap_gt_0_1_actual_regret_pct 0.71106
wandb:              train/gap_gt_0_1_top1 0.42213
wandb: train/gap_gt_0_5_actual_regret_pct 0.88564
wandb:              train/gap_gt_0_5_top1 0.47761
wandb:                    train/mean_cost 8.00791
wandb:                         train/top1 0.3971
wandb:                   train/vs_sbs_pct -0.50173
wandb:                            updates 1000
wandb:              val/actual_regret_pct 0.61394
wandb:                             val/ce 1.64995
wandb:             val/expected_mean_cost 7.9398
wandb:            val/expected_regret_pct 0.91384
wandb:   val/gap_gt_0_1_actual_regret_pct 0.71732
wandb:                val/gap_gt_0_1_top1 0.40105
wandb:   val/gap_gt_0_5_actual_regret_pct 0.94815
wandb:                val/gap_gt_0_5_top1 0.45329
wandb:                      val/mean_cost 7.9179
wandb:                           val/top1 0.377
wandb:                     val/vs_sbs_pct -0.50147
wandb: 
wandb: You can sync this run to the cloud by running:
wandb: wandb sync code/V4/runs/R38_tsp_frozen_geometry/geometry_seed2/wandb/offline-run-20260930_160905-206imtm5
wandb: Find logs at: code/V4/runs/R38_tsp_frozen_geometry/geometry_seed2/wandb/offline-run-20260930_160905-206imtm5/logs
[done] geometry_seed2 updates=1000 val_top1=0.3770
wandb: Tracking run with wandb version 0.19.11
wandb: W&B syncing is set to `offline` in this directory. Run `wandb online` or set WANDB_MODE=online to enable cloud syncing.
[start] redundant_seed3 updates=1000 batch=640 optimizer=fresh base_frozen=True base_lr=0 geometry_lr=2e-4 model_hash=a514fd32be670c4c79f564887321f6ab3c8bfaaac37ba00460d30c6030af43d8
[train updates 0000] top1=0.3934 ce=1.533871 mean_cost=8.008346 vs_sbs=-0.4963% regret=0.6373% expected_regret=0.9589% gap>0.1_top1=0.4190 gap>0.5_top1=0.4773
[val updates 0000] top1=0.3630 ce=1.657517 mean_cost=7.917969 vs_sbs=-0.5006% regret=0.6118% expected_regret=0.9326% gap>0.1_top1=0.3893 gap>0.5_top1=0.4360
[train updates 0050] loss=0.61152 grad=0.0642 skipped_total=0 lr_geometry=0.0002 elapsed=15.2s
[train updates 0050] top1=0.3944 ce=1.534360 mean_cost=8.008753 vs_sbs=-0.4912% regret=0.6442% expected_regret=0.9571% gap>0.1_top1=0.4207 gap>0.5_top1=0.4761
[val updates 0050] top1=0.3630 ce=1.656806 mean_cost=7.918108 vs_sbs=-0.4988% regret=0.6126% expected_regret=0.9302% gap>0.1_top1=0.3879 gap>0.5_top1=0.4360
[train updates 0100] loss=0.61036 grad=0.0734 skipped_total=0 lr_geometry=0.000199 elapsed=30.1s
[train updates 0100] top1=0.3952 ce=1.534038 mean_cost=8.008805 vs_sbs=-0.4906% regret=0.6458% expected_regret=0.9576% gap>0.1_top1=0.4208 gap>0.5_top1=0.4770
[val updates 0100] top1=0.3640 ce=1.658092 mean_cost=7.918377 vs_sbs=-0.4954% regret=0.6184% expected_regret=0.9316% gap>0.1_top1=0.3879 gap>0.5_top1=0.4394
[train updates 0150] loss=0.61057 grad=0.0736 skipped_total=0 lr_geometry=0.000195 elapsed=45.0s
[train updates 0150] top1=0.3945 ce=1.534382 mean_cost=8.008574 vs_sbs=-0.4934% regret=0.6420% expected_regret=0.9552% gap>0.1_top1=0.4207 gap>0.5_top1=0.4761
[val updates 0150] top1=0.3610 ce=1.656502 mean_cost=7.918633 vs_sbs=-0.4922% regret=0.6212% expected_regret=0.9285% gap>0.1_top1=0.3853 gap>0.5_top1=0.4360
[train updates 0200] loss=0.61110 grad=0.0688 skipped_total=0 lr_geometry=0.000189 elapsed=59.9s
[train updates 0200] top1=0.3944 ce=1.534222 mean_cost=8.009084 vs_sbs=-0.4871% regret=0.6492% expected_regret=0.9568% gap>0.1_top1=0.4199 gap>0.5_top1=0.4748
[val updates 0200] top1=0.3630 ce=1.655913 mean_cost=7.918564 vs_sbs=-0.4931% regret=0.6184% expected_regret=0.9302% gap>0.1_top1=0.3866 gap>0.5_top1=0.4325
[train updates 0250] loss=0.61004 grad=0.0727 skipped_total=0 lr_geometry=0.000181 elapsed=74.8s
[train updates 0250] top1=0.3940 ce=1.533917 mean_cost=8.009061 vs_sbs=-0.4874% regret=0.6487% expected_regret=0.9570% gap>0.1_top1=0.4197 gap>0.5_top1=0.4748
[val updates 0250] top1=0.3620 ce=1.656193 mean_cost=7.918649 vs_sbs=-0.4920% regret=0.6214% expected_regret=0.9309% gap>0.1_top1=0.3866 gap>0.5_top1=0.4360
[train updates 0300] loss=0.61147 grad=0.0752 skipped_total=0 lr_geometry=0.000171 elapsed=89.7s
[train updates 0300] top1=0.3942 ce=1.534047 mean_cost=8.008926 vs_sbs=-0.4891% regret=0.6469% expected_regret=0.9573% gap>0.1_top1=0.4201 gap>0.5_top1=0.4748
[val updates 0300] top1=0.3620 ce=1.654894 mean_cost=7.918593 vs_sbs=-0.4927% regret=0.6198% expected_regret=0.9304% gap>0.1_top1=0.3866 gap>0.5_top1=0.4325
[train updates 0350] loss=0.61096 grad=0.0701 skipped_total=0 lr_geometry=0.000159 elapsed=104.7s
[train updates 0350] top1=0.3936 ce=1.533579 mean_cost=8.008602 vs_sbs=-0.4931% regret=0.6432% expected_regret=0.9578% gap>0.1_top1=0.4194 gap>0.5_top1=0.4764
[val updates 0350] top1=0.3620 ce=1.657946 mean_cost=7.918838 vs_sbs=-0.4896% regret=0.6223% expected_regret=0.9329% gap>0.1_top1=0.3853 gap>0.5_top1=0.4360
[train updates 0400] loss=0.61078 grad=0.0748 skipped_total=0 lr_geometry=0.000146 elapsed=119.6s
[train updates 0400] top1=0.3942 ce=1.533864 mean_cost=8.009023 vs_sbs=-0.4878% regret=0.6483% expected_regret=0.9570% gap>0.1_top1=0.4201 gap>0.5_top1=0.4748
[val updates 0400] top1=0.3620 ce=1.656268 mean_cost=7.918593 vs_sbs=-0.4927% regret=0.6198% expected_regret=0.9307% gap>0.1_top1=0.3866 gap>0.5_top1=0.4325
[train updates 0450] loss=0.61053 grad=0.0656 skipped_total=0 lr_geometry=0.000132 elapsed=134.5s
[train updates 0450] top1=0.3945 ce=1.533574 mean_cost=8.008756 vs_sbs=-0.4912% regret=0.6452% expected_regret=0.9578% gap>0.1_top1=0.4202 gap>0.5_top1=0.4761
[val updates 0450] top1=0.3660 ce=1.656239 mean_cost=7.918269 vs_sbs=-0.4968% regret=0.6157% expected_regret=0.9320% gap>0.1_top1=0.3906 gap>0.5_top1=0.4360
[train updates 0500] loss=0.61074 grad=0.0716 skipped_total=0 lr_geometry=0.000117 elapsed=149.4s
[train updates 0500] top1=0.3940 ce=1.533790 mean_cost=8.008949 vs_sbs=-0.4888% regret=0.6475% expected_regret=0.9557% gap>0.1_top1=0.4199 gap>0.5_top1=0.4742
[val updates 0500] top1=0.3630 ce=1.656404 mean_cost=7.918262 vs_sbs=-0.4969% regret=0.6165% expected_regret=0.9298% gap>0.1_top1=0.3879 gap>0.5_top1=0.4360
[train updates 0550] loss=0.61103 grad=0.0751 skipped_total=0 lr_geometry=0.000103 elapsed=164.3s
[train updates 0550] top1=0.3942 ce=1.533800 mean_cost=8.008917 vs_sbs=-0.4892% regret=0.6466% expected_regret=0.9556% gap>0.1_top1=0.4201 gap>0.5_top1=0.4761
[val updates 0550] top1=0.3620 ce=1.655621 mean_cost=7.918637 vs_sbs=-0.4922% regret=0.6198% expected_regret=0.9294% gap>0.1_top1=0.3866 gap>0.5_top1=0.4325
[train updates 0600] loss=0.60951 grad=0.0712 skipped_total=0 lr_geometry=8.79e-05 elapsed=179.3s
[train updates 0600] top1=0.3945 ce=1.533584 mean_cost=8.008527 vs_sbs=-0.4940% regret=0.6425% expected_regret=0.9562% gap>0.1_top1=0.4201 gap>0.5_top1=0.4773
[val updates 0600] top1=0.3640 ce=1.657716 mean_cost=7.918254 vs_sbs=-0.4970% regret=0.6144% expected_regret=0.9309% gap>0.1_top1=0.3879 gap>0.5_top1=0.4360
[train updates 0650] loss=0.60949 grad=0.0694 skipped_total=0 lr_geometry=7.38e-05 elapsed=194.2s
[train updates 0650] top1=0.3949 ce=1.533677 mean_cost=8.008782 vs_sbs=-0.4908% regret=0.6455% expected_regret=0.9560% gap>0.1_top1=0.4206 gap>0.5_top1=0.4764
[val updates 0650] top1=0.3630 ce=1.656944 mean_cost=7.918285 vs_sbs=-0.4966% regret=0.6151% expected_regret=0.9303% gap>0.1_top1=0.3866 gap>0.5_top1=0.4325
[train updates 0700] loss=0.61151 grad=0.0698 skipped_total=0 lr_geometry=6.08e-05 elapsed=209.1s
[train updates 0700] top1=0.3944 ce=1.533697 mean_cost=8.008589 vs_sbs=-0.4932% regret=0.6431% expected_regret=0.9558% gap>0.1_top1=0.4201 gap>0.5_top1=0.4776
[val updates 0700] top1=0.3640 ce=1.657274 mean_cost=7.918278 vs_sbs=-0.4967% regret=0.6147% expected_regret=0.9303% gap>0.1_top1=0.3879 gap>0.5_top1=0.4360
[train updates 0750] loss=0.61009 grad=0.0697 skipped_total=0 lr_geometry=4.9e-05 elapsed=224.0s
[train updates 0750] top1=0.3949 ce=1.533583 mean_cost=8.008722 vs_sbs=-0.4916% regret=0.6448% expected_regret=0.9565% gap>0.1_top1=0.4205 gap>0.5_top1=0.4770
[val updates 0750] top1=0.3660 ce=1.656886 mean_cost=7.917867 vs_sbs=-0.5019% regret=0.6106% expected_regret=0.9309% gap>0.1_top1=0.3906 gap>0.5_top1=0.4360
[train updates 0800] loss=0.61077 grad=0.0686 skipped_total=0 lr_geometry=3.9e-05 elapsed=238.9s
[train updates 0800] top1=0.3946 ce=1.533661 mean_cost=8.008731 vs_sbs=-0.4915% regret=0.6447% expected_regret=0.9556% gap>0.1_top1=0.4203 gap>0.5_top1=0.4767
[val updates 0800] top1=0.3630 ce=1.656739 mean_cost=7.918309 vs_sbs=-0.4963% regret=0.6154% expected_regret=0.9299% gap>0.1_top1=0.3866 gap>0.5_top1=0.4325
[train updates 0850] loss=0.60991 grad=0.0743 skipped_total=0 lr_geometry=3.08e-05 elapsed=253.8s
[train updates 0850] top1=0.3951 ce=1.533587 mean_cost=8.008713 vs_sbs=-0.4917% regret=0.6446% expected_regret=0.9561% gap>0.1_top1=0.4210 gap>0.5_top1=0.4773
[val updates 0850] top1=0.3650 ce=1.656860 mean_cost=7.917912 vs_sbs=-0.5013% regret=0.6112% expected_regret=0.9305% gap>0.1_top1=0.3893 gap>0.5_top1=0.4360
[train updates 0900] loss=0.61048 grad=0.0700 skipped_total=0 lr_geometry=2.49e-05 elapsed=268.8s
[train updates 0900] top1=0.3950 ce=1.533572 mean_cost=8.008729 vs_sbs=-0.4915% regret=0.6449% expected_regret=0.9561% gap>0.1_top1=0.4207 gap>0.5_top1=0.4770
[val updates 0900] top1=0.3640 ce=1.656916 mean_cost=7.917994 vs_sbs=-0.5002% regret=0.6126% expected_regret=0.9305% gap>0.1_top1=0.3893 gap>0.5_top1=0.4360
[train updates 0950] loss=0.60968 grad=0.0690 skipped_total=0 lr_geometry=2.12e-05 elapsed=283.7s
[train updates 0950] top1=0.3946 ce=1.533599 mean_cost=8.008757 vs_sbs=-0.4912% regret=0.6450% expected_regret=0.9560% gap>0.1_top1=0.4202 gap>0.5_top1=0.4761
[val updates 0950] top1=0.3640 ce=1.656612 mean_cost=7.918183 vs_sbs=-0.4979% regret=0.6141% expected_regret=0.9303% gap>0.1_top1=0.3879 gap>0.5_top1=0.4325
[train updates 1000] loss=0.61070 grad=0.0695 skipped_total=0 lr_geometry=2e-05 elapsed=298.5s
[train updates 1000] top1=0.3945 ce=1.533581 mean_cost=8.008764 vs_sbs=-0.4911% regret=0.6451% expected_regret=0.9563% gap>0.1_top1=0.4202 gap>0.5_top1=0.4767
[val updates 1000] top1=0.3650 ce=1.656447 mean_cost=7.918430 vs_sbs=-0.4948% regret=0.6170% expected_regret=0.9305% gap>0.1_top1=0.3893 gap>0.5_top1=0.4325
wandb:                                                                                
wandb: 
wandb: Run history:
wandb:            train/actual_regret_pct ▁▅▆▄██▇▄▇▆▇▆▄▆▄▅▅▅▅▆▆
wandb:                           train/ce ▄█▅█▇▄▅▁▄▁▃▃▁▂▂▁▂▁▁▁▁
wandb:           train/expected_mean_cost █▅▄▁▃▃▄▄▃▄▁▁▂▁▁▂▁▂▂▂▂
wandb:          train/expected_regret_pct █▅▆▁▄▄▅▆▄▆▂▂▃▂▂▃▂▃▃▃▃
wandb: train/gap_gt_0_1_actual_regret_pct ▁▅▆▄██▆▅▇▅▇▆▄▆▄▅▅▅▅▅▅
wandb:              train/gap_gt_0_1_top1 ▁▇█▇▄▃▅▂▅▅▄▅▅▇▅▆▆█▇▅▅
wandb: train/gap_gt_0_5_actual_regret_pct ▁▆▆▄█▇█▄█▅█▇▄▆▃▄▅▄▄▅▅
wandb:              train/gap_gt_0_5_top1 ▇▅▇▅▂▂▂▅▂▅▁▅▇▅█▇▆▇▇▅▆
wandb:                    train/mean_cost ▁▅▅▃██▆▃▇▅▇▆▃▅▃▅▅▄▅▅▅
wandb:                         train/top1 ▁▅█▅▅▃▄▂▄▅▃▄▅▇▅▇▆█▇▆▅
wandb:                   train/vs_sbs_pct ▁▅▅▃██▆▃▇▅▇▆▃▅▃▅▅▄▅▅▅
wandb:              val/actual_regret_pct ▂▂▆▇▆▇▇█▇▄▅▆▃▄▃▁▄▁▂▃▅
wandb:                             val/ce ▇▅█▅▃▄▁█▄▄▄▃▇▅▆▅▅▅▅▅▄
wandb:             val/expected_mean_cost █▄▅▁▃▄▄▆▄▅▂▂▃▂▂▃▂▃▃▂▃
wandb:            val/expected_regret_pct █▄▆▁▄▅▄█▄▇▃▂▅▄▄▅▃▄▄▄▄
wandb:   val/gap_gt_0_1_actual_regret_pct ▂▂▆▇▆▇▆█▆▄▄▆▃▄▃▁▄▁▁▃▅
wandb:                val/gap_gt_0_1_top1 ▆▅▅▁▃▃▃▁▃█▅▃▅▃▅█▃▆▆▅▆
wandb:   val/gap_gt_0_5_actual_regret_pct ▁▂▃▇▇▇█▄█▄▃█▂▅▁▁▅▂▂▅█
wandb:                val/gap_gt_0_5_top1 ▅▅█▅▁▅▁▅▁▅▅▁▅▁▅▅▁▅▅▁▁
wandb:                      val/mean_cost ▂▃▅▇▆▇▆█▆▄▄▇▄▄▄▁▄▁▂▃▅
wandb:                           val/top1 ▄▄▅▁▄▂▂▂▂█▄▂▅▄▅█▄▇▅▅▇
wandb:                     val/vs_sbs_pct ▂▃▅▇▆▇▆█▆▄▄▇▄▄▄▁▄▁▂▃▅
wandb: 
wandb: Run summary:
wandb:                     final_val_top1 0.365
wandb:            train/actual_regret_pct 0.6451
wandb:                           train/ce 1.53358
wandb:           train/expected_mean_cost 8.03254
wandb:          train/expected_regret_pct 0.95633
wandb: train/gap_gt_0_1_actual_regret_pct 0.72585
wandb:              train/gap_gt_0_1_top1 0.4202
wandb: train/gap_gt_0_5_actual_regret_pct 0.90402
wandb:              train/gap_gt_0_5_top1 0.47668
wandb:                    train/mean_cost 8.00876
wandb:                         train/top1 0.3945
wandb:                   train/vs_sbs_pct -0.49106
wandb:                            updates 1000
wandb:              val/actual_regret_pct 0.61704
wandb:                             val/ce 1.65645
wandb:             val/expected_mean_cost 7.94097
wandb:            val/expected_regret_pct 0.93053
wandb:   val/gap_gt_0_1_actual_regret_pct 0.72511
wandb:                val/gap_gt_0_1_top1 0.38925
wandb:   val/gap_gt_0_5_actual_regret_pct 0.92795
wandb:                val/gap_gt_0_5_top1 0.43253
wandb:                      val/mean_cost 7.91843
wandb:                           val/top1 0.365
wandb:                     val/vs_sbs_pct -0.49477
wandb: 
wandb: You can sync this run to the cloud by running:
wandb: wandb sync code/V4/runs/R38_tsp_frozen_geometry/redundant_seed3/wandb/offline-run-20260930_161407-xuzc78q9
wandb: Find logs at: code/V4/runs/R38_tsp_frozen_geometry/redundant_seed3/wandb/offline-run-20260930_161407-xuzc78q9/logs
[done] redundant_seed3 updates=1000 val_top1=0.3650
wandb: Tracking run with wandb version 0.19.11
wandb: W&B syncing is set to `offline` in this directory. Run `wandb online` or set WANDB_MODE=online to enable cloud syncing.
[start] geometry_seed3 updates=1000 batch=640 optimizer=fresh base_frozen=True base_lr=0 geometry_lr=2e-4 model_hash=a514fd32be670c4c79f564887321f6ab3c8bfaaac37ba00460d30c6030af43d8
[train updates 0000] top1=0.3934 ce=1.533871 mean_cost=8.008346 vs_sbs=-0.4963% regret=0.6373% expected_regret=0.9589% gap>0.1_top1=0.4190 gap>0.5_top1=0.4773
[val updates 0000] top1=0.3630 ce=1.657517 mean_cost=7.917969 vs_sbs=-0.5006% regret=0.6118% expected_regret=0.9326% gap>0.1_top1=0.3893 gap>0.5_top1=0.4360
[train updates 0050] loss=0.61090 grad=0.1041 skipped_total=0 lr_geometry=0.0002 elapsed=15.4s
[train updates 0050] top1=0.3942 ce=1.530952 mean_cost=8.008195 vs_sbs=-0.4981% regret=0.6362% expected_regret=0.9530% gap>0.1_top1=0.4206 gap>0.5_top1=0.4776
[val updates 0050] top1=0.3640 ce=1.652426 mean_cost=7.917287 vs_sbs=-0.5091% regret=0.6059% expected_regret=0.9269% gap>0.1_top1=0.3906 gap>0.5_top1=0.4360
[train updates 0100] loss=0.60855 grad=0.1189 skipped_total=0 lr_geometry=0.000199 elapsed=30.3s
[train updates 0100] top1=0.3958 ce=1.527753 mean_cost=8.008049 vs_sbs=-0.4999% regret=0.6340% expected_regret=0.9512% gap>0.1_top1=0.4223 gap>0.5_top1=0.4789
[val updates 0100] top1=0.3680 ce=1.652192 mean_cost=7.917657 vs_sbs=-0.5045% regret=0.6122% expected_regret=0.9270% gap>0.1_top1=0.3945 gap>0.5_top1=0.4394
[train updates 0150] loss=0.60752 grad=0.1214 skipped_total=0 lr_geometry=0.000195 elapsed=45.2s
[train updates 0150] top1=0.3968 ce=1.526198 mean_cost=8.008054 vs_sbs=-0.4999% regret=0.6329% expected_regret=0.9457% gap>0.1_top1=0.4229 gap>0.5_top1=0.4789
[val updates 0150] top1=0.3690 ce=1.649928 mean_cost=7.917896 vs_sbs=-0.5015% regret=0.6174% expected_regret=0.9217% gap>0.1_top1=0.3945 gap>0.5_top1=0.4429
[train updates 0200] loss=0.60760 grad=0.1218 skipped_total=0 lr_geometry=0.000189 elapsed=60.1s
[train updates 0200] top1=0.3967 ce=1.524951 mean_cost=8.008292 vs_sbs=-0.4969% regret=0.6366% expected_regret=0.9449% gap>0.1_top1=0.4224 gap>0.5_top1=0.4782
[val updates 0200] top1=0.3710 ce=1.649161 mean_cost=7.917524 vs_sbs=-0.5062% regret=0.6116% expected_regret=0.9206% gap>0.1_top1=0.3958 gap>0.5_top1=0.4498
[train updates 0250] loss=0.60594 grad=0.1297 skipped_total=0 lr_geometry=0.000181 elapsed=75.0s
[train updates 0250] top1=0.3967 ce=1.524197 mean_cost=8.008395 vs_sbs=-0.4956% regret=0.6385% expected_regret=0.9435% gap>0.1_top1=0.4217 gap>0.5_top1=0.4770
[val updates 0250] top1=0.3760 ce=1.648976 mean_cost=7.917858 vs_sbs=-0.5020% regret=0.6183% expected_regret=0.9207% gap>0.1_top1=0.3984 gap>0.5_top1=0.4498
[train updates 0300] loss=0.60707 grad=0.1351 skipped_total=0 lr_geometry=0.000171 elapsed=89.9s
[train updates 0300] top1=0.3971 ce=1.522795 mean_cost=8.007940 vs_sbs=-0.5013% regret=0.6307% expected_regret=0.9407% gap>0.1_top1=0.4229 gap>0.5_top1=0.4776
[val updates 0300] top1=0.3730 ce=1.648761 mean_cost=7.917395 vs_sbs=-0.5078% regret=0.6083% expected_regret=0.9171% gap>0.1_top1=0.3997 gap>0.5_top1=0.4533
[train updates 0350] loss=0.60597 grad=0.1324 skipped_total=0 lr_geometry=0.000159 elapsed=104.7s
[train updates 0350] top1=0.3969 ce=1.521123 mean_cost=8.007725 vs_sbs=-0.5040% regret=0.6288% expected_regret=0.9440% gap>0.1_top1=0.4225 gap>0.5_top1=0.4801
[val updates 0350] top1=0.3800 ce=1.651376 mean_cost=7.917487 vs_sbs=-0.5066% regret=0.6080% expected_regret=0.9231% gap>0.1_top1=0.4010 gap>0.5_top1=0.4533
[train updates 0400] loss=0.60560 grad=0.1348 skipped_total=0 lr_geometry=0.000146 elapsed=119.7s
[train updates 0400] top1=0.3970 ce=1.520895 mean_cost=8.008332 vs_sbs=-0.4964% regret=0.6375% expected_regret=0.9418% gap>0.1_top1=0.4225 gap>0.5_top1=0.4767
[val updates 0400] top1=0.3760 ce=1.649022 mean_cost=7.917972 vs_sbs=-0.5005% regret=0.6172% expected_regret=0.9199% gap>0.1_top1=0.4010 gap>0.5_top1=0.4533
[train updates 0450] loss=0.60500 grad=0.1323 skipped_total=0 lr_geometry=0.000132 elapsed=134.6s
[train updates 0450] top1=0.3967 ce=1.519792 mean_cost=8.008094 vs_sbs=-0.4994% regret=0.6338% expected_regret=0.9416% gap>0.1_top1=0.4225 gap>0.5_top1=0.4779
[val updates 0450] top1=0.3770 ce=1.648245 mean_cost=7.918773 vs_sbs=-0.4905% regret=0.6271% expected_regret=0.9207% gap>0.1_top1=0.3997 gap>0.5_top1=0.4533
[train updates 0500] loss=0.60471 grad=0.1333 skipped_total=0 lr_geometry=0.000117 elapsed=149.5s
[train updates 0500] top1=0.3974 ce=1.519695 mean_cost=8.007888 vs_sbs=-0.5020% regret=0.6302% expected_regret=0.9362% gap>0.1_top1=0.4230 gap>0.5_top1=0.4785
[val updates 0500] top1=0.3770 ce=1.649050 mean_cost=7.917338 vs_sbs=-0.5085% regret=0.6069% expected_regret=0.9146% gap>0.1_top1=0.4010 gap>0.5_top1=0.4533
[train updates 0550] loss=0.60532 grad=0.1317 skipped_total=0 lr_geometry=0.000103 elapsed=164.4s
[train updates 0550] top1=0.3969 ce=1.519360 mean_cost=8.007851 vs_sbs=-0.5024% regret=0.6301% expected_regret=0.9363% gap>0.1_top1=0.4221 gap>0.5_top1=0.4776
[val updates 0550] top1=0.3780 ce=1.648274 mean_cost=7.917370 vs_sbs=-0.5081% regret=0.6050% expected_regret=0.9152% gap>0.1_top1=0.3997 gap>0.5_top1=0.4533
[train updates 0600] loss=0.60329 grad=0.1367 skipped_total=0 lr_geometry=8.79e-05 elapsed=179.3s
[train updates 0600] top1=0.3974 ce=1.518515 mean_cost=8.007874 vs_sbs=-0.5021% regret=0.6310% expected_regret=0.9378% gap>0.1_top1=0.4226 gap>0.5_top1=0.4798
[val updates 0600] top1=0.3790 ce=1.650392 mean_cost=7.918086 vs_sbs=-0.4991% regret=0.6183% expected_regret=0.9173% gap>0.1_top1=0.4010 gap>0.5_top1=0.4533
[train updates 0650] loss=0.60320 grad=0.1332 skipped_total=0 lr_geometry=7.38e-05 elapsed=194.1s
[train updates 0650] top1=0.3974 ce=1.518284 mean_cost=8.007958 vs_sbs=-0.5011% regret=0.6316% expected_regret=0.9367% gap>0.1_top1=0.4220 gap>0.5_top1=0.4773
[val updates 0650] top1=0.3790 ce=1.650214 mean_cost=7.917467 vs_sbs=-0.5069% regret=0.6059% expected_regret=0.9159% gap>0.1_top1=0.4024 gap>0.5_top1=0.4567
[train updates 0700] loss=0.60487 grad=0.1303 skipped_total=0 lr_geometry=6.08e-05 elapsed=209.0s
[train updates 0700] top1=0.3978 ce=1.517932 mean_cost=8.007693 vs_sbs=-0.5044% regret=0.6284% expected_regret=0.9357% gap>0.1_top1=0.4223 gap>0.5_top1=0.4792
[val updates 0700] top1=0.3770 ce=1.650593 mean_cost=7.918891 vs_sbs=-0.4890% regret=0.6271% expected_regret=0.9157% gap>0.1_top1=0.3984 gap>0.5_top1=0.4498
[train updates 0750] loss=0.60365 grad=0.1386 skipped_total=0 lr_geometry=4.9e-05 elapsed=223.9s
[train updates 0750] top1=0.3974 ce=1.517681 mean_cost=8.007808 vs_sbs=-0.5029% regret=0.6297% expected_regret=0.9366% gap>0.1_top1=0.4224 gap>0.5_top1=0.4779
[val updates 0750] top1=0.3780 ce=1.650008 mean_cost=7.917741 vs_sbs=-0.5034% regret=0.6087% expected_regret=0.9163% gap>0.1_top1=0.3997 gap>0.5_top1=0.4567
[train updates 0800] loss=0.60403 grad=0.1387 skipped_total=0 lr_geometry=3.9e-05 elapsed=238.8s
[train updates 0800] top1=0.3972 ce=1.517652 mean_cost=8.007769 vs_sbs=-0.5034% regret=0.6289% expected_regret=0.9345% gap>0.1_top1=0.4224 gap>0.5_top1=0.4779
[val updates 0800] top1=0.3760 ce=1.650254 mean_cost=7.917835 vs_sbs=-0.5022% regret=0.6109% expected_regret=0.9141% gap>0.1_top1=0.3997 gap>0.5_top1=0.4533
[train updates 0850] loss=0.60309 grad=0.1382 skipped_total=0 lr_geometry=3.08e-05 elapsed=253.7s
[train updates 0850] top1=0.3968 ce=1.517436 mean_cost=8.007869 vs_sbs=-0.5022% regret=0.6305% expected_regret=0.9355% gap>0.1_top1=0.4220 gap>0.5_top1=0.4776
[val updates 0850] top1=0.3790 ce=1.650283 mean_cost=7.917654 vs_sbs=-0.5045% regret=0.6078% expected_regret=0.9156% gap>0.1_top1=0.3997 gap>0.5_top1=0.4533
[train updates 0900] loss=0.60378 grad=0.1382 skipped_total=0 lr_geometry=2.49e-05 elapsed=268.6s
[train updates 0900] top1=0.3968 ce=1.517322 mean_cost=8.007824 vs_sbs=-0.5027% regret=0.6297% expected_regret=0.9353% gap>0.1_top1=0.4219 gap>0.5_top1=0.4776
[val updates 0900] top1=0.3790 ce=1.650145 mean_cost=7.917441 vs_sbs=-0.5072% regret=0.6057% expected_regret=0.9150% gap>0.1_top1=0.4024 gap>0.5_top1=0.4567
[train updates 0950] loss=0.60240 grad=0.1346 skipped_total=0 lr_geometry=2.12e-05 elapsed=283.5s
[train updates 0950] top1=0.3971 ce=1.517264 mean_cost=8.007814 vs_sbs=-0.5029% regret=0.6294% expected_regret=0.9349% gap>0.1_top1=0.4223 gap>0.5_top1=0.4782
[val updates 0950] top1=0.3790 ce=1.650033 mean_cost=7.917700 vs_sbs=-0.5039% regret=0.6086% expected_regret=0.9144% gap>0.1_top1=0.4024 gap>0.5_top1=0.4533
[train updates 1000] loss=0.60418 grad=0.1382 skipped_total=0 lr_geometry=2e-05 elapsed=298.3s
[train updates 1000] top1=0.3970 ce=1.517238 mean_cost=8.007834 vs_sbs=-0.5026% regret=0.6299% expected_regret=0.9350% gap>0.1_top1=0.4217 gap>0.5_top1=0.4776
[val updates 1000] top1=0.3780 ce=1.649680 mean_cost=7.917357 vs_sbs=-0.5083% regret=0.6053% expected_regret=0.9143% gap>0.1_top1=0.4010 gap>0.5_top1=0.4567
wandb:                                                                                
wandb: 
wandb: Run history:
wandb:            train/actual_regret_pct ▇▆▅▄▇█▃▁▇▅▂▂▃▃▁▂▁▃▂▂▂
wandb:                           train/ce █▇▅▅▄▄▃▃▃▂▂▂▂▁▁▁▁▁▁▁▁
wandb:           train/expected_mean_cost █▆▆▄▄▃▃▄▃▃▂▂▂▂▁▂▁▁▁▁▁
wandb:          train/expected_regret_pct █▆▆▄▄▄▃▄▃▃▁▁▂▂▁▂▁▁▁▁▁
wandb: train/gap_gt_0_1_actual_regret_pct ▆█▅▄▇▇▂▁▇▄▁▂▂▃▁▂▁▂▂▁▂
wandb:              train/gap_gt_0_1_top1 ▁▄▇█▇▆█▇▇▇█▆▇▆▇▇▇▆▆▇▆
wandb: train/gap_gt_0_5_actual_regret_pct ▆▆▅▃▅▇▄▁█▅▂▃▃▄▂▃▃▄▂▃▃
wandb:              train/gap_gt_0_5_top1 ▂▃▅▅▄▂▃█▁▄▅▃▇▂▆▄▄▃▃▄▃
wandb:                    train/mean_cost █▆▅▅▇█▃▁▇▅▃▃▃▄▁▂▂▃▂▂▂
wandb:                         train/top1 ▁▂▅▆▆▆▇▇▇▆▇▇▇▇█▇▇▆▆▇▇
wandb:                   train/vs_sbs_pct █▆▅▅▇█▃▁▇▅▃▃▃▄▁▂▂▃▂▂▂
wandb:              val/actual_regret_pct ▃▁▃▅▃▅▂▂▅█▂▁▅▁█▂▃▂▁▂▁
wandb:                             val/ce █▄▄▂▂▂▁▃▂▁▂▁▃▂▃▂▃▃▂▂▂
wandb:             val/expected_mean_cost █▆▆▄▄▃▃▄▃▃▁▁▂▂▁▂▁▁▁▁▁
wandb:            val/expected_regret_pct █▆▆▄▃▄▂▄▃▄▁▁▂▂▂▂▁▂▁▁▁
wandb:   val/gap_gt_0_1_actual_regret_pct ▆▃▅▇▅▅▃▁▃▇▃▄▄▃█▄▄▄▃▄▂
wandb:                val/gap_gt_0_1_top1 ▁▂▄▄▄▆▇▇▇▇▇▇▇█▆▇▇▇██▇
wandb:   val/gap_gt_0_5_actual_regret_pct ▂▂▅█▅▆▆▁▅▇▅▄▅▄▇▄▅▅▃▅▃
wandb:                val/gap_gt_0_5_top1 ▁▁▂▃▆▆▇▇▇▇▇▇▇█▆█▇▇█▇█
wandb:                      val/mean_cost ▄▁▃▄▂▃▁▂▄▇▁▁▄▂█▃▃▃▂▃▁
wandb:                           val/top1 ▁▁▃▃▄▆▅█▆▇▇▇██▇▇▆███▇
wandb:                     val/vs_sbs_pct ▄▁▃▄▂▃▁▂▄▇▁▁▄▂█▃▃▃▂▃▁
wandb: 
wandb: Run summary:
wandb:                     final_val_top1 0.378
wandb:            train/actual_regret_pct 0.62994
wandb:                           train/ce 1.51724
wandb:           train/expected_mean_cost 8.03108
wandb:          train/expected_regret_pct 0.93502
wandb: train/gap_gt_0_1_actual_regret_pct 0.71099
wandb:              train/gap_gt_0_1_top1 0.42175
wandb: train/gap_gt_0_5_actual_regret_pct 0.88472
wandb:              train/gap_gt_0_5_top1 0.47761
wandb:                    train/mean_cost 8.00783
wandb:                         train/top1 0.397
wandb:                   train/vs_sbs_pct -0.50261
wandb:                            updates 1000
wandb:              val/actual_regret_pct 0.60533
wandb:                             val/ce 1.64968
wandb:             val/expected_mean_cost 7.93983
wandb:            val/expected_regret_pct 0.91432
wandb:   val/gap_gt_0_1_actual_regret_pct 0.70604
wandb:                val/gap_gt_0_1_top1 0.40105
wandb:   val/gap_gt_0_5_actual_regret_pct 0.91368
wandb:                val/gap_gt_0_5_top1 0.45675
wandb:                      val/mean_cost 7.91736
wandb:                           val/top1 0.378
wandb:                     val/vs_sbs_pct -0.50825
wandb: 
wandb: You can sync this run to the cloud by running:
wandb: wandb sync code/V4/runs/R38_tsp_frozen_geometry/geometry_seed3/wandb/offline-run-20260930_161909-e1a20h0y
wandb: Find logs at: code/V4/runs/R38_tsp_frozen_geometry/geometry_seed3/wandb/offline-run-20260930_161909-e1a20h0y/logs
[done] geometry_seed3 updates=1000 val_top1=0.3780
wandb: Tracking run with wandb version 0.19.11
wandb: W&B syncing is set to `offline` in this directory. Run `wandb online` or set WANDB_MODE=online to enable cloud syncing.
[start] redundant_seed4 updates=1000 batch=640 optimizer=fresh base_frozen=True base_lr=0 geometry_lr=2e-4 model_hash=083171ddf1fcdc14bfee0f153bffb4e7e1001a550dd4136fce26ecc01d71bc03
[train updates 0000] top1=0.3934 ce=1.533871 mean_cost=8.008346 vs_sbs=-0.4963% regret=0.6373% expected_regret=0.9589% gap>0.1_top1=0.4190 gap>0.5_top1=0.4773
[val updates 0000] top1=0.3630 ce=1.657517 mean_cost=7.917969 vs_sbs=-0.5006% regret=0.6118% expected_regret=0.9326% gap>0.1_top1=0.3893 gap>0.5_top1=0.4360
[train updates 0050] loss=0.61038 grad=0.0759 skipped_total=0 lr_geometry=0.0002 elapsed=15.4s
[train updates 0050] top1=0.3931 ce=1.533777 mean_cost=8.008769 vs_sbs=-0.4910% regret=0.6444% expected_regret=0.9594% gap>0.1_top1=0.4188 gap>0.5_top1=0.4767
[val updates 0050] top1=0.3630 ce=1.658221 mean_cost=7.918250 vs_sbs=-0.4970% regret=0.6154% expected_regret=0.9339% gap>0.1_top1=0.3906 gap>0.5_top1=0.4360
[train updates 0100] loss=0.61173 grad=0.0689 skipped_total=0 lr_geometry=0.000199 elapsed=30.4s
[train updates 0100] top1=0.3940 ce=1.534128 mean_cost=8.009014 vs_sbs=-0.4880% regret=0.6483% expected_regret=0.9573% gap>0.1_top1=0.4202 gap>0.5_top1=0.4754
[val updates 0100] top1=0.3680 ce=1.656788 mean_cost=7.918284 vs_sbs=-0.4966% regret=0.6154% expected_regret=0.9311% gap>0.1_top1=0.3932 gap>0.5_top1=0.4429
[train updates 0150] loss=0.61005 grad=0.0744 skipped_total=0 lr_geometry=0.000195 elapsed=45.4s
[train updates 0150] top1=0.3946 ce=1.533926 mean_cost=8.008959 vs_sbs=-0.4886% regret=0.6476% expected_regret=0.9577% gap>0.1_top1=0.4205 gap>0.5_top1=0.4764
[val updates 0150] top1=0.3650 ce=1.656740 mean_cost=7.918448 vs_sbs=-0.4945% regret=0.6178% expected_regret=0.9316% gap>0.1_top1=0.3893 gap>0.5_top1=0.4394
[train updates 0200] loss=0.61106 grad=0.0708 skipped_total=0 lr_geometry=0.000189 elapsed=60.4s
[train updates 0200] top1=0.3943 ce=1.533820 mean_cost=8.008516 vs_sbs=-0.4941% regret=0.6416% expected_regret=0.9564% gap>0.1_top1=0.4199 gap>0.5_top1=0.4764
[val updates 0200] top1=0.3620 ce=1.657259 mean_cost=7.918712 vs_sbs=-0.4912% regret=0.6217% expected_regret=0.9308% gap>0.1_top1=0.3853 gap>0.5_top1=0.4360
[train updates 0250] loss=0.60888 grad=0.0646 skipped_total=0 lr_geometry=0.000181 elapsed=75.4s
[train updates 0250] top1=0.3944 ce=1.533900 mean_cost=8.009059 vs_sbs=-0.4874% regret=0.6492% expected_regret=0.9577% gap>0.1_top1=0.4206 gap>0.5_top1=0.4748
[val updates 0250] top1=0.3670 ce=1.657309 mean_cost=7.918213 vs_sbs=-0.4975% regret=0.6145% expected_regret=0.9316% gap>0.1_top1=0.3919 gap>0.5_top1=0.4394
[train updates 0300] loss=0.61200 grad=0.0652 skipped_total=0 lr_geometry=0.000171 elapsed=90.4s
[train updates 0300] top1=0.3940 ce=1.533760 mean_cost=8.008709 vs_sbs=-0.4918% regret=0.6446% expected_regret=0.9559% gap>0.1_top1=0.4198 gap>0.5_top1=0.4773
[val updates 0300] top1=0.3620 ce=1.657131 mean_cost=7.918624 vs_sbs=-0.4923% regret=0.6200% expected_regret=0.9303% gap>0.1_top1=0.3853 gap>0.5_top1=0.4360
[train updates 0350] loss=0.60965 grad=0.0679 skipped_total=0 lr_geometry=0.000159 elapsed=105.2s
[train updates 0350] top1=0.3939 ce=1.534095 mean_cost=8.008991 vs_sbs=-0.4882% regret=0.6476% expected_regret=0.9555% gap>0.1_top1=0.4196 gap>0.5_top1=0.4754
[val updates 0350] top1=0.3610 ce=1.655429 mean_cost=7.918689 vs_sbs=-0.4915% regret=0.6206% expected_regret=0.9290% gap>0.1_top1=0.3840 gap>0.5_top1=0.4325
[train updates 0400] loss=0.60989 grad=0.0695 skipped_total=0 lr_geometry=0.000146 elapsed=120.3s
[train updates 0400] top1=0.3937 ce=1.533823 mean_cost=8.008656 vs_sbs=-0.4924% regret=0.6437% expected_regret=0.9546% gap>0.1_top1=0.4196 gap>0.5_top1=0.4776
[val updates 0400] top1=0.3630 ce=1.658246 mean_cost=7.918879 vs_sbs=-0.4891% regret=0.6226% expected_regret=0.9296% gap>0.1_top1=0.3866 gap>0.5_top1=0.4360
[train updates 0450] loss=0.61083 grad=0.0746 skipped_total=0 lr_geometry=0.000132 elapsed=135.3s
[train updates 0450] top1=0.3949 ce=1.533646 mean_cost=8.008700 vs_sbs=-0.4919% regret=0.6446% expected_regret=0.9560% gap>0.1_top1=0.4206 gap>0.5_top1=0.4770
[val updates 0450] top1=0.3620 ce=1.657735 mean_cost=7.918417 vs_sbs=-0.4949% regret=0.6181% expected_regret=0.9307% gap>0.1_top1=0.3853 gap>0.5_top1=0.4360
[train updates 0500] loss=0.61008 grad=0.0674 skipped_total=0 lr_geometry=0.000117 elapsed=150.2s
[train updates 0500] top1=0.3948 ce=1.533636 mean_cost=8.008708 vs_sbs=-0.4918% regret=0.6445% expected_regret=0.9566% gap>0.1_top1=0.4207 gap>0.5_top1=0.4782
[val updates 0500] top1=0.3640 ce=1.656879 mean_cost=7.918448 vs_sbs=-0.4945% regret=0.6165% expected_regret=0.9310% gap>0.1_top1=0.3879 gap>0.5_top1=0.4360
[train updates 0550] loss=0.61119 grad=0.0661 skipped_total=0 lr_geometry=0.000103 elapsed=165.1s
[train updates 0550] top1=0.3943 ce=1.533604 mean_cost=8.008837 vs_sbs=-0.4902% regret=0.6459% expected_regret=0.9564% gap>0.1_top1=0.4202 gap>0.5_top1=0.4767
[val updates 0550] top1=0.3640 ce=1.656099 mean_cost=7.918315 vs_sbs=-0.4962% regret=0.6160% expected_regret=0.9306% gap>0.1_top1=0.3879 gap>0.5_top1=0.4360
[train updates 0600] loss=0.61033 grad=0.0664 skipped_total=0 lr_geometry=8.79e-05 elapsed=180.0s
[train updates 0600] top1=0.3948 ce=1.533537 mean_cost=8.008677 vs_sbs=-0.4921% regret=0.6437% expected_regret=0.9564% gap>0.1_top1=0.4207 gap>0.5_top1=0.4767
[val updates 0600] top1=0.3640 ce=1.656063 mean_cost=7.918021 vs_sbs=-0.4999% regret=0.6126% expected_regret=0.9305% gap>0.1_top1=0.3879 gap>0.5_top1=0.4360
[train updates 0650] loss=0.61063 grad=0.0728 skipped_total=0 lr_geometry=7.38e-05 elapsed=194.9s
[train updates 0650] top1=0.3946 ce=1.533527 mean_cost=8.008846 vs_sbs=-0.4900% regret=0.6461% expected_regret=0.9570% gap>0.1_top1=0.4203 gap>0.5_top1=0.4761
[val updates 0650] top1=0.3640 ce=1.656552 mean_cost=7.918003 vs_sbs=-0.5001% regret=0.6123% expected_regret=0.9312% gap>0.1_top1=0.3879 gap>0.5_top1=0.4360
[train updates 0700] loss=0.61041 grad=0.0670 skipped_total=0 lr_geometry=6.08e-05 elapsed=209.7s
[train updates 0700] top1=0.3943 ce=1.533690 mean_cost=8.008692 vs_sbs=-0.4920% regret=0.6440% expected_regret=0.9549% gap>0.1_top1=0.4202 gap>0.5_top1=0.4767
[val updates 0700] top1=0.3630 ce=1.656579 mean_cost=7.918265 vs_sbs=-0.4968% regret=0.6155% expected_regret=0.9291% gap>0.1_top1=0.3879 gap>0.5_top1=0.4325
[train updates 0750] loss=0.61066 grad=0.0640 skipped_total=0 lr_geometry=4.9e-05 elapsed=224.6s
[train updates 0750] top1=0.3945 ce=1.533566 mean_cost=8.008743 vs_sbs=-0.4913% regret=0.6449% expected_regret=0.9562% gap>0.1_top1=0.4202 gap>0.5_top1=0.4773
[val updates 0750] top1=0.3640 ce=1.656423 mean_cost=7.917996 vs_sbs=-0.5002% regret=0.6119% expected_regret=0.9304% gap>0.1_top1=0.3879 gap>0.5_top1=0.4360
[train updates 0800] loss=0.61110 grad=0.0683 skipped_total=0 lr_geometry=3.9e-05 elapsed=239.5s
[train updates 0800] top1=0.3948 ce=1.533535 mean_cost=8.008700 vs_sbs=-0.4919% regret=0.6445% expected_regret=0.9566% gap>0.1_top1=0.4207 gap>0.5_top1=0.4767
[val updates 0800] top1=0.3660 ce=1.656317 mean_cost=7.917968 vs_sbs=-0.5006% regret=0.6118% expected_regret=0.9308% gap>0.1_top1=0.3906 gap>0.5_top1=0.4360
[train updates 0850] loss=0.61033 grad=0.0748 skipped_total=0 lr_geometry=3.08e-05 elapsed=254.4s
[train updates 0850] top1=0.3942 ce=1.533597 mean_cost=8.008827 vs_sbs=-0.4903% regret=0.6457% expected_regret=0.9560% gap>0.1_top1=0.4201 gap>0.5_top1=0.4764
[val updates 0850] top1=0.3630 ce=1.656148 mean_cost=7.918266 vs_sbs=-0.4968% regret=0.6148% expected_regret=0.9301% gap>0.1_top1=0.3866 gap>0.5_top1=0.4325
[train updates 0900] loss=0.61022 grad=0.0701 skipped_total=0 lr_geometry=2.49e-05 elapsed=269.3s
[train updates 0900] top1=0.3946 ce=1.533602 mean_cost=8.008763 vs_sbs=-0.4911% regret=0.6452% expected_regret=0.9557% gap>0.1_top1=0.4205 gap>0.5_top1=0.4764
[val updates 0900] top1=0.3630 ce=1.656443 mean_cost=7.918265 vs_sbs=-0.4968% regret=0.6155% expected_regret=0.9299% gap>0.1_top1=0.3879 gap>0.5_top1=0.4325
[train updates 0950] loss=0.61108 grad=0.0676 skipped_total=0 lr_geometry=2.12e-05 elapsed=284.2s
[train updates 0950] top1=0.3946 ce=1.533606 mean_cost=8.008738 vs_sbs=-0.4914% regret=0.6449% expected_regret=0.9556% gap>0.1_top1=0.4203 gap>0.5_top1=0.4770
[val updates 0950] top1=0.3640 ce=1.656655 mean_cost=7.918014 vs_sbs=-0.5000% regret=0.6122% expected_regret=0.9299% gap>0.1_top1=0.3879 gap>0.5_top1=0.4360
[train updates 1000] loss=0.61016 grad=0.0751 skipped_total=0 lr_geometry=2e-05 elapsed=299.1s
[train updates 1000] top1=0.3946 ce=1.533610 mean_cost=8.008789 vs_sbs=-0.4907% regret=0.6455% expected_regret=0.9559% gap>0.1_top1=0.4205 gap>0.5_top1=0.4767
[val updates 1000] top1=0.3630 ce=1.656481 mean_cost=7.918265 vs_sbs=-0.4968% regret=0.6155% expected_regret=0.9301% gap>0.1_top1=0.3879 gap>0.5_top1=0.4325
wandb:                                                                                
wandb: 
wandb: Run history:
wandb:            train/actual_regret_pct ▁▅▇▇▄█▅▇▅▅▅▆▅▆▅▅▅▆▆▅▆
wandb:                           train/ce ▅▄█▆▄▅▄█▄▂▂▂▁▁▃▁▁▂▂▂▂
wandb:           train/expected_mean_cost ██▅▅▄▅▃▃▁▃▃▃▃▄▂▃▃▃▂▂▃
wandb:          train/expected_regret_pct ▇█▅▆▄▆▃▂▁▃▄▄▄▅▁▃▄▃▃▂▃
wandb: train/gap_gt_0_1_actual_regret_pct ▁▅██▃█▆█▅▅▅▆▅▆▅▆▅▆▆▅▆
wandb:              train/gap_gt_0_1_top1 ▂▁▆▇▅█▅▄▄██▆█▇▆▆█▆▇▇▇
wandb: train/gap_gt_0_5_actual_regret_pct ▁▄▇▇▄█▄▇▄▄▄▆▅▅▅▄▅▅▅▄▅
wandb:              train/gap_gt_0_5_top1 ▆▅▂▄▄▁▆▂▇▅█▅▅▄▅▆▅▄▄▅▅
wandb:                    train/mean_cost ▁▅█▇▃█▅▇▄▄▅▆▄▆▄▅▄▆▅▅▅
wandb:                         train/top1 ▂▁▅▇▆▆▅▄▃██▆█▇▆▆█▅▇▇▇
wandb:                   train/vs_sbs_pct ▁▅█▇▃█▅▇▄▄▅▆▄▆▄▅▄▆▅▅▅
wandb:              val/actual_regret_pct ▁▃▃▅▇▃▆▇█▅▄▄▂▁▃▁▁▃▃▁▃
wandb:                             val/ce ▆█▄▄▆▆▅▁█▇▅▃▃▄▄▃▃▃▄▄▄
wandb:             val/expected_mean_cost ▇█▄▄▃▄▃▁▁▃▃▃▃▃▁▃▃▂▂▂▂
wandb:            val/expected_regret_pct ▆█▄▅▄▅▃▁▂▃▄▃▃▄▁▃▄▃▂▂▃
wandb:   val/gap_gt_0_1_actual_regret_pct ▁▃▄▅█▃▆▇█▅▄▄▂▂▃▁▁▃▃▁▃
wandb:                val/gap_gt_0_1_top1 ▅▆█▅▂▇▂▁▃▂▄▄▄▄▄▄▆▃▄▄▄
wandb:   val/gap_gt_0_5_actual_regret_pct ▁▅▅▄▅▄▄█▅▁▄▅▁▁▅▁▁▄▅▁▅
wandb:                val/gap_gt_0_5_top1 ▃▃█▆▃▆▃▁▃▃▃▃▃▃▁▃▃▁▁▃▁
wandb:                      val/mean_cost ▁▃▃▅▇▃▆▇█▄▅▄▁▁▃▁▁▃▃▁▃
wandb:                           val/top1 ▃▃█▅▂▇▂▁▃▂▄▄▄▄▃▄▆▃▃▄▃
wandb:                     val/vs_sbs_pct ▁▃▃▅▇▃▆▇█▄▅▄▁▁▃▁▁▃▃▁▃
wandb: 
wandb: Run summary:
wandb:                     final_val_top1 0.363
wandb:            train/actual_regret_pct 0.64547
wandb:                           train/ce 1.53361
wandb:           train/expected_mean_cost 8.03252
wandb:          train/expected_regret_pct 0.95594
wandb: train/gap_gt_0_1_actual_regret_pct 0.72615
wandb:              train/gap_gt_0_1_top1 0.42045
wandb: train/gap_gt_0_5_actual_regret_pct 0.9044
wandb:              train/gap_gt_0_5_top1 0.47668
wandb:                    train/mean_cost 8.00879
wandb:                         train/top1 0.3946
wandb:                   train/vs_sbs_pct -0.49075
wandb:                            updates 1000
wandb:              val/actual_regret_pct 0.61548
wandb:                             val/ce 1.65648
wandb:             val/expected_mean_cost 7.94094
wandb:            val/expected_regret_pct 0.93011
wandb:   val/gap_gt_0_1_actual_regret_pct 0.72122
wandb:                val/gap_gt_0_1_top1 0.38794
wandb:   val/gap_gt_0_5_actual_regret_pct 0.91949
wandb:                val/gap_gt_0_5_top1 0.43253
wandb:                      val/mean_cost 7.91826
wandb:                           val/top1 0.363
wandb:                     val/vs_sbs_pct -0.49685
wandb: 
wandb: You can sync this run to the cloud by running:
wandb: wandb sync code/V4/runs/R38_tsp_frozen_geometry/redundant_seed4/wandb/offline-run-20260930_162411-9b0n5cph
wandb: Find logs at: code/V4/runs/R38_tsp_frozen_geometry/redundant_seed4/wandb/offline-run-20260930_162411-9b0n5cph/logs
[done] redundant_seed4 updates=1000 val_top1=0.3630
wandb: Tracking run with wandb version 0.19.11
wandb: W&B syncing is set to `offline` in this directory. Run `wandb online` or set WANDB_MODE=online to enable cloud syncing.
[start] geometry_seed4 updates=1000 batch=640 optimizer=fresh base_frozen=True base_lr=0 geometry_lr=2e-4 model_hash=083171ddf1fcdc14bfee0f153bffb4e7e1001a550dd4136fce26ecc01d71bc03
[train updates 0000] top1=0.3934 ce=1.533871 mean_cost=8.008346 vs_sbs=-0.4963% regret=0.6373% expected_regret=0.9589% gap>0.1_top1=0.4190 gap>0.5_top1=0.4773
[val updates 0000] top1=0.3630 ce=1.657517 mean_cost=7.917969 vs_sbs=-0.5006% regret=0.6118% expected_regret=0.9326% gap>0.1_top1=0.3893 gap>0.5_top1=0.4360
[train updates 0050] loss=0.60994 grad=0.1351 skipped_total=0 lr_geometry=0.0002 elapsed=15.2s
[train updates 0050] top1=0.3947 ce=1.530995 mean_cost=8.008704 vs_sbs=-0.4918% regret=0.6439% expected_regret=0.9557% gap>0.1_top1=0.4203 gap>0.5_top1=0.4761
[val updates 0050] top1=0.3660 ce=1.653800 mean_cost=7.918061 vs_sbs=-0.4994% regret=0.6176% expected_regret=0.9308% gap>0.1_top1=0.3932 gap>0.5_top1=0.4360
[train updates 0100] loss=0.60997 grad=0.1355 skipped_total=0 lr_geometry=0.000199 elapsed=30.1s
[train updates 0100] top1=0.3956 ce=1.528577 mean_cost=8.008218 vs_sbs=-0.4978% regret=0.6368% expected_regret=0.9507% gap>0.1_top1=0.4214 gap>0.5_top1=0.4770
[val updates 0100] top1=0.3730 ce=1.650631 mean_cost=7.916926 vs_sbs=-0.5137% regret=0.6029% expected_regret=0.9265% gap>0.1_top1=0.3997 gap>0.5_top1=0.4533
[train updates 0150] loss=0.60746 grad=0.1401 skipped_total=0 lr_geometry=0.000195 elapsed=45.0s
[train updates 0150] top1=0.3972 ce=1.526743 mean_cost=8.008105 vs_sbs=-0.4992% regret=0.6344% expected_regret=0.9469% gap>0.1_top1=0.4233 gap>0.5_top1=0.4789
[val updates 0150] top1=0.3710 ce=1.650217 mean_cost=7.917112 vs_sbs=-0.5113% regret=0.6047% expected_regret=0.9226% gap>0.1_top1=0.3958 gap>0.5_top1=0.4464
[train updates 0200] loss=0.60774 grad=0.1392 skipped_total=0 lr_geometry=0.000189 elapsed=59.9s
[train updates 0200] top1=0.3970 ce=1.525156 mean_cost=8.007774 vs_sbs=-0.5034% regret=0.6309% expected_regret=0.9431% gap>0.1_top1=0.4220 gap>0.5_top1=0.4785
[val updates 0200] top1=0.3720 ce=1.650952 mean_cost=7.917345 vs_sbs=-0.5084% regret=0.6086% expected_regret=0.9207% gap>0.1_top1=0.3971 gap>0.5_top1=0.4498
[train updates 0250] loss=0.60490 grad=0.1296 skipped_total=0 lr_geometry=0.000181 elapsed=74.7s
[train updates 0250] top1=0.3965 ce=1.523946 mean_cost=8.008125 vs_sbs=-0.4990% regret=0.6345% expected_regret=0.9454% gap>0.1_top1=0.4224 gap>0.5_top1=0.4792
[val updates 0250] top1=0.3740 ce=1.651560 mean_cost=7.918268 vs_sbs=-0.4968% regret=0.6219% expected_regret=0.9235% gap>0.1_top1=0.3997 gap>0.5_top1=0.4533
[train updates 0300] loss=0.60772 grad=0.1348 skipped_total=0 lr_geometry=0.000171 elapsed=89.6s
[train updates 0300] top1=0.3965 ce=1.522604 mean_cost=8.007577 vs_sbs=-0.5058% regret=0.6280% expected_regret=0.9411% gap>0.1_top1=0.4216 gap>0.5_top1=0.4792
[val updates 0300] top1=0.3720 ce=1.650026 mean_cost=7.918111 vs_sbs=-0.4988% regret=0.6181% expected_regret=0.9196% gap>0.1_top1=0.3971 gap>0.5_top1=0.4464
[train updates 0350] loss=0.60480 grad=0.1435 skipped_total=0 lr_geometry=0.000159 elapsed=104.5s
[train updates 0350] top1=0.3980 ce=1.522183 mean_cost=8.007944 vs_sbs=-0.5013% regret=0.6320% expected_regret=0.9407% gap>0.1_top1=0.4229 gap>0.5_top1=0.4785
[val updates 0350] top1=0.3780 ce=1.647102 mean_cost=7.917259 vs_sbs=-0.5095% regret=0.6086% expected_regret=0.9188% gap>0.1_top1=0.3997 gap>0.5_top1=0.4498
[train updates 0400] loss=0.60490 grad=0.1395 skipped_total=0 lr_geometry=0.000146 elapsed=119.4s
[train updates 0400] top1=0.3970 ce=1.521862 mean_cost=8.007515 vs_sbs=-0.5066% regret=0.6270% expected_regret=0.9380% gap>0.1_top1=0.4216 gap>0.5_top1=0.4782
[val updates 0400] top1=0.3740 ce=1.649548 mean_cost=7.918045 vs_sbs=-0.4996% regret=0.6184% expected_regret=0.9169% gap>0.1_top1=0.3945 gap>0.5_top1=0.4464
[train updates 0450] loss=0.60551 grad=0.1538 skipped_total=0 lr_geometry=0.000132 elapsed=134.3s
[train updates 0450] top1=0.3974 ce=1.520319 mean_cost=8.007643 vs_sbs=-0.5050% regret=0.6288% expected_regret=0.9410% gap>0.1_top1=0.4223 gap>0.5_top1=0.4801
[val updates 0450] top1=0.3770 ce=1.649377 mean_cost=7.917561 vs_sbs=-0.5057% regret=0.6114% expected_regret=0.9195% gap>0.1_top1=0.3984 gap>0.5_top1=0.4498
[train updates 0500] loss=0.60439 grad=0.1416 skipped_total=0 lr_geometry=0.000117 elapsed=149.2s
[train updates 0500] top1=0.3966 ce=1.519998 mean_cost=8.007804 vs_sbs=-0.5030% regret=0.6305% expected_regret=0.9382% gap>0.1_top1=0.4217 gap>0.5_top1=0.4767
[val updates 0500] top1=0.3760 ce=1.648918 mean_cost=7.917859 vs_sbs=-0.5019% regret=0.6165% expected_regret=0.9170% gap>0.1_top1=0.3984 gap>0.5_top1=0.4498
[train updates 0550] loss=0.60526 grad=0.1409 skipped_total=0 lr_geometry=0.000103 elapsed=164.0s
[train updates 0550] top1=0.3968 ce=1.519471 mean_cost=8.007803 vs_sbs=-0.5030% regret=0.6295% expected_regret=0.9372% gap>0.1_top1=0.4217 gap>0.5_top1=0.4773
[val updates 0550] top1=0.3760 ce=1.650134 mean_cost=7.918061 vs_sbs=-0.4994% regret=0.6143% expected_regret=0.9165% gap>0.1_top1=0.3984 gap>0.5_top1=0.4429
[train updates 0600] loss=0.60443 grad=0.1472 skipped_total=0 lr_geometry=8.79e-05 elapsed=178.9s
[train updates 0600] top1=0.3980 ce=1.519065 mean_cost=8.007753 vs_sbs=-0.5036% regret=0.6295% expected_regret=0.9370% gap>0.1_top1=0.4230 gap>0.5_top1=0.4789
[val updates 0600] top1=0.3740 ce=1.648220 mean_cost=7.917685 vs_sbs=-0.5041% regret=0.6115% expected_regret=0.9161% gap>0.1_top1=0.3958 gap>0.5_top1=0.4498
[train updates 0650] loss=0.60439 grad=0.1507 skipped_total=0 lr_geometry=7.38e-05 elapsed=193.8s
[train updates 0650] top1=0.3971 ce=1.518547 mean_cost=8.007802 vs_sbs=-0.5030% regret=0.6303% expected_regret=0.9382% gap>0.1_top1=0.4225 gap>0.5_top1=0.4789
[val updates 0650] top1=0.3760 ce=1.648767 mean_cost=7.917966 vs_sbs=-0.5006% regret=0.6164% expected_regret=0.9174% gap>0.1_top1=0.3984 gap>0.5_top1=0.4464
[train updates 0700] loss=0.60403 grad=0.1474 skipped_total=0 lr_geometry=6.08e-05 elapsed=208.7s
[train updates 0700] top1=0.3975 ce=1.518555 mean_cost=8.007543 vs_sbs=-0.5062% regret=0.6265% expected_regret=0.9343% gap>0.1_top1=0.4228 gap>0.5_top1=0.4795
[val updates 0700] top1=0.3760 ce=1.649396 mean_cost=7.917312 vs_sbs=-0.5088% regret=0.6037% expected_regret=0.9137% gap>0.1_top1=0.3984 gap>0.5_top1=0.4533
[train updates 0750] loss=0.60421 grad=0.1467 skipped_total=0 lr_geometry=4.9e-05 elapsed=223.6s
[train updates 0750] top1=0.3979 ce=1.518165 mean_cost=8.007600 vs_sbs=-0.5055% regret=0.6273% expected_regret=0.9364% gap>0.1_top1=0.4229 gap>0.5_top1=0.4798
[val updates 0750] top1=0.3770 ce=1.649002 mean_cost=7.917399 vs_sbs=-0.5077% regret=0.6070% expected_regret=0.9158% gap>0.1_top1=0.3984 gap>0.5_top1=0.4533
[train updates 0800] loss=0.60463 grad=0.1542 skipped_total=0 lr_geometry=3.9e-05 elapsed=238.5s
[train updates 0800] top1=0.3985 ce=1.517996 mean_cost=8.007637 vs_sbs=-0.5051% regret=0.6279% expected_regret=0.9364% gap>0.1_top1=0.4236 gap>0.5_top1=0.4810
[val updates 0800] top1=0.3780 ce=1.649052 mean_cost=7.917258 vs_sbs=-0.5095% regret=0.6040% expected_regret=0.9163% gap>0.1_top1=0.3997 gap>0.5_top1=0.4533
[train updates 0850] loss=0.60370 grad=0.1516 skipped_total=0 lr_geometry=3.08e-05 elapsed=253.3s
[train updates 0850] top1=0.3977 ce=1.517883 mean_cost=8.007720 vs_sbs=-0.5040% regret=0.6288% expected_regret=0.9360% gap>0.1_top1=0.4226 gap>0.5_top1=0.4792
[val updates 0850] top1=0.3760 ce=1.648076 mean_cost=7.917578 vs_sbs=-0.5055% regret=0.6073% expected_regret=0.9152% gap>0.1_top1=0.3971 gap>0.5_top1=0.4464
[train updates 0900] loss=0.60343 grad=0.1466 skipped_total=0 lr_geometry=2.49e-05 elapsed=268.2s
[train updates 0900] top1=0.3987 ce=1.517888 mean_cost=8.007654 vs_sbs=-0.5048% regret=0.6284% expected_regret=0.9356% gap>0.1_top1=0.4237 gap>0.5_top1=0.4798
[val updates 0900] top1=0.3760 ce=1.647834 mean_cost=7.917419 vs_sbs=-0.5075% regret=0.6045% expected_regret=0.9150% gap>0.1_top1=0.3984 gap>0.5_top1=0.4533
[train updates 0950] loss=0.60437 grad=0.1493 skipped_total=0 lr_geometry=2.12e-05 elapsed=283.1s
[train updates 0950] top1=0.3978 ce=1.517716 mean_cost=8.007704 vs_sbs=-0.5042% regret=0.6289% expected_regret=0.9351% gap>0.1_top1=0.4226 gap>0.5_top1=0.4798
[val updates 0950] top1=0.3760 ce=1.649030 mean_cost=7.917238 vs_sbs=-0.5098% regret=0.6035% expected_regret=0.9149% gap>0.1_top1=0.3984 gap>0.5_top1=0.4533
[train updates 1000] loss=0.60366 grad=0.1523 skipped_total=0 lr_geometry=2e-05 elapsed=298.0s
[train updates 1000] top1=0.3978 ce=1.517806 mean_cost=8.007738 vs_sbs=-0.5038% regret=0.6297% expected_regret=0.9352% gap>0.1_top1=0.4226 gap>0.5_top1=0.4789
[val updates 1000] top1=0.3750 ce=1.648343 mean_cost=7.917557 vs_sbs=-0.5057% regret=0.6070% expected_regret=0.9148% gap>0.1_top1=0.3971 gap>0.5_top1=0.4498
wandb:                                                                                
wandb: 
wandb: Run history:
wandb:            train/actual_regret_pct ▅█▅▄▃▄▂▃▁▂▃▂▂▃▁▁▂▂▂▂▂
wandb:                           train/ce █▇▆▅▄▄▃▃▃▂▂▂▂▁▁▁▁▁▁▁▁
wandb:           train/expected_mean_cost █▇▆▅▃▄▃▃▂▃▂▂▂▂▁▁▂▁▁▁▁
wandb:          train/expected_regret_pct █▇▆▅▄▄▃▃▂▃▂▂▂▂▁▂▂▁▁▁▁
wandb: train/gap_gt_0_1_actual_regret_pct ▅█▆▅▃▄▂▄▂▂▃▃▂▃▁▂▂▂▂▃▃
wandb:              train/gap_gt_0_1_top1 ▁▃▅▇▅▆▅▇▅▆▅▅▇▆▇▇█▆█▆▆
wandb: train/gap_gt_0_5_actual_regret_pct ▅█▅▅▃▄▂▃▁▁▂▃▂▂▁▁▂▂▃▂▃
wandb:              train/gap_gt_0_5_top1 ▃▁▂▅▅▅▅▅▄▇▂▃▅▅▆▆█▅▆▆▅
wandb:                    train/mean_cost ▆█▅▄▃▅▁▄▁▂▃▃▂▃▁▂▂▂▂▂▂
wandb:                         train/top1 ▁▃▄▆▆▅▅▇▆▆▅▅▇▆▆▇█▇█▇▇
wandb:                   train/vs_sbs_pct ▆█▅▄▃▅▁▄▁▂▃▃▂▃▁▂▂▂▂▂▂
wandb:              val/actual_regret_pct ▄▆▁▂▃█▇▃▇▄▆▅▄▆▁▂▁▃▂▁▂
wandb:                             val/ce █▆▃▃▄▄▃▁▃▃▂▃▂▂▃▂▂▂▁▂▂
wandb:             val/expected_mean_cost █▇▆▄▄▄▃▃▂▃▂▂▂▂▁▂▂▂▁▁▁
wandb:            val/expected_regret_pct █▇▆▄▄▅▃▃▂▃▂▂▂▂▁▂▂▂▁▁▁
wandb:   val/gap_gt_0_1_actual_regret_pct ▆█▁▂▄▄█▁▅▁▃▇▂▃▁▃▂▃▁▁▃
wandb:                val/gap_gt_0_1_top1 ▁▄█▅▆█▆█▅▇▇▇▅▇▇▇█▆▇▇▆
wandb:   val/gap_gt_0_5_actual_regret_pct ▁▄▁▁▃▃█▄▆▃▄█▃▅▂▄▃▄▂▂▃
wandb:                val/gap_gt_0_5_top1 ▁▁█▅▇█▅▇▅▇▇▄▇▅███▅██▇
wandb:                      val/mean_cost ▆▇▁▂▃█▇▃▇▄▆▇▅▆▃▃▃▄▄▃▄
wandb:                           val/top1 ▁▂▆▅▅▆▅█▆█▇▇▆▇▇██▇▇▇▇
wandb:                     val/vs_sbs_pct ▆▇▁▂▃█▇▃▇▄▆▇▅▆▃▃▃▄▄▃▄
wandb: 
wandb: Run summary:
wandb:                     final_val_top1 0.375
wandb:            train/actual_regret_pct 0.62975
wandb:                           train/ce 1.51781
wandb:           train/expected_mean_cost 8.03106
wandb:          train/expected_regret_pct 0.93517
wandb: train/gap_gt_0_1_actual_regret_pct 0.71104
wandb:              train/gap_gt_0_1_top1 0.42265
wandb: train/gap_gt_0_5_actual_regret_pct 0.88339
wandb:              train/gap_gt_0_5_top1 0.47886
wandb:                    train/mean_cost 8.00774
wandb:                         train/top1 0.3978
wandb:                   train/vs_sbs_pct -0.50381
wandb:                            updates 1000
wandb:              val/actual_regret_pct 0.60696
wandb:                             val/ce 1.64834
wandb:             val/expected_mean_cost 7.93984
wandb:            val/expected_regret_pct 0.91478
wandb:   val/gap_gt_0_1_actual_regret_pct 0.70839
wandb:                val/gap_gt_0_1_top1 0.39712
wandb:   val/gap_gt_0_5_actual_regret_pct 0.92224
wandb:                val/gap_gt_0_5_top1 0.44983
wandb:                      val/mean_cost 7.91756
wandb:                           val/top1 0.375
wandb:                     val/vs_sbs_pct -0.50574
wandb: 
wandb: You can sync this run to the cloud by running:
wandb: wandb sync code/V4/runs/R38_tsp_frozen_geometry/geometry_seed4/wandb/offline-run-20260930_162914-8pyzgutt
wandb: Find logs at: code/V4/runs/R38_tsp_frozen_geometry/geometry_seed4/wandb/offline-run-20260930_162914-8pyzgutt/logs
[done] geometry_seed4 updates=1000 val_top1=0.3750
[geometry probe training complete] code/V4/runs/R38_tsp_frozen_geometry
[R37 attribution] net_correct=12.00 mean_cost_delta=+0.000390924 regret_delta=+0.005086184 pp
[R38 comparison complete] code/V4/runs/R38_tsp_frozen_geometry
