wandb: Tracking run with wandb version 0.19.11
wandb: W&B syncing is set to `offline` in this directory. Run `wandb online` or set WANDB_MODE=online to enable cloud syncing.
[start] redundant_seed4 updates=1000 batch=640 optimizer=fresh base_lr=2e-5 geometry_lr=2e-4 model_hash=083171ddf1fcdc14bfee0f153bffb4e7e1001a550dd4136fce26ecc01d71bc03
[train updates 0000] top1=0.3934 ce=1.533871 mean_cost=8.008346 vs_sbs=-0.4963% regret=0.6373% gap>0.1_top1=0.4190 gap>0.5_top1=0.4773
[val updates 0000] top1=0.3630 ce=1.657517 mean_cost=7.917969 vs_sbs=-0.5006% regret=0.6118% gap>0.1_top1=0.3893 gap>0.5_top1=0.4360
[train updates 0050] loss=0.61024 grad=0.2825 skipped_total=0 lr_base=2e-05 elapsed=22.6s
[train updates 0050] top1=0.3946 ce=1.534114 mean_cost=8.009107 vs_sbs=-0.4868% regret=0.6526% gap>0.1_top1=0.4188 gap>0.5_top1=0.4779
[val updates 0050] top1=0.3620 ce=1.662048 mean_cost=7.919069 vs_sbs=-0.4867% regret=0.6319% gap>0.1_top1=0.3853 gap>0.5_top1=0.4291
[train updates 0100] loss=0.61078 grad=0.2864 skipped_total=0 lr_base=1.99e-05 elapsed=44.9s
[train updates 0100] top1=0.3957 ce=1.530645 mean_cost=8.009355 vs_sbs=-0.4837% regret=0.6550% gap>0.1_top1=0.4203 gap>0.5_top1=0.4789
[val updates 0100] top1=0.3640 ce=1.657771 mean_cost=7.919268 vs_sbs=-0.4842% regret=0.6337% gap>0.1_top1=0.3879 gap>0.5_top1=0.4394
[train updates 0150] loss=0.60810 grad=0.3097 skipped_total=0 lr_base=1.95e-05 elapsed=67.2s
[train updates 0150] top1=0.3957 ce=1.526327 mean_cost=8.008632 vs_sbs=-0.4927% regret=0.6432% gap>0.1_top1=0.4201 gap>0.5_top1=0.4782
[val updates 0150] top1=0.3660 ce=1.658880 mean_cost=7.917545 vs_sbs=-0.5059% regret=0.6078% gap>0.1_top1=0.3919 gap>0.5_top1=0.4429
[train updates 0200] loss=0.60803 grad=0.3111 skipped_total=0 lr_base=1.89e-05 elapsed=89.4s
[train updates 0200] top1=0.3975 ce=1.523322 mean_cost=8.007827 vs_sbs=-0.5027% regret=0.6323% gap>0.1_top1=0.4232 gap>0.5_top1=0.4835
[val updates 0200] top1=0.3620 ce=1.659231 mean_cost=7.918503 vs_sbs=-0.4939% regret=0.6234% gap>0.1_top1=0.3879 gap>0.5_top1=0.4325
[train updates 0250] loss=0.60444 grad=0.2916 skipped_total=0 lr_base=1.81e-05 elapsed=111.7s
[train updates 0250] top1=0.3978 ce=1.522659 mean_cost=8.008226 vs_sbs=-0.4977% regret=0.6379% gap>0.1_top1=0.4226 gap>0.5_top1=0.4820
[val updates 0250] top1=0.3630 ce=1.667339 mean_cost=7.917637 vs_sbs=-0.5047% regret=0.6114% gap>0.1_top1=0.3866 gap>0.5_top1=0.4291
[train updates 0300] loss=0.60673 grad=0.2961 skipped_total=0 lr_base=1.71e-05 elapsed=134.0s
[train updates 0300] top1=0.3986 ce=1.519368 mean_cost=8.008845 vs_sbs=-0.4901% regret=0.6468% gap>0.1_top1=0.4230 gap>0.5_top1=0.4810
[val updates 0300] top1=0.3630 ce=1.662390 mean_cost=7.919847 vs_sbs=-0.4770% regret=0.6397% gap>0.1_top1=0.3840 gap>0.5_top1=0.4221
[train updates 0350] loss=0.60357 grad=0.3164 skipped_total=0 lr_base=1.59e-05 elapsed=156.3s
[train updates 0350] top1=0.3991 ce=1.518096 mean_cost=8.008423 vs_sbs=-0.4953% regret=0.6422% gap>0.1_top1=0.4250 gap>0.5_top1=0.4851
[val updates 0350] top1=0.3670 ce=1.661275 mean_cost=7.918600 vs_sbs=-0.4926% regret=0.6260% gap>0.1_top1=0.3893 gap>0.5_top1=0.4291
[train updates 0400] loss=0.60313 grad=0.3307 skipped_total=0 lr_base=1.46e-05 elapsed=178.6s
[train updates 0400] top1=0.4010 ce=1.516513 mean_cost=8.007991 vs_sbs=-0.5007% regret=0.6354% gap>0.1_top1=0.4260 gap>0.5_top1=0.4857
[val updates 0400] top1=0.3640 ce=1.667981 mean_cost=7.918548 vs_sbs=-0.4933% regret=0.6236% gap>0.1_top1=0.3866 gap>0.5_top1=0.4291
[train updates 0450] loss=0.60320 grad=0.3422 skipped_total=0 lr_base=1.32e-05 elapsed=200.8s
[train updates 0450] top1=0.4008 ce=1.514203 mean_cost=8.008654 vs_sbs=-0.4924% regret=0.6456% gap>0.1_top1=0.4260 gap>0.5_top1=0.4838
[val updates 0450] top1=0.3620 ce=1.666011 mean_cost=7.919984 vs_sbs=-0.4752% regret=0.6414% gap>0.1_top1=0.3840 gap>0.5_top1=0.4221
[train updates 0500] loss=0.60161 grad=0.3342 skipped_total=0 lr_base=1.17e-05 elapsed=223.1s
[train updates 0500] top1=0.4017 ce=1.511584 mean_cost=8.008222 vs_sbs=-0.4978% regret=0.6369% gap>0.1_top1=0.4265 gap>0.5_top1=0.4838
[val updates 0500] top1=0.3630 ce=1.665913 mean_cost=7.919380 vs_sbs=-0.4828% regret=0.6307% gap>0.1_top1=0.3879 gap>0.5_top1=0.4221
[train updates 0550] loss=0.60197 grad=0.3318 skipped_total=0 lr_base=1.03e-05 elapsed=245.4s
[train updates 0550] top1=0.4021 ce=1.509959 mean_cost=8.007843 vs_sbs=-0.5025% regret=0.6315% gap>0.1_top1=0.4273 gap>0.5_top1=0.4854
[val updates 0550] top1=0.3620 ce=1.666282 mean_cost=7.919646 vs_sbs=-0.4795% regret=0.6346% gap>0.1_top1=0.3866 gap>0.5_top1=0.4221
[train updates 0600] loss=0.60080 grad=0.3281 skipped_total=0 lr_base=8.79e-06 elapsed=267.7s
[train updates 0600] top1=0.4038 ce=1.509112 mean_cost=8.007953 vs_sbs=-0.5011% regret=0.6351% gap>0.1_top1=0.4295 gap>0.5_top1=0.4888
[val updates 0600] top1=0.3650 ce=1.667086 mean_cost=7.919516 vs_sbs=-0.4811% regret=0.6344% gap>0.1_top1=0.3853 gap>0.5_top1=0.4152
[train updates 0650] loss=0.60042 grad=0.3543 skipped_total=0 lr_base=7.38e-06 elapsed=289.9s
[train updates 0650] top1=0.4036 ce=1.508370 mean_cost=8.008371 vs_sbs=-0.4959% regret=0.6417% gap>0.1_top1=0.4288 gap>0.5_top1=0.4873
[val updates 0650] top1=0.3640 ce=1.665863 mean_cost=7.920669 vs_sbs=-0.4666% regret=0.6476% gap>0.1_top1=0.3866 gap>0.5_top1=0.4187
[train updates 0700] loss=0.59967 grad=0.3321 skipped_total=0 lr_base=6.08e-06 elapsed=312.2s
[train updates 0700] top1=0.4033 ce=1.507083 mean_cost=8.007826 vs_sbs=-0.5027% regret=0.6324% gap>0.1_top1=0.4288 gap>0.5_top1=0.4882
[val updates 0700] top1=0.3610 ce=1.666284 mean_cost=7.920412 vs_sbs=-0.4699% regret=0.6429% gap>0.1_top1=0.3840 gap>0.5_top1=0.4152
[train updates 0750] loss=0.59955 grad=0.3306 skipped_total=0 lr_base=4.9e-06 elapsed=334.5s
[train updates 0750] top1=0.4035 ce=1.506545 mean_cost=8.007980 vs_sbs=-0.5008% regret=0.6351% gap>0.1_top1=0.4292 gap>0.5_top1=0.4894
[val updates 0750] top1=0.3620 ce=1.668318 mean_cost=7.919958 vs_sbs=-0.4756% regret=0.6372% gap>0.1_top1=0.3853 gap>0.5_top1=0.4152
[train updates 0800] loss=0.59963 grad=0.3403 skipped_total=0 lr_base=3.9e-06 elapsed=356.8s
[train updates 0800] top1=0.4031 ce=1.505983 mean_cost=8.008058 vs_sbs=-0.4998% regret=0.6364% gap>0.1_top1=0.4287 gap>0.5_top1=0.4891
[val updates 0800] top1=0.3600 ce=1.667854 mean_cost=7.920638 vs_sbs=-0.4670% regret=0.6459% gap>0.1_top1=0.3853 gap>0.5_top1=0.4152
[train updates 0850] loss=0.59869 grad=0.3428 skipped_total=0 lr_base=3.08e-06 elapsed=379.1s
[train updates 0850] top1=0.4040 ce=1.505573 mean_cost=8.007968 vs_sbs=-0.5009% regret=0.6355% gap>0.1_top1=0.4295 gap>0.5_top1=0.4894
[val updates 0850] top1=0.3590 ce=1.667696 mean_cost=7.920391 vs_sbs=-0.4701% regret=0.6425% gap>0.1_top1=0.3827 gap>0.5_top1=0.4152
[train updates 0900] loss=0.59839 grad=0.3399 skipped_total=0 lr_base=2.49e-06 elapsed=401.4s
[train updates 0900] top1=0.4036 ce=1.505422 mean_cost=8.008288 vs_sbs=-0.4970% regret=0.6397% gap>0.1_top1=0.4292 gap>0.5_top1=0.4869
[val updates 0900] top1=0.3600 ce=1.668865 mean_cost=7.920629 vs_sbs=-0.4671% regret=0.6460% gap>0.1_top1=0.3840 gap>0.5_top1=0.4152
[train updates 0950] loss=0.59902 grad=0.3507 skipped_total=0 lr_base=2.12e-06 elapsed=423.6s
[train updates 0950] top1=0.4038 ce=1.505059 mean_cost=8.008041 vs_sbs=-0.5000% regret=0.6349% gap>0.1_top1=0.4290 gap>0.5_top1=0.4866
[val updates 0950] top1=0.3580 ce=1.668764 mean_cost=7.920494 vs_sbs=-0.4688% regret=0.6432% gap>0.1_top1=0.3827 gap>0.5_top1=0.4152
[train updates 1000] loss=0.59786 grad=0.3473 skipped_total=0 lr_base=2e-06 elapsed=445.9s
[train updates 1000] top1=0.4038 ce=1.505016 mean_cost=8.008052 vs_sbs=-0.4999% regret=0.6360% gap>0.1_top1=0.4294 gap>0.5_top1=0.4879
[val updates 1000] top1=0.3590 ce=1.669993 mean_cost=7.920637 vs_sbs=-0.4670% regret=0.6448% gap>0.1_top1=0.3827 gap>0.5_top1=0.4152
wandb:                                                                                
wandb: 
wandb: Run history:
wandb:            train/actual_regret_pct ▃▇█▄▁▃▆▄▂▅▃▁▂▄▁▂▂▂▃▂▂
wandb:                           train/ce ██▇▆▅▅▄▄▄▃▃▂▂▂▁▁▁▁▁▁▁
wandb: train/gap_gt_0_1_actual_regret_pct ▃▇█▅▁▃▆▄▂▅▂▁▂▄▁▂▂▂▃▂▂
wandb:              train/gap_gt_0_1_top1 ▁▁▂▂▄▄▄▅▆▆▆▇████▇████
wandb: train/gap_gt_0_5_actual_regret_pct ▄▇█▅▂▄▅▄▂▄▄▂▂▂▂▁▁▁▃▂▂
wandb:              train/gap_gt_0_5_top1 ▁▁▂▂▅▄▃▅▆▅▅▆█▇▇███▇▆▇
wandb:                    train/mean_cost ▃▇█▅▁▃▆▄▂▅▃▁▂▃▁▂▂▂▃▂▂
wandb:                         train/top1 ▁▂▃▃▄▄▄▅▆▆▆▇████▇████
wandb:                   train/vs_sbs_pct ▃▇█▅▁▃▆▄▂▅▃▁▂▃▁▂▂▂▃▂▂
wandb:              val/actual_regret_pct ▂▅▆▁▄▂▇▄▄▇▅▆▆█▇▆█▇█▇█
wandb:                             val/ce ▁▄▁▂▂▇▄▃▇▆▆▆▆▆▆▇▇▇▇▇█
wandb:   val/gap_gt_0_1_actual_regret_pct ▂▆▆▁▄▂█▅▄▇▅▆▆▇▇▆▇▆▇▆▇
wandb:                val/gap_gt_0_1_top1 ▆▃▅█▅▄▂▆▄▂▅▄▃▄▂▃▃▁▂▁▁
wandb:   val/gap_gt_0_5_actual_regret_pct ▁▅▅▁▄▃█▅▃▆▆▇█▇█▇▇▇▇▇▇
wandb:                val/gap_gt_0_5_top1 ▆▄▇█▅▄▃▄▄▃▃▃▁▂▁▁▁▁▁▁▁
wandb:                      val/mean_cost ▂▄▅▁▃▁▆▃▃▆▅▆▅█▇▆█▇███
wandb:                           val/top1 ▅▄▆▇▄▅▅█▆▄▅▄▆▆▃▄▃▂▃▁▂
wandb:                     val/vs_sbs_pct ▂▄▅▁▃▁▆▃▃▆▅▆▅█▇▆█▇███
wandb: 
wandb: Run summary:
wandb:                     final_val_top1 0.359
wandb:            train/actual_regret_pct 0.63598
wandb:                           train/ce 1.50502
wandb: train/gap_gt_0_1_actual_regret_pct 0.71388
wandb:              train/gap_gt_0_1_top1 0.42936
wandb: train/gap_gt_0_5_actual_regret_pct 0.87982
wandb:              train/gap_gt_0_5_top1 0.48787
wandb:                    train/mean_cost 8.00805
wandb:                         train/top1 0.4038
wandb:                   train/vs_sbs_pct -0.49991
wandb:                            updates 1000
wandb:              val/actual_regret_pct 0.64476
wandb:                             val/ce 1.66999
wandb:   val/gap_gt_0_1_actual_regret_pct 0.74762
wandb:                val/gap_gt_0_1_top1 0.3827
wandb:   val/gap_gt_0_5_actual_regret_pct 0.98977
wandb:                val/gap_gt_0_5_top1 0.41522
wandb:                      val/mean_cost 7.92064
wandb:                           val/top1 0.359
wandb:                     val/vs_sbs_pct -0.46704
wandb: 
wandb: You can sync this run to the cloud by running:
wandb: wandb sync code/V4/runs/R37_tsp_local_geometry/redundant_seed4/wandb/offline-run-20260930_143751-sa037ss3
wandb: Find logs at: code/V4/runs/R37_tsp_local_geometry/redundant_seed4/wandb/offline-run-20260930_143751-sa037ss3/logs
[done] redundant_seed4 updates=1000 val_top1=0.3590
