[01:32:56] 开始构建共享数据集
[01:32:56] 扫描结果目录: /public/home/zhoucl/shiys/EasyNCO/results/test
[01:32:56] 已找到最新 runs 数量: 20
[01:32:56] 开始解析原始 .pt 数据集路径
[01:32:56] TSP 数据集: /public/home/zhoucl/shiys/EasyNCO/data/datasets/test_dataset_tsp_uniform/test_tsp100_nums10000_uniform.pt
[01:32:56] CVRP 数据集: /public/home/zhoucl/shiys/EasyNCO/data/datasets/test_dataset_vrp_uniform/test_vrp100_capacity50_nums10000_uniform.pt
[01:32:56] 开始加载原始实例张量
[01:32:56] 实例加载完成: tsp=10000, cvrp=10000
[01:32:56] 开始聚合问题 tsp，候选方法数=12
[01:32:57] tsp 可用实例数=500
[01:32:58] 问题 tsp 聚合完成，当前累计样本数=500
[01:32:58] 开始聚合问题 cvrp，候选方法数=8
[01:32:58] cvrp 可用实例数=500
[01:32:59] 问题 cvrp 聚合完成，当前累计样本数=1000
[01:32:59] 全部样本构建完成，最终样本数=1000
[01:32:59] 数据集构建完成，样本总数=1000
[01:32:59] 开始做 train/val/test 分层切分
[01:32:59] 数据切分完成: train=700, val=150, test=150
[01:32:59] 训练集 baseline 拟合完成 | single_best_global=pointerformer | single_best_per_problem={'cvrp': 'lehd', 'tsp': 'icam'}
[01:32:59] 训练集 hardness 参考均值 | cvrp=0.005709 | tsp=0.001280
[01:32:59] cvrp one-vs-default candidates = ['icam', 'elg', 'omni']
[01:32:59] cvrp one-vs-default gain priors = icam:0.7402, elg:0.7108, omni:0.3355
[01:32:59] tsp one-vs-default candidates = ['lehd', 'pointerformer', 'elg', 'difusco']
[01:32:59] tsp one-vs-default gain priors = lehd:0.7609, pointerformer:0.5055, difusco:0.4727, elg:0.3876
[01:32:59] val 参考 baseline 已计算 | sbp_tsp_cost=7.736413 | sbp_cvrp_cost=16.259549
[01:33:01] 模型构造完成: OneVsDefaultTwoStageRanker
[01:33:01] 开始监督排序训练: epochs=5 | batch_size=32 | loss=one_vs_default_two_stage | hard_alpha=2.0 | prior=none | switch_scale=1.0 | select_by=gain_vs_single_best_per_problem
[01:33:20] epoch=1 | step=20 | batch=20/22 | loss=1.167786 | mean_loss=1.332989 | mean_sample_weight=1.3525 | switch_pos_rate=0.250000
[01:33:22] epoch=1 | step=22 | batch=22/22 | loss=1.362235 | mean_loss=1.336178 | mean_sample_weight=1.4372 | switch_pos_rate=0.357143
[01:33:22] 完成 epoch 1/5 | train_mean_loss=1.336178 | pair_count=0 | mean_epoch_sample_weight=1.5098
[01:33:22] checkpoint 已保存: 2l2r/outputs/2026-04-02_ovd_two_stage_smoke_500/checkpoints/epoch_0001.pt
[01:33:22] 在 val 集上评测 (150 实例)...
[01:33:23]     已评测 150/150...
[01:33:23] val 评测完成 | mean_reward=0.840909 | top1_accuracy=0.320000 | mean_regret=0.037717 | mean_cost=11.997981
[01:33:23] epoch=1 | val | tsp_cost=7.736413 | cvrp_cost=16.259549 | gain_vs_sbp_macro=+0.000000
[01:33:23] 发现新的 best val | metric=gain_vs_single_best_per_problem | selection_score=0.000000 | overall_mean_cost=11.997981 | checkpoint=2l2r/outputs/2026-04-02_ovd_two_stage_smoke_500/checkpoints/best.pt
[01:33:28] epoch=2 | step=42 | batch=20/22 | loss=1.435540 | mean_loss=1.310282 | mean_sample_weight=1.7878 | switch_pos_rate=0.406250
[01:33:28] epoch=2 | step=44 | batch=22/22 | loss=1.193320 | mean_loss=1.301846 | mean_sample_weight=1.4072 | switch_pos_rate=0.285714
[01:33:28] 完成 epoch 2/5 | train_mean_loss=1.301846 | pair_count=0 | mean_epoch_sample_weight=1.5098
[01:33:28] checkpoint 已保存: 2l2r/outputs/2026-04-02_ovd_two_stage_smoke_500/checkpoints/epoch_0002.pt
[01:33:28] 在 val 集上评测 (150 实例)...
[01:33:29]     已评测 150/150...
[01:33:29] val 评测完成 | mean_reward=0.840909 | top1_accuracy=0.320000 | mean_regret=0.037717 | mean_cost=11.997981
[01:33:29] epoch=2 | val | tsp_cost=7.736413 | cvrp_cost=16.259549 | gain_vs_sbp_macro=+0.000000
[01:33:29] val 未提升 | metric=gain_vs_single_best_per_problem | best_selection_score=0.000000 | current_selection_score=0.000000 | best_cost=11.997981 | current_cost=11.997981 | patience=1/5
[01:33:39] epoch=3 | step=64 | batch=20/22 | loss=1.261364 | mean_loss=1.264259 | mean_sample_weight=1.5407 | switch_pos_rate=0.281250
[01:33:40] epoch=3 | step=66 | batch=22/22 | loss=0.963256 | mean_loss=1.261274 | mean_sample_weight=1.1057 | switch_pos_rate=0.214286
[01:33:40] 完成 epoch 3/5 | train_mean_loss=1.261274 | pair_count=0 | mean_epoch_sample_weight=1.5098
[01:33:41] checkpoint 已保存: 2l2r/outputs/2026-04-02_ovd_two_stage_smoke_500/checkpoints/epoch_0003.pt
[01:33:41] 在 val 集上评测 (150 实例)...
[01:33:43]     已评测 150/150...
[01:33:43] val 评测完成 | mean_reward=0.840909 | top1_accuracy=0.320000 | mean_regret=0.037717 | mean_cost=11.997981
[01:33:43] epoch=3 | val | tsp_cost=7.736413 | cvrp_cost=16.259549 | gain_vs_sbp_macro=+0.000000
[01:33:43] val 未提升 | metric=gain_vs_single_best_per_problem | best_selection_score=0.000000 | current_selection_score=0.000000 | best_cost=11.997981 | current_cost=11.997981 | patience=2/5
[01:33:55] epoch=4 | step=86 | batch=20/22 | loss=1.249174 | mean_loss=1.226353 | mean_sample_weight=1.4976 | switch_pos_rate=0.343750
[01:33:55] epoch=4 | step=88 | batch=22/22 | loss=1.023580 | mean_loss=1.231561 | mean_sample_weight=1.2522 | switch_pos_rate=0.285714
[01:33:55] 完成 epoch 4/5 | train_mean_loss=1.231561 | pair_count=0 | mean_epoch_sample_weight=1.5098
[01:33:56] checkpoint 已保存: 2l2r/outputs/2026-04-02_ovd_two_stage_smoke_500/checkpoints/epoch_0004.pt
[01:33:56] 在 val 集上评测 (150 实例)...
[01:33:56]     已评测 150/150...
[01:33:56] val 评测完成 | mean_reward=0.840909 | top1_accuracy=0.320000 | mean_regret=0.037717 | mean_cost=11.997981
[01:33:56] epoch=4 | val | tsp_cost=7.736413 | cvrp_cost=16.259549 | gain_vs_sbp_macro=+0.000000
[01:33:56] val 未提升 | metric=gain_vs_single_best_per_problem | best_selection_score=0.000000 | current_selection_score=0.000000 | best_cost=11.997981 | current_cost=11.997981 | patience=3/5
[01:34:00] epoch=5 | step=108 | batch=20/22 | loss=1.414418 | mean_loss=1.236177 | mean_sample_weight=1.8136 | switch_pos_rate=0.406250
[01:34:00] epoch=5 | step=110 | batch=22/22 | loss=1.145961 | mean_loss=1.225574 | mean_sample_weight=1.5445 | switch_pos_rate=0.321429
[01:34:00] 完成 epoch 5/5 | train_mean_loss=1.225574 | pair_count=0 | mean_epoch_sample_weight=1.5098
[01:34:00] checkpoint 已保存: 2l2r/outputs/2026-04-02_ovd_two_stage_smoke_500/checkpoints/epoch_0005.pt
[01:34:00] 在 val 集上评测 (150 实例)...
[01:34:01]     已评测 150/150...
[01:34:01] val 评测完成 | mean_reward=0.840909 | top1_accuracy=0.320000 | mean_regret=0.037717 | mean_cost=11.997981
[01:34:01] epoch=5 | val | tsp_cost=7.736413 | cvrp_cost=16.259549 | gain_vs_sbp_macro=+0.000000
[01:34:01] val 未提升 | metric=gain_vs_single_best_per_problem | best_selection_score=0.000000 | current_selection_score=0.000000 | best_cost=11.997981 | current_cost=11.997981 | patience=4/5
[01:34:01] 最终 checkpoint 已保存: 2l2r/outputs/2026-04-02_ovd_two_stage_smoke_500/checkpoints/final.pt
[01:34:01] 载入 best checkpoint 做最终评测: 2l2r/outputs/2026-04-02_ovd_two_stage_smoke_500/checkpoints/best.pt
[01:34:01] 在 val 集上评测 (150 实例)...
[01:34:02]     已评测 150/150...
[01:34:02] val 评测完成 | mean_reward=0.840909 | top1_accuracy=0.320000 | mean_regret=0.037717 | mean_cost=11.997981
[01:34:02] 在 test 集上评测 (150 实例)...
[01:34:04]     已评测 150/150...
[01:34:04] test 评测完成 | mean_reward=0.833896 | top1_accuracy=0.306667 | mean_regret=0.047333 | mean_cost=11.752519
[01:34:04] 开始计算 baseline 对比
[01:34:04] baseline 对比完成
[01:34:04] 
======================================================================
  评测结果 | OneVsDefaultTwoStageRanker
======================================================================

  ALL (150 实例):
    mean_reward:    0.8339
    mean_rank:      2.50
    top1_hit_rate:    0.2667  (40/150)
    top2_hit_rate:    0.5667  (85/150)
    top3_hit_rate:    0.7267  (109/150)
    regret:         0.0473
    mean_cost:      11.7525  (模型选择)
    oracle_cost:    11.7052  (每个实例选最好的)

  TSP (75 实例):
    mean_reward:    0.8297
    mean_rank:      2.87
    top1_hit_rate:    0.1467  (11/75)
    top2_hit_rate:    0.4800  (36/75)
    top3_hit_rate:    0.6267  (47/75)
    regret:         0.0133
    mean_cost:      7.8054  (模型选择)
    oracle_cost:    7.7920  (每个实例选最好的)

  CVRP (75 实例):
    mean_reward:    0.8381
    mean_rank:      2.13
    top1_hit_rate:    0.3867  (29/75)
    top2_hit_rate:    0.6533  (49/75)
    top3_hit_rate:    0.8267  (62/75)
    regret:         0.0813
    mean_cost:      15.6997  (模型选择)
    oracle_cost:    15.6183  (每个实例选最好的)

======================================================================
  Baseline 对比 (在同一 test 集上)
======================================================================

  TSP (75 实例):
    oracle mean_cost:                7.7920  (每实例选最好的, 上界)
    模型选择 mean_cost:              7.8054
    single_best_per_problem:         7.8054
    gain vs single_best_per_problem: +0.0000
    single_best_global:              7.8007
    random mean_cost:                10.7566  (均匀随机的期望)

  CVRP (75 实例):
    oracle mean_cost:                15.6183  (每实例选最好的, 上界)
    模型选择 mean_cost:              15.6997
    single_best_per_problem:         15.6997
    gain vs single_best_per_problem: +0.0000
    single_best_global:              15.6997
    random mean_cost:                18.3355  (均匀随机的期望)

======================================================================
  各臂选择分布
======================================================================

  TSP (75 实例):
     3(icam            ):    75 次 (100.0%)

  CVRP (75 实例):
     0(lehd            ):    75 次 (100.0%)

  ALL (150 实例):
     0(lehd            ):    75 次 ( 50.0%)
     3(icam            ):    75 次 ( 50.0%)

======================================================================
  各臂被选后的真实效果
======================================================================

  TSP:
    arm                   count  mean_cost  mean_reward  top1_rate  mean_rank
    ────────────────────────────────────────────────────────────────────
     3(icam            )       75     7.8054       0.8297     0.1467       2.87

  CVRP:
    arm                   count  mean_cost  mean_reward  top1_rate  mean_rank
    ────────────────────────────────────────────────────────────────────
     0(lehd            )       75    15.6997       0.8381     0.3867       2.13

======================================================================
  Oracle 最优臂分布 (test 集上哪个方法最常是最优的)
======================================================================

  TSP (75 实例):
     0(lehd            ):    28 次 ( 37.3%)
     8(pointerformer   ):    21 次 ( 28.0%)
     3(icam            ):    17 次 ( 22.7%)
     1(elg             ):     7 次 (  9.3%)
     9(difusco         ):     2 次 (  2.7%)

  CVRP (75 实例):
     0(lehd            ):    29 次 ( 38.7%)
     3(icam            ):    27 次 ( 36.0%)
     1(elg             ):    16 次 ( 21.3%)
     7(omni            ):     3 次 (  4.0%)

[01:34:04] summary 已写出: 2l2r/outputs/2026-04-02_ovd_two_stage_smoke_500/summary.json

