wandb: Tracking run with wandb version 0.19.11
wandb: W&B syncing is set to `offline` in this directory. Run `wandb online` or set WANDB_MODE=online to enable cloud syncing.
[start] geometry_seed4 updates=1000 batch=640 optimizer=fresh base_lr=2e-5 geometry_lr=2e-4 model_hash=083171ddf1fcdc14bfee0f153bffb4e7e1001a550dd4136fce26ecc01d71bc03
[train updates 0000] top1=0.3934 ce=1.533871 mean_cost=8.008346 vs_sbs=-0.4963% regret=0.6373% gap>0.1_top1=0.4190 gap>0.5_top1=0.4773
[val updates 0000] top1=0.3630 ce=1.657517 mean_cost=7.917969 vs_sbs=-0.5006% regret=0.6118% gap>0.1_top1=0.3893 gap>0.5_top1=0.4360
[train updates 0050] loss=0.60984 grad=0.3053 skipped_total=0 lr_base=2e-05 elapsed=23.3s
[train updates 0050] top1=0.3959 ce=1.531584 mean_cost=8.009248 vs_sbs=-0.4850% regret=0.6543% gap>0.1_top1=0.4207 gap>0.5_top1=0.4789
[val updates 0050] top1=0.3700 ce=1.658781 mean_cost=7.918401 vs_sbs=-0.4951% regret=0.6282% gap>0.1_top1=0.3958 gap>0.5_top1=0.4429
[train updates 0100] loss=0.60891 grad=0.3130 skipped_total=0 lr_base=1.99e-05 elapsed=45.5s
[train updates 0100] top1=0.3973 ce=1.525136 mean_cost=8.008735 vs_sbs=-0.4914% regret=0.6452% gap>0.1_top1=0.4232 gap>0.5_top1=0.4779
[val updates 0100] top1=0.3680 ce=1.654537 mean_cost=7.918379 vs_sbs=-0.4954% regret=0.6196% gap>0.1_top1=0.3906 gap>0.5_top1=0.4464
[train updates 0150] loss=0.60519 grad=0.3388 skipped_total=0 lr_base=1.95e-05 elapsed=67.8s
[train updates 0150] top1=0.3988 ce=1.519214 mean_cost=8.008234 vs_sbs=-0.4977% regret=0.6365% gap>0.1_top1=0.4245 gap>0.5_top1=0.4804
[val updates 0150] top1=0.3670 ce=1.655944 mean_cost=7.917823 vs_sbs=-0.5024% regret=0.6135% gap>0.1_top1=0.3919 gap>0.5_top1=0.4429
[train updates 0200] loss=0.60398 grad=0.3426 skipped_total=0 lr_base=1.89e-05 elapsed=90.1s
[train updates 0200] top1=0.3998 ce=1.513772 mean_cost=8.007516 vs_sbs=-0.5066% regret=0.6272% gap>0.1_top1=0.4256 gap>0.5_top1=0.4817
[val updates 0200] top1=0.3710 ce=1.656418 mean_cost=7.917873 vs_sbs=-0.5018% regret=0.6157% gap>0.1_top1=0.3893 gap>0.5_top1=0.4464
[train updates 0250] loss=0.59970 grad=0.3345 skipped_total=0 lr_base=1.81e-05 elapsed=112.4s
[train updates 0250] top1=0.4009 ce=1.511921 mean_cost=8.007573 vs_sbs=-0.5059% regret=0.6283% gap>0.1_top1=0.4265 gap>0.5_top1=0.4835
[val updates 0250] top1=0.3720 ce=1.667822 mean_cost=7.918868 vs_sbs=-0.4893% regret=0.6266% gap>0.1_top1=0.3932 gap>0.5_top1=0.4394
[train updates 0300] loss=0.60133 grad=0.3405 skipped_total=0 lr_base=1.71e-05 elapsed=134.6s
[train updates 0300] top1=0.4001 ce=1.507889 mean_cost=8.008294 vs_sbs=-0.4969% regret=0.6378% gap>0.1_top1=0.4254 gap>0.5_top1=0.4807
[val updates 0300] top1=0.3670 ce=1.660637 mean_cost=7.919570 vs_sbs=-0.4804% regret=0.6363% gap>0.1_top1=0.3866 gap>0.5_top1=0.4360
[train updates 0350] loss=0.59718 grad=0.3559 skipped_total=0 lr_base=1.59e-05 elapsed=156.9s
[train updates 0350] top1=0.4006 ce=1.505211 mean_cost=8.008253 vs_sbs=-0.4974% regret=0.6383% gap>0.1_top1=0.4260 gap>0.5_top1=0.4835
[val updates 0350] top1=0.3660 ce=1.658718 mean_cost=7.919139 vs_sbs=-0.4859% regret=0.6294% gap>0.1_top1=0.3853 gap>0.5_top1=0.4325
[train updates 0400] loss=0.59641 grad=0.3795 skipped_total=0 lr_base=1.46e-05 elapsed=179.2s
[train updates 0400] top1=0.4046 ce=1.500607 mean_cost=8.006628 vs_sbs=-0.5176% regret=0.6178% gap>0.1_top1=0.4299 gap>0.5_top1=0.4907
[val updates 0400] top1=0.3750 ce=1.661188 mean_cost=7.916472 vs_sbs=-0.5194% regret=0.5943% gap>0.1_top1=0.3919 gap>0.5_top1=0.4291
[train updates 0450] loss=0.59596 grad=0.3937 skipped_total=0 lr_base=1.32e-05 elapsed=201.5s
[train updates 0450] top1=0.4059 ce=1.497552 mean_cost=8.007127 vs_sbs=-0.5114% regret=0.6228% gap>0.1_top1=0.4312 gap>0.5_top1=0.4894
[val updates 0450] top1=0.3730 ce=1.663757 mean_cost=7.918778 vs_sbs=-0.4904% regret=0.6234% gap>0.1_top1=0.3919 gap>0.5_top1=0.4325
[train updates 0500] loss=0.59389 grad=0.4163 skipped_total=0 lr_base=1.17e-05 elapsed=223.8s
[train updates 0500] top1=0.4058 ce=1.493049 mean_cost=8.006391 vs_sbs=-0.5206% regret=0.6118% gap>0.1_top1=0.4318 gap>0.5_top1=0.4891
[val updates 0500] top1=0.3710 ce=1.663344 mean_cost=7.916314 vs_sbs=-0.5214% regret=0.5893% gap>0.1_top1=0.3932 gap>0.5_top1=0.4394
[train updates 0550] loss=0.59352 grad=0.3993 skipped_total=0 lr_base=1.03e-05 elapsed=246.0s
[train updates 0550] top1=0.4078 ce=1.490674 mean_cost=8.006323 vs_sbs=-0.5214% regret=0.6101% gap>0.1_top1=0.4331 gap>0.5_top1=0.4907
[val updates 0550] top1=0.3720 ce=1.663208 mean_cost=7.917844 vs_sbs=-0.5021% regret=0.6064% gap>0.1_top1=0.3932 gap>0.5_top1=0.4291
[train updates 0600] loss=0.59230 grad=0.4160 skipped_total=0 lr_base=8.79e-06 elapsed=268.3s
[train updates 0600] top1=0.4080 ce=1.489728 mean_cost=8.006748 vs_sbs=-0.5161% regret=0.6194% gap>0.1_top1=0.4336 gap>0.5_top1=0.4919
[val updates 0600] top1=0.3760 ce=1.664440 mean_cost=7.916334 vs_sbs=-0.5211% regret=0.5921% gap>0.1_top1=0.3945 gap>0.5_top1=0.4394
[train updates 0650] loss=0.59128 grad=0.4214 skipped_total=0 lr_base=7.38e-06 elapsed=290.6s
[train updates 0650] top1=0.4082 ce=1.487858 mean_cost=8.007033 vs_sbs=-0.5126% regret=0.6219% gap>0.1_top1=0.4334 gap>0.5_top1=0.4907
[val updates 0650] top1=0.3720 ce=1.666335 mean_cost=7.918794 vs_sbs=-0.4902% regret=0.6209% gap>0.1_top1=0.3919 gap>0.5_top1=0.4394
[train updates 0700] loss=0.59035 grad=0.4013 skipped_total=0 lr_base=6.08e-06 elapsed=312.9s
[train updates 0700] top1=0.4078 ce=1.485410 mean_cost=8.006636 vs_sbs=-0.5175% regret=0.6162% gap>0.1_top1=0.4317 gap>0.5_top1=0.4876
[val updates 0700] top1=0.3750 ce=1.662461 mean_cost=7.917056 vs_sbs=-0.5120% regret=0.5982% gap>0.1_top1=0.3932 gap>0.5_top1=0.4429
[train updates 0750] loss=0.59018 grad=0.3953 skipped_total=0 lr_base=4.9e-06 elapsed=335.1s
[train updates 0750] top1=0.4092 ce=1.485029 mean_cost=8.006944 vs_sbs=-0.5137% regret=0.6210% gap>0.1_top1=0.4335 gap>0.5_top1=0.4913
[val updates 0750] top1=0.3730 ce=1.667063 mean_cost=7.917264 vs_sbs=-0.5094% regret=0.6017% gap>0.1_top1=0.3932 gap>0.5_top1=0.4360
[train updates 0800] loss=0.59005 grad=0.4174 skipped_total=0 lr_base=3.9e-06 elapsed=357.4s
[train updates 0800] top1=0.4085 ce=1.483517 mean_cost=8.006782 vs_sbs=-0.5157% regret=0.6184% gap>0.1_top1=0.4329 gap>0.5_top1=0.4894
[val updates 0800] top1=0.3720 ce=1.665750 mean_cost=7.917526 vs_sbs=-0.5061% regret=0.6054% gap>0.1_top1=0.3919 gap>0.5_top1=0.4394
[train updates 0850] loss=0.58902 grad=0.4308 skipped_total=0 lr_base=3.08e-06 elapsed=379.7s
[train updates 0850] top1=0.4082 ce=1.482601 mean_cost=8.006904 vs_sbs=-0.5142% regret=0.6210% gap>0.1_top1=0.4326 gap>0.5_top1=0.4894
[val updates 0850] top1=0.3770 ce=1.665776 mean_cost=7.917760 vs_sbs=-0.5032% regret=0.6077% gap>0.1_top1=0.3958 gap>0.5_top1=0.4464
[train updates 0900] loss=0.58856 grad=0.4158 skipped_total=0 lr_base=2.49e-06 elapsed=402.0s
[train updates 0900] top1=0.4083 ce=1.482813 mean_cost=8.006972 vs_sbs=-0.5133% regret=0.6213% gap>0.1_top1=0.4319 gap>0.5_top1=0.4891
[val updates 0900] top1=0.3750 ce=1.667069 mean_cost=7.917908 vs_sbs=-0.5013% regret=0.6112% gap>0.1_top1=0.3945 gap>0.5_top1=0.4394
[train updates 0950] loss=0.58884 grad=0.4328 skipped_total=0 lr_base=2.12e-06 elapsed=424.3s
[train updates 0950] top1=0.4089 ce=1.482695 mean_cost=8.007198 vs_sbs=-0.5105% regret=0.6241% gap>0.1_top1=0.4330 gap>0.5_top1=0.4891
[val updates 0950] top1=0.3720 ce=1.669238 mean_cost=7.918182 vs_sbs=-0.4979% regret=0.6137% gap>0.1_top1=0.3919 gap>0.5_top1=0.4325
[train updates 1000] loss=0.58774 grad=0.4093 skipped_total=0 lr_base=2e-06 elapsed=446.5s
[train updates 1000] top1=0.4086 ce=1.482076 mean_cost=8.006864 vs_sbs=-0.5147% regret=0.6191% gap>0.1_top1=0.4321 gap>0.5_top1=0.4873
[val updates 1000] top1=0.3760 ce=1.669530 mean_cost=7.917948 vs_sbs=-0.5008% regret=0.6119% gap>0.1_top1=0.3958 gap>0.5_top1=0.4394
wandb:                                                                                
wandb: 
wandb: Run history:
wandb:            train/actual_regret_pct ▅█▇▅▄▄▅▅▂▃▁▁▂▃▂▃▂▃▃▃▂
wandb:                           train/ce ██▇▆▅▅▄▄▄▃▂▂▂▂▁▁▁▁▁▁▁
wandb: train/gap_gt_0_1_actual_regret_pct ▅█▆▅▄▄▆▆▂▃▁▁▂▃▂▃▂▃▃▃▂
wandb:              train/gap_gt_0_1_top1 ▁▂▃▄▄▅▄▄▆▇▇███▇███▇█▇
wandb: train/gap_gt_0_5_actual_regret_pct ▆█▇▆▆▅▇▆▁▄▂▁▁▂▁▂▁▂▁▃▁
wandb:              train/gap_gt_0_5_top1 ▁▂▁▂▃▄▃▄▇▇▇▇█▇▆█▇▇▇▇▆
wandb:                    train/mean_cost ▆█▇▆▄▄▆▆▂▃▁▁▂▃▂▂▂▂▃▃▂
wandb:                         train/top1 ▁▂▃▃▄▄▄▄▆▇▆▇▇█▇██████
wandb:                   train/vs_sbs_pct ▆█▇▆▄▄▆▆▂▃▁▁▂▃▂▂▂▂▃▃▂
wandb:              val/actual_regret_pct ▄▇▆▅▅▇█▇▂▆▁▄▁▆▂▃▃▄▄▅▄
wandb:                             val/ce ▂▃▁▂▂▇▄▃▄▅▅▅▆▇▅▇▆▆▇██
wandb:   val/gap_gt_0_1_actual_regret_pct ▆▇▇▆▅▆█▇▂▆▁▅▁▆▂▃▄▄▄▅▅
wandb:                val/gap_gt_0_1_top1 ▄█▅▅▄▆▂▁▅▅▆▆▇▅▆▆▅█▇▅█
wandb:   val/gap_gt_0_5_actual_regret_pct ▄▅▇▆▅▇█▇▄▇▁▅▁▅▁▂▃▂▃▄▄
wandb:                val/gap_gt_0_5_top1 ▄▇█▇█▅▄▂▁▂▅▁▅▅▇▄▅█▅▂▅
wandb:                      val/mean_cost ▅▅▅▄▄▆█▇▁▆▁▄▁▆▃▃▄▄▄▅▅
wandb:                           val/top1 ▁▅▃▃▅▆▃▂▇▆▅▆▇▆▇▆▆█▇▆▇
wandb:                     val/vs_sbs_pct ▅▅▅▄▄▆█▇▁▆▁▄▁▆▃▃▄▄▄▅▅
wandb: 
wandb: Run summary:
wandb:                     final_val_top1 0.376
wandb:            train/actual_regret_pct 0.61913
wandb:                           train/ce 1.48208
wandb: train/gap_gt_0_1_actual_regret_pct 0.69567
wandb:              train/gap_gt_0_1_top1 0.43208
wandb: train/gap_gt_0_5_actual_regret_pct 0.85617
wandb:              train/gap_gt_0_5_top1 0.48725
wandb:                    train/mean_cost 8.00686
wandb:                         train/top1 0.4086
wandb:                   train/vs_sbs_pct -0.51467
wandb:                            updates 1000
wandb:              val/actual_regret_pct 0.61185
wandb:                             val/ce 1.66953
wandb:   val/gap_gt_0_1_actual_regret_pct 0.70441
wandb:                val/gap_gt_0_1_top1 0.39581
wandb:   val/gap_gt_0_5_actual_regret_pct 0.90027
wandb:                val/gap_gt_0_5_top1 0.43945
wandb:                      val/mean_cost 7.91795
wandb:                           val/top1 0.376
wandb:                     val/vs_sbs_pct -0.50082
wandb: 
wandb: You can sync this run to the cloud by running:
wandb: wandb sync code/V4/runs/R37_tsp_local_geometry/geometry_seed4/wandb/offline-run-20260930_144521-90m9zws8
wandb: Find logs at: code/V4/runs/R37_tsp_local_geometry/geometry_seed4/wandb/offline-run-20260930_144521-90m9zws8/logs
[done] geometry_seed4 updates=1000 val_top1=0.3760
