wandb: Tracking run with wandb version 0.19.11
wandb: W&B syncing is set to `offline` in this directory. Run `wandb online` or set WANDB_MODE=online to enable cloud syncing.
[start] joint_seed3 checkpoint_epoch=50 lr=2e-05 tasks=['TSP', 'CVRP', 'ATSP', 'OVRP', 'VRPB', 'VRPL', 'VRPTW', 'OVRPTW', 'OVRPB', 'OVRPL', 'VRPBL', 'VRPBTW', 'VRPLTW', 'OVRPBL', 'OVRPBTW', 'OVRPLTW', 'VRPBLTW', 'OVRPBLTW']
[train TSP updates 000] ce=1.533871 top1=0.3934 top2=0.6333 top3=0.7741 mean_cost=8.008346 vs_sbs=-0.4963% n=10000 total_updates=0
[val TSP updates 000] ce=1.657517 top1=0.3630 top2=0.5950 top3=0.7460 mean_cost=7.917969 vs_sbs=-0.5006% n=1000 total_updates=0
[progress] joint_seed3 TSP=10/300 total=180 skipped=0 lr=2e-05 elapsed=0.30m
[progress] joint_seed3 TSP=20/300 total=360 skipped=0 lr=2e-05 elapsed=0.53m
[progress] joint_seed3 TSP=30/300 total=540 skipped=0 lr=2e-05 elapsed=0.76m
[train TSP updates 030] ce=1.534228 top1=0.3923 top2=0.6317 top3=0.7764 mean_cost=8.008465 vs_sbs=-0.4948% n=10000 total_updates=540
[val TSP updates 030] ce=1.661172 top1=0.3610 top2=0.5960 top3=0.7460 mean_cost=7.917827 vs_sbs=-0.5024% n=1000 total_updates=540
[progress] joint_seed3 TSP=40/300 total=720 skipped=0 lr=2e-05 elapsed=1.05m
[progress] joint_seed3 TSP=50/300 total=900 skipped=0 lr=2e-05 elapsed=1.28m
[progress] joint_seed3 TSP=60/300 total=1080 skipped=0 lr=2e-05 elapsed=1.52m
[train TSP updates 060] ce=1.534734 top1=0.3928 top2=0.6355 top3=0.7755 mean_cost=8.010881 vs_sbs=-0.4648% n=10000 total_updates=1080
[val TSP updates 060] ce=1.662271 top1=0.3650 top2=0.6070 top3=0.7550 mean_cost=7.919619 vs_sbs=-0.4798% n=1000 total_updates=1080
[progress] joint_seed3 TSP=70/300 total=1260 skipped=0 lr=2e-05 elapsed=1.80m
[progress] joint_seed3 TSP=80/300 total=1440 skipped=0 lr=2e-05 elapsed=2.04m
[progress] joint_seed3 TSP=90/300 total=1620 skipped=0 lr=2e-05 elapsed=2.27m
[train TSP updates 090] ce=1.530484 top1=0.3939 top2=0.6363 top3=0.7757 mean_cost=8.009107 vs_sbs=-0.4868% n=10000 total_updates=1620
[val TSP updates 090] ce=1.659938 top1=0.3680 top2=0.5980 top3=0.7530 mean_cost=7.918288 vs_sbs=-0.4966% n=1000 total_updates=1620
[progress] joint_seed3 TSP=100/300 total=1800 skipped=0 lr=2e-05 elapsed=2.56m
[progress] joint_seed3 TSP=110/300 total=1980 skipped=0 lr=2e-05 elapsed=2.79m
[progress] joint_seed3 TSP=120/300 total=2160 skipped=0 lr=2e-05 elapsed=3.03m
[train TSP updates 120] ce=1.532217 top1=0.3944 top2=0.6353 top3=0.7772 mean_cost=8.009381 vs_sbs=-0.4834% n=10000 total_updates=2160
[val TSP updates 120] ce=1.665648 top1=0.3660 top2=0.5960 top3=0.7520 mean_cost=7.918248 vs_sbs=-0.4971% n=1000 total_updates=2160
[AMP retry] attempt=1 scale=262144->131072
[progress] joint_seed3 TSP=130/300 total=2340 skipped=1 lr=2e-05 elapsed=3.33m
[progress] joint_seed3 TSP=140/300 total=2520 skipped=1 lr=2e-05 elapsed=3.56m
[progress] joint_seed3 TSP=150/300 total=2700 skipped=1 lr=2e-05 elapsed=3.80m
[train TSP updates 150] ce=1.528695 top1=0.3945 top2=0.6361 top3=0.7767 mean_cost=8.009896 vs_sbs=-0.4770% n=10000 total_updates=2700
[val TSP updates 150] ce=1.656475 top1=0.3650 top2=0.6010 top3=0.7610 mean_cost=7.919402 vs_sbs=-0.4826% n=1000 total_updates=2700
[progress] joint_seed3 TSP=160/300 total=2880 skipped=1 lr=2e-05 elapsed=4.08m
[progress] joint_seed3 TSP=170/300 total=3060 skipped=1 lr=2e-05 elapsed=4.32m
[progress] joint_seed3 TSP=180/300 total=3240 skipped=1 lr=2e-05 elapsed=4.55m
[train TSP updates 180] ce=1.527266 top1=0.3954 top2=0.6367 top3=0.7770 mean_cost=8.008498 vs_sbs=-0.4944% n=10000 total_updates=3240
[val TSP updates 180] ce=1.656838 top1=0.3680 top2=0.5980 top3=0.7520 mean_cost=7.917384 vs_sbs=-0.5079% n=1000 total_updates=3240
[progress] joint_seed3 TSP=190/300 total=3420 skipped=1 lr=2e-05 elapsed=4.84m
[progress] joint_seed3 TSP=200/300 total=3600 skipped=1 lr=2e-05 elapsed=5.07m
[progress] joint_seed3 TSP=210/300 total=3780 skipped=1 lr=2e-05 elapsed=5.30m
[train TSP updates 210] ce=1.526623 top1=0.3951 top2=0.6376 top3=0.7766 mean_cost=8.009453 vs_sbs=-0.4825% n=10000 total_updates=3780
[val TSP updates 210] ce=1.660243 top1=0.3660 top2=0.5930 top3=0.7550 mean_cost=7.918593 vs_sbs=-0.4927% n=1000 total_updates=3780
[progress] joint_seed3 TSP=220/300 total=3960 skipped=1 lr=2e-05 elapsed=5.59m
[progress] joint_seed3 TSP=230/300 total=4140 skipped=1 lr=2e-05 elapsed=5.82m
[AMP retry] attempt=1 scale=262144->131072
[progress] joint_seed3 TSP=240/300 total=4320 skipped=2 lr=2e-05 elapsed=6.05m
[train TSP updates 240] ce=1.525888 top1=0.3958 top2=0.6360 top3=0.7779 mean_cost=8.008198 vs_sbs=-0.4981% n=10000 total_updates=4320
[val TSP updates 240] ce=1.659604 top1=0.3590 top2=0.5890 top3=0.7540 mean_cost=7.918651 vs_sbs=-0.4920% n=1000 total_updates=4320
[progress] joint_seed3 TSP=250/300 total=4500 skipped=2 lr=2e-05 elapsed=6.34m
[progress] joint_seed3 TSP=260/300 total=4680 skipped=2 lr=2e-05 elapsed=6.57m
[progress] joint_seed3 TSP=270/300 total=4860 skipped=2 lr=2e-05 elapsed=6.81m
[train TSP updates 270] ce=1.525126 top1=0.3964 top2=0.6372 top3=0.7788 mean_cost=8.008010 vs_sbs=-0.5004% n=10000 total_updates=4860
[val TSP updates 270] ce=1.660885 top1=0.3640 top2=0.5970 top3=0.7500 mean_cost=7.917290 vs_sbs=-0.5091% n=1000 total_updates=4860
[progress] joint_seed3 TSP=280/300 total=5040 skipped=2 lr=2e-05 elapsed=7.10m
[progress] joint_seed3 TSP=290/300 total=5220 skipped=2 lr=2e-05 elapsed=7.33m
[progress] joint_seed3 TSP=300/300 total=5400 skipped=2 lr=2e-05 elapsed=7.56m
[train TSP updates 300] ce=1.524057 top1=0.3974 top2=0.6375 top3=0.7766 mean_cost=8.008567 vs_sbs=-0.4935% n=10000 total_updates=5400
[val TSP updates 300] ce=1.660252 top1=0.3610 top2=0.5900 top3=0.7510 mean_cost=7.918280 vs_sbs=-0.4966% n=1000 total_updates=5400
wandb:                                                                                
wandb: 
wandb: Run history:
wandb:         train/ce ▇██▅▆▄▃▃▂▂▁
wandb:  train/mean_cost ▂▂█▄▄▆▂▅▁▁▂
wandb:       train/top1 ▃▁▂▃▄▄▅▅▆▇█
wandb:       train/top2 ▃▁▆▆▅▆▇█▆██
wandb:       train/top3 ▁▄▃▃▆▅▅▅▇█▅
wandb: train/vs_sbs_pct ▂▂█▄▄▆▂▅▁▁▂
wandb:           val/ce ▂▅▅▄█▁▁▄▃▄▄
wandb:    val/mean_cost ▃▃█▄▄▇▁▅▅▁▄
wandb:         val/top1 ▄▃▆█▆▆█▆▁▅▃
wandb:         val/top2 ▃▄█▅▄▆▅▃▁▄▁
wandb:         val/top3 ▁▁▅▄▄█▄▅▅▃▃
wandb:   val/vs_sbs_pct ▃▃█▄▄▇▁▅▅▁▄
wandb: 
wandb: Run summary:
wandb:         train/ce 1.52406
wandb:  train/mean_cost 8.00857
wandb:       train/top1 0.3974
wandb:       train/top2 0.6375
wandb:       train/top3 0.7766
wandb: train/vs_sbs_pct -0.49351
wandb:           val/ce 1.66025
wandb:    val/mean_cost 7.91828
wandb:         val/top1 0.361
wandb:         val/top2 0.59
wandb:         val/top3 0.751
wandb:   val/vs_sbs_pct -0.49665
wandb: 
wandb: You can sync this run to the cloud by running:
wandb: wandb sync code/V4/runs/R35_multitask_probe/joint_seed3/wandb/offline-run-20260930_115607-8hkud05s
wandb: Find logs at: code/V4/runs/R35_multitask_probe/joint_seed3/wandb/offline-run-20260930_115607-8hkud05s/logs
[done] joint_seed3 TSP=300 total=5400
