[11:18:30] 实验开始，输出目录: /public/home/zhoucl/shiys/2cmab2/outputs/2026-04-02-11-17-56_nss_neural_linucb_server
[11:18:30] 开始构建共享数据集 | data_source=nss | arm数=9
[11:18:30] 使用 NSS 数据源: /public/home/zhoucl/shiys/9nss论文/neural-solver-selection/datasets
[11:18:30] 开始构建 NSS train split
[11:18:31] NSS split=train problem=tsp 原始样本数=10000，实际使用=10000
[11:19:38] NSS split=train problem=cvrp 原始样本数=10000，实际使用=10000
[11:20:59] 开始构建 NSS val split
[11:20:59] NSS split=val problem=tsp 原始样本数=1000，实际使用=1000
[11:21:06] NSS split=val problem=cvrp 原始样本数=1000，实际使用=1000
[11:21:13] 开始构建 NSS test split
[11:21:13] NSS split=test problem=tsp 原始样本数=1000，实际使用=1000
[11:21:20] NSS split=test problem=cvrp 原始样本数=1000，实际使用=1000
[11:21:28] NSS 数据集构建完成: train=20000, val=2000, test=2000
[11:21:28] 数据集构建完成，样本总数=24000
[11:21:28] 检测到数据源自带 train/val/test split，直接使用预定义划分
[11:21:28] 数据切分完成: train=20000, val=2000, test=2000
[11:21:28] 开始构造 selector: neural_linucb
[11:21:28] selector 构造完成: NeuralLinUCB
[11:21:28] 已开启 checkpoint 自动保存: 每 1000 个 step 保存一次
[11:21:28] 已开启周期性验证: 每 1000 个 step 在 val 集评测一次
[11:21:28] 开始训练 epoch 1/1 [NeuralLinUCB]
[11:24:18] checkpoint 已保存: /public/home/zhoucl/shiys/2cmab2/outputs/2026-04-02-11-17-56_nss_neural_linucb_server/checkpoints/step_0001000.pt
[11:24:36] step=1000 | periodic val_greedy | mean_reward=0.668708 | top1=0.354500 | mean_regret=0.165209 | mean_cost=13.189180 || val_ucb: mean_reward=0.638667 | top1=0.309000 | mean_regret=0.209691 | mean_cost=13.233663
[11:24:36] best checkpoint 已刷新: step=1000 | metric=val_greedy.overall.mean_cost=13.189180 | path=/public/home/zhoucl/shiys/2cmab2/outputs/2026-04-02-11-17-56_nss_neural_linucb_server/checkpoints/best.pt
[11:32:11] checkpoint 已保存: /public/home/zhoucl/shiys/2cmab2/outputs/2026-04-02-11-17-56_nss_neural_linucb_server/checkpoints/step_0002000.pt
[11:32:29] step=2000 | periodic val_greedy | mean_reward=0.690250 | top1=0.386500 | mean_regret=0.128632 | mean_cost=13.152603 || val_ucb: mean_reward=0.688792 | top1=0.389500 | mean_regret=0.136021 | mean_cost=13.159992
[11:32:29] best checkpoint 已刷新: step=2000 | metric=val_greedy.overall.mean_cost=13.152603 | path=/public/home/zhoucl/shiys/2cmab2/outputs/2026-04-02-11-17-56_nss_neural_linucb_server/checkpoints/best.pt
[11:44:53] checkpoint 已保存: /public/home/zhoucl/shiys/2cmab2/outputs/2026-04-02-11-17-56_nss_neural_linucb_server/checkpoints/step_0003000.pt
[11:45:13] step=3000 | periodic val_greedy | mean_reward=0.718125 | top1=0.425000 | mean_regret=0.099576 | mean_cost=13.123547 || val_ucb: mean_reward=0.719417 | top1=0.428500 | mean_regret=0.104638 | mean_cost=13.128610
[11:45:13] best checkpoint 已刷新: step=3000 | metric=val_greedy.overall.mean_cost=13.123547 | path=/public/home/zhoucl/shiys/2cmab2/outputs/2026-04-02-11-17-56_nss_neural_linucb_server/checkpoints/best.pt
[12:02:24] checkpoint 已保存: /public/home/zhoucl/shiys/2cmab2/outputs/2026-04-02-11-17-56_nss_neural_linucb_server/checkpoints/step_0004000.pt
[12:02:42] step=4000 | periodic val_greedy | mean_reward=0.728667 | top1=0.426500 | mean_regret=0.097372 | mean_cost=13.121344 || val_ucb: mean_reward=0.726333 | top1=0.431500 | mean_regret=0.102054 | mean_cost=13.126025
[12:02:42] best checkpoint 已刷新: step=4000 | metric=val_greedy.overall.mean_cost=13.121344 | path=/public/home/zhoucl/shiys/2cmab2/outputs/2026-04-02-11-17-56_nss_neural_linucb_server/checkpoints/best.pt
[12:24:38] checkpoint 已保存: /public/home/zhoucl/shiys/2cmab2/outputs/2026-04-02-11-17-56_nss_neural_linucb_server/checkpoints/step_0005000.pt
[12:24:58] step=5000 | periodic val_greedy | mean_reward=0.748250 | top1=0.431000 | mean_regret=0.087986 | mean_cost=13.111958 || val_ucb: mean_reward=0.747542 | top1=0.437000 | mean_regret=0.089388 | mean_cost=13.113360
[12:24:58] best checkpoint 已刷新: step=5000 | metric=val_greedy.overall.mean_cost=13.111958 | path=/public/home/zhoucl/shiys/2cmab2/outputs/2026-04-02-11-17-56_nss_neural_linucb_server/checkpoints/best.pt
[12:49:49] checkpoint 已保存: /public/home/zhoucl/shiys/2cmab2/outputs/2026-04-02-11-17-56_nss_neural_linucb_server/checkpoints/step_0006000.pt
[12:50:07] step=6000 | periodic val_greedy | mean_reward=0.747417 | top1=0.435000 | mean_regret=0.086245 | mean_cost=13.110217 || val_ucb: mean_reward=0.746458 | top1=0.443000 | mean_regret=0.088476 | mean_cost=13.112447
[12:50:07] best checkpoint 已刷新: step=6000 | metric=val_greedy.overall.mean_cost=13.110217 | path=/public/home/zhoucl/shiys/2cmab2/outputs/2026-04-02-11-17-56_nss_neural_linucb_server/checkpoints/best.pt
[13:15:43] checkpoint 已保存: /public/home/zhoucl/shiys/2cmab2/outputs/2026-04-02-11-17-56_nss_neural_linucb_server/checkpoints/step_0007000.pt
[13:16:00] step=7000 | periodic val_greedy | mean_reward=0.735875 | top1=0.425000 | mean_regret=0.094952 | mean_cost=13.118924 || val_ucb: mean_reward=0.735917 | top1=0.428000 | mean_regret=0.096038 | mean_cost=13.120010
[13:41:48] checkpoint 已保存: /public/home/zhoucl/shiys/2cmab2/outputs/2026-04-02-11-17-56_nss_neural_linucb_server/checkpoints/step_0008000.pt
[13:42:07] step=8000 | periodic val_greedy | mean_reward=0.748208 | top1=0.433000 | mean_regret=0.086461 | mean_cost=13.110432 || val_ucb: mean_reward=0.746708 | top1=0.431000 | mean_regret=0.088581 | mean_cost=13.112552
[14:07:59] checkpoint 已保存: /public/home/zhoucl/shiys/2cmab2/outputs/2026-04-02-11-17-56_nss_neural_linucb_server/checkpoints/step_0009000.pt
[14:08:17] step=9000 | periodic val_greedy | mean_reward=0.749833 | top1=0.434000 | mean_regret=0.087475 | mean_cost=13.111447 || val_ucb: mean_reward=0.743333 | top1=0.427500 | mean_regret=0.091562 | mean_cost=13.115534
[14:34:50] checkpoint 已保存: /public/home/zhoucl/shiys/2cmab2/outputs/2026-04-02-11-17-56_nss_neural_linucb_server/checkpoints/step_0010000.pt
[14:35:08] step=10000 | periodic val_greedy | mean_reward=0.746875 | top1=0.441500 | mean_regret=0.088027 | mean_cost=13.111998 || val_ucb: mean_reward=0.747125 | top1=0.441500 | mean_regret=0.089820 | mean_cost=13.113792
[15:01:59] checkpoint 已保存: /public/home/zhoucl/shiys/2cmab2/outputs/2026-04-02-11-17-56_nss_neural_linucb_server/checkpoints/step_0011000.pt
[15:02:16] step=11000 | periodic val_greedy | mean_reward=0.748250 | top1=0.437000 | mean_regret=0.087498 | mean_cost=13.111469 || val_ucb: mean_reward=0.743625 | top1=0.429000 | mean_regret=0.091136 | mean_cost=13.115107
[15:29:18] checkpoint 已保存: /public/home/zhoucl/shiys/2cmab2/outputs/2026-04-02-11-17-56_nss_neural_linucb_server/checkpoints/step_0012000.pt
[15:29:36] step=12000 | periodic val_greedy | mean_reward=0.747208 | top1=0.436500 | mean_regret=0.090334 | mean_cost=13.114306 || val_ucb: mean_reward=0.748833 | top1=0.440500 | mean_regret=0.089593 | mean_cost=13.113565
[15:56:36] checkpoint 已保存: /public/home/zhoucl/shiys/2cmab2/outputs/2026-04-02-11-17-56_nss_neural_linucb_server/checkpoints/step_0013000.pt
[15:56:55] step=13000 | periodic val_greedy | mean_reward=0.744167 | top1=0.433500 | mean_regret=0.089932 | mean_cost=13.113903 || val_ucb: mean_reward=0.747250 | top1=0.442500 | mean_regret=0.089916 | mean_cost=13.113887
[16:23:54] checkpoint 已保存: /public/home/zhoucl/shiys/2cmab2/outputs/2026-04-02-11-17-56_nss_neural_linucb_server/checkpoints/step_0014000.pt
[16:24:11] step=14000 | periodic val_greedy | mean_reward=0.745000 | top1=0.434000 | mean_regret=0.090745 | mean_cost=13.114717 || val_ucb: mean_reward=0.743375 | top1=0.426500 | mean_regret=0.091639 | mean_cost=13.115611
[16:51:25] checkpoint 已保存: /public/home/zhoucl/shiys/2cmab2/outputs/2026-04-02-11-17-56_nss_neural_linucb_server/checkpoints/step_0015000.pt
[16:51:42] step=15000 | periodic val_greedy | mean_reward=0.741458 | top1=0.425000 | mean_regret=0.090691 | mean_cost=13.114662 || val_ucb: mean_reward=0.739292 | top1=0.424000 | mean_regret=0.091826 | mean_cost=13.115797
[17:18:35] checkpoint 已保存: /public/home/zhoucl/shiys/2cmab2/outputs/2026-04-02-11-17-56_nss_neural_linucb_server/checkpoints/step_0016000.pt
[17:18:53] step=16000 | periodic val_greedy | mean_reward=0.737542 | top1=0.433000 | mean_regret=0.093926 | mean_cost=13.117898 || val_ucb: mean_reward=0.736042 | top1=0.427000 | mean_regret=0.094502 | mean_cost=13.118473
[17:45:50] checkpoint 已保存: /public/home/zhoucl/shiys/2cmab2/outputs/2026-04-02-11-17-56_nss_neural_linucb_server/checkpoints/step_0017000.pt
[17:46:09] step=17000 | periodic val_greedy | mean_reward=0.734042 | top1=0.432500 | mean_regret=0.095652 | mean_cost=13.119624 || val_ucb: mean_reward=0.728083 | top1=0.422000 | mean_regret=0.100295 | mean_cost=13.124267
[18:13:02] checkpoint 已保存: /public/home/zhoucl/shiys/2cmab2/outputs/2026-04-02-11-17-56_nss_neural_linucb_server/checkpoints/step_0018000.pt
[18:13:20] step=18000 | periodic val_greedy | mean_reward=0.734375 | top1=0.415500 | mean_regret=0.098633 | mean_cost=13.122604 || val_ucb: mean_reward=0.728500 | top1=0.412500 | mean_regret=0.101413 | mean_cost=13.125385
[18:40:07] checkpoint 已保存: /public/home/zhoucl/shiys/2cmab2/outputs/2026-04-02-11-17-56_nss_neural_linucb_server/checkpoints/step_0019000.pt
[18:40:26] step=19000 | periodic val_greedy | mean_reward=0.769500 | top1=0.452500 | mean_regret=0.081032 | mean_cost=13.105003 || val_ucb: mean_reward=0.763250 | top1=0.447500 | mean_regret=0.085441 | mean_cost=13.109412
[18:40:26] best checkpoint 已刷新: step=19000 | metric=val_greedy.overall.mean_cost=13.105003 | path=/public/home/zhoucl/shiys/2cmab2/outputs/2026-04-02-11-17-56_nss_neural_linucb_server/checkpoints/best.pt
[19:07:14] checkpoint 已保存: /public/home/zhoucl/shiys/2cmab2/outputs/2026-04-02-11-17-56_nss_neural_linucb_server/checkpoints/step_0020000.pt
[19:07:31] step=20000 | periodic val_greedy | mean_reward=0.765375 | top1=0.439500 | mean_regret=0.088263 | mean_cost=13.112234 || val_ucb: mean_reward=0.755625 | top1=0.417000 | mean_regret=0.092346 | mean_cost=13.116317
[19:07:31] 完成训练 epoch 1/1 [NeuralLinUCB]
[19:07:32] 最终评测前已恢复 best checkpoint: step=19000 | metric=val_greedy.overall.mean_cost=13.105003 | path=/public/home/zhoucl/shiys/2cmab2/outputs/2026-04-02-11-17-56_nss_neural_linucb_server/checkpoints/best.pt
[19:07:32] 开始 selector 验证/测试评测
[19:07:32] 在 val 集上评测 (2000 实例, mode=greedy)...
[19:07:34]     已评测 500/2000...
[19:07:36]     已评测 1000/2000...
[19:07:39]     已评测 1500/2000...
[19:07:41]     已评测 2000/2000...
[19:07:41] val 评测完成 | mode=greedy | mean_reward=0.769500 | top1_accuracy=0.452500 | mean_regret=0.081032 | mean_cost=13.105003
[19:07:41] 在 test 集上评测 (2000 实例, mode=greedy)...
[19:07:44]     已评测 500/2000...
[19:07:46]     已评测 1000/2000...
[19:07:48]     已评测 1500/2000...
[19:07:51]     已评测 2000/2000...
[19:07:51] test 评测完成 | mode=greedy | mean_reward=0.765458 | top1_accuracy=0.441000 | mean_regret=0.088564 | mean_cost=13.207626
[19:07:51] 在 val 集上评测 (2000 实例, mode=ucb)...
[19:07:53]     已评测 500/2000...
[19:07:55]     已评测 1000/2000...
[19:07:58]     已评测 1500/2000...
[19:08:00]     已评测 2000/2000...
[19:08:00] val 评测完成 | mode=ucb | mean_reward=0.763250 | top1_accuracy=0.447500 | mean_regret=0.085441 | mean_cost=13.109412
[19:08:00] 在 test 集上评测 (2000 实例, mode=ucb)...
[19:08:02]     已评测 500/2000...
[19:08:05]     已评测 1000/2000...
[19:08:07]     已评测 1500/2000...
[19:08:09]     已评测 2000/2000...
[19:08:09] test 评测完成 | mode=ucb | mean_reward=0.761292 | top1_accuracy=0.431500 | mean_regret=0.090771 | mean_cost=13.209833
[19:08:09] selector 验证/测试评测完成
[19:08:09] 开始计算 baseline 对比
[19:08:10] baseline 对比完成
[19:08:10] 
======================================================================
  评测结果 | NeuralLinUCB | mode=greedy
======================================================================

  ALL (2000 实例):
    mean_reward:    0.7655
    mean_rank:      2.22
    top1_hit_rate:    0.4395  (879/2000)
    top2_hit_rate:    0.6830  (1366/2000)
    top3_hit_rate:    0.8150  (1630/2000)
    regret:         0.0886
    mean_cost:      13.2076  (模型选择)
    oracle_cost:    13.1191  (每个实例选最好的)

  TSP (1000 实例):
    mean_reward:    0.7192
    mean_rank:      2.69
    top1_hit_rate:    0.3280  (328/1000)
    top2_hit_rate:    0.5650  (565/1000)
    top3_hit_rate:    0.7150  (715/1000)
    regret:         0.0571
    mean_cost:      8.0518  (模型选择)
    oracle_cost:    7.9947  (每个实例选最好的)

  CVRP (1000 实例):
    mean_reward:    0.8117
    mean_rank:      1.75
    top1_hit_rate:    0.5510  (551/1000)
    top2_hit_rate:    0.8010  (801/1000)
    top3_hit_rate:    0.9150  (915/1000)
    regret:         0.1200
    mean_cost:      18.3635  (模型选择)
    oracle_cost:    18.2434  (每个实例选最好的)

======================================================================
  Baseline 对比 (在同一 test 集上)
======================================================================

  TSP (1000 实例):
    oracle mean_cost:                7.9947  (每实例选最好的, 上界)
    模型选择 mean_cost:              8.0518
    single_best_per_problem:         8.1158
    single_best_global:              8.1158
    random mean_cost:                8.1164  (均匀随机的期望)

  CVRP (1000 实例):
    oracle mean_cost:                18.2434  (每实例选最好的, 上界)
    模型选择 mean_cost:              18.3635
    single_best_per_problem:         18.5028
    single_best_global:              18.5028
    random mean_cost:                18.8526  (均匀随机的期望)

======================================================================
  各臂选择分布
======================================================================

  TSP (1000 实例):
     0(bq              ):   430 次 ( 43.0%)
     1(elg             ):   177 次 ( 17.7%)
     2(lehd            ):     4 次 (  0.4%)
     3(t2t             ):     1 次 (  0.1%)
     4(t2t500          ):   304 次 ( 30.4%)
     6(difusco500      ):    84 次 (  8.4%)

  CVRP (1000 实例):
     0(bq              ):   148 次 ( 14.8%)
     1(elg             ):    69 次 (  6.9%)
     2(lehd            ):   228 次 ( 22.8%)
     7(omni            ):   515 次 ( 51.5%)
     8(mvmoe           ):    40 次 (  4.0%)

  ALL (2000 实例):
     0(bq              ):   578 次 ( 28.9%)
     1(elg             ):   246 次 ( 12.3%)
     2(lehd            ):   232 次 ( 11.6%)
     3(t2t             ):     1 次 (  0.1%)
     4(t2t500          ):   304 次 ( 15.2%)
     6(difusco500      ):    84 次 (  4.2%)
     7(omni            ):   515 次 ( 25.8%)
     8(mvmoe           ):    40 次 (  2.0%)

======================================================================
  各臂被选后的真实效果
======================================================================

  TSP:
    arm                   count  mean_cost  mean_reward  top1_rate  mean_rank
    ────────────────────────────────────────────────────────────────────
     0(bq              )      430     8.9842       0.7556     0.3930       2.47
     1(elg             )      177     5.3757       0.7340     0.2881       2.60
     2(lehd            )        4     8.2701       0.3333     0.2500       5.00
     3(t2t             )        1     3.1609       0.5833     0.0000       3.50
     4(t2t500          )      304     8.6322       0.6944     0.2895       2.83
     6(difusco500      )       84     6.8646       0.6111     0.2262       3.33

  CVRP:
    arm                   count  mean_cost  mean_reward  top1_rate  mean_rank
    ────────────────────────────────────────────────────────────────────
     0(bq              )      148    14.5969       0.7416     0.4527       2.03
     1(elg             )       69    12.5871       0.6522     0.2754       2.39
     2(lehd            )      228    13.8888       0.8279     0.5877       1.69
     7(omni            )      515    22.4960       0.8583     0.6233       1.57
     8(mvmoe           )       40    14.5634       0.6562     0.2500       2.38

======================================================================
  Oracle 最优臂分布 (test 集上哪个方法最常是最优的)
======================================================================

  TSP (1000 实例):
     0(bq              ):   280 次 ( 28.0%)
     2(lehd            ):   186 次 ( 18.6%)
     4(t2t500          ):   161 次 ( 16.1%)
     6(difusco500      ):   125 次 ( 12.5%)
     3(t2t             ):   119 次 ( 11.9%)
     1(elg             ):    78 次 (  7.8%)
     5(difusco         ):    51 次 (  5.1%)

  CVRP (1000 实例):
     7(omni            ):   396 次 ( 39.6%)
     2(lehd            ):   241 次 ( 24.1%)
     0(bq              ):   210 次 ( 21.0%)
     1(elg             ):    83 次 (  8.3%)
     8(mvmoe           ):    70 次 (  7.0%)

[19:08:10] 
======================================================================
  评测结果 | NeuralLinUCB | mode=ucb
======================================================================

  ALL (2000 实例):
    mean_reward:    0.7613
    mean_rank:      2.24
    top1_hit_rate:    0.4300  (860/2000)
    top2_hit_rate:    0.6740  (1348/2000)
    top3_hit_rate:    0.8075  (1615/2000)
    regret:         0.0908
    mean_cost:      13.2098  (模型选择)
    oracle_cost:    13.1191  (每个实例选最好的)

  TSP (1000 实例):
    mean_reward:    0.7133
    mean_rank:      2.72
    top1_hit_rate:    0.3130  (313/1000)
    top2_hit_rate:    0.5490  (549/1000)
    top3_hit_rate:    0.7030  (703/1000)
    regret:         0.0572
    mean_cost:      8.0518  (模型选择)
    oracle_cost:    7.9947  (每个实例选最好的)

  CVRP (1000 实例):
    mean_reward:    0.8093
    mean_rank:      1.76
    top1_hit_rate:    0.5470  (547/1000)
    top2_hit_rate:    0.7990  (799/1000)
    top3_hit_rate:    0.9120  (912/1000)
    regret:         0.1244
    mean_cost:      18.3678  (模型选择)
    oracle_cost:    18.2434  (每个实例选最好的)

======================================================================
  Baseline 对比 (在同一 test 集上)
======================================================================

  TSP (1000 实例):
    oracle mean_cost:                7.9947  (每实例选最好的, 上界)
    模型选择 mean_cost:              8.0518
    single_best_per_problem:         8.1158
    single_best_global:              8.1158
    random mean_cost:                8.1164  (均匀随机的期望)

  CVRP (1000 实例):
    oracle mean_cost:                18.2434  (每实例选最好的, 上界)
    模型选择 mean_cost:              18.3678
    single_best_per_problem:         18.5028
    single_best_global:              18.5028
    random mean_cost:                18.8526  (均匀随机的期望)

======================================================================
  各臂选择分布
======================================================================

  TSP (1000 实例):
     0(bq              ):   399 次 ( 39.9%)
     1(elg             ):   166 次 ( 16.6%)
     2(lehd            ):    16 次 (  1.6%)
     3(t2t             ):    24 次 (  2.4%)
     4(t2t500          ):   285 次 ( 28.5%)
     5(difusco         ):    10 次 (  1.0%)
     6(difusco500      ):   100 次 ( 10.0%)

  CVRP (1000 实例):
     0(bq              ):   163 次 ( 16.3%)
     1(elg             ):    63 次 (  6.3%)
     2(lehd            ):   231 次 ( 23.1%)
     7(omni            ):   503 次 ( 50.3%)
     8(mvmoe           ):    40 次 (  4.0%)

  ALL (2000 实例):
     0(bq              ):   562 次 ( 28.1%)
     1(elg             ):   229 次 ( 11.5%)
     2(lehd            ):   247 次 ( 12.3%)
     3(t2t             ):    24 次 (  1.2%)
     4(t2t500          ):   285 次 ( 14.2%)
     5(difusco         ):    10 次 (  0.5%)
     6(difusco500      ):   100 次 (  5.0%)
     7(omni            ):   503 次 ( 25.1%)
     8(mvmoe           ):    40 次 (  2.0%)

======================================================================
  各臂被选后的真实效果
======================================================================

  TSP:
    arm                   count  mean_cost  mean_reward  top1_rate  mean_rank
    ────────────────────────────────────────────────────────────────────
     0(bq              )      399     9.0908       0.7738     0.3935       2.36
     1(elg             )      166     5.4719       0.7284     0.2831       2.63
     2(lehd            )       16     7.1298       0.4479     0.1875       4.31
     3(t2t             )       24     6.6561       0.5000     0.0417       4.00
     4(t2t500          )      285     8.7143       0.6901     0.2877       2.86
     5(difusco         )       10     4.6973       0.5500     0.1000       3.70
     6(difusco500      )      100     7.1192       0.6233     0.2200       3.26

  CVRP:
    arm                   count  mean_cost  mean_reward  top1_rate  mean_rank
    ────────────────────────────────────────────────────────────────────
     0(bq              )      163    14.8812       0.7331     0.4294       2.07
     1(elg             )       63    12.4068       0.6548     0.2698       2.38
     2(lehd            )      231    13.9780       0.8225     0.5758       1.71
     7(omni            )      503    22.5722       0.8593     0.6302       1.56
     8(mvmoe           )       40    14.4459       0.6562     0.2500       2.38

======================================================================
  Oracle 最优臂分布 (test 集上哪个方法最常是最优的)
======================================================================

  TSP (1000 实例):
     0(bq              ):   280 次 ( 28.0%)
     2(lehd            ):   186 次 ( 18.6%)
     4(t2t500          ):   161 次 ( 16.1%)
     6(difusco500      ):   125 次 ( 12.5%)
     3(t2t             ):   119 次 ( 11.9%)
     1(elg             ):    78 次 (  7.8%)
     5(difusco         ):    51 次 (  5.1%)

  CVRP (1000 实例):
     7(omni            ):   396 次 ( 39.6%)
     2(lehd            ):   241 次 ( 24.1%)
     0(bq              ):   210 次 ( 21.0%)
     1(elg             ):    83 次 (  8.3%)
     8(mvmoe           ):    70 次 (  7.0%)

[19:08:10] 开始写出结果文件到: /public/home/zhoucl/shiys/2cmab2/outputs/2026-04-02-11-17-56_nss_neural_linucb_server
[19:08:10] 结果文件写出完成
{
  "count": 2000,
  "mean_reward": 0.7654583333333334,
  "top1_accuracy": 0.441,
  "mean_regret": 0.08856422259251262,
  "mean_cost": 13.207625660925933
}

结果已保存到: /public/home/zhoucl/shiys/2cmab2/outputs/2026-04-02-11-17-56_nss_neural_linucb_server/summary.json
