wandb: Tracking run with wandb version 0.19.11
wandb: W&B syncing is set to `offline` in this directory. Run `wandb online` or set WANDB_MODE=online to enable cloud syncing.
[start] joint_seed4 checkpoint_epoch=50 lr=2e-05 tasks=['TSP', 'CVRP', 'ATSP', 'OVRP', 'VRPB', 'VRPL', 'VRPTW', 'OVRPTW', 'OVRPB', 'OVRPL', 'VRPBL', 'VRPBTW', 'VRPLTW', 'OVRPBL', 'OVRPBTW', 'OVRPLTW', 'VRPBLTW', 'OVRPBLTW']
[train TSP updates 000] ce=1.533871 top1=0.3934 top2=0.6333 top3=0.7741 mean_cost=8.008346 vs_sbs=-0.4963% n=10000 total_updates=0
[val TSP updates 000] ce=1.657517 top1=0.3630 top2=0.5950 top3=0.7460 mean_cost=7.917969 vs_sbs=-0.5006% n=1000 total_updates=0
[progress] joint_seed4 TSP=10/300 total=180 skipped=0 lr=2e-05 elapsed=0.30m
[progress] joint_seed4 TSP=20/300 total=360 skipped=0 lr=2e-05 elapsed=0.53m
[progress] joint_seed4 TSP=30/300 total=540 skipped=0 lr=2e-05 elapsed=0.76m
[train TSP updates 030] ce=1.532490 top1=0.3927 top2=0.6354 top3=0.7749 mean_cost=8.008012 vs_sbs=-0.5004% n=10000 total_updates=540
[val TSP updates 030] ce=1.652635 top1=0.3640 top2=0.5920 top3=0.7450 mean_cost=7.918533 vs_sbs=-0.4935% n=1000 total_updates=540
[progress] joint_seed4 TSP=40/300 total=720 skipped=0 lr=2e-05 elapsed=1.05m
[progress] joint_seed4 TSP=50/300 total=900 skipped=0 lr=2e-05 elapsed=1.28m
[progress] joint_seed4 TSP=60/300 total=1080 skipped=0 lr=2e-05 elapsed=1.52m
[train TSP updates 060] ce=1.531808 top1=0.3930 top2=0.6334 top3=0.7747 mean_cost=8.008067 vs_sbs=-0.4997% n=10000 total_updates=1080
[val TSP updates 060] ce=1.656379 top1=0.3630 top2=0.5880 top3=0.7510 mean_cost=7.917181 vs_sbs=-0.5105% n=1000 total_updates=1080
[progress] joint_seed4 TSP=70/300 total=1260 skipped=0 lr=2e-05 elapsed=1.81m
[progress] joint_seed4 TSP=80/300 total=1440 skipped=0 lr=2e-05 elapsed=2.04m
[progress] joint_seed4 TSP=90/300 total=1620 skipped=0 lr=2e-05 elapsed=2.27m
[train TSP updates 090] ce=1.531357 top1=0.3945 top2=0.6360 top3=0.7745 mean_cost=8.009967 vs_sbs=-0.4761% n=10000 total_updates=1620
[val TSP updates 090] ce=1.660248 top1=0.3630 top2=0.6010 top3=0.7580 mean_cost=7.919758 vs_sbs=-0.4781% n=1000 total_updates=1620
[progress] joint_seed4 TSP=100/300 total=1800 skipped=0 lr=2e-05 elapsed=2.56m
[progress] joint_seed4 TSP=110/300 total=1980 skipped=0 lr=2e-05 elapsed=2.79m
[AMP retry] attempt=1 scale=262144->131072
[progress] joint_seed4 TSP=120/300 total=2160 skipped=1 lr=2e-05 elapsed=3.02m
[train TSP updates 120] ce=1.529723 top1=0.3954 top2=0.6352 top3=0.7767 mean_cost=8.008040 vs_sbs=-0.5001% n=10000 total_updates=2160
[val TSP updates 120] ce=1.660442 top1=0.3660 top2=0.5860 top3=0.7450 mean_cost=7.917382 vs_sbs=-0.5079% n=1000 total_updates=2160
[progress] joint_seed4 TSP=130/300 total=2340 skipped=1 lr=2e-05 elapsed=3.31m
[progress] joint_seed4 TSP=140/300 total=2520 skipped=1 lr=2e-05 elapsed=3.55m
[progress] joint_seed4 TSP=150/300 total=2700 skipped=1 lr=2e-05 elapsed=3.78m
[train TSP updates 150] ce=1.531121 top1=0.3946 top2=0.6343 top3=0.7768 mean_cost=8.008224 vs_sbs=-0.4978% n=10000 total_updates=2700
[val TSP updates 150] ce=1.664366 top1=0.3700 top2=0.5880 top3=0.7480 mean_cost=7.916823 vs_sbs=-0.5150% n=1000 total_updates=2700
[progress] joint_seed4 TSP=160/300 total=2880 skipped=1 lr=2e-05 elapsed=4.07m
[progress] joint_seed4 TSP=170/300 total=3060 skipped=1 lr=2e-05 elapsed=4.30m
[progress] joint_seed4 TSP=180/300 total=3240 skipped=1 lr=2e-05 elapsed=4.53m
[train TSP updates 180] ce=1.528010 top1=0.3963 top2=0.6359 top3=0.7762 mean_cost=8.009146 vs_sbs=-0.4863% n=10000 total_updates=3240
[val TSP updates 180] ce=1.658021 top1=0.3660 top2=0.5920 top3=0.7540 mean_cost=7.918133 vs_sbs=-0.4985% n=1000 total_updates=3240
[progress] joint_seed4 TSP=190/300 total=3420 skipped=1 lr=2e-05 elapsed=4.82m
[progress] joint_seed4 TSP=200/300 total=3600 skipped=1 lr=2e-05 elapsed=5.05m
[progress] joint_seed4 TSP=210/300 total=3780 skipped=1 lr=2e-05 elapsed=5.28m
[train TSP updates 210] ce=1.528941 top1=0.3965 top2=0.6347 top3=0.7762 mean_cost=8.009721 vs_sbs=-0.4792% n=10000 total_updates=3780
[val TSP updates 210] ce=1.661331 top1=0.3650 top2=0.6030 top3=0.7590 mean_cost=7.919277 vs_sbs=-0.4841% n=1000 total_updates=3780
[progress] joint_seed4 TSP=220/300 total=3960 skipped=1 lr=2e-05 elapsed=5.57m
[progress] joint_seed4 TSP=230/300 total=4140 skipped=1 lr=2e-05 elapsed=5.81m
[AMP retry] attempt=1 scale=262144->131072
[progress] joint_seed4 TSP=240/300 total=4320 skipped=2 lr=2e-05 elapsed=6.04m
[train TSP updates 240] ce=1.526008 top1=0.3950 top2=0.6376 top3=0.7783 mean_cost=8.007934 vs_sbs=-0.5014% n=10000 total_updates=4320
[val TSP updates 240] ce=1.661871 top1=0.3680 top2=0.5920 top3=0.7480 mean_cost=7.917101 vs_sbs=-0.5115% n=1000 total_updates=4320
[progress] joint_seed4 TSP=250/300 total=4500 skipped=2 lr=2e-05 elapsed=6.33m
[progress] joint_seed4 TSP=260/300 total=4680 skipped=2 lr=2e-05 elapsed=6.56m
[progress] joint_seed4 TSP=270/300 total=4860 skipped=2 lr=2e-05 elapsed=6.79m
[train TSP updates 270] ce=1.526952 top1=0.3981 top2=0.6359 top3=0.7775 mean_cost=8.009010 vs_sbs=-0.4880% n=10000 total_updates=4860
[val TSP updates 270] ce=1.666640 top1=0.3660 top2=0.5960 top3=0.7590 mean_cost=7.918731 vs_sbs=-0.4910% n=1000 total_updates=4860
[progress] joint_seed4 TSP=280/300 total=5040 skipped=2 lr=2e-05 elapsed=7.08m
[progress] joint_seed4 TSP=290/300 total=5220 skipped=2 lr=2e-05 elapsed=7.31m
[progress] joint_seed4 TSP=300/300 total=5400 skipped=2 lr=2e-05 elapsed=7.55m
[train TSP updates 300] ce=1.525810 top1=0.3974 top2=0.6377 top3=0.7788 mean_cost=8.008808 vs_sbs=-0.4905% n=10000 total_updates=5400
[val TSP updates 300] ce=1.666585 top1=0.3620 top2=0.5970 top3=0.7520 mean_cost=7.918487 vs_sbs=-0.4941% n=1000 total_updates=5400
wandb:                                                                                
wandb: 
wandb: Run history:
wandb:         train/ce █▇▆▆▄▆▃▄▁▂▁
wandb:  train/mean_cost ▂▁▁█▁▂▅▇▁▅▄
wandb:       train/top1 ▂▁▁▃▅▃▆▆▄█▇
wandb:       train/top2 ▁▄▁▅▄▃▅▃█▅█
wandb:       train/top3 ▁▂▂▂▅▅▄▄▇▆█
wandb: train/vs_sbs_pct ▂▁▁█▁▂▅▇▁▅▄
wandb:           val/ce ▃▁▃▅▅▇▄▅▆██
wandb:    val/mean_cost ▄▅▂█▂▁▄▇▂▆▅
wandb:         val/top1 ▂▃▂▂▅█▅▄▆▅▁
wandb:         val/top2 ▅▃▂▇▁▂▃█▃▅▆
wandb:         val/top3 ▁▁▄█▁▃▆█▃█▄
wandb:   val/vs_sbs_pct ▄▅▂█▂▁▄▇▂▆▅
wandb: 
wandb: Run summary:
wandb:         train/ce 1.52581
wandb:  train/mean_cost 8.00881
wandb:       train/top1 0.3974
wandb:       train/top2 0.6377
wandb:       train/top3 0.7788
wandb: train/vs_sbs_pct -0.49051
wandb:           val/ce 1.66658
wandb:    val/mean_cost 7.91849
wandb:         val/top1 0.362
wandb:         val/top2 0.597
wandb:         val/top3 0.752
wandb:   val/vs_sbs_pct -0.49405
wandb: 
wandb: You can sync this run to the cloud by running:
wandb: wandb sync code/V4/runs/R35_multitask_probe/joint_seed4/wandb/offline-run-20260930_120616-4f48cv2i
wandb: Find logs at: code/V4/runs/R35_multitask_probe/joint_seed4/wandb/offline-run-20260930_120616-4f48cv2i/logs
[done] joint_seed4 TSP=300 total=5400
