wandb: Tracking run with wandb version 0.19.11
wandb: W&B syncing is set to `offline` in this directory. Run `wandb online` or set WANDB_MODE=online to enable cloud syncing.
[start] geometry_seed4 updates=1000 batch=640 optimizer=fresh base_frozen=True base_lr=0 geometry_lr=2e-4 model_hash=083171ddf1fcdc14bfee0f153bffb4e7e1001a550dd4136fce26ecc01d71bc03
[train updates 0000] top1=0.3934 ce=1.533871 mean_cost=8.008346 vs_sbs=-0.4963% regret=0.6373% expected_regret=0.9589% gap>0.1_top1=0.4190 gap>0.5_top1=0.4773
[val updates 0000] top1=0.3630 ce=1.657517 mean_cost=7.917969 vs_sbs=-0.5006% regret=0.6118% expected_regret=0.9326% gap>0.1_top1=0.3893 gap>0.5_top1=0.4360
[train updates 0050] loss=0.60994 grad=0.1351 skipped_total=0 lr_geometry=0.0002 elapsed=15.2s
[train updates 0050] top1=0.3947 ce=1.530995 mean_cost=8.008704 vs_sbs=-0.4918% regret=0.6439% expected_regret=0.9557% gap>0.1_top1=0.4203 gap>0.5_top1=0.4761
[val updates 0050] top1=0.3660 ce=1.653800 mean_cost=7.918061 vs_sbs=-0.4994% regret=0.6176% expected_regret=0.9308% gap>0.1_top1=0.3932 gap>0.5_top1=0.4360
[train updates 0100] loss=0.60997 grad=0.1355 skipped_total=0 lr_geometry=0.000199 elapsed=30.1s
[train updates 0100] top1=0.3956 ce=1.528577 mean_cost=8.008218 vs_sbs=-0.4978% regret=0.6368% expected_regret=0.9507% gap>0.1_top1=0.4214 gap>0.5_top1=0.4770
[val updates 0100] top1=0.3730 ce=1.650631 mean_cost=7.916926 vs_sbs=-0.5137% regret=0.6029% expected_regret=0.9265% gap>0.1_top1=0.3997 gap>0.5_top1=0.4533
[train updates 0150] loss=0.60746 grad=0.1401 skipped_total=0 lr_geometry=0.000195 elapsed=45.0s
[train updates 0150] top1=0.3972 ce=1.526743 mean_cost=8.008105 vs_sbs=-0.4992% regret=0.6344% expected_regret=0.9469% gap>0.1_top1=0.4233 gap>0.5_top1=0.4789
[val updates 0150] top1=0.3710 ce=1.650217 mean_cost=7.917112 vs_sbs=-0.5113% regret=0.6047% expected_regret=0.9226% gap>0.1_top1=0.3958 gap>0.5_top1=0.4464
[train updates 0200] loss=0.60774 grad=0.1392 skipped_total=0 lr_geometry=0.000189 elapsed=59.9s
[train updates 0200] top1=0.3970 ce=1.525156 mean_cost=8.007774 vs_sbs=-0.5034% regret=0.6309% expected_regret=0.9431% gap>0.1_top1=0.4220 gap>0.5_top1=0.4785
[val updates 0200] top1=0.3720 ce=1.650952 mean_cost=7.917345 vs_sbs=-0.5084% regret=0.6086% expected_regret=0.9207% gap>0.1_top1=0.3971 gap>0.5_top1=0.4498
[train updates 0250] loss=0.60490 grad=0.1296 skipped_total=0 lr_geometry=0.000181 elapsed=74.7s
[train updates 0250] top1=0.3965 ce=1.523946 mean_cost=8.008125 vs_sbs=-0.4990% regret=0.6345% expected_regret=0.9454% gap>0.1_top1=0.4224 gap>0.5_top1=0.4792
[val updates 0250] top1=0.3740 ce=1.651560 mean_cost=7.918268 vs_sbs=-0.4968% regret=0.6219% expected_regret=0.9235% gap>0.1_top1=0.3997 gap>0.5_top1=0.4533
[train updates 0300] loss=0.60772 grad=0.1348 skipped_total=0 lr_geometry=0.000171 elapsed=89.6s
[train updates 0300] top1=0.3965 ce=1.522604 mean_cost=8.007577 vs_sbs=-0.5058% regret=0.6280% expected_regret=0.9411% gap>0.1_top1=0.4216 gap>0.5_top1=0.4792
[val updates 0300] top1=0.3720 ce=1.650026 mean_cost=7.918111 vs_sbs=-0.4988% regret=0.6181% expected_regret=0.9196% gap>0.1_top1=0.3971 gap>0.5_top1=0.4464
[train updates 0350] loss=0.60480 grad=0.1435 skipped_total=0 lr_geometry=0.000159 elapsed=104.5s
[train updates 0350] top1=0.3980 ce=1.522183 mean_cost=8.007944 vs_sbs=-0.5013% regret=0.6320% expected_regret=0.9407% gap>0.1_top1=0.4229 gap>0.5_top1=0.4785
[val updates 0350] top1=0.3780 ce=1.647102 mean_cost=7.917259 vs_sbs=-0.5095% regret=0.6086% expected_regret=0.9188% gap>0.1_top1=0.3997 gap>0.5_top1=0.4498
[train updates 0400] loss=0.60490 grad=0.1395 skipped_total=0 lr_geometry=0.000146 elapsed=119.4s
[train updates 0400] top1=0.3970 ce=1.521862 mean_cost=8.007515 vs_sbs=-0.5066% regret=0.6270% expected_regret=0.9380% gap>0.1_top1=0.4216 gap>0.5_top1=0.4782
[val updates 0400] top1=0.3740 ce=1.649548 mean_cost=7.918045 vs_sbs=-0.4996% regret=0.6184% expected_regret=0.9169% gap>0.1_top1=0.3945 gap>0.5_top1=0.4464
[train updates 0450] loss=0.60551 grad=0.1538 skipped_total=0 lr_geometry=0.000132 elapsed=134.3s
[train updates 0450] top1=0.3974 ce=1.520319 mean_cost=8.007643 vs_sbs=-0.5050% regret=0.6288% expected_regret=0.9410% gap>0.1_top1=0.4223 gap>0.5_top1=0.4801
[val updates 0450] top1=0.3770 ce=1.649377 mean_cost=7.917561 vs_sbs=-0.5057% regret=0.6114% expected_regret=0.9195% gap>0.1_top1=0.3984 gap>0.5_top1=0.4498
[train updates 0500] loss=0.60439 grad=0.1416 skipped_total=0 lr_geometry=0.000117 elapsed=149.2s
[train updates 0500] top1=0.3966 ce=1.519998 mean_cost=8.007804 vs_sbs=-0.5030% regret=0.6305% expected_regret=0.9382% gap>0.1_top1=0.4217 gap>0.5_top1=0.4767
[val updates 0500] top1=0.3760 ce=1.648918 mean_cost=7.917859 vs_sbs=-0.5019% regret=0.6165% expected_regret=0.9170% gap>0.1_top1=0.3984 gap>0.5_top1=0.4498
[train updates 0550] loss=0.60526 grad=0.1409 skipped_total=0 lr_geometry=0.000103 elapsed=164.0s
[train updates 0550] top1=0.3968 ce=1.519471 mean_cost=8.007803 vs_sbs=-0.5030% regret=0.6295% expected_regret=0.9372% gap>0.1_top1=0.4217 gap>0.5_top1=0.4773
[val updates 0550] top1=0.3760 ce=1.650134 mean_cost=7.918061 vs_sbs=-0.4994% regret=0.6143% expected_regret=0.9165% gap>0.1_top1=0.3984 gap>0.5_top1=0.4429
[train updates 0600] loss=0.60443 grad=0.1472 skipped_total=0 lr_geometry=8.79e-05 elapsed=178.9s
[train updates 0600] top1=0.3980 ce=1.519065 mean_cost=8.007753 vs_sbs=-0.5036% regret=0.6295% expected_regret=0.9370% gap>0.1_top1=0.4230 gap>0.5_top1=0.4789
[val updates 0600] top1=0.3740 ce=1.648220 mean_cost=7.917685 vs_sbs=-0.5041% regret=0.6115% expected_regret=0.9161% gap>0.1_top1=0.3958 gap>0.5_top1=0.4498
[train updates 0650] loss=0.60439 grad=0.1507 skipped_total=0 lr_geometry=7.38e-05 elapsed=193.8s
[train updates 0650] top1=0.3971 ce=1.518547 mean_cost=8.007802 vs_sbs=-0.5030% regret=0.6303% expected_regret=0.9382% gap>0.1_top1=0.4225 gap>0.5_top1=0.4789
[val updates 0650] top1=0.3760 ce=1.648767 mean_cost=7.917966 vs_sbs=-0.5006% regret=0.6164% expected_regret=0.9174% gap>0.1_top1=0.3984 gap>0.5_top1=0.4464
[train updates 0700] loss=0.60403 grad=0.1474 skipped_total=0 lr_geometry=6.08e-05 elapsed=208.7s
[train updates 0700] top1=0.3975 ce=1.518555 mean_cost=8.007543 vs_sbs=-0.5062% regret=0.6265% expected_regret=0.9343% gap>0.1_top1=0.4228 gap>0.5_top1=0.4795
[val updates 0700] top1=0.3760 ce=1.649396 mean_cost=7.917312 vs_sbs=-0.5088% regret=0.6037% expected_regret=0.9137% gap>0.1_top1=0.3984 gap>0.5_top1=0.4533
[train updates 0750] loss=0.60421 grad=0.1467 skipped_total=0 lr_geometry=4.9e-05 elapsed=223.6s
[train updates 0750] top1=0.3979 ce=1.518165 mean_cost=8.007600 vs_sbs=-0.5055% regret=0.6273% expected_regret=0.9364% gap>0.1_top1=0.4229 gap>0.5_top1=0.4798
[val updates 0750] top1=0.3770 ce=1.649002 mean_cost=7.917399 vs_sbs=-0.5077% regret=0.6070% expected_regret=0.9158% gap>0.1_top1=0.3984 gap>0.5_top1=0.4533
[train updates 0800] loss=0.60463 grad=0.1542 skipped_total=0 lr_geometry=3.9e-05 elapsed=238.5s
[train updates 0800] top1=0.3985 ce=1.517996 mean_cost=8.007637 vs_sbs=-0.5051% regret=0.6279% expected_regret=0.9364% gap>0.1_top1=0.4236 gap>0.5_top1=0.4810
[val updates 0800] top1=0.3780 ce=1.649052 mean_cost=7.917258 vs_sbs=-0.5095% regret=0.6040% expected_regret=0.9163% gap>0.1_top1=0.3997 gap>0.5_top1=0.4533
[train updates 0850] loss=0.60370 grad=0.1516 skipped_total=0 lr_geometry=3.08e-05 elapsed=253.3s
[train updates 0850] top1=0.3977 ce=1.517883 mean_cost=8.007720 vs_sbs=-0.5040% regret=0.6288% expected_regret=0.9360% gap>0.1_top1=0.4226 gap>0.5_top1=0.4792
[val updates 0850] top1=0.3760 ce=1.648076 mean_cost=7.917578 vs_sbs=-0.5055% regret=0.6073% expected_regret=0.9152% gap>0.1_top1=0.3971 gap>0.5_top1=0.4464
[train updates 0900] loss=0.60343 grad=0.1466 skipped_total=0 lr_geometry=2.49e-05 elapsed=268.2s
[train updates 0900] top1=0.3987 ce=1.517888 mean_cost=8.007654 vs_sbs=-0.5048% regret=0.6284% expected_regret=0.9356% gap>0.1_top1=0.4237 gap>0.5_top1=0.4798
[val updates 0900] top1=0.3760 ce=1.647834 mean_cost=7.917419 vs_sbs=-0.5075% regret=0.6045% expected_regret=0.9150% gap>0.1_top1=0.3984 gap>0.5_top1=0.4533
[train updates 0950] loss=0.60437 grad=0.1493 skipped_total=0 lr_geometry=2.12e-05 elapsed=283.1s
[train updates 0950] top1=0.3978 ce=1.517716 mean_cost=8.007704 vs_sbs=-0.5042% regret=0.6289% expected_regret=0.9351% gap>0.1_top1=0.4226 gap>0.5_top1=0.4798
[val updates 0950] top1=0.3760 ce=1.649030 mean_cost=7.917238 vs_sbs=-0.5098% regret=0.6035% expected_regret=0.9149% gap>0.1_top1=0.3984 gap>0.5_top1=0.4533
[train updates 1000] loss=0.60366 grad=0.1523 skipped_total=0 lr_geometry=2e-05 elapsed=298.0s
[train updates 1000] top1=0.3978 ce=1.517806 mean_cost=8.007738 vs_sbs=-0.5038% regret=0.6297% expected_regret=0.9352% gap>0.1_top1=0.4226 gap>0.5_top1=0.4789
[val updates 1000] top1=0.3750 ce=1.648343 mean_cost=7.917557 vs_sbs=-0.5057% regret=0.6070% expected_regret=0.9148% gap>0.1_top1=0.3971 gap>0.5_top1=0.4498
wandb:                                                                                
wandb: 
wandb: Run history:
wandb:            train/actual_regret_pct ▅█▅▄▃▄▂▃▁▂▃▂▂▃▁▁▂▂▂▂▂
wandb:                           train/ce █▇▆▅▄▄▃▃▃▂▂▂▂▁▁▁▁▁▁▁▁
wandb:           train/expected_mean_cost █▇▆▅▃▄▃▃▂▃▂▂▂▂▁▁▂▁▁▁▁
wandb:          train/expected_regret_pct █▇▆▅▄▄▃▃▂▃▂▂▂▂▁▂▂▁▁▁▁
wandb: train/gap_gt_0_1_actual_regret_pct ▅█▆▅▃▄▂▄▂▂▃▃▂▃▁▂▂▂▂▃▃
wandb:              train/gap_gt_0_1_top1 ▁▃▅▇▅▆▅▇▅▆▅▅▇▆▇▇█▆█▆▆
wandb: train/gap_gt_0_5_actual_regret_pct ▅█▅▅▃▄▂▃▁▁▂▃▂▂▁▁▂▂▃▂▃
wandb:              train/gap_gt_0_5_top1 ▃▁▂▅▅▅▅▅▄▇▂▃▅▅▆▆█▅▆▆▅
wandb:                    train/mean_cost ▆█▅▄▃▅▁▄▁▂▃▃▂▃▁▂▂▂▂▂▂
wandb:                         train/top1 ▁▃▄▆▆▅▅▇▆▆▅▅▇▆▆▇█▇█▇▇
wandb:                   train/vs_sbs_pct ▆█▅▄▃▅▁▄▁▂▃▃▂▃▁▂▂▂▂▂▂
wandb:              val/actual_regret_pct ▄▆▁▂▃█▇▃▇▄▆▅▄▆▁▂▁▃▂▁▂
wandb:                             val/ce █▆▃▃▄▄▃▁▃▃▂▃▂▂▃▂▂▂▁▂▂
wandb:             val/expected_mean_cost █▇▆▄▄▄▃▃▂▃▂▂▂▂▁▂▂▂▁▁▁
wandb:            val/expected_regret_pct █▇▆▄▄▅▃▃▂▃▂▂▂▂▁▂▂▂▁▁▁
wandb:   val/gap_gt_0_1_actual_regret_pct ▆█▁▂▄▄█▁▅▁▃▇▂▃▁▃▂▃▁▁▃
wandb:                val/gap_gt_0_1_top1 ▁▄█▅▆█▆█▅▇▇▇▅▇▇▇█▆▇▇▆
wandb:   val/gap_gt_0_5_actual_regret_pct ▁▄▁▁▃▃█▄▆▃▄█▃▅▂▄▃▄▂▂▃
wandb:                val/gap_gt_0_5_top1 ▁▁█▅▇█▅▇▅▇▇▄▇▅███▅██▇
wandb:                      val/mean_cost ▆▇▁▂▃█▇▃▇▄▆▇▅▆▃▃▃▄▄▃▄
wandb:                           val/top1 ▁▂▆▅▅▆▅█▆█▇▇▆▇▇██▇▇▇▇
wandb:                     val/vs_sbs_pct ▆▇▁▂▃█▇▃▇▄▆▇▅▆▃▃▃▄▄▃▄
wandb: 
wandb: Run summary:
wandb:                     final_val_top1 0.375
wandb:            train/actual_regret_pct 0.62975
wandb:                           train/ce 1.51781
wandb:           train/expected_mean_cost 8.03106
wandb:          train/expected_regret_pct 0.93517
wandb: train/gap_gt_0_1_actual_regret_pct 0.71104
wandb:              train/gap_gt_0_1_top1 0.42265
wandb: train/gap_gt_0_5_actual_regret_pct 0.88339
wandb:              train/gap_gt_0_5_top1 0.47886
wandb:                    train/mean_cost 8.00774
wandb:                         train/top1 0.3978
wandb:                   train/vs_sbs_pct -0.50381
wandb:                            updates 1000
wandb:              val/actual_regret_pct 0.60696
wandb:                             val/ce 1.64834
wandb:             val/expected_mean_cost 7.93984
wandb:            val/expected_regret_pct 0.91478
wandb:   val/gap_gt_0_1_actual_regret_pct 0.70839
wandb:                val/gap_gt_0_1_top1 0.39712
wandb:   val/gap_gt_0_5_actual_regret_pct 0.92224
wandb:                val/gap_gt_0_5_top1 0.44983
wandb:                      val/mean_cost 7.91756
wandb:                           val/top1 0.375
wandb:                     val/vs_sbs_pct -0.50574
wandb: 
wandb: You can sync this run to the cloud by running:
wandb: wandb sync code/V4/runs/R38_tsp_frozen_geometry/geometry_seed4/wandb/offline-run-20260930_162914-8pyzgutt
wandb: Find logs at: code/V4/runs/R38_tsp_frozen_geometry/geometry_seed4/wandb/offline-run-20260930_162914-8pyzgutt/logs
[done] geometry_seed4 updates=1000 val_top1=0.3750
