Seed set to 1234
[2026-01-20 00:40:50,906][EasyNCO.utils.utils][INFO] - sandbox: False
[2026-01-20 00:40:50,906][EasyNCO.utils.utils][INFO] - sandbox_test_batch: {'_target_': 'EasyNCO.sandbox.test_batch.BQTestBatch'}
[2026-01-20 00:40:50,906][EasyNCO.utils.utils][INFO] - mode: test
[2026-01-20 00:40:50,906][EasyNCO.utils.utils][INFO] - model: lehd
[2026-01-20 00:40:50,906][EasyNCO.utils.utils][INFO] - problem: tsp
[2026-01-20 00:40:50,906][EasyNCO.utils.utils][INFO] - scale: 1000
[2026-01-20 00:40:50,906][EasyNCO.utils.utils][INFO] - num_job: 20
[2026-01-20 00:40:50,906][EasyNCO.utils.utils][INFO] - num_machine: 20
[2026-01-20 00:40:50,906][EasyNCO.utils.utils][INFO] - decoder_strategy: greedy
[2026-01-20 00:40:50,906][EasyNCO.utils.utils][INFO] - cuda: [0]
[2026-01-20 00:40:50,906][EasyNCO.utils.utils][INFO] - max_epochs: 5
[2026-01-20 00:40:50,906][EasyNCO.utils.utils][INFO] - batch_size: 1
[2026-01-20 00:40:50,906][EasyNCO.utils.utils][INFO] - episodes: 100
[2026-01-20 00:40:50,906][EasyNCO.utils.utils][INFO] - val_episode: 128
[2026-01-20 00:40:50,906][EasyNCO.utils.utils][INFO] - val_data_path: test_dataset_tsp_uniform/test_tsp200_nums128_uniform.pt
[2026-01-20 00:40:50,906][EasyNCO.utils.utils][INFO] - test_data_path: cross_distribution/tsp1000_rotation.pkl
[2026-01-20 00:40:50,906][EasyNCO.utils.utils][INFO] - train_data_path: None
[2026-01-20 00:40:50,906][EasyNCO.utils.utils][INFO] - varying_data_params: {'scale_range': None, 'distribution_list': ['uniform', 'cluster'], 'capacity_range': [50, 100]}
[2026-01-20 00:40:50,906][EasyNCO.utils.utils][INFO] - seed: 1234
[2026-01-20 00:40:50,906][EasyNCO.utils.utils][INFO] - disable_gpu: False
[2026-01-20 00:40:50,906][EasyNCO.utils.utils][INFO] - strategy: auto
[2026-01-20 00:40:50,907][EasyNCO.utils.utils][INFO] - matmul_precision: medium
[2026-01-20 00:40:50,907][EasyNCO.utils.utils][INFO] - precision: 32-true
[2026-01-20 00:40:50,907][EasyNCO.utils.utils][INFO] - enable_progress_bar: False
[2026-01-20 00:40:50,907][EasyNCO.utils.utils][INFO] - log_every_n_steps: 1
[2026-01-20 00:40:50,907][EasyNCO.utils.utils][INFO] - ckpt_path: None
[2026-01-20 00:40:50,907][EasyNCO.utils.utils][INFO] - save_top_k: -1
[2026-01-20 00:40:50,907][EasyNCO.utils.utils][INFO] - every_n_epochs: 1
[2026-01-20 00:40:50,907][EasyNCO.utils.utils][INFO] - dir: ./results/test/lehd_tsp/2026-01-20-00-40-50_lehd_tsp_1000_test
[2026-01-20 00:40:50,907][EasyNCO.utils.utils][INFO] - logger: {'_target_': 'lightning.pytorch.loggers.TensorBoardLogger', 'save_dir': 'tensorboard', 'name': None, 'log_graph': False, 'default_hp_metric': True, 'prefix': ''}
[2026-01-20 00:40:50,907][EasyNCO.utils.utils][INFO] - settings.env: {'_target_': 'EasyNCO.neural_solvers.envs.TSPEnv', 'problem_size': '${scale}', 'pomo_size': 1, 'aug_type': 'pomo_aug', 'aug_factor': 1, 'method_name': '${model}', 'use_flag_to_indicate_depot': True}
[2026-01-20 00:40:50,907][EasyNCO.utils.utils][INFO] - settings.model: {'_target_': 'EasyNCO.neural_solvers.methods.LEHDPolicy', 'env_name': '${problem}', 'phase': '${mode}', 'layer_num': 6, 'node_dim': 2, 'embed_dim': 128, 'num_heads': 8, 'qkv_dim': 16, 'feedforward_hidden': 512, 'normalization': 'None', 'first_mode': 'random'}
[2026-01-20 00:40:50,907][EasyNCO.utils.utils][INFO] - settings.initialization: {'_target_': 'EasyNCO.neural_solvers.methods.LEHDInitialization'}
[2026-01-20 00:40:50,907][EasyNCO.utils.utils][INFO] - settings.iteration: {'_target_': 'EasyNCO.neural_solvers.methods.LEHDIteration'}
[2026-01-20 00:40:50,907][EasyNCO.utils.utils][INFO] - settings.module: {'_target_': 'EasyNCO.phases.ARREINFORCELightning', 'method_name': '${model}', 'baseline': 'shared', 'problem_size': '${scale}', 'batch_size': '${batch_size}', 'episodes': '${episodes}', 'val_episode': '${val_episode}', 'optimizer_type': 'Adam', 'scheduler_type': None, 'optimizer_params': {'optimizer': {'lr': 0.0001, 'weight_decay': 1e-06}}, 'decoder_strategy': '${decoder_strategy}', 'every_n_steps_output': 100, 'iteration_params': {'max_steps': 0}}
[2026-01-20 00:40:50,907][EasyNCO.utils.utils][INFO] - settings.model_checkpoint: {'_target_': 'EasyNCO.utils.utils.CustomModelCheckpoint', 'dirpath': 'checkpoints', 'filename': '${model}_${problem}${scale}_{epoch:02d}', 'save_top_k': '${save_top_k}', 'every_n_epochs': '${every_n_epochs}'}
[2026-01-20 00:40:50,907][EasyNCO.utils.utils][INFO] - settings.test_loader: {'model_dirpath': 'pretrained', 'model_filename': 'lehd_tsp100.ckpt'}
GPU available: True (cuda), used: True
TPU available: False, using: 0 TPU cores
IPU available: False, using: 0 IPUs
HPU available: False, using: 0 HPUs
[2026-01-20 00:40:51,534][torch.distributed.nn.jit.instantiator][INFO] - Created a temporary directory at /tmp/tmp7durf3cl
[2026-01-20 00:40:51,534][torch.distributed.nn.jit.instantiator][INFO] - Writing /tmp/tmp7durf3cl/_remote_module_non_scriptable.py
Missing logger folder: tensorboard/
LOCAL_RANK: 0 - CUDA_VISIBLE_DEVICES: [0]
[2026-01-20 00:40:58,112][EasyNCO.phases.rl.ar_reinforce][INFO] - Eval ==>   1/100(1.00%)  Time Est.: Elapsed[0.08m], Remain[7.95m]
[2026-01-20 00:40:58,112][EasyNCO.phases.rl.ar_reinforce][INFO] - Eval ==> Problem[tsp], Size[1000], Completed   1/100(1.00%), Score: 16.7202, Augmented Score: 16.7202
[2026-01-20 00:40:58,112][EasyNCO.phases.rl.ar_reinforce][INFO] - Eval ==> Score Summary: Avg: 0.0000, Avg Augmented: 0.0000
[2026-01-20 00:40:58,112][EasyNCO.phases.rl.ar_reinforce][INFO] - ============================================================================
[2026-01-20 00:41:02,490][EasyNCO.phases.rl.ar_reinforce][INFO] - Eval ==>   2/100(2.00%)  Time Est.: Elapsed[0.15m], Remain[7.51m]
[2026-01-20 00:41:02,490][EasyNCO.phases.rl.ar_reinforce][INFO] - Eval ==> Problem[tsp], Size[1000], Completed   2/100(2.00%), Score: 18.8164, Augmented Score: 18.8164
[2026-01-20 00:41:02,490][EasyNCO.phases.rl.ar_reinforce][INFO] - Eval ==> Score Summary: Avg: 0.0000, Avg Augmented: 0.0000
[2026-01-20 00:41:02,490][EasyNCO.phases.rl.ar_reinforce][INFO] - ============================================================================
[2026-01-20 00:41:06,855][EasyNCO.phases.rl.ar_reinforce][INFO] - Eval ==>   3/100(3.00%)  Time Est.: Elapsed[0.23m], Remain[7.31m]
[2026-01-20 00:41:06,855][EasyNCO.phases.rl.ar_reinforce][INFO] - Eval ==> Problem[tsp], Size[1000], Completed   3/100(3.00%), Score: 17.4760, Augmented Score: 17.4760
[2026-01-20 00:41:06,855][EasyNCO.phases.rl.ar_reinforce][INFO] - Eval ==> Score Summary: Avg: 0.0000, Avg Augmented: 0.0000
[2026-01-20 00:41:06,855][EasyNCO.phases.rl.ar_reinforce][INFO] - ============================================================================
[2026-01-20 00:41:11,226][EasyNCO.phases.rl.ar_reinforce][INFO] - Eval ==>   4/100(4.00%)  Time Est.: Elapsed[0.30m], Remain[7.17m]
[2026-01-20 00:41:11,226][EasyNCO.phases.rl.ar_reinforce][INFO] - Eval ==> Problem[tsp], Size[1000], Completed   4/100(4.00%), Score: 19.3113, Augmented Score: 19.3113
[2026-01-20 00:41:11,226][EasyNCO.phases.rl.ar_reinforce][INFO] - Eval ==> Score Summary: Avg: 0.0000, Avg Augmented: 0.0000
[2026-01-20 00:41:11,226][EasyNCO.phases.rl.ar_reinforce][INFO] - ============================================================================
[2026-01-20 00:41:15,595][EasyNCO.phases.rl.ar_reinforce][INFO] - Eval ==>   5/100(5.00%)  Time Est.: Elapsed[0.37m], Remain[7.06m]
[2026-01-20 00:41:15,595][EasyNCO.phases.rl.ar_reinforce][INFO] - Eval ==> Problem[tsp], Size[1000], Completed   5/100(5.00%), Score: 16.6068, Augmented Score: 16.6068
[2026-01-20 00:41:15,595][EasyNCO.phases.rl.ar_reinforce][INFO] - Eval ==> Score Summary: Avg: 0.0000, Avg Augmented: 0.0000
[2026-01-20 00:41:15,595][EasyNCO.phases.rl.ar_reinforce][INFO] - ============================================================================
[2026-01-20 00:41:19,957][EasyNCO.phases.rl.ar_reinforce][INFO] - Eval ==>   6/100(6.00%)  Time Est.: Elapsed[0.44m], Remain[6.96m]
[2026-01-20 00:41:19,957][EasyNCO.phases.rl.ar_reinforce][INFO] - Eval ==> Problem[tsp], Size[1000], Completed   6/100(6.00%), Score: 20.6866, Augmented Score: 20.6866
[2026-01-20 00:41:19,957][EasyNCO.phases.rl.ar_reinforce][INFO] - Eval ==> Score Summary: Avg: 0.0000, Avg Augmented: 0.0000
[2026-01-20 00:41:19,957][EasyNCO.phases.rl.ar_reinforce][INFO] - ============================================================================
[2026-01-20 00:41:24,326][EasyNCO.phases.rl.ar_reinforce][INFO] - Eval ==>   7/100(7.00%)  Time Est.: Elapsed[0.52m], Remain[6.87m]
[2026-01-20 00:41:24,326][EasyNCO.phases.rl.ar_reinforce][INFO] - Eval ==> Problem[tsp], Size[1000], Completed   7/100(7.00%), Score: 17.6441, Augmented Score: 17.6441
[2026-01-20 00:41:24,326][EasyNCO.phases.rl.ar_reinforce][INFO] - Eval ==> Score Summary: Avg: 0.0000, Avg Augmented: 0.0000
[2026-01-20 00:41:24,327][EasyNCO.phases.rl.ar_reinforce][INFO] - ============================================================================
[2026-01-20 00:41:28,688][EasyNCO.phases.rl.ar_reinforce][INFO] - Eval ==>   8/100(8.00%)  Time Est.: Elapsed[0.59m], Remain[6.78m]
[2026-01-20 00:41:28,689][EasyNCO.phases.rl.ar_reinforce][INFO] - Eval ==> Problem[tsp], Size[1000], Completed   8/100(8.00%), Score: 21.6365, Augmented Score: 21.6365
[2026-01-20 00:41:28,689][EasyNCO.phases.rl.ar_reinforce][INFO] - Eval ==> Score Summary: Avg: 0.0000, Avg Augmented: 0.0000
[2026-01-20 00:41:28,689][EasyNCO.phases.rl.ar_reinforce][INFO] - ============================================================================
[2026-01-20 00:41:33,049][EasyNCO.phases.rl.ar_reinforce][INFO] - Eval ==>   9/100(9.00%)  Time Est.: Elapsed[0.66m], Remain[6.70m]
[2026-01-20 00:41:33,049][EasyNCO.phases.rl.ar_reinforce][INFO] - Eval ==> Problem[tsp], Size[1000], Completed   9/100(9.00%), Score: 17.1173, Augmented Score: 17.1173
[2026-01-20 00:41:33,049][EasyNCO.phases.rl.ar_reinforce][INFO] - Eval ==> Score Summary: Avg: 0.0000, Avg Augmented: 0.0000
[2026-01-20 00:41:33,049][EasyNCO.phases.rl.ar_reinforce][INFO] - ============================================================================
[2026-01-20 00:41:37,413][EasyNCO.phases.rl.ar_reinforce][INFO] - Eval ==>  10/100(10.00%)  Time Est.: Elapsed[0.74m], Remain[6.62m]
[2026-01-20 00:41:37,414][EasyNCO.phases.rl.ar_reinforce][INFO] - Eval ==> Problem[tsp], Size[1000], Completed  10/100(10.00%), Score: 17.5709, Augmented Score: 17.5709
[2026-01-20 00:41:37,414][EasyNCO.phases.rl.ar_reinforce][INFO] - Eval ==> Score Summary: Avg: 0.0000, Avg Augmented: 0.0000
[2026-01-20 00:41:37,414][EasyNCO.phases.rl.ar_reinforce][INFO] - ============================================================================
[2026-01-20 00:41:41,776][EasyNCO.phases.rl.ar_reinforce][INFO] - Eval ==>  11/100(11.00%)  Time Est.: Elapsed[0.81m], Remain[6.54m]
[2026-01-20 00:41:41,776][EasyNCO.phases.rl.ar_reinforce][INFO] - Eval ==> Problem[tsp], Size[1000], Completed  11/100(11.00%), Score: 19.6129, Augmented Score: 19.6129
[2026-01-20 00:41:41,776][EasyNCO.phases.rl.ar_reinforce][INFO] - Eval ==> Score Summary: Avg: 0.0000, Avg Augmented: 0.0000
[2026-01-20 00:41:41,776][EasyNCO.phases.rl.ar_reinforce][INFO] - ============================================================================
[2026-01-20 00:41:46,143][EasyNCO.phases.rl.ar_reinforce][INFO] - Eval ==>  12/100(12.00%)  Time Est.: Elapsed[0.88m], Remain[6.46m]
[2026-01-20 00:41:46,143][EasyNCO.phases.rl.ar_reinforce][INFO] - Eval ==> Problem[tsp], Size[1000], Completed  12/100(12.00%), Score: 17.5508, Augmented Score: 17.5508
[2026-01-20 00:41:46,143][EasyNCO.phases.rl.ar_reinforce][INFO] - Eval ==> Score Summary: Avg: 0.0000, Avg Augmented: 0.0000
[2026-01-20 00:41:46,143][EasyNCO.phases.rl.ar_reinforce][INFO] - ============================================================================
[2026-01-20 00:41:50,514][EasyNCO.phases.rl.ar_reinforce][INFO] - Eval ==>  13/100(13.00%)  Time Est.: Elapsed[0.95m], Remain[6.38m]
[2026-01-20 00:41:50,514][EasyNCO.phases.rl.ar_reinforce][INFO] - Eval ==> Problem[tsp], Size[1000], Completed  13/100(13.00%), Score: 17.3347, Augmented Score: 17.3347
[2026-01-20 00:41:50,515][EasyNCO.phases.rl.ar_reinforce][INFO] - Eval ==> Score Summary: Avg: 0.0000, Avg Augmented: 0.0000
[2026-01-20 00:41:50,515][EasyNCO.phases.rl.ar_reinforce][INFO] - ============================================================================
[2026-01-20 00:41:54,881][EasyNCO.phases.rl.ar_reinforce][INFO] - Eval ==>  14/100(14.00%)  Time Est.: Elapsed[1.03m], Remain[6.31m]
[2026-01-20 00:41:54,881][EasyNCO.phases.rl.ar_reinforce][INFO] - Eval ==> Problem[tsp], Size[1000], Completed  14/100(14.00%), Score: 17.5820, Augmented Score: 17.5820
[2026-01-20 00:41:54,881][EasyNCO.phases.rl.ar_reinforce][INFO] - Eval ==> Score Summary: Avg: 0.0000, Avg Augmented: 0.0000
[2026-01-20 00:41:54,881][EasyNCO.phases.rl.ar_reinforce][INFO] - ============================================================================
[2026-01-20 00:41:59,247][EasyNCO.phases.rl.ar_reinforce][INFO] - Eval ==>  15/100(15.00%)  Time Est.: Elapsed[1.10m], Remain[6.23m]
[2026-01-20 00:41:59,247][EasyNCO.phases.rl.ar_reinforce][INFO] - Eval ==> Problem[tsp], Size[1000], Completed  15/100(15.00%), Score: 19.0748, Augmented Score: 19.0748
[2026-01-20 00:41:59,247][EasyNCO.phases.rl.ar_reinforce][INFO] - Eval ==> Score Summary: Avg: 0.0000, Avg Augmented: 0.0000
[2026-01-20 00:41:59,247][EasyNCO.phases.rl.ar_reinforce][INFO] - ============================================================================
[2026-01-20 00:42:03,608][EasyNCO.phases.rl.ar_reinforce][INFO] - Eval ==>  16/100(16.00%)  Time Est.: Elapsed[1.17m], Remain[6.15m]
[2026-01-20 00:42:03,609][EasyNCO.phases.rl.ar_reinforce][INFO] - Eval ==> Problem[tsp], Size[1000], Completed  16/100(16.00%), Score: 18.5894, Augmented Score: 18.5894
[2026-01-20 00:42:03,609][EasyNCO.phases.rl.ar_reinforce][INFO] - Eval ==> Score Summary: Avg: 0.0000, Avg Augmented: 0.0000
[2026-01-20 00:42:03,609][EasyNCO.phases.rl.ar_reinforce][INFO] - ============================================================================
[2026-01-20 00:42:07,971][EasyNCO.phases.rl.ar_reinforce][INFO] - Eval ==>  17/100(17.00%)  Time Est.: Elapsed[1.24m], Remain[6.08m]
[2026-01-20 00:42:07,971][EasyNCO.phases.rl.ar_reinforce][INFO] - Eval ==> Problem[tsp], Size[1000], Completed  17/100(17.00%), Score: 18.1597, Augmented Score: 18.1597
[2026-01-20 00:42:07,971][EasyNCO.phases.rl.ar_reinforce][INFO] - Eval ==> Score Summary: Avg: 0.0000, Avg Augmented: 0.0000
[2026-01-20 00:42:07,971][EasyNCO.phases.rl.ar_reinforce][INFO] - ============================================================================
[2026-01-20 00:42:12,342][EasyNCO.phases.rl.ar_reinforce][INFO] - Eval ==>  18/100(18.00%)  Time Est.: Elapsed[1.32m], Remain[6.00m]
[2026-01-20 00:42:12,342][EasyNCO.phases.rl.ar_reinforce][INFO] - Eval ==> Problem[tsp], Size[1000], Completed  18/100(18.00%), Score: 18.2002, Augmented Score: 18.2002
[2026-01-20 00:42:12,342][EasyNCO.phases.rl.ar_reinforce][INFO] - Eval ==> Score Summary: Avg: 0.0000, Avg Augmented: 0.0000
[2026-01-20 00:42:12,342][EasyNCO.phases.rl.ar_reinforce][INFO] - ============================================================================
[2026-01-20 00:42:16,713][EasyNCO.phases.rl.ar_reinforce][INFO] - Eval ==>  19/100(19.00%)  Time Est.: Elapsed[1.39m], Remain[5.93m]
[2026-01-20 00:42:16,713][EasyNCO.phases.rl.ar_reinforce][INFO] - Eval ==> Problem[tsp], Size[1000], Completed  19/100(19.00%), Score: 21.7946, Augmented Score: 21.7946
[2026-01-20 00:42:16,713][EasyNCO.phases.rl.ar_reinforce][INFO] - Eval ==> Score Summary: Avg: 0.0000, Avg Augmented: 0.0000
[2026-01-20 00:42:16,713][EasyNCO.phases.rl.ar_reinforce][INFO] - ============================================================================
[2026-01-20 00:42:21,081][EasyNCO.phases.rl.ar_reinforce][INFO] - Eval ==>  20/100(20.00%)  Time Est.: Elapsed[1.46m], Remain[5.85m]
[2026-01-20 00:42:21,081][EasyNCO.phases.rl.ar_reinforce][INFO] - Eval ==> Problem[tsp], Size[1000], Completed  20/100(20.00%), Score: 17.2031, Augmented Score: 17.2031
[2026-01-20 00:42:21,081][EasyNCO.phases.rl.ar_reinforce][INFO] - Eval ==> Score Summary: Avg: 0.0000, Avg Augmented: 0.0000
[2026-01-20 00:42:21,081][EasyNCO.phases.rl.ar_reinforce][INFO] - ============================================================================
[2026-01-20 00:42:25,445][EasyNCO.phases.rl.ar_reinforce][INFO] - Eval ==>  21/100(21.00%)  Time Est.: Elapsed[1.54m], Remain[5.78m]
[2026-01-20 00:42:25,445][EasyNCO.phases.rl.ar_reinforce][INFO] - Eval ==> Problem[tsp], Size[1000], Completed  21/100(21.00%), Score: 17.8913, Augmented Score: 17.8913
[2026-01-20 00:42:25,445][EasyNCO.phases.rl.ar_reinforce][INFO] - Eval ==> Score Summary: Avg: 0.0000, Avg Augmented: 0.0000
[2026-01-20 00:42:25,445][EasyNCO.phases.rl.ar_reinforce][INFO] - ============================================================================
[2026-01-20 00:42:29,807][EasyNCO.phases.rl.ar_reinforce][INFO] - Eval ==>  22/100(22.00%)  Time Est.: Elapsed[1.61m], Remain[5.70m]
[2026-01-20 00:42:29,808][EasyNCO.phases.rl.ar_reinforce][INFO] - Eval ==> Problem[tsp], Size[1000], Completed  22/100(22.00%), Score: 18.1274, Augmented Score: 18.1274
[2026-01-20 00:42:29,808][EasyNCO.phases.rl.ar_reinforce][INFO] - Eval ==> Score Summary: Avg: 0.0000, Avg Augmented: 0.0000
[2026-01-20 00:42:29,808][EasyNCO.phases.rl.ar_reinforce][INFO] - ============================================================================
[2026-01-20 00:42:34,167][EasyNCO.phases.rl.ar_reinforce][INFO] - Eval ==>  23/100(23.00%)  Time Est.: Elapsed[1.68m], Remain[5.63m]
[2026-01-20 00:42:34,167][EasyNCO.phases.rl.ar_reinforce][INFO] - Eval ==> Problem[tsp], Size[1000], Completed  23/100(23.00%), Score: 17.1867, Augmented Score: 17.1867
[2026-01-20 00:42:34,167][EasyNCO.phases.rl.ar_reinforce][INFO] - Eval ==> Score Summary: Avg: 0.0000, Avg Augmented: 0.0000
[2026-01-20 00:42:34,167][EasyNCO.phases.rl.ar_reinforce][INFO] - ============================================================================
[2026-01-20 00:42:38,523][EasyNCO.phases.rl.ar_reinforce][INFO] - Eval ==>  24/100(24.00%)  Time Est.: Elapsed[1.75m], Remain[5.55m]
[2026-01-20 00:42:38,523][EasyNCO.phases.rl.ar_reinforce][INFO] - Eval ==> Problem[tsp], Size[1000], Completed  24/100(24.00%), Score: 18.7813, Augmented Score: 18.7813
[2026-01-20 00:42:38,523][EasyNCO.phases.rl.ar_reinforce][INFO] - Eval ==> Score Summary: Avg: 0.0000, Avg Augmented: 0.0000
[2026-01-20 00:42:38,523][EasyNCO.phases.rl.ar_reinforce][INFO] - ============================================================================
[2026-01-20 00:42:42,879][EasyNCO.phases.rl.ar_reinforce][INFO] - Eval ==>  25/100(25.00%)  Time Est.: Elapsed[1.83m], Remain[5.48m]
[2026-01-20 00:42:42,879][EasyNCO.phases.rl.ar_reinforce][INFO] - Eval ==> Problem[tsp], Size[1000], Completed  25/100(25.00%), Score: 18.2650, Augmented Score: 18.2650
[2026-01-20 00:42:42,879][EasyNCO.phases.rl.ar_reinforce][INFO] - Eval ==> Score Summary: Avg: 0.0000, Avg Augmented: 0.0000
[2026-01-20 00:42:42,879][EasyNCO.phases.rl.ar_reinforce][INFO] - ============================================================================
[2026-01-20 00:42:47,244][EasyNCO.phases.rl.ar_reinforce][INFO] - Eval ==>  26/100(26.00%)  Time Est.: Elapsed[1.90m], Remain[5.41m]
[2026-01-20 00:42:47,244][EasyNCO.phases.rl.ar_reinforce][INFO] - Eval ==> Problem[tsp], Size[1000], Completed  26/100(26.00%), Score: 21.3795, Augmented Score: 21.3795
[2026-01-20 00:42:47,244][EasyNCO.phases.rl.ar_reinforce][INFO] - Eval ==> Score Summary: Avg: 0.0000, Avg Augmented: 0.0000
[2026-01-20 00:42:47,244][EasyNCO.phases.rl.ar_reinforce][INFO] - ============================================================================
[2026-01-20 00:42:51,607][EasyNCO.phases.rl.ar_reinforce][INFO] - Eval ==>  27/100(27.00%)  Time Est.: Elapsed[1.97m], Remain[5.33m]
[2026-01-20 00:42:51,607][EasyNCO.phases.rl.ar_reinforce][INFO] - Eval ==> Problem[tsp], Size[1000], Completed  27/100(27.00%), Score: 19.3026, Augmented Score: 19.3026
[2026-01-20 00:42:51,607][EasyNCO.phases.rl.ar_reinforce][INFO] - Eval ==> Score Summary: Avg: 0.0000, Avg Augmented: 0.0000
[2026-01-20 00:42:51,607][EasyNCO.phases.rl.ar_reinforce][INFO] - ============================================================================
[2026-01-20 00:42:55,970][EasyNCO.phases.rl.ar_reinforce][INFO] - Eval ==>  28/100(28.00%)  Time Est.: Elapsed[2.04m], Remain[5.26m]
[2026-01-20 00:42:55,970][EasyNCO.phases.rl.ar_reinforce][INFO] - Eval ==> Problem[tsp], Size[1000], Completed  28/100(28.00%), Score: 15.4896, Augmented Score: 15.4896
[2026-01-20 00:42:55,970][EasyNCO.phases.rl.ar_reinforce][INFO] - Eval ==> Score Summary: Avg: 0.0000, Avg Augmented: 0.0000
[2026-01-20 00:42:55,970][EasyNCO.phases.rl.ar_reinforce][INFO] - ============================================================================
[2026-01-20 00:43:00,332][EasyNCO.phases.rl.ar_reinforce][INFO] - Eval ==>  29/100(29.00%)  Time Est.: Elapsed[2.12m], Remain[5.18m]
[2026-01-20 00:43:00,332][EasyNCO.phases.rl.ar_reinforce][INFO] - Eval ==> Problem[tsp], Size[1000], Completed  29/100(29.00%), Score: 18.3092, Augmented Score: 18.3092
[2026-01-20 00:43:00,332][EasyNCO.phases.rl.ar_reinforce][INFO] - Eval ==> Score Summary: Avg: 0.0000, Avg Augmented: 0.0000
[2026-01-20 00:43:00,332][EasyNCO.phases.rl.ar_reinforce][INFO] - ============================================================================
[2026-01-20 00:43:04,687][EasyNCO.phases.rl.ar_reinforce][INFO] - Eval ==>  30/100(30.00%)  Time Est.: Elapsed[2.19m], Remain[5.11m]
[2026-01-20 00:43:04,687][EasyNCO.phases.rl.ar_reinforce][INFO] - Eval ==> Problem[tsp], Size[1000], Completed  30/100(30.00%), Score: 16.9353, Augmented Score: 16.9353
[2026-01-20 00:43:04,687][EasyNCO.phases.rl.ar_reinforce][INFO] - Eval ==> Score Summary: Avg: 0.0000, Avg Augmented: 0.0000
[2026-01-20 00:43:04,687][EasyNCO.phases.rl.ar_reinforce][INFO] - ============================================================================
[2026-01-20 00:43:09,047][EasyNCO.phases.rl.ar_reinforce][INFO] - Eval ==>  31/100(31.00%)  Time Est.: Elapsed[2.26m], Remain[5.04m]
[2026-01-20 00:43:09,047][EasyNCO.phases.rl.ar_reinforce][INFO] - Eval ==> Problem[tsp], Size[1000], Completed  31/100(31.00%), Score: 16.7260, Augmented Score: 16.7260
[2026-01-20 00:43:09,047][EasyNCO.phases.rl.ar_reinforce][INFO] - Eval ==> Score Summary: Avg: 0.0000, Avg Augmented: 0.0000
[2026-01-20 00:43:09,047][EasyNCO.phases.rl.ar_reinforce][INFO] - ============================================================================
[2026-01-20 00:43:13,409][EasyNCO.phases.rl.ar_reinforce][INFO] - Eval ==>  32/100(32.00%)  Time Est.: Elapsed[2.34m], Remain[4.96m]
[2026-01-20 00:43:13,409][EasyNCO.phases.rl.ar_reinforce][INFO] - Eval ==> Problem[tsp], Size[1000], Completed  32/100(32.00%), Score: 16.7430, Augmented Score: 16.7430
[2026-01-20 00:43:13,409][EasyNCO.phases.rl.ar_reinforce][INFO] - Eval ==> Score Summary: Avg: 0.0000, Avg Augmented: 0.0000
[2026-01-20 00:43:13,409][EasyNCO.phases.rl.ar_reinforce][INFO] - ============================================================================
[2026-01-20 00:43:17,771][EasyNCO.phases.rl.ar_reinforce][INFO] - Eval ==>  33/100(33.00%)  Time Est.: Elapsed[2.41m], Remain[4.89m]
[2026-01-20 00:43:17,771][EasyNCO.phases.rl.ar_reinforce][INFO] - Eval ==> Problem[tsp], Size[1000], Completed  33/100(33.00%), Score: 18.5660, Augmented Score: 18.5660
[2026-01-20 00:43:17,771][EasyNCO.phases.rl.ar_reinforce][INFO] - Eval ==> Score Summary: Avg: 0.0000, Avg Augmented: 0.0000
[2026-01-20 00:43:17,771][EasyNCO.phases.rl.ar_reinforce][INFO] - ============================================================================
[2026-01-20 00:43:22,136][EasyNCO.phases.rl.ar_reinforce][INFO] - Eval ==>  34/100(34.00%)  Time Est.: Elapsed[2.48m], Remain[4.82m]
[2026-01-20 00:43:22,137][EasyNCO.phases.rl.ar_reinforce][INFO] - Eval ==> Problem[tsp], Size[1000], Completed  34/100(34.00%), Score: 18.3946, Augmented Score: 18.3946
[2026-01-20 00:43:22,137][EasyNCO.phases.rl.ar_reinforce][INFO] - Eval ==> Score Summary: Avg: 0.0000, Avg Augmented: 0.0000
[2026-01-20 00:43:22,137][EasyNCO.phases.rl.ar_reinforce][INFO] - ============================================================================
[2026-01-20 00:43:26,495][EasyNCO.phases.rl.ar_reinforce][INFO] - Eval ==>  35/100(35.00%)  Time Est.: Elapsed[2.55m], Remain[4.74m]
[2026-01-20 00:43:26,495][EasyNCO.phases.rl.ar_reinforce][INFO] - Eval ==> Problem[tsp], Size[1000], Completed  35/100(35.00%), Score: 20.4953, Augmented Score: 20.4953
[2026-01-20 00:43:26,496][EasyNCO.phases.rl.ar_reinforce][INFO] - Eval ==> Score Summary: Avg: 0.0000, Avg Augmented: 0.0000
[2026-01-20 00:43:26,496][EasyNCO.phases.rl.ar_reinforce][INFO] - ============================================================================
[2026-01-20 00:43:30,859][EasyNCO.phases.rl.ar_reinforce][INFO] - Eval ==>  36/100(36.00%)  Time Est.: Elapsed[2.63m], Remain[4.67m]
[2026-01-20 00:43:30,859][EasyNCO.phases.rl.ar_reinforce][INFO] - Eval ==> Problem[tsp], Size[1000], Completed  36/100(36.00%), Score: 18.2973, Augmented Score: 18.2973
[2026-01-20 00:43:30,859][EasyNCO.phases.rl.ar_reinforce][INFO] - Eval ==> Score Summary: Avg: 0.0000, Avg Augmented: 0.0000
[2026-01-20 00:43:30,859][EasyNCO.phases.rl.ar_reinforce][INFO] - ============================================================================
[2026-01-20 00:43:35,221][EasyNCO.phases.rl.ar_reinforce][INFO] - Eval ==>  37/100(37.00%)  Time Est.: Elapsed[2.70m], Remain[4.60m]
[2026-01-20 00:43:35,222][EasyNCO.phases.rl.ar_reinforce][INFO] - Eval ==> Problem[tsp], Size[1000], Completed  37/100(37.00%), Score: 19.8969, Augmented Score: 19.8969
[2026-01-20 00:43:35,222][EasyNCO.phases.rl.ar_reinforce][INFO] - Eval ==> Score Summary: Avg: 0.0000, Avg Augmented: 0.0000
[2026-01-20 00:43:35,222][EasyNCO.phases.rl.ar_reinforce][INFO] - ============================================================================
[2026-01-20 00:43:39,582][EasyNCO.phases.rl.ar_reinforce][INFO] - Eval ==>  38/100(38.00%)  Time Est.: Elapsed[2.77m], Remain[4.52m]
[2026-01-20 00:43:39,582][EasyNCO.phases.rl.ar_reinforce][INFO] - Eval ==> Problem[tsp], Size[1000], Completed  38/100(38.00%), Score: 16.5154, Augmented Score: 16.5154
[2026-01-20 00:43:39,582][EasyNCO.phases.rl.ar_reinforce][INFO] - Eval ==> Score Summary: Avg: 0.0000, Avg Augmented: 0.0000
[2026-01-20 00:43:39,582][EasyNCO.phases.rl.ar_reinforce][INFO] - ============================================================================
[2026-01-20 00:43:43,940][EasyNCO.phases.rl.ar_reinforce][INFO] - Eval ==>  39/100(39.00%)  Time Est.: Elapsed[2.84m], Remain[4.45m]
[2026-01-20 00:43:43,940][EasyNCO.phases.rl.ar_reinforce][INFO] - Eval ==> Problem[tsp], Size[1000], Completed  39/100(39.00%), Score: 16.1232, Augmented Score: 16.1232
[2026-01-20 00:43:43,940][EasyNCO.phases.rl.ar_reinforce][INFO] - Eval ==> Score Summary: Avg: 0.0000, Avg Augmented: 0.0000
[2026-01-20 00:43:43,940][EasyNCO.phases.rl.ar_reinforce][INFO] - ============================================================================
[2026-01-20 00:43:48,301][EasyNCO.phases.rl.ar_reinforce][INFO] - Eval ==>  40/100(40.00%)  Time Est.: Elapsed[2.92m], Remain[4.38m]
[2026-01-20 00:43:48,301][EasyNCO.phases.rl.ar_reinforce][INFO] - Eval ==> Problem[tsp], Size[1000], Completed  40/100(40.00%), Score: 17.1110, Augmented Score: 17.1110
[2026-01-20 00:43:48,301][EasyNCO.phases.rl.ar_reinforce][INFO] - Eval ==> Score Summary: Avg: 0.0000, Avg Augmented: 0.0000
[2026-01-20 00:43:48,301][EasyNCO.phases.rl.ar_reinforce][INFO] - ============================================================================
[2026-01-20 00:43:52,664][EasyNCO.phases.rl.ar_reinforce][INFO] - Eval ==>  41/100(41.00%)  Time Est.: Elapsed[2.99m], Remain[4.30m]
[2026-01-20 00:43:52,664][EasyNCO.phases.rl.ar_reinforce][INFO] - Eval ==> Problem[tsp], Size[1000], Completed  41/100(41.00%), Score: 15.8521, Augmented Score: 15.8521
[2026-01-20 00:43:52,664][EasyNCO.phases.rl.ar_reinforce][INFO] - Eval ==> Score Summary: Avg: 0.0000, Avg Augmented: 0.0000
[2026-01-20 00:43:52,664][EasyNCO.phases.rl.ar_reinforce][INFO] - ============================================================================
[2026-01-20 00:43:57,025][EasyNCO.phases.rl.ar_reinforce][INFO] - Eval ==>  42/100(42.00%)  Time Est.: Elapsed[3.06m], Remain[4.23m]
[2026-01-20 00:43:57,025][EasyNCO.phases.rl.ar_reinforce][INFO] - Eval ==> Problem[tsp], Size[1000], Completed  42/100(42.00%), Score: 21.6126, Augmented Score: 21.6126
[2026-01-20 00:43:57,025][EasyNCO.phases.rl.ar_reinforce][INFO] - Eval ==> Score Summary: Avg: 0.0000, Avg Augmented: 0.0000
[2026-01-20 00:43:57,025][EasyNCO.phases.rl.ar_reinforce][INFO] - ============================================================================
[2026-01-20 00:44:01,386][EasyNCO.phases.rl.ar_reinforce][INFO] - Eval ==>  43/100(43.00%)  Time Est.: Elapsed[3.13m], Remain[4.16m]
[2026-01-20 00:44:01,386][EasyNCO.phases.rl.ar_reinforce][INFO] - Eval ==> Problem[tsp], Size[1000], Completed  43/100(43.00%), Score: 16.4497, Augmented Score: 16.4497
[2026-01-20 00:44:01,386][EasyNCO.phases.rl.ar_reinforce][INFO] - Eval ==> Score Summary: Avg: 0.0000, Avg Augmented: 0.0000
[2026-01-20 00:44:01,387][EasyNCO.phases.rl.ar_reinforce][INFO] - ============================================================================
[2026-01-20 00:44:05,750][EasyNCO.phases.rl.ar_reinforce][INFO] - Eval ==>  44/100(44.00%)  Time Est.: Elapsed[3.21m], Remain[4.08m]
[2026-01-20 00:44:05,750][EasyNCO.phases.rl.ar_reinforce][INFO] - Eval ==> Problem[tsp], Size[1000], Completed  44/100(44.00%), Score: 17.8399, Augmented Score: 17.8399
[2026-01-20 00:44:05,750][EasyNCO.phases.rl.ar_reinforce][INFO] - Eval ==> Score Summary: Avg: 0.0000, Avg Augmented: 0.0000
[2026-01-20 00:44:05,751][EasyNCO.phases.rl.ar_reinforce][INFO] - ============================================================================
[2026-01-20 00:44:10,111][EasyNCO.phases.rl.ar_reinforce][INFO] - Eval ==>  45/100(45.00%)  Time Est.: Elapsed[3.28m], Remain[4.01m]
[2026-01-20 00:44:10,111][EasyNCO.phases.rl.ar_reinforce][INFO] - Eval ==> Problem[tsp], Size[1000], Completed  45/100(45.00%), Score: 19.4121, Augmented Score: 19.4121
[2026-01-20 00:44:10,111][EasyNCO.phases.rl.ar_reinforce][INFO] - Eval ==> Score Summary: Avg: 0.0000, Avg Augmented: 0.0000
[2026-01-20 00:44:10,111][EasyNCO.phases.rl.ar_reinforce][INFO] - ============================================================================
[2026-01-20 00:44:14,472][EasyNCO.phases.rl.ar_reinforce][INFO] - Eval ==>  46/100(46.00%)  Time Est.: Elapsed[3.35m], Remain[3.94m]
[2026-01-20 00:44:14,472][EasyNCO.phases.rl.ar_reinforce][INFO] - Eval ==> Problem[tsp], Size[1000], Completed  46/100(46.00%), Score: 19.8275, Augmented Score: 19.8275
[2026-01-20 00:44:14,472][EasyNCO.phases.rl.ar_reinforce][INFO] - Eval ==> Score Summary: Avg: 0.0000, Avg Augmented: 0.0000
[2026-01-20 00:44:14,472][EasyNCO.phases.rl.ar_reinforce][INFO] - ============================================================================
[2026-01-20 00:44:18,835][EasyNCO.phases.rl.ar_reinforce][INFO] - Eval ==>  47/100(47.00%)  Time Est.: Elapsed[3.43m], Remain[3.86m]
[2026-01-20 00:44:18,835][EasyNCO.phases.rl.ar_reinforce][INFO] - Eval ==> Problem[tsp], Size[1000], Completed  47/100(47.00%), Score: 17.9148, Augmented Score: 17.9148
[2026-01-20 00:44:18,835][EasyNCO.phases.rl.ar_reinforce][INFO] - Eval ==> Score Summary: Avg: 0.0000, Avg Augmented: 0.0000
[2026-01-20 00:44:18,835][EasyNCO.phases.rl.ar_reinforce][INFO] - ============================================================================
[2026-01-20 00:44:23,199][EasyNCO.phases.rl.ar_reinforce][INFO] - Eval ==>  48/100(48.00%)  Time Est.: Elapsed[3.50m], Remain[3.79m]
[2026-01-20 00:44:23,199][EasyNCO.phases.rl.ar_reinforce][INFO] - Eval ==> Problem[tsp], Size[1000], Completed  48/100(48.00%), Score: 17.5980, Augmented Score: 17.5980
[2026-01-20 00:44:23,199][EasyNCO.phases.rl.ar_reinforce][INFO] - Eval ==> Score Summary: Avg: 0.0000, Avg Augmented: 0.0000
[2026-01-20 00:44:23,199][EasyNCO.phases.rl.ar_reinforce][INFO] - ============================================================================
[2026-01-20 00:44:27,564][EasyNCO.phases.rl.ar_reinforce][INFO] - Eval ==>  49/100(49.00%)  Time Est.: Elapsed[3.57m], Remain[3.72m]
[2026-01-20 00:44:27,564][EasyNCO.phases.rl.ar_reinforce][INFO] - Eval ==> Problem[tsp], Size[1000], Completed  49/100(49.00%), Score: 16.9644, Augmented Score: 16.9644
[2026-01-20 00:44:27,564][EasyNCO.phases.rl.ar_reinforce][INFO] - Eval ==> Score Summary: Avg: 0.0000, Avg Augmented: 0.0000
[2026-01-20 00:44:27,564][EasyNCO.phases.rl.ar_reinforce][INFO] - ============================================================================
[2026-01-20 00:44:31,925][EasyNCO.phases.rl.ar_reinforce][INFO] - Eval ==>  50/100(50.00%)  Time Est.: Elapsed[3.64m], Remain[3.64m]
[2026-01-20 00:44:31,925][EasyNCO.phases.rl.ar_reinforce][INFO] - Eval ==> Problem[tsp], Size[1000], Completed  50/100(50.00%), Score: 16.2745, Augmented Score: 16.2745
[2026-01-20 00:44:31,925][EasyNCO.phases.rl.ar_reinforce][INFO] - Eval ==> Score Summary: Avg: 0.0000, Avg Augmented: 0.0000
[2026-01-20 00:44:31,925][EasyNCO.phases.rl.ar_reinforce][INFO] - ============================================================================
[2026-01-20 00:44:36,284][EasyNCO.phases.rl.ar_reinforce][INFO] - Eval ==>  51/100(51.00%)  Time Est.: Elapsed[3.72m], Remain[3.57m]
[2026-01-20 00:44:36,284][EasyNCO.phases.rl.ar_reinforce][INFO] - Eval ==> Problem[tsp], Size[1000], Completed  51/100(51.00%), Score: 19.4544, Augmented Score: 19.4544
[2026-01-20 00:44:36,284][EasyNCO.phases.rl.ar_reinforce][INFO] - Eval ==> Score Summary: Avg: 0.0000, Avg Augmented: 0.0000
[2026-01-20 00:44:36,284][EasyNCO.phases.rl.ar_reinforce][INFO] - ============================================================================
[2026-01-20 00:44:40,646][EasyNCO.phases.rl.ar_reinforce][INFO] - Eval ==>  52/100(52.00%)  Time Est.: Elapsed[3.79m], Remain[3.50m]
[2026-01-20 00:44:40,646][EasyNCO.phases.rl.ar_reinforce][INFO] - Eval ==> Problem[tsp], Size[1000], Completed  52/100(52.00%), Score: 20.4180, Augmented Score: 20.4180
[2026-01-20 00:44:40,646][EasyNCO.phases.rl.ar_reinforce][INFO] - Eval ==> Score Summary: Avg: 0.0000, Avg Augmented: 0.0000
[2026-01-20 00:44:40,646][EasyNCO.phases.rl.ar_reinforce][INFO] - ============================================================================
[2026-01-20 00:44:45,005][EasyNCO.phases.rl.ar_reinforce][INFO] - Eval ==>  53/100(53.00%)  Time Est.: Elapsed[3.86m], Remain[3.42m]
[2026-01-20 00:44:45,005][EasyNCO.phases.rl.ar_reinforce][INFO] - Eval ==> Problem[tsp], Size[1000], Completed  53/100(53.00%), Score: 16.6295, Augmented Score: 16.6295
[2026-01-20 00:44:45,005][EasyNCO.phases.rl.ar_reinforce][INFO] - Eval ==> Score Summary: Avg: 0.0000, Avg Augmented: 0.0000
[2026-01-20 00:44:45,005][EasyNCO.phases.rl.ar_reinforce][INFO] - ============================================================================
[2026-01-20 00:44:49,361][EasyNCO.phases.rl.ar_reinforce][INFO] - Eval ==>  54/100(54.00%)  Time Est.: Elapsed[3.93m], Remain[3.35m]
[2026-01-20 00:44:49,361][EasyNCO.phases.rl.ar_reinforce][INFO] - Eval ==> Problem[tsp], Size[1000], Completed  54/100(54.00%), Score: 18.2207, Augmented Score: 18.2207
[2026-01-20 00:44:49,361][EasyNCO.phases.rl.ar_reinforce][INFO] - Eval ==> Score Summary: Avg: 0.0000, Avg Augmented: 0.0000
[2026-01-20 00:44:49,361][EasyNCO.phases.rl.ar_reinforce][INFO] - ============================================================================
[2026-01-20 00:44:53,721][EasyNCO.phases.rl.ar_reinforce][INFO] - Eval ==>  55/100(55.00%)  Time Est.: Elapsed[4.01m], Remain[3.28m]
[2026-01-20 00:44:53,721][EasyNCO.phases.rl.ar_reinforce][INFO] - Eval ==> Problem[tsp], Size[1000], Completed  55/100(55.00%), Score: 20.5648, Augmented Score: 20.5648
[2026-01-20 00:44:53,721][EasyNCO.phases.rl.ar_reinforce][INFO] - Eval ==> Score Summary: Avg: 0.0000, Avg Augmented: 0.0000
[2026-01-20 00:44:53,721][EasyNCO.phases.rl.ar_reinforce][INFO] - ============================================================================
[2026-01-20 00:44:58,082][EasyNCO.phases.rl.ar_reinforce][INFO] - Eval ==>  56/100(56.00%)  Time Est.: Elapsed[4.08m], Remain[3.21m]
[2026-01-20 00:44:58,082][EasyNCO.phases.rl.ar_reinforce][INFO] - Eval ==> Problem[tsp], Size[1000], Completed  56/100(56.00%), Score: 15.7632, Augmented Score: 15.7632
[2026-01-20 00:44:58,082][EasyNCO.phases.rl.ar_reinforce][INFO] - Eval ==> Score Summary: Avg: 0.0000, Avg Augmented: 0.0000
[2026-01-20 00:44:58,082][EasyNCO.phases.rl.ar_reinforce][INFO] - ============================================================================
[2026-01-20 00:45:02,444][EasyNCO.phases.rl.ar_reinforce][INFO] - Eval ==>  57/100(57.00%)  Time Est.: Elapsed[4.15m], Remain[3.13m]
[2026-01-20 00:45:02,444][EasyNCO.phases.rl.ar_reinforce][INFO] - Eval ==> Problem[tsp], Size[1000], Completed  57/100(57.00%), Score: 17.4282, Augmented Score: 17.4282
[2026-01-20 00:45:02,444][EasyNCO.phases.rl.ar_reinforce][INFO] - Eval ==> Score Summary: Avg: 0.0000, Avg Augmented: 0.0000
[2026-01-20 00:45:02,444][EasyNCO.phases.rl.ar_reinforce][INFO] - ============================================================================
[2026-01-20 00:45:06,799][EasyNCO.phases.rl.ar_reinforce][INFO] - Eval ==>  58/100(58.00%)  Time Est.: Elapsed[4.23m], Remain[3.06m]
[2026-01-20 00:45:06,799][EasyNCO.phases.rl.ar_reinforce][INFO] - Eval ==> Problem[tsp], Size[1000], Completed  58/100(58.00%), Score: 18.1567, Augmented Score: 18.1567
[2026-01-20 00:45:06,799][EasyNCO.phases.rl.ar_reinforce][INFO] - Eval ==> Score Summary: Avg: 0.0000, Avg Augmented: 0.0000
[2026-01-20 00:45:06,799][EasyNCO.phases.rl.ar_reinforce][INFO] - ============================================================================
[2026-01-20 00:45:11,161][EasyNCO.phases.rl.ar_reinforce][INFO] - Eval ==>  59/100(59.00%)  Time Est.: Elapsed[4.30m], Remain[2.99m]
[2026-01-20 00:45:11,161][EasyNCO.phases.rl.ar_reinforce][INFO] - Eval ==> Problem[tsp], Size[1000], Completed  59/100(59.00%), Score: 16.4857, Augmented Score: 16.4857
[2026-01-20 00:45:11,161][EasyNCO.phases.rl.ar_reinforce][INFO] - Eval ==> Score Summary: Avg: 0.0000, Avg Augmented: 0.0000
[2026-01-20 00:45:11,161][EasyNCO.phases.rl.ar_reinforce][INFO] - ============================================================================
[2026-01-20 00:45:15,526][EasyNCO.phases.rl.ar_reinforce][INFO] - Eval ==>  60/100(60.00%)  Time Est.: Elapsed[4.37m], Remain[2.91m]
[2026-01-20 00:45:15,527][EasyNCO.phases.rl.ar_reinforce][INFO] - Eval ==> Problem[tsp], Size[1000], Completed  60/100(60.00%), Score: 17.2644, Augmented Score: 17.2644
[2026-01-20 00:45:15,527][EasyNCO.phases.rl.ar_reinforce][INFO] - Eval ==> Score Summary: Avg: 0.0000, Avg Augmented: 0.0000
[2026-01-20 00:45:15,527][EasyNCO.phases.rl.ar_reinforce][INFO] - ============================================================================
[2026-01-20 00:45:19,887][EasyNCO.phases.rl.ar_reinforce][INFO] - Eval ==>  61/100(61.00%)  Time Est.: Elapsed[4.44m], Remain[2.84m]
[2026-01-20 00:45:19,887][EasyNCO.phases.rl.ar_reinforce][INFO] - Eval ==> Problem[tsp], Size[1000], Completed  61/100(61.00%), Score: 20.2230, Augmented Score: 20.2230
[2026-01-20 00:45:19,887][EasyNCO.phases.rl.ar_reinforce][INFO] - Eval ==> Score Summary: Avg: 0.0000, Avg Augmented: 0.0000
[2026-01-20 00:45:19,887][EasyNCO.phases.rl.ar_reinforce][INFO] - ============================================================================
[2026-01-20 00:45:24,247][EasyNCO.phases.rl.ar_reinforce][INFO] - Eval ==>  62/100(62.00%)  Time Est.: Elapsed[4.52m], Remain[2.77m]
[2026-01-20 00:45:24,247][EasyNCO.phases.rl.ar_reinforce][INFO] - Eval ==> Problem[tsp], Size[1000], Completed  62/100(62.00%), Score: 20.3235, Augmented Score: 20.3235
[2026-01-20 00:45:24,247][EasyNCO.phases.rl.ar_reinforce][INFO] - Eval ==> Score Summary: Avg: 0.0000, Avg Augmented: 0.0000
[2026-01-20 00:45:24,247][EasyNCO.phases.rl.ar_reinforce][INFO] - ============================================================================
[2026-01-20 00:45:28,605][EasyNCO.phases.rl.ar_reinforce][INFO] - Eval ==>  63/100(63.00%)  Time Est.: Elapsed[4.59m], Remain[2.69m]
[2026-01-20 00:45:28,605][EasyNCO.phases.rl.ar_reinforce][INFO] - Eval ==> Problem[tsp], Size[1000], Completed  63/100(63.00%), Score: 16.2875, Augmented Score: 16.2875
[2026-01-20 00:45:28,605][EasyNCO.phases.rl.ar_reinforce][INFO] - Eval ==> Score Summary: Avg: 0.0000, Avg Augmented: 0.0000
[2026-01-20 00:45:28,605][EasyNCO.phases.rl.ar_reinforce][INFO] - ============================================================================
[2026-01-20 00:45:32,967][EasyNCO.phases.rl.ar_reinforce][INFO] - Eval ==>  64/100(64.00%)  Time Est.: Elapsed[4.66m], Remain[2.62m]
[2026-01-20 00:45:32,968][EasyNCO.phases.rl.ar_reinforce][INFO] - Eval ==> Problem[tsp], Size[1000], Completed  64/100(64.00%), Score: 17.2406, Augmented Score: 17.2406
[2026-01-20 00:45:32,968][EasyNCO.phases.rl.ar_reinforce][INFO] - Eval ==> Score Summary: Avg: 0.0000, Avg Augmented: 0.0000
[2026-01-20 00:45:32,968][EasyNCO.phases.rl.ar_reinforce][INFO] - ============================================================================
[2026-01-20 00:45:37,332][EasyNCO.phases.rl.ar_reinforce][INFO] - Eval ==>  65/100(65.00%)  Time Est.: Elapsed[4.73m], Remain[2.55m]
[2026-01-20 00:45:37,332][EasyNCO.phases.rl.ar_reinforce][INFO] - Eval ==> Problem[tsp], Size[1000], Completed  65/100(65.00%), Score: 16.2044, Augmented Score: 16.2044
[2026-01-20 00:45:37,332][EasyNCO.phases.rl.ar_reinforce][INFO] - Eval ==> Score Summary: Avg: 0.0000, Avg Augmented: 0.0000
[2026-01-20 00:45:37,332][EasyNCO.phases.rl.ar_reinforce][INFO] - ============================================================================
[2026-01-20 00:45:41,697][EasyNCO.phases.rl.ar_reinforce][INFO] - Eval ==>  66/100(66.00%)  Time Est.: Elapsed[4.81m], Remain[2.48m]
[2026-01-20 00:45:41,697][EasyNCO.phases.rl.ar_reinforce][INFO] - Eval ==> Problem[tsp], Size[1000], Completed  66/100(66.00%), Score: 19.0049, Augmented Score: 19.0049
[2026-01-20 00:45:41,697][EasyNCO.phases.rl.ar_reinforce][INFO] - Eval ==> Score Summary: Avg: 0.0000, Avg Augmented: 0.0000
[2026-01-20 00:45:41,697][EasyNCO.phases.rl.ar_reinforce][INFO] - ============================================================================
[2026-01-20 00:45:46,055][EasyNCO.phases.rl.ar_reinforce][INFO] - Eval ==>  67/100(67.00%)  Time Est.: Elapsed[4.88m], Remain[2.40m]
[2026-01-20 00:45:46,055][EasyNCO.phases.rl.ar_reinforce][INFO] - Eval ==> Problem[tsp], Size[1000], Completed  67/100(67.00%), Score: 17.9998, Augmented Score: 17.9998
[2026-01-20 00:45:46,055][EasyNCO.phases.rl.ar_reinforce][INFO] - Eval ==> Score Summary: Avg: 0.0000, Avg Augmented: 0.0000
[2026-01-20 00:45:46,055][EasyNCO.phases.rl.ar_reinforce][INFO] - ============================================================================
[2026-01-20 00:45:50,416][EasyNCO.phases.rl.ar_reinforce][INFO] - Eval ==>  68/100(68.00%)  Time Est.: Elapsed[4.95m], Remain[2.33m]
[2026-01-20 00:45:50,416][EasyNCO.phases.rl.ar_reinforce][INFO] - Eval ==> Problem[tsp], Size[1000], Completed  68/100(68.00%), Score: 18.2995, Augmented Score: 18.2995
[2026-01-20 00:45:50,416][EasyNCO.phases.rl.ar_reinforce][INFO] - Eval ==> Score Summary: Avg: 0.0000, Avg Augmented: 0.0000
[2026-01-20 00:45:50,416][EasyNCO.phases.rl.ar_reinforce][INFO] - ============================================================================
[2026-01-20 00:45:54,777][EasyNCO.phases.rl.ar_reinforce][INFO] - Eval ==>  69/100(69.00%)  Time Est.: Elapsed[5.02m], Remain[2.26m]
[2026-01-20 00:45:54,778][EasyNCO.phases.rl.ar_reinforce][INFO] - Eval ==> Problem[tsp], Size[1000], Completed  69/100(69.00%), Score: 18.1942, Augmented Score: 18.1942
[2026-01-20 00:45:54,778][EasyNCO.phases.rl.ar_reinforce][INFO] - Eval ==> Score Summary: Avg: 0.0000, Avg Augmented: 0.0000
[2026-01-20 00:45:54,778][EasyNCO.phases.rl.ar_reinforce][INFO] - ============================================================================
[2026-01-20 00:45:59,134][EasyNCO.phases.rl.ar_reinforce][INFO] - Eval ==>  70/100(70.00%)  Time Est.: Elapsed[5.10m], Remain[2.18m]
[2026-01-20 00:45:59,134][EasyNCO.phases.rl.ar_reinforce][INFO] - Eval ==> Problem[tsp], Size[1000], Completed  70/100(70.00%), Score: 18.3819, Augmented Score: 18.3819
[2026-01-20 00:45:59,134][EasyNCO.phases.rl.ar_reinforce][INFO] - Eval ==> Score Summary: Avg: 0.0000, Avg Augmented: 0.0000
[2026-01-20 00:45:59,134][EasyNCO.phases.rl.ar_reinforce][INFO] - ============================================================================
[2026-01-20 00:46:03,492][EasyNCO.phases.rl.ar_reinforce][INFO] - Eval ==>  71/100(71.00%)  Time Est.: Elapsed[5.17m], Remain[2.11m]
[2026-01-20 00:46:03,492][EasyNCO.phases.rl.ar_reinforce][INFO] - Eval ==> Problem[tsp], Size[1000], Completed  71/100(71.00%), Score: 15.0797, Augmented Score: 15.0797
[2026-01-20 00:46:03,492][EasyNCO.phases.rl.ar_reinforce][INFO] - Eval ==> Score Summary: Avg: 0.0000, Avg Augmented: 0.0000
[2026-01-20 00:46:03,492][EasyNCO.phases.rl.ar_reinforce][INFO] - ============================================================================
[2026-01-20 00:46:07,850][EasyNCO.phases.rl.ar_reinforce][INFO] - Eval ==>  72/100(72.00%)  Time Est.: Elapsed[5.24m], Remain[2.04m]
[2026-01-20 00:46:07,850][EasyNCO.phases.rl.ar_reinforce][INFO] - Eval ==> Problem[tsp], Size[1000], Completed  72/100(72.00%), Score: 17.0314, Augmented Score: 17.0314
[2026-01-20 00:46:07,850][EasyNCO.phases.rl.ar_reinforce][INFO] - Eval ==> Score Summary: Avg: 0.0000, Avg Augmented: 0.0000
[2026-01-20 00:46:07,850][EasyNCO.phases.rl.ar_reinforce][INFO] - ============================================================================
[2026-01-20 00:46:12,209][EasyNCO.phases.rl.ar_reinforce][INFO] - Eval ==>  73/100(73.00%)  Time Est.: Elapsed[5.32m], Remain[1.97m]
[2026-01-20 00:46:12,209][EasyNCO.phases.rl.ar_reinforce][INFO] - Eval ==> Problem[tsp], Size[1000], Completed  73/100(73.00%), Score: 15.8666, Augmented Score: 15.8666
[2026-01-20 00:46:12,209][EasyNCO.phases.rl.ar_reinforce][INFO] - Eval ==> Score Summary: Avg: 0.0000, Avg Augmented: 0.0000
[2026-01-20 00:46:12,209][EasyNCO.phases.rl.ar_reinforce][INFO] - ============================================================================
[2026-01-20 00:46:16,576][EasyNCO.phases.rl.ar_reinforce][INFO] - Eval ==>  74/100(74.00%)  Time Est.: Elapsed[5.39m], Remain[1.89m]
[2026-01-20 00:46:16,576][EasyNCO.phases.rl.ar_reinforce][INFO] - Eval ==> Problem[tsp], Size[1000], Completed  74/100(74.00%), Score: 18.3221, Augmented Score: 18.3221
[2026-01-20 00:46:16,576][EasyNCO.phases.rl.ar_reinforce][INFO] - Eval ==> Score Summary: Avg: 0.0000, Avg Augmented: 0.0000
[2026-01-20 00:46:16,576][EasyNCO.phases.rl.ar_reinforce][INFO] - ============================================================================
[2026-01-20 00:46:20,938][EasyNCO.phases.rl.ar_reinforce][INFO] - Eval ==>  75/100(75.00%)  Time Est.: Elapsed[5.46m], Remain[1.82m]
[2026-01-20 00:46:20,938][EasyNCO.phases.rl.ar_reinforce][INFO] - Eval ==> Problem[tsp], Size[1000], Completed  75/100(75.00%), Score: 17.4278, Augmented Score: 17.4278
[2026-01-20 00:46:20,938][EasyNCO.phases.rl.ar_reinforce][INFO] - Eval ==> Score Summary: Avg: 0.0000, Avg Augmented: 0.0000
[2026-01-20 00:46:20,938][EasyNCO.phases.rl.ar_reinforce][INFO] - ============================================================================
[2026-01-20 00:46:25,302][EasyNCO.phases.rl.ar_reinforce][INFO] - Eval ==>  76/100(76.00%)  Time Est.: Elapsed[5.53m], Remain[1.75m]
[2026-01-20 00:46:25,302][EasyNCO.phases.rl.ar_reinforce][INFO] - Eval ==> Problem[tsp], Size[1000], Completed  76/100(76.00%), Score: 17.6663, Augmented Score: 17.6663
[2026-01-20 00:46:25,302][EasyNCO.phases.rl.ar_reinforce][INFO] - Eval ==> Score Summary: Avg: 0.0000, Avg Augmented: 0.0000
[2026-01-20 00:46:25,302][EasyNCO.phases.rl.ar_reinforce][INFO] - ============================================================================
[2026-01-20 00:46:29,665][EasyNCO.phases.rl.ar_reinforce][INFO] - Eval ==>  77/100(77.00%)  Time Est.: Elapsed[5.61m], Remain[1.67m]
[2026-01-20 00:46:29,665][EasyNCO.phases.rl.ar_reinforce][INFO] - Eval ==> Problem[tsp], Size[1000], Completed  77/100(77.00%), Score: 18.2148, Augmented Score: 18.2148
[2026-01-20 00:46:29,665][EasyNCO.phases.rl.ar_reinforce][INFO] - Eval ==> Score Summary: Avg: 0.0000, Avg Augmented: 0.0000
[2026-01-20 00:46:29,665][EasyNCO.phases.rl.ar_reinforce][INFO] - ============================================================================
[2026-01-20 00:46:34,026][EasyNCO.phases.rl.ar_reinforce][INFO] - Eval ==>  78/100(78.00%)  Time Est.: Elapsed[5.68m], Remain[1.60m]
[2026-01-20 00:46:34,026][EasyNCO.phases.rl.ar_reinforce][INFO] - Eval ==> Problem[tsp], Size[1000], Completed  78/100(78.00%), Score: 17.9036, Augmented Score: 17.9036
[2026-01-20 00:46:34,026][EasyNCO.phases.rl.ar_reinforce][INFO] - Eval ==> Score Summary: Avg: 0.0000, Avg Augmented: 0.0000
[2026-01-20 00:46:34,026][EasyNCO.phases.rl.ar_reinforce][INFO] - ============================================================================
[2026-01-20 00:46:38,393][EasyNCO.phases.rl.ar_reinforce][INFO] - Eval ==>  79/100(79.00%)  Time Est.: Elapsed[5.75m], Remain[1.53m]
[2026-01-20 00:46:38,394][EasyNCO.phases.rl.ar_reinforce][INFO] - Eval ==> Problem[tsp], Size[1000], Completed  79/100(79.00%), Score: 18.3087, Augmented Score: 18.3087
[2026-01-20 00:46:38,394][EasyNCO.phases.rl.ar_reinforce][INFO] - Eval ==> Score Summary: Avg: 0.0000, Avg Augmented: 0.0000
[2026-01-20 00:46:38,394][EasyNCO.phases.rl.ar_reinforce][INFO] - ============================================================================
[2026-01-20 00:46:42,756][EasyNCO.phases.rl.ar_reinforce][INFO] - Eval ==>  80/100(80.00%)  Time Est.: Elapsed[5.82m], Remain[1.46m]
[2026-01-20 00:46:42,756][EasyNCO.phases.rl.ar_reinforce][INFO] - Eval ==> Problem[tsp], Size[1000], Completed  80/100(80.00%), Score: 17.0410, Augmented Score: 17.0410
[2026-01-20 00:46:42,756][EasyNCO.phases.rl.ar_reinforce][INFO] - Eval ==> Score Summary: Avg: 0.0000, Avg Augmented: 0.0000
[2026-01-20 00:46:42,756][EasyNCO.phases.rl.ar_reinforce][INFO] - ============================================================================
[2026-01-20 00:46:47,118][EasyNCO.phases.rl.ar_reinforce][INFO] - Eval ==>  81/100(81.00%)  Time Est.: Elapsed[5.90m], Remain[1.38m]
[2026-01-20 00:46:47,118][EasyNCO.phases.rl.ar_reinforce][INFO] - Eval ==> Problem[tsp], Size[1000], Completed  81/100(81.00%), Score: 19.6939, Augmented Score: 19.6939
[2026-01-20 00:46:47,118][EasyNCO.phases.rl.ar_reinforce][INFO] - Eval ==> Score Summary: Avg: 0.0000, Avg Augmented: 0.0000
[2026-01-20 00:46:47,118][EasyNCO.phases.rl.ar_reinforce][INFO] - ============================================================================
[2026-01-20 00:46:51,479][EasyNCO.phases.rl.ar_reinforce][INFO] - Eval ==>  82/100(82.00%)  Time Est.: Elapsed[5.97m], Remain[1.31m]
[2026-01-20 00:46:51,479][EasyNCO.phases.rl.ar_reinforce][INFO] - Eval ==> Problem[tsp], Size[1000], Completed  82/100(82.00%), Score: 19.4560, Augmented Score: 19.4560
[2026-01-20 00:46:51,479][EasyNCO.phases.rl.ar_reinforce][INFO] - Eval ==> Score Summary: Avg: 0.0000, Avg Augmented: 0.0000
[2026-01-20 00:46:51,479][EasyNCO.phases.rl.ar_reinforce][INFO] - ============================================================================
[2026-01-20 00:46:55,844][EasyNCO.phases.rl.ar_reinforce][INFO] - Eval ==>  83/100(83.00%)  Time Est.: Elapsed[6.04m], Remain[1.24m]
[2026-01-20 00:46:55,844][EasyNCO.phases.rl.ar_reinforce][INFO] - Eval ==> Problem[tsp], Size[1000], Completed  83/100(83.00%), Score: 19.8120, Augmented Score: 19.8120
[2026-01-20 00:46:55,844][EasyNCO.phases.rl.ar_reinforce][INFO] - Eval ==> Score Summary: Avg: 0.0000, Avg Augmented: 0.0000
[2026-01-20 00:46:55,844][EasyNCO.phases.rl.ar_reinforce][INFO] - ============================================================================
[2026-01-20 00:47:00,206][EasyNCO.phases.rl.ar_reinforce][INFO] - Eval ==>  84/100(84.00%)  Time Est.: Elapsed[6.12m], Remain[1.16m]
[2026-01-20 00:47:00,206][EasyNCO.phases.rl.ar_reinforce][INFO] - Eval ==> Problem[tsp], Size[1000], Completed  84/100(84.00%), Score: 17.6675, Augmented Score: 17.6675
[2026-01-20 00:47:00,206][EasyNCO.phases.rl.ar_reinforce][INFO] - Eval ==> Score Summary: Avg: 0.0000, Avg Augmented: 0.0000
[2026-01-20 00:47:00,206][EasyNCO.phases.rl.ar_reinforce][INFO] - ============================================================================
[2026-01-20 00:47:04,568][EasyNCO.phases.rl.ar_reinforce][INFO] - Eval ==>  85/100(85.00%)  Time Est.: Elapsed[6.19m], Remain[1.09m]
[2026-01-20 00:47:04,568][EasyNCO.phases.rl.ar_reinforce][INFO] - Eval ==> Problem[tsp], Size[1000], Completed  85/100(85.00%), Score: 20.7056, Augmented Score: 20.7056
[2026-01-20 00:47:04,568][EasyNCO.phases.rl.ar_reinforce][INFO] - Eval ==> Score Summary: Avg: 0.0000, Avg Augmented: 0.0000
[2026-01-20 00:47:04,568][EasyNCO.phases.rl.ar_reinforce][INFO] - ============================================================================
[2026-01-20 00:47:08,931][EasyNCO.phases.rl.ar_reinforce][INFO] - Eval ==>  86/100(86.00%)  Time Est.: Elapsed[6.26m], Remain[1.02m]
[2026-01-20 00:47:08,931][EasyNCO.phases.rl.ar_reinforce][INFO] - Eval ==> Problem[tsp], Size[1000], Completed  86/100(86.00%), Score: 19.8261, Augmented Score: 19.8261
[2026-01-20 00:47:08,931][EasyNCO.phases.rl.ar_reinforce][INFO] - Eval ==> Score Summary: Avg: 0.0000, Avg Augmented: 0.0000
[2026-01-20 00:47:08,931][EasyNCO.phases.rl.ar_reinforce][INFO] - ============================================================================
[2026-01-20 00:47:13,298][EasyNCO.phases.rl.ar_reinforce][INFO] - Eval ==>  87/100(87.00%)  Time Est.: Elapsed[6.33m], Remain[0.95m]
[2026-01-20 00:47:13,298][EasyNCO.phases.rl.ar_reinforce][INFO] - Eval ==> Problem[tsp], Size[1000], Completed  87/100(87.00%), Score: 19.7015, Augmented Score: 19.7015
[2026-01-20 00:47:13,298][EasyNCO.phases.rl.ar_reinforce][INFO] - Eval ==> Score Summary: Avg: 0.0000, Avg Augmented: 0.0000
[2026-01-20 00:47:13,298][EasyNCO.phases.rl.ar_reinforce][INFO] - ============================================================================
[2026-01-20 00:47:17,667][EasyNCO.phases.rl.ar_reinforce][INFO] - Eval ==>  88/100(88.00%)  Time Est.: Elapsed[6.41m], Remain[0.87m]
[2026-01-20 00:47:17,667][EasyNCO.phases.rl.ar_reinforce][INFO] - Eval ==> Problem[tsp], Size[1000], Completed  88/100(88.00%), Score: 14.8879, Augmented Score: 14.8879
[2026-01-20 00:47:17,667][EasyNCO.phases.rl.ar_reinforce][INFO] - Eval ==> Score Summary: Avg: 0.0000, Avg Augmented: 0.0000
[2026-01-20 00:47:17,667][EasyNCO.phases.rl.ar_reinforce][INFO] - ============================================================================
[2026-01-20 00:47:22,032][EasyNCO.phases.rl.ar_reinforce][INFO] - Eval ==>  89/100(89.00%)  Time Est.: Elapsed[6.48m], Remain[0.80m]
[2026-01-20 00:47:22,032][EasyNCO.phases.rl.ar_reinforce][INFO] - Eval ==> Problem[tsp], Size[1000], Completed  89/100(89.00%), Score: 18.2319, Augmented Score: 18.2319
[2026-01-20 00:47:22,032][EasyNCO.phases.rl.ar_reinforce][INFO] - Eval ==> Score Summary: Avg: 0.0000, Avg Augmented: 0.0000
[2026-01-20 00:47:22,032][EasyNCO.phases.rl.ar_reinforce][INFO] - ============================================================================
[2026-01-20 00:47:26,390][EasyNCO.phases.rl.ar_reinforce][INFO] - Eval ==>  90/100(90.00%)  Time Est.: Elapsed[6.55m], Remain[0.73m]
[2026-01-20 00:47:26,390][EasyNCO.phases.rl.ar_reinforce][INFO] - Eval ==> Problem[tsp], Size[1000], Completed  90/100(90.00%), Score: 19.2220, Augmented Score: 19.2220
[2026-01-20 00:47:26,390][EasyNCO.phases.rl.ar_reinforce][INFO] - Eval ==> Score Summary: Avg: 0.0000, Avg Augmented: 0.0000
[2026-01-20 00:47:26,390][EasyNCO.phases.rl.ar_reinforce][INFO] - ============================================================================
[2026-01-20 00:47:30,746][EasyNCO.phases.rl.ar_reinforce][INFO] - Eval ==>  91/100(91.00%)  Time Est.: Elapsed[6.62m], Remain[0.66m]
[2026-01-20 00:47:30,746][EasyNCO.phases.rl.ar_reinforce][INFO] - Eval ==> Problem[tsp], Size[1000], Completed  91/100(91.00%), Score: 20.2942, Augmented Score: 20.2942
[2026-01-20 00:47:30,746][EasyNCO.phases.rl.ar_reinforce][INFO] - Eval ==> Score Summary: Avg: 0.0000, Avg Augmented: 0.0000
[2026-01-20 00:47:30,746][EasyNCO.phases.rl.ar_reinforce][INFO] - ============================================================================
[2026-01-20 00:47:35,103][EasyNCO.phases.rl.ar_reinforce][INFO] - Eval ==>  92/100(92.00%)  Time Est.: Elapsed[6.70m], Remain[0.58m]
[2026-01-20 00:47:35,103][EasyNCO.phases.rl.ar_reinforce][INFO] - Eval ==> Problem[tsp], Size[1000], Completed  92/100(92.00%), Score: 20.5046, Augmented Score: 20.5046
[2026-01-20 00:47:35,103][EasyNCO.phases.rl.ar_reinforce][INFO] - Eval ==> Score Summary: Avg: 0.0000, Avg Augmented: 0.0000
[2026-01-20 00:47:35,103][EasyNCO.phases.rl.ar_reinforce][INFO] - ============================================================================
[2026-01-20 00:47:39,466][EasyNCO.phases.rl.ar_reinforce][INFO] - Eval ==>  93/100(93.00%)  Time Est.: Elapsed[6.77m], Remain[0.51m]
[2026-01-20 00:47:39,466][EasyNCO.phases.rl.ar_reinforce][INFO] - Eval ==> Problem[tsp], Size[1000], Completed  93/100(93.00%), Score: 18.3296, Augmented Score: 18.3296
[2026-01-20 00:47:39,467][EasyNCO.phases.rl.ar_reinforce][INFO] - Eval ==> Score Summary: Avg: 0.0000, Avg Augmented: 0.0000
[2026-01-20 00:47:39,467][EasyNCO.phases.rl.ar_reinforce][INFO] - ============================================================================
[2026-01-20 00:47:43,822][EasyNCO.phases.rl.ar_reinforce][INFO] - Eval ==>  94/100(94.00%)  Time Est.: Elapsed[6.84m], Remain[0.44m]
[2026-01-20 00:47:43,822][EasyNCO.phases.rl.ar_reinforce][INFO] - Eval ==> Problem[tsp], Size[1000], Completed  94/100(94.00%), Score: 18.6828, Augmented Score: 18.6828
[2026-01-20 00:47:43,822][EasyNCO.phases.rl.ar_reinforce][INFO] - Eval ==> Score Summary: Avg: 0.0000, Avg Augmented: 0.0000
[2026-01-20 00:47:43,822][EasyNCO.phases.rl.ar_reinforce][INFO] - ============================================================================
[2026-01-20 00:47:48,188][EasyNCO.phases.rl.ar_reinforce][INFO] - Eval ==>  95/100(95.00%)  Time Est.: Elapsed[6.91m], Remain[0.36m]
[2026-01-20 00:47:48,188][EasyNCO.phases.rl.ar_reinforce][INFO] - Eval ==> Problem[tsp], Size[1000], Completed  95/100(95.00%), Score: 20.3017, Augmented Score: 20.3017
[2026-01-20 00:47:48,188][EasyNCO.phases.rl.ar_reinforce][INFO] - Eval ==> Score Summary: Avg: 0.0000, Avg Augmented: 0.0000
[2026-01-20 00:47:48,188][EasyNCO.phases.rl.ar_reinforce][INFO] - ============================================================================
[2026-01-20 00:47:52,550][EasyNCO.phases.rl.ar_reinforce][INFO] - Eval ==>  96/100(96.00%)  Time Est.: Elapsed[6.99m], Remain[0.29m]
[2026-01-20 00:47:52,550][EasyNCO.phases.rl.ar_reinforce][INFO] - Eval ==> Problem[tsp], Size[1000], Completed  96/100(96.00%), Score: 17.5155, Augmented Score: 17.5155
[2026-01-20 00:47:52,550][EasyNCO.phases.rl.ar_reinforce][INFO] - Eval ==> Score Summary: Avg: 0.0000, Avg Augmented: 0.0000
[2026-01-20 00:47:52,550][EasyNCO.phases.rl.ar_reinforce][INFO] - ============================================================================
[2026-01-20 00:47:56,909][EasyNCO.phases.rl.ar_reinforce][INFO] - Eval ==>  97/100(97.00%)  Time Est.: Elapsed[7.06m], Remain[0.22m]
[2026-01-20 00:47:56,909][EasyNCO.phases.rl.ar_reinforce][INFO] - Eval ==> Problem[tsp], Size[1000], Completed  97/100(97.00%), Score: 19.0120, Augmented Score: 19.0120
[2026-01-20 00:47:56,909][EasyNCO.phases.rl.ar_reinforce][INFO] - Eval ==> Score Summary: Avg: 0.0000, Avg Augmented: 0.0000
[2026-01-20 00:47:56,909][EasyNCO.phases.rl.ar_reinforce][INFO] - ============================================================================
[2026-01-20 00:48:01,268][EasyNCO.phases.rl.ar_reinforce][INFO] - Eval ==>  98/100(98.00%)  Time Est.: Elapsed[7.13m], Remain[0.15m]
[2026-01-20 00:48:01,268][EasyNCO.phases.rl.ar_reinforce][INFO] - Eval ==> Problem[tsp], Size[1000], Completed  98/100(98.00%), Score: 16.5330, Augmented Score: 16.5330
[2026-01-20 00:48:01,268][EasyNCO.phases.rl.ar_reinforce][INFO] - Eval ==> Score Summary: Avg: 0.0000, Avg Augmented: 0.0000
[2026-01-20 00:48:01,268][EasyNCO.phases.rl.ar_reinforce][INFO] - ============================================================================
[2026-01-20 00:48:05,628][EasyNCO.phases.rl.ar_reinforce][INFO] - Eval ==>  99/100(99.00%)  Time Est.: Elapsed[7.21m], Remain[0.07m]
[2026-01-20 00:48:05,628][EasyNCO.phases.rl.ar_reinforce][INFO] - Eval ==> Problem[tsp], Size[1000], Completed  99/100(99.00%), Score: 18.3069, Augmented Score: 18.3069
[2026-01-20 00:48:05,628][EasyNCO.phases.rl.ar_reinforce][INFO] - Eval ==> Score Summary: Avg: 0.0000, Avg Augmented: 0.0000
[2026-01-20 00:48:05,628][EasyNCO.phases.rl.ar_reinforce][INFO] - ============================================================================
[2026-01-20 00:48:09,988][EasyNCO.phases.rl.ar_reinforce][INFO] - Eval ==> 100/100(100.00%)  Time Est.: Elapsed[7.28m], Remain[0.00m]
[2026-01-20 00:48:09,988][EasyNCO.phases.rl.ar_reinforce][INFO] - Eval ==> Problem[tsp], Size[1000], Completed 100/100(100.00%), Score: 16.9633, Augmented Score: 16.9633
[2026-01-20 00:48:09,988][EasyNCO.phases.rl.ar_reinforce][INFO] - Eval ==> Score Summary: Avg: 0.0000, Avg Augmented: 0.0000
[2026-01-20 00:48:09,988][EasyNCO.phases.rl.ar_reinforce][INFO] - ============================================================================
[2026-01-20 00:48:09,992][EasyNCO.phases.rl.ar_reinforce][INFO] - Total Testing Time: 436.6973 seconds, 7.2783 minutes, 0.1213 hours
[2026-01-20 00:48:09,992][EasyNCO.phases.rl.ar_reinforce][INFO] - Avg Time per Episode: 4.3670 seconds (Episode: 100)
[2026-01-20 00:48:09,992][EasyNCO.phases.rl.ar_reinforce][INFO] - Eval Done ==> Tested 100/100(100.00%)  Time Est.: Elapsed[7.28m], Remain[0.00m]
[2026-01-20 00:48:09,992][EasyNCO.phases.rl.ar_reinforce][INFO] - Eval Done ==> Problem[tsp], Score Summary: Avg: 0.0000, Avg Augmented: 0.0000
────────────────────────────────────────────────────────────────────────────────────────────────────────────────────────
       Test metric             DataLoader 0
────────────────────────────────────────────────────────────────────────────────────────────────────────────────────────
        aug_score           18.200254440307617
      no_aug_score          18.200254440307617
────────────────────────────────────────────────────────────────────────────────────────────────────────────────────────
