10:36:28 | epoch=1 | TRAIN[0] | TSP | select arm=0(bq) | reason=warm_start
     0(bq              ): pulls=   0 | mean=+0.0000 | bonus=34.7846 | score=+34.7846 <--
     1(elg             ): pulls=   0 | mean=+0.0000 | bonus=34.7188 | score=+34.7188
     2(lehd            ): pulls=   0 | mean=+0.0000 | bonus=34.6449 | score=+34.6449
     3(t2t             ): pulls=   0 | mean=+0.0000 | bonus=34.6809 | score=+34.6809
     4(t2t500          ): pulls=   0 | mean=+0.0000 | bonus=34.7247 | score=+34.7247
     5(difusco         ): pulls=   0 | mean=+0.0000 | bonus=34.7627 | score=+34.7627
     6(difusco500      ): pulls=   0 | mean=+0.0000 | bonus=34.6634 | score=+34.6634
10:36:35 | t=1 | UPDATE | problem=TSP | head=TSP | uid=tsp:train:8506 | global_index=8506 | arm=0(bq)
    outcome: reward=0.0000 | selected_cost=7.7460 | best_cost=7.3278 | regret=0.4182
    result: record_global_index=8506 | name=None | score=7.7460
    arm_stats: problem_pulls=1 | problem_avg_reward=0.0000 | global_pulls=1 | global_avg_reward=0.0000
    state: rep_history=1/5000 | linear_history=1/10000 | head_mode=problem_specific | theta_norm=0.0000 | A_inv_diag_mean=0.984388 | A_inv_diag_min=0.906370 | A_inv_diag_max=0.999991
10:37:06 | t=1 | TRAIN | module=representation | trigger=train_every(1)
    optimize: epochs=1 | opt_steps=1 | batch_size=2 | lr=0.001
    buffers: rep_history=1/5000 | linear_history=1/10000
    sampling: balance_mode=problem_arm | power=0.500 | loss_reweight=True | groups=1 | group_count_min=1 | group_count_max=1
    heads: mode=problem_specific | active=CVRP,TSP
    loss: avg=0.000000 | min=0.000000 | max=0.000000 | last=0.000000
10:37:37 | epoch=1 | TRAIN[1] | CVRP | select arm=1(elg) | reason=warm_start
     0(bq              ): pulls=   0 | mean=+0.0000 | bonus=6.9660 | score=+6.9660
     1(elg             ): pulls=   0 | mean=+0.0000 | bonus=6.8706 | score=+6.8706 <--
     2(lehd            ): pulls=   0 | mean=+0.0000 | bonus=6.8078 | score=+6.8078
     7(omni            ): pulls=   0 | mean=+0.0000 | bonus=6.9034 | score=+6.9034
     8(mvmoe           ): pulls=   0 | mean=+0.0000 | bonus=6.8453 | score=+6.8453
10:37:42 | t=2 | UPDATE | problem=CVRP | head=CVRP | uid=cvrp:train:6369 | global_index=6369 | arm=1(elg)
    outcome: reward=0.5000 | selected_cost=9.6343 | best_cost=8.8549 | regret=0.7794
    result: record_global_index=6369 | name=None | score=9.6343
    arm_stats: problem_pulls=1 | problem_avg_reward=0.5000 | global_pulls=1 | global_avg_reward=0.5000
    state: rep_history=2/5000 | linear_history=2/10000 | head_mode=problem_specific | theta_norm=0.0713 | A_inv_diag_mean=0.984699 | A_inv_diag_min=0.896986 | A_inv_diag_max=0.999999
10:38:41 | t=2 | TRAIN | module=representation | trigger=train_every(1)
    optimize: epochs=1 | opt_steps=1 | batch_size=2 | lr=0.001
    buffers: rep_history=2/5000 | linear_history=2/10000
    sampling: balance_mode=problem_arm | power=0.500 | loss_reweight=True | groups=2 | group_count_min=1 | group_count_max=1
    heads: mode=problem_specific | active=CVRP,TSP
    loss: avg=0.125000 | min=0.125000 | max=0.125000 | last=0.125000
10:39:24 | VAL[0] | TSP | select arm=2(lehd) | reason=warm_start
     0(bq              ): pulls=   1 | mean=+0.0000 | bonus=0.9332 | score=+0.0000
     1(elg             ): pulls=   0 | mean=+0.0000 | bonus=1.0906 | score=+0.0000
     2(lehd            ): pulls=   0 | mean=+0.0000 | bonus=1.1267 | score=+0.0000 <--
     3(t2t             ): pulls=   0 | mean=+0.0000 | bonus=1.1275 | score=+0.0000
     4(t2t500          ): pulls=   0 | mean=+0.0000 | bonus=1.1850 | score=+0.0000
     5(difusco         ): pulls=   0 | mean=+0.0000 | bonus=0.9728 | score=+0.0000
     6(difusco500      ): pulls=   0 | mean=+0.0000 | bonus=1.0725 | score=+0.0000
10:39:33 | VAL[1] | CVRP | select arm=2(lehd) | reason=warm_start
     0(bq              ): pulls=   0 | mean=+2.9626 | bonus=7.1438 | score=+2.9626
     1(elg             ): pulls=   1 | mean=+2.9579 | bonus=7.0532 | score=+2.9579
     2(lehd            ): pulls=   0 | mean=+2.9524 | bonus=7.1657 | score=+2.9524 <--
     7(omni            ): pulls=   0 | mean=+2.9574 | bonus=7.1857 | score=+2.9574
     8(mvmoe           ): pulls=   0 | mean=+2.9542 | bonus=7.1347 | score=+2.9542
10:39:37 | TEST[0] | TSP | select arm=2(lehd) | reason=warm_start
     0(bq              ): pulls=   1 | mean=+0.0000 | bonus=1.6278 | score=+0.0000
     1(elg             ): pulls=   0 | mean=+0.0000 | bonus=1.7284 | score=+0.0000
     2(lehd            ): pulls=   0 | mean=+0.0000 | bonus=1.6812 | score=+0.0000 <--
     3(t2t             ): pulls=   0 | mean=+0.0000 | bonus=1.7410 | score=+0.0000
     4(t2t500          ): pulls=   0 | mean=+0.0000 | bonus=1.7018 | score=+0.0000
     5(difusco         ): pulls=   0 | mean=+0.0000 | bonus=1.6015 | score=+0.0000
     6(difusco500      ): pulls=   0 | mean=+0.0000 | bonus=1.7023 | score=+0.0000
10:39:46 | TEST[1] | CVRP | select arm=2(lehd) | reason=warm_start
     0(bq              ): pulls=   0 | mean=+2.6438 | bonus=6.3375 | score=+2.6438
     1(elg             ): pulls=   1 | mean=+2.6392 | bonus=6.2486 | score=+2.6392
     2(lehd            ): pulls=   0 | mean=+2.6331 | bonus=6.3521 | score=+2.6331 <--
     7(omni            ): pulls=   0 | mean=+2.6384 | bonus=6.3757 | score=+2.6384
     8(mvmoe           ): pulls=   0 | mean=+2.6355 | bonus=6.3329 | score=+2.6355
10:39:51 | VAL[0] | TSP | select arm=2(lehd) | reason=warm_start
     0(bq              ): pulls=   1 | mean=+0.0000 | bonus=0.9332 | score=+0.9332
     1(elg             ): pulls=   0 | mean=+0.0000 | bonus=1.0906 | score=+1.0906
     2(lehd            ): pulls=   0 | mean=+0.0000 | bonus=1.1267 | score=+1.1267 <--
     3(t2t             ): pulls=   0 | mean=+0.0000 | bonus=1.1275 | score=+1.1275
     4(t2t500          ): pulls=   0 | mean=+0.0000 | bonus=1.1850 | score=+1.1850
     5(difusco         ): pulls=   0 | mean=+0.0000 | bonus=0.9728 | score=+0.9728
     6(difusco500      ): pulls=   0 | mean=+0.0000 | bonus=1.0725 | score=+1.0725
10:40:00 | VAL[1] | CVRP | select arm=2(lehd) | reason=warm_start
     0(bq              ): pulls=   0 | mean=+2.9626 | bonus=7.1438 | score=+10.1064
     1(elg             ): pulls=   1 | mean=+2.9579 | bonus=7.0532 | score=+10.0111
     2(lehd            ): pulls=   0 | mean=+2.9524 | bonus=7.1657 | score=+10.1181 <--
     7(omni            ): pulls=   0 | mean=+2.9574 | bonus=7.1857 | score=+10.1430
     8(mvmoe           ): pulls=   0 | mean=+2.9542 | bonus=7.1347 | score=+10.0889
10:40:03 | TEST[0] | TSP | select arm=2(lehd) | reason=warm_start
     0(bq              ): pulls=   1 | mean=+0.0000 | bonus=1.6278 | score=+1.6278
     1(elg             ): pulls=   0 | mean=+0.0000 | bonus=1.7284 | score=+1.7284
     2(lehd            ): pulls=   0 | mean=+0.0000 | bonus=1.6812 | score=+1.6812 <--
     3(t2t             ): pulls=   0 | mean=+0.0000 | bonus=1.7410 | score=+1.7410
     4(t2t500          ): pulls=   0 | mean=+0.0000 | bonus=1.7018 | score=+1.7018
     5(difusco         ): pulls=   0 | mean=+0.0000 | bonus=1.6015 | score=+1.6015
     6(difusco500      ): pulls=   0 | mean=+0.0000 | bonus=1.7023 | score=+1.7023
10:40:12 | TEST[1] | CVRP | select arm=2(lehd) | reason=warm_start
     0(bq              ): pulls=   0 | mean=+2.6438 | bonus=6.3375 | score=+8.9813
     1(elg             ): pulls=   1 | mean=+2.6392 | bonus=6.2486 | score=+8.8878
     2(lehd            ): pulls=   0 | mean=+2.6331 | bonus=6.3521 | score=+8.9853 <--
     7(omni            ): pulls=   0 | mean=+2.6384 | bonus=6.3757 | score=+9.0141
     8(mvmoe           ): pulls=   0 | mean=+2.6355 | bonus=6.3329 | score=+8.9684
