[01:11:36] 实验开始，输出目录: /public/home/zhoucl/shiys/2cmab2/outputs/2026-04-02_neural_linucb_anticollapse_1k_seed0
[01:11:36] 开始构建共享数据集
[01:11:36] 扫描结果目录: /public/home/zhoucl/shiys/EasyNCO/results/test
[01:11:36] 已找到最新 runs 数量: 20
[01:11:36] 开始解析原始 .pt 数据集路径
[01:11:36] TSP 数据集: /public/home/zhoucl/shiys/EasyNCO/data/datasets/test_dataset_tsp_uniform/test_tsp100_nums10000_uniform.pt
[01:11:36] CVRP 数据集: /public/home/zhoucl/shiys/EasyNCO/data/datasets/test_dataset_vrp_uniform/test_vrp100_capacity50_nums10000_uniform.pt
[01:11:36] 开始加载原始实例张量
[01:11:36] 实例加载完成: tsp=10000, cvrp=10000
[01:11:36] 开始聚合问题 tsp，候选方法数=12
[01:11:37] tsp 可用实例数=1000
[01:11:39] 问题 tsp 聚合完成，当前累计样本数=1000
[01:11:39] 开始聚合问题 cvrp，候选方法数=8
[01:11:40] cvrp 可用实例数=1000
[01:11:42] 问题 cvrp 聚合完成，当前累计样本数=2000
[01:11:42] 全部样本构建完成，最终样本数=2000
[01:11:42] 数据集构建完成，样本总数=2000
[01:11:42] 开始做 train/val/test 分层切分
[01:11:42] 数据切分完成: train=1400, val=300, test=300
[01:11:42] 开始构造 selector: neural_linucb
[01:11:44] selector 构造完成: NeuralLinUCB
[01:11:44] 已开启 checkpoint 自动保存: 每 1 个 epoch 保存一次
[01:11:44] 已开启 checkpoint 自动保存: 每 200 个 step 保存一次
[01:11:44] 已开启周期性验证: 每 200 个 step 在 val 集评测一次
[01:11:44] 开始训练 epoch 1/1 [NeuralLinUCB]
[01:12:03] checkpoint 已保存: /public/home/zhoucl/shiys/2cmab2/outputs/2026-04-02_neural_linucb_anticollapse_1k_seed0/checkpoints/step_0000200.pt
[01:12:20] step=200 | periodic val_greedy | mean_reward=0.853333 | top1=0.340000 | mean_regret=0.048314 | mean_cost=11.717233 || val_ucb: mean_reward=0.854697 | top1=0.336667 | mean_regret=0.048304 | mean_cost=11.717223
[01:12:20] best checkpoint 已刷新: step=200 | metric=val_greedy.overall.mean_cost=11.717233 | path=/public/home/zhoucl/shiys/2cmab2/outputs/2026-04-02_neural_linucb_anticollapse_1k_seed0/checkpoints/best.pt
[01:13:02] checkpoint 已保存: /public/home/zhoucl/shiys/2cmab2/outputs/2026-04-02_neural_linucb_anticollapse_1k_seed0/checkpoints/step_0000400.pt
[01:13:07] step=400 | periodic val_greedy | mean_reward=0.839242 | top1=0.213333 | mean_regret=0.049267 | mean_cost=11.718186 || val_ucb: mean_reward=0.796190 | top1=0.183333 | mean_regret=0.056079 | mean_cost=11.724998
[01:14:02] checkpoint 已保存: /public/home/zhoucl/shiys/2cmab2/outputs/2026-04-02_neural_linucb_anticollapse_1k_seed0/checkpoints/step_0000600.pt
[01:14:08] step=600 | periodic val_greedy | mean_reward=0.842446 | top1=0.276667 | mean_regret=0.045655 | mean_cost=11.714574 || val_ucb: mean_reward=0.836991 | top1=0.373333 | mean_regret=0.045489 | mean_cost=11.714409
[01:14:08] best checkpoint 已刷新: step=600 | metric=val_greedy.overall.mean_cost=11.714574 | path=/public/home/zhoucl/shiys/2cmab2/outputs/2026-04-02_neural_linucb_anticollapse_1k_seed0/checkpoints/best.pt
[01:15:20] checkpoint 已保存: /public/home/zhoucl/shiys/2cmab2/outputs/2026-04-02_neural_linucb_anticollapse_1k_seed0/checkpoints/step_0000800.pt
[01:15:29] step=800 | periodic val_greedy | mean_reward=0.844264 | top1=0.270000 | mean_regret=0.045314 | mean_cost=11.714234 || val_ucb: mean_reward=0.849870 | top1=0.396667 | mean_regret=0.045107 | mean_cost=11.714026
[01:15:29] best checkpoint 已刷新: step=800 | metric=val_greedy.overall.mean_cost=11.714234 | path=/public/home/zhoucl/shiys/2cmab2/outputs/2026-04-02_neural_linucb_anticollapse_1k_seed0/checkpoints/best.pt
[01:17:13] checkpoint 已保存: /public/home/zhoucl/shiys/2cmab2/outputs/2026-04-02_neural_linucb_anticollapse_1k_seed0/checkpoints/step_0001000.pt
[01:17:18] step=1000 | periodic val_greedy | mean_reward=0.854567 | top1=0.360000 | mean_regret=0.044684 | mean_cost=11.713603 || val_ucb: mean_reward=0.848506 | top1=0.383333 | mean_regret=0.045143 | mean_cost=11.714062
[01:17:18] best checkpoint 已刷新: step=1000 | metric=val_greedy.overall.mean_cost=11.713603 | path=/public/home/zhoucl/shiys/2cmab2/outputs/2026-04-02_neural_linucb_anticollapse_1k_seed0/checkpoints/best.pt
[01:19:27] checkpoint 已保存: /public/home/zhoucl/shiys/2cmab2/outputs/2026-04-02_neural_linucb_anticollapse_1k_seed0/checkpoints/step_0001200.pt
[01:19:39] step=1200 | periodic val_greedy | mean_reward=0.855022 | top1=0.390000 | mean_regret=0.044704 | mean_cost=11.713624 || val_ucb: mean_reward=0.846753 | top1=0.330000 | mean_regret=0.045585 | mean_cost=11.714504
[01:21:54] checkpoint 已保存: /public/home/zhoucl/shiys/2cmab2/outputs/2026-04-02_neural_linucb_anticollapse_1k_seed0/checkpoints/step_0001400.pt
[01:22:06] step=1400 | periodic val_greedy | mean_reward=0.856234 | top1=0.406667 | mean_regret=0.044650 | mean_cost=11.713569 || val_ucb: mean_reward=0.856602 | top1=0.366667 | mean_regret=0.042357 | mean_cost=11.711276
[01:22:06] best checkpoint 已刷新: step=1400 | metric=val_greedy.overall.mean_cost=11.713569 | path=/public/home/zhoucl/shiys/2cmab2/outputs/2026-04-02_neural_linucb_anticollapse_1k_seed0/checkpoints/best.pt
[01:22:06] 完成训练 epoch 1/1 [NeuralLinUCB]
[01:22:06] checkpoint 已保存: /public/home/zhoucl/shiys/2cmab2/outputs/2026-04-02_neural_linucb_anticollapse_1k_seed0/checkpoints/epoch_0001.pt
[01:22:10] 最终评测前已恢复 best checkpoint: step=1400 | metric=val_greedy.overall.mean_cost=11.713569 | path=/public/home/zhoucl/shiys/2cmab2/outputs/2026-04-02_neural_linucb_anticollapse_1k_seed0/checkpoints/best.pt
[01:22:10] 开始 selector 验证/测试评测
[01:22:10] 在 val 集上评测 (300 实例, mode=greedy)...
[01:22:19]     已评测 300/300...
[01:22:19] val 评测完成 | mode=greedy | mean_reward=0.856234 | top1_accuracy=0.406667 | mean_regret=0.044650 | mean_cost=11.713569
[01:22:19] 在 test 集上评测 (300 实例, mode=greedy)...
[01:22:26]     已评测 300/300...
[01:22:26] test 评测完成 | mode=greedy | mean_reward=0.845974 | top1_accuracy=0.336667 | mean_regret=0.051704 | mean_cost=11.757938
[01:22:26] 在 val 集上评测 (300 实例, mode=ucb)...
[01:22:29]     已评测 300/300...
[01:22:29] val 评测完成 | mode=ucb | mean_reward=0.856602 | top1_accuracy=0.366667 | mean_regret=0.042357 | mean_cost=11.711276
[01:22:29] 在 test 集上评测 (300 实例, mode=ucb)...
[01:22:31]     已评测 300/300...
[01:22:31] test 评测完成 | mode=ucb | mean_reward=0.850758 | top1_accuracy=0.316667 | mean_regret=0.047272 | mean_cost=11.753506
[01:22:31] selector 验证/测试评测完成
[01:22:31] 开始计算 baseline 对比
[01:22:31] baseline 对比完成
[01:22:31] 
======================================================================
  评测结果 | NeuralLinUCB | mode=greedy
======================================================================

  ALL (300 实例):
    mean_reward:    0.8460
    mean_rank:      2.35
    top1_hit_rate:    0.2833  (85/300)
    top2_hit_rate:    0.5867  (176/300)
    top3_hit_rate:    0.7867  (236/300)
    regret:         0.0517
    mean_cost:      11.7579  (模型选择)
    oracle_cost:    11.7062  (每个实例选最好的)

  TSP (150 实例):
    mean_reward:    0.8624
    mean_rank:      2.51
    top1_hit_rate:    0.1933  (29/150)
    top2_hit_rate:    0.5533  (83/150)
    top3_hit_rate:    0.7533  (113/150)
    regret:         0.0105
    mean_cost:      7.7534  (模型选择)
    oracle_cost:    7.7429  (每个实例选最好的)

  CVRP (150 实例):
    mean_reward:    0.8295
    mean_rank:      2.19
    top1_hit_rate:    0.3733  (56/150)
    top2_hit_rate:    0.6200  (93/150)
    top3_hit_rate:    0.8200  (123/150)
    regret:         0.0929
    mean_cost:      15.7625  (模型选择)
    oracle_cost:    15.6696  (每个实例选最好的)

======================================================================
  Baseline 对比 (在同一 test 集上)
======================================================================

  TSP (150 实例):
    oracle mean_cost:                7.7429  (每实例选最好的, 上界)
    模型选择 mean_cost:              7.7534
    single_best_per_problem:         7.7526
    single_best_global:              7.7543
    random mean_cost:                11.5910  (均匀随机的期望)

  CVRP (150 实例):
    oracle mean_cost:                15.6696  (每实例选最好的, 上界)
    模型选择 mean_cost:              15.7625
    single_best_per_problem:         15.7625
    single_best_global:              15.7625
    random mean_cost:                18.1112  (均匀随机的期望)

======================================================================
  各臂选择分布
======================================================================

  TSP (150 实例):
     3(icam            ):   147 次 ( 98.0%)
     8(pointerformer   ):     3 次 (  2.0%)

  CVRP (150 实例):
     0(lehd            ):   150 次 (100.0%)

  ALL (300 实例):
     0(lehd            ):   150 次 ( 50.0%)
     3(icam            ):   147 次 ( 49.0%)
     8(pointerformer   ):     3 次 (  1.0%)

======================================================================
  各臂被选后的真实效果
======================================================================

  TSP:
    arm                   count  mean_cost  mean_reward  top1_rate  mean_rank
    ────────────────────────────────────────────────────────────────────
     3(icam            )      147     7.7554       0.8646     0.1973       2.49
     8(pointerformer   )        3     7.6542       0.7576     0.0000       3.67

  CVRP:
    arm                   count  mean_cost  mean_reward  top1_rate  mean_rank
    ────────────────────────────────────────────────────────────────────
     0(lehd            )      150    15.7625       0.8295     0.3733       2.19

======================================================================
  Oracle 最优臂分布 (test 集上哪个方法最常是最优的)
======================================================================

  TSP (150 实例):
     0(lehd            ):    55 次 ( 36.7%)
     3(icam            ):    46 次 ( 30.7%)
     1(elg             ):    21 次 ( 14.0%)
     8(pointerformer   ):    19 次 ( 12.7%)
     9(difusco         ):     9 次 (  6.0%)

  CVRP (150 实例):
     0(lehd            ):    56 次 ( 37.3%)
     1(elg             ):    50 次 ( 33.3%)
     3(icam            ):    38 次 ( 25.3%)
     7(omni            ):     6 次 (  4.0%)

[01:22:31] 
======================================================================
  评测结果 | NeuralLinUCB | mode=ucb
======================================================================

  ALL (300 实例):
    mean_reward:    0.8508
    mean_rank:      2.32
    top1_hit_rate:    0.2733  (82/300)
    top2_hit_rate:    0.6033  (181/300)
    top3_hit_rate:    0.8067  (242/300)
    regret:         0.0473
    mean_cost:      11.7535  (模型选择)
    oracle_cost:    11.7062  (每个实例选最好的)

  TSP (150 实例):
    mean_reward:    0.8615
    mean_rank:      2.52
    top1_hit_rate:    0.1867  (28/150)
    top2_hit_rate:    0.5400  (81/150)
    top3_hit_rate:    0.7533  (113/150)
    regret:         0.0103
    mean_cost:      7.7532  (模型选择)
    oracle_cost:    7.7429  (每个实例选最好的)

  CVRP (150 实例):
    mean_reward:    0.8400
    mean_rank:      2.12
    top1_hit_rate:    0.3600  (54/150)
    top2_hit_rate:    0.6667  (100/150)
    top3_hit_rate:    0.8600  (129/150)
    regret:         0.0842
    mean_cost:      15.7538  (模型选择)
    oracle_cost:    15.6696  (每个实例选最好的)

======================================================================
  Baseline 对比 (在同一 test 集上)
======================================================================

  TSP (150 实例):
    oracle mean_cost:                7.7429  (每实例选最好的, 上界)
    模型选择 mean_cost:              7.7532
    single_best_per_problem:         7.7526
    single_best_global:              7.7543
    random mean_cost:                11.5910  (均匀随机的期望)

  CVRP (150 实例):
    oracle mean_cost:                15.6696  (每实例选最好的, 上界)
    模型选择 mean_cost:              15.7538
    single_best_per_problem:         15.7625
    single_best_global:              15.7625
    random mean_cost:                18.1112  (均匀随机的期望)

======================================================================
  各臂选择分布
======================================================================

  TSP (150 实例):
     3(icam            ):   133 次 ( 88.7%)
     8(pointerformer   ):    17 次 ( 11.3%)

  CVRP (150 实例):
     0(lehd            ):    68 次 ( 45.3%)
     1(elg             ):    51 次 ( 34.0%)
     3(icam            ):    31 次 ( 20.7%)

  ALL (300 实例):
     0(lehd            ):    68 次 ( 22.7%)
     1(elg             ):    51 次 ( 17.0%)
     3(icam            ):   164 次 ( 54.7%)
     8(pointerformer   ):    17 次 (  5.7%)

======================================================================
  各臂被选后的真实效果
======================================================================

  TSP:
    arm                   count  mean_cost  mean_reward  top1_rate  mean_rank
    ────────────────────────────────────────────────────────────────────
     3(icam            )      133     7.7637       0.8664     0.2030       2.47
     8(pointerformer   )       17     7.6714       0.8235     0.0588       2.94

  CVRP:
    arm                   count  mean_cost  mean_reward  top1_rate  mean_rank
    ────────────────────────────────────────────────────────────────────
     0(lehd            )       68    15.6453       0.8445     0.4118       2.09
     1(elg             )       51    15.9214       0.8459     0.3725       2.08
     3(icam            )       31    15.7160       0.8203     0.2258       2.26

======================================================================
  Oracle 最优臂分布 (test 集上哪个方法最常是最优的)
======================================================================

  TSP (150 实例):
     0(lehd            ):    55 次 ( 36.7%)
     3(icam            ):    46 次 ( 30.7%)
     1(elg             ):    21 次 ( 14.0%)
     8(pointerformer   ):    19 次 ( 12.7%)
     9(difusco         ):     9 次 (  6.0%)

  CVRP (150 实例):
     0(lehd            ):    56 次 ( 37.3%)
     1(elg             ):    50 次 ( 33.3%)
     3(icam            ):    38 次 ( 25.3%)
     7(omni            ):     6 次 (  4.0%)

[01:22:31] 开始写出结果文件到: /public/home/zhoucl/shiys/2cmab2/outputs/2026-04-02_neural_linucb_anticollapse_1k_seed0
[01:22:31] 结果文件写出完成
{
  "count": 300,
  "mean_reward": 0.8459740259740259,
  "top1_accuracy": 0.33666666666666667,
  "mean_regret": 0.051703837712605796,
  "mean_cost": 11.75793792883555
}

结果已保存到: /public/home/zhoucl/shiys/2cmab2/outputs/2026-04-02_neural_linucb_anticollapse_1k_seed0/summary.json
