wandb: Tracking run with wandb version 0.19.11
wandb: W&B syncing is set to `offline` in this directory. Run `wandb online` or set WANDB_MODE=online to enable cloud syncing.
[start] geometry_seed2 updates=1000 batch=640 optimizer=fresh base_lr=2e-5 geometry_lr=2e-4 model_hash=ac5c8e24a15502a258ce0223d6f31bc435d3361b2bbba9739f28943ef056e434
[train updates 0000] top1=0.3934 ce=1.533871 mean_cost=8.008346 vs_sbs=-0.4963% regret=0.6373% gap>0.1_top1=0.4190 gap>0.5_top1=0.4773
[val updates 0000] top1=0.3630 ce=1.657517 mean_cost=7.917969 vs_sbs=-0.5006% regret=0.6118% gap>0.1_top1=0.3893 gap>0.5_top1=0.4360
[train updates 0050] loss=0.61012 grad=0.2895 skipped_total=0 lr_base=2e-05 elapsed=23.1s
[train updates 0050] top1=0.3954 ce=1.530524 mean_cost=8.009014 vs_sbs=-0.4880% regret=0.6487% gap>0.1_top1=0.4206 gap>0.5_top1=0.4770
[val updates 0050] top1=0.3680 ce=1.655276 mean_cost=7.917646 vs_sbs=-0.5046% regret=0.6132% gap>0.1_top1=0.3945 gap>0.5_top1=0.4394
[train updates 0100] loss=0.60878 grad=0.3220 skipped_total=0 lr_base=1.99e-05 elapsed=45.4s
[train updates 0100] top1=0.3968 ce=1.524745 mean_cost=8.007928 vs_sbs=-0.5014% regret=0.6341% gap>0.1_top1=0.4228 gap>0.5_top1=0.4823
[val updates 0100] top1=0.3700 ce=1.659815 mean_cost=7.917079 vs_sbs=-0.5118% regret=0.6065% gap>0.1_top1=0.3919 gap>0.5_top1=0.4394
[train updates 0150] loss=0.60645 grad=0.3149 skipped_total=0 lr_base=1.95e-05 elapsed=67.7s
[train updates 0150] top1=0.3998 ce=1.518605 mean_cost=8.008271 vs_sbs=-0.4972% regret=0.6372% gap>0.1_top1=0.4252 gap>0.5_top1=0.4823
[val updates 0150] top1=0.3750 ce=1.652801 mean_cost=7.917690 vs_sbs=-0.5041% regret=0.6120% gap>0.1_top1=0.3971 gap>0.5_top1=0.4533
[train updates 0200] loss=0.60336 grad=0.3097 skipped_total=0 lr_base=1.89e-05 elapsed=90.0s
[train updates 0200] top1=0.3980 ce=1.515015 mean_cost=8.008157 vs_sbs=-0.4986% regret=0.6350% gap>0.1_top1=0.4236 gap>0.5_top1=0.4785
[val updates 0200] top1=0.3710 ce=1.661100 mean_cost=7.918091 vs_sbs=-0.4990% regret=0.6133% gap>0.1_top1=0.3958 gap>0.5_top1=0.4464
[train updates 0250] loss=0.60146 grad=0.3501 skipped_total=0 lr_base=1.81e-05 elapsed=112.3s
[train updates 0250] top1=0.3996 ce=1.512095 mean_cost=8.007247 vs_sbs=-0.5099% regret=0.6235% gap>0.1_top1=0.4252 gap>0.5_top1=0.4845
[val updates 0250] top1=0.3660 ce=1.659184 mean_cost=7.916561 vs_sbs=-0.5183% regret=0.5973% gap>0.1_top1=0.3893 gap>0.5_top1=0.4394
[train updates 0300] loss=0.60101 grad=0.3445 skipped_total=0 lr_base=1.71e-05 elapsed=134.5s
[train updates 0300] top1=0.4012 ce=1.506297 mean_cost=8.007599 vs_sbs=-0.5055% regret=0.6275% gap>0.1_top1=0.4264 gap>0.5_top1=0.4835
[val updates 0300] top1=0.3660 ce=1.656581 mean_cost=7.918186 vs_sbs=-0.4978% regret=0.6146% gap>0.1_top1=0.3866 gap>0.5_top1=0.4291
[train updates 0350] loss=0.59884 grad=0.3456 skipped_total=0 lr_base=1.59e-05 elapsed=156.8s
[train updates 0350] top1=0.4025 ce=1.503571 mean_cost=8.008369 vs_sbs=-0.4960% regret=0.6406% gap>0.1_top1=0.4277 gap>0.5_top1=0.4845
[val updates 0350] top1=0.3730 ce=1.654869 mean_cost=7.918869 vs_sbs=-0.4893% regret=0.6292% gap>0.1_top1=0.3919 gap>0.5_top1=0.4360
[train updates 0400] loss=0.59479 grad=0.3550 skipped_total=0 lr_base=1.46e-05 elapsed=179.1s
[train updates 0400] top1=0.4030 ce=1.501689 mean_cost=8.008005 vs_sbs=-0.5005% regret=0.6347% gap>0.1_top1=0.4282 gap>0.5_top1=0.4876
[val updates 0400] top1=0.3740 ce=1.662246 mean_cost=7.919636 vs_sbs=-0.4796% regret=0.6371% gap>0.1_top1=0.3919 gap>0.5_top1=0.4464
[train updates 0450] loss=0.59628 grad=0.3854 skipped_total=0 lr_base=1.32e-05 elapsed=201.4s
[train updates 0450] top1=0.4035 ce=1.498651 mean_cost=8.007601 vs_sbs=-0.5055% regret=0.6279% gap>0.1_top1=0.4290 gap>0.5_top1=0.4857
[val updates 0450] top1=0.3700 ce=1.666167 mean_cost=7.919314 vs_sbs=-0.4837% regret=0.6310% gap>0.1_top1=0.3919 gap>0.5_top1=0.4464
[train updates 0500] loss=0.59470 grad=0.3764 skipped_total=0 lr_base=1.17e-05 elapsed=223.7s
[train updates 0500] top1=0.4056 ce=1.492444 mean_cost=8.006680 vs_sbs=-0.5170% regret=0.6166% gap>0.1_top1=0.4316 gap>0.5_top1=0.4888
[val updates 0500] top1=0.3730 ce=1.658675 mean_cost=7.916702 vs_sbs=-0.5165% regret=0.5937% gap>0.1_top1=0.3932 gap>0.5_top1=0.4394
[train updates 0550] loss=0.59351 grad=0.4139 skipped_total=0 lr_base=1.03e-05 elapsed=245.9s
[train updates 0550] top1=0.4054 ce=1.491279 mean_cost=8.006950 vs_sbs=-0.5136% regret=0.6205% gap>0.1_top1=0.4309 gap>0.5_top1=0.4873
[val updates 0550] top1=0.3720 ce=1.661427 mean_cost=7.917462 vs_sbs=-0.5069% regret=0.6057% gap>0.1_top1=0.3932 gap>0.5_top1=0.4360
[train updates 0600] loss=0.59156 grad=0.3861 skipped_total=0 lr_base=8.79e-06 elapsed=268.2s
[train updates 0600] top1=0.4060 ce=1.489220 mean_cost=8.006644 vs_sbs=-0.5174% regret=0.6146% gap>0.1_top1=0.4319 gap>0.5_top1=0.4897
[val updates 0600] top1=0.3670 ce=1.663356 mean_cost=7.917705 vs_sbs=-0.5039% regret=0.6072% gap>0.1_top1=0.3866 gap>0.5_top1=0.4291
[train updates 0650] loss=0.58993 grad=0.3926 skipped_total=0 lr_base=7.38e-06 elapsed=290.5s
[train updates 0650] top1=0.4067 ce=1.487844 mean_cost=8.007037 vs_sbs=-0.5125% regret=0.6199% gap>0.1_top1=0.4323 gap>0.5_top1=0.4888
[val updates 0650] top1=0.3700 ce=1.664870 mean_cost=7.918501 vs_sbs=-0.4939% regret=0.6156% gap>0.1_top1=0.3879 gap>0.5_top1=0.4291
[train updates 0700] loss=0.59097 grad=0.3932 skipped_total=0 lr_base=6.08e-06 elapsed=312.8s
[train updates 0700] top1=0.4069 ce=1.486118 mean_cost=8.006944 vs_sbs=-0.5137% regret=0.6214% gap>0.1_top1=0.4321 gap>0.5_top1=0.4894
[val updates 0700] top1=0.3730 ce=1.663349 mean_cost=7.917797 vs_sbs=-0.5027% regret=0.6078% gap>0.1_top1=0.3906 gap>0.5_top1=0.4325
[train updates 0750] loss=0.58959 grad=0.3810 skipped_total=0 lr_base=4.9e-06 elapsed=335.1s
[train updates 0750] top1=0.4082 ce=1.484824 mean_cost=8.007101 vs_sbs=-0.5117% regret=0.6237% gap>0.1_top1=0.4329 gap>0.5_top1=0.4897
[val updates 0750] top1=0.3710 ce=1.667302 mean_cost=7.918067 vs_sbs=-0.4993% regret=0.6132% gap>0.1_top1=0.3879 gap>0.5_top1=0.4325
[train updates 0800] loss=0.58826 grad=0.3862 skipped_total=0 lr_base=3.9e-06 elapsed=357.3s
[train updates 0800] top1=0.4076 ce=1.484711 mean_cost=8.007309 vs_sbs=-0.5091% regret=0.6251% gap>0.1_top1=0.4330 gap>0.5_top1=0.4900
[val updates 0800] top1=0.3750 ce=1.667227 mean_cost=7.918040 vs_sbs=-0.4997% regret=0.6109% gap>0.1_top1=0.3932 gap>0.5_top1=0.4464
[train updates 0850] loss=0.58903 grad=0.3814 skipped_total=0 lr_base=3.08e-06 elapsed=379.6s
[train updates 0850] top1=0.4072 ce=1.482525 mean_cost=8.006974 vs_sbs=-0.5133% regret=0.6215% gap>0.1_top1=0.4318 gap>0.5_top1=0.4894
[val updates 0850] top1=0.3720 ce=1.665046 mean_cost=7.917480 vs_sbs=-0.5067% regret=0.6063% gap>0.1_top1=0.3879 gap>0.5_top1=0.4394
[train updates 0900] loss=0.58768 grad=0.4072 skipped_total=0 lr_base=2.49e-06 elapsed=401.9s
[train updates 0900] top1=0.4078 ce=1.482610 mean_cost=8.007224 vs_sbs=-0.5102% regret=0.6250% gap>0.1_top1=0.4322 gap>0.5_top1=0.4885
[val updates 0900] top1=0.3710 ce=1.667221 mean_cost=7.918516 vs_sbs=-0.4937% regret=0.6183% gap>0.1_top1=0.3893 gap>0.5_top1=0.4360
[train updates 0950] loss=0.58827 grad=0.3828 skipped_total=0 lr_base=2.12e-06 elapsed=424.2s
[train updates 0950] top1=0.4087 ce=1.481752 mean_cost=8.006900 vs_sbs=-0.5142% regret=0.6205% gap>0.1_top1=0.4336 gap>0.5_top1=0.4913
[val updates 0950] top1=0.3720 ce=1.667042 mean_cost=7.917586 vs_sbs=-0.5054% regret=0.6073% gap>0.1_top1=0.3893 gap>0.5_top1=0.4429
[train updates 1000] loss=0.58744 grad=0.4103 skipped_total=0 lr_base=2e-06 elapsed=446.5s
[train updates 1000] top1=0.4075 ce=1.481662 mean_cost=8.007098 vs_sbs=-0.5118% regret=0.6229% gap>0.1_top1=0.4326 gap>0.5_top1=0.4900
[val updates 1000] top1=0.3710 ce=1.667438 mean_cost=7.918401 vs_sbs=-0.4951% regret=0.6167% gap>0.1_top1=0.3879 gap>0.5_top1=0.4360
wandb:                                                                                
wandb: 
wandb: Run history:
wandb:            train/actual_regret_pct ▆█▅▆▅▃▄▆▅▄▁▂▁▂▂▃▃▂▃▂▃
wandb:                           train/ce ██▇▆▅▅▄▄▄▃▂▂▂▂▂▁▁▁▁▁▁
wandb: train/gap_gt_0_1_actual_regret_pct ▆█▅▆▆▃▄▇▅▄▁▂▁▂▂▃▃▂▃▂▃
wandb:              train/gap_gt_0_1_top1 ▁▂▃▄▃▄▅▅▅▆▇▇▇▇▇██▇▇██
wandb: train/gap_gt_0_5_actual_regret_pct ▅█▄▅▆▂▄▆▅▅▁▃▁▂▂▃▃▂▃▁▂
wandb:              train/gap_gt_0_5_top1 ▁▁▄▄▂▅▄▅▆▅▇▆▇▇▇▇▇▇▇█▇
wandb:                    train/mean_cost ▆█▅▆▅▃▄▆▅▄▁▂▁▂▂▂▃▂▃▂▂
wandb:                         train/top1 ▁▂▃▄▃▄▅▅▅▆▇▆▇▇▇█▇▇██▇
wandb:                   train/vs_sbs_pct ▆█▅▆▅▃▄▆▅▄▁▂▁▂▂▂▃▂▃▂▂
wandb:              val/actual_regret_pct ▄▄▃▄▄▂▄▇█▇▁▃▃▅▃▄▄▃▅▃▅
wandb:                             val/ce ▃▂▄▁▅▄▃▂▆▇▄▅▆▇▆██▇███
wandb:   val/gap_gt_0_1_actual_regret_pct ▆▆▄▅▄▂▆▇██▁▁▄▆▄▃▃▂▅▂▅
wandb:                val/gap_gt_0_1_top1 ▃▆▅█▇▃▁▅▅▅▅▅▁▂▄▂▅▂▃▃▂
wandb:   val/gap_gt_0_5_actual_regret_pct ▃▄▆▄▅▆▇▇██▁▁▄▅▃▃▂▂▄▂▃
wandb:                val/gap_gt_0_5_top1 ▃▄▄█▆▄▁▃▆▆▄▃▁▁▂▂▆▄▃▅▃
wandb:                      val/mean_cost ▄▃▂▄▄▁▅▆█▇▁▃▄▅▄▄▄▃▅▃▅
wandb:                           val/top1 ▁▄▅█▆▃▃▇▇▅▇▆▃▅▇▆█▆▆▆▆
wandb:                     val/vs_sbs_pct ▄▃▂▄▄▁▅▆█▇▁▃▄▅▄▄▄▃▅▃▅
wandb: 
wandb: Run summary:
wandb:                     final_val_top1 0.371
wandb:            train/actual_regret_pct 0.62294
wandb:                           train/ce 1.48166
wandb: train/gap_gt_0_1_actual_regret_pct 0.70265
wandb:              train/gap_gt_0_1_top1 0.43259
wandb: train/gap_gt_0_5_actual_regret_pct 0.86939
wandb:              train/gap_gt_0_5_top1 0.49005
wandb:                    train/mean_cost 8.0071
wandb:                         train/top1 0.4075
wandb:                   train/vs_sbs_pct -0.51176
wandb:                            updates 1000
wandb:              val/actual_regret_pct 0.61673
wandb:                             val/ce 1.66744
wandb:   val/gap_gt_0_1_actual_regret_pct 0.71243
wandb:                val/gap_gt_0_1_top1 0.38794
wandb:   val/gap_gt_0_5_actual_regret_pct 0.9087
wandb:                val/gap_gt_0_5_top1 0.43599
wandb:                      val/mean_cost 7.9184
wandb:                           val/top1 0.371
wandb:                     val/vs_sbs_pct -0.49513
wandb: 
wandb: You can sync this run to the cloud by running:
wandb: wandb sync code/V4/runs/R37_tsp_local_geometry/geometry_seed2/wandb/offline-run-20260930_141520-m8er5k5d
wandb: Find logs at: code/V4/runs/R37_tsp_local_geometry/geometry_seed2/wandb/offline-run-20260930_141520-m8er5k5d/logs
[done] geometry_seed2 updates=1000 val_top1=0.3710
