wandb: Tracking run with wandb version 0.19.11
wandb: W&B syncing is set to `offline` in this directory. Run `wandb online` or set WANDB_MODE=online to enable cloud syncing.
[start] geometry_seed2 updates=1000 batch=640 optimizer=fresh base_frozen=True base_lr=0 geometry_lr=2e-4 model_hash=ac5c8e24a15502a258ce0223d6f31bc435d3361b2bbba9739f28943ef056e434
[train updates 0000] top1=0.3934 ce=1.533871 mean_cost=8.008346 vs_sbs=-0.4963% regret=0.6373% expected_regret=0.9589% gap>0.1_top1=0.4190 gap>0.5_top1=0.4773
[val updates 0000] top1=0.3630 ce=1.657517 mean_cost=7.917969 vs_sbs=-0.5006% regret=0.6118% expected_regret=0.9326% gap>0.1_top1=0.3893 gap>0.5_top1=0.4360
[train updates 0050] loss=0.61025 grad=0.1127 skipped_total=0 lr_geometry=0.0002 elapsed=15.3s
[train updates 0050] top1=0.3947 ce=1.530847 mean_cost=8.007905 vs_sbs=-0.5017% regret=0.6322% expected_regret=0.9537% gap>0.1_top1=0.4212 gap>0.5_top1=0.4773
[val updates 0050] top1=0.3670 ce=1.655077 mean_cost=7.917561 vs_sbs=-0.5057% regret=0.6120% expected_regret=0.9292% gap>0.1_top1=0.3945 gap>0.5_top1=0.4360
[train updates 0100] loss=0.60952 grad=0.1246 skipped_total=0 lr_geometry=0.000199 elapsed=30.2s
[train updates 0100] top1=0.3961 ce=1.528113 mean_cost=8.007965 vs_sbs=-0.5010% regret=0.6337% expected_regret=0.9491% gap>0.1_top1=0.4221 gap>0.5_top1=0.4773
[val updates 0100] top1=0.3680 ce=1.653433 mean_cost=7.917697 vs_sbs=-0.5040% regret=0.6150% expected_regret=0.9247% gap>0.1_top1=0.3945 gap>0.5_top1=0.4360
[train updates 0150] loss=0.60862 grad=0.1239 skipped_total=0 lr_geometry=0.000195 elapsed=45.0s
[train updates 0150] top1=0.3972 ce=1.525985 mean_cost=8.007809 vs_sbs=-0.5029% regret=0.6306% expected_regret=0.9454% gap>0.1_top1=0.4224 gap>0.5_top1=0.4795
[val updates 0150] top1=0.3700 ce=1.651433 mean_cost=7.917469 vs_sbs=-0.5068% regret=0.6108% expected_regret=0.9222% gap>0.1_top1=0.3958 gap>0.5_top1=0.4429
[train updates 0200] loss=0.60721 grad=0.1179 skipped_total=0 lr_geometry=0.000189 elapsed=59.9s
[train updates 0200] top1=0.3977 ce=1.524451 mean_cost=8.007923 vs_sbs=-0.5015% regret=0.6325% expected_regret=0.9454% gap>0.1_top1=0.4226 gap>0.5_top1=0.4801
[val updates 0200] top1=0.3740 ce=1.650605 mean_cost=7.917437 vs_sbs=-0.5072% regret=0.6110% expected_regret=0.9227% gap>0.1_top1=0.3984 gap>0.5_top1=0.4498
[train updates 0250] loss=0.60666 grad=0.1383 skipped_total=0 lr_geometry=0.000181 elapsed=74.8s
[train updates 0250] top1=0.3971 ce=1.524696 mean_cost=8.008428 vs_sbs=-0.4952% regret=0.6381% expected_regret=0.9395% gap>0.1_top1=0.4214 gap>0.5_top1=0.4761
[val updates 0250] top1=0.3740 ce=1.648637 mean_cost=7.917334 vs_sbs=-0.5085% regret=0.6075% expected_regret=0.9165% gap>0.1_top1=0.4010 gap>0.5_top1=0.4567
[train updates 0300] loss=0.60703 grad=0.1373 skipped_total=0 lr_geometry=0.000171 elapsed=89.7s
[train updates 0300] top1=0.3964 ce=1.522126 mean_cost=8.008168 vs_sbs=-0.4985% regret=0.6348% expected_regret=0.9428% gap>0.1_top1=0.4214 gap>0.5_top1=0.4770
[val updates 0300] top1=0.3780 ce=1.649422 mean_cost=7.916847 vs_sbs=-0.5147% regret=0.6000% expected_regret=0.9206% gap>0.1_top1=0.4024 gap>0.5_top1=0.4533
[train updates 0350] loss=0.60654 grad=0.1289 skipped_total=0 lr_geometry=0.000159 elapsed=104.5s
[train updates 0350] top1=0.3965 ce=1.521215 mean_cost=8.008026 vs_sbs=-0.5002% regret=0.6332% expected_regret=0.9415% gap>0.1_top1=0.4217 gap>0.5_top1=0.4779
[val updates 0350] top1=0.3760 ce=1.648919 mean_cost=7.917802 vs_sbs=-0.5027% regret=0.6139% expected_regret=0.9194% gap>0.1_top1=0.3997 gap>0.5_top1=0.4498
[train updates 0400] loss=0.60317 grad=0.1309 skipped_total=0 lr_geometry=0.000146 elapsed=119.4s
[train updates 0400] top1=0.3975 ce=1.520898 mean_cost=8.007940 vs_sbs=-0.5013% regret=0.6319% expected_regret=0.9384% gap>0.1_top1=0.4226 gap>0.5_top1=0.4785
[val updates 0400] top1=0.3740 ce=1.652790 mean_cost=7.918285 vs_sbs=-0.4966% regret=0.6194% expected_regret=0.9169% gap>0.1_top1=0.3997 gap>0.5_top1=0.4602
[train updates 0450] loss=0.60562 grad=0.1323 skipped_total=0 lr_geometry=0.000132 elapsed=134.3s
[train updates 0450] top1=0.3972 ce=1.519814 mean_cost=8.007837 vs_sbs=-0.5026% regret=0.6305% expected_regret=0.9382% gap>0.1_top1=0.4219 gap>0.5_top1=0.4789
[val updates 0450] top1=0.3780 ce=1.650560 mean_cost=7.917301 vs_sbs=-0.5090% regret=0.6068% expected_regret=0.9169% gap>0.1_top1=0.4037 gap>0.5_top1=0.4567
[train updates 0500] loss=0.60513 grad=0.1309 skipped_total=0 lr_geometry=0.000117 elapsed=149.2s
[train updates 0500] top1=0.3967 ce=1.519251 mean_cost=8.007826 vs_sbs=-0.5027% regret=0.6298% expected_regret=0.9377% gap>0.1_top1=0.4212 gap>0.5_top1=0.4773
[val updates 0500] top1=0.3760 ce=1.650654 mean_cost=7.917314 vs_sbs=-0.5088% regret=0.6066% expected_regret=0.9156% gap>0.1_top1=0.3997 gap>0.5_top1=0.4533
[train updates 0550] loss=0.60461 grad=0.1420 skipped_total=0 lr_geometry=0.000103 elapsed=164.0s
[train updates 0550] top1=0.3974 ce=1.519190 mean_cost=8.007989 vs_sbs=-0.5007% regret=0.6314% expected_regret=0.9361% gap>0.1_top1=0.4223 gap>0.5_top1=0.4770
[val updates 0550] top1=0.3780 ce=1.650491 mean_cost=7.918177 vs_sbs=-0.4980% regret=0.6166% expected_regret=0.9141% gap>0.1_top1=0.4024 gap>0.5_top1=0.4602
[train updates 0600] loss=0.60380 grad=0.1349 skipped_total=0 lr_geometry=8.79e-05 elapsed=178.9s
[train updates 0600] top1=0.3976 ce=1.518468 mean_cost=8.007901 vs_sbs=-0.5018% regret=0.6307% expected_regret=0.9373% gap>0.1_top1=0.4223 gap>0.5_top1=0.4779
[val updates 0600] top1=0.3780 ce=1.649578 mean_cost=7.918045 vs_sbs=-0.4996% regret=0.6152% expected_regret=0.9160% gap>0.1_top1=0.4024 gap>0.5_top1=0.4602
[train updates 0650] loss=0.60288 grad=0.1288 skipped_total=0 lr_geometry=7.38e-05 elapsed=193.8s
[train updates 0650] top1=0.3975 ce=1.518474 mean_cost=8.008049 vs_sbs=-0.4999% regret=0.6327% expected_regret=0.9357% gap>0.1_top1=0.4221 gap>0.5_top1=0.4776
[val updates 0650] top1=0.3770 ce=1.649386 mean_cost=7.918048 vs_sbs=-0.4996% regret=0.6156% expected_regret=0.9137% gap>0.1_top1=0.4010 gap>0.5_top1=0.4533
[train updates 0700] loss=0.60428 grad=0.1383 skipped_total=0 lr_geometry=6.08e-05 elapsed=208.7s
[train updates 0700] top1=0.3972 ce=1.518276 mean_cost=8.007933 vs_sbs=-0.5014% regret=0.6310% expected_regret=0.9347% gap>0.1_top1=0.4224 gap>0.5_top1=0.4773
[val updates 0700] top1=0.3770 ce=1.648938 mean_cost=7.917368 vs_sbs=-0.5081% regret=0.6066% expected_regret=0.9127% gap>0.1_top1=0.4010 gap>0.5_top1=0.4567
[train updates 0750] loss=0.60373 grad=0.1330 skipped_total=0 lr_geometry=4.9e-05 elapsed=223.6s
[train updates 0750] top1=0.3972 ce=1.517721 mean_cost=8.007902 vs_sbs=-0.5018% regret=0.6307% expected_regret=0.9351% gap>0.1_top1=0.4220 gap>0.5_top1=0.4776
[val updates 0750] top1=0.3750 ce=1.650092 mean_cost=7.917896 vs_sbs=-0.5015% regret=0.6151% expected_regret=0.9141% gap>0.1_top1=0.3984 gap>0.5_top1=0.4464
[train updates 0800] loss=0.60278 grad=0.1360 skipped_total=0 lr_geometry=3.9e-05 elapsed=238.5s
[train updates 0800] top1=0.3977 ce=1.517571 mean_cost=8.007787 vs_sbs=-0.5032% regret=0.6289% expected_regret=0.9344% gap>0.1_top1=0.4225 gap>0.5_top1=0.4776
[val updates 0800] top1=0.3780 ce=1.650089 mean_cost=7.917261 vs_sbs=-0.5095% regret=0.6061% expected_regret=0.9137% gap>0.1_top1=0.4024 gap>0.5_top1=0.4567
[train updates 0850] loss=0.60398 grad=0.1397 skipped_total=0 lr_geometry=3.08e-05 elapsed=253.4s
[train updates 0850] top1=0.3980 ce=1.517535 mean_cost=8.007655 vs_sbs=-0.5048% regret=0.6271% expected_regret=0.9339% gap>0.1_top1=0.4230 gap>0.5_top1=0.4792
[val updates 0850] top1=0.3780 ce=1.649747 mean_cost=7.917204 vs_sbs=-0.5102% regret=0.6054% expected_regret=0.9132% gap>0.1_top1=0.4010 gap>0.5_top1=0.4567
[train updates 0900] loss=0.60294 grad=0.1341 skipped_total=0 lr_geometry=2.49e-05 elapsed=268.2s
[train updates 0900] top1=0.3966 ce=1.517352 mean_cost=8.007925 vs_sbs=-0.5015% regret=0.6307% expected_regret=0.9350% gap>0.1_top1=0.4215 gap>0.5_top1=0.4761
[val updates 0900] top1=0.3770 ce=1.650077 mean_cost=7.917822 vs_sbs=-0.5024% regret=0.6135% expected_regret=0.9143% gap>0.1_top1=0.4010 gap>0.5_top1=0.4533
[train updates 0950] loss=0.60386 grad=0.1371 skipped_total=0 lr_geometry=2.12e-05 elapsed=283.1s
[train updates 0950] top1=0.3971 ce=1.517298 mean_cost=8.007949 vs_sbs=-0.5012% regret=0.6308% expected_regret=0.9349% gap>0.1_top1=0.4217 gap>0.5_top1=0.4770
[val updates 0950] top1=0.3750 ce=1.649878 mean_cost=7.918015 vs_sbs=-0.5000% regret=0.6155% expected_regret=0.9137% gap>0.1_top1=0.3984 gap>0.5_top1=0.4464
[train updates 1000] loss=0.60278 grad=0.1401 skipped_total=0 lr_geometry=2e-05 elapsed=298.0s
[train updates 1000] top1=0.3971 ce=1.517223 mean_cost=8.007905 vs_sbs=-0.5017% regret=0.6304% expected_regret=0.9347% gap>0.1_top1=0.4221 gap>0.5_top1=0.4776
[val updates 1000] top1=0.3770 ce=1.649951 mean_cost=7.917897 vs_sbs=-0.5015% regret=0.6139% expected_regret=0.9138% gap>0.1_top1=0.4010 gap>0.5_top1=0.4533
wandb:                                                                                
wandb: 
wandb: Run history:
wandb:            train/actual_regret_pct █▄▅▃▄█▆▅▄▃▃▄▃▅▄▃▂▁▃▃▃
wandb:                           train/ce █▇▆▅▄▄▃▃▃▂▂▂▂▂▁▁▁▁▁▁▁
wandb:           train/expected_mean_cost █▆▅▄▄▂▃▃▂▂▂▂▂▂▁▁▁▁▁▁▁
wandb:          train/expected_regret_pct █▇▅▄▄▃▄▃▂▂▂▂▂▂▁▁▁▁▁▁▁
wandb: train/gap_gt_0_1_actual_regret_pct ▇▇▇▄▅█▆▅▅▃▄▅▄▅▄▄▃▁▄▄▃
wandb:              train/gap_gt_0_1_top1 ▁▅▆▇▇▅▅▆▇▆▅▇▇▆▇▆▇█▅▆▆
wandb: train/gap_gt_0_5_actual_regret_pct █▇▆▁▂▇▆▆▇▂▃▆▅▆▅▅▄▁▅▅▄
wandb:              train/gap_gt_0_5_top1 ▃▃▃▇█▁▃▄▅▆▃▃▄▄▃▄▄▆▁▃▄
wandb:                    train/mean_cost ▇▃▄▂▃█▆▄▄▃▃▄▃▅▄▃▂▁▃▄▃
wandb:                         train/top1 ▁▃▅▇█▇▆▆▇▇▆▇▇▇▇▇██▆▇▇
wandb:                   train/vs_sbs_pct ▇▃▄▂▃█▆▄▄▃▃▄▃▅▄▃▂▁▃▄▃
wandb:              val/actual_regret_pct ▅▅▆▅▅▄▁▆█▃▃▇▆▇▃▆▃▃▆▇▆
wandb:                             val/ce █▆▅▃▃▁▂▁▄▃▃▂▂▂▁▂▂▂▂▂▂
wandb:             val/expected_mean_cost █▇▅▄▄▂▃▃▂▂▂▂▂▁▁▁▁▁▁▁▁
wandb:            val/expected_regret_pct █▇▅▄▅▂▄▃▂▂▂▁▂▁▁▁▁▁▂▁▁
wandb:   val/gap_gt_0_1_actual_regret_pct ▇▇█▆▆▄▁▆█▃▃▇▇▇▃▇▃▃▆▇▇
wandb:                val/gap_gt_0_1_top1 ▁▄▄▄▅▇▇▆▆█▆▇▇▇▇▅▇▇▇▅▇
wandb:   val/gap_gt_0_5_actual_regret_pct ▁▃▆▅▅▃▂▅▅▃▄▅▅▇▄█▃▃▆█▇
wandb:                val/gap_gt_0_5_top1 ▁▁▁▃▅▇▆▅█▇▆██▆▇▄▇▇▆▄▆
wandb:                      val/mean_cost ▆▄▅▄▄▃▁▆█▃▃▇▇▇▄▆▃▃▆▇▆
wandb:                           val/top1 ▁▃▃▄▆▆█▇▆█▇████▇███▇█
wandb:                     val/vs_sbs_pct ▆▄▅▄▄▃▁▆█▃▃▇▇▇▄▆▃▃▆▇▆
wandb: 
wandb: Run summary:
wandb:                     final_val_top1 0.377
wandb:            train/actual_regret_pct 0.63036
wandb:                           train/ce 1.51722
wandb:           train/expected_mean_cost 8.03105
wandb:          train/expected_regret_pct 0.93473
wandb: train/gap_gt_0_1_actual_regret_pct 0.71106
wandb:              train/gap_gt_0_1_top1 0.42213
wandb: train/gap_gt_0_5_actual_regret_pct 0.88564
wandb:              train/gap_gt_0_5_top1 0.47761
wandb:                    train/mean_cost 8.00791
wandb:                         train/top1 0.3971
wandb:                   train/vs_sbs_pct -0.50173
wandb:                            updates 1000
wandb:              val/actual_regret_pct 0.61394
wandb:                             val/ce 1.64995
wandb:             val/expected_mean_cost 7.9398
wandb:            val/expected_regret_pct 0.91384
wandb:   val/gap_gt_0_1_actual_regret_pct 0.71732
wandb:                val/gap_gt_0_1_top1 0.40105
wandb:   val/gap_gt_0_5_actual_regret_pct 0.94815
wandb:                val/gap_gt_0_5_top1 0.45329
wandb:                      val/mean_cost 7.9179
wandb:                           val/top1 0.377
wandb:                     val/vs_sbs_pct -0.50147
wandb: 
wandb: You can sync this run to the cloud by running:
wandb: wandb sync code/V4/runs/R38_tsp_frozen_geometry/geometry_seed2/wandb/offline-run-20260930_160905-206imtm5
wandb: Find logs at: code/V4/runs/R38_tsp_frozen_geometry/geometry_seed2/wandb/offline-run-20260930_160905-206imtm5/logs
[done] geometry_seed2 updates=1000 val_top1=0.3770
