wandb: Tracking run with wandb version 0.19.11
wandb: W&B syncing is set to `offline` in this directory. Run `wandb online` or set WANDB_MODE=online to enable cloud syncing.
[start] redundant_seed2 updates=1000 batch=640 optimizer=fresh base_frozen=True base_lr=0 geometry_lr=2e-4 model_hash=ac5c8e24a15502a258ce0223d6f31bc435d3361b2bbba9739f28943ef056e434
[train updates 0000] top1=0.3934 ce=1.533871 mean_cost=8.008346 vs_sbs=-0.4963% regret=0.6373% expected_regret=0.9589% gap>0.1_top1=0.4190 gap>0.5_top1=0.4773
[val updates 0000] top1=0.3630 ce=1.657517 mean_cost=7.917969 vs_sbs=-0.5006% regret=0.6118% expected_regret=0.9326% gap>0.1_top1=0.3893 gap>0.5_top1=0.4360
[train updates 0050] loss=0.61074 grad=0.0668 skipped_total=0 lr_geometry=0.0002 elapsed=20.4s
[train updates 0050] top1=0.3940 ce=1.533952 mean_cost=8.008824 vs_sbs=-0.4903% regret=0.6457% expected_regret=0.9591% gap>0.1_top1=0.4203 gap>0.5_top1=0.4767
[val updates 0050] top1=0.3660 ce=1.657733 mean_cost=7.917856 vs_sbs=-0.5020% regret=0.6105% expected_regret=0.9327% gap>0.1_top1=0.3919 gap>0.5_top1=0.4429
[train updates 0100] loss=0.61129 grad=0.0731 skipped_total=0 lr_geometry=0.000199 elapsed=35.2s
[train updates 0100] top1=0.3945 ce=1.533854 mean_cost=8.008745 vs_sbs=-0.4913% regret=0.6451% expected_regret=0.9581% gap>0.1_top1=0.4203 gap>0.5_top1=0.4764
[val updates 0100] top1=0.3680 ce=1.657890 mean_cost=7.917697 vs_sbs=-0.5040% regret=0.6083% expected_regret=0.9320% gap>0.1_top1=0.3932 gap>0.5_top1=0.4429
[train updates 0150] loss=0.61151 grad=0.0663 skipped_total=0 lr_geometry=0.000195 elapsed=50.1s
[train updates 0150] top1=0.3946 ce=1.533905 mean_cost=8.008753 vs_sbs=-0.4912% regret=0.6447% expected_regret=0.9576% gap>0.1_top1=0.4203 gap>0.5_top1=0.4767
[val updates 0150] top1=0.3640 ce=1.656510 mean_cost=7.918514 vs_sbs=-0.4937% regret=0.6195% expected_regret=0.9313% gap>0.1_top1=0.3879 gap>0.5_top1=0.4394
[train updates 0200] loss=0.61082 grad=0.0708 skipped_total=0 lr_geometry=0.000189 elapsed=65.0s
[train updates 0200] top1=0.3939 ce=1.533604 mean_cost=8.008739 vs_sbs=-0.4914% regret=0.6453% expected_regret=0.9594% gap>0.1_top1=0.4196 gap>0.5_top1=0.4767
[val updates 0200] top1=0.3640 ce=1.657712 mean_cost=7.918439 vs_sbs=-0.4947% regret=0.6172% expected_regret=0.9338% gap>0.1_top1=0.3879 gap>0.5_top1=0.4394
[train updates 0250] loss=0.61062 grad=0.0746 skipped_total=0 lr_geometry=0.000181 elapsed=79.9s
[train updates 0250] top1=0.3939 ce=1.534180 mean_cost=8.009092 vs_sbs=-0.4870% regret=0.6491% expected_regret=0.9562% gap>0.1_top1=0.4198 gap>0.5_top1=0.4742
[val updates 0250] top1=0.3630 ce=1.655848 mean_cost=7.918400 vs_sbs=-0.4951% regret=0.6173% expected_regret=0.9295% gap>0.1_top1=0.3879 gap>0.5_top1=0.4394
[train updates 0300] loss=0.61130 grad=0.0751 skipped_total=0 lr_geometry=0.000171 elapsed=94.7s
[train updates 0300] top1=0.3944 ce=1.533808 mean_cost=8.008837 vs_sbs=-0.4902% regret=0.6463% expected_regret=0.9568% gap>0.1_top1=0.4203 gap>0.5_top1=0.4761
[val updates 0300] top1=0.3650 ce=1.657113 mean_cost=7.918103 vs_sbs=-0.4989% regret=0.6140% expected_regret=0.9309% gap>0.1_top1=0.3893 gap>0.5_top1=0.4394
[train updates 0350] loss=0.61160 grad=0.0664 skipped_total=0 lr_geometry=0.000159 elapsed=109.6s
[train updates 0350] top1=0.3945 ce=1.533719 mean_cost=8.008896 vs_sbs=-0.4894% regret=0.6468% expected_regret=0.9573% gap>0.1_top1=0.4205 gap>0.5_top1=0.4764
[val updates 0350] top1=0.3630 ce=1.656292 mean_cost=7.918327 vs_sbs=-0.4961% regret=0.6163% expected_regret=0.9315% gap>0.1_top1=0.3866 gap>0.5_top1=0.4394
[train updates 0400] loss=0.60865 grad=0.0703 skipped_total=0 lr_geometry=0.000146 elapsed=124.5s
[train updates 0400] top1=0.3940 ce=1.533764 mean_cost=8.009006 vs_sbs=-0.4881% regret=0.6481% expected_regret=0.9573% gap>0.1_top1=0.4198 gap>0.5_top1=0.4754
[val updates 0400] top1=0.3640 ce=1.656020 mean_cost=7.918420 vs_sbs=-0.4949% regret=0.6167% expected_regret=0.9313% gap>0.1_top1=0.3879 gap>0.5_top1=0.4360
[train updates 0450] loss=0.61096 grad=0.0691 skipped_total=0 lr_geometry=0.000132 elapsed=139.3s
[train updates 0450] top1=0.3944 ce=1.533639 mean_cost=8.008859 vs_sbs=-0.4899% regret=0.6465% expected_regret=0.9567% gap>0.1_top1=0.4203 gap>0.5_top1=0.4761
[val updates 0450] top1=0.3630 ce=1.656276 mean_cost=7.918366 vs_sbs=-0.4956% regret=0.6168% expected_regret=0.9308% gap>0.1_top1=0.3879 gap>0.5_top1=0.4325
[train updates 0500] loss=0.61099 grad=0.0709 skipped_total=0 lr_geometry=0.000117 elapsed=154.2s
[train updates 0500] top1=0.3946 ce=1.533502 mean_cost=8.008706 vs_sbs=-0.4918% regret=0.6448% expected_regret=0.9570% gap>0.1_top1=0.4203 gap>0.5_top1=0.4767
[val updates 0500] top1=0.3660 ce=1.656546 mean_cost=7.918144 vs_sbs=-0.4984% regret=0.6133% expected_regret=0.9313% gap>0.1_top1=0.3906 gap>0.5_top1=0.4360
[train updates 0550] loss=0.61052 grad=0.0677 skipped_total=0 lr_geometry=0.000103 elapsed=169.1s
[train updates 0550] top1=0.3945 ce=1.533668 mean_cost=8.008936 vs_sbs=-0.4889% regret=0.6472% expected_regret=0.9569% gap>0.1_top1=0.4202 gap>0.5_top1=0.4761
[val updates 0550] top1=0.3630 ce=1.656259 mean_cost=7.918562 vs_sbs=-0.4931% regret=0.6188% expected_regret=0.9307% gap>0.1_top1=0.3866 gap>0.5_top1=0.4325
[train updates 0600] loss=0.61009 grad=0.0748 skipped_total=0 lr_geometry=8.79e-05 elapsed=184.0s
[train updates 0600] top1=0.3947 ce=1.533607 mean_cost=8.008947 vs_sbs=-0.4888% regret=0.6473% expected_regret=0.9569% gap>0.1_top1=0.4205 gap>0.5_top1=0.4764
[val updates 0600] top1=0.3620 ce=1.655498 mean_cost=7.918644 vs_sbs=-0.4921% regret=0.6202% expected_regret=0.9306% gap>0.1_top1=0.3866 gap>0.5_top1=0.4325
[train updates 0650] loss=0.60946 grad=0.0662 skipped_total=0 lr_geometry=7.38e-05 elapsed=198.9s
[train updates 0650] top1=0.3945 ce=1.533570 mean_cost=8.009008 vs_sbs=-0.4880% regret=0.6482% expected_regret=0.9568% gap>0.1_top1=0.4201 gap>0.5_top1=0.4754
[val updates 0650] top1=0.3640 ce=1.656026 mean_cost=7.918389 vs_sbs=-0.4953% regret=0.6173% expected_regret=0.9307% gap>0.1_top1=0.3893 gap>0.5_top1=0.4360
[train updates 0700] loss=0.61086 grad=0.0747 skipped_total=0 lr_geometry=6.08e-05 elapsed=213.8s
[train updates 0700] top1=0.3939 ce=1.533892 mean_cost=8.009048 vs_sbs=-0.4875% regret=0.6485% expected_regret=0.9554% gap>0.1_top1=0.4194 gap>0.5_top1=0.4745
[val updates 0700] top1=0.3630 ce=1.655416 mean_cost=7.918454 vs_sbs=-0.4945% regret=0.6183% expected_regret=0.9288% gap>0.1_top1=0.3879 gap>0.5_top1=0.4360
[train updates 0750] loss=0.61025 grad=0.0642 skipped_total=0 lr_geometry=4.9e-05 elapsed=228.6s
[train updates 0750] top1=0.3942 ce=1.533556 mean_cost=8.008737 vs_sbs=-0.4914% regret=0.6452% expected_regret=0.9562% gap>0.1_top1=0.4198 gap>0.5_top1=0.4767
[val updates 0750] top1=0.3640 ce=1.656731 mean_cost=7.917996 vs_sbs=-0.5002% regret=0.6119% expected_regret=0.9305% gap>0.1_top1=0.3879 gap>0.5_top1=0.4360
[train updates 0800] loss=0.60962 grad=0.0659 skipped_total=0 lr_geometry=3.9e-05 elapsed=243.5s
[train updates 0800] top1=0.3947 ce=1.533522 mean_cost=8.008714 vs_sbs=-0.4917% regret=0.6446% expected_regret=0.9559% gap>0.1_top1=0.4205 gap>0.5_top1=0.4770
[val updates 0800] top1=0.3650 ce=1.656874 mean_cost=7.917912 vs_sbs=-0.5013% regret=0.6112% expected_regret=0.9303% gap>0.1_top1=0.3893 gap>0.5_top1=0.4360
[train updates 0850] loss=0.61081 grad=0.0691 skipped_total=0 lr_geometry=3.08e-05 elapsed=258.4s
[train updates 0850] top1=0.3942 ce=1.533626 mean_cost=8.008811 vs_sbs=-0.4905% regret=0.6459% expected_regret=0.9558% gap>0.1_top1=0.4197 gap>0.5_top1=0.4761
[val updates 0850] top1=0.3630 ce=1.656407 mean_cost=7.918309 vs_sbs=-0.4963% regret=0.6154% expected_regret=0.9299% gap>0.1_top1=0.3866 gap>0.5_top1=0.4325
[train updates 0900] loss=0.60982 grad=0.0678 skipped_total=0 lr_geometry=2.49e-05 elapsed=273.4s
[train updates 0900] top1=0.3946 ce=1.533494 mean_cost=8.008754 vs_sbs=-0.4912% regret=0.6455% expected_regret=0.9567% gap>0.1_top1=0.4203 gap>0.5_top1=0.4767
[val updates 0900] top1=0.3660 ce=1.656372 mean_cost=7.917885 vs_sbs=-0.5016% regret=0.6108% expected_regret=0.9309% gap>0.1_top1=0.3906 gap>0.5_top1=0.4360
[train updates 0950] loss=0.61086 grad=0.0697 skipped_total=0 lr_geometry=2.12e-05 elapsed=288.3s
[train updates 0950] top1=0.3944 ce=1.533486 mean_cost=8.008830 vs_sbs=-0.4902% regret=0.6464% expected_regret=0.9565% gap>0.1_top1=0.4201 gap>0.5_top1=0.4764
[val updates 0950] top1=0.3650 ce=1.656534 mean_cost=7.917912 vs_sbs=-0.5013% regret=0.6112% expected_regret=0.9307% gap>0.1_top1=0.3893 gap>0.5_top1=0.4360
[train updates 1000] loss=0.60943 grad=0.0676 skipped_total=0 lr_geometry=2e-05 elapsed=303.2s
[train updates 1000] top1=0.3947 ce=1.533447 mean_cost=8.008619 vs_sbs=-0.4929% regret=0.6436% expected_regret=0.9566% gap>0.1_top1=0.4203 gap>0.5_top1=0.4773
[val updates 1000] top1=0.3640 ce=1.656732 mean_cost=7.918179 vs_sbs=-0.4979% regret=0.6137% expected_regret=0.9310% gap>0.1_top1=0.3879 gap>0.5_top1=0.4360
wandb:                                                                                
wandb: 
wandb: Run history:
wandb:            train/actual_regret_pct ▁▆▆▅▆█▆▇▇▆▅▇▇▇█▆▅▆▆▆▅
wandb:                           train/ce ▅▆▅▅▃█▄▄▄▃▂▃▃▂▅▂▂▃▁▁▁
wandb:           train/expected_mean_cost █▇▅▄▆▂▃▃▄▃▃▃▃▃▁▂▁▁▂▂▂
wandb:          train/expected_regret_pct ▇█▆▅█▂▄▄▄▃▄▄▄▃▁▂▂▂▃▃▃
wandb: train/gap_gt_0_1_actual_regret_pct ▁▆▅▅▆█▆▇▇▆▅▇▇██▆▅▆▆▇▄
wandb:              train/gap_gt_0_1_top1 ▁▇▇▇▄▅▇█▅▇▇▇█▆▃▅█▄▇▆▇
wandb: train/gap_gt_0_5_actual_regret_pct ▁▆▆▅▅▇▆▆▇▆▄▇▇▇█▅▄▅▅▅▄
wandb:              train/gap_gt_0_5_top1 █▇▆▇▇▁▅▆▄▅▇▅▆▄▂▇▇▅▇▆█
wandb:                    train/mean_cost ▁▅▅▅▅█▆▆▇▆▄▇▇▇█▅▄▅▅▆▄
wandb:                         train/top1 ▁▄▇▇▄▄▆▇▄▆▇▇█▇▄▅█▅▇▆█
wandb:                   train/vs_sbs_pct ▁▅▅▅▅█▆▆▇▆▄▇▇▇█▅▄▅▅▆▄
wandb:              val/actual_regret_pct ▃▂▁█▆▆▄▆▆▆▄▇█▆▇▃▃▅▂▃▄
wandb:                             val/ce ▇██▄▇▂▆▃▃▃▄▃▁▃▁▅▅▄▄▄▅
wandb:             val/expected_mean_cost █▇▆▅█▂▄▅▄▃▄▄▄▃▁▃▂▂▄▃▄
wandb:            val/expected_regret_pct ▆▆▆▅█▂▄▅▄▄▄▄▄▄▁▃▃▂▄▄▄
wandb:   val/gap_gt_0_1_actual_regret_pct ▃▂▁█▇▆▄▆▆▅▄▇▇▅▆▃▃▅▂▃▄
wandb:                val/gap_gt_0_1_top1 ▄▇█▂▂▂▄▁▂▂▅▁▁▄▂▂▄▁▅▄▂
wandb:   val/gap_gt_0_5_actual_regret_pct ▃▂▁▆▄▅▃▄▆▆▄██▆▆▃▄▆▃▄▄
wandb:                val/gap_gt_0_5_top1 ▃██▆▆▆▆▆▃▁▃▁▁▃▃▃▃▁▃▃▃
wandb:                      val/mean_cost ▃▂▁▇▆▆▄▆▆▆▄▇█▆▇▃▃▆▂▃▅
wandb:                           val/top1 ▂▆█▃▃▂▅▂▃▂▆▂▁▃▂▃▅▂▆▅▃
wandb:                     val/vs_sbs_pct ▃▂▁▇▆▆▄▆▆▆▄▇█▆▇▃▃▆▂▃▅
wandb: 
wandb: Run summary:
wandb:                     final_val_top1 0.364
wandb:            train/actual_regret_pct 0.6436
wandb:                           train/ce 1.53345
wandb:           train/expected_mean_cost 8.03256
wandb:          train/expected_regret_pct 0.95663
wandb: train/gap_gt_0_1_actual_regret_pct 0.72405
wandb:              train/gap_gt_0_1_top1 0.42033
wandb: train/gap_gt_0_5_actual_regret_pct 0.90222
wandb:              train/gap_gt_0_5_top1 0.4773
wandb:                    train/mean_cost 8.00862
wandb:                         train/top1 0.3947
wandb:                   train/vs_sbs_pct -0.49287
wandb:                            updates 1000
wandb:              val/actual_regret_pct 0.61371
wandb:                             val/ce 1.65673
wandb:             val/expected_mean_cost 7.94099
wandb:            val/expected_regret_pct 0.93103
wandb:   val/gap_gt_0_1_actual_regret_pct 0.72074
wandb:                val/gap_gt_0_1_top1 0.38794
wandb:   val/gap_gt_0_5_actual_regret_pct 0.90955
wandb:                val/gap_gt_0_5_top1 0.43599
wandb:                      val/mean_cost 7.91818
wandb:                           val/top1 0.364
wandb:                     val/vs_sbs_pct -0.49793
wandb: 
wandb: You can sync this run to the cloud by running:
wandb: wandb sync code/V4/runs/R38_tsp_frozen_geometry/redundant_seed2/wandb/offline-run-20260930_160401-wl74kp4s
wandb: Find logs at: code/V4/runs/R38_tsp_frozen_geometry/redundant_seed2/wandb/offline-run-20260930_160401-wl74kp4s/logs
[done] redundant_seed2 updates=1000 val_top1=0.3640
