[19:20:33] 实验开始，输出目录: /public/home/zhoucl/shiys/2cmab2/outputs/2026-04-02-nss_neural_ucb_diag_full
[19:20:33] 开始构建共享数据集 | data_source=nss | arm数=9
[19:20:33] 使用 NSS 数据源: /public/home/zhoucl/shiys/9nss论文/neural-solver-selection/datasets
[19:20:33] 开始构建 NSS train split
[19:20:33] NSS split=train problem=tsp 原始样本数=10000，实际使用=10000
[19:21:40] NSS split=train problem=cvrp 原始样本数=10000，实际使用=10000
[19:22:47] 开始构建 NSS val split
[19:22:47] NSS split=val problem=tsp 原始样本数=1000，实际使用=1000
[19:22:54] NSS split=val problem=cvrp 原始样本数=1000，实际使用=1000
[19:23:00] 开始构建 NSS test split
[19:23:00] NSS split=test problem=tsp 原始样本数=1000，实际使用=1000
[19:23:07] NSS split=test problem=cvrp 原始样本数=1000，实际使用=1000
[19:23:14] NSS 数据集构建完成: train=20000, val=2000, test=2000
[19:23:14] 数据集构建完成，样本总数=24000
[19:23:14] 检测到数据源自带 train/val/test split，直接使用预定义划分
[19:23:14] 数据切分完成: train=20000, val=2000, test=2000
[19:23:14] 开始构造 selector: neural_ucb_diag
[19:23:15] selector 构造完成: NeuralUCBDiag
[19:23:15] 已开启 checkpoint 自动保存: 每 1 个 epoch 保存一次
[19:23:15] 已开启 checkpoint 自动保存: 每 1000 个 step 保存一次
[19:23:15] 已开启周期性验证: 每 1000 个 step 在 val 集评测一次
[19:23:15] 开始训练 epoch 1/1 [NeuralUCBDiag]
[19:27:41] checkpoint 已保存: /public/home/zhoucl/shiys/2cmab2/outputs/2026-04-02-nss_neural_ucb_diag_full/checkpoints/step_0001000.pt
[19:29:22] step=1000 | periodic val_greedy | mean_reward=0.623042 | top1=0.294500 | mean_regret=0.163278 | mean_cost=13.187249 || val_ucb: mean_reward=0.623042 | top1=0.294500 | mean_regret=0.163278 | mean_cost=13.187249
[19:29:22] best checkpoint 已刷新: step=1000 | metric=val_greedy.overall.mean_cost=13.187249 | path=/public/home/zhoucl/shiys/2cmab2/outputs/2026-04-02-nss_neural_ucb_diag_full/checkpoints/best.pt
[19:30:40] checkpoint 已保存: /public/home/zhoucl/shiys/2cmab2/outputs/2026-04-02-nss_neural_ucb_diag_full/checkpoints/step_0002000.pt
[19:32:18] step=2000 | periodic val_greedy | mean_reward=0.623042 | top1=0.294500 | mean_regret=0.163278 | mean_cost=13.187249 || val_ucb: mean_reward=0.623458 | top1=0.294000 | mean_regret=0.163178 | mean_cost=13.187150
[19:33:35] checkpoint 已保存: /public/home/zhoucl/shiys/2cmab2/outputs/2026-04-02-nss_neural_ucb_diag_full/checkpoints/step_0003000.pt
[19:35:16] step=3000 | periodic val_greedy | mean_reward=0.623042 | top1=0.294500 | mean_regret=0.163278 | mean_cost=13.187249 || val_ucb: mean_reward=0.623750 | top1=0.294500 | mean_regret=0.163138 | mean_cost=13.187110
[19:36:33] checkpoint 已保存: /public/home/zhoucl/shiys/2cmab2/outputs/2026-04-02-nss_neural_ucb_diag_full/checkpoints/step_0004000.pt
[19:38:15] step=4000 | periodic val_greedy | mean_reward=0.623042 | top1=0.294500 | mean_regret=0.163278 | mean_cost=13.187249 || val_ucb: mean_reward=0.624083 | top1=0.294500 | mean_regret=0.163106 | mean_cost=13.187078
[19:39:30] checkpoint 已保存: /public/home/zhoucl/shiys/2cmab2/outputs/2026-04-02-nss_neural_ucb_diag_full/checkpoints/step_0005000.pt
[19:41:13] step=5000 | periodic val_greedy | mean_reward=0.623042 | top1=0.294500 | mean_regret=0.163278 | mean_cost=13.187249 || val_ucb: mean_reward=0.623083 | top1=0.294500 | mean_regret=0.163146 | mean_cost=13.187117
[19:42:30] checkpoint 已保存: /public/home/zhoucl/shiys/2cmab2/outputs/2026-04-02-nss_neural_ucb_diag_full/checkpoints/step_0006000.pt
[19:44:11] step=6000 | periodic val_greedy | mean_reward=0.623042 | top1=0.294500 | mean_regret=0.163278 | mean_cost=13.187249 || val_ucb: mean_reward=0.624000 | top1=0.292500 | mean_regret=0.162970 | mean_cost=13.186941
[19:45:26] checkpoint 已保存: /public/home/zhoucl/shiys/2cmab2/outputs/2026-04-02-nss_neural_ucb_diag_full/checkpoints/step_0007000.pt
[19:47:05] step=7000 | periodic val_greedy | mean_reward=0.623042 | top1=0.294500 | mean_regret=0.163278 | mean_cost=13.187249 || val_ucb: mean_reward=0.622000 | top1=0.293000 | mean_regret=0.163175 | mean_cost=13.187146
[19:48:22] checkpoint 已保存: /public/home/zhoucl/shiys/2cmab2/outputs/2026-04-02-nss_neural_ucb_diag_full/checkpoints/step_0008000.pt
[19:50:02] step=8000 | periodic val_greedy | mean_reward=0.623042 | top1=0.294500 | mean_regret=0.163278 | mean_cost=13.187249 || val_ucb: mean_reward=0.622583 | top1=0.293000 | mean_regret=0.163534 | mean_cost=13.187506
[19:51:17] checkpoint 已保存: /public/home/zhoucl/shiys/2cmab2/outputs/2026-04-02-nss_neural_ucb_diag_full/checkpoints/step_0009000.pt
[19:52:58] step=9000 | periodic val_greedy | mean_reward=0.623042 | top1=0.294500 | mean_regret=0.163278 | mean_cost=13.187249 || val_ucb: mean_reward=0.629333 | top1=0.299500 | mean_regret=0.163222 | mean_cost=13.187193
[19:54:15] checkpoint 已保存: /public/home/zhoucl/shiys/2cmab2/outputs/2026-04-02-nss_neural_ucb_diag_full/checkpoints/step_0010000.pt
[19:55:57] step=10000 | periodic val_greedy | mean_reward=0.623042 | top1=0.294500 | mean_regret=0.163278 | mean_cost=13.187249 || val_ucb: mean_reward=0.623292 | top1=0.292000 | mean_regret=0.161928 | mean_cost=13.185900
[19:57:13] checkpoint 已保存: /public/home/zhoucl/shiys/2cmab2/outputs/2026-04-02-nss_neural_ucb_diag_full/checkpoints/step_0011000.pt
[19:58:55] step=11000 | periodic val_greedy | mean_reward=0.623042 | top1=0.294500 | mean_regret=0.163278 | mean_cost=13.187249 || val_ucb: mean_reward=0.625708 | top1=0.293500 | mean_regret=0.162872 | mean_cost=13.186844
[20:00:11] checkpoint 已保存: /public/home/zhoucl/shiys/2cmab2/outputs/2026-04-02-nss_neural_ucb_diag_full/checkpoints/step_0012000.pt
[20:01:50] step=12000 | periodic val_greedy | mean_reward=0.623042 | top1=0.294500 | mean_regret=0.163278 | mean_cost=13.187249 || val_ucb: mean_reward=0.656083 | top1=0.330000 | mean_regret=0.162176 | mean_cost=13.186148
[20:03:06] checkpoint 已保存: /public/home/zhoucl/shiys/2cmab2/outputs/2026-04-02-nss_neural_ucb_diag_full/checkpoints/step_0013000.pt
[20:04:47] step=13000 | periodic val_greedy | mean_reward=0.623042 | top1=0.294500 | mean_regret=0.163278 | mean_cost=13.187249 || val_ucb: mean_reward=0.666708 | top1=0.346500 | mean_regret=0.160639 | mean_cost=13.184611
[20:06:03] checkpoint 已保存: /public/home/zhoucl/shiys/2cmab2/outputs/2026-04-02-nss_neural_ucb_diag_full/checkpoints/step_0014000.pt
[20:07:47] step=14000 | periodic val_greedy | mean_reward=0.623042 | top1=0.294500 | mean_regret=0.163278 | mean_cost=13.187249 || val_ucb: mean_reward=0.646750 | top1=0.349500 | mean_regret=0.180345 | mean_cost=13.204316
[20:09:04] checkpoint 已保存: /public/home/zhoucl/shiys/2cmab2/outputs/2026-04-02-nss_neural_ucb_diag_full/checkpoints/step_0015000.pt
[20:10:48] step=15000 | periodic val_greedy | mean_reward=0.653875 | top1=0.358500 | mean_regret=0.182011 | mean_cost=13.205983 || val_ucb: mean_reward=0.653542 | top1=0.358000 | mean_regret=0.182058 | mean_cost=13.206029
[20:12:05] checkpoint 已保存: /public/home/zhoucl/shiys/2cmab2/outputs/2026-04-02-nss_neural_ucb_diag_full/checkpoints/step_0016000.pt
[20:13:47] step=16000 | periodic val_greedy | mean_reward=0.653875 | top1=0.358500 | mean_regret=0.182011 | mean_cost=13.205983 || val_ucb: mean_reward=0.653875 | top1=0.358500 | mean_regret=0.182011 | mean_cost=13.205983
[20:15:03] checkpoint 已保存: /public/home/zhoucl/shiys/2cmab2/outputs/2026-04-02-nss_neural_ucb_diag_full/checkpoints/step_0017000.pt
[20:16:43] step=17000 | periodic val_greedy | mean_reward=0.653875 | top1=0.358500 | mean_regret=0.182011 | mean_cost=13.205983 || val_ucb: mean_reward=0.653875 | top1=0.358500 | mean_regret=0.182011 | mean_cost=13.205983
[20:18:00] checkpoint 已保存: /public/home/zhoucl/shiys/2cmab2/outputs/2026-04-02-nss_neural_ucb_diag_full/checkpoints/step_0018000.pt
[20:19:42] step=18000 | periodic val_greedy | mean_reward=0.653875 | top1=0.358500 | mean_regret=0.182011 | mean_cost=13.205983 || val_ucb: mean_reward=0.653875 | top1=0.358500 | mean_regret=0.182011 | mean_cost=13.205983
[20:20:58] checkpoint 已保存: /public/home/zhoucl/shiys/2cmab2/outputs/2026-04-02-nss_neural_ucb_diag_full/checkpoints/step_0019000.pt
[20:22:42] step=19000 | periodic val_greedy | mean_reward=0.653875 | top1=0.358500 | mean_regret=0.182011 | mean_cost=13.205983 || val_ucb: mean_reward=0.654000 | top1=0.358500 | mean_regret=0.181989 | mean_cost=13.205960
[20:24:00] checkpoint 已保存: /public/home/zhoucl/shiys/2cmab2/outputs/2026-04-02-nss_neural_ucb_diag_full/checkpoints/step_0020000.pt
[20:25:48] step=20000 | periodic val_greedy | mean_reward=0.653875 | top1=0.358500 | mean_regret=0.182011 | mean_cost=13.205983 || val_ucb: mean_reward=0.655000 | top1=0.360000 | mean_regret=0.181741 | mean_cost=13.205713
[20:25:48] 完成训练 epoch 1/1 [NeuralUCBDiag]
[20:25:48] checkpoint 已保存: /public/home/zhoucl/shiys/2cmab2/outputs/2026-04-02-nss_neural_ucb_diag_full/checkpoints/epoch_0001.pt
[20:25:49] 最终评测前已恢复 best checkpoint: step=1000 | metric=val_greedy.overall.mean_cost=13.187249 | path=/public/home/zhoucl/shiys/2cmab2/outputs/2026-04-02-nss_neural_ucb_diag_full/checkpoints/best.pt
[20:25:49] 开始 selector 验证/测试评测
[20:25:49] 在 val 集上评测 (2000 实例, mode=greedy)...
[20:25:52]     已评测 500/2000...
[20:25:54]     已评测 1000/2000...
[20:25:57]     已评测 1500/2000...
[20:26:00]     已评测 2000/2000...
[20:26:00] val 评测完成 | mode=greedy | mean_reward=0.623042 | top1_accuracy=0.294500 | mean_regret=0.163278 | mean_cost=13.187249
[20:26:00] 在 test 集上评测 (2000 实例, mode=greedy)...
[20:26:03]     已评测 500/2000...
[20:26:06]     已评测 1000/2000...
[20:26:09]     已评测 1500/2000...
[20:26:12]     已评测 2000/2000...
[20:26:12] test 评测完成 | mode=greedy | mean_reward=0.621583 | top1_accuracy=0.278500 | mean_regret=0.175380 | mean_cost=13.294442
[20:26:12] 在 val 集上评测 (2000 实例, mode=ucb)...
[20:26:41]     已评测 500/2000...
[20:27:09]     已评测 1000/2000...
[20:27:29]     已评测 1500/2000...
[20:27:49]     已评测 2000/2000...
[20:27:49] val 评测完成 | mode=ucb | mean_reward=0.623042 | top1_accuracy=0.294500 | mean_regret=0.163278 | mean_cost=13.187249
[20:27:49] 在 test 集上评测 (2000 实例, mode=ucb)...
[20:28:18]     已评测 500/2000...
[20:28:46]     已评测 1000/2000...
[20:29:05]     已评测 1500/2000...
[20:29:26]     已评测 2000/2000...
[20:29:26] test 评测完成 | mode=ucb | mean_reward=0.621583 | top1_accuracy=0.278500 | mean_regret=0.175380 | mean_cost=13.294442
[20:29:26] selector 验证/测试评测完成
[20:29:26] 开始计算 baseline 对比
[20:29:26] baseline 对比完成
[20:29:26] 
======================================================================
  评测结果 | NeuralUCBDiag | mode=greedy
======================================================================

  ALL (2000 实例):
    mean_reward:    0.6216
    mean_rank:      2.96
    top1_hit_rate:    0.2760  (552/2000)
    top2_hit_rate:    0.4555  (911/2000)
    top3_hit_rate:    0.6370  (1274/2000)
    regret:         0.1754
    mean_cost:      13.2944  (模型选择)
    oracle_cost:    13.1191  (每个实例选最好的)

  TSP (1000 实例):
    mean_reward:    0.5564
    mean_rank:      3.66
    top1_hit_rate:    0.1560  (156/1000)
    top2_hit_rate:    0.3040  (304/1000)
    top3_hit_rate:    0.4870  (487/1000)
    regret:         0.0913
    mean_cost:      8.0860  (模型选择)
    oracle_cost:    7.9947  (每个实例选最好的)

  CVRP (1000 实例):
    mean_reward:    0.6867
    mean_rank:      2.25
    top1_hit_rate:    0.3960  (396/1000)
    top2_hit_rate:    0.6070  (607/1000)
    top3_hit_rate:    0.7870  (787/1000)
    regret:         0.2594
    mean_cost:      18.5028  (模型选择)
    oracle_cost:    18.2434  (每个实例选最好的)

======================================================================
  Baseline 对比 (在同一 test 集上)
======================================================================

  TSP (1000 实例):
    oracle mean_cost:                7.9947  (每实例选最好的, 上界)
    模型选择 mean_cost:              8.0860
    single_best_per_problem:         8.1158
    single_best_global:              8.1158
    random mean_cost:                8.1164  (均匀随机的期望)

  CVRP (1000 实例):
    oracle mean_cost:                18.2434  (每实例选最好的, 上界)
    模型选择 mean_cost:              18.5028
    single_best_per_problem:         18.5028
    single_best_global:              18.5028
    random mean_cost:                18.8526  (均匀随机的期望)

======================================================================
  各臂选择分布
======================================================================

  TSP (1000 实例):
     4(t2t500          ):  1000 次 (100.0%)

  CVRP (1000 实例):
     7(omni            ):  1000 次 (100.0%)

  ALL (2000 实例):
     4(t2t500          ):  1000 次 ( 50.0%)
     7(omni            ):  1000 次 ( 50.0%)

======================================================================
  各臂被选后的真实效果
======================================================================

  TSP:
    arm                   count  mean_cost  mean_reward  top1_rate  mean_rank
    ────────────────────────────────────────────────────────────────────
     4(t2t500          )     1000     8.0860       0.5564     0.1560       3.66

  CVRP:
    arm                   count  mean_cost  mean_reward  top1_rate  mean_rank
    ────────────────────────────────────────────────────────────────────
     7(omni            )     1000    18.5028       0.6867     0.3960       2.25

======================================================================
  Oracle 最优臂分布 (test 集上哪个方法最常是最优的)
======================================================================

  TSP (1000 实例):
     0(bq              ):   280 次 ( 28.0%)
     2(lehd            ):   186 次 ( 18.6%)
     4(t2t500          ):   161 次 ( 16.1%)
     6(difusco500      ):   125 次 ( 12.5%)
     3(t2t             ):   119 次 ( 11.9%)
     1(elg             ):    78 次 (  7.8%)
     5(difusco         ):    51 次 (  5.1%)

  CVRP (1000 实例):
     7(omni            ):   396 次 ( 39.6%)
     2(lehd            ):   241 次 ( 24.1%)
     0(bq              ):   210 次 ( 21.0%)
     1(elg             ):    83 次 (  8.3%)
     8(mvmoe           ):    70 次 (  7.0%)

[20:29:26] 
======================================================================
  评测结果 | NeuralUCBDiag | mode=ucb
======================================================================

  ALL (2000 实例):
    mean_reward:    0.6216
    mean_rank:      2.96
    top1_hit_rate:    0.2760  (552/2000)
    top2_hit_rate:    0.4555  (911/2000)
    top3_hit_rate:    0.6370  (1274/2000)
    regret:         0.1754
    mean_cost:      13.2944  (模型选择)
    oracle_cost:    13.1191  (每个实例选最好的)

  TSP (1000 实例):
    mean_reward:    0.5564
    mean_rank:      3.66
    top1_hit_rate:    0.1560  (156/1000)
    top2_hit_rate:    0.3040  (304/1000)
    top3_hit_rate:    0.4870  (487/1000)
    regret:         0.0913
    mean_cost:      8.0860  (模型选择)
    oracle_cost:    7.9947  (每个实例选最好的)

  CVRP (1000 实例):
    mean_reward:    0.6867
    mean_rank:      2.25
    top1_hit_rate:    0.3960  (396/1000)
    top2_hit_rate:    0.6070  (607/1000)
    top3_hit_rate:    0.7870  (787/1000)
    regret:         0.2594
    mean_cost:      18.5028  (模型选择)
    oracle_cost:    18.2434  (每个实例选最好的)

======================================================================
  Baseline 对比 (在同一 test 集上)
======================================================================

  TSP (1000 实例):
    oracle mean_cost:                7.9947  (每实例选最好的, 上界)
    模型选择 mean_cost:              8.0860
    single_best_per_problem:         8.1158
    single_best_global:              8.1158
    random mean_cost:                8.1164  (均匀随机的期望)

  CVRP (1000 实例):
    oracle mean_cost:                18.2434  (每实例选最好的, 上界)
    模型选择 mean_cost:              18.5028
    single_best_per_problem:         18.5028
    single_best_global:              18.5028
    random mean_cost:                18.8526  (均匀随机的期望)

======================================================================
  各臂选择分布
======================================================================

  TSP (1000 实例):
     4(t2t500          ):  1000 次 (100.0%)

  CVRP (1000 实例):
     7(omni            ):  1000 次 (100.0%)

  ALL (2000 实例):
     4(t2t500          ):  1000 次 ( 50.0%)
     7(omni            ):  1000 次 ( 50.0%)

======================================================================
  各臂被选后的真实效果
======================================================================

  TSP:
    arm                   count  mean_cost  mean_reward  top1_rate  mean_rank
    ────────────────────────────────────────────────────────────────────
     4(t2t500          )     1000     8.0860       0.5564     0.1560       3.66

  CVRP:
    arm                   count  mean_cost  mean_reward  top1_rate  mean_rank
    ────────────────────────────────────────────────────────────────────
     7(omni            )     1000    18.5028       0.6867     0.3960       2.25

======================================================================
  Oracle 最优臂分布 (test 集上哪个方法最常是最优的)
======================================================================

  TSP (1000 实例):
     0(bq              ):   280 次 ( 28.0%)
     2(lehd            ):   186 次 ( 18.6%)
     4(t2t500          ):   161 次 ( 16.1%)
     6(difusco500      ):   125 次 ( 12.5%)
     3(t2t             ):   119 次 ( 11.9%)
     1(elg             ):    78 次 (  7.8%)
     5(difusco         ):    51 次 (  5.1%)

  CVRP (1000 实例):
     7(omni            ):   396 次 ( 39.6%)
     2(lehd            ):   241 次 ( 24.1%)
     0(bq              ):   210 次 ( 21.0%)
     1(elg             ):    83 次 (  8.3%)
     8(mvmoe           ):    70 次 (  7.0%)

[20:29:26] 开始写出结果文件到: /public/home/zhoucl/shiys/2cmab2/outputs/2026-04-02-nss_neural_ucb_diag_full
[20:29:26] 结果文件写出完成
{
  "count": 2000,
  "mean_reward": 0.6215833333333333,
  "top1_accuracy": 0.2785,
  "mean_regret": 0.17538017341858256,
  "mean_cost": 13.294441611752001
}

结果已保存到: /public/home/zhoucl/shiys/2cmab2/outputs/2026-04-02-nss_neural_ucb_diag_full/summary.json

