wandb: Tracking run with wandb version 0.19.11
wandb: W&B syncing is set to `offline` in this directory. Run `wandb online` or set WANDB_MODE=online to enable cloud syncing.
[epoch 1] update=180/1422 total=180 loss=1.16483 KL=0.00280 lr=4.2e-06 samples/s=1841
[epoch 1] update=360/1422 total=360 loss=1.11546 KL=0.00391 lr=8.4e-06 samples/s=1858
[epoch 1] update=540/1422 total=540 loss=1.05937 KL=0.00608 lr=1.3e-05 samples/s=1813
[epoch 1] update=720/1422 total=720 loss=1.02325 KL=0.00851 lr=1.7e-05 samples/s=1739
[epoch 1] update=900/1422 total=900 loss=1.00074 KL=0.00984 lr=2.1e-05 samples/s=1704
[epoch 1] update=1080/1422 total=1080 loss=0.98467 KL=0.01048 lr=2.5e-05 samples/s=1721
[epoch 1] update=1260/1422 total=1260 loss=0.96776 KL=0.01082 lr=3e-05 samples/s=1743
[epoch 1] update=1422/1422 total=1422 loss=0.94947 KL=0.01126 lr=3.3e-05 samples/s=1739
[R45B val epoch 1] macro_top1=0.3946 top2=0.7067 top3=0.8269 vs_sbs=+0.114% vbs_closed=-14.82%
       TSP: top1=0.297 mean_cost=7.9953 (sbs=7.9578) vs_sbs=+0.47%
      CVRP: top1=0.213 mean_cost=18.3189 (sbs=18.2943) vs_sbs=+0.13%
      ATSP: top1=0.683 mean_cost=1.6400 (sbs=1.6735) vs_sbs=-2.00%
      OVRP: top1=0.085 mean_cost=7.5972 (sbs=7.4617) vs_sbs=+1.82%
      VRPB: top1=0.553 mean_cost=9.3329 (sbs=9.3403) vs_sbs=-0.08%
      VRPL: top1=0.278 mean_cost=12.4083 (sbs=12.4072) vs_sbs=+0.01%
     VRPTW: top1=0.236 mean_cost=18.8505 (sbs=18.6571) vs_sbs=+1.04%
    OVRPTW: top1=0.478 mean_cost=10.0462 (sbs=10.0484) vs_sbs=-0.02%
     OVRPB: top1=0.547 mean_cost=6.3227 (sbs=6.3220) vs_sbs=+0.01%
     OVRPL: top1=0.328 mean_cost=7.4389 (sbs=7.4376) vs_sbs=+0.02%
     VRPBL: top1=0.472 mean_cost=9.3873 (sbs=9.3593) vs_sbs=+0.30%
    VRPBTW: top1=0.372 mean_cost=19.6697 (sbs=19.6697) vs_sbs=+0.00%
    VRPLTW: top1=0.257 mean_cost=18.5770 (sbs=18.5091) vs_sbs=+0.37%
    OVRPBL: top1=0.526 mean_cost=6.3098 (sbs=6.3103) vs_sbs=-0.01%
   OVRPBTW: top1=0.461 mean_cost=10.5065 (sbs=10.5068) vs_sbs=-0.00%
   OVRPLTW: top1=0.496 mean_cost=10.1278 (sbs=10.1272) vs_sbs=+0.01%
   VRPBLTW: top1=0.347 mean_cost=19.5198 (sbs=19.5198) vs_sbs=+0.00%
  OVRPBLTW: top1=0.473 mean_cost=10.5402 (sbs=10.5412) vs_sbs=-0.01%
[epoch 2] update=180/1422 total=1602 loss=0.72620 KL=0.01745 lr=3.8e-05 samples/s=1884
[epoch 2] update=360/1422 total=1782 loss=0.71729 KL=0.01709 lr=4.2e-05 samples/s=1894
[epoch 2] update=540/1422 total=1962 loss=0.71023 KL=0.01672 lr=4.6e-05 samples/s=1891
[AMP retry] same batch; lower scale=65536.0
[epoch 2] update=720/1422 total=2142 loss=0.70555 KL=0.01617 lr=5e-05 samples/s=1890
[epoch 2] update=900/1422 total=2322 loss=0.70012 KL=0.01572 lr=5.4e-05 samples/s=1894
[epoch 2] update=1080/1422 total=2502 loss=0.69665 KL=0.01540 lr=5.9e-05 samples/s=1894
[epoch 2] update=1260/1422 total=2682 loss=0.69400 KL=0.01512 lr=6.3e-05 samples/s=1895
[epoch 2] update=1422/1422 total=2844 loss=0.69112 KL=0.01484 lr=6.7e-05 samples/s=1863
[R45B val epoch 2] macro_top1=0.4338 top2=0.7803 top3=0.8940 vs_sbs=-0.681% vbs_closed=+17.70%
       TSP: top1=0.349 mean_cost=7.9260 (sbs=7.9578) vs_sbs=-0.40%
      CVRP: top1=0.304 mean_cost=18.2707 (sbs=18.2943) vs_sbs=-0.13%
      ATSP: top1=0.708 mean_cost=1.6383 (sbs=1.6735) vs_sbs=-2.10%
      OVRP: top1=0.313 mean_cost=7.4608 (sbs=7.4617) vs_sbs=-0.01%
      VRPB: top1=0.525 mean_cost=9.3377 (sbs=9.3403) vs_sbs=-0.03%
      VRPL: top1=0.280 mean_cost=12.4083 (sbs=12.4072) vs_sbs=+0.01%
     VRPTW: top1=0.314 mean_cost=18.0819 (sbs=18.6571) vs_sbs=-3.08%
    OVRPTW: top1=0.478 mean_cost=10.0495 (sbs=10.0484) vs_sbs=+0.01%
     OVRPB: top1=0.540 mean_cost=6.3235 (sbs=6.3220) vs_sbs=+0.02%
     OVRPL: top1=0.338 mean_cost=7.4377 (sbs=7.4376) vs_sbs=+0.00%
     VRPBL: top1=0.528 mean_cost=9.3593 (sbs=9.3593) vs_sbs=+0.00%
    VRPBTW: top1=0.361 mean_cost=19.4912 (sbs=19.6697) vs_sbs=-0.91%
    VRPLTW: top1=0.333 mean_cost=17.8638 (sbs=18.5091) vs_sbs=-3.49%
    OVRPBL: top1=0.555 mean_cost=6.3103 (sbs=6.3103) vs_sbs=+0.00%
   OVRPBTW: top1=0.497 mean_cost=10.4988 (sbs=10.5068) vs_sbs=-0.08%
   OVRPLTW: top1=0.480 mean_cost=10.1286 (sbs=10.1272) vs_sbs=+0.01%
   VRPBLTW: top1=0.410 mean_cost=19.1198 (sbs=19.5198) vs_sbs=-2.05%
  OVRPBLTW: top1=0.495 mean_cost=10.5368 (sbs=10.5412) vs_sbs=-0.04%
[epoch 3] update=180/1422 total=3024 loss=0.67495 KL=0.01145 lr=7.1e-05 samples/s=1894
[epoch 3] update=360/1422 total=3204 loss=0.67203 KL=0.01155 lr=7.5e-05 samples/s=1894
[epoch 3] update=540/1422 total=3384 loss=0.67161 KL=0.01112 lr=7.9e-05 samples/s=1893
[epoch 3] update=720/1422 total=3564 loss=0.66991 KL=0.01091 lr=8.4e-05 samples/s=1892
[epoch 3] update=900/1422 total=3744 loss=0.66852 KL=0.01074 lr=8.8e-05 samples/s=1887
[epoch 3] update=1080/1422 total=3924 loss=0.66677 KL=0.01057 lr=9.2e-05 samples/s=1887
[epoch 3] update=1260/1422 total=4104 loss=0.66652 KL=0.01034 lr=9.6e-05 samples/s=1887
[AMP retry] same batch; lower scale=65536.0
[epoch 3] update=1422/1422 total=4266 loss=0.66574 KL=0.01020 lr=0.0001 samples/s=1850
[R45B val epoch 3] macro_top1=0.4382 top2=0.7839 top3=0.8958 vs_sbs=-0.788% vbs_closed=+17.71%
       TSP: top1=0.312 mean_cost=7.9545 (sbs=7.9578) vs_sbs=-0.04%
      CVRP: top1=0.346 mean_cost=18.2624 (sbs=18.2943) vs_sbs=-0.17%
      ATSP: top1=0.606 mean_cost=1.6443 (sbs=1.6735) vs_sbs=-1.75%
      OVRP: top1=0.335 mean_cost=7.4651 (sbs=7.4617) vs_sbs=+0.05%
      VRPB: top1=0.511 mean_cost=9.3394 (sbs=9.3403) vs_sbs=-0.01%
      VRPL: top1=0.280 mean_cost=12.4074 (sbs=12.4072) vs_sbs=+0.00%
     VRPTW: top1=0.362 mean_cost=18.0609 (sbs=18.6571) vs_sbs=-3.20%
    OVRPTW: top1=0.488 mean_cost=10.0443 (sbs=10.0484) vs_sbs=-0.04%
     OVRPB: top1=0.548 mean_cost=6.3215 (sbs=6.3220) vs_sbs=-0.01%
     OVRPL: top1=0.335 mean_cost=7.4447 (sbs=7.4376) vs_sbs=+0.10%
     VRPBL: top1=0.528 mean_cost=9.3593 (sbs=9.3593) vs_sbs=+0.00%
    VRPBTW: top1=0.417 mean_cost=19.2170 (sbs=19.6697) vs_sbs=-2.30%
    VRPLTW: top1=0.395 mean_cost=17.7288 (sbs=18.5091) vs_sbs=-4.22%
    OVRPBL: top1=0.557 mean_cost=6.3097 (sbs=6.3103) vs_sbs=-0.01%
   OVRPBTW: top1=0.478 mean_cost=10.5011 (sbs=10.5068) vs_sbs=-0.05%
   OVRPLTW: top1=0.495 mean_cost=10.1282 (sbs=10.1272) vs_sbs=+0.01%
   VRPBLTW: top1=0.408 mean_cost=19.0313 (sbs=19.5198) vs_sbs=-2.50%
  OVRPBLTW: top1=0.487 mean_cost=10.5380 (sbs=10.5412) vs_sbs=-0.03%
[AMP retry] same batch; lower scale=32768.0
[epoch 4] update=180/1422 total=4446 loss=0.66428 KL=0.00848 lr=0.0001 samples/s=1869
[epoch 4] update=360/1422 total=4626 loss=0.66201 KL=0.00829 lr=0.0001 samples/s=1867
[epoch 4] update=540/1422 total=4806 loss=0.65759 KL=0.00828 lr=0.0001 samples/s=1873
[epoch 4] update=720/1422 total=4986 loss=0.65638 KL=0.00831 lr=0.0001 samples/s=1875
[epoch 4] update=900/1422 total=5166 loss=0.65363 KL=0.00828 lr=0.0001 samples/s=1876
[epoch 4] update=1080/1422 total=5346 loss=0.65214 KL=0.00822 lr=0.0001 samples/s=1876
[epoch 4] update=1260/1422 total=5526 loss=0.65046 KL=0.00814 lr=0.0001 samples/s=1875
[epoch 4] update=1422/1422 total=5688 loss=0.64980 KL=0.00813 lr=0.0001 samples/s=1848
[R45B val epoch 4] macro_top1=0.4486 top2=0.7949 top3=0.9043 vs_sbs=-0.811% vbs_closed=+17.90%
       TSP: top1=0.376 mean_cost=7.9210 (sbs=7.9578) vs_sbs=-0.46%
      CVRP: top1=0.318 mean_cost=18.3071 (sbs=18.2943) vs_sbs=+0.07%
      ATSP: top1=0.722 mean_cost=1.6450 (sbs=1.6735) vs_sbs=-1.71%
      OVRP: top1=0.316 mean_cost=7.4607 (sbs=7.4617) vs_sbs=-0.01%
      VRPB: top1=0.550 mean_cost=9.3359 (sbs=9.3403) vs_sbs=-0.05%
      VRPL: top1=0.286 mean_cost=12.4075 (sbs=12.4072) vs_sbs=+0.00%
     VRPTW: top1=0.379 mean_cost=18.0008 (sbs=18.6571) vs_sbs=-3.52%
    OVRPTW: top1=0.484 mean_cost=10.0535 (sbs=10.0484) vs_sbs=+0.05%
     OVRPB: top1=0.554 mean_cost=6.3241 (sbs=6.3220) vs_sbs=+0.03%
     OVRPL: top1=0.346 mean_cost=7.4361 (sbs=7.4376) vs_sbs=-0.02%
     VRPBL: top1=0.544 mean_cost=9.3553 (sbs=9.3593) vs_sbs=-0.04%
    VRPBTW: top1=0.406 mean_cost=19.1594 (sbs=19.6697) vs_sbs=-2.59%
    VRPLTW: top1=0.409 mean_cost=17.7410 (sbs=18.5091) vs_sbs=-4.15%
    OVRPBL: top1=0.532 mean_cost=6.3112 (sbs=6.3103) vs_sbs=+0.01%
   OVRPBTW: top1=0.475 mean_cost=10.5216 (sbs=10.5068) vs_sbs=+0.14%
   OVRPLTW: top1=0.468 mean_cost=10.1409 (sbs=10.1272) vs_sbs=+0.14%
   VRPBLTW: top1=0.417 mean_cost=19.0262 (sbs=19.5198) vs_sbs=-2.53%
  OVRPBLTW: top1=0.493 mean_cost=10.5451 (sbs=10.5412) vs_sbs=+0.04%
[epoch 5] update=180/1422 total=5868 loss=0.63156 KL=0.00828 lr=0.0001 samples/s=1782
[epoch 5] update=360/1422 total=6048 loss=0.63544 KL=0.00808 lr=0.0001 samples/s=1743
[epoch 5] update=540/1422 total=6228 loss=0.63574 KL=0.00803 lr=0.0001 samples/s=1730
[epoch 5] update=720/1422 total=6408 loss=0.63707 KL=0.00787 lr=0.0001 samples/s=1727
[epoch 5] update=900/1422 total=6588 loss=0.63715 KL=0.00775 lr=0.0001 samples/s=1748
[epoch 5] update=1080/1422 total=6768 loss=0.63580 KL=0.00769 lr=0.0001 samples/s=1770
[AMP retry] same batch; lower scale=32768.0
[epoch 5] update=1260/1422 total=6948 loss=0.63583 KL=0.00766 lr=0.0001 samples/s=1784
[epoch 5] update=1422/1422 total=7110 loss=0.63534 KL=0.00761 lr=0.0001 samples/s=1776
[R45B val epoch 5] macro_top1=0.4472 top2=0.7951 top3=0.9069 vs_sbs=-0.864% vbs_closed=+20.63%
       TSP: top1=0.346 mean_cost=7.9291 (sbs=7.9578) vs_sbs=-0.36%
      CVRP: top1=0.385 mean_cost=18.2501 (sbs=18.2943) vs_sbs=-0.24%
      ATSP: top1=0.746 mean_cost=1.6364 (sbs=1.6735) vs_sbs=-2.22%
      OVRP: top1=0.326 mean_cost=7.4664 (sbs=7.4617) vs_sbs=+0.06%
      VRPB: top1=0.501 mean_cost=9.3402 (sbs=9.3403) vs_sbs=-0.00%
      VRPL: top1=0.286 mean_cost=12.4064 (sbs=12.4072) vs_sbs=-0.01%
     VRPTW: top1=0.366 mean_cost=18.0361 (sbs=18.6571) vs_sbs=-3.33%
    OVRPTW: top1=0.476 mean_cost=10.0483 (sbs=10.0484) vs_sbs=-0.00%
     OVRPB: top1=0.545 mean_cost=6.3220 (sbs=6.3220) vs_sbs=+0.00%
     OVRPL: top1=0.333 mean_cost=7.4458 (sbs=7.4376) vs_sbs=+0.11%
     VRPBL: top1=0.528 mean_cost=9.3593 (sbs=9.3593) vs_sbs=+0.00%
    VRPBTW: top1=0.432 mean_cost=19.1267 (sbs=19.6697) vs_sbs=-2.76%
    VRPLTW: top1=0.398 mean_cost=17.7381 (sbs=18.5091) vs_sbs=-4.17%
    OVRPBL: top1=0.555 mean_cost=6.3103 (sbs=6.3103) vs_sbs=+0.00%
   OVRPBTW: top1=0.460 mean_cost=10.5069 (sbs=10.5068) vs_sbs=+0.00%
   OVRPLTW: top1=0.495 mean_cost=10.1271 (sbs=10.1272) vs_sbs=-0.00%
   VRPBLTW: top1=0.400 mean_cost=19.0032 (sbs=19.5198) vs_sbs=-2.65%
  OVRPBLTW: top1=0.471 mean_cost=10.5412 (sbs=10.5412) vs_sbs=+0.00%
[epoch 6] update=180/1422 total=7290 loss=0.63027 KL=0.00754 lr=0.0001 samples/s=1881
[epoch 6] update=360/1422 total=7470 loss=0.63299 KL=0.00726 lr=0.0001 samples/s=1884
[epoch 6] update=540/1422 total=7650 loss=0.63350 KL=0.00709 lr=0.0001 samples/s=1887
[epoch 6] update=720/1422 total=7830 loss=0.63224 KL=0.00706 lr=0.0001 samples/s=1884
[epoch 6] update=900/1422 total=8010 loss=0.63066 KL=0.00707 lr=0.0001 samples/s=1885
[epoch 6] update=1080/1422 total=8190 loss=0.62932 KL=0.00707 lr=0.0001 samples/s=1885
[epoch 6] update=1260/1422 total=8370 loss=0.62984 KL=0.00701 lr=0.0001 samples/s=1859
[epoch 6] update=1422/1422 total=8532 loss=0.62995 KL=0.00698 lr=0.0001 samples/s=1821
[R45B val epoch 6] macro_top1=0.4552 top2=0.7949 top3=0.9054 vs_sbs=-0.897% vbs_closed=+22.10%
       TSP: top1=0.355 mean_cost=7.9243 (sbs=7.9578) vs_sbs=-0.42%
      CVRP: top1=0.370 mean_cost=18.2860 (sbs=18.2943) vs_sbs=-0.05%
      ATSP: top1=0.727 mean_cost=1.6375 (sbs=1.6735) vs_sbs=-2.15%
      OVRP: top1=0.318 mean_cost=7.4590 (sbs=7.4617) vs_sbs=-0.04%
      VRPB: top1=0.551 mean_cost=9.3339 (sbs=9.3403) vs_sbs=-0.07%
      VRPL: top1=0.280 mean_cost=12.4124 (sbs=12.4072) vs_sbs=+0.04%
     VRPTW: top1=0.404 mean_cost=17.9643 (sbs=18.6571) vs_sbs=-3.71%
    OVRPTW: top1=0.500 mean_cost=10.0414 (sbs=10.0484) vs_sbs=-0.07%
     OVRPB: top1=0.554 mean_cost=6.3215 (sbs=6.3220) vs_sbs=-0.01%
     OVRPL: top1=0.338 mean_cost=7.4443 (sbs=7.4376) vs_sbs=+0.09%
     VRPBL: top1=0.542 mean_cost=9.3566 (sbs=9.3593) vs_sbs=-0.03%
    VRPBTW: top1=0.439 mean_cost=19.1242 (sbs=19.6697) vs_sbs=-2.77%
    VRPLTW: top1=0.409 mean_cost=17.7181 (sbs=18.5091) vs_sbs=-4.27%
    OVRPBL: top1=0.531 mean_cost=6.3087 (sbs=6.3103) vs_sbs=-0.03%
   OVRPBTW: top1=0.491 mean_cost=10.5004 (sbs=10.5068) vs_sbs=-0.06%
   OVRPLTW: top1=0.485 mean_cost=10.1303 (sbs=10.1272) vs_sbs=+0.03%
   VRPBLTW: top1=0.420 mean_cost=19.0149 (sbs=19.5198) vs_sbs=-2.59%
  OVRPBLTW: top1=0.480 mean_cost=10.5355 (sbs=10.5412) vs_sbs=-0.05%
[epoch 7] update=180/1422 total=8712 loss=0.62278 KL=0.00722 lr=0.0001 samples/s=1734
[epoch 7] update=360/1422 total=8892 loss=0.61990 KL=0.00718 lr=0.0001 samples/s=1721
[epoch 7] update=540/1422 total=9072 loss=0.61989 KL=0.00699 lr=0.0001 samples/s=1770
[epoch 7] update=720/1422 total=9252 loss=0.61960 KL=0.00698 lr=0.0001 samples/s=1797
[epoch 7] update=900/1422 total=9432 loss=0.61968 KL=0.00693 lr=0.0001 samples/s=1815
[AMP retry] same batch; lower scale=32768.0
[epoch 7] update=1080/1422 total=9612 loss=0.62022 KL=0.00687 lr=0.0001 samples/s=1823
[epoch 7] update=1260/1422 total=9792 loss=0.62078 KL=0.00685 lr=0.0001 samples/s=1832
[epoch 7] update=1422/1422 total=9954 loss=0.62116 KL=0.00678 lr=0.0001 samples/s=1822
[R45B val epoch 7] macro_top1=0.4537 top2=0.8006 top3=0.9118 vs_sbs=-0.887% vbs_closed=+19.71%
       TSP: top1=0.339 mean_cost=7.9406 (sbs=7.9578) vs_sbs=-0.22%
      CVRP: top1=0.371 mean_cost=18.2834 (sbs=18.2943) vs_sbs=-0.06%
      ATSP: top1=0.770 mean_cost=1.6363 (sbs=1.6735) vs_sbs=-2.22%
      OVRP: top1=0.330 mean_cost=7.4657 (sbs=7.4617) vs_sbs=+0.05%
      VRPB: top1=0.504 mean_cost=9.3403 (sbs=9.3403) vs_sbs=+0.00%
      VRPL: top1=0.290 mean_cost=12.4061 (sbs=12.4072) vs_sbs=-0.01%
     VRPTW: top1=0.417 mean_cost=17.9859 (sbs=18.6571) vs_sbs=-3.60%
    OVRPTW: top1=0.476 mean_cost=10.0485 (sbs=10.0484) vs_sbs=+0.00%
     OVRPB: top1=0.545 mean_cost=6.3220 (sbs=6.3220) vs_sbs=+0.00%
     OVRPL: top1=0.332 mean_cost=7.4465 (sbs=7.4376) vs_sbs=+0.12%
     VRPBL: top1=0.528 mean_cost=9.3593 (sbs=9.3593) vs_sbs=+0.00%
    VRPBTW: top1=0.437 mean_cost=19.0858 (sbs=19.6697) vs_sbs=-2.97%
    VRPLTW: top1=0.434 mean_cost=17.7107 (sbs=18.5091) vs_sbs=-4.31%
    OVRPBL: top1=0.555 mean_cost=6.3103 (sbs=6.3103) vs_sbs=+0.00%
   OVRPBTW: top1=0.461 mean_cost=10.5068 (sbs=10.5068) vs_sbs=+0.00%
   OVRPLTW: top1=0.494 mean_cost=10.1272 (sbs=10.1272) vs_sbs=+0.00%
   VRPBLTW: top1=0.412 mean_cost=18.9824 (sbs=19.5198) vs_sbs=-2.75%
  OVRPBLTW: top1=0.471 mean_cost=10.5412 (sbs=10.5412) vs_sbs=+0.00%
[epoch 8] update=180/1422 total=10134 loss=0.62177 KL=0.00653 lr=0.0001 samples/s=1882
[epoch 8] update=360/1422 total=10314 loss=0.61986 KL=0.00665 lr=0.0001 samples/s=1884
[epoch 8] update=540/1422 total=10494 loss=0.61775 KL=0.00661 lr=0.0001 samples/s=1879
[epoch 8] update=720/1422 total=10674 loss=0.61683 KL=0.00657 lr=0.0001 samples/s=1872
[epoch 8] update=900/1422 total=10854 loss=0.61737 KL=0.00655 lr=0.0001 samples/s=1874
[epoch 8] update=1080/1422 total=11034 loss=0.61666 KL=0.00658 lr=0.0001 samples/s=1875
[epoch 8] update=1260/1422 total=11214 loss=0.61723 KL=0.00653 lr=0.0001 samples/s=1876
[epoch 8] update=1422/1422 total=11376 loss=0.61668 KL=0.00650 lr=0.0001 samples/s=1844
[R45B val epoch 8] macro_top1=0.4656 top2=0.8058 top3=0.9165 vs_sbs=-0.947% vbs_closed=+24.17%
       TSP: top1=0.350 mean_cost=7.9435 (sbs=7.9578) vs_sbs=-0.18%
      CVRP: top1=0.441 mean_cost=18.2294 (sbs=18.2943) vs_sbs=-0.35%
      ATSP: top1=0.769 mean_cost=1.6364 (sbs=1.6735) vs_sbs=-2.22%
      OVRP: top1=0.296 mean_cost=7.4662 (sbs=7.4617) vs_sbs=+0.06%
      VRPB: top1=0.552 mean_cost=9.3337 (sbs=9.3403) vs_sbs=-0.07%
      VRPL: top1=0.305 mean_cost=12.4055 (sbs=12.4072) vs_sbs=-0.01%
     VRPTW: top1=0.426 mean_cost=17.9554 (sbs=18.6571) vs_sbs=-3.76%
    OVRPTW: top1=0.489 mean_cost=10.0444 (sbs=10.0484) vs_sbs=-0.04%
     OVRPB: top1=0.563 mean_cost=6.3189 (sbs=6.3220) vs_sbs=-0.05%
     OVRPL: top1=0.359 mean_cost=7.4403 (sbs=7.4376) vs_sbs=+0.04%
     VRPBL: top1=0.548 mean_cost=9.3546 (sbs=9.3593) vs_sbs=-0.05%
    VRPBTW: top1=0.413 mean_cost=19.0988 (sbs=19.6697) vs_sbs=-2.90%
    VRPLTW: top1=0.428 mean_cost=17.6753 (sbs=18.5091) vs_sbs=-4.50%
    OVRPBL: top1=0.536 mean_cost=6.3089 (sbs=6.3103) vs_sbs=-0.02%
   OVRPBTW: top1=0.495 mean_cost=10.4999 (sbs=10.5068) vs_sbs=-0.07%
   OVRPLTW: top1=0.488 mean_cost=10.1277 (sbs=10.1272) vs_sbs=+0.00%
   VRPBLTW: top1=0.428 mean_cost=18.9612 (sbs=19.5198) vs_sbs=-2.86%
  OVRPBLTW: top1=0.495 mean_cost=10.5357 (sbs=10.5412) vs_sbs=-0.05%
[epoch 9] update=180/1422 total=11556 loss=0.61705 KL=0.00642 lr=0.0001 samples/s=1877
[AMP retry] same batch; lower scale=32768.0
[epoch 9] update=360/1422 total=11736 loss=0.61585 KL=0.00648 lr=0.0001 samples/s=1876
[epoch 9] update=540/1422 total=11916 loss=0.61543 KL=0.00643 lr=0.0001 samples/s=1875
[epoch 9] update=720/1422 total=12096 loss=0.61497 KL=0.00638 lr=0.0001 samples/s=1875
[epoch 9] update=900/1422 total=12276 loss=0.61470 KL=0.00637 lr=0.0001 samples/s=1872
[epoch 9] update=1080/1422 total=12456 loss=0.61376 KL=0.00639 lr=0.0001 samples/s=1874
[epoch 9] update=1260/1422 total=12636 loss=0.61374 KL=0.00637 lr=0.0001 samples/s=1873
[epoch 9] update=1422/1422 total=12798 loss=0.61339 KL=0.00637 lr=0.0001 samples/s=1859
[R45B val epoch 9] macro_top1=0.4477 top2=0.7854 top3=0.8979 vs_sbs=-0.870% vbs_closed=+18.38%
       TSP: top1=0.370 mean_cost=7.9236 (sbs=7.9578) vs_sbs=-0.43%
      CVRP: top1=0.213 mean_cost=18.3339 (sbs=18.2943) vs_sbs=+0.22%
      ATSP: top1=0.726 mean_cost=1.6374 (sbs=1.6735) vs_sbs=-2.16%
      OVRP: top1=0.333 mean_cost=7.4627 (sbs=7.4617) vs_sbs=+0.01%
      VRPB: top1=0.554 mean_cost=9.3361 (sbs=9.3403) vs_sbs=-0.04%
      VRPL: top1=0.270 mean_cost=12.4133 (sbs=12.4072) vs_sbs=+0.05%
     VRPTW: top1=0.405 mean_cost=17.9500 (sbs=18.6571) vs_sbs=-3.79%
    OVRPTW: top1=0.499 mean_cost=10.0482 (sbs=10.0484) vs_sbs=-0.00%
     OVRPB: top1=0.552 mean_cost=6.3238 (sbs=6.3220) vs_sbs=+0.03%
     OVRPL: top1=0.354 mean_cost=7.4419 (sbs=7.4376) vs_sbs=+0.06%
     VRPBL: top1=0.529 mean_cost=9.3618 (sbs=9.3593) vs_sbs=+0.03%
    VRPBTW: top1=0.415 mean_cost=19.1222 (sbs=19.6697) vs_sbs=-2.78%
    VRPLTW: top1=0.426 mean_cost=17.6935 (sbs=18.5091) vs_sbs=-4.41%
    OVRPBL: top1=0.527 mean_cost=6.3148 (sbs=6.3103) vs_sbs=+0.07%
   OVRPBTW: top1=0.509 mean_cost=10.4993 (sbs=10.5068) vs_sbs=-0.07%
   OVRPLTW: top1=0.474 mean_cost=10.1357 (sbs=10.1272) vs_sbs=+0.08%
   VRPBLTW: top1=0.413 mean_cost=19.0280 (sbs=19.5198) vs_sbs=-2.52%
  OVRPBLTW: top1=0.489 mean_cost=10.5416 (sbs=10.5412) vs_sbs=+0.00%
[epoch 10] update=180/1422 total=12978 loss=0.61453 KL=0.00612 lr=0.0001 samples/s=1870
[epoch 10] update=360/1422 total=13158 loss=0.61315 KL=0.00609 lr=0.0001 samples/s=1866
[epoch 10] update=540/1422 total=13338 loss=0.61259 KL=0.00609 lr=0.0001 samples/s=1810
[epoch 10] update=720/1422 total=13518 loss=0.61220 KL=0.00614 lr=0.0001 samples/s=1827
[epoch 10] update=900/1422 total=13698 loss=0.61160 KL=0.00617 lr=0.0001 samples/s=1839
[epoch 10] update=1080/1422 total=13878 loss=0.61155 KL=0.00616 lr=0.0001 samples/s=1845
[epoch 10] update=1260/1422 total=14058 loss=0.61127 KL=0.00616 lr=0.0001 samples/s=1848
[epoch 10] update=1422/1422 total=14220 loss=0.61118 KL=0.00619 lr=0.0001 samples/s=1818
[R45B val epoch 10] macro_top1=0.4378 top2=0.7627 top3=0.8798 vs_sbs=-0.783% vbs_closed=+9.61%
       TSP: top1=0.381 mean_cost=7.9158 (sbs=7.9578) vs_sbs=-0.53%
      CVRP: top1=0.232 mean_cost=18.3559 (sbs=18.2943) vs_sbs=+0.34%
      ATSP: top1=0.777 mean_cost=1.6350 (sbs=1.6735) vs_sbs=-2.30%
      OVRP: top1=0.219 mean_cost=7.5075 (sbs=7.4617) vs_sbs=+0.61%
      VRPB: top1=0.537 mean_cost=9.3342 (sbs=9.3403) vs_sbs=-0.06%
      VRPL: top1=0.233 mean_cost=12.4427 (sbs=12.4072) vs_sbs=+0.29%
     VRPTW: top1=0.414 mean_cost=17.9815 (sbs=18.6571) vs_sbs=-3.62%
    OVRPTW: top1=0.495 mean_cost=10.0415 (sbs=10.0484) vs_sbs=-0.07%
     OVRPB: top1=0.570 mean_cost=6.3158 (sbs=6.3220) vs_sbs=-0.10%
     OVRPL: top1=0.259 mean_cost=7.4830 (sbs=7.4376) vs_sbs=+0.61%
     VRPBL: top1=0.549 mean_cost=9.3566 (sbs=9.3593) vs_sbs=-0.03%
    VRPBTW: top1=0.409 mean_cost=19.1273 (sbs=19.6697) vs_sbs=-2.76%
    VRPLTW: top1=0.388 mean_cost=17.7729 (sbs=18.5091) vs_sbs=-3.98%
    OVRPBL: top1=0.559 mean_cost=6.3094 (sbs=6.3103) vs_sbs=-0.01%
   OVRPBTW: top1=0.490 mean_cost=10.5003 (sbs=10.5068) vs_sbs=-0.06%
   OVRPLTW: top1=0.479 mean_cost=10.1285 (sbs=10.1272) vs_sbs=+0.01%
   VRPBLTW: top1=0.398 mean_cost=19.0491 (sbs=19.5198) vs_sbs=-2.41%
  OVRPBLTW: top1=0.491 mean_cost=10.5391 (sbs=10.5412) vs_sbs=-0.02%
[epoch 11] update=180/1422 total=14400 loss=0.60880 KL=0.00608 lr=0.0001 samples/s=1864
[epoch 11] update=360/1422 total=14580 loss=0.60862 KL=0.00609 lr=0.0001 samples/s=1861
[epoch 11] update=540/1422 total=14760 loss=0.61126 KL=0.00603 lr=0.0001 samples/s=1866
[epoch 11] update=720/1422 total=14940 loss=0.61026 KL=0.00602 lr=0.0001 samples/s=1871
[epoch 11] update=900/1422 total=15120 loss=0.61071 KL=0.00604 lr=0.0001 samples/s=1871
[epoch 11] update=1080/1422 total=15300 loss=0.60964 KL=0.00608 lr=0.0001 samples/s=1873
[epoch 11] update=1260/1422 total=15480 loss=0.60936 KL=0.00608 lr=0.0001 samples/s=1873
[AMP retry] same batch; lower scale=65536.0
[epoch 11] update=1422/1422 total=15642 loss=0.60929 KL=0.00607 lr=0.0001 samples/s=1854
[R45B val epoch 11] macro_top1=0.4714 top2=0.8076 top3=0.9158 vs_sbs=-0.990% vbs_closed=+27.75%
       TSP: top1=0.364 mean_cost=7.9187 (sbs=7.9578) vs_sbs=-0.49%
      CVRP: top1=0.444 mean_cost=18.2204 (sbs=18.2943) vs_sbs=-0.40%
      ATSP: top1=0.775 mean_cost=1.6351 (sbs=1.6735) vs_sbs=-2.30%
      OVRP: top1=0.352 mean_cost=7.4581 (sbs=7.4617) vs_sbs=-0.05%
      VRPB: top1=0.541 mean_cost=9.3345 (sbs=9.3403) vs_sbs=-0.06%
      VRPL: top1=0.305 mean_cost=12.4039 (sbs=12.4072) vs_sbs=-0.03%
     VRPTW: top1=0.395 mean_cost=17.9729 (sbs=18.6571) vs_sbs=-3.67%
    OVRPTW: top1=0.497 mean_cost=10.0427 (sbs=10.0484) vs_sbs=-0.06%
     OVRPB: top1=0.563 mean_cost=6.3188 (sbs=6.3220) vs_sbs=-0.05%
     OVRPL: top1=0.338 mean_cost=7.4409 (sbs=7.4376) vs_sbs=+0.05%
     VRPBL: top1=0.552 mean_cost=9.3550 (sbs=9.3593) vs_sbs=-0.05%
    VRPBTW: top1=0.436 mean_cost=19.0675 (sbs=19.6697) vs_sbs=-3.06%
    VRPLTW: top1=0.443 mean_cost=17.6624 (sbs=18.5091) vs_sbs=-4.57%
    OVRPBL: top1=0.571 mean_cost=6.3045 (sbs=6.3103) vs_sbs=-0.09%
   OVRPBTW: top1=0.499 mean_cost=10.4992 (sbs=10.5068) vs_sbs=-0.07%
   OVRPLTW: top1=0.493 mean_cost=10.1273 (sbs=10.1272) vs_sbs=+0.00%
   VRPBLTW: top1=0.420 mean_cost=18.9683 (sbs=19.5198) vs_sbs=-2.83%
  OVRPBLTW: top1=0.497 mean_cost=10.5320 (sbs=10.5412) vs_sbs=-0.09%
[epoch 12] update=180/1422 total=15822 loss=0.60206 KL=0.00602 lr=0.0001 samples/s=1787
[epoch 12] update=360/1422 total=16002 loss=0.60407 KL=0.00607 lr=0.0001 samples/s=1736
[epoch 12] update=540/1422 total=16182 loss=0.60397 KL=0.00608 lr=0.0001 samples/s=1724
[epoch 12] update=720/1422 total=16362 loss=0.60419 KL=0.00604 lr=0.0001 samples/s=1720
[AMP retry] same batch; lower scale=32768.0
[epoch 12] update=900/1422 total=16542 loss=0.60453 KL=0.00602 lr=0.0001 samples/s=1707
[epoch 12] update=1080/1422 total=16722 loss=0.60461 KL=0.00600 lr=0.0001 samples/s=1709
[epoch 12] update=1260/1422 total=16902 loss=0.60476 KL=0.00603 lr=0.0001 samples/s=1714
[epoch 12] update=1422/1422 total=17064 loss=0.60485 KL=0.00603 lr=0.0001 samples/s=1699
[R45B val epoch 12] macro_top1=0.4654 top2=0.8070 top3=0.9156 vs_sbs=-0.987% vbs_closed=+25.81%
       TSP: top1=0.383 mean_cost=7.9190 (sbs=7.9578) vs_sbs=-0.49%
      CVRP: top1=0.416 mean_cost=18.2322 (sbs=18.2943) vs_sbs=-0.34%
      ATSP: top1=0.775 mean_cost=1.6354 (sbs=1.6735) vs_sbs=-2.28%
      OVRP: top1=0.298 mean_cost=7.4654 (sbs=7.4617) vs_sbs=+0.05%
      VRPB: top1=0.524 mean_cost=9.3372 (sbs=9.3403) vs_sbs=-0.03%
      VRPL: top1=0.285 mean_cost=12.4118 (sbs=12.4072) vs_sbs=+0.04%
     VRPTW: top1=0.418 mean_cost=17.9177 (sbs=18.6571) vs_sbs=-3.96%
    OVRPTW: top1=0.503 mean_cost=10.0433 (sbs=10.0484) vs_sbs=-0.05%
     OVRPB: top1=0.563 mean_cost=6.3198 (sbs=6.3220) vs_sbs=-0.04%
     OVRPL: top1=0.347 mean_cost=7.4371 (sbs=7.4376) vs_sbs=-0.01%
     VRPBL: top1=0.533 mean_cost=9.3573 (sbs=9.3593) vs_sbs=-0.02%
    VRPBTW: top1=0.447 mean_cost=19.0545 (sbs=19.6697) vs_sbs=-3.13%
    VRPLTW: top1=0.430 mean_cost=17.6707 (sbs=18.5091) vs_sbs=-4.53%
    OVRPBL: top1=0.573 mean_cost=6.3050 (sbs=6.3103) vs_sbs=-0.08%
   OVRPBTW: top1=0.468 mean_cost=10.5040 (sbs=10.5068) vs_sbs=-0.03%
   OVRPLTW: top1=0.511 mean_cost=10.1256 (sbs=10.1272) vs_sbs=-0.02%
   VRPBLTW: top1=0.415 mean_cost=18.9701 (sbs=19.5198) vs_sbs=-2.82%
  OVRPBLTW: top1=0.489 mean_cost=10.5363 (sbs=10.5412) vs_sbs=-0.05%
[epoch 13] update=180/1422 total=17244 loss=0.60625 KL=0.00591 lr=0.0001 samples/s=1886
[epoch 13] update=360/1422 total=17424 loss=0.60352 KL=0.00603 lr=0.0001 samples/s=1880
[epoch 13] update=540/1422 total=17604 loss=0.60307 KL=0.00604 lr=0.0001 samples/s=1880
[epoch 13] update=720/1422 total=17784 loss=0.60369 KL=0.00600 lr=0.0001 samples/s=1880
[epoch 13] update=900/1422 total=17964 loss=0.60365 KL=0.00599 lr=0.0001 samples/s=1875
[epoch 13] update=1080/1422 total=18144 loss=0.60296 KL=0.00600 lr=0.0001 samples/s=1876
[epoch 13] update=1260/1422 total=18324 loss=0.60260 KL=0.00601 lr=0.0001 samples/s=1875
[epoch 13] update=1422/1422 total=18486 loss=0.60233 KL=0.00599 lr=0.0001 samples/s=1862
[R45B val epoch 13] macro_top1=0.4711 top2=0.8046 top3=0.9129 vs_sbs=-0.998% vbs_closed=+27.64%
       TSP: top1=0.283 mean_cost=7.9287 (sbs=7.9578) vs_sbs=-0.37%
      CVRP: top1=0.429 mean_cost=18.2302 (sbs=18.2943) vs_sbs=-0.35%
      ATSP: top1=0.769 mean_cost=1.6360 (sbs=1.6735) vs_sbs=-2.24%
      OVRP: top1=0.356 mean_cost=7.4559 (sbs=7.4617) vs_sbs=-0.08%
      VRPB: top1=0.551 mean_cost=9.3338 (sbs=9.3403) vs_sbs=-0.07%
      VRPL: top1=0.311 mean_cost=12.4043 (sbs=12.4072) vs_sbs=-0.02%
     VRPTW: top1=0.435 mean_cost=17.9157 (sbs=18.6571) vs_sbs=-3.97%
    OVRPTW: top1=0.504 mean_cost=10.0413 (sbs=10.0484) vs_sbs=-0.07%
     OVRPB: top1=0.572 mean_cost=6.3180 (sbs=6.3220) vs_sbs=-0.06%
     OVRPL: top1=0.352 mean_cost=7.4386 (sbs=7.4376) vs_sbs=+0.01%
     VRPBL: top1=0.547 mean_cost=9.3547 (sbs=9.3593) vs_sbs=-0.05%
    VRPBTW: top1=0.438 mean_cost=19.0741 (sbs=19.6697) vs_sbs=-3.03%
    VRPLTW: top1=0.439 mean_cost=17.6565 (sbs=18.5091) vs_sbs=-4.61%
    OVRPBL: top1=0.568 mean_cost=6.3043 (sbs=6.3103) vs_sbs=-0.10%
   OVRPBTW: top1=0.503 mean_cost=10.4979 (sbs=10.5068) vs_sbs=-0.08%
   OVRPLTW: top1=0.502 mean_cost=10.1286 (sbs=10.1272) vs_sbs=+0.01%
   VRPBLTW: top1=0.418 mean_cost=18.9714 (sbs=19.5198) vs_sbs=-2.81%
  OVRPBLTW: top1=0.502 mean_cost=10.5318 (sbs=10.5412) vs_sbs=-0.09%
[epoch 14] update=180/1422 total=18666 loss=0.60130 KL=0.00623 lr=0.0001 samples/s=1672
[epoch 14] update=360/1422 total=18846 loss=0.60004 KL=0.00619 lr=0.0001 samples/s=1658
[epoch 14] update=540/1422 total=19026 loss=0.60136 KL=0.00615 lr=0.0001 samples/s=1717
[epoch 14] update=720/1422 total=19206 loss=0.60125 KL=0.00612 lr=0.0001 samples/s=1759
[epoch 14] update=900/1422 total=19386 loss=0.60075 KL=0.00612 lr=0.0001 samples/s=1757
[epoch 14] update=1080/1422 total=19566 loss=0.60126 KL=0.00605 lr=0.0001 samples/s=1751
[epoch 14] update=1260/1422 total=19746 loss=0.60053 KL=0.00605 lr=0.0001 samples/s=1748
[epoch 14] update=1422/1422 total=19908 loss=0.60079 KL=0.00602 lr=0.0001 samples/s=1727
[R45B val epoch 14] macro_top1=0.4701 top2=0.8084 top3=0.9179 vs_sbs=-0.951% vbs_closed=+24.33%
       TSP: top1=0.359 mean_cost=7.9280 (sbs=7.9578) vs_sbs=-0.37%
      CVRP: top1=0.459 mean_cost=18.2161 (sbs=18.2943) vs_sbs=-0.43%
      ATSP: top1=0.711 mean_cost=1.6506 (sbs=1.6735) vs_sbs=-1.37%
      OVRP: top1=0.357 mean_cost=7.4581 (sbs=7.4617) vs_sbs=-0.05%
      VRPB: top1=0.552 mean_cost=9.3335 (sbs=9.3403) vs_sbs=-0.07%
      VRPL: top1=0.286 mean_cost=12.4145 (sbs=12.4072) vs_sbs=+0.06%
     VRPTW: top1=0.473 mean_cost=17.8892 (sbs=18.6571) vs_sbs=-4.12%
    OVRPTW: top1=0.494 mean_cost=10.0449 (sbs=10.0484) vs_sbs=-0.03%
     OVRPB: top1=0.553 mean_cost=6.3235 (sbs=6.3220) vs_sbs=+0.02%
     OVRPL: top1=0.362 mean_cost=7.4357 (sbs=7.4376) vs_sbs=-0.03%
     VRPBL: top1=0.536 mean_cost=9.3576 (sbs=9.3593) vs_sbs=-0.02%
    VRPBTW: top1=0.439 mean_cost=19.0396 (sbs=19.6697) vs_sbs=-3.20%
    VRPLTW: top1=0.418 mean_cost=17.6806 (sbs=18.5091) vs_sbs=-4.48%
    OVRPBL: top1=0.543 mean_cost=6.3077 (sbs=6.3103) vs_sbs=-0.04%
   OVRPBTW: top1=0.495 mean_cost=10.4998 (sbs=10.5068) vs_sbs=-0.07%
   OVRPLTW: top1=0.490 mean_cost=10.1282 (sbs=10.1272) vs_sbs=+0.01%
   VRPBLTW: top1=0.437 mean_cost=18.9557 (sbs=19.5198) vs_sbs=-2.89%
  OVRPBLTW: top1=0.497 mean_cost=10.5355 (sbs=10.5412) vs_sbs=-0.05%
[AMP retry] same batch; lower scale=32768.0
[epoch 15] update=180/1422 total=20088 loss=0.59743 KL=0.00591 lr=0.0001 samples/s=1676
[epoch 15] update=360/1422 total=20268 loss=0.59809 KL=0.00601 lr=0.0001 samples/s=1690
[epoch 15] update=540/1422 total=20448 loss=0.59850 KL=0.00598 lr=0.0001 samples/s=1682
[epoch 15] update=720/1422 total=20628 loss=0.59890 KL=0.00593 lr=0.0001 samples/s=1702
[epoch 15] update=900/1422 total=20808 loss=0.59891 KL=0.00590 lr=0.0001 samples/s=1706
[epoch 15] update=1080/1422 total=20988 loss=0.59932 KL=0.00588 lr=0.0001 samples/s=1709
[epoch 15] update=1260/1422 total=21168 loss=0.59940 KL=0.00587 lr=0.0001 samples/s=1705
[epoch 15] update=1422/1422 total=21330 loss=0.59982 KL=0.00587 lr=0.0001 samples/s=1686
[R45B val epoch 15] macro_top1=0.4726 top2=0.8088 top3=0.9149 vs_sbs=-1.001% vbs_closed=+28.18%
       TSP: top1=0.367 mean_cost=7.9188 (sbs=7.9578) vs_sbs=-0.49%
      CVRP: top1=0.451 mean_cost=18.2180 (sbs=18.2943) vs_sbs=-0.42%
      ATSP: top1=0.722 mean_cost=1.6373 (sbs=1.6735) vs_sbs=-2.17%
      OVRP: top1=0.376 mean_cost=7.4531 (sbs=7.4617) vs_sbs=-0.11%
      VRPB: top1=0.549 mean_cost=9.3355 (sbs=9.3403) vs_sbs=-0.05%
      VRPL: top1=0.303 mean_cost=12.4045 (sbs=12.4072) vs_sbs=-0.02%
     VRPTW: top1=0.428 mean_cost=17.9227 (sbs=18.6571) vs_sbs=-3.94%
    OVRPTW: top1=0.506 mean_cost=10.0423 (sbs=10.0484) vs_sbs=-0.06%
     OVRPB: top1=0.561 mean_cost=6.3206 (sbs=6.3220) vs_sbs=-0.02%
     OVRPL: top1=0.343 mean_cost=7.4394 (sbs=7.4376) vs_sbs=+0.03%
     VRPBL: top1=0.557 mean_cost=9.3523 (sbs=9.3593) vs_sbs=-0.07%
    VRPBTW: top1=0.453 mean_cost=19.0512 (sbs=19.6697) vs_sbs=-3.14%
    VRPLTW: top1=0.427 mean_cost=17.6754 (sbs=18.5091) vs_sbs=-4.50%
    OVRPBL: top1=0.543 mean_cost=6.3077 (sbs=6.3103) vs_sbs=-0.04%
   OVRPBTW: top1=0.504 mean_cost=10.4971 (sbs=10.5068) vs_sbs=-0.09%
   OVRPLTW: top1=0.501 mean_cost=10.1280 (sbs=10.1272) vs_sbs=+0.01%
   VRPBLTW: top1=0.422 mean_cost=18.9700 (sbs=19.5198) vs_sbs=-2.82%
  OVRPBLTW: top1=0.493 mean_cost=10.5317 (sbs=10.5412) vs_sbs=-0.09%
[epoch 16] update=180/1422 total=21510 loss=0.59870 KL=0.00578 lr=0.0001 samples/s=1735
[epoch 16] update=360/1422 total=21690 loss=0.59811 KL=0.00577 lr=0.0001 samples/s=1726
[epoch 16] update=540/1422 total=21870 loss=0.59806 KL=0.00579 lr=0.0001 samples/s=1720
[epoch 16] update=720/1422 total=22050 loss=0.59779 KL=0.00582 lr=0.0001 samples/s=1721
[AMP retry] same batch; lower scale=32768.0
[epoch 16] update=900/1422 total=22230 loss=0.59914 KL=0.00580 lr=0.0001 samples/s=1711
[epoch 16] update=1080/1422 total=22410 loss=0.59904 KL=0.00580 lr=0.0001 samples/s=1720
[epoch 16] update=1260/1422 total=22590 loss=0.59806 KL=0.00584 lr=0.0001 samples/s=1725
[epoch 16] update=1422/1422 total=22752 loss=0.59793 KL=0.00585 lr=0.0001 samples/s=1701
[R45B val epoch 16] macro_top1=0.4627 top2=0.8004 top3=0.9161 vs_sbs=-0.991% vbs_closed=+25.36%
       TSP: top1=0.343 mean_cost=7.9276 (sbs=7.9578) vs_sbs=-0.38%
      CVRP: top1=0.407 mean_cost=18.2495 (sbs=18.2943) vs_sbs=-0.25%
      ATSP: top1=0.698 mean_cost=1.6383 (sbs=1.6735) vs_sbs=-2.11%
      OVRP: top1=0.318 mean_cost=7.4628 (sbs=7.4617) vs_sbs=+0.02%
      VRPB: top1=0.548 mean_cost=9.3344 (sbs=9.3403) vs_sbs=-0.06%
      VRPL: top1=0.297 mean_cost=12.4059 (sbs=12.4072) vs_sbs=-0.01%
     VRPTW: top1=0.430 mean_cost=17.9029 (sbs=18.6571) vs_sbs=-4.04%
    OVRPTW: top1=0.505 mean_cost=10.0421 (sbs=10.0484) vs_sbs=-0.06%
     OVRPB: top1=0.565 mean_cost=6.3196 (sbs=6.3220) vs_sbs=-0.04%
     OVRPL: top1=0.359 mean_cost=7.4413 (sbs=7.4376) vs_sbs=+0.05%
     VRPBL: top1=0.541 mean_cost=9.3551 (sbs=9.3593) vs_sbs=-0.04%
    VRPBTW: top1=0.458 mean_cost=19.0345 (sbs=19.6697) vs_sbs=-3.23%
    VRPLTW: top1=0.440 mean_cost=17.6454 (sbs=18.5091) vs_sbs=-4.67%
    OVRPBL: top1=0.559 mean_cost=6.3038 (sbs=6.3103) vs_sbs=-0.10%
   OVRPBTW: top1=0.462 mean_cost=10.5084 (sbs=10.5068) vs_sbs=+0.02%
   OVRPLTW: top1=0.509 mean_cost=10.1267 (sbs=10.1272) vs_sbs=-0.01%
   VRPBLTW: top1=0.421 mean_cost=18.9526 (sbs=19.5198) vs_sbs=-2.91%
  OVRPBLTW: top1=0.469 mean_cost=10.5394 (sbs=10.5412) vs_sbs=-0.02%
[epoch 17] update=180/1422 total=22932 loss=0.59903 KL=0.00568 lr=0.0001 samples/s=1809
[epoch 17] update=360/1422 total=23112 loss=0.59785 KL=0.00582 lr=0.0001 samples/s=1841
[epoch 17] update=540/1422 total=23292 loss=0.59607 KL=0.00579 lr=0.0001 samples/s=1856
[epoch 17] update=720/1422 total=23472 loss=0.59608 KL=0.00577 lr=0.0001 samples/s=1861
[epoch 17] update=900/1422 total=23652 loss=0.59631 KL=0.00583 lr=0.0001 samples/s=1859
[epoch 17] update=1080/1422 total=23832 loss=0.59647 KL=0.00587 lr=0.0001 samples/s=1863
[epoch 17] update=1260/1422 total=24012 loss=0.59624 KL=0.00587 lr=0.0001 samples/s=1867
[epoch 17] update=1422/1422 total=24174 loss=0.59618 KL=0.00586 lr=0.0001 samples/s=1854
[R45B val epoch 17] macro_top1=0.4749 top2=0.8112 top3=0.9199 vs_sbs=-0.957% vbs_closed=+26.71%
       TSP: top1=0.381 mean_cost=7.9153 (sbs=7.9578) vs_sbs=-0.53%
      CVRP: top1=0.458 mean_cost=18.2228 (sbs=18.2943) vs_sbs=-0.39%
      ATSP: top1=0.767 mean_cost=1.6358 (sbs=1.6735) vs_sbs=-2.25%
      OVRP: top1=0.326 mean_cost=7.4612 (sbs=7.4617) vs_sbs=-0.01%
      VRPB: top1=0.544 mean_cost=9.3324 (sbs=9.3403) vs_sbs=-0.08%
      VRPL: top1=0.288 mean_cost=12.4079 (sbs=12.4072) vs_sbs=+0.01%
     VRPTW: top1=0.421 mean_cost=17.9908 (sbs=18.6571) vs_sbs=-3.57%
    OVRPTW: top1=0.505 mean_cost=10.0468 (sbs=10.0484) vs_sbs=-0.02%
     OVRPB: top1=0.581 mean_cost=6.3163 (sbs=6.3220) vs_sbs=-0.09%
     OVRPL: top1=0.372 mean_cost=7.4382 (sbs=7.4376) vs_sbs=+0.01%
     VRPBL: top1=0.555 mean_cost=9.3544 (sbs=9.3593) vs_sbs=-0.05%
    VRPBTW: top1=0.433 mean_cost=19.0668 (sbs=19.6697) vs_sbs=-3.07%
    VRPLTW: top1=0.433 mean_cost=17.7455 (sbs=18.5091) vs_sbs=-4.13%
    OVRPBL: top1=0.568 mean_cost=6.3054 (sbs=6.3103) vs_sbs=-0.08%
   OVRPBTW: top1=0.511 mean_cost=10.4991 (sbs=10.5068) vs_sbs=-0.07%
   OVRPLTW: top1=0.484 mean_cost=10.1317 (sbs=10.1272) vs_sbs=+0.04%
   VRPBLTW: top1=0.425 mean_cost=18.9564 (sbs=19.5198) vs_sbs=-2.89%
  OVRPBLTW: top1=0.496 mean_cost=10.5341 (sbs=10.5412) vs_sbs=-0.07%
[epoch 18] update=180/1422 total=24354 loss=0.59493 KL=0.00584 lr=0.0001 samples/s=1867
[epoch 18] update=360/1422 total=24534 loss=0.59518 KL=0.00582 lr=0.0001 samples/s=1871
[epoch 18] update=540/1422 total=24714 loss=0.59639 KL=0.00572 lr=0.0001 samples/s=1877
[epoch 18] update=720/1422 total=24894 loss=0.59679 KL=0.00572 lr=0.0001 samples/s=1878
[epoch 18] update=900/1422 total=25074 loss=0.59640 KL=0.00575 lr=0.0001 samples/s=1881
[epoch 18] update=1080/1422 total=25254 loss=0.59599 KL=0.00575 lr=0.0001 samples/s=1878
[epoch 18] update=1260/1422 total=25434 loss=0.59555 KL=0.00578 lr=0.0001 samples/s=1846
[epoch 18] update=1422/1422 total=25596 loss=0.59527 KL=0.00580 lr=0.0001 samples/s=1817
[R45B val epoch 18] macro_top1=0.4679 top2=0.8036 top3=0.9166 vs_sbs=-0.986% vbs_closed=+26.82%
       TSP: top1=0.356 mean_cost=7.9215 (sbs=7.9578) vs_sbs=-0.46%
      CVRP: top1=0.477 mean_cost=18.2020 (sbs=18.2943) vs_sbs=-0.50%
      ATSP: top1=0.768 mean_cost=1.6373 (sbs=1.6735) vs_sbs=-2.16%
      OVRP: top1=0.290 mean_cost=7.4619 (sbs=7.4617) vs_sbs=+0.00%
      VRPB: top1=0.550 mean_cost=9.3332 (sbs=9.3403) vs_sbs=-0.08%
      VRPL: top1=0.298 mean_cost=12.4064 (sbs=12.4072) vs_sbs=-0.01%
     VRPTW: top1=0.446 mean_cost=17.9045 (sbs=18.6571) vs_sbs=-4.03%
    OVRPTW: top1=0.503 mean_cost=10.0427 (sbs=10.0484) vs_sbs=-0.06%
     OVRPB: top1=0.567 mean_cost=6.3203 (sbs=6.3220) vs_sbs=-0.03%
     OVRPL: top1=0.313 mean_cost=7.4415 (sbs=7.4376) vs_sbs=+0.05%
     VRPBL: top1=0.531 mean_cost=9.3596 (sbs=9.3593) vs_sbs=+0.00%
    VRPBTW: top1=0.426 mean_cost=19.0607 (sbs=19.6697) vs_sbs=-3.10%
    VRPLTW: top1=0.424 mean_cost=17.6872 (sbs=18.5091) vs_sbs=-4.44%
    OVRPBL: top1=0.553 mean_cost=6.3066 (sbs=6.3103) vs_sbs=-0.06%
   OVRPBTW: top1=0.519 mean_cost=10.4960 (sbs=10.5068) vs_sbs=-0.10%
   OVRPLTW: top1=0.504 mean_cost=10.1263 (sbs=10.1272) vs_sbs=-0.01%
   VRPBLTW: top1=0.406 mean_cost=18.9863 (sbs=19.5198) vs_sbs=-2.73%
  OVRPBLTW: top1=0.491 mean_cost=10.5368 (sbs=10.5412) vs_sbs=-0.04%
[epoch 19] update=180/1422 total=25776 loss=0.58621 KL=0.00597 lr=5e-05 samples/s=1875
[epoch 19] update=360/1422 total=25956 loss=0.58685 KL=0.00604 lr=5e-05 samples/s=1877
[epoch 19] update=540/1422 total=26136 loss=0.58623 KL=0.00608 lr=5e-05 samples/s=1872
[epoch 19] update=720/1422 total=26316 loss=0.58585 KL=0.00608 lr=5e-05 samples/s=1874
[epoch 19] update=900/1422 total=26496 loss=0.58580 KL=0.00610 lr=5e-05 samples/s=1875
[epoch 19] update=1080/1422 total=26676 loss=0.58545 KL=0.00614 lr=5e-05 samples/s=1878
[epoch 19] update=1260/1422 total=26856 loss=0.58507 KL=0.00613 lr=5e-05 samples/s=1879
[AMP retry] same batch; lower scale=65536.0
[epoch 19] update=1422/1422 total=27018 loss=0.58490 KL=0.00614 lr=5e-05 samples/s=1863
[R45B val epoch 19] macro_top1=0.4784 top2=0.8189 top3=0.9240 vs_sbs=-1.029% vbs_closed=+29.55%
       TSP: top1=0.385 mean_cost=7.9141 (sbs=7.9578) vs_sbs=-0.55%
      CVRP: top1=0.469 mean_cost=18.2106 (sbs=18.2943) vs_sbs=-0.46%
      ATSP: top1=0.777 mean_cost=1.6353 (sbs=1.6735) vs_sbs=-2.28%
      OVRP: top1=0.352 mean_cost=7.4531 (sbs=7.4617) vs_sbs=-0.11%
      VRPB: top1=0.543 mean_cost=9.3350 (sbs=9.3403) vs_sbs=-0.06%
      VRPL: top1=0.302 mean_cost=12.4045 (sbs=12.4072) vs_sbs=-0.02%
     VRPTW: top1=0.429 mean_cost=17.9012 (sbs=18.6571) vs_sbs=-4.05%
    OVRPTW: top1=0.512 mean_cost=10.0413 (sbs=10.0484) vs_sbs=-0.07%
     OVRPB: top1=0.559 mean_cost=6.3223 (sbs=6.3220) vs_sbs=+0.01%
     OVRPL: top1=0.373 mean_cost=7.4332 (sbs=7.4376) vs_sbs=-0.06%
     VRPBL: top1=0.535 mean_cost=9.3579 (sbs=9.3593) vs_sbs=-0.01%
    VRPBTW: top1=0.450 mean_cost=19.0344 (sbs=19.6697) vs_sbs=-3.23%
    VRPLTW: top1=0.449 mean_cost=17.6875 (sbs=18.5091) vs_sbs=-4.44%
    OVRPBL: top1=0.560 mean_cost=6.3044 (sbs=6.3103) vs_sbs=-0.09%
   OVRPBTW: top1=0.496 mean_cost=10.5003 (sbs=10.5068) vs_sbs=-0.06%
   OVRPLTW: top1=0.501 mean_cost=10.1268 (sbs=10.1272) vs_sbs=-0.00%
   VRPBLTW: top1=0.427 mean_cost=18.9476 (sbs=19.5198) vs_sbs=-2.93%
  OVRPBLTW: top1=0.492 mean_cost=10.5325 (sbs=10.5412) vs_sbs=-0.08%
[epoch 20] update=180/1422 total=27198 loss=0.58300 KL=0.00611 lr=5e-05 samples/s=1880
[epoch 20] update=360/1422 total=27378 loss=0.58454 KL=0.00616 lr=5e-05 samples/s=1880
[epoch 20] update=540/1422 total=27558 loss=0.58496 KL=0.00610 lr=5e-05 samples/s=1877
[epoch 20] update=720/1422 total=27738 loss=0.58394 KL=0.00618 lr=5e-05 samples/s=1864
[epoch 20] update=900/1422 total=27918 loss=0.58370 KL=0.00619 lr=5e-05 samples/s=1832
[epoch 20] update=1080/1422 total=28098 loss=0.58422 KL=0.00619 lr=5e-05 samples/s=1839
[epoch 20] update=1260/1422 total=28278 loss=0.58434 KL=0.00621 lr=5e-05 samples/s=1845
[epoch 20] update=1422/1422 total=28440 loss=0.58400 KL=0.00624 lr=5e-05 samples/s=1815
[R45B val epoch 20] macro_top1=0.4789 top2=0.8143 top3=0.9237 vs_sbs=-1.035% vbs_closed=+28.49%
       TSP: top1=0.379 mean_cost=7.9148 (sbs=7.9578) vs_sbs=-0.54%
      CVRP: top1=0.488 mean_cost=18.2150 (sbs=18.2943) vs_sbs=-0.43%
      ATSP: top1=0.781 mean_cost=1.6350 (sbs=1.6735) vs_sbs=-2.30%
      OVRP: top1=0.309 mean_cost=7.4619 (sbs=7.4617) vs_sbs=+0.00%
      VRPB: top1=0.548 mean_cost=9.3359 (sbs=9.3403) vs_sbs=-0.05%
      VRPL: top1=0.299 mean_cost=12.4043 (sbs=12.4072) vs_sbs=-0.02%
     VRPTW: top1=0.465 mean_cost=17.8891 (sbs=18.6571) vs_sbs=-4.12%
    OVRPTW: top1=0.507 mean_cost=10.0407 (sbs=10.0484) vs_sbs=-0.08%
     OVRPB: top1=0.569 mean_cost=6.3198 (sbs=6.3220) vs_sbs=-0.03%
     OVRPL: top1=0.335 mean_cost=7.4416 (sbs=7.4376) vs_sbs=+0.05%
     VRPBL: top1=0.542 mean_cost=9.3564 (sbs=9.3593) vs_sbs=-0.03%
    VRPBTW: top1=0.422 mean_cost=19.0580 (sbs=19.6697) vs_sbs=-3.11%
    VRPLTW: top1=0.456 mean_cost=17.6283 (sbs=18.5091) vs_sbs=-4.76%
    OVRPBL: top1=0.584 mean_cost=6.3022 (sbs=6.3103) vs_sbs=-0.13%
   OVRPBTW: top1=0.511 mean_cost=10.4979 (sbs=10.5068) vs_sbs=-0.08%
   OVRPLTW: top1=0.500 mean_cost=10.1273 (sbs=10.1272) vs_sbs=+0.00%
   VRPBLTW: top1=0.432 mean_cost=18.9448 (sbs=19.5198) vs_sbs=-2.95%
  OVRPBLTW: top1=0.493 mean_cost=10.5351 (sbs=10.5412) vs_sbs=-0.06%
[epoch 21] update=180/1422 total=28620 loss=0.58271 KL=0.00624 lr=5e-05 samples/s=1689
[epoch 21] update=360/1422 total=28800 loss=0.58334 KL=0.00635 lr=5e-05 samples/s=1702
[epoch 21] update=540/1422 total=28980 loss=0.58375 KL=0.00638 lr=5e-05 samples/s=1706
[epoch 21] update=720/1422 total=29160 loss=0.58306 KL=0.00633 lr=5e-05 samples/s=1702
[AMP retry] same batch; lower scale=65536.0
[epoch 21] update=900/1422 total=29340 loss=0.58234 KL=0.00634 lr=5e-05 samples/s=1699
[epoch 21] update=1080/1422 total=29520 loss=0.58185 KL=0.00636 lr=5e-05 samples/s=1727
[epoch 21] update=1260/1422 total=29700 loss=0.58267 KL=0.00636 lr=5e-05 samples/s=1747
[epoch 21] update=1422/1422 total=29862 loss=0.58279 KL=0.00635 lr=5e-05 samples/s=1747
[R45B val epoch 21] macro_top1=0.4793 top2=0.8127 top3=0.9221 vs_sbs=-1.024% vbs_closed=+29.45%
       TSP: top1=0.375 mean_cost=7.9127 (sbs=7.9578) vs_sbs=-0.57%
      CVRP: top1=0.475 mean_cost=18.2089 (sbs=18.2943) vs_sbs=-0.47%
      ATSP: top1=0.784 mean_cost=1.6353 (sbs=1.6735) vs_sbs=-2.29%
      OVRP: top1=0.348 mean_cost=7.4549 (sbs=7.4617) vs_sbs=-0.09%
      VRPB: top1=0.544 mean_cost=9.3342 (sbs=9.3403) vs_sbs=-0.07%
      VRPL: top1=0.316 mean_cost=12.4024 (sbs=12.4072) vs_sbs=-0.04%
     VRPTW: top1=0.434 mean_cost=17.9228 (sbs=18.6571) vs_sbs=-3.94%
    OVRPTW: top1=0.505 mean_cost=10.0410 (sbs=10.0484) vs_sbs=-0.07%
     OVRPB: top1=0.571 mean_cost=6.3196 (sbs=6.3220) vs_sbs=-0.04%
     OVRPL: top1=0.361 mean_cost=7.4367 (sbs=7.4376) vs_sbs=-0.01%
     VRPBL: top1=0.541 mean_cost=9.3573 (sbs=9.3593) vs_sbs=-0.02%
    VRPBTW: top1=0.437 mean_cost=19.0659 (sbs=19.6697) vs_sbs=-3.07%
    VRPLTW: top1=0.447 mean_cost=17.6476 (sbs=18.5091) vs_sbs=-4.65%
    OVRPBL: top1=0.582 mean_cost=6.3026 (sbs=6.3103) vs_sbs=-0.12%
   OVRPBTW: top1=0.477 mean_cost=10.5045 (sbs=10.5068) vs_sbs=-0.02%
   OVRPLTW: top1=0.500 mean_cost=10.1288 (sbs=10.1272) vs_sbs=+0.02%
   VRPBLTW: top1=0.426 mean_cost=18.9550 (sbs=19.5198) vs_sbs=-2.89%
  OVRPBLTW: top1=0.504 mean_cost=10.5325 (sbs=10.5412) vs_sbs=-0.08%
[epoch 22] update=180/1422 total=30042 loss=0.58311 KL=0.00632 lr=5e-05 samples/s=1885
[epoch 22] update=360/1422 total=30222 loss=0.58293 KL=0.00636 lr=5e-05 samples/s=1873
[epoch 22] update=540/1422 total=30402 loss=0.58229 KL=0.00637 lr=5e-05 samples/s=1877
[epoch 22] update=720/1422 total=30582 loss=0.58175 KL=0.00640 lr=5e-05 samples/s=1878
[epoch 22] update=900/1422 total=30762 loss=0.58144 KL=0.00644 lr=5e-05 samples/s=1878
[epoch 22] update=1080/1422 total=30942 loss=0.58137 KL=0.00646 lr=5e-05 samples/s=1879
[epoch 22] update=1260/1422 total=31122 loss=0.58133 KL=0.00646 lr=5e-05 samples/s=1876
[AMP retry] same batch; lower scale=65536.0
[epoch 22] update=1422/1422 total=31284 loss=0.58159 KL=0.00646 lr=5e-05 samples/s=1857
[R45B val epoch 22] macro_top1=0.4761 top2=0.8152 top3=0.9227 vs_sbs=-1.025% vbs_closed=+28.55%
       TSP: top1=0.376 mean_cost=7.9125 (sbs=7.9578) vs_sbs=-0.57%
      CVRP: top1=0.472 mean_cost=18.2090 (sbs=18.2943) vs_sbs=-0.47%
      ATSP: top1=0.750 mean_cost=1.6366 (sbs=1.6735) vs_sbs=-2.21%
      OVRP: top1=0.347 mean_cost=7.4547 (sbs=7.4617) vs_sbs=-0.09%
      VRPB: top1=0.541 mean_cost=9.3368 (sbs=9.3403) vs_sbs=-0.04%
      VRPL: top1=0.291 mean_cost=12.4090 (sbs=12.4072) vs_sbs=+0.01%
     VRPTW: top1=0.445 mean_cost=17.8953 (sbs=18.6571) vs_sbs=-4.08%
    OVRPTW: top1=0.505 mean_cost=10.0447 (sbs=10.0484) vs_sbs=-0.04%
     OVRPB: top1=0.579 mean_cost=6.3188 (sbs=6.3220) vs_sbs=-0.05%
     OVRPL: top1=0.357 mean_cost=7.4376 (sbs=7.4376) vs_sbs=+0.00%
     VRPBL: top1=0.539 mean_cost=9.3552 (sbs=9.3593) vs_sbs=-0.04%
    VRPBTW: top1=0.442 mean_cost=19.0461 (sbs=19.6697) vs_sbs=-3.17%
    VRPLTW: top1=0.441 mean_cost=17.6562 (sbs=18.5091) vs_sbs=-4.61%
    OVRPBL: top1=0.573 mean_cost=6.3054 (sbs=6.3103) vs_sbs=-0.08%
   OVRPBTW: top1=0.503 mean_cost=10.4958 (sbs=10.5068) vs_sbs=-0.10%
   OVRPLTW: top1=0.491 mean_cost=10.1316 (sbs=10.1272) vs_sbs=+0.04%
   VRPBLTW: top1=0.421 mean_cost=18.9570 (sbs=19.5198) vs_sbs=-2.88%
  OVRPBLTW: top1=0.497 mean_cost=10.5340 (sbs=10.5412) vs_sbs=-0.07%
[epoch 23] update=180/1422 total=31464 loss=0.57946 KL=0.00641 lr=5e-05 samples/s=1877
[epoch 23] update=360/1422 total=31644 loss=0.58053 KL=0.00648 lr=5e-05 samples/s=1874
[epoch 23] update=540/1422 total=31824 loss=0.58048 KL=0.00646 lr=5e-05 samples/s=1876
[epoch 23] update=720/1422 total=32004 loss=0.58115 KL=0.00652 lr=5e-05 samples/s=1862
[epoch 23] update=900/1422 total=32184 loss=0.58054 KL=0.00651 lr=5e-05 samples/s=1835
[epoch 23] update=1080/1422 total=32364 loss=0.58104 KL=0.00647 lr=5e-05 samples/s=1804
[epoch 23] update=1260/1422 total=32544 loss=0.58156 KL=0.00648 lr=5e-05 samples/s=1790
[epoch 23] update=1422/1422 total=32706 loss=0.58129 KL=0.00647 lr=5e-05 samples/s=1771
[R45B val epoch 23] macro_top1=0.4836 top2=0.8193 top3=0.9251 vs_sbs=-1.029% vbs_closed=+29.77%
       TSP: top1=0.361 mean_cost=7.9171 (sbs=7.9578) vs_sbs=-0.51%
      CVRP: top1=0.471 mean_cost=18.2092 (sbs=18.2943) vs_sbs=-0.47%
      ATSP: top1=0.784 mean_cost=1.6354 (sbs=1.6735) vs_sbs=-2.28%
      OVRP: top1=0.354 mean_cost=7.4558 (sbs=7.4617) vs_sbs=-0.08%
      VRPB: top1=0.558 mean_cost=9.3345 (sbs=9.3403) vs_sbs=-0.06%
      VRPL: top1=0.313 mean_cost=12.4026 (sbs=12.4072) vs_sbs=-0.04%
     VRPTW: top1=0.448 mean_cost=17.9246 (sbs=18.6571) vs_sbs=-3.93%
    OVRPTW: top1=0.507 mean_cost=10.0444 (sbs=10.0484) vs_sbs=-0.04%
     OVRPB: top1=0.572 mean_cost=6.3203 (sbs=6.3220) vs_sbs=-0.03%
     OVRPL: top1=0.388 mean_cost=7.4312 (sbs=7.4376) vs_sbs=-0.08%
     VRPBL: top1=0.532 mean_cost=9.3581 (sbs=9.3593) vs_sbs=-0.01%
    VRPBTW: top1=0.442 mean_cost=19.0540 (sbs=19.6697) vs_sbs=-3.13%
    VRPLTW: top1=0.462 mean_cost=17.6470 (sbs=18.5091) vs_sbs=-4.66%
    OVRPBL: top1=0.570 mean_cost=6.3035 (sbs=6.3103) vs_sbs=-0.11%
   OVRPBTW: top1=0.504 mean_cost=10.4970 (sbs=10.5068) vs_sbs=-0.09%
   OVRPLTW: top1=0.508 mean_cost=10.1276 (sbs=10.1272) vs_sbs=+0.00%
   VRPBLTW: top1=0.431 mean_cost=18.9524 (sbs=19.5198) vs_sbs=-2.91%
  OVRPBLTW: top1=0.500 mean_cost=10.5288 (sbs=10.5412) vs_sbs=-0.12%
[epoch 24] update=180/1422 total=32886 loss=0.57911 KL=0.00663 lr=2.5e-05 samples/s=1688
[epoch 24] update=360/1422 total=33066 loss=0.57734 KL=0.00669 lr=2.5e-05 samples/s=1717
[epoch 24] update=540/1422 total=33246 loss=0.57668 KL=0.00677 lr=2.5e-05 samples/s=1736
[epoch 24] update=720/1422 total=33426 loss=0.57677 KL=0.00678 lr=2.5e-05 samples/s=1723
[epoch 24] update=900/1422 total=33606 loss=0.57646 KL=0.00679 lr=2.5e-05 samples/s=1716
[epoch 24] update=1080/1422 total=33786 loss=0.57614 KL=0.00684 lr=2.5e-05 samples/s=1710
[epoch 24] update=1260/1422 total=33966 loss=0.57581 KL=0.00685 lr=2.5e-05 samples/s=1708
[AMP retry] same batch; lower scale=65536.0
[epoch 24] update=1422/1422 total=34128 loss=0.57634 KL=0.00684 lr=2.5e-05 samples/s=1695
[R45B val epoch 24] macro_top1=0.4836 top2=0.8228 top3=0.9268 vs_sbs=-1.048% vbs_closed=+30.15%
       TSP: top1=0.373 mean_cost=7.9154 (sbs=7.9578) vs_sbs=-0.53%
      CVRP: top1=0.469 mean_cost=18.2089 (sbs=18.2943) vs_sbs=-0.47%
      ATSP: top1=0.777 mean_cost=1.6353 (sbs=1.6735) vs_sbs=-2.28%
      OVRP: top1=0.343 mean_cost=7.4565 (sbs=7.4617) vs_sbs=-0.07%
      VRPB: top1=0.548 mean_cost=9.3355 (sbs=9.3403) vs_sbs=-0.05%
      VRPL: top1=0.323 mean_cost=12.4003 (sbs=12.4072) vs_sbs=-0.06%
     VRPTW: top1=0.447 mean_cost=17.9008 (sbs=18.6571) vs_sbs=-4.05%
    OVRPTW: top1=0.509 mean_cost=10.0413 (sbs=10.0484) vs_sbs=-0.07%
     OVRPB: top1=0.570 mean_cost=6.3205 (sbs=6.3220) vs_sbs=-0.02%
     OVRPL: top1=0.412 mean_cost=7.4309 (sbs=7.4376) vs_sbs=-0.09%
     VRPBL: top1=0.529 mean_cost=9.3576 (sbs=9.3593) vs_sbs=-0.02%
    VRPBTW: top1=0.445 mean_cost=19.0317 (sbs=19.6697) vs_sbs=-3.24%
    VRPLTW: top1=0.480 mean_cost=17.6305 (sbs=18.5091) vs_sbs=-4.75%
    OVRPBL: top1=0.572 mean_cost=6.3041 (sbs=6.3103) vs_sbs=-0.10%
   OVRPBTW: top1=0.477 mean_cost=10.5045 (sbs=10.5068) vs_sbs=-0.02%
   OVRPLTW: top1=0.509 mean_cost=10.1285 (sbs=10.1272) vs_sbs=+0.01%
   VRPBLTW: top1=0.428 mean_cost=18.9461 (sbs=19.5198) vs_sbs=-2.94%
  OVRPBLTW: top1=0.493 mean_cost=10.5288 (sbs=10.5412) vs_sbs=-0.12%
[epoch 25] update=180/1422 total=34308 loss=0.57472 KL=0.00680 lr=2.5e-05 samples/s=1639
[epoch 25] update=360/1422 total=34488 loss=0.57595 KL=0.00693 lr=2.5e-05 samples/s=1657
[epoch 25] update=540/1422 total=34668 loss=0.57631 KL=0.00697 lr=2.5e-05 samples/s=1716
[epoch 25] update=720/1422 total=34848 loss=0.57562 KL=0.00706 lr=2.5e-05 samples/s=1746
[epoch 25] update=900/1422 total=35028 loss=0.57568 KL=0.00706 lr=2.5e-05 samples/s=1755
[epoch 25] update=1080/1422 total=35208 loss=0.57590 KL=0.00703 lr=2.5e-05 samples/s=1767
[epoch 25] update=1260/1422 total=35388 loss=0.57557 KL=0.00707 lr=2.5e-05 samples/s=1743
[epoch 25] update=1422/1422 total=35550 loss=0.57572 KL=0.00707 lr=2.5e-05 samples/s=1693
[R45B val epoch 25] macro_top1=0.4814 top2=0.8193 top3=0.9243 vs_sbs=-1.039% vbs_closed=+29.31%
       TSP: top1=0.373 mean_cost=7.9153 (sbs=7.9578) vs_sbs=-0.53%
      CVRP: top1=0.441 mean_cost=18.2333 (sbs=18.2943) vs_sbs=-0.33%
      ATSP: top1=0.775 mean_cost=1.6356 (sbs=1.6735) vs_sbs=-2.27%
      OVRP: top1=0.347 mean_cost=7.4553 (sbs=7.4617) vs_sbs=-0.09%
      VRPB: top1=0.543 mean_cost=9.3354 (sbs=9.3403) vs_sbs=-0.05%
      VRPL: top1=0.312 mean_cost=12.4046 (sbs=12.4072) vs_sbs=-0.02%
     VRPTW: top1=0.429 mean_cost=17.9045 (sbs=18.6571) vs_sbs=-4.03%
    OVRPTW: top1=0.511 mean_cost=10.0414 (sbs=10.0484) vs_sbs=-0.07%
     OVRPB: top1=0.569 mean_cost=6.3199 (sbs=6.3220) vs_sbs=-0.03%
     OVRPL: top1=0.409 mean_cost=7.4313 (sbs=7.4376) vs_sbs=-0.08%
     VRPBL: top1=0.532 mean_cost=9.3590 (sbs=9.3593) vs_sbs=-0.00%
    VRPBTW: top1=0.457 mean_cost=19.0414 (sbs=19.6697) vs_sbs=-3.19%
    VRPLTW: top1=0.461 mean_cost=17.6278 (sbs=18.5091) vs_sbs=-4.76%
    OVRPBL: top1=0.586 mean_cost=6.3027 (sbs=6.3103) vs_sbs=-0.12%
   OVRPBTW: top1=0.472 mean_cost=10.5064 (sbs=10.5068) vs_sbs=-0.00%
   OVRPLTW: top1=0.519 mean_cost=10.1251 (sbs=10.1272) vs_sbs=-0.02%
   VRPBLTW: top1=0.428 mean_cost=18.9421 (sbs=19.5198) vs_sbs=-2.96%
  OVRPBLTW: top1=0.501 mean_cost=10.5277 (sbs=10.5412) vs_sbs=-0.13%
[epoch 26] update=180/1422 total=35730 loss=0.57765 KL=0.00725 lr=2.5e-05 samples/s=1915
[epoch 26] update=360/1422 total=35910 loss=0.57491 KL=0.00715 lr=2.5e-05 samples/s=1907
[epoch 26] update=540/1422 total=36090 loss=0.57535 KL=0.00710 lr=2.5e-05 samples/s=1915
[epoch 26] update=720/1422 total=36270 loss=0.57495 KL=0.00717 lr=2.5e-05 samples/s=1919
[epoch 26] update=900/1422 total=36450 loss=0.57514 KL=0.00719 lr=2.5e-05 samples/s=1909
[epoch 26] update=1080/1422 total=36630 loss=0.57474 KL=0.00719 lr=2.5e-05 samples/s=1910
[epoch 26] update=1260/1422 total=36810 loss=0.57495 KL=0.00719 lr=2.5e-05 samples/s=1905
[AMP retry] same batch; lower scale=65536.0
[epoch 26] update=1422/1422 total=36972 loss=0.57513 KL=0.00719 lr=2.5e-05 samples/s=1891
[R45B val epoch 26] macro_top1=0.4840 top2=0.8174 top3=0.9257 vs_sbs=-1.040% vbs_closed=+29.07%
       TSP: top1=0.373 mean_cost=7.9192 (sbs=7.9578) vs_sbs=-0.49%
      CVRP: top1=0.477 mean_cost=18.2073 (sbs=18.2943) vs_sbs=-0.48%
      ATSP: top1=0.783 mean_cost=1.6349 (sbs=1.6735) vs_sbs=-2.31%
      OVRP: top1=0.341 mean_cost=7.4552 (sbs=7.4617) vs_sbs=-0.09%
      VRPB: top1=0.559 mean_cost=9.3352 (sbs=9.3403) vs_sbs=-0.05%
      VRPL: top1=0.304 mean_cost=12.4074 (sbs=12.4072) vs_sbs=+0.00%
     VRPTW: top1=0.452 mean_cost=17.8992 (sbs=18.6571) vs_sbs=-4.06%
    OVRPTW: top1=0.507 mean_cost=10.0463 (sbs=10.0484) vs_sbs=-0.02%
     OVRPB: top1=0.575 mean_cost=6.3190 (sbs=6.3220) vs_sbs=-0.05%
     OVRPL: top1=0.376 mean_cost=7.4339 (sbs=7.4376) vs_sbs=-0.05%
     VRPBL: top1=0.533 mean_cost=9.3579 (sbs=9.3593) vs_sbs=-0.01%
    VRPBTW: top1=0.428 mean_cost=19.0570 (sbs=19.6697) vs_sbs=-3.11%
    VRPLTW: top1=0.473 mean_cost=17.6197 (sbs=18.5091) vs_sbs=-4.81%
    OVRPBL: top1=0.570 mean_cost=6.3042 (sbs=6.3103) vs_sbs=-0.10%
   OVRPBTW: top1=0.524 mean_cost=10.4960 (sbs=10.5068) vs_sbs=-0.10%
   OVRPLTW: top1=0.495 mean_cost=10.1318 (sbs=10.1272) vs_sbs=+0.05%
   VRPBLTW: top1=0.432 mean_cost=18.9467 (sbs=19.5198) vs_sbs=-2.94%
  OVRPBLTW: top1=0.510 mean_cost=10.5299 (sbs=10.5412) vs_sbs=-0.11%
[epoch 27] update=180/1422 total=37152 loss=0.57399 KL=0.00720 lr=2.5e-05 samples/s=1799
[epoch 27] update=360/1422 total=37332 loss=0.57401 KL=0.00730 lr=2.5e-05 samples/s=1862
[epoch 27] update=540/1422 total=37512 loss=0.57412 KL=0.00736 lr=2.5e-05 samples/s=1882
[epoch 27] update=720/1422 total=37692 loss=0.57426 KL=0.00734 lr=2.5e-05 samples/s=1892
[epoch 27] update=900/1422 total=37872 loss=0.57403 KL=0.00737 lr=2.5e-05 samples/s=1898
[epoch 27] update=1080/1422 total=38052 loss=0.57419 KL=0.00739 lr=2.5e-05 samples/s=1902
[epoch 27] update=1260/1422 total=38232 loss=0.57426 KL=0.00734 lr=2.5e-05 samples/s=1903
[epoch 27] update=1422/1422 total=38394 loss=0.57434 KL=0.00735 lr=2.5e-05 samples/s=1891
[R45B val epoch 27] macro_top1=0.4841 top2=0.8200 top3=0.9243 vs_sbs=-1.029% vbs_closed=+29.93%
       TSP: top1=0.375 mean_cost=7.9174 (sbs=7.9578) vs_sbs=-0.51%
      CVRP: top1=0.475 mean_cost=18.2088 (sbs=18.2943) vs_sbs=-0.47%
      ATSP: top1=0.779 mean_cost=1.6352 (sbs=1.6735) vs_sbs=-2.29%
      OVRP: top1=0.337 mean_cost=7.4570 (sbs=7.4617) vs_sbs=-0.06%
      VRPB: top1=0.552 mean_cost=9.3356 (sbs=9.3403) vs_sbs=-0.05%
      VRPL: top1=0.320 mean_cost=12.4028 (sbs=12.4072) vs_sbs=-0.04%
     VRPTW: top1=0.440 mean_cost=17.9170 (sbs=18.6571) vs_sbs=-3.97%
    OVRPTW: top1=0.519 mean_cost=10.0396 (sbs=10.0484) vs_sbs=-0.09%
     OVRPB: top1=0.576 mean_cost=6.3185 (sbs=6.3220) vs_sbs=-0.05%
     OVRPL: top1=0.408 mean_cost=7.4304 (sbs=7.4376) vs_sbs=-0.10%
     VRPBL: top1=0.534 mean_cost=9.3587 (sbs=9.3593) vs_sbs=-0.01%
    VRPBTW: top1=0.413 mean_cost=19.0615 (sbs=19.6697) vs_sbs=-3.09%
    VRPLTW: top1=0.456 mean_cost=17.6565 (sbs=18.5091) vs_sbs=-4.61%
    OVRPBL: top1=0.583 mean_cost=6.3023 (sbs=6.3103) vs_sbs=-0.13%
   OVRPBTW: top1=0.508 mean_cost=10.4960 (sbs=10.5068) vs_sbs=-0.10%
   OVRPLTW: top1=0.510 mean_cost=10.1285 (sbs=10.1272) vs_sbs=+0.01%
   VRPBLTW: top1=0.424 mean_cost=18.9554 (sbs=19.5198) vs_sbs=-2.89%
  OVRPBLTW: top1=0.504 mean_cost=10.5323 (sbs=10.5412) vs_sbs=-0.08%
[epoch 28] update=180/1422 total=38574 loss=0.57459 KL=0.00739 lr=1.3e-05 samples/s=1702
[epoch 28] update=360/1422 total=38754 loss=0.57335 KL=0.00744 lr=1.3e-05 samples/s=1708
[epoch 28] update=540/1422 total=38934 loss=0.57252 KL=0.00752 lr=1.3e-05 samples/s=1707
[epoch 28] update=720/1422 total=39114 loss=0.57245 KL=0.00750 lr=1.3e-05 samples/s=1714
[epoch 28] update=900/1422 total=39294 loss=0.57192 KL=0.00752 lr=1.3e-05 samples/s=1707
[epoch 28] update=1080/1422 total=39474 loss=0.57201 KL=0.00752 lr=1.3e-05 samples/s=1702
[epoch 28] update=1260/1422 total=39654 loss=0.57186 KL=0.00752 lr=1.3e-05 samples/s=1697
[epoch 28] update=1422/1422 total=39816 loss=0.57203 KL=0.00754 lr=1.3e-05 samples/s=1681
[R45B val epoch 28] macro_top1=0.4859 top2=0.8211 top3=0.9257 vs_sbs=-1.052% vbs_closed=+30.65%
       TSP: top1=0.377 mean_cost=7.9148 (sbs=7.9578) vs_sbs=-0.54%
      CVRP: top1=0.477 mean_cost=18.2051 (sbs=18.2943) vs_sbs=-0.49%
      ATSP: top1=0.782 mean_cost=1.6346 (sbs=1.6735) vs_sbs=-2.33%
      OVRP: top1=0.364 mean_cost=7.4535 (sbs=7.4617) vs_sbs=-0.11%
      VRPB: top1=0.556 mean_cost=9.3341 (sbs=9.3403) vs_sbs=-0.07%
      VRPL: top1=0.317 mean_cost=12.4031 (sbs=12.4072) vs_sbs=-0.03%
     VRPTW: top1=0.435 mean_cost=17.9080 (sbs=18.6571) vs_sbs=-4.02%
    OVRPTW: top1=0.513 mean_cost=10.0409 (sbs=10.0484) vs_sbs=-0.07%
     OVRPB: top1=0.566 mean_cost=6.3197 (sbs=6.3220) vs_sbs=-0.04%
     OVRPL: top1=0.395 mean_cost=7.4323 (sbs=7.4376) vs_sbs=-0.07%
     VRPBL: top1=0.537 mean_cost=9.3567 (sbs=9.3593) vs_sbs=-0.03%
    VRPBTW: top1=0.453 mean_cost=19.0425 (sbs=19.6697) vs_sbs=-3.19%
    VRPLTW: top1=0.462 mean_cost=17.6258 (sbs=18.5091) vs_sbs=-4.77%
    OVRPBL: top1=0.580 mean_cost=6.3025 (sbs=6.3103) vs_sbs=-0.12%
   OVRPBTW: top1=0.486 mean_cost=10.5059 (sbs=10.5068) vs_sbs=-0.01%
   OVRPLTW: top1=0.515 mean_cost=10.1263 (sbs=10.1272) vs_sbs=-0.01%
   VRPBLTW: top1=0.429 mean_cost=18.9464 (sbs=19.5198) vs_sbs=-2.94%
  OVRPBLTW: top1=0.502 mean_cost=10.5304 (sbs=10.5412) vs_sbs=-0.10%
[epoch 29] update=180/1422 total=39996 loss=0.57256 KL=0.00776 lr=1.3e-05 samples/s=1883
[epoch 29] update=360/1422 total=40176 loss=0.57342 KL=0.00762 lr=1.3e-05 samples/s=1880
[epoch 29] update=540/1422 total=40356 loss=0.57131 KL=0.00765 lr=1.3e-05 samples/s=1897
[epoch 29] update=720/1422 total=40536 loss=0.57086 KL=0.00764 lr=1.3e-05 samples/s=1907
[epoch 29] update=900/1422 total=40716 loss=0.57090 KL=0.00771 lr=1.3e-05 samples/s=1912
[epoch 29] update=1080/1422 total=40896 loss=0.57099 KL=0.00772 lr=1.3e-05 samples/s=1914
[AMP retry] same batch; lower scale=131072.0
[epoch 29] update=1260/1422 total=41076 loss=0.57119 KL=0.00770 lr=1.3e-05 samples/s=1914
[epoch 29] update=1422/1422 total=41238 loss=0.57146 KL=0.00770 lr=1.3e-05 samples/s=1902
[R45B val epoch 29] macro_top1=0.4862 top2=0.8224 top3=0.9252 vs_sbs=-1.050% vbs_closed=+30.06%
       TSP: top1=0.370 mean_cost=7.9203 (sbs=7.9578) vs_sbs=-0.47%
      CVRP: top1=0.479 mean_cost=18.2082 (sbs=18.2943) vs_sbs=-0.47%
      ATSP: top1=0.784 mean_cost=1.6350 (sbs=1.6735) vs_sbs=-2.30%
      OVRP: top1=0.359 mean_cost=7.4546 (sbs=7.4617) vs_sbs=-0.10%
      VRPB: top1=0.548 mean_cost=9.3346 (sbs=9.3403) vs_sbs=-0.06%
      VRPL: top1=0.323 mean_cost=12.4029 (sbs=12.4072) vs_sbs=-0.03%
     VRPTW: top1=0.453 mean_cost=17.8945 (sbs=18.6571) vs_sbs=-4.09%
    OVRPTW: top1=0.502 mean_cost=10.0431 (sbs=10.0484) vs_sbs=-0.05%
     OVRPB: top1=0.573 mean_cost=6.3186 (sbs=6.3220) vs_sbs=-0.05%
     OVRPL: top1=0.392 mean_cost=7.4319 (sbs=7.4376) vs_sbs=-0.08%
     VRPBL: top1=0.528 mean_cost=9.3582 (sbs=9.3593) vs_sbs=-0.01%
    VRPBTW: top1=0.450 mean_cost=19.0267 (sbs=19.6697) vs_sbs=-3.27%
    VRPLTW: top1=0.464 mean_cost=17.6311 (sbs=18.5091) vs_sbs=-4.74%
    OVRPBL: top1=0.581 mean_cost=6.3038 (sbs=6.3103) vs_sbs=-0.10%
   OVRPBTW: top1=0.503 mean_cost=10.5009 (sbs=10.5068) vs_sbs=-0.06%
   OVRPLTW: top1=0.521 mean_cost=10.1268 (sbs=10.1272) vs_sbs=-0.00%
   VRPBLTW: top1=0.422 mean_cost=18.9483 (sbs=19.5198) vs_sbs=-2.93%
  OVRPBLTW: top1=0.499 mean_cost=10.5317 (sbs=10.5412) vs_sbs=-0.09%
[epoch 30] update=180/1422 total=41418 loss=0.56757 KL=0.00778 lr=1.3e-05 samples/s=1944
[epoch 30] update=360/1422 total=41598 loss=0.56939 KL=0.00784 lr=1.3e-05 samples/s=1941
[epoch 30] update=540/1422 total=41778 loss=0.57135 KL=0.00781 lr=1.3e-05 samples/s=1944
[epoch 30] update=720/1422 total=41958 loss=0.57115 KL=0.00785 lr=1.3e-05 samples/s=1940
[epoch 30] update=900/1422 total=42138 loss=0.57157 KL=0.00781 lr=1.3e-05 samples/s=1937
[epoch 30] update=1080/1422 total=42318 loss=0.57142 KL=0.00779 lr=1.3e-05 samples/s=1936
[epoch 30] update=1260/1422 total=42498 loss=0.57148 KL=0.00779 lr=1.3e-05 samples/s=1935
[epoch 30] update=1422/1422 total=42660 loss=0.57119 KL=0.00778 lr=1.3e-05 samples/s=1914
[R45B val epoch 30] macro_top1=0.4867 top2=0.8214 top3=0.9261 vs_sbs=-1.064% vbs_closed=+31.29%
       TSP: top1=0.375 mean_cost=7.9149 (sbs=7.9578) vs_sbs=-0.54%
      CVRP: top1=0.471 mean_cost=18.2053 (sbs=18.2943) vs_sbs=-0.49%
      ATSP: top1=0.786 mean_cost=1.6348 (sbs=1.6735) vs_sbs=-2.31%
      OVRP: top1=0.353 mean_cost=7.4546 (sbs=7.4617) vs_sbs=-0.10%
      VRPB: top1=0.549 mean_cost=9.3345 (sbs=9.3403) vs_sbs=-0.06%
      VRPL: top1=0.322 mean_cost=12.4029 (sbs=12.4072) vs_sbs=-0.03%
     VRPTW: top1=0.458 mean_cost=17.8948 (sbs=18.6571) vs_sbs=-4.09%
    OVRPTW: top1=0.495 mean_cost=10.0432 (sbs=10.0484) vs_sbs=-0.05%
     OVRPB: top1=0.570 mean_cost=6.3181 (sbs=6.3220) vs_sbs=-0.06%
     OVRPL: top1=0.406 mean_cost=7.4303 (sbs=7.4376) vs_sbs=-0.10%
     VRPBL: top1=0.534 mean_cost=9.3567 (sbs=9.3593) vs_sbs=-0.03%
    VRPBTW: top1=0.433 mean_cost=19.0410 (sbs=19.6697) vs_sbs=-3.20%
    VRPLTW: top1=0.461 mean_cost=17.6223 (sbs=18.5091) vs_sbs=-4.79%
    OVRPBL: top1=0.581 mean_cost=6.3024 (sbs=6.3103) vs_sbs=-0.12%
   OVRPBTW: top1=0.512 mean_cost=10.4962 (sbs=10.5068) vs_sbs=-0.10%
   OVRPLTW: top1=0.512 mean_cost=10.1274 (sbs=10.1272) vs_sbs=+0.00%
   VRPBLTW: top1=0.432 mean_cost=18.9404 (sbs=19.5198) vs_sbs=-2.97%
  OVRPBLTW: top1=0.511 mean_cost=10.5276 (sbs=10.5412) vs_sbs=-0.13%
[epoch 31] update=180/1422 total=42840 loss=0.56843 KL=0.00795 lr=1.3e-05 samples/s=1927
[epoch 31] update=360/1422 total=43020 loss=0.57076 KL=0.00794 lr=1.3e-05 samples/s=1918
[AMP retry] same batch; lower scale=131072.0
[epoch 31] update=540/1422 total=43200 loss=0.57142 KL=0.00798 lr=1.3e-05 samples/s=1904
[epoch 31] update=720/1422 total=43380 loss=0.57089 KL=0.00796 lr=1.3e-05 samples/s=1906
[epoch 31] update=900/1422 total=43560 loss=0.57113 KL=0.00795 lr=1.3e-05 samples/s=1910
[epoch 31] update=1080/1422 total=43740 loss=0.57120 KL=0.00793 lr=1.3e-05 samples/s=1912
[epoch 31] update=1260/1422 total=43920 loss=0.57081 KL=0.00790 lr=1.3e-05 samples/s=1912
[AMP retry] same batch; lower scale=65536.0
[epoch 31] update=1422/1422 total=44082 loss=0.57081 KL=0.00790 lr=1.3e-05 samples/s=1895
[R45B val epoch 31] macro_top1=0.4879 top2=0.8230 top3=0.9266 vs_sbs=-1.062% vbs_closed=+31.14%
       TSP: top1=0.378 mean_cost=7.9178 (sbs=7.9578) vs_sbs=-0.50%
      CVRP: top1=0.470 mean_cost=18.2097 (sbs=18.2943) vs_sbs=-0.46%
      ATSP: top1=0.785 mean_cost=1.6350 (sbs=1.6735) vs_sbs=-2.30%
      OVRP: top1=0.351 mean_cost=7.4548 (sbs=7.4617) vs_sbs=-0.09%
      VRPB: top1=0.548 mean_cost=9.3357 (sbs=9.3403) vs_sbs=-0.05%
      VRPL: top1=0.317 mean_cost=12.4019 (sbs=12.4072) vs_sbs=-0.04%
     VRPTW: top1=0.459 mean_cost=17.8934 (sbs=18.6571) vs_sbs=-4.09%
    OVRPTW: top1=0.504 mean_cost=10.0424 (sbs=10.0484) vs_sbs=-0.06%
     OVRPB: top1=0.583 mean_cost=6.3170 (sbs=6.3220) vs_sbs=-0.08%
     OVRPL: top1=0.408 mean_cost=7.4302 (sbs=7.4376) vs_sbs=-0.10%
     VRPBL: top1=0.537 mean_cost=9.3578 (sbs=9.3593) vs_sbs=-0.02%
    VRPBTW: top1=0.438 mean_cost=19.0332 (sbs=19.6697) vs_sbs=-3.24%
    VRPLTW: top1=0.458 mean_cost=17.6243 (sbs=18.5091) vs_sbs=-4.78%
    OVRPBL: top1=0.588 mean_cost=6.3014 (sbs=6.3103) vs_sbs=-0.14%
   OVRPBTW: top1=0.497 mean_cost=10.5008 (sbs=10.5068) vs_sbs=-0.06%
   OVRPLTW: top1=0.523 mean_cost=10.1235 (sbs=10.1272) vs_sbs=-0.04%
   VRPBLTW: top1=0.427 mean_cost=18.9442 (sbs=19.5198) vs_sbs=-2.95%
  OVRPBLTW: top1=0.511 mean_cost=10.5285 (sbs=10.5412) vs_sbs=-0.12%
[epoch 32] update=180/1422 total=44262 loss=0.57292 KL=0.00805 lr=1.3e-05 samples/s=1927
[epoch 32] update=360/1422 total=44442 loss=0.57174 KL=0.00790 lr=1.3e-05 samples/s=1851
[epoch 32] update=540/1422 total=44622 loss=0.57034 KL=0.00793 lr=1.3e-05 samples/s=1860
[epoch 32] update=720/1422 total=44802 loss=0.56980 KL=0.00796 lr=1.3e-05 samples/s=1872
[epoch 32] update=900/1422 total=44982 loss=0.56960 KL=0.00805 lr=1.3e-05 samples/s=1879
[epoch 32] update=1080/1422 total=45162 loss=0.56980 KL=0.00804 lr=1.3e-05 samples/s=1884
[epoch 32] update=1260/1422 total=45342 loss=0.57021 KL=0.00802 lr=1.3e-05 samples/s=1888
[epoch 32] update=1422/1422 total=45504 loss=0.57051 KL=0.00801 lr=1.3e-05 samples/s=1875
[R45B val epoch 32] macro_top1=0.4876 top2=0.8221 top3=0.9267 vs_sbs=-1.063% vbs_closed=+31.31%
       TSP: top1=0.372 mean_cost=7.9147 (sbs=7.9578) vs_sbs=-0.54%
      CVRP: top1=0.465 mean_cost=18.2091 (sbs=18.2943) vs_sbs=-0.47%
      ATSP: top1=0.783 mean_cost=1.6348 (sbs=1.6735) vs_sbs=-2.32%
      OVRP: top1=0.361 mean_cost=7.4546 (sbs=7.4617) vs_sbs=-0.09%
      VRPB: top1=0.552 mean_cost=9.3333 (sbs=9.3403) vs_sbs=-0.07%
      VRPL: top1=0.325 mean_cost=12.4034 (sbs=12.4072) vs_sbs=-0.03%
     VRPTW: top1=0.468 mean_cost=17.8893 (sbs=18.6571) vs_sbs=-4.12%
    OVRPTW: top1=0.512 mean_cost=10.0413 (sbs=10.0484) vs_sbs=-0.07%
     OVRPB: top1=0.578 mean_cost=6.3157 (sbs=6.3220) vs_sbs=-0.10%
     OVRPL: top1=0.400 mean_cost=7.4313 (sbs=7.4376) vs_sbs=-0.08%
     VRPBL: top1=0.532 mean_cost=9.3578 (sbs=9.3593) vs_sbs=-0.02%
    VRPBTW: top1=0.414 mean_cost=19.0525 (sbs=19.6697) vs_sbs=-3.14%
    VRPLTW: top1=0.474 mean_cost=17.6213 (sbs=18.5091) vs_sbs=-4.80%
    OVRPBL: top1=0.581 mean_cost=6.3020 (sbs=6.3103) vs_sbs=-0.13%
   OVRPBTW: top1=0.498 mean_cost=10.5015 (sbs=10.5068) vs_sbs=-0.05%
   OVRPLTW: top1=0.523 mean_cost=10.1238 (sbs=10.1272) vs_sbs=-0.03%
   VRPBLTW: top1=0.435 mean_cost=18.9422 (sbs=19.5198) vs_sbs=-2.96%
  OVRPBLTW: top1=0.504 mean_cost=10.5295 (sbs=10.5412) vs_sbs=-0.11%
[epoch 33] update=180/1422 total=45684 loss=0.56844 KL=0.00819 lr=1.3e-05 samples/s=1902
[epoch 33] update=360/1422 total=45864 loss=0.56806 KL=0.00816 lr=1.3e-05 samples/s=1893
[epoch 33] update=540/1422 total=46044 loss=0.56858 KL=0.00812 lr=1.3e-05 samples/s=1899
[epoch 33] update=720/1422 total=46224 loss=0.56995 KL=0.00806 lr=1.3e-05 samples/s=1906
[epoch 33] update=900/1422 total=46404 loss=0.56946 KL=0.00807 lr=1.3e-05 samples/s=1911
[epoch 33] update=1080/1422 total=46584 loss=0.56968 KL=0.00810 lr=1.3e-05 samples/s=1913
[epoch 33] update=1260/1422 total=46764 loss=0.56981 KL=0.00809 lr=1.3e-05 samples/s=1893
[AMP retry] same batch; lower scale=65536.0
[epoch 33] update=1422/1422 total=46926 loss=0.57014 KL=0.00808 lr=1.3e-05 samples/s=1861
[R45B val epoch 33] macro_top1=0.4867 top2=0.8184 top3=0.9247 vs_sbs=-1.051% vbs_closed=+30.66%
       TSP: top1=0.369 mean_cost=7.9140 (sbs=7.9578) vs_sbs=-0.55%
      CVRP: top1=0.474 mean_cost=18.2058 (sbs=18.2943) vs_sbs=-0.48%
      ATSP: top1=0.787 mean_cost=1.6348 (sbs=1.6735) vs_sbs=-2.31%
      OVRP: top1=0.359 mean_cost=7.4545 (sbs=7.4617) vs_sbs=-0.10%
      VRPB: top1=0.557 mean_cost=9.3339 (sbs=9.3403) vs_sbs=-0.07%
      VRPL: top1=0.321 mean_cost=12.4007 (sbs=12.4072) vs_sbs=-0.05%
     VRPTW: top1=0.459 mean_cost=17.8989 (sbs=18.6571) vs_sbs=-4.06%
    OVRPTW: top1=0.504 mean_cost=10.0443 (sbs=10.0484) vs_sbs=-0.04%
     OVRPB: top1=0.578 mean_cost=6.3173 (sbs=6.3220) vs_sbs=-0.07%
     OVRPL: top1=0.392 mean_cost=7.4311 (sbs=7.4376) vs_sbs=-0.09%
     VRPBL: top1=0.533 mean_cost=9.3590 (sbs=9.3593) vs_sbs=-0.00%
    VRPBTW: top1=0.433 mean_cost=19.0542 (sbs=19.6697) vs_sbs=-3.13%
    VRPLTW: top1=0.457 mean_cost=17.6306 (sbs=18.5091) vs_sbs=-4.75%
    OVRPBL: top1=0.580 mean_cost=6.3041 (sbs=6.3103) vs_sbs=-0.10%
   OVRPBTW: top1=0.502 mean_cost=10.4980 (sbs=10.5068) vs_sbs=-0.08%
   OVRPLTW: top1=0.507 mean_cost=10.1303 (sbs=10.1272) vs_sbs=+0.03%
   VRPBLTW: top1=0.443 mean_cost=18.9424 (sbs=19.5198) vs_sbs=-2.96%
  OVRPBLTW: top1=0.505 mean_cost=10.5304 (sbs=10.5412) vs_sbs=-0.10%
[epoch 34] update=180/1422 total=47106 loss=0.56788 KL=0.00805 lr=6.3e-06 samples/s=1833
[epoch 34] update=360/1422 total=47286 loss=0.56871 KL=0.00813 lr=6.3e-06 samples/s=1755
[epoch 34] update=540/1422 total=47466 loss=0.56897 KL=0.00813 lr=6.3e-06 samples/s=1738
[epoch 34] update=720/1422 total=47646 loss=0.56781 KL=0.00815 lr=6.3e-06 samples/s=1733
[epoch 34] update=900/1422 total=47826 loss=0.56876 KL=0.00817 lr=6.3e-06 samples/s=1732
[epoch 34] update=1080/1422 total=48006 loss=0.56908 KL=0.00816 lr=6.3e-06 samples/s=1727
[epoch 34] update=1260/1422 total=48186 loss=0.56894 KL=0.00818 lr=6.3e-06 samples/s=1729
[epoch 34] update=1422/1422 total=48348 loss=0.56905 KL=0.00817 lr=6.3e-06 samples/s=1727
[R45B val epoch 34] macro_top1=0.4873 top2=0.8217 top3=0.9266 vs_sbs=-1.054% vbs_closed=+30.75%
       TSP: top1=0.378 mean_cost=7.9152 (sbs=7.9578) vs_sbs=-0.54%
      CVRP: top1=0.466 mean_cost=18.2114 (sbs=18.2943) vs_sbs=-0.45%
      ATSP: top1=0.788 mean_cost=1.6346 (sbs=1.6735) vs_sbs=-2.32%
      OVRP: top1=0.357 mean_cost=7.4547 (sbs=7.4617) vs_sbs=-0.09%
      VRPB: top1=0.555 mean_cost=9.3340 (sbs=9.3403) vs_sbs=-0.07%
      VRPL: top1=0.319 mean_cost=12.4035 (sbs=12.4072) vs_sbs=-0.03%
     VRPTW: top1=0.443 mean_cost=17.9092 (sbs=18.6571) vs_sbs=-4.01%
    OVRPTW: top1=0.510 mean_cost=10.0413 (sbs=10.0484) vs_sbs=-0.07%
     OVRPB: top1=0.574 mean_cost=6.3178 (sbs=6.3220) vs_sbs=-0.07%
     OVRPL: top1=0.403 mean_cost=7.4305 (sbs=7.4376) vs_sbs=-0.09%
     VRPBL: top1=0.530 mean_cost=9.3592 (sbs=9.3593) vs_sbs=-0.00%
    VRPBTW: top1=0.452 mean_cost=19.0368 (sbs=19.6697) vs_sbs=-3.22%
    VRPLTW: top1=0.472 mean_cost=17.6220 (sbs=18.5091) vs_sbs=-4.79%
    OVRPBL: top1=0.589 mean_cost=6.3016 (sbs=6.3103) vs_sbs=-0.14%
   OVRPBTW: top1=0.481 mean_cost=10.5057 (sbs=10.5068) vs_sbs=-0.01%
   OVRPLTW: top1=0.516 mean_cost=10.1260 (sbs=10.1272) vs_sbs=-0.01%
   VRPBLTW: top1=0.425 mean_cost=18.9504 (sbs=19.5198) vs_sbs=-2.92%
  OVRPBLTW: top1=0.514 mean_cost=10.5258 (sbs=10.5412) vs_sbs=-0.15%
[epoch 35] update=180/1422 total=48528 loss=0.56688 KL=0.00831 lr=6.3e-06 samples/s=1906
[epoch 35] update=360/1422 total=48708 loss=0.56918 KL=0.00831 lr=6.3e-06 samples/s=1906
[epoch 35] update=540/1422 total=48888 loss=0.56951 KL=0.00831 lr=6.3e-06 samples/s=1809
[epoch 35] update=720/1422 total=49068 loss=0.56919 KL=0.00830 lr=6.3e-06 samples/s=1794
[epoch 35] update=900/1422 total=49248 loss=0.56887 KL=0.00829 lr=6.3e-06 samples/s=1781
[epoch 35] update=1080/1422 total=49428 loss=0.56867 KL=0.00828 lr=6.3e-06 samples/s=1764
[epoch 35] update=1260/1422 total=49608 loss=0.56898 KL=0.00830 lr=6.3e-06 samples/s=1756
[AMP retry] same batch; lower scale=65536.0
[epoch 35] update=1422/1422 total=49770 loss=0.56870 KL=0.00833 lr=6.3e-06 samples/s=1734
[R45B val epoch 35] macro_top1=0.4875 top2=0.8219 top3=0.9272 vs_sbs=-1.062% vbs_closed=+30.99%
       TSP: top1=0.377 mean_cost=7.9174 (sbs=7.9578) vs_sbs=-0.51%
      CVRP: top1=0.477 mean_cost=18.2074 (sbs=18.2943) vs_sbs=-0.48%
      ATSP: top1=0.787 mean_cost=1.6346 (sbs=1.6735) vs_sbs=-2.32%
      OVRP: top1=0.357 mean_cost=7.4547 (sbs=7.4617) vs_sbs=-0.09%
      VRPB: top1=0.554 mean_cost=9.3345 (sbs=9.3403) vs_sbs=-0.06%
      VRPL: top1=0.319 mean_cost=12.4017 (sbs=12.4072) vs_sbs=-0.04%
     VRPTW: top1=0.461 mean_cost=17.8904 (sbs=18.6571) vs_sbs=-4.11%
    OVRPTW: top1=0.513 mean_cost=10.0399 (sbs=10.0484) vs_sbs=-0.08%
     OVRPB: top1=0.574 mean_cost=6.3184 (sbs=6.3220) vs_sbs=-0.06%
     OVRPL: top1=0.395 mean_cost=7.4316 (sbs=7.4376) vs_sbs=-0.08%
     VRPBL: top1=0.536 mean_cost=9.3584 (sbs=9.3593) vs_sbs=-0.01%
    VRPBTW: top1=0.438 mean_cost=19.0351 (sbs=19.6697) vs_sbs=-3.23%
    VRPLTW: top1=0.460 mean_cost=17.6225 (sbs=18.5091) vs_sbs=-4.79%
    OVRPBL: top1=0.595 mean_cost=6.3014 (sbs=6.3103) vs_sbs=-0.14%
   OVRPBTW: top1=0.484 mean_cost=10.5046 (sbs=10.5068) vs_sbs=-0.02%
   OVRPLTW: top1=0.516 mean_cost=10.1253 (sbs=10.1272) vs_sbs=-0.02%
   VRPBLTW: top1=0.428 mean_cost=18.9431 (sbs=19.5198) vs_sbs=-2.95%
  OVRPBLTW: top1=0.504 mean_cost=10.5282 (sbs=10.5412) vs_sbs=-0.12%
[epoch 36] update=180/1422 total=49950 loss=0.56956 KL=0.00841 lr=6.3e-06 samples/s=1905
[epoch 36] update=360/1422 total=50130 loss=0.56769 KL=0.00856 lr=6.3e-06 samples/s=1895
[epoch 36] update=540/1422 total=50310 loss=0.56608 KL=0.00861 lr=6.3e-06 samples/s=1897
[epoch 36] update=720/1422 total=50490 loss=0.56723 KL=0.00856 lr=6.3e-06 samples/s=1892
[epoch 36] update=900/1422 total=50670 loss=0.56751 KL=0.00851 lr=6.3e-06 samples/s=1896
[epoch 36] update=1080/1422 total=50850 loss=0.56813 KL=0.00848 lr=6.3e-06 samples/s=1899
[epoch 36] update=1260/1422 total=51030 loss=0.56878 KL=0.00850 lr=6.3e-06 samples/s=1898
[epoch 36] update=1422/1422 total=51192 loss=0.56849 KL=0.00850 lr=6.3e-06 samples/s=1884
[R45B val epoch 36] macro_top1=0.4867 top2=0.8231 top3=0.9271 vs_sbs=-1.060% vbs_closed=+30.81%
       TSP: top1=0.373 mean_cost=7.9173 (sbs=7.9578) vs_sbs=-0.51%
      CVRP: top1=0.478 mean_cost=18.2071 (sbs=18.2943) vs_sbs=-0.48%
      ATSP: top1=0.784 mean_cost=1.6349 (sbs=1.6735) vs_sbs=-2.31%
      OVRP: top1=0.354 mean_cost=7.4555 (sbs=7.4617) vs_sbs=-0.08%
      VRPB: top1=0.552 mean_cost=9.3349 (sbs=9.3403) vs_sbs=-0.06%
      VRPL: top1=0.317 mean_cost=12.4036 (sbs=12.4072) vs_sbs=-0.03%
     VRPTW: top1=0.449 mean_cost=17.8941 (sbs=18.6571) vs_sbs=-4.09%
    OVRPTW: top1=0.512 mean_cost=10.0405 (sbs=10.0484) vs_sbs=-0.08%
     OVRPB: top1=0.581 mean_cost=6.3164 (sbs=6.3220) vs_sbs=-0.09%
     OVRPL: top1=0.398 mean_cost=7.4313 (sbs=7.4376) vs_sbs=-0.08%
     VRPBL: top1=0.533 mean_cost=9.3583 (sbs=9.3593) vs_sbs=-0.01%
    VRPBTW: top1=0.441 mean_cost=19.0331 (sbs=19.6697) vs_sbs=-3.24%
    VRPLTW: top1=0.463 mean_cost=17.6254 (sbs=18.5091) vs_sbs=-4.77%
    OVRPBL: top1=0.593 mean_cost=6.3013 (sbs=6.3103) vs_sbs=-0.14%
   OVRPBTW: top1=0.481 mean_cost=10.5060 (sbs=10.5068) vs_sbs=-0.01%
   OVRPLTW: top1=0.511 mean_cost=10.1260 (sbs=10.1272) vs_sbs=-0.01%
   VRPBLTW: top1=0.430 mean_cost=18.9436 (sbs=19.5198) vs_sbs=-2.95%
  OVRPBLTW: top1=0.511 mean_cost=10.5267 (sbs=10.5412) vs_sbs=-0.14%
[epoch 37] update=180/1422 total=51372 loss=0.56940 KL=0.00840 lr=3.1e-06 samples/s=1916
[epoch 37] update=360/1422 total=51552 loss=0.56785 KL=0.00844 lr=3.1e-06 samples/s=1923
[epoch 37] update=540/1422 total=51732 loss=0.56676 KL=0.00842 lr=3.1e-06 samples/s=1924
[epoch 37] update=720/1422 total=51912 loss=0.56795 KL=0.00842 lr=3.1e-06 samples/s=1923
[epoch 37] update=900/1422 total=52092 loss=0.56758 KL=0.00847 lr=3.1e-06 samples/s=1919
[AMP retry] same batch; lower scale=65536.0
[epoch 37] update=1080/1422 total=52272 loss=0.56750 KL=0.00844 lr=3.1e-06 samples/s=1913
[epoch 37] update=1260/1422 total=52452 loss=0.56784 KL=0.00845 lr=3.1e-06 samples/s=1911
[epoch 37] update=1422/1422 total=52614 loss=0.56782 KL=0.00843 lr=3.1e-06 samples/s=1898
[R45B val epoch 37] macro_top1=0.4887 top2=0.8231 top3=0.9271 vs_sbs=-1.060% vbs_closed=+30.91%
       TSP: top1=0.374 mean_cost=7.9158 (sbs=7.9578) vs_sbs=-0.53%
      CVRP: top1=0.479 mean_cost=18.2047 (sbs=18.2943) vs_sbs=-0.49%
      ATSP: top1=0.783 mean_cost=1.6347 (sbs=1.6735) vs_sbs=-2.32%
      OVRP: top1=0.354 mean_cost=7.4550 (sbs=7.4617) vs_sbs=-0.09%
      VRPB: top1=0.556 mean_cost=9.3349 (sbs=9.3403) vs_sbs=-0.06%
      VRPL: top1=0.319 mean_cost=12.4038 (sbs=12.4072) vs_sbs=-0.03%
     VRPTW: top1=0.460 mean_cost=17.8948 (sbs=18.6571) vs_sbs=-4.09%
    OVRPTW: top1=0.512 mean_cost=10.0412 (sbs=10.0484) vs_sbs=-0.07%
     OVRPB: top1=0.574 mean_cost=6.3178 (sbs=6.3220) vs_sbs=-0.07%
     OVRPL: top1=0.404 mean_cost=7.4305 (sbs=7.4376) vs_sbs=-0.10%
     VRPBL: top1=0.533 mean_cost=9.3581 (sbs=9.3593) vs_sbs=-0.01%
    VRPBTW: top1=0.439 mean_cost=19.0421 (sbs=19.6697) vs_sbs=-3.19%
    VRPLTW: top1=0.471 mean_cost=17.6196 (sbs=18.5091) vs_sbs=-4.81%
    OVRPBL: top1=0.587 mean_cost=6.3030 (sbs=6.3103) vs_sbs=-0.12%
   OVRPBTW: top1=0.492 mean_cost=10.5027 (sbs=10.5068) vs_sbs=-0.04%
   OVRPLTW: top1=0.517 mean_cost=10.1254 (sbs=10.1272) vs_sbs=-0.02%
   VRPBLTW: top1=0.431 mean_cost=18.9440 (sbs=19.5198) vs_sbs=-2.95%
  OVRPBLTW: top1=0.512 mean_cost=10.5281 (sbs=10.5412) vs_sbs=-0.12%
[epoch 38] update=180/1422 total=52794 loss=0.56813 KL=0.00844 lr=3.1e-06 samples/s=1906
[epoch 38] update=360/1422 total=52974 loss=0.56745 KL=0.00848 lr=3.1e-06 samples/s=1915
[epoch 38] update=540/1422 total=53154 loss=0.56692 KL=0.00855 lr=3.1e-06 samples/s=1917
[epoch 38] update=720/1422 total=53334 loss=0.56744 KL=0.00858 lr=3.1e-06 samples/s=1913
[epoch 38] update=900/1422 total=53514 loss=0.56775 KL=0.00859 lr=3.1e-06 samples/s=1916
[epoch 38] update=1080/1422 total=53694 loss=0.56758 KL=0.00858 lr=3.1e-06 samples/s=1915
[epoch 38] update=1260/1422 total=53874 loss=0.56765 KL=0.00856 lr=3.1e-06 samples/s=1915
[epoch 38] update=1422/1422 total=54036 loss=0.56749 KL=0.00857 lr=3.1e-06 samples/s=1900
[R45B val epoch 38] macro_top1=0.4895 top2=0.8226 top3=0.9270 vs_sbs=-1.064% vbs_closed=+31.21%
       TSP: top1=0.372 mean_cost=7.9164 (sbs=7.9578) vs_sbs=-0.52%
      CVRP: top1=0.474 mean_cost=18.2054 (sbs=18.2943) vs_sbs=-0.49%
      ATSP: top1=0.788 mean_cost=1.6346 (sbs=1.6735) vs_sbs=-2.32%
      OVRP: top1=0.355 mean_cost=7.4542 (sbs=7.4617) vs_sbs=-0.10%
      VRPB: top1=0.559 mean_cost=9.3329 (sbs=9.3403) vs_sbs=-0.08%
      VRPL: top1=0.319 mean_cost=12.4028 (sbs=12.4072) vs_sbs=-0.04%
     VRPTW: top1=0.466 mean_cost=17.8880 (sbs=18.6571) vs_sbs=-4.12%
    OVRPTW: top1=0.513 mean_cost=10.0420 (sbs=10.0484) vs_sbs=-0.06%
     OVRPB: top1=0.576 mean_cost=6.3180 (sbs=6.3220) vs_sbs=-0.06%
     OVRPL: top1=0.403 mean_cost=7.4308 (sbs=7.4376) vs_sbs=-0.09%
     VRPBL: top1=0.531 mean_cost=9.3580 (sbs=9.3593) vs_sbs=-0.01%
    VRPBTW: top1=0.445 mean_cost=19.0413 (sbs=19.6697) vs_sbs=-3.20%
    VRPLTW: top1=0.470 mean_cost=17.6175 (sbs=18.5091) vs_sbs=-4.82%
    OVRPBL: top1=0.592 mean_cost=6.3012 (sbs=6.3103) vs_sbs=-0.14%
   OVRPBTW: top1=0.490 mean_cost=10.5044 (sbs=10.5068) vs_sbs=-0.02%
   OVRPLTW: top1=0.518 mean_cost=10.1253 (sbs=10.1272) vs_sbs=-0.02%
   VRPBLTW: top1=0.431 mean_cost=18.9467 (sbs=19.5198) vs_sbs=-2.94%
  OVRPBLTW: top1=0.509 mean_cost=10.5278 (sbs=10.5412) vs_sbs=-0.13%
wandb:                                                                                
wandb: 
wandb: Run history:
wandb:                                    epoch ▁▁▁▂▂▂▂▂▃▃▃▃▃▃▄▄▄▄▄▅▅▅▅▅▆▆▆▆▆▆▇▇▇▇▇███
wandb:                   optimization/all_pairs █▄▃▃▂▂▂▂▂▂▂▂▂▂▂▁▁▁▁▁▁▁▁▁▁▁▁▁▁▁▁▁▁▁▁▁▁▁
wandb:                 optimization/amp_skipped ▁▁▂▂▂▂▃▃▃▃▃▄▄▄▄▄▄▄▅▅▅▅▅▆▆▆▆▆▆▆▇▇▇▇████
wandb:                          optimization/ce █▃▃▃▂▂▂▂▂▂▂▂▂▂▂▂▂▂▁▁▁▁▁▁▁▁▁▁▁▁▁▁▁▁▁▁▁▁
wandb:                         optimization/cmp █▄▄▃▃▃▂▂▂▂▂▂▂▂▂▂▂▂▁▁▁▁▁▁▁▁▁▁▁▁▁▁▁▁▁▁▁▁
wandb:          optimization/consistency_weight ▁▅████████████████████████████████████
wandb:                   optimization/grad_norm ███▅▄▄▄▄▄▄▄▃▄▃▃▃▃▃▁▂▂▂▂▁▂▂▂▂▂▂▂▂▂▂▂▂▂▂
wandb:                          optimization/kl ▅█▄▃▂▂▂▂▁▁▁▁▁▁▁▁▁▁▁▁▁▂▂▂▂▂▂▂▂▃▃▃▃▃▃▃▃▃
wandb:                        optimization/loss █▃▃▃▂▂▂▂▂▂▂▂▂▂▂▂▂▂▁▁▁▁▁▁▁▁▁▁▁▁▁▁▁▁▁▁▁▁
wandb:                          optimization/lr ▃▆████████████████▄▄▄▄▄▃▃▃▃▂▂▂▂▂▂▁▁▁▁▁
wandb:             optimization/peak_memory_gib ▁▁▁▁▁▁▁▁▁▁▁▁▁▁▁▁▁▁▁▁█▁▁█▁▁▁▁▁▁▁▁▁▁▁▁▁▁
wandb:                       optimization/pred3 █▄▄▄▃▃▃▃▃▃▃▂▂▂▂▂▂▂▂▂▂▂▂▁▁▁▁▁▁▁▁▁▁▁▁▁▁▁
wandb:                        optimization/risk █▃▂▂▂▂▁▁▁▁▁▁▁▁▁▁▁▁▁▁▁▁▁▁▁▁▁▁▁▁▁▁▁▁▁▁▁▁
wandb:                     optimization/samples ▁▁▁▁▁▁▁▁▁▁▁▁▁▁▁▁▁▁▁▁▁▁▁▁▁▁▁▁▁▁▁▁▁▁▁▁▁▁
wandb:                     optimization/seconds ▆▂▃▃▅▄▄▃▂▄▃▇▂▆█▇▃▄▂▄▆▃▅██▂▂█▁▁▁▂▂▆▆▂▁▁
wandb:                       optimization/true3 █▅▄▄▃▃▃▃▃▃▃▂▂▂▂▂▂▂▂▂▂▂▂▁▁▁▁▁▁▁▁▁▁▁▁▁▁▁
wandb:                       successful_updates ▁▁▁▂▂▂▂▂▃▃▃▃▃▃▄▄▄▄▄▅▅▅▅▅▆▆▆▆▆▆▇▇▇▇▇███
wandb:       train_eval/macro_actual_regret_pct ▆█▃▂▂▁▁▁
wandb:                      train_eval/macro_ce ▇█▅▃▂▁▁▁
wandb:               train_eval/macro_mean_cost ▆█▃▂▂▁▁▁
wandb: train_eval/macro_reference_top2_accuracy ▁▁▄▅▇███
wandb:                    train_eval/macro_top1 ▂▁▅▆▇███
wandb:          train_eval/macro_top1_tie_aware ▂▁▅▆▇███
wandb:                    train_eval/macro_top2 ▄▁▆▇▇███
wandb:                    train_eval/macro_top3 ▄▁▆▇▇███
wandb:          train_eval/macro_true3_accuracy ▁▁▄▆▇▇██
wandb:      train_eval/macro_vbs_gap_closed_pct ▄▁▆▇▇███
wandb:           train_eval/macro_vs_oracle_pct ▆█▃▂▂▁▁▁
wandb:              train_eval/macro_vs_sbs_pct ▆█▃▂▂▁▁▁
wandb:              val/macro_actual_regret_pct █▃▃▃▂▂▂▂▂▃▁▁▁▂▁▁▂▂▁▁▁▁▁▁▁▁▁▁▁▁▁▁▁▁▁▁▁▁
wandb:                             val/macro_ce █▄▅▃▃▃▃▂▄▄▂▂▂▂▂▂▂▂▁▂▁▁▁▁▁▁▁▁▁▁▁▁▁▁▁▁▁▁
wandb:                      val/macro_mean_cost █▃▂▂▂▂▂▂▂▂▁▁▁▁▁▁▂▁▁▁▁▁▁▁▁▁▁▁▁▁▁▁▁▁▁▁▁▁
wandb:        val/macro_reference_top2_accuracy ▁▃▃▄▄▅▅▆▄▄▆▆▆▆▆▅▆▆▇▇▇▆█▇▇█▇███████████
wandb:                           val/macro_top1 ▁▄▄▅▅▅▅▆▅▄▇▆▇▇▇▆▇▆▇▇▇▇██▇█████████████
wandb:                 val/macro_top1_tie_aware ▁▄▄▅▅▅▅▆▅▄▇▆▇▇▇▆▇▆▇▇▇▇██▇█████████████
wandb:                           val/macro_top2 ▁▅▆▆▆▆▇▇▆▄▇▇▇▇▇▇▇▇█▇▇█████████████████
wandb:                           val/macro_top3 ▁▆▆▆▇▆▇▇▆▅▇▇▇▇▇▇▇▇████████████████████
wandb:                 val/macro_true3_accuracy ▁▄▄▅▅▆▆▇▅▅▇▇▆▇▇▆▇▆▇▇▇▇████████████████
wandb:             val/macro_vbs_gap_closed_pct ▁▆▆▆▆▇▆▇▆▅▇▇▇▇█▇▇▇████████████████████
wandb:                  val/macro_vs_oracle_pct █▃▃▂▂▂▂▂▂▃▁▁▁▂▁▁▂▁▁▁▁▁▁▁▁▁▁▁▁▁▁▁▁▁▁▁▁▁
wandb:                     val/macro_vs_sbs_pct █▃▃▃▂▂▂▂▂▃▁▁▁▂▁▁▂▁▁▁▁▁▁▁▁▁▁▁▁▁▁▁▁▁▁▁▁▁
wandb: 
wandb: Run summary:
wandb:                                    epoch 38
wandb:                   optimization/all_pairs 0.31002
wandb:                 optimization/amp_skipped 21
wandb:                          optimization/ce 1.054
wandb:                         optimization/cmp 0.47987
wandb:          optimization/consistency_weight 0.35
wandb:                   optimization/grad_norm 0.74181
wandb:                          optimization/kl 0.00857
wandb:                        optimization/loss 0.56749
wandb:                          optimization/lr 0.0
wandb:             optimization/peak_memory_gib 8.92794
wandb:                       optimization/pred3 0.5258
wandb:                        optimization/risk 1.38199
wandb:                     optimization/samples 180000
wandb:                     optimization/seconds 94.75394
wandb:                       optimization/true3 0.54169
wandb:                       successful_updates 54036
wandb:       train_eval/macro_actual_regret_pct 0.88632
wandb:                      train_eval/macro_ce 1.04931
wandb:               train_eval/macro_mean_cost 11.16885
wandb: train_eval/macro_reference_top2_accuracy 0.59959
wandb:                    train_eval/macro_top1 0.50271
wandb:          train_eval/macro_top1_tie_aware 0.50361
wandb:                    train_eval/macro_top2 0.82948
wandb:                    train_eval/macro_top3 0.93434
wandb:          train_eval/macro_true3_accuracy 0.71351
wandb:      train_eval/macro_vbs_gap_closed_pct 33.82053
wandb:           train_eval/macro_vs_oracle_pct 0.8572
wandb:              train_eval/macro_vs_sbs_pct -1.1309
wandb:              val/macro_actual_regret_pct 0.93472
wandb:                             val/macro_ce 1.09084
wandb:                      val/macro_mean_cost 11.1693
wandb:        val/macro_reference_top2_accuracy 0.58824
wandb:                           val/macro_top1 0.4895
wandb:                 val/macro_top1_tie_aware 0.49028
wandb:                           val/macro_top2 0.82256
wandb:                           val/macro_top3 0.927
wandb:                 val/macro_true3_accuracy 0.70517
wandb:             val/macro_vbs_gap_closed_pct 31.21234
wandb:                  val/macro_vs_oracle_pct 0.89897
wandb:                     val/macro_vs_sbs_pct -1.0643
wandb: 
wandb: You can sync this run to the cloud by running:
wandb: wandb sync code/V4/runs/R45_solver_code_embeddings/B_code_seed2/wandb/offline-run-20261008_221323-i4ht2hss
wandb: Find logs at: code/V4/runs/R45_solver_code_embeddings/B_code_seed2/wandb/offline-run-20261008_221323-i4ht2hss/logs
