wandb: Tracking run with wandb version 0.19.11
wandb: W&B syncing is set to `offline` in this directory. Run `wandb online` or set WANDB_MODE=online to enable cloud syncing.
/public/home/shiys/0selection2/code/V4/evaluate.py:33: FutureWarning: You are using `torch.load` with `weights_only=False` (the current default value), which uses the default pickle module implicitly. It is possible to construct malicious pickle data which will execute arbitrary code during unpickling (See https://github.com/pytorch/pytorch/blob/main/SECURITY.md#untrusted-models for more details). In a future release, the default value for `weights_only` will be flipped to `True`. This limits the functions that could be executed during unpickling. Arbitrary objects will no longer be allowed to be loaded via this mode unless they are explicitly allowlisted by the user via `torch.serialization.add_safe_globals`. We recommend you start setting `weights_only=True` for any use case where you don't have full control of the loaded file. Please open an issue on GitHub for any issues related to this experimental feature.
  ckpt = torch.load(ckpt_path, map_location=device)
TSP {'step': 0, 'loss': 1.4878885746002197, 'train_top1': 0.4375}
TSP {'step': 50, 'loss': 7.373341941274703e-05, 'train_top1': 1.0}
/public/home/shiys/0selection2/code/V4/evaluate.py:33: FutureWarning: You are using `torch.load` with `weights_only=False` (the current default value), which uses the default pickle module implicitly. It is possible to construct malicious pickle data which will execute arbitrary code during unpickling (See https://github.com/pytorch/pytorch/blob/main/SECURITY.md#untrusted-models for more details). In a future release, the default value for `weights_only` will be flipped to `True`. This limits the functions that could be executed during unpickling. Arbitrary objects will no longer be allowed to be loaded via this mode unless they are explicitly allowlisted by the user via `torch.serialization.add_safe_globals`. We recommend you start setting `weights_only=True` for any use case where you don't have full control of the loaded file. Please open an issue on GitHub for any issues related to this experimental feature.
  ckpt = torch.load(ckpt_path, map_location=device)
CVRP {'step': 0, 'loss': 1.6533523797988892, 'train_top1': 0.28125}
CVRP {'step': 50, 'loss': 0.00018397578969597816, 'train_top1': 1.0}
VRPTW {'step': 0, 'loss': 1.2591410875320435, 'train_top1': 0.515625}
VRPTW {'step': 50, 'loss': 8.161248842952773e-05, 'train_top1': 1.0}
wandb:                                                                                
wandb: 
wandb: Run history:
wandb:    CVRP/ce █▁
wandb:  CVRP/step ▁█
wandb:  CVRP/top1 ▁█
wandb:     TSP/ce █▁
wandb:   TSP/step ▁█
wandb:   TSP/top1 ▁█
wandb:   VRPTW/ce █▁
wandb: VRPTW/step ▁█
wandb: VRPTW/top1 ▁█
wandb: 
wandb: Run summary:
wandb:    CVRP/ce 0.00018
wandb:  CVRP/step 50
wandb:  CVRP/top1 1
wandb:     TSP/ce 7e-05
wandb:   TSP/step 50
wandb:   TSP/top1 1
wandb:   VRPTW/ce 8e-05
wandb: VRPTW/step 50
wandb: VRPTW/top1 1
wandb: 
wandb: You can sync this run to the cloud by running:
wandb: wandb sync /public/home/shiys/0selection2/code/V4/runs/diagnosis_20260930/wandb/offline-run-20260930_013909-d1ple5l8
wandb: Find logs at: ./code/V4/runs/diagnosis_20260930/wandb/offline-run-20260930_013909-d1ple5l8/logs
