[R57 probe] RELD_PAIR/original_1 OVRP/train rows=32
[R57 probe] RELD_PAIR/original_1 OVRP/val rows=64
[R57 probe] RELD_PAIR/original_1 VRPB/train rows=96
[R57 probe] RELD_PAIR/original_1 VRPB/val rows=128
[R57 probe] RELD_PAIR/original_1 VRPL/train rows=160
[R57 probe] RELD_PAIR/original_1 VRPL/val rows=192
[R57 probe] RELD_PAIR/original_1 VRPTW/train rows=224
[R57 probe] RELD_PAIR/original_1 VRPTW/val rows=256
[R57 probe] RELD_PAIR/original_1 OVRPTW/train rows=288
[R57 probe] RELD_PAIR/original_1 OVRPTW/val rows=320
[R57 probe] RELD_PAIR/original_1 OVRPB/train rows=352
[R57 probe] RELD_PAIR/original_1 OVRPB/val rows=384
[R57 probe] RELD_PAIR/original_1 OVRPL/train rows=416
[R57 probe] RELD_PAIR/original_1 OVRPL/val rows=448
[R57 probe] RELD_PAIR/original_1 VRPBL/train rows=480
[R57 probe] RELD_PAIR/original_1 VRPBL/val rows=512
[R57 probe] RELD_PAIR/original_1 VRPBTW/train rows=544
[R57 probe] RELD_PAIR/original_1 VRPBTW/val rows=576
[R57 probe] RELD_PAIR/original_1 VRPLTW/train rows=608
[R57 probe] RELD_PAIR/original_1 VRPLTW/val rows=640
[R57 probe] RELD_PAIR/original_1 OVRPBL/train rows=672
[R57 probe] RELD_PAIR/original_1 OVRPBL/val rows=704
[R57 probe] RELD_PAIR/original_1 OVRPBTW/train rows=736
[R57 probe] RELD_PAIR/original_1 OVRPBTW/val rows=768
[R57 probe] RELD_PAIR/original_1 OVRPLTW/train rows=800
[R57 probe] RELD_PAIR/original_1 OVRPLTW/val rows=832
[R57 probe] RELD_PAIR/original_1 VRPBLTW/train rows=864
[R57 probe] RELD_PAIR/original_1 VRPBLTW/val rows=896
[R57 probe] RELD_PAIR/original_1 OVRPBLTW/train rows=928
[R57 probe] RELD_PAIR/original_1 OVRPBLTW/val rows=960
