[R57 probe] RELD_PAIR/original_0 OVRP/train rows=32
[R57 probe] RELD_PAIR/original_0 OVRP/val rows=64
[R57 probe] RELD_PAIR/original_0 VRPB/train rows=96
[R57 probe] RELD_PAIR/original_0 VRPB/val rows=128
[R57 probe] RELD_PAIR/original_0 VRPL/train rows=160
[R57 probe] RELD_PAIR/original_0 VRPL/val rows=192
[R57 probe] RELD_PAIR/original_0 VRPTW/train rows=224
[R57 probe] RELD_PAIR/original_0 VRPTW/val rows=256
[R57 probe] RELD_PAIR/original_0 OVRPTW/train rows=288
[R57 probe] RELD_PAIR/original_0 OVRPTW/val rows=320
[R57 probe] RELD_PAIR/original_0 OVRPB/train rows=352
[R57 probe] RELD_PAIR/original_0 OVRPB/val rows=384
[R57 probe] RELD_PAIR/original_0 OVRPL/train rows=416
[R57 probe] RELD_PAIR/original_0 OVRPL/val rows=448
[R57 probe] RELD_PAIR/original_0 VRPBL/train rows=480
[R57 probe] RELD_PAIR/original_0 VRPBL/val rows=512
[R57 probe] RELD_PAIR/original_0 VRPBTW/train rows=544
[R57 probe] RELD_PAIR/original_0 VRPBTW/val rows=576
[R57 probe] RELD_PAIR/original_0 VRPLTW/train rows=608
[R57 probe] RELD_PAIR/original_0 VRPLTW/val rows=640
[R57 probe] RELD_PAIR/original_0 OVRPBL/train rows=672
[R57 probe] RELD_PAIR/original_0 OVRPBL/val rows=704
[R57 probe] RELD_PAIR/original_0 OVRPBTW/train rows=736
[R57 probe] RELD_PAIR/original_0 OVRPBTW/val rows=768
[R57 probe] RELD_PAIR/original_0 OVRPLTW/train rows=800
[R57 probe] RELD_PAIR/original_0 OVRPLTW/val rows=832
[R57 probe] RELD_PAIR/original_0 VRPBLTW/train rows=864
[R57 probe] RELD_PAIR/original_0 VRPBLTW/val rows=896
[R57 probe] RELD_PAIR/original_0 OVRPBLTW/train rows=928
[R57 probe] RELD_PAIR/original_0 OVRPBLTW/val rows=960
