[R57 probe] RELD_PAIR/original_0 OVRP/train rows=2
[R57 probe] RELD_PAIR/original_0 OVRP/val rows=4
[R57 probe] RELD_PAIR/original_0 VRPB/train rows=6
[R57 probe] RELD_PAIR/original_0 VRPB/val rows=8
[R57 probe] RELD_PAIR/original_0 VRPL/train rows=10
[R57 probe] RELD_PAIR/original_0 VRPL/val rows=12
[R57 probe] RELD_PAIR/original_0 VRPTW/train rows=14
[R57 probe] RELD_PAIR/original_0 VRPTW/val rows=16
[R57 probe] RELD_PAIR/original_0 OVRPTW/train rows=18
[R57 probe] RELD_PAIR/original_0 OVRPTW/val rows=20
[R57 probe] RELD_PAIR/original_0 OVRPB/train rows=22
[R57 probe] RELD_PAIR/original_0 OVRPB/val rows=24
[R57 probe] RELD_PAIR/original_0 OVRPL/train rows=26
[R57 probe] RELD_PAIR/original_0 OVRPL/val rows=28
[R57 probe] RELD_PAIR/original_0 VRPBL/train rows=30
[R57 probe] RELD_PAIR/original_0 VRPBL/val rows=32
[R57 probe] RELD_PAIR/original_0 VRPBTW/train rows=34
[R57 probe] RELD_PAIR/original_0 VRPBTW/val rows=36
[R57 probe] RELD_PAIR/original_0 VRPLTW/train rows=38
[R57 probe] RELD_PAIR/original_0 VRPLTW/val rows=40
[R57 probe] RELD_PAIR/original_0 OVRPBL/train rows=42
[R57 probe] RELD_PAIR/original_0 OVRPBL/val rows=44
[R57 probe] RELD_PAIR/original_0 OVRPBTW/train rows=46
[R57 probe] RELD_PAIR/original_0 OVRPBTW/val rows=48
[R57 probe] RELD_PAIR/original_0 OVRPLTW/train rows=50
[R57 probe] RELD_PAIR/original_0 OVRPLTW/val rows=52
[R57 probe] RELD_PAIR/original_0 VRPBLTW/train rows=54
[R57 probe] RELD_PAIR/original_0 VRPBLTW/val rows=56
[R57 probe] RELD_PAIR/original_0 OVRPBLTW/train rows=58
[R57 probe] RELD_PAIR/original_0 OVRPBLTW/val rows=60
