[R57 probe] RELD_PAIR/reassign_roles OVRP/train rows=32
[R57 probe] RELD_PAIR/reassign_roles OVRP/val rows=64
[R57 probe] RELD_PAIR/reassign_roles VRPB/train rows=96
[R57 probe] RELD_PAIR/reassign_roles VRPB/val rows=128
[R57 probe] RELD_PAIR/reassign_roles VRPL/train rows=160
[R57 probe] RELD_PAIR/reassign_roles VRPL/val rows=192
[R57 probe] RELD_PAIR/reassign_roles VRPTW/train rows=224
[R57 probe] RELD_PAIR/reassign_roles VRPTW/val rows=256
[R57 probe] RELD_PAIR/reassign_roles OVRPTW/train rows=288
[R57 probe] RELD_PAIR/reassign_roles OVRPTW/val rows=320
[R57 probe] RELD_PAIR/reassign_roles OVRPB/train rows=352
[R57 probe] RELD_PAIR/reassign_roles OVRPB/val rows=384
[R57 probe] RELD_PAIR/reassign_roles OVRPL/train rows=416
[R57 probe] RELD_PAIR/reassign_roles OVRPL/val rows=448
[R57 probe] RELD_PAIR/reassign_roles VRPBL/train rows=480
[R57 probe] RELD_PAIR/reassign_roles VRPBL/val rows=512
[R57 probe] RELD_PAIR/reassign_roles VRPBTW/train rows=544
[R57 probe] RELD_PAIR/reassign_roles VRPBTW/val rows=576
[R57 probe] RELD_PAIR/reassign_roles VRPLTW/train rows=608
[R57 probe] RELD_PAIR/reassign_roles VRPLTW/val rows=640
[R57 probe] RELD_PAIR/reassign_roles OVRPBL/train rows=672
[R57 probe] RELD_PAIR/reassign_roles OVRPBL/val rows=704
[R57 probe] RELD_PAIR/reassign_roles OVRPBTW/train rows=736
[R57 probe] RELD_PAIR/reassign_roles OVRPBTW/val rows=768
[R57 probe] RELD_PAIR/reassign_roles OVRPLTW/train rows=800
[R57 probe] RELD_PAIR/reassign_roles OVRPLTW/val rows=832
[R57 probe] RELD_PAIR/reassign_roles VRPBLTW/train rows=864
[R57 probe] RELD_PAIR/reassign_roles VRPBLTW/val rows=896
[R57 probe] RELD_PAIR/reassign_roles OVRPBLTW/train rows=928
[R57 probe] RELD_PAIR/reassign_roles OVRPBLTW/val rows=960
