[R56 gate] {"baseline": {"top1": 0.49116666666666664, "top2": 0.8244444444444444, "top3": 0.927611111111111, "mean_cost": 11.168516567489828, "vs_sbs_pct": -1.0700411390867897, "vs_oracle_pct": 0.8930994484085198, "actual_regret_pct": 0.9260483583286789}, "triggered": 10639, "n": 18000, "correctable_errors": 4177, "all_pair_errors": 4207, "gated_pair_errors": 4177, "diagnostic_top1_recovery_pp": 23.205555555555556, "diagnostic_regret_recovery_pp": 0.5142497339285419, "diagnostic_only": true, "gate_uses_labels": false, "diagnostic_regret_recovery_relative_pct": 55.53162848392213}
[cache] OVRP/train: 10000 instances, 33.9 MiB on cuda
[cache] VRPB/train: 10000 instances, 33.9 MiB on cuda
[cache] VRPL/train: 10000 instances, 33.9 MiB on cuda
[cache] VRPTW/train: 10000 instances, 33.9 MiB on cuda
[cache] OVRPTW/train: 10000 instances, 33.9 MiB on cuda
[cache] OVRPB/train: 10000 instances, 33.9 MiB on cuda
[cache] OVRPL/train: 10000 instances, 33.9 MiB on cuda
[cache] VRPBL/train: 10000 instances, 33.9 MiB on cuda
[cache] VRPBTW/train: 10000 instances, 33.9 MiB on cuda
[cache] VRPLTW/train: 10000 instances, 33.9 MiB on cuda
[cache] OVRPBL/train: 10000 instances, 33.9 MiB on cuda
[cache] OVRPBTW/train: 10000 instances, 33.9 MiB on cuda
[cache] OVRPLTW/train: 10000 instances, 33.9 MiB on cuda
[cache] VRPBLTW/train: 10000 instances, 33.9 MiB on cuda
[cache] OVRPBLTW/train: 10000 instances, 33.9 MiB on cuda
[cache] OVRP/val: 1000 instances, 3.4 MiB on cuda
[cache] VRPB/val: 1000 instances, 3.4 MiB on cuda
[cache] VRPL/val: 1000 instances, 3.4 MiB on cuda
[cache] VRPTW/val: 1000 instances, 3.4 MiB on cuda
[cache] OVRPTW/val: 1000 instances, 3.4 MiB on cuda
[cache] OVRPB/val: 1000 instances, 3.4 MiB on cuda
[cache] OVRPL/val: 1000 instances, 3.4 MiB on cuda
[cache] VRPBL/val: 1000 instances, 3.4 MiB on cuda
[cache] VRPBTW/val: 1000 instances, 3.4 MiB on cuda
[cache] VRPLTW/val: 1000 instances, 3.4 MiB on cuda
[cache] OVRPBL/val: 1000 instances, 3.4 MiB on cuda
[cache] OVRPBTW/val: 1000 instances, 3.4 MiB on cuda
[cache] OVRPLTW/val: 1000 instances, 3.4 MiB on cuda
[cache] VRPBLTW/val: 1000 instances, 3.4 MiB on cuda
[cache] OVRPBLTW/val: 1000 instances, 3.4 MiB on cuda
[R56 precheck] {"checks": [{"problem": "OVRP", "label_isolation": true, "padding_error": 2.9802322387695312e-08, "permutation_error": 4.470348358154297e-08, "initial_relation_asymmetry": 0.12443456798791885, "per_layer_relation_change": [0.3818729519844055, 0.5134409070014954, 0.5096820592880249, 0.5594140887260437], "gradients": {"encoder": 2.3887104988098145, "head": 1.8088728189468384, "source": 0.009842620231211185, "target": 0.008897786028683186, "relation_bias": [0.020642712712287903, 0.01654251106083393, 0.007933276705443859, 0.004023547284305096], "relation_gate": [0.04626929387450218, 0.017695214599370956, 0.040161170065402985, 0.025691047310829163], "persistent_update": [0.0076395198702812195, 0.006317488383501768, 0.004848529119044542]}}, {"problem": "VRPB", "label_isolation": true, "padding_error": 4.470348358154297e-08, "permutation_error": 8.940696716308594e-08, "initial_relation_asymmetry": 0.1433841437101364, "per_layer_relation_change": [0.3929120898246765, 0.4531005620956421, 0.4719090163707733, 0.49277883768081665], "gradients": {"encoder": 0.45243701338768005, "head": 0.18853788077831268, "source": 0.0033074060920625925, "target": 0.0023720101453363895, "relation_bias": [0.0038349025417119265, 0.002463230397552252, 0.0036453173961490393, 0.0032176149543374777], "relation_gate": [0.009978504851460457, 0.006002540234476328, 0.0073627508245408535, 0.004423839971423149], "persistent_update": [0.002219447633251548, 0.001416385406628251, 0.0009344205027446151]}}, {"problem": "OVRPBLTW", "label_isolation": true, "padding_error": 0.0, "permutation_error": 5.960464477539063e-08, "initial_relation_asymmetry": 0.3152753710746765, "per_layer_relation_change": [0.5151522755622864, 0.4472639560699463, 0.4097253084182739, 0.5761485695838928], "gradients": {"encoder": 0.3345237970352173, "head": 0.2063961625099182, "source": 0.002771715633571148, "target": 0.0019531811121851206, "relation_bias": [0.0030745211988687515, 0.0022359814029186964, 0.0014241104945540428, 0.0013471978018060327], "relation_gate": [0.005210252478718758, 0.004525243770331144, 0.004374044016003609, 0.0030523594468832016], "persistent_update": [0.0014263659249991179, 0.0006790730985812843, 0.00038254124228842556]}}], "maximum_size_update": {"problem": "OVRP", "batch": 128, "n_max": 101, "loss": 0.6964828968048096, "grad_norm": 0.2914253771305084, "retries": 0}, "peak_allocated_gib": 8.780847072601318, "parameters": 884225, "no_solver_parameters": true, "terminal_edge_output_not_in_node_only_bce": true}
wandb: Tracking run with wandb version 0.19.11
wandb: W&B syncing is set to `offline` in this directory. Run `wandb online` or set WANDB_MODE=online to enable cloud syncing.
[R56] epoch=1 successful_update=200 lr=5.63e-06 BCE=0.69798
[R56] epoch=1 successful_update=400 lr=1.13e-05 BCE=0.70409
[R56] epoch=1 successful_update=600 lr=1.69e-05 BCE=0.68330
[R56] epoch=1 successful_update=800 lr=2.25e-05 BCE=0.69687
[R56] epoch=1 successful_update=1000 lr=2.81e-05 BCE=0.69171
[R56] epoch=1 val Top1=47.3611% actual_regret=0.990452% binary_acc=53.470% best=0.990452% time=209.7s stop=False
[R56] epoch=2 successful_update=1200 lr=3.38e-05 BCE=0.70194
[R56] epoch=2 successful_update=1400 lr=3.94e-05 BCE=0.68511
[R56] epoch=2 successful_update=1600 lr=4.5e-05 BCE=0.69628
[R56] epoch=2 successful_update=1800 lr=5.06e-05 BCE=0.70139
[R56] epoch=2 successful_update=2000 lr=5.63e-05 BCE=0.71349
[R56] epoch=2 successful_update=2200 lr=6.19e-05 BCE=0.69966
[R56] epoch=2 val Top1=48.4000% actual_regret=0.948485% binary_acc=55.110% best=0.948485% time=211.1s stop=False
[R56] epoch=3 successful_update=2400 lr=6.75e-05 BCE=0.67171
[R56] epoch=3 successful_update=2600 lr=7.31e-05 BCE=0.68922
[R56] epoch=3 successful_update=2800 lr=7.88e-05 BCE=0.68623
[R56] epoch=3 successful_update=3000 lr=8.44e-05 BCE=0.69185
[R56] epoch=3 successful_update=3200 lr=9e-05 BCE=0.67624
[R56] epoch=3 successful_update=3400 lr=9.56e-05 BCE=0.66514
[R56] epoch=3 val Top1=46.9333% actual_regret=1.065872% binary_acc=51.670% best=0.948485% time=211.5s stop=False
[R56] epoch=4 successful_update=3600 lr=0.0001 BCE=0.69929
[R56] epoch=4 successful_update=3800 lr=0.0001 BCE=0.68067
[R56] epoch=4 successful_update=4000 lr=0.0001 BCE=0.67275
[R56] epoch=4 successful_update=4200 lr=0.0001 BCE=0.68696
[R56] epoch=4 successful_update=4400 lr=0.0001 BCE=0.68996
[R56] epoch=4 successful_update=4600 lr=0.0001 BCE=0.66873
[R56] epoch=4 val Top1=48.4500% actual_regret=0.951930% binary_acc=55.217% best=0.948485% time=212.6s stop=False
[R56] epoch=5 successful_update=4800 lr=0.0001 BCE=0.66635
[R56] epoch=5 successful_update=5000 lr=0.0001 BCE=0.65102
[R56] epoch=5 successful_update=5200 lr=0.0001 BCE=0.65474
[R56] epoch=5 successful_update=5400 lr=0.0001 BCE=0.64975
[R56] epoch=5 successful_update=5600 lr=0.0001 BCE=0.70084
[R56] epoch=5 successful_update=5800 lr=0.0001 BCE=0.69700
[R56] epoch=5 val Top1=48.1722% actual_regret=0.940574% binary_acc=54.990% best=0.940574% time=277.9s stop=False
[R56] epoch=6 successful_update=6000 lr=0.0001 BCE=0.68445
[R56] epoch=6 successful_update=6200 lr=0.0001 BCE=0.66048
[R56] epoch=6 successful_update=6400 lr=0.0001 BCE=0.67601
[R56] epoch=6 successful_update=6600 lr=0.0001 BCE=0.64611
[R56] epoch=6 successful_update=6800 lr=0.0001 BCE=0.68417
[R56] epoch=6 successful_update=7000 lr=0.0001 BCE=0.65303
[R56] epoch=6 val Top1=48.2333% actual_regret=0.968568% binary_acc=55.090% best=0.940574% time=213.7s stop=False
[R56] epoch=7 successful_update=7200 lr=0.0001 BCE=0.67486
[R56] epoch=7 successful_update=7400 lr=0.0001 BCE=0.67911
[R56] epoch=7 successful_update=7600 lr=0.0001 BCE=0.67058
[R56] epoch=7 successful_update=7800 lr=0.0001 BCE=0.69504
[R56] epoch=7 successful_update=8000 lr=0.0001 BCE=0.68961
[R56] epoch=7 successful_update=8200 lr=0.0001 BCE=0.68825
[R56] epoch=7 val Top1=47.8056% actual_regret=0.951100% binary_acc=54.504% best=0.940574% time=213.9s stop=False
[R56] epoch=8 successful_update=8400 lr=0.0001 BCE=0.67131
[R56] epoch=8 successful_update=8600 lr=0.0001 BCE=0.68309
[R56] epoch=8 successful_update=8800 lr=0.0001 BCE=0.68203
[R56] epoch=8 successful_update=9000 lr=0.0001 BCE=0.67272
[R56] epoch=8 successful_update=9200 lr=0.0001 BCE=0.65617
[R56] epoch=8 successful_update=9400 lr=0.0001 BCE=0.68687
[R56] epoch=8 val Top1=48.4944% actual_regret=0.963500% binary_acc=55.497% best=0.940574% time=211.0s stop=False
[R56] epoch=9 successful_update=9600 lr=5e-05 BCE=0.67084
[R56] epoch=9 successful_update=9800 lr=5e-05 BCE=0.66580
[R56] epoch=9 successful_update=10000 lr=5e-05 BCE=0.68116
[R56] epoch=9 successful_update=10200 lr=5e-05 BCE=0.68267
[R56] epoch=9 successful_update=10400 lr=5e-05 BCE=0.66167
[R56] epoch=9 successful_update=10600 lr=5e-05 BCE=0.67686
[R56] epoch=9 val Top1=48.7500% actual_regret=0.935387% binary_acc=56.097% best=0.935387% time=209.6s stop=False
[R56] epoch=10 successful_update=10800 lr=5e-05 BCE=0.68629
[R56] epoch=10 successful_update=11000 lr=5e-05 BCE=0.66549
[R56] epoch=10 successful_update=11200 lr=5e-05 BCE=0.69964
[R56] epoch=10 successful_update=11400 lr=5e-05 BCE=0.68115
[R56] epoch=10 successful_update=11600 lr=5e-05 BCE=0.63937
[R56] epoch=10 successful_update=11800 lr=5e-05 BCE=0.66758
[R56] epoch=10 val Top1=49.0111% actual_regret=0.932960% binary_acc=56.057% best=0.932960% time=273.8s stop=False
[R56] epoch=11 successful_update=12000 lr=5e-05 BCE=0.66233
[R56] epoch=11 successful_update=12200 lr=5e-05 BCE=0.66004
[R56] epoch=11 successful_update=12400 lr=5e-05 BCE=0.64258
[R56] epoch=11 successful_update=12600 lr=5e-05 BCE=0.66464
[R56] epoch=11 successful_update=12800 lr=5e-05 BCE=0.68621
[R56] epoch=11 successful_update=13000 lr=5e-05 BCE=0.69634
[R56] epoch=11 val Top1=48.7667% actual_regret=0.944641% binary_acc=56.197% best=0.932960% time=211.0s stop=False
[R56] epoch=12 successful_update=13200 lr=5e-05 BCE=0.65006
[R56] epoch=12 successful_update=13400 lr=5e-05 BCE=0.63918
[R56] epoch=12 successful_update=13600 lr=5e-05 BCE=0.65005
[R56] epoch=12 successful_update=13800 lr=5e-05 BCE=0.64865
[R56] epoch=12 successful_update=14000 lr=5e-05 BCE=0.67580
[R56] epoch=12 successful_update=14200 lr=5e-05 BCE=0.70526
[R56] epoch=12 val Top1=48.8889% actual_regret=0.938638% binary_acc=56.344% best=0.932960% time=212.2s stop=False
[R56] epoch=13 successful_update=14400 lr=5e-05 BCE=0.64387
[R56] epoch=13 successful_update=14600 lr=5e-05 BCE=0.68296
[R56] epoch=13 successful_update=14800 lr=5e-05 BCE=0.64305
[R56] epoch=13 successful_update=15000 lr=5e-05 BCE=0.64402
[R56] epoch=13 successful_update=15200 lr=5e-05 BCE=0.65488
[R56] epoch=13 successful_update=15400 lr=5e-05 BCE=0.65725
[R56] epoch=13 val Top1=48.6000% actual_regret=0.952791% binary_acc=55.684% best=0.932960% time=212.4s stop=False
[R56] epoch=14 successful_update=15600 lr=2.5e-05 BCE=0.67215
[R56] epoch=14 successful_update=15800 lr=2.5e-05 BCE=0.68167
[R56] epoch=14 successful_update=16000 lr=2.5e-05 BCE=0.58973
[R56] epoch=14 successful_update=16200 lr=2.5e-05 BCE=0.68731
[R56] epoch=14 successful_update=16400 lr=2.5e-05 BCE=0.68730
[AMP retry] same batch, scale 262144.0->131072.0
[R56] epoch=14 val Top1=48.8333% actual_regret=0.944720% binary_acc=56.284% best=0.932960% time=213.4s stop=False
[R56] epoch=15 successful_update=16600 lr=2.5e-05 BCE=0.67709
[R56] epoch=15 successful_update=16800 lr=2.5e-05 BCE=0.63943
[R56] epoch=15 successful_update=17000 lr=2.5e-05 BCE=0.68332
[R56] epoch=15 successful_update=17200 lr=2.5e-05 BCE=0.67676
[R56] epoch=15 successful_update=17400 lr=2.5e-05 BCE=0.63567
[R56] epoch=15 successful_update=17600 lr=2.5e-05 BCE=0.67106
[R56] epoch=15 val Top1=48.9667% actual_regret=0.940416% binary_acc=56.390% best=0.932960% time=279.3s stop=False
[R56] epoch=16 successful_update=17800 lr=2.5e-05 BCE=0.68238
[R56] epoch=16 successful_update=18000 lr=2.5e-05 BCE=0.65505
[R56] epoch=16 successful_update=18200 lr=2.5e-05 BCE=0.68438
[R56] epoch=16 successful_update=18400 lr=2.5e-05 BCE=0.68692
[R56] epoch=16 successful_update=18600 lr=2.5e-05 BCE=0.66505
[R56] epoch=16 successful_update=18800 lr=2.5e-05 BCE=0.64994
[R56] epoch=16 val Top1=49.0444% actual_regret=0.936737% binary_acc=56.450% best=0.932960% time=212.4s stop=False
[R56] epoch=17 successful_update=19000 lr=1.25e-05 BCE=0.67625
[R56] epoch=17 successful_update=19200 lr=1.25e-05 BCE=0.70641
[R56] epoch=17 successful_update=19400 lr=1.25e-05 BCE=0.66660
[R56] epoch=17 successful_update=19600 lr=1.25e-05 BCE=0.63488
[R56] epoch=17 successful_update=19800 lr=1.25e-05 BCE=0.64683
[R56] epoch=17 successful_update=20000 lr=1.25e-05 BCE=0.67221
[AMP retry] same batch, scale 262144.0->131072.0
[R56] epoch=17 val Top1=48.9222% actual_regret=0.943874% binary_acc=56.270% best=0.932960% time=209.8s stop=False
[R56] epoch=18 successful_update=20200 lr=1.25e-05 BCE=0.64018
[R56] epoch=18 successful_update=20400 lr=1.25e-05 BCE=0.67115
[R56] epoch=18 successful_update=20600 lr=1.25e-05 BCE=0.69227
[R56] epoch=18 successful_update=20800 lr=1.25e-05 BCE=0.65501
[R56] epoch=18 successful_update=21000 lr=1.25e-05 BCE=0.66425
[R56] epoch=18 successful_update=21200 lr=1.25e-05 BCE=0.64198
[R56] epoch=18 val Top1=49.0667% actual_regret=0.937487% binary_acc=56.364% best=0.932960% time=273.8s stop=True
wandb:                                                                                
wandb: 
wandb: Run history:
wandb:                   epoch ▁▁▂▂▃▃▃▄▄▅▅▆▆▆▇▇██
wandb:  gpu_peak_allocated_gib ▁▁▁▁▁▁▁▁▁▁▁▁▁▁▁▁▁▁
wandb:               grad_norm █▆▃▁▁▁▁▁▁▂▂▂▂▃▃▃▃▄
wandb:           learning_rate ▃▅██████▄▄▄▄▄▂▂▂▁▁
wandb:                    loss █▆▅▅▄▄▃▃▃▂▂▂▂▂▁▁▁▁
wandb:      samples_per_second ████▁▇▇██▁████▁██▁
wandb: specialist_val_accuracy ▄▆▁▆▆▆▅▇▇▇██▇█████
wandb:       specialist_val_ce ▆▃█▄▃▃▃▂▂▂▁▁▂▁▁▁▁▁
wandb:      successful_updates ▁▁▂▂▃▃▃▄▄▅▅▆▆▆▇▇██
wandb:   val_actual_regret_pct ▄▂█▂▁▃▂▃▁▁▂▁▂▂▁▁▂▁
wandb:                val_top1 ▂▆▁▆▅▅▄▆▇█▇▇▆▇████
wandb: 
wandb: Run summary:
wandb:                 best_epoch 10
wandb: best_val_actual_regret_pct 0.93296
wandb:                      epoch 18
wandb:                final_epoch 18
wandb:     gpu_peak_allocated_gib 8.78085
wandb:                  grad_norm 0.34725
wandb:              learning_rate 1e-05
wandb:                       loss 0.66712
wandb:         samples_per_second 547.82518
wandb:    specialist_val_accuracy 0.56364
wandb:          specialist_val_ce 0.67115
wandb:         successful_updates 21330
wandb:      val_actual_regret_pct 0.93749
wandb:                   val_top1 0.49067
wandb: 
wandb: You can sync this run to the cloud by running:
wandb: wandb sync /public/home/shiys/0selection2/code/V4/runs/R56_relational_encoder/relational_seed2/wandb/offline-run-20261010_185608-fjzqh0mb
wandb: Find logs at: ./code/V4/runs/R56_relational_encoder/relational_seed2/wandb/offline-run-20261010_185608-fjzqh0mb/logs
[cache] OVRP/test: 1000 instances, 3.4 MiB on cuda
[cache] VRPB/test: 1000 instances, 3.4 MiB on cuda
[cache] VRPL/test: 1000 instances, 3.4 MiB on cuda
[cache] VRPTW/test: 1000 instances, 3.4 MiB on cuda
[cache] OVRPTW/test: 1000 instances, 3.4 MiB on cuda
[cache] OVRPB/test: 1000 instances, 3.4 MiB on cuda
[cache] OVRPL/test: 1000 instances, 3.4 MiB on cuda
[cache] VRPBL/test: 1000 instances, 3.4 MiB on cuda
[cache] VRPBTW/test: 1000 instances, 3.4 MiB on cuda
[cache] VRPLTW/test: 1000 instances, 3.4 MiB on cuda
[cache] OVRPBL/test: 1000 instances, 3.4 MiB on cuda
[cache] OVRPBTW/test: 1000 instances, 3.4 MiB on cuda
[cache] OVRPLTW/test: 1000 instances, 3.4 MiB on cuda
[cache] VRPBLTW/test: 1000 instances, 3.4 MiB on cuda
[cache] OVRPBLTW/test: 1000 instances, 3.4 MiB on cuda
{
  "screens": {
    "val": {
      "top1_delta_pp": -0.10555555555554763,
      "regret_relative_reduction_pct": -0.7463820805353905,
      "meets_predeclared_screen": false
    },
    "test": {
      "top1_delta_pp": -0.35555555555555896,
      "regret_relative_reduction_pct": -1.5805557252875246,
      "meets_predeclared_screen": false
    }
  },
  "full18_prediction_replay": true
}
