[01:04:54] 实验开始，输出目录: /public/home/zhoucl/shiys/2cmab2/outputs/2026-04-02_neural_linucb_anticollapse_5k_seed0
[01:04:54] 开始构建共享数据集
[01:04:54] 扫描结果目录: /public/home/zhoucl/shiys/EasyNCO/results/test
[01:04:54] 已找到最新 runs 数量: 20
[01:04:54] 开始解析原始 .pt 数据集路径
[01:04:54] TSP 数据集: /public/home/zhoucl/shiys/EasyNCO/data/datasets/test_dataset_tsp_uniform/test_tsp100_nums10000_uniform.pt
[01:04:54] CVRP 数据集: /public/home/zhoucl/shiys/EasyNCO/data/datasets/test_dataset_vrp_uniform/test_vrp100_capacity50_nums10000_uniform.pt
[01:04:54] 开始加载原始实例张量
[01:04:55] 实例加载完成: tsp=10000, cvrp=10000
[01:04:55] 开始聚合问题 tsp，候选方法数=12
[01:04:55] tsp 可用实例数=5000
[01:05:07] 问题 tsp 聚合完成，当前累计样本数=5000
[01:05:07] 开始聚合问题 cvrp，候选方法数=8
[01:05:08] cvrp 可用实例数=5000
[01:05:21] 问题 cvrp 聚合完成，当前累计样本数=10000
[01:05:21] 全部样本构建完成，最终样本数=10000
[01:05:21] 数据集构建完成，样本总数=10000
[01:05:21] 开始做 train/val/test 分层切分
[01:05:21] 数据切分完成: train=7000, val=1500, test=1500
[01:05:21] 开始构造 selector: neural_linucb
[01:05:22] selector 构造完成: NeuralLinUCB
[01:05:22] 已开启 checkpoint 自动保存: 每 1 个 epoch 保存一次
[01:05:22] 已开启 checkpoint 自动保存: 每 500 个 step 保存一次
[01:05:22] 已开启周期性验证: 每 500 个 step 在 val 集评测一次
[01:05:22] 开始训练 epoch 1/1 [NeuralLinUCB]
[01:06:22] checkpoint 已保存: /public/home/zhoucl/shiys/2cmab2/outputs/2026-04-02_neural_linucb_anticollapse_5k_seed0/checkpoints/step_0000500.pt
[01:06:58] step=500 | periodic val_greedy | mean_reward=0.843286 | top1=0.220667 | mean_regret=0.050828 | mean_cost=11.766117 || val_ucb: mean_reward=0.792468 | top1=0.274000 | mean_regret=0.079127 | mean_cost=11.794415
[01:06:58] best checkpoint 已刷新: step=500 | metric=val_greedy.overall.mean_cost=11.766117 | path=/public/home/zhoucl/shiys/2cmab2/outputs/2026-04-02_neural_linucb_anticollapse_5k_seed0/checkpoints/best.pt
[01:09:42] checkpoint 已保存: /public/home/zhoucl/shiys/2cmab2/outputs/2026-04-02_neural_linucb_anticollapse_5k_seed0/checkpoints/step_0001000.pt
[01:10:25] step=1000 | periodic val_greedy | mean_reward=0.843000 | top1=0.219333 | mean_regret=0.050964 | mean_cost=11.766252 || val_ucb: mean_reward=0.836749 | top1=0.275333 | mean_regret=0.051519 | mean_cost=11.766808
[01:15:10] checkpoint 已保存: /public/home/zhoucl/shiys/2cmab2/outputs/2026-04-02_neural_linucb_anticollapse_5k_seed0/checkpoints/step_0001500.pt
[01:15:56] step=1500 | periodic val_greedy | mean_reward=0.843857 | top1=0.222000 | mean_regret=0.050809 | mean_cost=11.766097 || val_ucb: mean_reward=0.841286 | top1=0.258667 | mean_regret=0.050679 | mean_cost=11.765967
[01:15:56] best checkpoint 已刷新: step=1500 | metric=val_greedy.overall.mean_cost=11.766097 | path=/public/home/zhoucl/shiys/2cmab2/outputs/2026-04-02_neural_linucb_anticollapse_5k_seed0/checkpoints/best.pt
[01:23:16] checkpoint 已保存: /public/home/zhoucl/shiys/2cmab2/outputs/2026-04-02_neural_linucb_anticollapse_5k_seed0/checkpoints/step_0002000.pt
[01:24:10] step=2000 | periodic val_greedy | mean_reward=0.844316 | top1=0.305333 | mean_regret=0.052652 | mean_cost=11.767940 || val_ucb: mean_reward=0.846697 | top1=0.340000 | mean_regret=0.051345 | mean_cost=11.766634
[01:31:52] checkpoint 已保存: /public/home/zhoucl/shiys/2cmab2/outputs/2026-04-02_neural_linucb_anticollapse_5k_seed0/checkpoints/step_0002500.pt
[01:32:37] step=2500 | periodic val_greedy | mean_reward=0.842879 | top1=0.218667 | mean_regret=0.050973 | mean_cost=11.766262 || val_ucb: mean_reward=0.831810 | top1=0.282000 | mean_regret=0.052784 | mean_cost=11.768072
[01:43:02] checkpoint 已保存: /public/home/zhoucl/shiys/2cmab2/outputs/2026-04-02_neural_linucb_anticollapse_5k_seed0/checkpoints/step_0003000.pt
[01:43:43] step=3000 | periodic val_greedy | mean_reward=0.847424 | top1=0.276000 | mean_regret=0.050295 | mean_cost=11.765583 || val_ucb: mean_reward=0.813818 | top1=0.238667 | mean_regret=0.070448 | mean_cost=11.785736
[01:43:43] best checkpoint 已刷新: step=3000 | metric=val_greedy.overall.mean_cost=11.765583 | path=/public/home/zhoucl/shiys/2cmab2/outputs/2026-04-02_neural_linucb_anticollapse_5k_seed0/checkpoints/best.pt
