Seed set to 1234
[2026-01-19 23:59:32,134][EasyNCO.utils.utils][INFO] - sandbox: False
[2026-01-19 23:59:32,134][EasyNCO.utils.utils][INFO] - sandbox_test_batch: {'_target_': 'EasyNCO.sandbox.test_batch.BQTestBatch'}
[2026-01-19 23:59:32,134][EasyNCO.utils.utils][INFO] - mode: test
[2026-01-19 23:59:32,134][EasyNCO.utils.utils][INFO] - model: lehd
[2026-01-19 23:59:32,135][EasyNCO.utils.utils][INFO] - problem: tsp
[2026-01-19 23:59:32,135][EasyNCO.utils.utils][INFO] - scale: 1000
[2026-01-19 23:59:32,135][EasyNCO.utils.utils][INFO] - num_job: 20
[2026-01-19 23:59:32,135][EasyNCO.utils.utils][INFO] - num_machine: 20
[2026-01-19 23:59:32,135][EasyNCO.utils.utils][INFO] - decoder_strategy: greedy
[2026-01-19 23:59:32,135][EasyNCO.utils.utils][INFO] - cuda: [0]
[2026-01-19 23:59:32,135][EasyNCO.utils.utils][INFO] - max_epochs: 5
[2026-01-19 23:59:32,135][EasyNCO.utils.utils][INFO] - batch_size: 1
[2026-01-19 23:59:32,135][EasyNCO.utils.utils][INFO] - episodes: 100
[2026-01-19 23:59:32,135][EasyNCO.utils.utils][INFO] - val_episode: 128
[2026-01-19 23:59:32,135][EasyNCO.utils.utils][INFO] - val_data_path: test_dataset_tsp_uniform/test_tsp200_nums128_uniform.pt
[2026-01-19 23:59:32,135][EasyNCO.utils.utils][INFO] - test_data_path: cross_distribution/tsp1000_explosion.pkl
[2026-01-19 23:59:32,135][EasyNCO.utils.utils][INFO] - train_data_path: None
[2026-01-19 23:59:32,135][EasyNCO.utils.utils][INFO] - varying_data_params: {'scale_range': None, 'distribution_list': ['uniform', 'cluster'], 'capacity_range': [50, 100]}
[2026-01-19 23:59:32,135][EasyNCO.utils.utils][INFO] - seed: 1234
[2026-01-19 23:59:32,135][EasyNCO.utils.utils][INFO] - disable_gpu: False
[2026-01-19 23:59:32,135][EasyNCO.utils.utils][INFO] - strategy: auto
[2026-01-19 23:59:32,135][EasyNCO.utils.utils][INFO] - matmul_precision: medium
[2026-01-19 23:59:32,135][EasyNCO.utils.utils][INFO] - precision: 32-true
[2026-01-19 23:59:32,135][EasyNCO.utils.utils][INFO] - enable_progress_bar: False
[2026-01-19 23:59:32,135][EasyNCO.utils.utils][INFO] - log_every_n_steps: 1
[2026-01-19 23:59:32,135][EasyNCO.utils.utils][INFO] - ckpt_path: None
[2026-01-19 23:59:32,135][EasyNCO.utils.utils][INFO] - save_top_k: -1
[2026-01-19 23:59:32,135][EasyNCO.utils.utils][INFO] - every_n_epochs: 1
[2026-01-19 23:59:32,135][EasyNCO.utils.utils][INFO] - dir: ./results/test/lehd_tsp/2026-01-19-23-59-31_lehd_tsp_1000_test
[2026-01-19 23:59:32,135][EasyNCO.utils.utils][INFO] - logger: {'_target_': 'lightning.pytorch.loggers.TensorBoardLogger', 'save_dir': 'tensorboard', 'name': None, 'log_graph': False, 'default_hp_metric': True, 'prefix': ''}
[2026-01-19 23:59:32,135][EasyNCO.utils.utils][INFO] - settings.env: {'_target_': 'EasyNCO.neural_solvers.envs.TSPEnv', 'problem_size': '${scale}', 'pomo_size': 1, 'aug_type': 'pomo_aug', 'aug_factor': 8, 'method_name': '${model}', 'use_flag_to_indicate_depot': True}
[2026-01-19 23:59:32,135][EasyNCO.utils.utils][INFO] - settings.model: {'_target_': 'EasyNCO.neural_solvers.methods.LEHDPolicy', 'env_name': '${problem}', 'phase': '${mode}', 'layer_num': 6, 'node_dim': 2, 'embed_dim': 128, 'num_heads': 8, 'qkv_dim': 16, 'feedforward_hidden': 512, 'normalization': 'None', 'first_mode': 'random'}
[2026-01-19 23:59:32,135][EasyNCO.utils.utils][INFO] - settings.initialization: {'_target_': 'EasyNCO.neural_solvers.methods.LEHDInitialization'}
[2026-01-19 23:59:32,135][EasyNCO.utils.utils][INFO] - settings.iteration: {'_target_': 'EasyNCO.neural_solvers.methods.LEHDIteration'}
[2026-01-19 23:59:32,135][EasyNCO.utils.utils][INFO] - settings.module: {'_target_': 'EasyNCO.phases.ARREINFORCELightning', 'method_name': '${model}', 'baseline': 'shared', 'problem_size': '${scale}', 'batch_size': '${batch_size}', 'episodes': '${episodes}', 'val_episode': '${val_episode}', 'optimizer_type': 'Adam', 'scheduler_type': None, 'optimizer_params': {'optimizer': {'lr': 0.0001, 'weight_decay': 1e-06}}, 'decoder_strategy': '${decoder_strategy}', 'every_n_steps_output': 100, 'iteration_params': {'max_steps': 0}}
[2026-01-19 23:59:32,135][EasyNCO.utils.utils][INFO] - settings.model_checkpoint: {'_target_': 'EasyNCO.utils.utils.CustomModelCheckpoint', 'dirpath': 'checkpoints', 'filename': '${model}_${problem}${scale}_{epoch:02d}', 'save_top_k': '${save_top_k}', 'every_n_epochs': '${every_n_epochs}'}
[2026-01-19 23:59:32,135][EasyNCO.utils.utils][INFO] - settings.test_loader: {'model_dirpath': 'pretrained', 'model_filename': 'lehd_tsp100.ckpt'}
GPU available: True (cuda), used: True
TPU available: False, using: 0 TPU cores
IPU available: False, using: 0 IPUs
HPU available: False, using: 0 HPUs
[2026-01-19 23:59:32,734][torch.distributed.nn.jit.instantiator][INFO] - Created a temporary directory at /tmp/tmpu7g8lywv
[2026-01-19 23:59:32,734][torch.distributed.nn.jit.instantiator][INFO] - Writing /tmp/tmpu7g8lywv/_remote_module_non_scriptable.py
Missing logger folder: tensorboard/
LOCAL_RANK: 0 - CUDA_VISIBLE_DEVICES: [0]
[2026-01-19 23:59:43,414][EasyNCO.phases.rl.ar_reinforce][INFO] - Eval ==>   1/100(1.00%)  Time Est.: Elapsed[0.15m], Remain[14.78m]
[2026-01-19 23:59:43,414][EasyNCO.phases.rl.ar_reinforce][INFO] - Eval ==> Problem[tsp], Size[1000], Completed   1/100(1.00%), Score: 16.3429, Augmented Score: 16.3429
[2026-01-19 23:59:43,414][EasyNCO.phases.rl.ar_reinforce][INFO] - Eval ==> Score Summary: Avg: 0.0000, Avg Augmented: 0.0000
[2026-01-19 23:59:43,414][EasyNCO.phases.rl.ar_reinforce][INFO] - ============================================================================
[2026-01-19 23:59:51,965][EasyNCO.phases.rl.ar_reinforce][INFO] - Eval ==>   2/100(2.00%)  Time Est.: Elapsed[0.29m], Remain[14.30m]
[2026-01-19 23:59:51,965][EasyNCO.phases.rl.ar_reinforce][INFO] - Eval ==> Problem[tsp], Size[1000], Completed   2/100(2.00%), Score: 16.4917, Augmented Score: 16.4917
[2026-01-19 23:59:51,965][EasyNCO.phases.rl.ar_reinforce][INFO] - Eval ==> Score Summary: Avg: 0.0000, Avg Augmented: 0.0000
[2026-01-19 23:59:51,965][EasyNCO.phases.rl.ar_reinforce][INFO] - ============================================================================
[2026-01-20 00:00:00,517][EasyNCO.phases.rl.ar_reinforce][INFO] - Eval ==>   3/100(3.00%)  Time Est.: Elapsed[0.43m], Remain[14.04m]
[2026-01-20 00:00:00,517][EasyNCO.phases.rl.ar_reinforce][INFO] - Eval ==> Problem[tsp], Size[1000], Completed   3/100(3.00%), Score: 15.7403, Augmented Score: 15.7403
[2026-01-20 00:00:00,517][EasyNCO.phases.rl.ar_reinforce][INFO] - Eval ==> Score Summary: Avg: 0.0000, Avg Augmented: 0.0000
[2026-01-20 00:00:00,517][EasyNCO.phases.rl.ar_reinforce][INFO] - ============================================================================
[2026-01-20 00:00:09,063][EasyNCO.phases.rl.ar_reinforce][INFO] - Eval ==>   4/100(4.00%)  Time Est.: Elapsed[0.58m], Remain[13.84m]
[2026-01-20 00:00:09,063][EasyNCO.phases.rl.ar_reinforce][INFO] - Eval ==> Problem[tsp], Size[1000], Completed   4/100(4.00%), Score: 16.0023, Augmented Score: 16.0023
[2026-01-20 00:00:09,063][EasyNCO.phases.rl.ar_reinforce][INFO] - Eval ==> Score Summary: Avg: 0.0000, Avg Augmented: 0.0000
[2026-01-20 00:00:09,063][EasyNCO.phases.rl.ar_reinforce][INFO] - ============================================================================
[2026-01-20 00:00:17,615][EasyNCO.phases.rl.ar_reinforce][INFO] - Eval ==>   5/100(5.00%)  Time Est.: Elapsed[0.72m], Remain[13.67m]
[2026-01-20 00:00:17,615][EasyNCO.phases.rl.ar_reinforce][INFO] - Eval ==> Problem[tsp], Size[1000], Completed   5/100(5.00%), Score: 17.3111, Augmented Score: 17.3111
[2026-01-20 00:00:17,615][EasyNCO.phases.rl.ar_reinforce][INFO] - Eval ==> Score Summary: Avg: 0.0000, Avg Augmented: 0.0000
[2026-01-20 00:00:17,615][EasyNCO.phases.rl.ar_reinforce][INFO] - ============================================================================
[2026-01-20 00:00:26,168][EasyNCO.phases.rl.ar_reinforce][INFO] - Eval ==>   6/100(6.00%)  Time Est.: Elapsed[0.86m], Remain[13.50m]
[2026-01-20 00:00:26,169][EasyNCO.phases.rl.ar_reinforce][INFO] - Eval ==> Problem[tsp], Size[1000], Completed   6/100(6.00%), Score: 14.6150, Augmented Score: 14.6150
[2026-01-20 00:00:26,169][EasyNCO.phases.rl.ar_reinforce][INFO] - Eval ==> Score Summary: Avg: 0.0000, Avg Augmented: 0.0000
[2026-01-20 00:00:26,169][EasyNCO.phases.rl.ar_reinforce][INFO] - ============================================================================
[2026-01-20 00:00:34,723][EasyNCO.phases.rl.ar_reinforce][INFO] - Eval ==>   7/100(7.00%)  Time Est.: Elapsed[1.00m], Remain[13.35m]
[2026-01-20 00:00:34,723][EasyNCO.phases.rl.ar_reinforce][INFO] - Eval ==> Problem[tsp], Size[1000], Completed   7/100(7.00%), Score: 16.1550, Augmented Score: 16.1550
[2026-01-20 00:00:34,723][EasyNCO.phases.rl.ar_reinforce][INFO] - Eval ==> Score Summary: Avg: 0.0000, Avg Augmented: 0.0000
[2026-01-20 00:00:34,723][EasyNCO.phases.rl.ar_reinforce][INFO] - ============================================================================
[2026-01-20 00:00:43,282][EasyNCO.phases.rl.ar_reinforce][INFO] - Eval ==>   8/100(8.00%)  Time Est.: Elapsed[1.15m], Remain[13.19m]
[2026-01-20 00:00:43,282][EasyNCO.phases.rl.ar_reinforce][INFO] - Eval ==> Problem[tsp], Size[1000], Completed   8/100(8.00%), Score: 16.9720, Augmented Score: 16.9720
[2026-01-20 00:00:43,282][EasyNCO.phases.rl.ar_reinforce][INFO] - Eval ==> Score Summary: Avg: 0.0000, Avg Augmented: 0.0000
[2026-01-20 00:00:43,282][EasyNCO.phases.rl.ar_reinforce][INFO] - ============================================================================
[2026-01-20 00:00:51,845][EasyNCO.phases.rl.ar_reinforce][INFO] - Eval ==>   9/100(9.00%)  Time Est.: Elapsed[1.29m], Remain[13.04m]
[2026-01-20 00:00:51,845][EasyNCO.phases.rl.ar_reinforce][INFO] - Eval ==> Problem[tsp], Size[1000], Completed   9/100(9.00%), Score: 16.9109, Augmented Score: 16.9109
[2026-01-20 00:00:51,845][EasyNCO.phases.rl.ar_reinforce][INFO] - Eval ==> Score Summary: Avg: 0.0000, Avg Augmented: 0.0000
[2026-01-20 00:00:51,845][EasyNCO.phases.rl.ar_reinforce][INFO] - ============================================================================
[2026-01-20 00:01:00,402][EasyNCO.phases.rl.ar_reinforce][INFO] - Eval ==>  10/100(10.00%)  Time Est.: Elapsed[1.43m], Remain[12.89m]
[2026-01-20 00:01:00,402][EasyNCO.phases.rl.ar_reinforce][INFO] - Eval ==> Problem[tsp], Size[1000], Completed  10/100(10.00%), Score: 17.7236, Augmented Score: 17.7236
[2026-01-20 00:01:00,402][EasyNCO.phases.rl.ar_reinforce][INFO] - Eval ==> Score Summary: Avg: 0.0000, Avg Augmented: 0.0000
[2026-01-20 00:01:00,403][EasyNCO.phases.rl.ar_reinforce][INFO] - ============================================================================
[2026-01-20 00:01:08,963][EasyNCO.phases.rl.ar_reinforce][INFO] - Eval ==>  11/100(11.00%)  Time Est.: Elapsed[1.58m], Remain[12.74m]
[2026-01-20 00:01:08,963][EasyNCO.phases.rl.ar_reinforce][INFO] - Eval ==> Problem[tsp], Size[1000], Completed  11/100(11.00%), Score: 17.2375, Augmented Score: 17.2375
[2026-01-20 00:01:08,963][EasyNCO.phases.rl.ar_reinforce][INFO] - Eval ==> Score Summary: Avg: 0.0000, Avg Augmented: 0.0000
[2026-01-20 00:01:08,963][EasyNCO.phases.rl.ar_reinforce][INFO] - ============================================================================
[2026-01-20 00:01:17,519][EasyNCO.phases.rl.ar_reinforce][INFO] - Eval ==>  12/100(12.00%)  Time Est.: Elapsed[1.72m], Remain[12.60m]
[2026-01-20 00:01:17,519][EasyNCO.phases.rl.ar_reinforce][INFO] - Eval ==> Problem[tsp], Size[1000], Completed  12/100(12.00%), Score: 16.5582, Augmented Score: 16.5582
[2026-01-20 00:01:17,519][EasyNCO.phases.rl.ar_reinforce][INFO] - Eval ==> Score Summary: Avg: 0.0000, Avg Augmented: 0.0000
[2026-01-20 00:01:17,519][EasyNCO.phases.rl.ar_reinforce][INFO] - ============================================================================
[2026-01-20 00:01:26,077][EasyNCO.phases.rl.ar_reinforce][INFO] - Eval ==>  13/100(13.00%)  Time Est.: Elapsed[1.86m], Remain[12.45m]
[2026-01-20 00:01:26,077][EasyNCO.phases.rl.ar_reinforce][INFO] - Eval ==> Problem[tsp], Size[1000], Completed  13/100(13.00%), Score: 16.6084, Augmented Score: 16.6084
[2026-01-20 00:01:26,077][EasyNCO.phases.rl.ar_reinforce][INFO] - Eval ==> Score Summary: Avg: 0.0000, Avg Augmented: 0.0000
[2026-01-20 00:01:26,077][EasyNCO.phases.rl.ar_reinforce][INFO] - ============================================================================
[2026-01-20 00:01:34,636][EasyNCO.phases.rl.ar_reinforce][INFO] - Eval ==>  14/100(14.00%)  Time Est.: Elapsed[2.00m], Remain[12.30m]
[2026-01-20 00:01:34,637][EasyNCO.phases.rl.ar_reinforce][INFO] - Eval ==> Problem[tsp], Size[1000], Completed  14/100(14.00%), Score: 15.0358, Augmented Score: 15.0358
[2026-01-20 00:01:34,637][EasyNCO.phases.rl.ar_reinforce][INFO] - Eval ==> Score Summary: Avg: 0.0000, Avg Augmented: 0.0000
[2026-01-20 00:01:34,637][EasyNCO.phases.rl.ar_reinforce][INFO] - ============================================================================
[2026-01-20 00:01:43,200][EasyNCO.phases.rl.ar_reinforce][INFO] - Eval ==>  15/100(15.00%)  Time Est.: Elapsed[2.15m], Remain[12.16m]
[2026-01-20 00:01:43,200][EasyNCO.phases.rl.ar_reinforce][INFO] - Eval ==> Problem[tsp], Size[1000], Completed  15/100(15.00%), Score: 17.1590, Augmented Score: 17.1590
[2026-01-20 00:01:43,200][EasyNCO.phases.rl.ar_reinforce][INFO] - Eval ==> Score Summary: Avg: 0.0000, Avg Augmented: 0.0000
[2026-01-20 00:01:43,200][EasyNCO.phases.rl.ar_reinforce][INFO] - ============================================================================
[2026-01-20 00:01:51,764][EasyNCO.phases.rl.ar_reinforce][INFO] - Eval ==>  16/100(16.00%)  Time Est.: Elapsed[2.29m], Remain[12.01m]
[2026-01-20 00:01:51,764][EasyNCO.phases.rl.ar_reinforce][INFO] - Eval ==> Problem[tsp], Size[1000], Completed  16/100(16.00%), Score: 16.8079, Augmented Score: 16.8079
[2026-01-20 00:01:51,764][EasyNCO.phases.rl.ar_reinforce][INFO] - Eval ==> Score Summary: Avg: 0.0000, Avg Augmented: 0.0000
[2026-01-20 00:01:51,764][EasyNCO.phases.rl.ar_reinforce][INFO] - ============================================================================
[2026-01-20 00:02:00,333][EasyNCO.phases.rl.ar_reinforce][INFO] - Eval ==>  17/100(17.00%)  Time Est.: Elapsed[2.43m], Remain[11.87m]
[2026-01-20 00:02:00,333][EasyNCO.phases.rl.ar_reinforce][INFO] - Eval ==> Problem[tsp], Size[1000], Completed  17/100(17.00%), Score: 15.2050, Augmented Score: 15.2050
[2026-01-20 00:02:00,333][EasyNCO.phases.rl.ar_reinforce][INFO] - Eval ==> Score Summary: Avg: 0.0000, Avg Augmented: 0.0000
[2026-01-20 00:02:00,333][EasyNCO.phases.rl.ar_reinforce][INFO] - ============================================================================
[2026-01-20 00:02:08,903][EasyNCO.phases.rl.ar_reinforce][INFO] - Eval ==>  18/100(18.00%)  Time Est.: Elapsed[2.57m], Remain[11.73m]
[2026-01-20 00:02:08,903][EasyNCO.phases.rl.ar_reinforce][INFO] - Eval ==> Problem[tsp], Size[1000], Completed  18/100(18.00%), Score: 18.3125, Augmented Score: 18.3125
[2026-01-20 00:02:08,904][EasyNCO.phases.rl.ar_reinforce][INFO] - Eval ==> Score Summary: Avg: 0.0000, Avg Augmented: 0.0000
[2026-01-20 00:02:08,904][EasyNCO.phases.rl.ar_reinforce][INFO] - ============================================================================
[2026-01-20 00:02:17,468][EasyNCO.phases.rl.ar_reinforce][INFO] - Eval ==>  19/100(19.00%)  Time Est.: Elapsed[2.72m], Remain[11.58m]
[2026-01-20 00:02:17,468][EasyNCO.phases.rl.ar_reinforce][INFO] - Eval ==> Problem[tsp], Size[1000], Completed  19/100(19.00%), Score: 17.8852, Augmented Score: 17.8852
[2026-01-20 00:02:17,468][EasyNCO.phases.rl.ar_reinforce][INFO] - Eval ==> Score Summary: Avg: 0.0000, Avg Augmented: 0.0000
[2026-01-20 00:02:17,468][EasyNCO.phases.rl.ar_reinforce][INFO] - ============================================================================
[2026-01-20 00:02:26,029][EasyNCO.phases.rl.ar_reinforce][INFO] - Eval ==>  20/100(20.00%)  Time Est.: Elapsed[2.86m], Remain[11.44m]
[2026-01-20 00:02:26,029][EasyNCO.phases.rl.ar_reinforce][INFO] - Eval ==> Problem[tsp], Size[1000], Completed  20/100(20.00%), Score: 17.6068, Augmented Score: 17.6068
[2026-01-20 00:02:26,029][EasyNCO.phases.rl.ar_reinforce][INFO] - Eval ==> Score Summary: Avg: 0.0000, Avg Augmented: 0.0000
[2026-01-20 00:02:26,029][EasyNCO.phases.rl.ar_reinforce][INFO] - ============================================================================
[2026-01-20 00:02:34,590][EasyNCO.phases.rl.ar_reinforce][INFO] - Eval ==>  21/100(21.00%)  Time Est.: Elapsed[3.00m], Remain[11.29m]
[2026-01-20 00:02:34,590][EasyNCO.phases.rl.ar_reinforce][INFO] - Eval ==> Problem[tsp], Size[1000], Completed  21/100(21.00%), Score: 13.2775, Augmented Score: 13.2775
[2026-01-20 00:02:34,590][EasyNCO.phases.rl.ar_reinforce][INFO] - Eval ==> Score Summary: Avg: 0.0000, Avg Augmented: 0.0000
[2026-01-20 00:02:34,590][EasyNCO.phases.rl.ar_reinforce][INFO] - ============================================================================
[2026-01-20 00:02:43,149][EasyNCO.phases.rl.ar_reinforce][INFO] - Eval ==>  22/100(22.00%)  Time Est.: Elapsed[3.14m], Remain[11.15m]
[2026-01-20 00:02:43,149][EasyNCO.phases.rl.ar_reinforce][INFO] - Eval ==> Problem[tsp], Size[1000], Completed  22/100(22.00%), Score: 17.1084, Augmented Score: 17.1084
[2026-01-20 00:02:43,149][EasyNCO.phases.rl.ar_reinforce][INFO] - Eval ==> Score Summary: Avg: 0.0000, Avg Augmented: 0.0000
[2026-01-20 00:02:43,149][EasyNCO.phases.rl.ar_reinforce][INFO] - ============================================================================
[2026-01-20 00:02:51,710][EasyNCO.phases.rl.ar_reinforce][INFO] - Eval ==>  23/100(23.00%)  Time Est.: Elapsed[3.29m], Remain[11.01m]
[2026-01-20 00:02:51,711][EasyNCO.phases.rl.ar_reinforce][INFO] - Eval ==> Problem[tsp], Size[1000], Completed  23/100(23.00%), Score: 15.4854, Augmented Score: 15.4854
[2026-01-20 00:02:51,711][EasyNCO.phases.rl.ar_reinforce][INFO] - Eval ==> Score Summary: Avg: 0.0000, Avg Augmented: 0.0000
[2026-01-20 00:02:51,711][EasyNCO.phases.rl.ar_reinforce][INFO] - ============================================================================
[2026-01-20 00:03:00,275][EasyNCO.phases.rl.ar_reinforce][INFO] - Eval ==>  24/100(24.00%)  Time Est.: Elapsed[3.43m], Remain[10.86m]
[2026-01-20 00:03:00,276][EasyNCO.phases.rl.ar_reinforce][INFO] - Eval ==> Problem[tsp], Size[1000], Completed  24/100(24.00%), Score: 15.6735, Augmented Score: 15.6735
[2026-01-20 00:03:00,276][EasyNCO.phases.rl.ar_reinforce][INFO] - Eval ==> Score Summary: Avg: 0.0000, Avg Augmented: 0.0000
[2026-01-20 00:03:00,276][EasyNCO.phases.rl.ar_reinforce][INFO] - ============================================================================
[2026-01-20 00:03:08,839][EasyNCO.phases.rl.ar_reinforce][INFO] - Eval ==>  25/100(25.00%)  Time Est.: Elapsed[3.57m], Remain[10.72m]
[2026-01-20 00:03:08,839][EasyNCO.phases.rl.ar_reinforce][INFO] - Eval ==> Problem[tsp], Size[1000], Completed  25/100(25.00%), Score: 17.0573, Augmented Score: 17.0573
[2026-01-20 00:03:08,839][EasyNCO.phases.rl.ar_reinforce][INFO] - Eval ==> Score Summary: Avg: 0.0000, Avg Augmented: 0.0000
[2026-01-20 00:03:08,839][EasyNCO.phases.rl.ar_reinforce][INFO] - ============================================================================
[2026-01-20 00:03:17,401][EasyNCO.phases.rl.ar_reinforce][INFO] - Eval ==>  26/100(26.00%)  Time Est.: Elapsed[3.72m], Remain[10.58m]
[2026-01-20 00:03:17,401][EasyNCO.phases.rl.ar_reinforce][INFO] - Eval ==> Problem[tsp], Size[1000], Completed  26/100(26.00%), Score: 16.4560, Augmented Score: 16.4560
[2026-01-20 00:03:17,401][EasyNCO.phases.rl.ar_reinforce][INFO] - Eval ==> Score Summary: Avg: 0.0000, Avg Augmented: 0.0000
[2026-01-20 00:03:17,401][EasyNCO.phases.rl.ar_reinforce][INFO] - ============================================================================
[2026-01-20 00:03:25,965][EasyNCO.phases.rl.ar_reinforce][INFO] - Eval ==>  27/100(27.00%)  Time Est.: Elapsed[3.86m], Remain[10.43m]
[2026-01-20 00:03:25,965][EasyNCO.phases.rl.ar_reinforce][INFO] - Eval ==> Problem[tsp], Size[1000], Completed  27/100(27.00%), Score: 17.3959, Augmented Score: 17.3959
[2026-01-20 00:03:25,965][EasyNCO.phases.rl.ar_reinforce][INFO] - Eval ==> Score Summary: Avg: 0.0000, Avg Augmented: 0.0000
[2026-01-20 00:03:25,965][EasyNCO.phases.rl.ar_reinforce][INFO] - ============================================================================
[2026-01-20 00:03:34,525][EasyNCO.phases.rl.ar_reinforce][INFO] - Eval ==>  28/100(28.00%)  Time Est.: Elapsed[4.00m], Remain[10.29m]
[2026-01-20 00:03:34,525][EasyNCO.phases.rl.ar_reinforce][INFO] - Eval ==> Problem[tsp], Size[1000], Completed  28/100(28.00%), Score: 17.1357, Augmented Score: 17.1357
[2026-01-20 00:03:34,525][EasyNCO.phases.rl.ar_reinforce][INFO] - Eval ==> Score Summary: Avg: 0.0000, Avg Augmented: 0.0000
[2026-01-20 00:03:34,525][EasyNCO.phases.rl.ar_reinforce][INFO] - ============================================================================
[2026-01-20 00:03:43,089][EasyNCO.phases.rl.ar_reinforce][INFO] - Eval ==>  29/100(29.00%)  Time Est.: Elapsed[4.14m], Remain[10.15m]
[2026-01-20 00:03:43,089][EasyNCO.phases.rl.ar_reinforce][INFO] - Eval ==> Problem[tsp], Size[1000], Completed  29/100(29.00%), Score: 16.2503, Augmented Score: 16.2503
[2026-01-20 00:03:43,089][EasyNCO.phases.rl.ar_reinforce][INFO] - Eval ==> Score Summary: Avg: 0.0000, Avg Augmented: 0.0000
[2026-01-20 00:03:43,089][EasyNCO.phases.rl.ar_reinforce][INFO] - ============================================================================
[2026-01-20 00:03:51,645][EasyNCO.phases.rl.ar_reinforce][INFO] - Eval ==>  30/100(30.00%)  Time Est.: Elapsed[4.29m], Remain[10.00m]
[2026-01-20 00:03:51,645][EasyNCO.phases.rl.ar_reinforce][INFO] - Eval ==> Problem[tsp], Size[1000], Completed  30/100(30.00%), Score: 17.7244, Augmented Score: 17.7244
[2026-01-20 00:03:51,645][EasyNCO.phases.rl.ar_reinforce][INFO] - Eval ==> Score Summary: Avg: 0.0000, Avg Augmented: 0.0000
[2026-01-20 00:03:51,645][EasyNCO.phases.rl.ar_reinforce][INFO] - ============================================================================
[2026-01-20 00:04:00,209][EasyNCO.phases.rl.ar_reinforce][INFO] - Eval ==>  31/100(31.00%)  Time Est.: Elapsed[4.43m], Remain[9.86m]
[2026-01-20 00:04:00,210][EasyNCO.phases.rl.ar_reinforce][INFO] - Eval ==> Problem[tsp], Size[1000], Completed  31/100(31.00%), Score: 17.0073, Augmented Score: 17.0073
[2026-01-20 00:04:00,210][EasyNCO.phases.rl.ar_reinforce][INFO] - Eval ==> Score Summary: Avg: 0.0000, Avg Augmented: 0.0000
[2026-01-20 00:04:00,210][EasyNCO.phases.rl.ar_reinforce][INFO] - ============================================================================
[2026-01-20 00:04:08,772][EasyNCO.phases.rl.ar_reinforce][INFO] - Eval ==>  32/100(32.00%)  Time Est.: Elapsed[4.57m], Remain[9.72m]
[2026-01-20 00:04:08,772][EasyNCO.phases.rl.ar_reinforce][INFO] - Eval ==> Problem[tsp], Size[1000], Completed  32/100(32.00%), Score: 16.0581, Augmented Score: 16.0581
[2026-01-20 00:04:08,772][EasyNCO.phases.rl.ar_reinforce][INFO] - Eval ==> Score Summary: Avg: 0.0000, Avg Augmented: 0.0000
[2026-01-20 00:04:08,772][EasyNCO.phases.rl.ar_reinforce][INFO] - ============================================================================
[2026-01-20 00:04:17,340][EasyNCO.phases.rl.ar_reinforce][INFO] - Eval ==>  33/100(33.00%)  Time Est.: Elapsed[4.71m], Remain[9.57m]
[2026-01-20 00:04:17,340][EasyNCO.phases.rl.ar_reinforce][INFO] - Eval ==> Problem[tsp], Size[1000], Completed  33/100(33.00%), Score: 16.4677, Augmented Score: 16.4677
[2026-01-20 00:04:17,340][EasyNCO.phases.rl.ar_reinforce][INFO] - Eval ==> Score Summary: Avg: 0.0000, Avg Augmented: 0.0000
[2026-01-20 00:04:17,340][EasyNCO.phases.rl.ar_reinforce][INFO] - ============================================================================
[2026-01-20 00:04:25,906][EasyNCO.phases.rl.ar_reinforce][INFO] - Eval ==>  34/100(34.00%)  Time Est.: Elapsed[4.86m], Remain[9.43m]
[2026-01-20 00:04:25,906][EasyNCO.phases.rl.ar_reinforce][INFO] - Eval ==> Problem[tsp], Size[1000], Completed  34/100(34.00%), Score: 14.2679, Augmented Score: 14.2679
[2026-01-20 00:04:25,906][EasyNCO.phases.rl.ar_reinforce][INFO] - Eval ==> Score Summary: Avg: 0.0000, Avg Augmented: 0.0000
[2026-01-20 00:04:25,906][EasyNCO.phases.rl.ar_reinforce][INFO] - ============================================================================
[2026-01-20 00:04:34,470][EasyNCO.phases.rl.ar_reinforce][INFO] - Eval ==>  35/100(35.00%)  Time Est.: Elapsed[5.00m], Remain[9.29m]
[2026-01-20 00:04:34,470][EasyNCO.phases.rl.ar_reinforce][INFO] - Eval ==> Problem[tsp], Size[1000], Completed  35/100(35.00%), Score: 17.0838, Augmented Score: 17.0838
[2026-01-20 00:04:34,470][EasyNCO.phases.rl.ar_reinforce][INFO] - Eval ==> Score Summary: Avg: 0.0000, Avg Augmented: 0.0000
[2026-01-20 00:04:34,470][EasyNCO.phases.rl.ar_reinforce][INFO] - ============================================================================
[2026-01-20 00:04:43,030][EasyNCO.phases.rl.ar_reinforce][INFO] - Eval ==>  36/100(36.00%)  Time Est.: Elapsed[5.14m], Remain[9.14m]
[2026-01-20 00:04:43,030][EasyNCO.phases.rl.ar_reinforce][INFO] - Eval ==> Problem[tsp], Size[1000], Completed  36/100(36.00%), Score: 15.7731, Augmented Score: 15.7731
[2026-01-20 00:04:43,031][EasyNCO.phases.rl.ar_reinforce][INFO] - Eval ==> Score Summary: Avg: 0.0000, Avg Augmented: 0.0000
[2026-01-20 00:04:43,031][EasyNCO.phases.rl.ar_reinforce][INFO] - ============================================================================
[2026-01-20 00:04:51,592][EasyNCO.phases.rl.ar_reinforce][INFO] - Eval ==>  37/100(37.00%)  Time Est.: Elapsed[5.29m], Remain[9.00m]
[2026-01-20 00:04:51,592][EasyNCO.phases.rl.ar_reinforce][INFO] - Eval ==> Problem[tsp], Size[1000], Completed  37/100(37.00%), Score: 16.7191, Augmented Score: 16.7191
[2026-01-20 00:04:51,592][EasyNCO.phases.rl.ar_reinforce][INFO] - Eval ==> Score Summary: Avg: 0.0000, Avg Augmented: 0.0000
[2026-01-20 00:04:51,592][EasyNCO.phases.rl.ar_reinforce][INFO] - ============================================================================
[2026-01-20 00:05:00,157][EasyNCO.phases.rl.ar_reinforce][INFO] - Eval ==>  38/100(38.00%)  Time Est.: Elapsed[5.43m], Remain[8.86m]
[2026-01-20 00:05:00,157][EasyNCO.phases.rl.ar_reinforce][INFO] - Eval ==> Problem[tsp], Size[1000], Completed  38/100(38.00%), Score: 15.5691, Augmented Score: 15.5691
[2026-01-20 00:05:00,157][EasyNCO.phases.rl.ar_reinforce][INFO] - Eval ==> Score Summary: Avg: 0.0000, Avg Augmented: 0.0000
[2026-01-20 00:05:00,157][EasyNCO.phases.rl.ar_reinforce][INFO] - ============================================================================
[2026-01-20 00:05:08,719][EasyNCO.phases.rl.ar_reinforce][INFO] - Eval ==>  39/100(39.00%)  Time Est.: Elapsed[5.57m], Remain[8.71m]
[2026-01-20 00:05:08,719][EasyNCO.phases.rl.ar_reinforce][INFO] - Eval ==> Problem[tsp], Size[1000], Completed  39/100(39.00%), Score: 15.9633, Augmented Score: 15.9633
[2026-01-20 00:05:08,719][EasyNCO.phases.rl.ar_reinforce][INFO] - Eval ==> Score Summary: Avg: 0.0000, Avg Augmented: 0.0000
[2026-01-20 00:05:08,719][EasyNCO.phases.rl.ar_reinforce][INFO] - ============================================================================
[2026-01-20 00:05:17,279][EasyNCO.phases.rl.ar_reinforce][INFO] - Eval ==>  40/100(40.00%)  Time Est.: Elapsed[5.71m], Remain[8.57m]
[2026-01-20 00:05:17,279][EasyNCO.phases.rl.ar_reinforce][INFO] - Eval ==> Problem[tsp], Size[1000], Completed  40/100(40.00%), Score: 17.0418, Augmented Score: 17.0418
[2026-01-20 00:05:17,279][EasyNCO.phases.rl.ar_reinforce][INFO] - Eval ==> Score Summary: Avg: 0.0000, Avg Augmented: 0.0000
[2026-01-20 00:05:17,279][EasyNCO.phases.rl.ar_reinforce][INFO] - ============================================================================
[2026-01-20 00:05:25,843][EasyNCO.phases.rl.ar_reinforce][INFO] - Eval ==>  41/100(41.00%)  Time Est.: Elapsed[5.86m], Remain[8.43m]
[2026-01-20 00:05:25,843][EasyNCO.phases.rl.ar_reinforce][INFO] - Eval ==> Problem[tsp], Size[1000], Completed  41/100(41.00%), Score: 17.5938, Augmented Score: 17.5938
[2026-01-20 00:05:25,844][EasyNCO.phases.rl.ar_reinforce][INFO] - Eval ==> Score Summary: Avg: 0.0000, Avg Augmented: 0.0000
[2026-01-20 00:05:25,844][EasyNCO.phases.rl.ar_reinforce][INFO] - ============================================================================
[2026-01-20 00:05:34,403][EasyNCO.phases.rl.ar_reinforce][INFO] - Eval ==>  42/100(42.00%)  Time Est.: Elapsed[6.00m], Remain[8.28m]
[2026-01-20 00:05:34,403][EasyNCO.phases.rl.ar_reinforce][INFO] - Eval ==> Problem[tsp], Size[1000], Completed  42/100(42.00%), Score: 15.9202, Augmented Score: 15.9202
[2026-01-20 00:05:34,403][EasyNCO.phases.rl.ar_reinforce][INFO] - Eval ==> Score Summary: Avg: 0.0000, Avg Augmented: 0.0000
[2026-01-20 00:05:34,403][EasyNCO.phases.rl.ar_reinforce][INFO] - ============================================================================
[2026-01-20 00:05:42,970][EasyNCO.phases.rl.ar_reinforce][INFO] - Eval ==>  43/100(43.00%)  Time Est.: Elapsed[6.14m], Remain[8.14m]
[2026-01-20 00:05:42,970][EasyNCO.phases.rl.ar_reinforce][INFO] - Eval ==> Problem[tsp], Size[1000], Completed  43/100(43.00%), Score: 15.8938, Augmented Score: 15.8938
[2026-01-20 00:05:42,970][EasyNCO.phases.rl.ar_reinforce][INFO] - Eval ==> Score Summary: Avg: 0.0000, Avg Augmented: 0.0000
[2026-01-20 00:05:42,970][EasyNCO.phases.rl.ar_reinforce][INFO] - ============================================================================
[2026-01-20 00:05:51,533][EasyNCO.phases.rl.ar_reinforce][INFO] - Eval ==>  44/100(44.00%)  Time Est.: Elapsed[6.28m], Remain[8.00m]
[2026-01-20 00:05:51,533][EasyNCO.phases.rl.ar_reinforce][INFO] - Eval ==> Problem[tsp], Size[1000], Completed  44/100(44.00%), Score: 16.0764, Augmented Score: 16.0764
[2026-01-20 00:05:51,533][EasyNCO.phases.rl.ar_reinforce][INFO] - Eval ==> Score Summary: Avg: 0.0000, Avg Augmented: 0.0000
[2026-01-20 00:05:51,533][EasyNCO.phases.rl.ar_reinforce][INFO] - ============================================================================
[2026-01-20 00:06:00,098][EasyNCO.phases.rl.ar_reinforce][INFO] - Eval ==>  45/100(45.00%)  Time Est.: Elapsed[6.43m], Remain[7.86m]
[2026-01-20 00:06:00,098][EasyNCO.phases.rl.ar_reinforce][INFO] - Eval ==> Problem[tsp], Size[1000], Completed  45/100(45.00%), Score: 17.0956, Augmented Score: 17.0956
[2026-01-20 00:06:00,098][EasyNCO.phases.rl.ar_reinforce][INFO] - Eval ==> Score Summary: Avg: 0.0000, Avg Augmented: 0.0000
[2026-01-20 00:06:00,098][EasyNCO.phases.rl.ar_reinforce][INFO] - ============================================================================
[2026-01-20 00:06:08,657][EasyNCO.phases.rl.ar_reinforce][INFO] - Eval ==>  46/100(46.00%)  Time Est.: Elapsed[6.57m], Remain[7.71m]
[2026-01-20 00:06:08,657][EasyNCO.phases.rl.ar_reinforce][INFO] - Eval ==> Problem[tsp], Size[1000], Completed  46/100(46.00%), Score: 13.8657, Augmented Score: 13.8657
[2026-01-20 00:06:08,657][EasyNCO.phases.rl.ar_reinforce][INFO] - Eval ==> Score Summary: Avg: 0.0000, Avg Augmented: 0.0000
[2026-01-20 00:06:08,657][EasyNCO.phases.rl.ar_reinforce][INFO] - ============================================================================
[2026-01-20 00:06:17,218][EasyNCO.phases.rl.ar_reinforce][INFO] - Eval ==>  47/100(47.00%)  Time Est.: Elapsed[6.71m], Remain[7.57m]
[2026-01-20 00:06:17,218][EasyNCO.phases.rl.ar_reinforce][INFO] - Eval ==> Problem[tsp], Size[1000], Completed  47/100(47.00%), Score: 15.4008, Augmented Score: 15.4008
[2026-01-20 00:06:17,218][EasyNCO.phases.rl.ar_reinforce][INFO] - Eval ==> Score Summary: Avg: 0.0000, Avg Augmented: 0.0000
[2026-01-20 00:06:17,218][EasyNCO.phases.rl.ar_reinforce][INFO] - ============================================================================
[2026-01-20 00:06:25,777][EasyNCO.phases.rl.ar_reinforce][INFO] - Eval ==>  48/100(48.00%)  Time Est.: Elapsed[6.86m], Remain[7.43m]
[2026-01-20 00:06:25,778][EasyNCO.phases.rl.ar_reinforce][INFO] - Eval ==> Problem[tsp], Size[1000], Completed  48/100(48.00%), Score: 17.4171, Augmented Score: 17.4171
[2026-01-20 00:06:25,778][EasyNCO.phases.rl.ar_reinforce][INFO] - Eval ==> Score Summary: Avg: 0.0000, Avg Augmented: 0.0000
[2026-01-20 00:06:25,778][EasyNCO.phases.rl.ar_reinforce][INFO] - ============================================================================
[2026-01-20 00:06:34,338][EasyNCO.phases.rl.ar_reinforce][INFO] - Eval ==>  49/100(49.00%)  Time Est.: Elapsed[7.00m], Remain[7.28m]
[2026-01-20 00:06:34,338][EasyNCO.phases.rl.ar_reinforce][INFO] - Eval ==> Problem[tsp], Size[1000], Completed  49/100(49.00%), Score: 17.7927, Augmented Score: 17.7927
[2026-01-20 00:06:34,338][EasyNCO.phases.rl.ar_reinforce][INFO] - Eval ==> Score Summary: Avg: 0.0000, Avg Augmented: 0.0000
[2026-01-20 00:06:34,338][EasyNCO.phases.rl.ar_reinforce][INFO] - ============================================================================
[2026-01-20 00:06:42,897][EasyNCO.phases.rl.ar_reinforce][INFO] - Eval ==>  50/100(50.00%)  Time Est.: Elapsed[7.14m], Remain[7.14m]
[2026-01-20 00:06:42,897][EasyNCO.phases.rl.ar_reinforce][INFO] - Eval ==> Problem[tsp], Size[1000], Completed  50/100(50.00%), Score: 15.5629, Augmented Score: 15.5629
[2026-01-20 00:06:42,897][EasyNCO.phases.rl.ar_reinforce][INFO] - Eval ==> Score Summary: Avg: 0.0000, Avg Augmented: 0.0000
[2026-01-20 00:06:42,897][EasyNCO.phases.rl.ar_reinforce][INFO] - ============================================================================
[2026-01-20 00:06:51,456][EasyNCO.phases.rl.ar_reinforce][INFO] - Eval ==>  51/100(51.00%)  Time Est.: Elapsed[7.28m], Remain[7.00m]
[2026-01-20 00:06:51,456][EasyNCO.phases.rl.ar_reinforce][INFO] - Eval ==> Problem[tsp], Size[1000], Completed  51/100(51.00%), Score: 17.0753, Augmented Score: 17.0753
[2026-01-20 00:06:51,456][EasyNCO.phases.rl.ar_reinforce][INFO] - Eval ==> Score Summary: Avg: 0.0000, Avg Augmented: 0.0000
[2026-01-20 00:06:51,456][EasyNCO.phases.rl.ar_reinforce][INFO] - ============================================================================
[2026-01-20 00:07:00,015][EasyNCO.phases.rl.ar_reinforce][INFO] - Eval ==>  52/100(52.00%)  Time Est.: Elapsed[7.43m], Remain[6.85m]
[2026-01-20 00:07:00,015][EasyNCO.phases.rl.ar_reinforce][INFO] - Eval ==> Problem[tsp], Size[1000], Completed  52/100(52.00%), Score: 16.0124, Augmented Score: 16.0124
[2026-01-20 00:07:00,015][EasyNCO.phases.rl.ar_reinforce][INFO] - Eval ==> Score Summary: Avg: 0.0000, Avg Augmented: 0.0000
[2026-01-20 00:07:00,015][EasyNCO.phases.rl.ar_reinforce][INFO] - ============================================================================
[2026-01-20 00:07:08,580][EasyNCO.phases.rl.ar_reinforce][INFO] - Eval ==>  53/100(53.00%)  Time Est.: Elapsed[7.57m], Remain[6.71m]
[2026-01-20 00:07:08,580][EasyNCO.phases.rl.ar_reinforce][INFO] - Eval ==> Problem[tsp], Size[1000], Completed  53/100(53.00%), Score: 15.6447, Augmented Score: 15.6447
[2026-01-20 00:07:08,580][EasyNCO.phases.rl.ar_reinforce][INFO] - Eval ==> Score Summary: Avg: 0.0000, Avg Augmented: 0.0000
[2026-01-20 00:07:08,580][EasyNCO.phases.rl.ar_reinforce][INFO] - ============================================================================
[2026-01-20 00:07:17,146][EasyNCO.phases.rl.ar_reinforce][INFO] - Eval ==>  54/100(54.00%)  Time Est.: Elapsed[7.71m], Remain[6.57m]
[2026-01-20 00:07:17,146][EasyNCO.phases.rl.ar_reinforce][INFO] - Eval ==> Problem[tsp], Size[1000], Completed  54/100(54.00%), Score: 16.2348, Augmented Score: 16.2348
[2026-01-20 00:07:17,146][EasyNCO.phases.rl.ar_reinforce][INFO] - Eval ==> Score Summary: Avg: 0.0000, Avg Augmented: 0.0000
[2026-01-20 00:07:17,146][EasyNCO.phases.rl.ar_reinforce][INFO] - ============================================================================
[2026-01-20 00:07:25,715][EasyNCO.phases.rl.ar_reinforce][INFO] - Eval ==>  55/100(55.00%)  Time Est.: Elapsed[7.85m], Remain[6.43m]
[2026-01-20 00:07:25,715][EasyNCO.phases.rl.ar_reinforce][INFO] - Eval ==> Problem[tsp], Size[1000], Completed  55/100(55.00%), Score: 15.8500, Augmented Score: 15.8500
[2026-01-20 00:07:25,715][EasyNCO.phases.rl.ar_reinforce][INFO] - Eval ==> Score Summary: Avg: 0.0000, Avg Augmented: 0.0000
[2026-01-20 00:07:25,715][EasyNCO.phases.rl.ar_reinforce][INFO] - ============================================================================
[2026-01-20 00:07:34,278][EasyNCO.phases.rl.ar_reinforce][INFO] - Eval ==>  56/100(56.00%)  Time Est.: Elapsed[8.00m], Remain[6.28m]
[2026-01-20 00:07:34,278][EasyNCO.phases.rl.ar_reinforce][INFO] - Eval ==> Problem[tsp], Size[1000], Completed  56/100(56.00%), Score: 15.7696, Augmented Score: 15.7696
[2026-01-20 00:07:34,278][EasyNCO.phases.rl.ar_reinforce][INFO] - Eval ==> Score Summary: Avg: 0.0000, Avg Augmented: 0.0000
[2026-01-20 00:07:34,278][EasyNCO.phases.rl.ar_reinforce][INFO] - ============================================================================
[2026-01-20 00:07:42,840][EasyNCO.phases.rl.ar_reinforce][INFO] - Eval ==>  57/100(57.00%)  Time Est.: Elapsed[8.14m], Remain[6.14m]
[2026-01-20 00:07:42,841][EasyNCO.phases.rl.ar_reinforce][INFO] - Eval ==> Problem[tsp], Size[1000], Completed  57/100(57.00%), Score: 16.0154, Augmented Score: 16.0154
[2026-01-20 00:07:42,841][EasyNCO.phases.rl.ar_reinforce][INFO] - Eval ==> Score Summary: Avg: 0.0000, Avg Augmented: 0.0000
[2026-01-20 00:07:42,841][EasyNCO.phases.rl.ar_reinforce][INFO] - ============================================================================
[2026-01-20 00:07:51,402][EasyNCO.phases.rl.ar_reinforce][INFO] - Eval ==>  58/100(58.00%)  Time Est.: Elapsed[8.28m], Remain[6.00m]
[2026-01-20 00:07:51,402][EasyNCO.phases.rl.ar_reinforce][INFO] - Eval ==> Problem[tsp], Size[1000], Completed  58/100(58.00%), Score: 17.6754, Augmented Score: 17.6754
[2026-01-20 00:07:51,402][EasyNCO.phases.rl.ar_reinforce][INFO] - Eval ==> Score Summary: Avg: 0.0000, Avg Augmented: 0.0000
[2026-01-20 00:07:51,402][EasyNCO.phases.rl.ar_reinforce][INFO] - ============================================================================
[2026-01-20 00:07:59,964][EasyNCO.phases.rl.ar_reinforce][INFO] - Eval ==>  59/100(59.00%)  Time Est.: Elapsed[8.43m], Remain[5.85m]
[2026-01-20 00:07:59,964][EasyNCO.phases.rl.ar_reinforce][INFO] - Eval ==> Problem[tsp], Size[1000], Completed  59/100(59.00%), Score: 15.5774, Augmented Score: 15.5774
[2026-01-20 00:07:59,964][EasyNCO.phases.rl.ar_reinforce][INFO] - Eval ==> Score Summary: Avg: 0.0000, Avg Augmented: 0.0000
[2026-01-20 00:07:59,964][EasyNCO.phases.rl.ar_reinforce][INFO] - ============================================================================
[2026-01-20 00:08:08,525][EasyNCO.phases.rl.ar_reinforce][INFO] - Eval ==>  60/100(60.00%)  Time Est.: Elapsed[8.57m], Remain[5.71m]
[2026-01-20 00:08:08,525][EasyNCO.phases.rl.ar_reinforce][INFO] - Eval ==> Problem[tsp], Size[1000], Completed  60/100(60.00%), Score: 17.3996, Augmented Score: 17.3996
[2026-01-20 00:08:08,525][EasyNCO.phases.rl.ar_reinforce][INFO] - Eval ==> Score Summary: Avg: 0.0000, Avg Augmented: 0.0000
[2026-01-20 00:08:08,525][EasyNCO.phases.rl.ar_reinforce][INFO] - ============================================================================
[2026-01-20 00:08:17,088][EasyNCO.phases.rl.ar_reinforce][INFO] - Eval ==>  61/100(61.00%)  Time Est.: Elapsed[8.71m], Remain[5.57m]
[2026-01-20 00:08:17,088][EasyNCO.phases.rl.ar_reinforce][INFO] - Eval ==> Problem[tsp], Size[1000], Completed  61/100(61.00%), Score: 18.6738, Augmented Score: 18.6738
[2026-01-20 00:08:17,088][EasyNCO.phases.rl.ar_reinforce][INFO] - Eval ==> Score Summary: Avg: 0.0000, Avg Augmented: 0.0000
[2026-01-20 00:08:17,088][EasyNCO.phases.rl.ar_reinforce][INFO] - ============================================================================
[2026-01-20 00:08:25,648][EasyNCO.phases.rl.ar_reinforce][INFO] - Eval ==>  62/100(62.00%)  Time Est.: Elapsed[8.85m], Remain[5.43m]
[2026-01-20 00:08:25,648][EasyNCO.phases.rl.ar_reinforce][INFO] - Eval ==> Problem[tsp], Size[1000], Completed  62/100(62.00%), Score: 17.3495, Augmented Score: 17.3495
[2026-01-20 00:08:25,648][EasyNCO.phases.rl.ar_reinforce][INFO] - Eval ==> Score Summary: Avg: 0.0000, Avg Augmented: 0.0000
[2026-01-20 00:08:25,648][EasyNCO.phases.rl.ar_reinforce][INFO] - ============================================================================
[2026-01-20 00:08:34,212][EasyNCO.phases.rl.ar_reinforce][INFO] - Eval ==>  63/100(63.00%)  Time Est.: Elapsed[9.00m], Remain[5.28m]
[2026-01-20 00:08:34,212][EasyNCO.phases.rl.ar_reinforce][INFO] - Eval ==> Problem[tsp], Size[1000], Completed  63/100(63.00%), Score: 15.0694, Augmented Score: 15.0694
[2026-01-20 00:08:34,212][EasyNCO.phases.rl.ar_reinforce][INFO] - Eval ==> Score Summary: Avg: 0.0000, Avg Augmented: 0.0000
[2026-01-20 00:08:34,212][EasyNCO.phases.rl.ar_reinforce][INFO] - ============================================================================
[2026-01-20 00:08:42,771][EasyNCO.phases.rl.ar_reinforce][INFO] - Eval ==>  64/100(64.00%)  Time Est.: Elapsed[9.14m], Remain[5.14m]
[2026-01-20 00:08:42,771][EasyNCO.phases.rl.ar_reinforce][INFO] - Eval ==> Problem[tsp], Size[1000], Completed  64/100(64.00%), Score: 17.2022, Augmented Score: 17.2022
[2026-01-20 00:08:42,771][EasyNCO.phases.rl.ar_reinforce][INFO] - Eval ==> Score Summary: Avg: 0.0000, Avg Augmented: 0.0000
[2026-01-20 00:08:42,771][EasyNCO.phases.rl.ar_reinforce][INFO] - ============================================================================
[2026-01-20 00:08:51,333][EasyNCO.phases.rl.ar_reinforce][INFO] - Eval ==>  65/100(65.00%)  Time Est.: Elapsed[9.28m], Remain[5.00m]
[2026-01-20 00:08:51,333][EasyNCO.phases.rl.ar_reinforce][INFO] - Eval ==> Problem[tsp], Size[1000], Completed  65/100(65.00%), Score: 16.0132, Augmented Score: 16.0132
[2026-01-20 00:08:51,333][EasyNCO.phases.rl.ar_reinforce][INFO] - Eval ==> Score Summary: Avg: 0.0000, Avg Augmented: 0.0000
[2026-01-20 00:08:51,333][EasyNCO.phases.rl.ar_reinforce][INFO] - ============================================================================
[2026-01-20 00:08:59,895][EasyNCO.phases.rl.ar_reinforce][INFO] - Eval ==>  66/100(66.00%)  Time Est.: Elapsed[9.42m], Remain[4.85m]
[2026-01-20 00:08:59,895][EasyNCO.phases.rl.ar_reinforce][INFO] - Eval ==> Problem[tsp], Size[1000], Completed  66/100(66.00%), Score: 17.5388, Augmented Score: 17.5388
[2026-01-20 00:08:59,895][EasyNCO.phases.rl.ar_reinforce][INFO] - Eval ==> Score Summary: Avg: 0.0000, Avg Augmented: 0.0000
[2026-01-20 00:08:59,895][EasyNCO.phases.rl.ar_reinforce][INFO] - ============================================================================
[2026-01-20 00:09:08,460][EasyNCO.phases.rl.ar_reinforce][INFO] - Eval ==>  67/100(67.00%)  Time Est.: Elapsed[9.57m], Remain[4.71m]
[2026-01-20 00:09:08,460][EasyNCO.phases.rl.ar_reinforce][INFO] - Eval ==> Problem[tsp], Size[1000], Completed  67/100(67.00%), Score: 15.7572, Augmented Score: 15.7572
[2026-01-20 00:09:08,460][EasyNCO.phases.rl.ar_reinforce][INFO] - Eval ==> Score Summary: Avg: 0.0000, Avg Augmented: 0.0000
[2026-01-20 00:09:08,460][EasyNCO.phases.rl.ar_reinforce][INFO] - ============================================================================
[2026-01-20 00:09:17,026][EasyNCO.phases.rl.ar_reinforce][INFO] - Eval ==>  68/100(68.00%)  Time Est.: Elapsed[9.71m], Remain[4.57m]
[2026-01-20 00:09:17,026][EasyNCO.phases.rl.ar_reinforce][INFO] - Eval ==> Problem[tsp], Size[1000], Completed  68/100(68.00%), Score: 16.2716, Augmented Score: 16.2716
[2026-01-20 00:09:17,026][EasyNCO.phases.rl.ar_reinforce][INFO] - Eval ==> Score Summary: Avg: 0.0000, Avg Augmented: 0.0000
[2026-01-20 00:09:17,026][EasyNCO.phases.rl.ar_reinforce][INFO] - ============================================================================
[2026-01-20 00:09:25,593][EasyNCO.phases.rl.ar_reinforce][INFO] - Eval ==>  69/100(69.00%)  Time Est.: Elapsed[9.85m], Remain[4.43m]
[2026-01-20 00:09:25,593][EasyNCO.phases.rl.ar_reinforce][INFO] - Eval ==> Problem[tsp], Size[1000], Completed  69/100(69.00%), Score: 15.4136, Augmented Score: 15.4136
[2026-01-20 00:09:25,593][EasyNCO.phases.rl.ar_reinforce][INFO] - Eval ==> Score Summary: Avg: 0.0000, Avg Augmented: 0.0000
[2026-01-20 00:09:25,593][EasyNCO.phases.rl.ar_reinforce][INFO] - ============================================================================
[2026-01-20 00:09:34,156][EasyNCO.phases.rl.ar_reinforce][INFO] - Eval ==>  70/100(70.00%)  Time Est.: Elapsed[10.00m], Remain[4.28m]
[2026-01-20 00:09:34,156][EasyNCO.phases.rl.ar_reinforce][INFO] - Eval ==> Problem[tsp], Size[1000], Completed  70/100(70.00%), Score: 16.0733, Augmented Score: 16.0733
[2026-01-20 00:09:34,156][EasyNCO.phases.rl.ar_reinforce][INFO] - Eval ==> Score Summary: Avg: 0.0000, Avg Augmented: 0.0000
[2026-01-20 00:09:34,156][EasyNCO.phases.rl.ar_reinforce][INFO] - ============================================================================
[2026-01-20 00:09:42,720][EasyNCO.phases.rl.ar_reinforce][INFO] - Eval ==>  71/100(71.00%)  Time Est.: Elapsed[10.14m], Remain[4.14m]
[2026-01-20 00:09:42,720][EasyNCO.phases.rl.ar_reinforce][INFO] - Eval ==> Problem[tsp], Size[1000], Completed  71/100(71.00%), Score: 15.4190, Augmented Score: 15.4190
[2026-01-20 00:09:42,720][EasyNCO.phases.rl.ar_reinforce][INFO] - Eval ==> Score Summary: Avg: 0.0000, Avg Augmented: 0.0000
[2026-01-20 00:09:42,721][EasyNCO.phases.rl.ar_reinforce][INFO] - ============================================================================
[2026-01-20 00:09:51,280][EasyNCO.phases.rl.ar_reinforce][INFO] - Eval ==>  72/100(72.00%)  Time Est.: Elapsed[10.28m], Remain[4.00m]
[2026-01-20 00:09:51,280][EasyNCO.phases.rl.ar_reinforce][INFO] - Eval ==> Problem[tsp], Size[1000], Completed  72/100(72.00%), Score: 18.1111, Augmented Score: 18.1111
[2026-01-20 00:09:51,280][EasyNCO.phases.rl.ar_reinforce][INFO] - Eval ==> Score Summary: Avg: 0.0000, Avg Augmented: 0.0000
[2026-01-20 00:09:51,280][EasyNCO.phases.rl.ar_reinforce][INFO] - ============================================================================
[2026-01-20 00:09:59,846][EasyNCO.phases.rl.ar_reinforce][INFO] - Eval ==>  73/100(73.00%)  Time Est.: Elapsed[10.42m], Remain[3.86m]
[2026-01-20 00:09:59,846][EasyNCO.phases.rl.ar_reinforce][INFO] - Eval ==> Problem[tsp], Size[1000], Completed  73/100(73.00%), Score: 16.3230, Augmented Score: 16.3230
[2026-01-20 00:09:59,847][EasyNCO.phases.rl.ar_reinforce][INFO] - Eval ==> Score Summary: Avg: 0.0000, Avg Augmented: 0.0000
[2026-01-20 00:09:59,847][EasyNCO.phases.rl.ar_reinforce][INFO] - ============================================================================
[2026-01-20 00:10:08,413][EasyNCO.phases.rl.ar_reinforce][INFO] - Eval ==>  74/100(74.00%)  Time Est.: Elapsed[10.57m], Remain[3.71m]
[2026-01-20 00:10:08,413][EasyNCO.phases.rl.ar_reinforce][INFO] - Eval ==> Problem[tsp], Size[1000], Completed  74/100(74.00%), Score: 16.4708, Augmented Score: 16.4708
[2026-01-20 00:10:08,414][EasyNCO.phases.rl.ar_reinforce][INFO] - Eval ==> Score Summary: Avg: 0.0000, Avg Augmented: 0.0000
[2026-01-20 00:10:08,414][EasyNCO.phases.rl.ar_reinforce][INFO] - ============================================================================
[2026-01-20 00:10:16,980][EasyNCO.phases.rl.ar_reinforce][INFO] - Eval ==>  75/100(75.00%)  Time Est.: Elapsed[10.71m], Remain[3.57m]
[2026-01-20 00:10:16,981][EasyNCO.phases.rl.ar_reinforce][INFO] - Eval ==> Problem[tsp], Size[1000], Completed  75/100(75.00%), Score: 16.9930, Augmented Score: 16.9930
[2026-01-20 00:10:16,981][EasyNCO.phases.rl.ar_reinforce][INFO] - Eval ==> Score Summary: Avg: 0.0000, Avg Augmented: 0.0000
[2026-01-20 00:10:16,981][EasyNCO.phases.rl.ar_reinforce][INFO] - ============================================================================
[2026-01-20 00:10:25,546][EasyNCO.phases.rl.ar_reinforce][INFO] - Eval ==>  76/100(76.00%)  Time Est.: Elapsed[10.85m], Remain[3.43m]
[2026-01-20 00:10:25,547][EasyNCO.phases.rl.ar_reinforce][INFO] - Eval ==> Problem[tsp], Size[1000], Completed  76/100(76.00%), Score: 17.7284, Augmented Score: 17.7284
[2026-01-20 00:10:25,547][EasyNCO.phases.rl.ar_reinforce][INFO] - Eval ==> Score Summary: Avg: 0.0000, Avg Augmented: 0.0000
[2026-01-20 00:10:25,547][EasyNCO.phases.rl.ar_reinforce][INFO] - ============================================================================
[2026-01-20 00:10:34,111][EasyNCO.phases.rl.ar_reinforce][INFO] - Eval ==>  77/100(77.00%)  Time Est.: Elapsed[10.99m], Remain[3.28m]
[2026-01-20 00:10:34,111][EasyNCO.phases.rl.ar_reinforce][INFO] - Eval ==> Problem[tsp], Size[1000], Completed  77/100(77.00%), Score: 17.1606, Augmented Score: 17.1606
[2026-01-20 00:10:34,111][EasyNCO.phases.rl.ar_reinforce][INFO] - Eval ==> Score Summary: Avg: 0.0000, Avg Augmented: 0.0000
[2026-01-20 00:10:34,111][EasyNCO.phases.rl.ar_reinforce][INFO] - ============================================================================
[2026-01-20 00:10:42,677][EasyNCO.phases.rl.ar_reinforce][INFO] - Eval ==>  78/100(78.00%)  Time Est.: Elapsed[11.14m], Remain[3.14m]
[2026-01-20 00:10:42,677][EasyNCO.phases.rl.ar_reinforce][INFO] - Eval ==> Problem[tsp], Size[1000], Completed  78/100(78.00%), Score: 16.9830, Augmented Score: 16.9830
[2026-01-20 00:10:42,677][EasyNCO.phases.rl.ar_reinforce][INFO] - Eval ==> Score Summary: Avg: 0.0000, Avg Augmented: 0.0000
[2026-01-20 00:10:42,677][EasyNCO.phases.rl.ar_reinforce][INFO] - ============================================================================
[2026-01-20 00:10:51,241][EasyNCO.phases.rl.ar_reinforce][INFO] - Eval ==>  79/100(79.00%)  Time Est.: Elapsed[11.28m], Remain[3.00m]
[2026-01-20 00:10:51,241][EasyNCO.phases.rl.ar_reinforce][INFO] - Eval ==> Problem[tsp], Size[1000], Completed  79/100(79.00%), Score: 16.5901, Augmented Score: 16.5901
[2026-01-20 00:10:51,241][EasyNCO.phases.rl.ar_reinforce][INFO] - Eval ==> Score Summary: Avg: 0.0000, Avg Augmented: 0.0000
[2026-01-20 00:10:51,241][EasyNCO.phases.rl.ar_reinforce][INFO] - ============================================================================
[2026-01-20 00:10:59,804][EasyNCO.phases.rl.ar_reinforce][INFO] - Eval ==>  80/100(80.00%)  Time Est.: Elapsed[11.42m], Remain[2.86m]
[2026-01-20 00:10:59,804][EasyNCO.phases.rl.ar_reinforce][INFO] - Eval ==> Problem[tsp], Size[1000], Completed  80/100(80.00%), Score: 14.9150, Augmented Score: 14.9150
[2026-01-20 00:10:59,804][EasyNCO.phases.rl.ar_reinforce][INFO] - Eval ==> Score Summary: Avg: 0.0000, Avg Augmented: 0.0000
[2026-01-20 00:10:59,804][EasyNCO.phases.rl.ar_reinforce][INFO] - ============================================================================
[2026-01-20 00:11:08,368][EasyNCO.phases.rl.ar_reinforce][INFO] - Eval ==>  81/100(81.00%)  Time Est.: Elapsed[11.57m], Remain[2.71m]
[2026-01-20 00:11:08,368][EasyNCO.phases.rl.ar_reinforce][INFO] - Eval ==> Problem[tsp], Size[1000], Completed  81/100(81.00%), Score: 16.5091, Augmented Score: 16.5091
[2026-01-20 00:11:08,368][EasyNCO.phases.rl.ar_reinforce][INFO] - Eval ==> Score Summary: Avg: 0.0000, Avg Augmented: 0.0000
[2026-01-20 00:11:08,368][EasyNCO.phases.rl.ar_reinforce][INFO] - ============================================================================
[2026-01-20 00:11:16,936][EasyNCO.phases.rl.ar_reinforce][INFO] - Eval ==>  82/100(82.00%)  Time Est.: Elapsed[11.71m], Remain[2.57m]
[2026-01-20 00:11:16,936][EasyNCO.phases.rl.ar_reinforce][INFO] - Eval ==> Problem[tsp], Size[1000], Completed  82/100(82.00%), Score: 16.6633, Augmented Score: 16.6633
[2026-01-20 00:11:16,936][EasyNCO.phases.rl.ar_reinforce][INFO] - Eval ==> Score Summary: Avg: 0.0000, Avg Augmented: 0.0000
[2026-01-20 00:11:16,936][EasyNCO.phases.rl.ar_reinforce][INFO] - ============================================================================
[2026-01-20 00:11:25,506][EasyNCO.phases.rl.ar_reinforce][INFO] - Eval ==>  83/100(83.00%)  Time Est.: Elapsed[11.85m], Remain[2.43m]
[2026-01-20 00:11:25,506][EasyNCO.phases.rl.ar_reinforce][INFO] - Eval ==> Problem[tsp], Size[1000], Completed  83/100(83.00%), Score: 17.6409, Augmented Score: 17.6409
[2026-01-20 00:11:25,506][EasyNCO.phases.rl.ar_reinforce][INFO] - Eval ==> Score Summary: Avg: 0.0000, Avg Augmented: 0.0000
[2026-01-20 00:11:25,506][EasyNCO.phases.rl.ar_reinforce][INFO] - ============================================================================
[2026-01-20 00:11:34,072][EasyNCO.phases.rl.ar_reinforce][INFO] - Eval ==>  84/100(84.00%)  Time Est.: Elapsed[11.99m], Remain[2.28m]
[2026-01-20 00:11:34,072][EasyNCO.phases.rl.ar_reinforce][INFO] - Eval ==> Problem[tsp], Size[1000], Completed  84/100(84.00%), Score: 15.8471, Augmented Score: 15.8471
[2026-01-20 00:11:34,072][EasyNCO.phases.rl.ar_reinforce][INFO] - Eval ==> Score Summary: Avg: 0.0000, Avg Augmented: 0.0000
[2026-01-20 00:11:34,072][EasyNCO.phases.rl.ar_reinforce][INFO] - ============================================================================
[2026-01-20 00:11:42,640][EasyNCO.phases.rl.ar_reinforce][INFO] - Eval ==>  85/100(85.00%)  Time Est.: Elapsed[12.14m], Remain[2.14m]
[2026-01-20 00:11:42,640][EasyNCO.phases.rl.ar_reinforce][INFO] - Eval ==> Problem[tsp], Size[1000], Completed  85/100(85.00%), Score: 16.4848, Augmented Score: 16.4848
[2026-01-20 00:11:42,640][EasyNCO.phases.rl.ar_reinforce][INFO] - Eval ==> Score Summary: Avg: 0.0000, Avg Augmented: 0.0000
[2026-01-20 00:11:42,640][EasyNCO.phases.rl.ar_reinforce][INFO] - ============================================================================
[2026-01-20 00:11:51,208][EasyNCO.phases.rl.ar_reinforce][INFO] - Eval ==>  86/100(86.00%)  Time Est.: Elapsed[12.28m], Remain[2.00m]
[2026-01-20 00:11:51,208][EasyNCO.phases.rl.ar_reinforce][INFO] - Eval ==> Problem[tsp], Size[1000], Completed  86/100(86.00%), Score: 16.0472, Augmented Score: 16.0472
[2026-01-20 00:11:51,208][EasyNCO.phases.rl.ar_reinforce][INFO] - Eval ==> Score Summary: Avg: 0.0000, Avg Augmented: 0.0000
[2026-01-20 00:11:51,208][EasyNCO.phases.rl.ar_reinforce][INFO] - ============================================================================
[2026-01-20 00:11:59,772][EasyNCO.phases.rl.ar_reinforce][INFO] - Eval ==>  87/100(87.00%)  Time Est.: Elapsed[12.42m], Remain[1.86m]
[2026-01-20 00:11:59,772][EasyNCO.phases.rl.ar_reinforce][INFO] - Eval ==> Problem[tsp], Size[1000], Completed  87/100(87.00%), Score: 13.6530, Augmented Score: 13.6530
[2026-01-20 00:11:59,772][EasyNCO.phases.rl.ar_reinforce][INFO] - Eval ==> Score Summary: Avg: 0.0000, Avg Augmented: 0.0000
[2026-01-20 00:11:59,772][EasyNCO.phases.rl.ar_reinforce][INFO] - ============================================================================
[2026-01-20 00:12:08,333][EasyNCO.phases.rl.ar_reinforce][INFO] - Eval ==>  88/100(88.00%)  Time Est.: Elapsed[12.56m], Remain[1.71m]
[2026-01-20 00:12:08,333][EasyNCO.phases.rl.ar_reinforce][INFO] - Eval ==> Problem[tsp], Size[1000], Completed  88/100(88.00%), Score: 16.0566, Augmented Score: 16.0566
[2026-01-20 00:12:08,333][EasyNCO.phases.rl.ar_reinforce][INFO] - Eval ==> Score Summary: Avg: 0.0000, Avg Augmented: 0.0000
[2026-01-20 00:12:08,333][EasyNCO.phases.rl.ar_reinforce][INFO] - ============================================================================
[2026-01-20 00:12:16,899][EasyNCO.phases.rl.ar_reinforce][INFO] - Eval ==>  89/100(89.00%)  Time Est.: Elapsed[12.71m], Remain[1.57m]
[2026-01-20 00:12:16,899][EasyNCO.phases.rl.ar_reinforce][INFO] - Eval ==> Problem[tsp], Size[1000], Completed  89/100(89.00%), Score: 14.8308, Augmented Score: 14.8308
[2026-01-20 00:12:16,899][EasyNCO.phases.rl.ar_reinforce][INFO] - Eval ==> Score Summary: Avg: 0.0000, Avg Augmented: 0.0000
[2026-01-20 00:12:16,899][EasyNCO.phases.rl.ar_reinforce][INFO] - ============================================================================
[2026-01-20 00:12:25,464][EasyNCO.phases.rl.ar_reinforce][INFO] - Eval ==>  90/100(90.00%)  Time Est.: Elapsed[12.85m], Remain[1.43m]
[2026-01-20 00:12:25,464][EasyNCO.phases.rl.ar_reinforce][INFO] - Eval ==> Problem[tsp], Size[1000], Completed  90/100(90.00%), Score: 16.7586, Augmented Score: 16.7586
[2026-01-20 00:12:25,464][EasyNCO.phases.rl.ar_reinforce][INFO] - Eval ==> Score Summary: Avg: 0.0000, Avg Augmented: 0.0000
[2026-01-20 00:12:25,464][EasyNCO.phases.rl.ar_reinforce][INFO] - ============================================================================
[2026-01-20 00:12:34,026][EasyNCO.phases.rl.ar_reinforce][INFO] - Eval ==>  91/100(91.00%)  Time Est.: Elapsed[12.99m], Remain[1.29m]
[2026-01-20 00:12:34,026][EasyNCO.phases.rl.ar_reinforce][INFO] - Eval ==> Problem[tsp], Size[1000], Completed  91/100(91.00%), Score: 17.7029, Augmented Score: 17.7029
[2026-01-20 00:12:34,026][EasyNCO.phases.rl.ar_reinforce][INFO] - Eval ==> Score Summary: Avg: 0.0000, Avg Augmented: 0.0000
[2026-01-20 00:12:34,026][EasyNCO.phases.rl.ar_reinforce][INFO] - ============================================================================
[2026-01-20 00:12:42,589][EasyNCO.phases.rl.ar_reinforce][INFO] - Eval ==>  92/100(92.00%)  Time Est.: Elapsed[13.14m], Remain[1.14m]
[2026-01-20 00:12:42,590][EasyNCO.phases.rl.ar_reinforce][INFO] - Eval ==> Problem[tsp], Size[1000], Completed  92/100(92.00%), Score: 17.1678, Augmented Score: 17.1678
[2026-01-20 00:12:42,590][EasyNCO.phases.rl.ar_reinforce][INFO] - Eval ==> Score Summary: Avg: 0.0000, Avg Augmented: 0.0000
[2026-01-20 00:12:42,590][EasyNCO.phases.rl.ar_reinforce][INFO] - ============================================================================
[2026-01-20 00:12:51,153][EasyNCO.phases.rl.ar_reinforce][INFO] - Eval ==>  93/100(93.00%)  Time Est.: Elapsed[13.28m], Remain[1.00m]
[2026-01-20 00:12:51,153][EasyNCO.phases.rl.ar_reinforce][INFO] - Eval ==> Problem[tsp], Size[1000], Completed  93/100(93.00%), Score: 15.9371, Augmented Score: 15.9371
[2026-01-20 00:12:51,153][EasyNCO.phases.rl.ar_reinforce][INFO] - Eval ==> Score Summary: Avg: 0.0000, Avg Augmented: 0.0000
[2026-01-20 00:12:51,153][EasyNCO.phases.rl.ar_reinforce][INFO] - ============================================================================
[2026-01-20 00:12:59,712][EasyNCO.phases.rl.ar_reinforce][INFO] - Eval ==>  94/100(94.00%)  Time Est.: Elapsed[13.42m], Remain[0.86m]
[2026-01-20 00:12:59,712][EasyNCO.phases.rl.ar_reinforce][INFO] - Eval ==> Problem[tsp], Size[1000], Completed  94/100(94.00%), Score: 16.0400, Augmented Score: 16.0400
[2026-01-20 00:12:59,712][EasyNCO.phases.rl.ar_reinforce][INFO] - Eval ==> Score Summary: Avg: 0.0000, Avg Augmented: 0.0000
[2026-01-20 00:12:59,712][EasyNCO.phases.rl.ar_reinforce][INFO] - ============================================================================
[2026-01-20 00:13:08,278][EasyNCO.phases.rl.ar_reinforce][INFO] - Eval ==>  95/100(95.00%)  Time Est.: Elapsed[13.56m], Remain[0.71m]
[2026-01-20 00:13:08,279][EasyNCO.phases.rl.ar_reinforce][INFO] - Eval ==> Problem[tsp], Size[1000], Completed  95/100(95.00%), Score: 15.0783, Augmented Score: 15.0783
[2026-01-20 00:13:08,279][EasyNCO.phases.rl.ar_reinforce][INFO] - Eval ==> Score Summary: Avg: 0.0000, Avg Augmented: 0.0000
[2026-01-20 00:13:08,279][EasyNCO.phases.rl.ar_reinforce][INFO] - ============================================================================
[2026-01-20 00:13:16,843][EasyNCO.phases.rl.ar_reinforce][INFO] - Eval ==>  96/100(96.00%)  Time Est.: Elapsed[13.71m], Remain[0.57m]
[2026-01-20 00:13:16,844][EasyNCO.phases.rl.ar_reinforce][INFO] - Eval ==> Problem[tsp], Size[1000], Completed  96/100(96.00%), Score: 16.0016, Augmented Score: 16.0016
[2026-01-20 00:13:16,844][EasyNCO.phases.rl.ar_reinforce][INFO] - Eval ==> Score Summary: Avg: 0.0000, Avg Augmented: 0.0000
[2026-01-20 00:13:16,844][EasyNCO.phases.rl.ar_reinforce][INFO] - ============================================================================
[2026-01-20 00:13:25,408][EasyNCO.phases.rl.ar_reinforce][INFO] - Eval ==>  97/100(97.00%)  Time Est.: Elapsed[13.85m], Remain[0.43m]
[2026-01-20 00:13:25,408][EasyNCO.phases.rl.ar_reinforce][INFO] - Eval ==> Problem[tsp], Size[1000], Completed  97/100(97.00%), Score: 17.4659, Augmented Score: 17.4659
[2026-01-20 00:13:25,408][EasyNCO.phases.rl.ar_reinforce][INFO] - Eval ==> Score Summary: Avg: 0.0000, Avg Augmented: 0.0000
[2026-01-20 00:13:25,408][EasyNCO.phases.rl.ar_reinforce][INFO] - ============================================================================
[2026-01-20 00:13:33,972][EasyNCO.phases.rl.ar_reinforce][INFO] - Eval ==>  98/100(98.00%)  Time Est.: Elapsed[13.99m], Remain[0.29m]
[2026-01-20 00:13:33,972][EasyNCO.phases.rl.ar_reinforce][INFO] - Eval ==> Problem[tsp], Size[1000], Completed  98/100(98.00%), Score: 15.1536, Augmented Score: 15.1536
[2026-01-20 00:13:33,972][EasyNCO.phases.rl.ar_reinforce][INFO] - Eval ==> Score Summary: Avg: 0.0000, Avg Augmented: 0.0000
[2026-01-20 00:13:33,972][EasyNCO.phases.rl.ar_reinforce][INFO] - ============================================================================
[2026-01-20 00:13:42,540][EasyNCO.phases.rl.ar_reinforce][INFO] - Eval ==>  99/100(99.00%)  Time Est.: Elapsed[14.13m], Remain[0.14m]
[2026-01-20 00:13:42,540][EasyNCO.phases.rl.ar_reinforce][INFO] - Eval ==> Problem[tsp], Size[1000], Completed  99/100(99.00%), Score: 16.2383, Augmented Score: 16.2383
[2026-01-20 00:13:42,540][EasyNCO.phases.rl.ar_reinforce][INFO] - Eval ==> Score Summary: Avg: 0.0000, Avg Augmented: 0.0000
[2026-01-20 00:13:42,540][EasyNCO.phases.rl.ar_reinforce][INFO] - ============================================================================
[2026-01-20 00:13:51,103][EasyNCO.phases.rl.ar_reinforce][INFO] - Eval ==> 100/100(100.00%)  Time Est.: Elapsed[14.28m], Remain[0.00m]
[2026-01-20 00:13:51,103][EasyNCO.phases.rl.ar_reinforce][INFO] - Eval ==> Problem[tsp], Size[1000], Completed 100/100(100.00%), Score: 16.0270, Augmented Score: 16.0270
[2026-01-20 00:13:51,104][EasyNCO.phases.rl.ar_reinforce][INFO] - Eval ==> Score Summary: Avg: 0.0000, Avg Augmented: 0.0000
[2026-01-20 00:13:51,104][EasyNCO.phases.rl.ar_reinforce][INFO] - ============================================================================
[2026-01-20 00:13:51,107][EasyNCO.phases.rl.ar_reinforce][INFO] - Total Testing Time: 856.6523 seconds, 14.2775 minutes, 0.2380 hours
[2026-01-20 00:13:51,107][EasyNCO.phases.rl.ar_reinforce][INFO] - Avg Time per Episode: 8.5665 seconds (Episode: 100)
[2026-01-20 00:13:51,107][EasyNCO.phases.rl.ar_reinforce][INFO] - Eval Done ==> Tested 100/100(100.00%)  Time Est.: Elapsed[14.28m], Remain[0.00m]
[2026-01-20 00:13:51,108][EasyNCO.phases.rl.ar_reinforce][INFO] - Eval Done ==> Problem[tsp], Score Summary: Avg: 0.0000, Avg Augmented: 0.0000
────────────────────────────────────────────────────────────────────────────────────────────────────────────────────────
       Test metric             DataLoader 0
────────────────────────────────────────────────────────────────────────────────────────────────────────────────────────
        aug_score           16.394315719604492
      no_aug_score          16.394315719604492
────────────────────────────────────────────────────────────────────────────────────────────────────────────────────────
